Copyright 1986-2022 Xilinx, Inc. All Rights Reserved. Copyright 2022-2024 Advanced Micro Devices, Inc. All Rights Reserved.
------------------------------------------------------------------------------------------------------------------------------------------------------------------------------------------
| Tool Version : Vivado v.2024.2 (win64) Build 5239630 Fri Nov 08 22:35:27 MST 2024
| Date         : Sat Jun  6 11:55:50 2026
| Host         : WIN-20240824NZS running 64-bit major release  (build 9200)
| Command      : report_timing -max_paths 10 -delay_type max -sort_by slack -file E:/HDEC/cva6-vhdc-core/reports/vivado/ooc_hdec_p2_onehot_compare/new_6437a435/125mhz/critical_paths.rpt
| Design       : hdec_top
| Device       : 7z020-clg400
| Speed File   : -2  PRODUCTION 1.12 2019-11-22
| Design State : Synthesized
------------------------------------------------------------------------------------------------------------------------------------------------------------------------------------------

Timing Report

Slack (MET) :             1.359ns  (required time - arrival time)
  Source:                 hsim_total_q_reg[0]/C
                            (rising edge-triggered cell FDCE clocked by clk_i  {rise@0.000ns fall@4.000ns period=8.000ns})
  Destination:            hmatch_best_dist_q_reg[0]/CE
                            (rising edge-triggered cell FDCE clocked by clk_i  {rise@0.000ns fall@4.000ns period=8.000ns})
  Path Group:             clk_i
  Path Type:              Setup (Max at Slow Process Corner)
  Requirement:            8.000ns  (clk_i rise@8.000ns - clk_i rise@0.000ns)
  Data Path Delay:        6.430ns  (logic 3.216ns (50.016%)  route 3.214ns (49.984%))
  Logic Levels:           9  (CARRY4=4 LUT3=2 LUT4=2 LUT5=1)
  Clock Path Skew:        -0.039ns (DCD - SCD + CPR)
    Destination Clock Delay (DCD):    0.748ns = ( 8.748 - 8.000 ) 
    Source Clock Delay      (SCD):    0.787ns
    Clock Pessimism Removal (CPR):    0.000ns
  Clock Uncertainty:      0.035ns  ((TSJ^2 + TIJ^2)^1/2 + DJ) / 2 + PE
    Total System Jitter     (TSJ):    0.071ns
    Total Input Jitter      (TIJ):    0.000ns
    Discrete Jitter          (DJ):    0.000ns
    Phase Error              (PE):    0.000ns

    Location             Delay type                Incr(ns)  Path(ns)    Netlist Resource(s)
  -------------------------------------------------------------------    -------------------
                         (clock clk_i rise edge)      0.000     0.000 r  
                                                      0.000     0.000 r  clk_i (IN)
                         net (fo=2858, unset)         0.787     0.787    clk_i
                         FDCE                                         r  hsim_total_q_reg[0]/C
  -------------------------------------------------------------------    -------------------
                         FDCE (Prop_fdce_C_Q)         0.433     1.220 r  hsim_total_q_reg[0]/Q
                         net (fo=3, unplaced)         0.617     1.837    gen_lane[0].i_p2_lane_slice/hsim_total_q_reg[10]_i_3_0[0]
                         LUT3 (Prop_lut3_I0_O)        0.232     2.069 r  gen_lane[0].i_p2_lane_slice/hsim_total_q[7]_i_21/O
                         net (fo=2, unplaced)         0.548     2.617    gen_lane[0].i_p2_lane_slice/hsim_total_q[7]_i_21_n_0
                         CARRY4 (Prop_carry4_DI[1]_O[3])
                                                      0.519     3.136 r  gen_lane[0].i_p2_lane_slice/hsim_total_q_reg[7]_i_11/O[3]
                         net (fo=2, unplaced)         0.530     3.666    gen_lane[1].i_p2_lane_slice/O[2]
                         LUT3 (Prop_lut3_I2_O)        0.250     3.916 r  gen_lane[1].i_p2_lane_slice/hsim_total_q[7]_i_6/O
                         net (fo=2, unplaced)         0.358     4.274    gen_lane[1].i_p2_lane_slice/hsim_total_q[7]_i_6_n_0
                         LUT4 (Prop_lut4_I3_O)        0.105     4.379 r  gen_lane[1].i_p2_lane_slice/hsim_total_q[7]_i_10/O
                         net (fo=1, unplaced)         0.000     4.379    gen_lane[1].i_p2_lane_slice/hsim_total_q[7]_i_10_n_0
                         CARRY4 (Prop_carry4_S[0]_CO[3])
                                                      0.423     4.802 r  gen_lane[1].i_p2_lane_slice/hsim_total_q_reg[7]_i_2/CO[3]
                         net (fo=1, unplaced)         0.000     4.802    gen_lane[0].i_p2_lane_slice/CO[0]
                         CARRY4 (Prop_carry4_CI_O[1])
                                                      0.269     5.071 f  gen_lane[0].i_p2_lane_slice/hsim_total_q_reg[10]_i_3/O[1]
                         net (fo=4, unplaced)         0.496     5.567    gen_lane[0].i_p2_lane_slice/in150[9]
                         LUT4 (Prop_lut4_I0_O)        0.265     5.832 r  gen_lane[0].i_p2_lane_slice/hmatch_best_dist_q[10]_i_7/O
                         net (fo=1, unplaced)         0.000     5.832    gen_lane[0].i_p2_lane_slice/hmatch_best_dist_q[10]_i_7_n_0
                         CARRY4 (Prop_carry4_DI[0]_CO[1])
                                                      0.443     6.275 r  gen_lane[0].i_p2_lane_slice/hmatch_best_dist_q_reg[10]_i_4/CO[1]
                         net (fo=1, unplaced)         0.240     6.515    gen_lane[0].i_p2_lane_slice/hmatch_best_dist_q_reg[10]_i_4_n_2
                         LUT5 (Prop_lut5_I4_O)        0.277     6.792 r  gen_lane[0].i_p2_lane_slice/hmatch_best_dist_q[10]_i_1/O
                         net (fo=19, unplaced)        0.425     7.217    gen_lane[0].i_p2_lane_slice_n_429
                         FDCE                                         r  hmatch_best_dist_q_reg[0]/CE
  -------------------------------------------------------------------    -------------------

                         (clock clk_i rise edge)      8.000     8.000 r  
                                                      0.000     8.000 r  clk_i (IN)
                         net (fo=2858, unset)         0.748     8.748    clk_i
                         FDCE                                         r  hmatch_best_dist_q_reg[0]/C
                         clock pessimism              0.000     8.748    
                         clock uncertainty           -0.035     8.712    
                         FDCE (Setup_fdce_C_CE)      -0.136     8.576    hmatch_best_dist_q_reg[0]
  -------------------------------------------------------------------
                         required time                          8.576    
                         arrival time                          -7.217    
  -------------------------------------------------------------------
                         slack                                  1.359    

Slack (MET) :             1.359ns  (required time - arrival time)
  Source:                 hsim_total_q_reg[0]/C
                            (rising edge-triggered cell FDCE clocked by clk_i  {rise@0.000ns fall@4.000ns period=8.000ns})
  Destination:            hmatch_best_dist_q_reg[10]/CE
                            (rising edge-triggered cell FDCE clocked by clk_i  {rise@0.000ns fall@4.000ns period=8.000ns})
  Path Group:             clk_i
  Path Type:              Setup (Max at Slow Process Corner)
  Requirement:            8.000ns  (clk_i rise@8.000ns - clk_i rise@0.000ns)
  Data Path Delay:        6.430ns  (logic 3.216ns (50.016%)  route 3.214ns (49.984%))
  Logic Levels:           9  (CARRY4=4 LUT3=2 LUT4=2 LUT5=1)
  Clock Path Skew:        -0.039ns (DCD - SCD + CPR)
    Destination Clock Delay (DCD):    0.748ns = ( 8.748 - 8.000 ) 
    Source Clock Delay      (SCD):    0.787ns
    Clock Pessimism Removal (CPR):    0.000ns
  Clock Uncertainty:      0.035ns  ((TSJ^2 + TIJ^2)^1/2 + DJ) / 2 + PE
    Total System Jitter     (TSJ):    0.071ns
    Total Input Jitter      (TIJ):    0.000ns
    Discrete Jitter          (DJ):    0.000ns
    Phase Error              (PE):    0.000ns

    Location             Delay type                Incr(ns)  Path(ns)    Netlist Resource(s)
  -------------------------------------------------------------------    -------------------
                         (clock clk_i rise edge)      0.000     0.000 r  
                                                      0.000     0.000 r  clk_i (IN)
                         net (fo=2858, unset)         0.787     0.787    clk_i
                         FDCE                                         r  hsim_total_q_reg[0]/C
  -------------------------------------------------------------------    -------------------
                         FDCE (Prop_fdce_C_Q)         0.433     1.220 r  hsim_total_q_reg[0]/Q
                         net (fo=3, unplaced)         0.617     1.837    gen_lane[0].i_p2_lane_slice/hsim_total_q_reg[10]_i_3_0[0]
                         LUT3 (Prop_lut3_I0_O)        0.232     2.069 r  gen_lane[0].i_p2_lane_slice/hsim_total_q[7]_i_21/O
                         net (fo=2, unplaced)         0.548     2.617    gen_lane[0].i_p2_lane_slice/hsim_total_q[7]_i_21_n_0
                         CARRY4 (Prop_carry4_DI[1]_O[3])
                                                      0.519     3.136 r  gen_lane[0].i_p2_lane_slice/hsim_total_q_reg[7]_i_11/O[3]
                         net (fo=2, unplaced)         0.530     3.666    gen_lane[1].i_p2_lane_slice/O[2]
                         LUT3 (Prop_lut3_I2_O)        0.250     3.916 r  gen_lane[1].i_p2_lane_slice/hsim_total_q[7]_i_6/O
                         net (fo=2, unplaced)         0.358     4.274    gen_lane[1].i_p2_lane_slice/hsim_total_q[7]_i_6_n_0
                         LUT4 (Prop_lut4_I3_O)        0.105     4.379 r  gen_lane[1].i_p2_lane_slice/hsim_total_q[7]_i_10/O
                         net (fo=1, unplaced)         0.000     4.379    gen_lane[1].i_p2_lane_slice/hsim_total_q[7]_i_10_n_0
                         CARRY4 (Prop_carry4_S[0]_CO[3])
                                                      0.423     4.802 r  gen_lane[1].i_p2_lane_slice/hsim_total_q_reg[7]_i_2/CO[3]
                         net (fo=1, unplaced)         0.000     4.802    gen_lane[0].i_p2_lane_slice/CO[0]
                         CARRY4 (Prop_carry4_CI_O[1])
                                                      0.269     5.071 f  gen_lane[0].i_p2_lane_slice/hsim_total_q_reg[10]_i_3/O[1]
                         net (fo=4, unplaced)         0.496     5.567    gen_lane[0].i_p2_lane_slice/in150[9]
                         LUT4 (Prop_lut4_I0_O)        0.265     5.832 r  gen_lane[0].i_p2_lane_slice/hmatch_best_dist_q[10]_i_7/O
                         net (fo=1, unplaced)         0.000     5.832    gen_lane[0].i_p2_lane_slice/hmatch_best_dist_q[10]_i_7_n_0
                         CARRY4 (Prop_carry4_DI[0]_CO[1])
                                                      0.443     6.275 r  gen_lane[0].i_p2_lane_slice/hmatch_best_dist_q_reg[10]_i_4/CO[1]
                         net (fo=1, unplaced)         0.240     6.515    gen_lane[0].i_p2_lane_slice/hmatch_best_dist_q_reg[10]_i_4_n_2
                         LUT5 (Prop_lut5_I4_O)        0.277     6.792 r  gen_lane[0].i_p2_lane_slice/hmatch_best_dist_q[10]_i_1/O
                         net (fo=19, unplaced)        0.425     7.217    gen_lane[0].i_p2_lane_slice_n_429
                         FDCE                                         r  hmatch_best_dist_q_reg[10]/CE
  -------------------------------------------------------------------    -------------------

                         (clock clk_i rise edge)      8.000     8.000 r  
                                                      0.000     8.000 r  clk_i (IN)
                         net (fo=2858, unset)         0.748     8.748    clk_i
                         FDCE                                         r  hmatch_best_dist_q_reg[10]/C
                         clock pessimism              0.000     8.748    
                         clock uncertainty           -0.035     8.712    
                         FDCE (Setup_fdce_C_CE)      -0.136     8.576    hmatch_best_dist_q_reg[10]
  -------------------------------------------------------------------
                         required time                          8.576    
                         arrival time                          -7.217    
  -------------------------------------------------------------------
                         slack                                  1.359    

Slack (MET) :             1.359ns  (required time - arrival time)
  Source:                 hsim_total_q_reg[0]/C
                            (rising edge-triggered cell FDCE clocked by clk_i  {rise@0.000ns fall@4.000ns period=8.000ns})
  Destination:            hmatch_best_dist_q_reg[1]/CE
                            (rising edge-triggered cell FDCE clocked by clk_i  {rise@0.000ns fall@4.000ns period=8.000ns})
  Path Group:             clk_i
  Path Type:              Setup (Max at Slow Process Corner)
  Requirement:            8.000ns  (clk_i rise@8.000ns - clk_i rise@0.000ns)
  Data Path Delay:        6.430ns  (logic 3.216ns (50.016%)  route 3.214ns (49.984%))
  Logic Levels:           9  (CARRY4=4 LUT3=2 LUT4=2 LUT5=1)
  Clock Path Skew:        -0.039ns (DCD - SCD + CPR)
    Destination Clock Delay (DCD):    0.748ns = ( 8.748 - 8.000 ) 
    Source Clock Delay      (SCD):    0.787ns
    Clock Pessimism Removal (CPR):    0.000ns
  Clock Uncertainty:      0.035ns  ((TSJ^2 + TIJ^2)^1/2 + DJ) / 2 + PE
    Total System Jitter     (TSJ):    0.071ns
    Total Input Jitter      (TIJ):    0.000ns
    Discrete Jitter          (DJ):    0.000ns
    Phase Error              (PE):    0.000ns

    Location             Delay type                Incr(ns)  Path(ns)    Netlist Resource(s)
  -------------------------------------------------------------------    -------------------
                         (clock clk_i rise edge)      0.000     0.000 r  
                                                      0.000     0.000 r  clk_i (IN)
                         net (fo=2858, unset)         0.787     0.787    clk_i
                         FDCE                                         r  hsim_total_q_reg[0]/C
  -------------------------------------------------------------------    -------------------
                         FDCE (Prop_fdce_C_Q)         0.433     1.220 r  hsim_total_q_reg[0]/Q
                         net (fo=3, unplaced)         0.617     1.837    gen_lane[0].i_p2_lane_slice/hsim_total_q_reg[10]_i_3_0[0]
                         LUT3 (Prop_lut3_I0_O)        0.232     2.069 r  gen_lane[0].i_p2_lane_slice/hsim_total_q[7]_i_21/O
                         net (fo=2, unplaced)         0.548     2.617    gen_lane[0].i_p2_lane_slice/hsim_total_q[7]_i_21_n_0
                         CARRY4 (Prop_carry4_DI[1]_O[3])
                                                      0.519     3.136 r  gen_lane[0].i_p2_lane_slice/hsim_total_q_reg[7]_i_11/O[3]
                         net (fo=2, unplaced)         0.530     3.666    gen_lane[1].i_p2_lane_slice/O[2]
                         LUT3 (Prop_lut3_I2_O)        0.250     3.916 r  gen_lane[1].i_p2_lane_slice/hsim_total_q[7]_i_6/O
                         net (fo=2, unplaced)         0.358     4.274    gen_lane[1].i_p2_lane_slice/hsim_total_q[7]_i_6_n_0
                         LUT4 (Prop_lut4_I3_O)        0.105     4.379 r  gen_lane[1].i_p2_lane_slice/hsim_total_q[7]_i_10/O
                         net (fo=1, unplaced)         0.000     4.379    gen_lane[1].i_p2_lane_slice/hsim_total_q[7]_i_10_n_0
                         CARRY4 (Prop_carry4_S[0]_CO[3])
                                                      0.423     4.802 r  gen_lane[1].i_p2_lane_slice/hsim_total_q_reg[7]_i_2/CO[3]
                         net (fo=1, unplaced)         0.000     4.802    gen_lane[0].i_p2_lane_slice/CO[0]
                         CARRY4 (Prop_carry4_CI_O[1])
                                                      0.269     5.071 f  gen_lane[0].i_p2_lane_slice/hsim_total_q_reg[10]_i_3/O[1]
                         net (fo=4, unplaced)         0.496     5.567    gen_lane[0].i_p2_lane_slice/in150[9]
                         LUT4 (Prop_lut4_I0_O)        0.265     5.832 r  gen_lane[0].i_p2_lane_slice/hmatch_best_dist_q[10]_i_7/O
                         net (fo=1, unplaced)         0.000     5.832    gen_lane[0].i_p2_lane_slice/hmatch_best_dist_q[10]_i_7_n_0
                         CARRY4 (Prop_carry4_DI[0]_CO[1])
                                                      0.443     6.275 r  gen_lane[0].i_p2_lane_slice/hmatch_best_dist_q_reg[10]_i_4/CO[1]
                         net (fo=1, unplaced)         0.240     6.515    gen_lane[0].i_p2_lane_slice/hmatch_best_dist_q_reg[10]_i_4_n_2
                         LUT5 (Prop_lut5_I4_O)        0.277     6.792 r  gen_lane[0].i_p2_lane_slice/hmatch_best_dist_q[10]_i_1/O
                         net (fo=19, unplaced)        0.425     7.217    gen_lane[0].i_p2_lane_slice_n_429
                         FDCE                                         r  hmatch_best_dist_q_reg[1]/CE
  -------------------------------------------------------------------    -------------------

                         (clock clk_i rise edge)      8.000     8.000 r  
                                                      0.000     8.000 r  clk_i (IN)
                         net (fo=2858, unset)         0.748     8.748    clk_i
                         FDCE                                         r  hmatch_best_dist_q_reg[1]/C
                         clock pessimism              0.000     8.748    
                         clock uncertainty           -0.035     8.712    
                         FDCE (Setup_fdce_C_CE)      -0.136     8.576    hmatch_best_dist_q_reg[1]
  -------------------------------------------------------------------
                         required time                          8.576    
                         arrival time                          -7.217    
  -------------------------------------------------------------------
                         slack                                  1.359    

Slack (MET) :             1.359ns  (required time - arrival time)
  Source:                 hsim_total_q_reg[0]/C
                            (rising edge-triggered cell FDCE clocked by clk_i  {rise@0.000ns fall@4.000ns period=8.000ns})
  Destination:            hmatch_best_dist_q_reg[2]/CE
                            (rising edge-triggered cell FDCE clocked by clk_i  {rise@0.000ns fall@4.000ns period=8.000ns})
  Path Group:             clk_i
  Path Type:              Setup (Max at Slow Process Corner)
  Requirement:            8.000ns  (clk_i rise@8.000ns - clk_i rise@0.000ns)
  Data Path Delay:        6.430ns  (logic 3.216ns (50.016%)  route 3.214ns (49.984%))
  Logic Levels:           9  (CARRY4=4 LUT3=2 LUT4=2 LUT5=1)
  Clock Path Skew:        -0.039ns (DCD - SCD + CPR)
    Destination Clock Delay (DCD):    0.748ns = ( 8.748 - 8.000 ) 
    Source Clock Delay      (SCD):    0.787ns
    Clock Pessimism Removal (CPR):    0.000ns
  Clock Uncertainty:      0.035ns  ((TSJ^2 + TIJ^2)^1/2 + DJ) / 2 + PE
    Total System Jitter     (TSJ):    0.071ns
    Total Input Jitter      (TIJ):    0.000ns
    Discrete Jitter          (DJ):    0.000ns
    Phase Error              (PE):    0.000ns

    Location             Delay type                Incr(ns)  Path(ns)    Netlist Resource(s)
  -------------------------------------------------------------------    -------------------
                         (clock clk_i rise edge)      0.000     0.000 r  
                                                      0.000     0.000 r  clk_i (IN)
                         net (fo=2858, unset)         0.787     0.787    clk_i
                         FDCE                                         r  hsim_total_q_reg[0]/C
  -------------------------------------------------------------------    -------------------
                         FDCE (Prop_fdce_C_Q)         0.433     1.220 r  hsim_total_q_reg[0]/Q
                         net (fo=3, unplaced)         0.617     1.837    gen_lane[0].i_p2_lane_slice/hsim_total_q_reg[10]_i_3_0[0]
                         LUT3 (Prop_lut3_I0_O)        0.232     2.069 r  gen_lane[0].i_p2_lane_slice/hsim_total_q[7]_i_21/O
                         net (fo=2, unplaced)         0.548     2.617    gen_lane[0].i_p2_lane_slice/hsim_total_q[7]_i_21_n_0
                         CARRY4 (Prop_carry4_DI[1]_O[3])
                                                      0.519     3.136 r  gen_lane[0].i_p2_lane_slice/hsim_total_q_reg[7]_i_11/O[3]
                         net (fo=2, unplaced)         0.530     3.666    gen_lane[1].i_p2_lane_slice/O[2]
                         LUT3 (Prop_lut3_I2_O)        0.250     3.916 r  gen_lane[1].i_p2_lane_slice/hsim_total_q[7]_i_6/O
                         net (fo=2, unplaced)         0.358     4.274    gen_lane[1].i_p2_lane_slice/hsim_total_q[7]_i_6_n_0
                         LUT4 (Prop_lut4_I3_O)        0.105     4.379 r  gen_lane[1].i_p2_lane_slice/hsim_total_q[7]_i_10/O
                         net (fo=1, unplaced)         0.000     4.379    gen_lane[1].i_p2_lane_slice/hsim_total_q[7]_i_10_n_0
                         CARRY4 (Prop_carry4_S[0]_CO[3])
                                                      0.423     4.802 r  gen_lane[1].i_p2_lane_slice/hsim_total_q_reg[7]_i_2/CO[3]
                         net (fo=1, unplaced)         0.000     4.802    gen_lane[0].i_p2_lane_slice/CO[0]
                         CARRY4 (Prop_carry4_CI_O[1])
                                                      0.269     5.071 f  gen_lane[0].i_p2_lane_slice/hsim_total_q_reg[10]_i_3/O[1]
                         net (fo=4, unplaced)         0.496     5.567    gen_lane[0].i_p2_lane_slice/in150[9]
                         LUT4 (Prop_lut4_I0_O)        0.265     5.832 r  gen_lane[0].i_p2_lane_slice/hmatch_best_dist_q[10]_i_7/O
                         net (fo=1, unplaced)         0.000     5.832    gen_lane[0].i_p2_lane_slice/hmatch_best_dist_q[10]_i_7_n_0
                         CARRY4 (Prop_carry4_DI[0]_CO[1])
                                                      0.443     6.275 r  gen_lane[0].i_p2_lane_slice/hmatch_best_dist_q_reg[10]_i_4/CO[1]
                         net (fo=1, unplaced)         0.240     6.515    gen_lane[0].i_p2_lane_slice/hmatch_best_dist_q_reg[10]_i_4_n_2
                         LUT5 (Prop_lut5_I4_O)        0.277     6.792 r  gen_lane[0].i_p2_lane_slice/hmatch_best_dist_q[10]_i_1/O
                         net (fo=19, unplaced)        0.425     7.217    gen_lane[0].i_p2_lane_slice_n_429
                         FDCE                                         r  hmatch_best_dist_q_reg[2]/CE
  -------------------------------------------------------------------    -------------------

                         (clock clk_i rise edge)      8.000     8.000 r  
                                                      0.000     8.000 r  clk_i (IN)
                         net (fo=2858, unset)         0.748     8.748    clk_i
                         FDCE                                         r  hmatch_best_dist_q_reg[2]/C
                         clock pessimism              0.000     8.748    
                         clock uncertainty           -0.035     8.712    
                         FDCE (Setup_fdce_C_CE)      -0.136     8.576    hmatch_best_dist_q_reg[2]
  -------------------------------------------------------------------
                         required time                          8.576    
                         arrival time                          -7.217    
  -------------------------------------------------------------------
                         slack                                  1.359    

Slack (MET) :             1.359ns  (required time - arrival time)
  Source:                 hsim_total_q_reg[0]/C
                            (rising edge-triggered cell FDCE clocked by clk_i  {rise@0.000ns fall@4.000ns period=8.000ns})
  Destination:            hmatch_best_dist_q_reg[3]/CE
                            (rising edge-triggered cell FDCE clocked by clk_i  {rise@0.000ns fall@4.000ns period=8.000ns})
  Path Group:             clk_i
  Path Type:              Setup (Max at Slow Process Corner)
  Requirement:            8.000ns  (clk_i rise@8.000ns - clk_i rise@0.000ns)
  Data Path Delay:        6.430ns  (logic 3.216ns (50.016%)  route 3.214ns (49.984%))
  Logic Levels:           9  (CARRY4=4 LUT3=2 LUT4=2 LUT5=1)
  Clock Path Skew:        -0.039ns (DCD - SCD + CPR)
    Destination Clock Delay (DCD):    0.748ns = ( 8.748 - 8.000 ) 
    Source Clock Delay      (SCD):    0.787ns
    Clock Pessimism Removal (CPR):    0.000ns
  Clock Uncertainty:      0.035ns  ((TSJ^2 + TIJ^2)^1/2 + DJ) / 2 + PE
    Total System Jitter     (TSJ):    0.071ns
    Total Input Jitter      (TIJ):    0.000ns
    Discrete Jitter          (DJ):    0.000ns
    Phase Error              (PE):    0.000ns

    Location             Delay type                Incr(ns)  Path(ns)    Netlist Resource(s)
  -------------------------------------------------------------------    -------------------
                         (clock clk_i rise edge)      0.000     0.000 r  
                                                      0.000     0.000 r  clk_i (IN)
                         net (fo=2858, unset)         0.787     0.787    clk_i
                         FDCE                                         r  hsim_total_q_reg[0]/C
  -------------------------------------------------------------------    -------------------
                         FDCE (Prop_fdce_C_Q)         0.433     1.220 r  hsim_total_q_reg[0]/Q
                         net (fo=3, unplaced)         0.617     1.837    gen_lane[0].i_p2_lane_slice/hsim_total_q_reg[10]_i_3_0[0]
                         LUT3 (Prop_lut3_I0_O)        0.232     2.069 r  gen_lane[0].i_p2_lane_slice/hsim_total_q[7]_i_21/O
                         net (fo=2, unplaced)         0.548     2.617    gen_lane[0].i_p2_lane_slice/hsim_total_q[7]_i_21_n_0
                         CARRY4 (Prop_carry4_DI[1]_O[3])
                                                      0.519     3.136 r  gen_lane[0].i_p2_lane_slice/hsim_total_q_reg[7]_i_11/O[3]
                         net (fo=2, unplaced)         0.530     3.666    gen_lane[1].i_p2_lane_slice/O[2]
                         LUT3 (Prop_lut3_I2_O)        0.250     3.916 r  gen_lane[1].i_p2_lane_slice/hsim_total_q[7]_i_6/O
                         net (fo=2, unplaced)         0.358     4.274    gen_lane[1].i_p2_lane_slice/hsim_total_q[7]_i_6_n_0
                         LUT4 (Prop_lut4_I3_O)        0.105     4.379 r  gen_lane[1].i_p2_lane_slice/hsim_total_q[7]_i_10/O
                         net (fo=1, unplaced)         0.000     4.379    gen_lane[1].i_p2_lane_slice/hsim_total_q[7]_i_10_n_0
                         CARRY4 (Prop_carry4_S[0]_CO[3])
                                                      0.423     4.802 r  gen_lane[1].i_p2_lane_slice/hsim_total_q_reg[7]_i_2/CO[3]
                         net (fo=1, unplaced)         0.000     4.802    gen_lane[0].i_p2_lane_slice/CO[0]
                         CARRY4 (Prop_carry4_CI_O[1])
                                                      0.269     5.071 f  gen_lane[0].i_p2_lane_slice/hsim_total_q_reg[10]_i_3/O[1]
                         net (fo=4, unplaced)         0.496     5.567    gen_lane[0].i_p2_lane_slice/in150[9]
                         LUT4 (Prop_lut4_I0_O)        0.265     5.832 r  gen_lane[0].i_p2_lane_slice/hmatch_best_dist_q[10]_i_7/O
                         net (fo=1, unplaced)         0.000     5.832    gen_lane[0].i_p2_lane_slice/hmatch_best_dist_q[10]_i_7_n_0
                         CARRY4 (Prop_carry4_DI[0]_CO[1])
                                                      0.443     6.275 r  gen_lane[0].i_p2_lane_slice/hmatch_best_dist_q_reg[10]_i_4/CO[1]
                         net (fo=1, unplaced)         0.240     6.515    gen_lane[0].i_p2_lane_slice/hmatch_best_dist_q_reg[10]_i_4_n_2
                         LUT5 (Prop_lut5_I4_O)        0.277     6.792 r  gen_lane[0].i_p2_lane_slice/hmatch_best_dist_q[10]_i_1/O
                         net (fo=19, unplaced)        0.425     7.217    gen_lane[0].i_p2_lane_slice_n_429
                         FDCE                                         r  hmatch_best_dist_q_reg[3]/CE
  -------------------------------------------------------------------    -------------------

                         (clock clk_i rise edge)      8.000     8.000 r  
                                                      0.000     8.000 r  clk_i (IN)
                         net (fo=2858, unset)         0.748     8.748    clk_i
                         FDCE                                         r  hmatch_best_dist_q_reg[3]/C
                         clock pessimism              0.000     8.748    
                         clock uncertainty           -0.035     8.712    
                         FDCE (Setup_fdce_C_CE)      -0.136     8.576    hmatch_best_dist_q_reg[3]
  -------------------------------------------------------------------
                         required time                          8.576    
                         arrival time                          -7.217    
  -------------------------------------------------------------------
                         slack                                  1.359    

Slack (MET) :             1.359ns  (required time - arrival time)
  Source:                 hsim_total_q_reg[0]/C
                            (rising edge-triggered cell FDCE clocked by clk_i  {rise@0.000ns fall@4.000ns period=8.000ns})
  Destination:            hmatch_best_dist_q_reg[4]/CE
                            (rising edge-triggered cell FDCE clocked by clk_i  {rise@0.000ns fall@4.000ns period=8.000ns})
  Path Group:             clk_i
  Path Type:              Setup (Max at Slow Process Corner)
  Requirement:            8.000ns  (clk_i rise@8.000ns - clk_i rise@0.000ns)
  Data Path Delay:        6.430ns  (logic 3.216ns (50.016%)  route 3.214ns (49.984%))
  Logic Levels:           9  (CARRY4=4 LUT3=2 LUT4=2 LUT5=1)
  Clock Path Skew:        -0.039ns (DCD - SCD + CPR)
    Destination Clock Delay (DCD):    0.748ns = ( 8.748 - 8.000 ) 
    Source Clock Delay      (SCD):    0.787ns
    Clock Pessimism Removal (CPR):    0.000ns
  Clock Uncertainty:      0.035ns  ((TSJ^2 + TIJ^2)^1/2 + DJ) / 2 + PE
    Total System Jitter     (TSJ):    0.071ns
    Total Input Jitter      (TIJ):    0.000ns
    Discrete Jitter          (DJ):    0.000ns
    Phase Error              (PE):    0.000ns

    Location             Delay type                Incr(ns)  Path(ns)    Netlist Resource(s)
  -------------------------------------------------------------------    -------------------
                         (clock clk_i rise edge)      0.000     0.000 r  
                                                      0.000     0.000 r  clk_i (IN)
                         net (fo=2858, unset)         0.787     0.787    clk_i
                         FDCE                                         r  hsim_total_q_reg[0]/C
  -------------------------------------------------------------------    -------------------
                         FDCE (Prop_fdce_C_Q)         0.433     1.220 r  hsim_total_q_reg[0]/Q
                         net (fo=3, unplaced)         0.617     1.837    gen_lane[0].i_p2_lane_slice/hsim_total_q_reg[10]_i_3_0[0]
                         LUT3 (Prop_lut3_I0_O)        0.232     2.069 r  gen_lane[0].i_p2_lane_slice/hsim_total_q[7]_i_21/O
                         net (fo=2, unplaced)         0.548     2.617    gen_lane[0].i_p2_lane_slice/hsim_total_q[7]_i_21_n_0
                         CARRY4 (Prop_carry4_DI[1]_O[3])
                                                      0.519     3.136 r  gen_lane[0].i_p2_lane_slice/hsim_total_q_reg[7]_i_11/O[3]
                         net (fo=2, unplaced)         0.530     3.666    gen_lane[1].i_p2_lane_slice/O[2]
                         LUT3 (Prop_lut3_I2_O)        0.250     3.916 r  gen_lane[1].i_p2_lane_slice/hsim_total_q[7]_i_6/O
                         net (fo=2, unplaced)         0.358     4.274    gen_lane[1].i_p2_lane_slice/hsim_total_q[7]_i_6_n_0
                         LUT4 (Prop_lut4_I3_O)        0.105     4.379 r  gen_lane[1].i_p2_lane_slice/hsim_total_q[7]_i_10/O
                         net (fo=1, unplaced)         0.000     4.379    gen_lane[1].i_p2_lane_slice/hsim_total_q[7]_i_10_n_0
                         CARRY4 (Prop_carry4_S[0]_CO[3])
                                                      0.423     4.802 r  gen_lane[1].i_p2_lane_slice/hsim_total_q_reg[7]_i_2/CO[3]
                         net (fo=1, unplaced)         0.000     4.802    gen_lane[0].i_p2_lane_slice/CO[0]
                         CARRY4 (Prop_carry4_CI_O[1])
                                                      0.269     5.071 f  gen_lane[0].i_p2_lane_slice/hsim_total_q_reg[10]_i_3/O[1]
                         net (fo=4, unplaced)         0.496     5.567    gen_lane[0].i_p2_lane_slice/in150[9]
                         LUT4 (Prop_lut4_I0_O)        0.265     5.832 r  gen_lane[0].i_p2_lane_slice/hmatch_best_dist_q[10]_i_7/O
                         net (fo=1, unplaced)         0.000     5.832    gen_lane[0].i_p2_lane_slice/hmatch_best_dist_q[10]_i_7_n_0
                         CARRY4 (Prop_carry4_DI[0]_CO[1])
                                                      0.443     6.275 r  gen_lane[0].i_p2_lane_slice/hmatch_best_dist_q_reg[10]_i_4/CO[1]
                         net (fo=1, unplaced)         0.240     6.515    gen_lane[0].i_p2_lane_slice/hmatch_best_dist_q_reg[10]_i_4_n_2
                         LUT5 (Prop_lut5_I4_O)        0.277     6.792 r  gen_lane[0].i_p2_lane_slice/hmatch_best_dist_q[10]_i_1/O
                         net (fo=19, unplaced)        0.425     7.217    gen_lane[0].i_p2_lane_slice_n_429
                         FDCE                                         r  hmatch_best_dist_q_reg[4]/CE
  -------------------------------------------------------------------    -------------------

                         (clock clk_i rise edge)      8.000     8.000 r  
                                                      0.000     8.000 r  clk_i (IN)
                         net (fo=2858, unset)         0.748     8.748    clk_i
                         FDCE                                         r  hmatch_best_dist_q_reg[4]/C
                         clock pessimism              0.000     8.748    
                         clock uncertainty           -0.035     8.712    
                         FDCE (Setup_fdce_C_CE)      -0.136     8.576    hmatch_best_dist_q_reg[4]
  -------------------------------------------------------------------
                         required time                          8.576    
                         arrival time                          -7.217    
  -------------------------------------------------------------------
                         slack                                  1.359    

Slack (MET) :             1.359ns  (required time - arrival time)
  Source:                 hsim_total_q_reg[0]/C
                            (rising edge-triggered cell FDCE clocked by clk_i  {rise@0.000ns fall@4.000ns period=8.000ns})
  Destination:            hmatch_best_dist_q_reg[5]/CE
                            (rising edge-triggered cell FDCE clocked by clk_i  {rise@0.000ns fall@4.000ns period=8.000ns})
  Path Group:             clk_i
  Path Type:              Setup (Max at Slow Process Corner)
  Requirement:            8.000ns  (clk_i rise@8.000ns - clk_i rise@0.000ns)
  Data Path Delay:        6.430ns  (logic 3.216ns (50.016%)  route 3.214ns (49.984%))
  Logic Levels:           9  (CARRY4=4 LUT3=2 LUT4=2 LUT5=1)
  Clock Path Skew:        -0.039ns (DCD - SCD + CPR)
    Destination Clock Delay (DCD):    0.748ns = ( 8.748 - 8.000 ) 
    Source Clock Delay      (SCD):    0.787ns
    Clock Pessimism Removal (CPR):    0.000ns
  Clock Uncertainty:      0.035ns  ((TSJ^2 + TIJ^2)^1/2 + DJ) / 2 + PE
    Total System Jitter     (TSJ):    0.071ns
    Total Input Jitter      (TIJ):    0.000ns
    Discrete Jitter          (DJ):    0.000ns
    Phase Error              (PE):    0.000ns

    Location             Delay type                Incr(ns)  Path(ns)    Netlist Resource(s)
  -------------------------------------------------------------------    -------------------
                         (clock clk_i rise edge)      0.000     0.000 r  
                                                      0.000     0.000 r  clk_i (IN)
                         net (fo=2858, unset)         0.787     0.787    clk_i
                         FDCE                                         r  hsim_total_q_reg[0]/C
  -------------------------------------------------------------------    -------------------
                         FDCE (Prop_fdce_C_Q)         0.433     1.220 r  hsim_total_q_reg[0]/Q
                         net (fo=3, unplaced)         0.617     1.837    gen_lane[0].i_p2_lane_slice/hsim_total_q_reg[10]_i_3_0[0]
                         LUT3 (Prop_lut3_I0_O)        0.232     2.069 r  gen_lane[0].i_p2_lane_slice/hsim_total_q[7]_i_21/O
                         net (fo=2, unplaced)         0.548     2.617    gen_lane[0].i_p2_lane_slice/hsim_total_q[7]_i_21_n_0
                         CARRY4 (Prop_carry4_DI[1]_O[3])
                                                      0.519     3.136 r  gen_lane[0].i_p2_lane_slice/hsim_total_q_reg[7]_i_11/O[3]
                         net (fo=2, unplaced)         0.530     3.666    gen_lane[1].i_p2_lane_slice/O[2]
                         LUT3 (Prop_lut3_I2_O)        0.250     3.916 r  gen_lane[1].i_p2_lane_slice/hsim_total_q[7]_i_6/O
                         net (fo=2, unplaced)         0.358     4.274    gen_lane[1].i_p2_lane_slice/hsim_total_q[7]_i_6_n_0
                         LUT4 (Prop_lut4_I3_O)        0.105     4.379 r  gen_lane[1].i_p2_lane_slice/hsim_total_q[7]_i_10/O
                         net (fo=1, unplaced)         0.000     4.379    gen_lane[1].i_p2_lane_slice/hsim_total_q[7]_i_10_n_0
                         CARRY4 (Prop_carry4_S[0]_CO[3])
                                                      0.423     4.802 r  gen_lane[1].i_p2_lane_slice/hsim_total_q_reg[7]_i_2/CO[3]
                         net (fo=1, unplaced)         0.000     4.802    gen_lane[0].i_p2_lane_slice/CO[0]
                         CARRY4 (Prop_carry4_CI_O[1])
                                                      0.269     5.071 f  gen_lane[0].i_p2_lane_slice/hsim_total_q_reg[10]_i_3/O[1]
                         net (fo=4, unplaced)         0.496     5.567    gen_lane[0].i_p2_lane_slice/in150[9]
                         LUT4 (Prop_lut4_I0_O)        0.265     5.832 r  gen_lane[0].i_p2_lane_slice/hmatch_best_dist_q[10]_i_7/O
                         net (fo=1, unplaced)         0.000     5.832    gen_lane[0].i_p2_lane_slice/hmatch_best_dist_q[10]_i_7_n_0
                         CARRY4 (Prop_carry4_DI[0]_CO[1])
                                                      0.443     6.275 r  gen_lane[0].i_p2_lane_slice/hmatch_best_dist_q_reg[10]_i_4/CO[1]
                         net (fo=1, unplaced)         0.240     6.515    gen_lane[0].i_p2_lane_slice/hmatch_best_dist_q_reg[10]_i_4_n_2
                         LUT5 (Prop_lut5_I4_O)        0.277     6.792 r  gen_lane[0].i_p2_lane_slice/hmatch_best_dist_q[10]_i_1/O
                         net (fo=19, unplaced)        0.425     7.217    gen_lane[0].i_p2_lane_slice_n_429
                         FDCE                                         r  hmatch_best_dist_q_reg[5]/CE
  -------------------------------------------------------------------    -------------------

                         (clock clk_i rise edge)      8.000     8.000 r  
                                                      0.000     8.000 r  clk_i (IN)
                         net (fo=2858, unset)         0.748     8.748    clk_i
                         FDCE                                         r  hmatch_best_dist_q_reg[5]/C
                         clock pessimism              0.000     8.748    
                         clock uncertainty           -0.035     8.712    
                         FDCE (Setup_fdce_C_CE)      -0.136     8.576    hmatch_best_dist_q_reg[5]
  -------------------------------------------------------------------
                         required time                          8.576    
                         arrival time                          -7.217    
  -------------------------------------------------------------------
                         slack                                  1.359    

Slack (MET) :             1.359ns  (required time - arrival time)
  Source:                 hsim_total_q_reg[0]/C
                            (rising edge-triggered cell FDCE clocked by clk_i  {rise@0.000ns fall@4.000ns period=8.000ns})
  Destination:            hmatch_best_dist_q_reg[6]/CE
                            (rising edge-triggered cell FDCE clocked by clk_i  {rise@0.000ns fall@4.000ns period=8.000ns})
  Path Group:             clk_i
  Path Type:              Setup (Max at Slow Process Corner)
  Requirement:            8.000ns  (clk_i rise@8.000ns - clk_i rise@0.000ns)
  Data Path Delay:        6.430ns  (logic 3.216ns (50.016%)  route 3.214ns (49.984%))
  Logic Levels:           9  (CARRY4=4 LUT3=2 LUT4=2 LUT5=1)
  Clock Path Skew:        -0.039ns (DCD - SCD + CPR)
    Destination Clock Delay (DCD):    0.748ns = ( 8.748 - 8.000 ) 
    Source Clock Delay      (SCD):    0.787ns
    Clock Pessimism Removal (CPR):    0.000ns
  Clock Uncertainty:      0.035ns  ((TSJ^2 + TIJ^2)^1/2 + DJ) / 2 + PE
    Total System Jitter     (TSJ):    0.071ns
    Total Input Jitter      (TIJ):    0.000ns
    Discrete Jitter          (DJ):    0.000ns
    Phase Error              (PE):    0.000ns

    Location             Delay type                Incr(ns)  Path(ns)    Netlist Resource(s)
  -------------------------------------------------------------------    -------------------
                         (clock clk_i rise edge)      0.000     0.000 r  
                                                      0.000     0.000 r  clk_i (IN)
                         net (fo=2858, unset)         0.787     0.787    clk_i
                         FDCE                                         r  hsim_total_q_reg[0]/C
  -------------------------------------------------------------------    -------------------
                         FDCE (Prop_fdce_C_Q)         0.433     1.220 r  hsim_total_q_reg[0]/Q
                         net (fo=3, unplaced)         0.617     1.837    gen_lane[0].i_p2_lane_slice/hsim_total_q_reg[10]_i_3_0[0]
                         LUT3 (Prop_lut3_I0_O)        0.232     2.069 r  gen_lane[0].i_p2_lane_slice/hsim_total_q[7]_i_21/O
                         net (fo=2, unplaced)         0.548     2.617    gen_lane[0].i_p2_lane_slice/hsim_total_q[7]_i_21_n_0
                         CARRY4 (Prop_carry4_DI[1]_O[3])
                                                      0.519     3.136 r  gen_lane[0].i_p2_lane_slice/hsim_total_q_reg[7]_i_11/O[3]
                         net (fo=2, unplaced)         0.530     3.666    gen_lane[1].i_p2_lane_slice/O[2]
                         LUT3 (Prop_lut3_I2_O)        0.250     3.916 r  gen_lane[1].i_p2_lane_slice/hsim_total_q[7]_i_6/O
                         net (fo=2, unplaced)         0.358     4.274    gen_lane[1].i_p2_lane_slice/hsim_total_q[7]_i_6_n_0
                         LUT4 (Prop_lut4_I3_O)        0.105     4.379 r  gen_lane[1].i_p2_lane_slice/hsim_total_q[7]_i_10/O
                         net (fo=1, unplaced)         0.000     4.379    gen_lane[1].i_p2_lane_slice/hsim_total_q[7]_i_10_n_0
                         CARRY4 (Prop_carry4_S[0]_CO[3])
                                                      0.423     4.802 r  gen_lane[1].i_p2_lane_slice/hsim_total_q_reg[7]_i_2/CO[3]
                         net (fo=1, unplaced)         0.000     4.802    gen_lane[0].i_p2_lane_slice/CO[0]
                         CARRY4 (Prop_carry4_CI_O[1])
                                                      0.269     5.071 f  gen_lane[0].i_p2_lane_slice/hsim_total_q_reg[10]_i_3/O[1]
                         net (fo=4, unplaced)         0.496     5.567    gen_lane[0].i_p2_lane_slice/in150[9]
                         LUT4 (Prop_lut4_I0_O)        0.265     5.832 r  gen_lane[0].i_p2_lane_slice/hmatch_best_dist_q[10]_i_7/O
                         net (fo=1, unplaced)         0.000     5.832    gen_lane[0].i_p2_lane_slice/hmatch_best_dist_q[10]_i_7_n_0
                         CARRY4 (Prop_carry4_DI[0]_CO[1])
                                                      0.443     6.275 r  gen_lane[0].i_p2_lane_slice/hmatch_best_dist_q_reg[10]_i_4/CO[1]
                         net (fo=1, unplaced)         0.240     6.515    gen_lane[0].i_p2_lane_slice/hmatch_best_dist_q_reg[10]_i_4_n_2
                         LUT5 (Prop_lut5_I4_O)        0.277     6.792 r  gen_lane[0].i_p2_lane_slice/hmatch_best_dist_q[10]_i_1/O
                         net (fo=19, unplaced)        0.425     7.217    gen_lane[0].i_p2_lane_slice_n_429
                         FDCE                                         r  hmatch_best_dist_q_reg[6]/CE
  -------------------------------------------------------------------    -------------------

                         (clock clk_i rise edge)      8.000     8.000 r  
                                                      0.000     8.000 r  clk_i (IN)
                         net (fo=2858, unset)         0.748     8.748    clk_i
                         FDCE                                         r  hmatch_best_dist_q_reg[6]/C
                         clock pessimism              0.000     8.748    
                         clock uncertainty           -0.035     8.712    
                         FDCE (Setup_fdce_C_CE)      -0.136     8.576    hmatch_best_dist_q_reg[6]
  -------------------------------------------------------------------
                         required time                          8.576    
                         arrival time                          -7.217    
  -------------------------------------------------------------------
                         slack                                  1.359    

Slack (MET) :             1.359ns  (required time - arrival time)
  Source:                 hsim_total_q_reg[0]/C
                            (rising edge-triggered cell FDCE clocked by clk_i  {rise@0.000ns fall@4.000ns period=8.000ns})
  Destination:            hmatch_best_dist_q_reg[7]/CE
                            (rising edge-triggered cell FDCE clocked by clk_i  {rise@0.000ns fall@4.000ns period=8.000ns})
  Path Group:             clk_i
  Path Type:              Setup (Max at Slow Process Corner)
  Requirement:            8.000ns  (clk_i rise@8.000ns - clk_i rise@0.000ns)
  Data Path Delay:        6.430ns  (logic 3.216ns (50.016%)  route 3.214ns (49.984%))
  Logic Levels:           9  (CARRY4=4 LUT3=2 LUT4=2 LUT5=1)
  Clock Path Skew:        -0.039ns (DCD - SCD + CPR)
    Destination Clock Delay (DCD):    0.748ns = ( 8.748 - 8.000 ) 
    Source Clock Delay      (SCD):    0.787ns
    Clock Pessimism Removal (CPR):    0.000ns
  Clock Uncertainty:      0.035ns  ((TSJ^2 + TIJ^2)^1/2 + DJ) / 2 + PE
    Total System Jitter     (TSJ):    0.071ns
    Total Input Jitter      (TIJ):    0.000ns
    Discrete Jitter          (DJ):    0.000ns
    Phase Error              (PE):    0.000ns

    Location             Delay type                Incr(ns)  Path(ns)    Netlist Resource(s)
  -------------------------------------------------------------------    -------------------
                         (clock clk_i rise edge)      0.000     0.000 r  
                                                      0.000     0.000 r  clk_i (IN)
                         net (fo=2858, unset)         0.787     0.787    clk_i
                         FDCE                                         r  hsim_total_q_reg[0]/C
  -------------------------------------------------------------------    -------------------
                         FDCE (Prop_fdce_C_Q)         0.433     1.220 r  hsim_total_q_reg[0]/Q
                         net (fo=3, unplaced)         0.617     1.837    gen_lane[0].i_p2_lane_slice/hsim_total_q_reg[10]_i_3_0[0]
                         LUT3 (Prop_lut3_I0_O)        0.232     2.069 r  gen_lane[0].i_p2_lane_slice/hsim_total_q[7]_i_21/O
                         net (fo=2, unplaced)         0.548     2.617    gen_lane[0].i_p2_lane_slice/hsim_total_q[7]_i_21_n_0
                         CARRY4 (Prop_carry4_DI[1]_O[3])
                                                      0.519     3.136 r  gen_lane[0].i_p2_lane_slice/hsim_total_q_reg[7]_i_11/O[3]
                         net (fo=2, unplaced)         0.530     3.666    gen_lane[1].i_p2_lane_slice/O[2]
                         LUT3 (Prop_lut3_I2_O)        0.250     3.916 r  gen_lane[1].i_p2_lane_slice/hsim_total_q[7]_i_6/O
                         net (fo=2, unplaced)         0.358     4.274    gen_lane[1].i_p2_lane_slice/hsim_total_q[7]_i_6_n_0
                         LUT4 (Prop_lut4_I3_O)        0.105     4.379 r  gen_lane[1].i_p2_lane_slice/hsim_total_q[7]_i_10/O
                         net (fo=1, unplaced)         0.000     4.379    gen_lane[1].i_p2_lane_slice/hsim_total_q[7]_i_10_n_0
                         CARRY4 (Prop_carry4_S[0]_CO[3])
                                                      0.423     4.802 r  gen_lane[1].i_p2_lane_slice/hsim_total_q_reg[7]_i_2/CO[3]
                         net (fo=1, unplaced)         0.000     4.802    gen_lane[0].i_p2_lane_slice/CO[0]
                         CARRY4 (Prop_carry4_CI_O[1])
                                                      0.269     5.071 f  gen_lane[0].i_p2_lane_slice/hsim_total_q_reg[10]_i_3/O[1]
                         net (fo=4, unplaced)         0.496     5.567    gen_lane[0].i_p2_lane_slice/in150[9]
                         LUT4 (Prop_lut4_I0_O)        0.265     5.832 r  gen_lane[0].i_p2_lane_slice/hmatch_best_dist_q[10]_i_7/O
                         net (fo=1, unplaced)         0.000     5.832    gen_lane[0].i_p2_lane_slice/hmatch_best_dist_q[10]_i_7_n_0
                         CARRY4 (Prop_carry4_DI[0]_CO[1])
                                                      0.443     6.275 r  gen_lane[0].i_p2_lane_slice/hmatch_best_dist_q_reg[10]_i_4/CO[1]
                         net (fo=1, unplaced)         0.240     6.515    gen_lane[0].i_p2_lane_slice/hmatch_best_dist_q_reg[10]_i_4_n_2
                         LUT5 (Prop_lut5_I4_O)        0.277     6.792 r  gen_lane[0].i_p2_lane_slice/hmatch_best_dist_q[10]_i_1/O
                         net (fo=19, unplaced)        0.425     7.217    gen_lane[0].i_p2_lane_slice_n_429
                         FDCE                                         r  hmatch_best_dist_q_reg[7]/CE
  -------------------------------------------------------------------    -------------------

                         (clock clk_i rise edge)      8.000     8.000 r  
                                                      0.000     8.000 r  clk_i (IN)
                         net (fo=2858, unset)         0.748     8.748    clk_i
                         FDCE                                         r  hmatch_best_dist_q_reg[7]/C
                         clock pessimism              0.000     8.748    
                         clock uncertainty           -0.035     8.712    
                         FDCE (Setup_fdce_C_CE)      -0.136     8.576    hmatch_best_dist_q_reg[7]
  -------------------------------------------------------------------
                         required time                          8.576    
                         arrival time                          -7.217    
  -------------------------------------------------------------------
                         slack                                  1.359    

Slack (MET) :             1.359ns  (required time - arrival time)
  Source:                 hsim_total_q_reg[0]/C
                            (rising edge-triggered cell FDCE clocked by clk_i  {rise@0.000ns fall@4.000ns period=8.000ns})
  Destination:            hmatch_best_dist_q_reg[8]/CE
                            (rising edge-triggered cell FDCE clocked by clk_i  {rise@0.000ns fall@4.000ns period=8.000ns})
  Path Group:             clk_i
  Path Type:              Setup (Max at Slow Process Corner)
  Requirement:            8.000ns  (clk_i rise@8.000ns - clk_i rise@0.000ns)
  Data Path Delay:        6.430ns  (logic 3.216ns (50.016%)  route 3.214ns (49.984%))
  Logic Levels:           9  (CARRY4=4 LUT3=2 LUT4=2 LUT5=1)
  Clock Path Skew:        -0.039ns (DCD - SCD + CPR)
    Destination Clock Delay (DCD):    0.748ns = ( 8.748 - 8.000 ) 
    Source Clock Delay      (SCD):    0.787ns
    Clock Pessimism Removal (CPR):    0.000ns
  Clock Uncertainty:      0.035ns  ((TSJ^2 + TIJ^2)^1/2 + DJ) / 2 + PE
    Total System Jitter     (TSJ):    0.071ns
    Total Input Jitter      (TIJ):    0.000ns
    Discrete Jitter          (DJ):    0.000ns
    Phase Error              (PE):    0.000ns

    Location             Delay type                Incr(ns)  Path(ns)    Netlist Resource(s)
  -------------------------------------------------------------------    -------------------
                         (clock clk_i rise edge)      0.000     0.000 r  
                                                      0.000     0.000 r  clk_i (IN)
                         net (fo=2858, unset)         0.787     0.787    clk_i
                         FDCE                                         r  hsim_total_q_reg[0]/C
  -------------------------------------------------------------------    -------------------
                         FDCE (Prop_fdce_C_Q)         0.433     1.220 r  hsim_total_q_reg[0]/Q
                         net (fo=3, unplaced)         0.617     1.837    gen_lane[0].i_p2_lane_slice/hsim_total_q_reg[10]_i_3_0[0]
                         LUT3 (Prop_lut3_I0_O)        0.232     2.069 r  gen_lane[0].i_p2_lane_slice/hsim_total_q[7]_i_21/O
                         net (fo=2, unplaced)         0.548     2.617    gen_lane[0].i_p2_lane_slice/hsim_total_q[7]_i_21_n_0
                         CARRY4 (Prop_carry4_DI[1]_O[3])
                                                      0.519     3.136 r  gen_lane[0].i_p2_lane_slice/hsim_total_q_reg[7]_i_11/O[3]
                         net (fo=2, unplaced)         0.530     3.666    gen_lane[1].i_p2_lane_slice/O[2]
                         LUT3 (Prop_lut3_I2_O)        0.250     3.916 r  gen_lane[1].i_p2_lane_slice/hsim_total_q[7]_i_6/O
                         net (fo=2, unplaced)         0.358     4.274    gen_lane[1].i_p2_lane_slice/hsim_total_q[7]_i_6_n_0
                         LUT4 (Prop_lut4_I3_O)        0.105     4.379 r  gen_lane[1].i_p2_lane_slice/hsim_total_q[7]_i_10/O
                         net (fo=1, unplaced)         0.000     4.379    gen_lane[1].i_p2_lane_slice/hsim_total_q[7]_i_10_n_0
                         CARRY4 (Prop_carry4_S[0]_CO[3])
                                                      0.423     4.802 r  gen_lane[1].i_p2_lane_slice/hsim_total_q_reg[7]_i_2/CO[3]
                         net (fo=1, unplaced)         0.000     4.802    gen_lane[0].i_p2_lane_slice/CO[0]
                         CARRY4 (Prop_carry4_CI_O[1])
                                                      0.269     5.071 f  gen_lane[0].i_p2_lane_slice/hsim_total_q_reg[10]_i_3/O[1]
                         net (fo=4, unplaced)         0.496     5.567    gen_lane[0].i_p2_lane_slice/in150[9]
                         LUT4 (Prop_lut4_I0_O)        0.265     5.832 r  gen_lane[0].i_p2_lane_slice/hmatch_best_dist_q[10]_i_7/O
                         net (fo=1, unplaced)         0.000     5.832    gen_lane[0].i_p2_lane_slice/hmatch_best_dist_q[10]_i_7_n_0
                         CARRY4 (Prop_carry4_DI[0]_CO[1])
                                                      0.443     6.275 r  gen_lane[0].i_p2_lane_slice/hmatch_best_dist_q_reg[10]_i_4/CO[1]
                         net (fo=1, unplaced)         0.240     6.515    gen_lane[0].i_p2_lane_slice/hmatch_best_dist_q_reg[10]_i_4_n_2
                         LUT5 (Prop_lut5_I4_O)        0.277     6.792 r  gen_lane[0].i_p2_lane_slice/hmatch_best_dist_q[10]_i_1/O
                         net (fo=19, unplaced)        0.425     7.217    gen_lane[0].i_p2_lane_slice_n_429
                         FDCE                                         r  hmatch_best_dist_q_reg[8]/CE
  -------------------------------------------------------------------    -------------------

                         (clock clk_i rise edge)      8.000     8.000 r  
                                                      0.000     8.000 r  clk_i (IN)
                         net (fo=2858, unset)         0.748     8.748    clk_i
                         FDCE                                         r  hmatch_best_dist_q_reg[8]/C
                         clock pessimism              0.000     8.748    
                         clock uncertainty           -0.035     8.712    
                         FDCE (Setup_fdce_C_CE)      -0.136     8.576    hmatch_best_dist_q_reg[8]
  -------------------------------------------------------------------
                         required time                          8.576    
                         arrival time                          -7.217    
  -------------------------------------------------------------------
                         slack                                  1.359    




