Copyright 1986-2022 Xilinx, Inc. All Rights Reserved. Copyright 2022-2024 Advanced Micro Devices, Inc. All Rights Reserved.
-------------------------------------------------------------------------------------------------------------------------------------------------------------------------------------------
| Tool Version : Vivado v.2024.2 (win64) Build 5239630 Fri Nov 08 22:35:27 MST 2024
| Date         : Wed Jun 10 19:11:04 2026
| Host         : WIN-20240824NZS running 64-bit major release  (build 9200)
| Command      : report_utilization -hierarchical -file E:/HDEC/cva6-vhdc-core/tmp/hdec_v15_pointmul_worktree/tmp/hdec_v16_pointmul/round05_diag_slot/ooc_200/reports/utilization_hier.rpt
| Design       : hdec_top
| Device       : xc7z020clg400-2
| Speed File   : -2
| Design State : Synthesized
-------------------------------------------------------------------------------------------------------------------------------------------------------------------------------------------

Utilization Design Information

Table of Contents
-----------------
1. Utilization by Hierarchy

1. Utilization by Hierarchy
---------------------------

+------------------------------+-------------------------+------------+------------+---------+------+------+--------+--------+------------+
|           Instance           |          Module         | Total LUTs | Logic LUTs | LUTRAMs | SRLs |  FFs | RAMB36 | RAMB18 | DSP Blocks |
+------------------------------+-------------------------+------------+------------+---------+------+------+--------+--------+------------+
| hdec_top                     |                   (top) |       5780 |       5308 |     472 |    0 | 2054 |      0 |      0 |          0 |
|   (hdec_top)                 |                   (top) |        934 |        806 |     128 |    0 | 1486 |      0 |      0 |          0 |
|   gen_lane[0].i_lane         |          hdec_lane_4x64 |        326 |        326 |       0 |    0 |    0 |      0 |      0 |          0 |
|     i_shift_align            | hdec_lane_shift_align_8 |        326 |        326 |       0 |    0 |    0 |      0 |      0 |          0 |
|   gen_lane[0].i_p2_pop_slice |       hdec_p2_pop_slice |        209 |        209 |       0 |    0 |   78 |      0 |      0 |          0 |
|   gen_lane[1].i_lane         |        hdec_lane_4x64_0 |        189 |        189 |       0 |    0 |    0 |      0 |      0 |          0 |
|     i_shift_align            | hdec_lane_shift_align_7 |        189 |        189 |       0 |    0 |    0 |      0 |      0 |          0 |
|   gen_lane[1].i_p2_pop_slice |     hdec_p2_pop_slice_1 |        193 |        193 |       0 |    0 |   78 |      0 |      0 |          0 |
|   gen_lane[2].i_lane         |        hdec_lane_4x64_2 |        153 |        153 |       0 |    0 |    0 |      0 |      0 |          0 |
|     i_shift_align            | hdec_lane_shift_align_6 |        153 |        153 |       0 |    0 |    0 |      0 |      0 |          0 |
|   gen_lane[2].i_p2_pop_slice |     hdec_p2_pop_slice_3 |        208 |        208 |       0 |    0 |   78 |      0 |      0 |          0 |
|   gen_lane[3].i_lane         |        hdec_lane_4x64_4 |        198 |        198 |       0 |    0 |    0 |      0 |      0 |          0 |
|     i_shift_align            |   hdec_lane_shift_align |        198 |        198 |       0 |    0 |    0 |      0 |      0 |          0 |
|   gen_lane[3].i_p2_pop_slice |     hdec_p2_pop_slice_5 |        293 |        293 |       0 |    0 |   78 |      0 |      0 |          0 |
|   i_vrf                      |         hdec_vrf_64x256 |       3077 |       2733 |     344 |    0 |  256 |      0 |      0 |          0 |
+------------------------------+-------------------------+------------+------------+---------+------+------+--------+--------+------------+


