Copyright 1986-2022 Xilinx, Inc. All Rights Reserved. Copyright 2022-2024 Advanced Micro Devices, Inc. All Rights Reserved.
--------------------------------------------------------------------------------------------------------------------------------------------------------------
| Tool Version : Vivado v.2024.2 (win64) Build 5239630 Fri Nov 08 22:35:27 MST 2024
| Date         : Sat Jun  6 17:22:22 2026
| Host         : WIN-20240824NZS running 64-bit major release  (build 9200)
| Command      : report_high_fanout_nets -max_nets 50 -file E:/HDEC/cva6-vhdc-core/reports/vivado/ooc_hdec_timing_atlas_e0925738/200mhz/high_fanout_top50.rpt
| Design       : hdec_top
| Device       : xc7z020
--------------------------------------------------------------------------------------------------------------------------------------------------------------

High Fan-out Nets Information

1. Summary
----------

+---------------------------------------+--------+-------------+
| Net Name                              | Fanout | Driver Type |
+---------------------------------------+--------+-------------+
| i_vrf/rst_ni_0                        |   2188 | LUT1        |
| i_vrf/lane_shift_valid[0]             |    509 | LUT2        |
| uop_p3_n                              |    454 | FDCE        |
| uop_p2_q_reg[use_xor]__0              |    290 | FDCE        |
| FSM_onehot_st_q_reg_n_0_[8]           |    288 | FDCE        |
| i_vrf/p_0_in[0]                       |    287 | FDCE        |
| i_vrf/init_state_q[0]                 |    282 | FDCE        |
| i_vrf/hperm_a_n                       |    262 | LUT4        |
| i_vrf/lane_result_q[3][63]_i_16_n_0   |    262 | LUT6        |
| i_vrf/uop_p1_q_reg[op_type][1]        |    261 | LUT4        |
| i_vrf/uop_p2_q_reg[use_shift]         |    258 | LUT2        |
| i_vrf/uop_p2_q_reg[use_counter]       |    258 | LUT2        |
| lane_result_n                         |    256 | LUT6        |
| i_vrf/lane_result_q[3][63]_i_14_n_0   |    256 | LUT6        |
| hcntadd_hv_n                          |    256 | LUT4        |
| i_vrf/p_1_in[0]                       |    216 | LUT5        |
| i_vrf/vrf_b2_reg_r1_0_63_0_2_i_11_n_0 |    216 | LUT5        |
| i_vrf/p_1_in[1]                       |    216 | LUT5        |
| i_vrf/vrf_b0_reg_r1_0_63_0_2_i_10_n_0 |    216 | LUT5        |
| i_vrf/vrf_b1_reg_r1_0_63_0_2_i_13_n_0 |    216 | LUT5        |
| i_vrf/vrf_b2_reg_r1_0_63_0_2_i_13_n_0 |    216 | LUT5        |
| i_vrf/vrf_b2_reg_r1_0_63_0_2_i_14_n_0 |    216 | LUT5        |
| i_vrf/vrf_b2_reg_r1_0_63_0_2_i_15_n_0 |    216 | LUT5        |
| i_vrf/p_1_in[5]                       |    216 | LUT5        |
| i_vrf/p_1_in[4]                       |    216 | LUT5        |
| i_vrf/vrf_b1_reg_r1_0_63_0_2_i_10_n_0 |    216 | LUT5        |
| i_vrf/p_1_in[2]                       |    216 | LUT5        |
| i_vrf/vrf_b2_reg_r1_0_63_0_2_i_10_n_0 |    216 | LUT5        |
| i_vrf/vrf_b0_reg_r1_0_63_0_2_i_15_n_0 |    216 | LUT5        |
| i_vrf/vrf_b0_reg_r1_0_63_0_2_i_14_n_0 |    216 | LUT5        |
| i_vrf/vrf_b0_reg_r1_0_63_0_2_i_13_n_0 |    216 | LUT5        |
| i_vrf/vrf_b0_reg_r1_0_63_0_2_i_12_n_0 |    216 | LUT5        |
| i_vrf/vrf_b1_reg_r1_0_63_0_2_i_11_n_0 |    216 | LUT5        |
| i_vrf/vrf_b0_reg_r1_0_63_0_2_i_11_n_0 |    216 | LUT5        |
| i_vrf/vrf_b1_reg_r1_0_63_0_2_i_12_n_0 |    216 | LUT5        |
| i_vrf/vrf_b1_reg_r1_0_63_0_2_i_15_n_0 |    216 | LUT5        |
| i_vrf/vrf_b1_reg_r1_0_63_0_2_i_14_n_0 |    216 | LUT5        |
| i_vrf/p_1_in[3]                       |    216 | LUT5        |
| i_vrf/vrf_b2_reg_r1_0_63_0_2_i_12_n_0 |    216 | LUT5        |
| i_vrf/lane_shift_nibble[0]            |    156 | LUT6        |
| i_vrf/lane_result_q[3][61]_i_13_n_0   |    138 | LUT6        |
| i_vrf/lane_result_q[3][61]_i_28_n_0   |    135 | LUT2        |
| i_vrf/lane_result_q[3][60]_i_10_n_0   |    135 | LUT6        |
| i_vrf/lane_result_q[3][60]_i_26_n_0   |    135 | LUT2        |
| i_vrf/lane_result_q[3][61]_i_27_n_0   |    135 | LUT2        |
| i_vrf/lane_result_q[3][60]_i_25_n_0   |    135 | LUT2        |
| i_vrf/lane_result_q[3][62]_i_12_n_0   |    132 | LUT6        |
| i_vrf/lane_result_q[2][63]_i_6_n_0    |    131 | LUT2        |
| i_vrf/lane_cnt_valid[0]               |    130 | LUT2        |
| i_vrf/vrf_we[1]                       |    128 | LUT4        |
+---------------------------------------+--------+-------------+


