Copyright 1986-2022 Xilinx, Inc. All Rights Reserved. Copyright 2022-2024 Advanced Micro Devices, Inc. All Rights Reserved.
--------------------------------------------------------------------------------------------------------------------------------------------------------------------------------------------
| Tool Version : Vivado v.2024.2 (win64) Build 5239630 Fri Nov 08 22:35:27 MST 2024
| Date         : Tue Aug  4 22:54:32 2026
| Host         : WIN-20240824NZS running 64-bit major release  (build 9200)
| Command      : report_methodology -file E:/HDEC/cva6-vhdc-core/tmp/hdec_vv35_ecc_area_worktree/reports/hdec/vv35_ecc_private_full_20260804/postroute_repair/reports/route_methodology.rpt
| Design       : hdec_top
| Device       : xc7z020clg400-2
| Speed File   : -2
| Design State : Fully Routed
--------------------------------------------------------------------------------------------------------------------------------------------------------------------------------------------

Report Methodology

Table of Contents
-----------------
1. REPORT SUMMARY
2. REPORT DETAILS

1. REPORT SUMMARY
-----------------
            Netlist: netlist
          Floorplan: checkpoint_04_route
      Design limits: <entire design considered>
             Max checks: <unlimited>
             Checks found: 140
+-----------+----------+--------------------------------------------+--------+
| Rule      | Severity | Description                                | Checks |
+-----------+----------+--------------------------------------------+--------+
| SYNTH-6   | Warning  | Timing of a RAM block might be sub-optimal | 4      |
| TIMING-18 | Warning  | Missing input or output delay              | 136    |
+-----------+----------+--------------------------------------------+--------+

2. REPORT DETAILS
-----------------
SYNTH-6#1 Warning
Timing of a RAM block might be sub-optimal  
The timing for the instance i_vrf/gen_bank[0].vrf_mem_reg, implemented as a RAM block, might be sub-optimal as no output register was merged into the block.
Related violations: <none>

SYNTH-6#2 Warning
Timing of a RAM block might be sub-optimal  
The timing for the instance i_vrf/gen_bank[1].vrf_mem_reg, implemented as a RAM block, might be sub-optimal as no output register was merged into the block.
Related violations: <none>

SYNTH-6#3 Warning
Timing of a RAM block might be sub-optimal  
The timing for the instance i_vrf/gen_bank[2].vrf_mem_reg, implemented as a RAM block, might be sub-optimal as no output register was merged into the block.
Related violations: <none>

SYNTH-6#4 Warning
Timing of a RAM block might be sub-optimal  
The timing for the instance i_vrf/gen_bank[3].vrf_mem_reg, implemented as a RAM block, might be sub-optimal as no output register was merged into the block.
Related violations: <none>

TIMING-18#1 Warning
Missing input or output delay  
An input delay is missing on operand_a_i[0] relative to the rising and/or falling clock edge(s) of clk_i.
Related violations: <none>

TIMING-18#2 Warning
Missing input or output delay  
An input delay is missing on operand_a_i[10] relative to the rising and/or falling clock edge(s) of clk_i.
Related violations: <none>

TIMING-18#3 Warning
Missing input or output delay  
An input delay is missing on operand_a_i[11] relative to the rising and/or falling clock edge(s) of clk_i.
Related violations: <none>

TIMING-18#4 Warning
Missing input or output delay  
An input delay is missing on operand_a_i[12] relative to the rising and/or falling clock edge(s) of clk_i.
Related violations: <none>

TIMING-18#5 Warning
Missing input or output delay  
An input delay is missing on operand_a_i[13] relative to the rising and/or falling clock edge(s) of clk_i.
Related violations: <none>

TIMING-18#6 Warning
Missing input or output delay  
An input delay is missing on operand_a_i[14] relative to the rising and/or falling clock edge(s) of clk_i.
Related violations: <none>

TIMING-18#7 Warning
Missing input or output delay  
An input delay is missing on operand_a_i[15] relative to the rising and/or falling clock edge(s) of clk_i.
Related violations: <none>

TIMING-18#8 Warning
Missing input or output delay  
An input delay is missing on operand_a_i[16] relative to the rising and/or falling clock edge(s) of clk_i.
Related violations: <none>

TIMING-18#9 Warning
Missing input or output delay  
An input delay is missing on operand_a_i[17] relative to the rising and/or falling clock edge(s) of clk_i.
Related violations: <none>

TIMING-18#10 Warning
Missing input or output delay  
An input delay is missing on operand_a_i[18] relative to the rising and/or falling clock edge(s) of clk_i.
Related violations: <none>

TIMING-18#11 Warning
Missing input or output delay  
An input delay is missing on operand_a_i[19] relative to the rising and/or falling clock edge(s) of clk_i.
Related violations: <none>

TIMING-18#12 Warning
Missing input or output delay  
An input delay is missing on operand_a_i[1] relative to the rising and/or falling clock edge(s) of clk_i.
Related violations: <none>

TIMING-18#13 Warning
Missing input or output delay  
An input delay is missing on operand_a_i[20] relative to the rising and/or falling clock edge(s) of clk_i.
Related violations: <none>

TIMING-18#14 Warning
Missing input or output delay  
An input delay is missing on operand_a_i[21] relative to the rising and/or falling clock edge(s) of clk_i.
Related violations: <none>

TIMING-18#15 Warning
Missing input or output delay  
An input delay is missing on operand_a_i[22] relative to the rising and/or falling clock edge(s) of clk_i.
Related violations: <none>

TIMING-18#16 Warning
Missing input or output delay  
An input delay is missing on operand_a_i[23] relative to the rising and/or falling clock edge(s) of clk_i.
Related violations: <none>

TIMING-18#17 Warning
Missing input or output delay  
An input delay is missing on operand_a_i[24] relative to the rising and/or falling clock edge(s) of clk_i.
Related violations: <none>

TIMING-18#18 Warning
Missing input or output delay  
An input delay is missing on operand_a_i[25] relative to the rising and/or falling clock edge(s) of clk_i.
Related violations: <none>

TIMING-18#19 Warning
Missing input or output delay  
An input delay is missing on operand_a_i[26] relative to the rising and/or falling clock edge(s) of clk_i.
Related violations: <none>

TIMING-18#20 Warning
Missing input or output delay  
An input delay is missing on operand_a_i[27] relative to the rising and/or falling clock edge(s) of clk_i.
Related violations: <none>

TIMING-18#21 Warning
Missing input or output delay  
An input delay is missing on operand_a_i[28] relative to the rising and/or falling clock edge(s) of clk_i.
Related violations: <none>

TIMING-18#22 Warning
Missing input or output delay  
An input delay is missing on operand_a_i[29] relative to the rising and/or falling clock edge(s) of clk_i.
Related violations: <none>

TIMING-18#23 Warning
Missing input or output delay  
An input delay is missing on operand_a_i[2] relative to the rising and/or falling clock edge(s) of clk_i.
Related violations: <none>

TIMING-18#24 Warning
Missing input or output delay  
An input delay is missing on operand_a_i[30] relative to the rising and/or falling clock edge(s) of clk_i.
Related violations: <none>

TIMING-18#25 Warning
Missing input or output delay  
An input delay is missing on operand_a_i[31] relative to the rising and/or falling clock edge(s) of clk_i.
Related violations: <none>

TIMING-18#26 Warning
Missing input or output delay  
An input delay is missing on operand_a_i[32] relative to the rising and/or falling clock edge(s) of clk_i.
Related violations: <none>

TIMING-18#27 Warning
Missing input or output delay  
An input delay is missing on operand_a_i[33] relative to the rising and/or falling clock edge(s) of clk_i.
Related violations: <none>

TIMING-18#28 Warning
Missing input or output delay  
An input delay is missing on operand_a_i[34] relative to the rising and/or falling clock edge(s) of clk_i.
Related violations: <none>

TIMING-18#29 Warning
Missing input or output delay  
An input delay is missing on operand_a_i[35] relative to the rising and/or falling clock edge(s) of clk_i.
Related violations: <none>

TIMING-18#30 Warning
Missing input or output delay  
An input delay is missing on operand_a_i[36] relative to the rising and/or falling clock edge(s) of clk_i.
Related violations: <none>

TIMING-18#31 Warning
Missing input or output delay  
An input delay is missing on operand_a_i[37] relative to the rising and/or falling clock edge(s) of clk_i.
Related violations: <none>

TIMING-18#32 Warning
Missing input or output delay  
An input delay is missing on operand_a_i[38] relative to the rising and/or falling clock edge(s) of clk_i.
Related violations: <none>

TIMING-18#33 Warning
Missing input or output delay  
An input delay is missing on operand_a_i[39] relative to the rising and/or falling clock edge(s) of clk_i.
Related violations: <none>

TIMING-18#34 Warning
Missing input or output delay  
An input delay is missing on operand_a_i[3] relative to the rising and/or falling clock edge(s) of clk_i.
Related violations: <none>

TIMING-18#35 Warning
Missing input or output delay  
An input delay is missing on operand_a_i[40] relative to the rising and/or falling clock edge(s) of clk_i.
Related violations: <none>

TIMING-18#36 Warning
Missing input or output delay  
An input delay is missing on operand_a_i[41] relative to the rising and/or falling clock edge(s) of clk_i.
Related violations: <none>

TIMING-18#37 Warning
Missing input or output delay  
An input delay is missing on operand_a_i[42] relative to the rising and/or falling clock edge(s) of clk_i.
Related violations: <none>

TIMING-18#38 Warning
Missing input or output delay  
An input delay is missing on operand_a_i[43] relative to the rising and/or falling clock edge(s) of clk_i.
Related violations: <none>

TIMING-18#39 Warning
Missing input or output delay  
An input delay is missing on operand_a_i[44] relative to the rising and/or falling clock edge(s) of clk_i.
Related violations: <none>

TIMING-18#40 Warning
Missing input or output delay  
An input delay is missing on operand_a_i[45] relative to the rising and/or falling clock edge(s) of clk_i.
Related violations: <none>

TIMING-18#41 Warning
Missing input or output delay  
An input delay is missing on operand_a_i[46] relative to the rising and/or falling clock edge(s) of clk_i.
Related violations: <none>

TIMING-18#42 Warning
Missing input or output delay  
An input delay is missing on operand_a_i[47] relative to the rising and/or falling clock edge(s) of clk_i.
Related violations: <none>

TIMING-18#43 Warning
Missing input or output delay  
An input delay is missing on operand_a_i[48] relative to the rising and/or falling clock edge(s) of clk_i.
Related violations: <none>

TIMING-18#44 Warning
Missing input or output delay  
An input delay is missing on operand_a_i[49] relative to the rising and/or falling clock edge(s) of clk_i.
Related violations: <none>

TIMING-18#45 Warning
Missing input or output delay  
An input delay is missing on operand_a_i[4] relative to the rising and/or falling clock edge(s) of clk_i.
Related violations: <none>

TIMING-18#46 Warning
Missing input or output delay  
An input delay is missing on operand_a_i[50] relative to the rising and/or falling clock edge(s) of clk_i.
Related violations: <none>

TIMING-18#47 Warning
Missing input or output delay  
An input delay is missing on operand_a_i[51] relative to the rising and/or falling clock edge(s) of clk_i.
Related violations: <none>

TIMING-18#48 Warning
Missing input or output delay  
An input delay is missing on operand_a_i[52] relative to the rising and/or falling clock edge(s) of clk_i.
Related violations: <none>

TIMING-18#49 Warning
Missing input or output delay  
An input delay is missing on operand_a_i[53] relative to the rising and/or falling clock edge(s) of clk_i.
Related violations: <none>

TIMING-18#50 Warning
Missing input or output delay  
An input delay is missing on operand_a_i[54] relative to the rising and/or falling clock edge(s) of clk_i.
Related violations: <none>

TIMING-18#51 Warning
Missing input or output delay  
An input delay is missing on operand_a_i[55] relative to the rising and/or falling clock edge(s) of clk_i.
Related violations: <none>

TIMING-18#52 Warning
Missing input or output delay  
An input delay is missing on operand_a_i[56] relative to the rising and/or falling clock edge(s) of clk_i.
Related violations: <none>

TIMING-18#53 Warning
Missing input or output delay  
An input delay is missing on operand_a_i[57] relative to the rising and/or falling clock edge(s) of clk_i.
Related violations: <none>

TIMING-18#54 Warning
Missing input or output delay  
An input delay is missing on operand_a_i[58] relative to the rising and/or falling clock edge(s) of clk_i.
Related violations: <none>

TIMING-18#55 Warning
Missing input or output delay  
An input delay is missing on operand_a_i[59] relative to the rising and/or falling clock edge(s) of clk_i.
Related violations: <none>

TIMING-18#56 Warning
Missing input or output delay  
An input delay is missing on operand_a_i[5] relative to the rising and/or falling clock edge(s) of clk_i.
Related violations: <none>

TIMING-18#57 Warning
Missing input or output delay  
An input delay is missing on operand_a_i[60] relative to the rising and/or falling clock edge(s) of clk_i.
Related violations: <none>

TIMING-18#58 Warning
Missing input or output delay  
An input delay is missing on operand_a_i[61] relative to the rising and/or falling clock edge(s) of clk_i.
Related violations: <none>

TIMING-18#59 Warning
Missing input or output delay  
An input delay is missing on operand_a_i[62] relative to the rising and/or falling clock edge(s) of clk_i.
Related violations: <none>

TIMING-18#60 Warning
Missing input or output delay  
An input delay is missing on operand_a_i[63] relative to the rising and/or falling clock edge(s) of clk_i.
Related violations: <none>

TIMING-18#61 Warning
Missing input or output delay  
An input delay is missing on operand_a_i[6] relative to the rising and/or falling clock edge(s) of clk_i.
Related violations: <none>

TIMING-18#62 Warning
Missing input or output delay  
An input delay is missing on operand_a_i[7] relative to the rising and/or falling clock edge(s) of clk_i.
Related violations: <none>

TIMING-18#63 Warning
Missing input or output delay  
An input delay is missing on operand_a_i[8] relative to the rising and/or falling clock edge(s) of clk_i.
Related violations: <none>

TIMING-18#64 Warning
Missing input or output delay  
An input delay is missing on operand_a_i[9] relative to the rising and/or falling clock edge(s) of clk_i.
Related violations: <none>

TIMING-18#65 Warning
Missing input or output delay  
An input delay is missing on operator_i[0] relative to the rising and/or falling clock edge(s) of clk_i.
Related violations: <none>

TIMING-18#66 Warning
Missing input or output delay  
An input delay is missing on operator_i[1] relative to the rising and/or falling clock edge(s) of clk_i.
Related violations: <none>

TIMING-18#67 Warning
Missing input or output delay  
An input delay is missing on operator_i[2] relative to the rising and/or falling clock edge(s) of clk_i.
Related violations: <none>

TIMING-18#68 Warning
Missing input or output delay  
An input delay is missing on operator_i[3] relative to the rising and/or falling clock edge(s) of clk_i.
Related violations: <none>

TIMING-18#69 Warning
Missing input or output delay  
An input delay is missing on rst_ni relative to the rising and/or falling clock edge(s) of clk_i.
Related violations: <none>

TIMING-18#70 Warning
Missing input or output delay  
An input delay is missing on valid_i relative to the rising and/or falling clock edge(s) of clk_i.
Related violations: <none>

TIMING-18#71 Warning
Missing input or output delay  
An output delay is missing on ready_o relative to the rising and/or falling clock edge(s) of clk_i.
Related violations: <none>

TIMING-18#72 Warning
Missing input or output delay  
An output delay is missing on result_o[0] relative to the rising and/or falling clock edge(s) of clk_i.
Related violations: <none>

TIMING-18#73 Warning
Missing input or output delay  
An output delay is missing on result_o[10] relative to the rising and/or falling clock edge(s) of clk_i.
Related violations: <none>

TIMING-18#74 Warning
Missing input or output delay  
An output delay is missing on result_o[11] relative to the rising and/or falling clock edge(s) of clk_i.
Related violations: <none>

TIMING-18#75 Warning
Missing input or output delay  
An output delay is missing on result_o[12] relative to the rising and/or falling clock edge(s) of clk_i.
Related violations: <none>

TIMING-18#76 Warning
Missing input or output delay  
An output delay is missing on result_o[13] relative to the rising and/or falling clock edge(s) of clk_i.
Related violations: <none>

TIMING-18#77 Warning
Missing input or output delay  
An output delay is missing on result_o[14] relative to the rising and/or falling clock edge(s) of clk_i.
Related violations: <none>

TIMING-18#78 Warning
Missing input or output delay  
An output delay is missing on result_o[15] relative to the rising and/or falling clock edge(s) of clk_i.
Related violations: <none>

TIMING-18#79 Warning
Missing input or output delay  
An output delay is missing on result_o[16] relative to the rising and/or falling clock edge(s) of clk_i.
Related violations: <none>

TIMING-18#80 Warning
Missing input or output delay  
An output delay is missing on result_o[17] relative to the rising and/or falling clock edge(s) of clk_i.
Related violations: <none>

TIMING-18#81 Warning
Missing input or output delay  
An output delay is missing on result_o[18] relative to the rising and/or falling clock edge(s) of clk_i.
Related violations: <none>

TIMING-18#82 Warning
Missing input or output delay  
An output delay is missing on result_o[19] relative to the rising and/or falling clock edge(s) of clk_i.
Related violations: <none>

TIMING-18#83 Warning
Missing input or output delay  
An output delay is missing on result_o[1] relative to the rising and/or falling clock edge(s) of clk_i.
Related violations: <none>

TIMING-18#84 Warning
Missing input or output delay  
An output delay is missing on result_o[20] relative to the rising and/or falling clock edge(s) of clk_i.
Related violations: <none>

TIMING-18#85 Warning
Missing input or output delay  
An output delay is missing on result_o[21] relative to the rising and/or falling clock edge(s) of clk_i.
Related violations: <none>

TIMING-18#86 Warning
Missing input or output delay  
An output delay is missing on result_o[22] relative to the rising and/or falling clock edge(s) of clk_i.
Related violations: <none>

TIMING-18#87 Warning
Missing input or output delay  
An output delay is missing on result_o[23] relative to the rising and/or falling clock edge(s) of clk_i.
Related violations: <none>

TIMING-18#88 Warning
Missing input or output delay  
An output delay is missing on result_o[24] relative to the rising and/or falling clock edge(s) of clk_i.
Related violations: <none>

TIMING-18#89 Warning
Missing input or output delay  
An output delay is missing on result_o[25] relative to the rising and/or falling clock edge(s) of clk_i.
Related violations: <none>

TIMING-18#90 Warning
Missing input or output delay  
An output delay is missing on result_o[26] relative to the rising and/or falling clock edge(s) of clk_i.
Related violations: <none>

TIMING-18#91 Warning
Missing input or output delay  
An output delay is missing on result_o[27] relative to the rising and/or falling clock edge(s) of clk_i.
Related violations: <none>

TIMING-18#92 Warning
Missing input or output delay  
An output delay is missing on result_o[28] relative to the rising and/or falling clock edge(s) of clk_i.
Related violations: <none>

TIMING-18#93 Warning
Missing input or output delay  
An output delay is missing on result_o[29] relative to the rising and/or falling clock edge(s) of clk_i.
Related violations: <none>

TIMING-18#94 Warning
Missing input or output delay  
An output delay is missing on result_o[2] relative to the rising and/or falling clock edge(s) of clk_i.
Related violations: <none>

TIMING-18#95 Warning
Missing input or output delay  
An output delay is missing on result_o[30] relative to the rising and/or falling clock edge(s) of clk_i.
Related violations: <none>

TIMING-18#96 Warning
Missing input or output delay  
An output delay is missing on result_o[31] relative to the rising and/or falling clock edge(s) of clk_i.
Related violations: <none>

TIMING-18#97 Warning
Missing input or output delay  
An output delay is missing on result_o[32] relative to the rising and/or falling clock edge(s) of clk_i.
Related violations: <none>

TIMING-18#98 Warning
Missing input or output delay  
An output delay is missing on result_o[33] relative to the rising and/or falling clock edge(s) of clk_i.
Related violations: <none>

TIMING-18#99 Warning
Missing input or output delay  
An output delay is missing on result_o[34] relative to the rising and/or falling clock edge(s) of clk_i.
Related violations: <none>

TIMING-18#100 Warning
Missing input or output delay  
An output delay is missing on result_o[35] relative to the rising and/or falling clock edge(s) of clk_i.
Related violations: <none>

TIMING-18#101 Warning
Missing input or output delay  
An output delay is missing on result_o[36] relative to the rising and/or falling clock edge(s) of clk_i.
Related violations: <none>

TIMING-18#102 Warning
Missing input or output delay  
An output delay is missing on result_o[37] relative to the rising and/or falling clock edge(s) of clk_i.
Related violations: <none>

TIMING-18#103 Warning
Missing input or output delay  
An output delay is missing on result_o[38] relative to the rising and/or falling clock edge(s) of clk_i.
Related violations: <none>

TIMING-18#104 Warning
Missing input or output delay  
An output delay is missing on result_o[39] relative to the rising and/or falling clock edge(s) of clk_i.
Related violations: <none>

TIMING-18#105 Warning
Missing input or output delay  
An output delay is missing on result_o[3] relative to the rising and/or falling clock edge(s) of clk_i.
Related violations: <none>

TIMING-18#106 Warning
Missing input or output delay  
An output delay is missing on result_o[40] relative to the rising and/or falling clock edge(s) of clk_i.
Related violations: <none>

TIMING-18#107 Warning
Missing input or output delay  
An output delay is missing on result_o[41] relative to the rising and/or falling clock edge(s) of clk_i.
Related violations: <none>

TIMING-18#108 Warning
Missing input or output delay  
An output delay is missing on result_o[42] relative to the rising and/or falling clock edge(s) of clk_i.
Related violations: <none>

TIMING-18#109 Warning
Missing input or output delay  
An output delay is missing on result_o[43] relative to the rising and/or falling clock edge(s) of clk_i.
Related violations: <none>

TIMING-18#110 Warning
Missing input or output delay  
An output delay is missing on result_o[44] relative to the rising and/or falling clock edge(s) of clk_i.
Related violations: <none>

TIMING-18#111 Warning
Missing input or output delay  
An output delay is missing on result_o[45] relative to the rising and/or falling clock edge(s) of clk_i.
Related violations: <none>

TIMING-18#112 Warning
Missing input or output delay  
An output delay is missing on result_o[46] relative to the rising and/or falling clock edge(s) of clk_i.
Related violations: <none>

TIMING-18#113 Warning
Missing input or output delay  
An output delay is missing on result_o[47] relative to the rising and/or falling clock edge(s) of clk_i.
Related violations: <none>

TIMING-18#114 Warning
Missing input or output delay  
An output delay is missing on result_o[48] relative to the rising and/or falling clock edge(s) of clk_i.
Related violations: <none>

TIMING-18#115 Warning
Missing input or output delay  
An output delay is missing on result_o[49] relative to the rising and/or falling clock edge(s) of clk_i.
Related violations: <none>

TIMING-18#116 Warning
Missing input or output delay  
An output delay is missing on result_o[4] relative to the rising and/or falling clock edge(s) of clk_i.
Related violations: <none>

TIMING-18#117 Warning
Missing input or output delay  
An output delay is missing on result_o[50] relative to the rising and/or falling clock edge(s) of clk_i.
Related violations: <none>

TIMING-18#118 Warning
Missing input or output delay  
An output delay is missing on result_o[51] relative to the rising and/or falling clock edge(s) of clk_i.
Related violations: <none>

TIMING-18#119 Warning
Missing input or output delay  
An output delay is missing on result_o[52] relative to the rising and/or falling clock edge(s) of clk_i.
Related violations: <none>

TIMING-18#120 Warning
Missing input or output delay  
An output delay is missing on result_o[53] relative to the rising and/or falling clock edge(s) of clk_i.
Related violations: <none>

TIMING-18#121 Warning
Missing input or output delay  
An output delay is missing on result_o[54] relative to the rising and/or falling clock edge(s) of clk_i.
Related violations: <none>

TIMING-18#122 Warning
Missing input or output delay  
An output delay is missing on result_o[55] relative to the rising and/or falling clock edge(s) of clk_i.
Related violations: <none>

TIMING-18#123 Warning
Missing input or output delay  
An output delay is missing on result_o[56] relative to the rising and/or falling clock edge(s) of clk_i.
Related violations: <none>

TIMING-18#124 Warning
Missing input or output delay  
An output delay is missing on result_o[57] relative to the rising and/or falling clock edge(s) of clk_i.
Related violations: <none>

TIMING-18#125 Warning
Missing input or output delay  
An output delay is missing on result_o[58] relative to the rising and/or falling clock edge(s) of clk_i.
Related violations: <none>

TIMING-18#126 Warning
Missing input or output delay  
An output delay is missing on result_o[59] relative to the rising and/or falling clock edge(s) of clk_i.
Related violations: <none>

TIMING-18#127 Warning
Missing input or output delay  
An output delay is missing on result_o[5] relative to the rising and/or falling clock edge(s) of clk_i.
Related violations: <none>

TIMING-18#128 Warning
Missing input or output delay  
An output delay is missing on result_o[60] relative to the rising and/or falling clock edge(s) of clk_i.
Related violations: <none>

TIMING-18#129 Warning
Missing input or output delay  
An output delay is missing on result_o[61] relative to the rising and/or falling clock edge(s) of clk_i.
Related violations: <none>

TIMING-18#130 Warning
Missing input or output delay  
An output delay is missing on result_o[62] relative to the rising and/or falling clock edge(s) of clk_i.
Related violations: <none>

TIMING-18#131 Warning
Missing input or output delay  
An output delay is missing on result_o[63] relative to the rising and/or falling clock edge(s) of clk_i.
Related violations: <none>

TIMING-18#132 Warning
Missing input or output delay  
An output delay is missing on result_o[6] relative to the rising and/or falling clock edge(s) of clk_i.
Related violations: <none>

TIMING-18#133 Warning
Missing input or output delay  
An output delay is missing on result_o[7] relative to the rising and/or falling clock edge(s) of clk_i.
Related violations: <none>

TIMING-18#134 Warning
Missing input or output delay  
An output delay is missing on result_o[8] relative to the rising and/or falling clock edge(s) of clk_i.
Related violations: <none>

TIMING-18#135 Warning
Missing input or output delay  
An output delay is missing on result_o[9] relative to the rising and/or falling clock edge(s) of clk_i.
Related violations: <none>

TIMING-18#136 Warning
Missing input or output delay  
An output delay is missing on valid_o relative to the rising and/or falling clock edge(s) of clk_i.
Related violations: <none>


