Copyright 1986-2022 Xilinx, Inc. All Rights Reserved. Copyright 2022-2024 Advanced Micro Devices, Inc. All Rights Reserved.
--------------------------------------------------------------------------------------------------------------------------------------------------------------------------------------------------------------------------------
| Tool Version : Vivado v.2024.2 (win64) Build 5239630 Fri Nov 08 22:35:27 MST 2024
| Date         : Wed Jul  1 02:42:46 2026
| Host         : WIN-20240824NZS running 64-bit major release  (build 9200)
| Command      : report_high_fanout_nets -timing -load_types -max_nets 50 -file E:/HDEC/cva6-vhdc-core/tmp/hdec_v15_pointmul_worktree/reports/cva6_hdec_lite_impl_2026_07_01/impl_zynq7020_lite_bufg/high_fanout_post_synth.rpt
| Design       : cva6_hdec_lite_impl_wrapper
| Device       : xc7z020
--------------------------------------------------------------------------------------------------------------------------------------------------------------------------------------------------------------------------------

High Fan-out Nets Information

1. Fanout Summary
-----------------

+------------------------------------------------------------------------------------------------------------------------------------------------+--------+-------------+-----------------+-----------------+--------------+-----------+--------------+-------+
| Net Name                                                                                                                                       | Fanout | Driver Type | Worst Slack(ns) | Worst Delay(ns) | Clock Enable | Set/Reset | Data & Other | Clock |
+------------------------------------------------------------------------------------------------------------------------------------------------+--------+-------------+-----------------+-----------------+--------------+-----------+--------------+-------+
| i_ariane/i_cva6/ex_stage_i/lsu_i/i_store_unit/store_buffer_i/rst_ni                                                                            |   6395 | LUT1        |             inf |           0.644 |            0 |      6395 |            0 |     0 |
| i_ariane/gen_hdec_coprocessor.i_hdec_coprocessor/i_hdec_top/word_idx[1]                                                                        |    350 | FDCE        |           1.044 |           0.779 |            0 |         0 |          350 |     0 |
| i_ariane/i_cva6/gen_cache_wt.i_cache_subsystem/i_wt_dcache/i_wt_dcache_missunit/miss_req_masked_q_reg[1]_0                                     |    320 | LUT6        |          -3.536 |           0.582 |            0 |         0 |          320 |     0 |
| i_ariane/i_cva6/gen_cache_wt.i_cache_subsystem/i_adapter/i_dcache_data_fifo/gen_fpga_queue.fifo_ram/status_cnt_q_reg[0]                        |    297 | LUT3        |          -4.894 |           0.347 |          168 |         0 |          129 |     0 |
| i_ariane/i_cva6/ex_stage_i/i_mult/i_div/FSM_sequential_state_q_reg[1]_0                                                                        |    273 | LUT4        |          -6.277 |           0.347 |            8 |         0 |          265 |     0 |
| i_ariane/gen_hdec_coprocessor.i_hdec_coprocessor/i_hdec_top/FSM_onehot_st_q_reg_n_0_[50]                                                       |    267 | FDCE        |           1.257 |           0.779 |            0 |         0 |          267 |     0 |
| i_ariane/gen_hdec_coprocessor.i_hdec_coprocessor/i_hdec_top/ecc_autoreduce_q_reg_0                                                             |    264 | LUT2        |           2.278 |           0.582 |            0 |         0 |          264 |     0 |
| i_ariane/gen_hdec_coprocessor.i_hdec_coprocessor/i_hdec_top/i_vec/payload_q[3][63]_i_5_n_0                                                     |    264 | LUT4        |           1.584 |           0.582 |            0 |         0 |          264 |     0 |
| i_ariane/gen_hdec_coprocessor.i_hdec_coprocessor/i_hdec_top/FSM_onehot_st_q_reg_n_0_[33]                                                       |    257 | FDCE        |           1.036 |           0.779 |            0 |         0 |          257 |     0 |
| i_ariane/i_cva6/issue_stage_i/i_issue_read_operands/fu_data_q_reg[0][operation][3]_0                                                           |    257 | LUT6        |          -4.874 |           0.347 |            0 |         0 |          257 |     0 |
| i_ariane/gen_hdec_coprocessor.i_hdec_coprocessor/i_hdec_top/i_vec/payload_q[3][63]_i_7_n_0                                                     |    256 | LUT6        |           1.445 |           0.328 |            0 |         0 |          256 |     0 |
| i_ariane/i_cva6/id_stage_i/issue_q_reg[0][valid]_0[0]                                                                                          |    222 | LUT3        |          -8.777 |           0.347 |          220 |         0 |            2 |     0 |
| i_ariane/i_cva6/issue_stage_i/i_scoreboard/wfi_q_reg_0                                                                                         |    209 | LUT4        |          -8.905 |           0.347 |            0 |         0 |          209 |     0 |
| i_ariane/i_cva6/id_stage_i/issue_entry_o[0][rs1][0]                                                                                            |    200 | FDCE        |          -4.077 |           0.779 |            0 |         0 |          200 |     0 |
| i_ariane/i_cva6/issue_stage_i/i_scoreboard/mtvec_q[36]_i_3_n_0                                                                                 |    182 | LUT4        |          -0.779 |           0.582 |            0 |         0 |          182 |     0 |
| i_ariane/gen_hdec_coprocessor.i_hdec_coprocessor/i_hdec_top/ecc_fold_word_q_reg[1]_1                                                           |    180 | LUT6        |           1.044 |           0.582 |            0 |         0 |          180 |     0 |
| i_ariane/i_cva6/issue_stage_i/i_scoreboard/ADDRD[0]                                                                                            |    177 | LUT6        |          -3.066 |           0.582 |            0 |         0 |          177 |     0 |
| i_ariane/i_cva6/issue_stage_i/i_scoreboard/ADDRD[2]                                                                                            |    177 | LUT6        |          -2.831 |           0.347 |            0 |         0 |          177 |     0 |
| i_ariane/i_cva6/issue_stage_i/i_scoreboard/we_i[0]                                                                                             |    177 | LUT6        |          -6.968 |           0.347 |          176 |         0 |            1 |     0 |
| i_ariane/i_cva6/issue_stage_i/i_scoreboard/ADDRD[1]                                                                                            |    177 | LUT6        |          -2.812 |           0.328 |            0 |         0 |          177 |     0 |
| i_ariane/i_cva6/issue_stage_i/i_scoreboard/ADDRD[3]                                                                                            |    177 | LUT6        |          -2.633 |           0.582 |            0 |         0 |          177 |     0 |
| i_ariane/i_cva6/issue_stage_i/i_scoreboard/ADDRD[4]                                                                                            |    177 | LUT6        |          -2.579 |           0.528 |            0 |         0 |          177 |     0 |
| i_ariane/i_cva6/issue_stage_i/i_issue_read_operands/alu_valid_id_ex                                                                            |    175 | FDCE        |          -9.898 |           0.657 |            0 |         0 |          175 |     0 |
| i_ariane/i_cva6/issue_stage_i/i_issue_read_operands/branch_valid_q_reg[0]_0                                                                    |    172 | FDCE        |          -9.898 |           0.779 |            0 |         0 |          172 |     0 |
| i_ariane/i_cva6/issue_stage_i/i_issue_read_operands/pc_o_reg[1]_0[0]                                                                           |    168 | FDCE        |          -6.835 |           0.657 |            0 |         0 |          168 |     0 |
| i_ariane/i_cva6/gen_cache_wt.i_cache_subsystem/i_adapter/i_dcache_data_fifo/gen_fpga_queue.fifo_ram/fifo_ram_write_address                     |    168 | LUT2        |          -4.894 |           0.782 |            0 |         0 |          168 |     0 |
| i_ariane/i_cva6/id_stage_i/issue_entry_o[0][result][31]                                                                                        |    166 | FDCE        |           2.791 |           0.779 |            0 |         0 |          166 |     0 |
| i_ariane/i_cva6/gen_cache_wt.i_cache_subsystem/i_cva6_icache/gen_sram[1].tag_sram/data_sram/gen_cut[0].i_tc_sram_wrapper/i_ram/Mem_DP_reg_1[0] |    165 | LUT3        |          -6.555 |           0.366 |          164 |         0 |            1 |     0 |
| i_ariane/i_cva6/id_stage_i/issue_entry_o[0][rs1][1]                                                                                            |    164 | FDCE        |          -3.661 |           0.657 |            0 |         0 |          164 |     0 |
| i_ariane/i_cva6/gen_cache_wt.i_cache_subsystem/i_wt_dcache/i_wt_dcache_wbuffer/tx_stat_q_reg[0][ptr]                                           |    162 | FDCE        |          -2.367 |           0.599 |            0 |         0 |          162 |     0 |
| i_ariane/i_cva6/i_frontend/i_instr_realign/mem_reg_0_1_6_11_i_10_n_0                                                                           |    161 | LUT6        |          -4.121 |           0.938 |            0 |         0 |          161 |     0 |
| i_ariane/i_cva6/issue_stage_i/i_issue_read_operands/csr_valid_q_reg[0]_0                                                                       |    158 | FDCE        |         -10.017 |           0.779 |           12 |         0 |          146 |     0 |
| i_ariane/i_cva6/issue_stage_i/i_scoreboard/Q[0]                                                                                                |    157 | FDCE        |          -8.905 |           0.779 |            0 |         0 |          157 |     0 |
| i_ariane/i_cva6/issue_stage_i/i_scoreboard/Q[1]                                                                                                |    156 | FDCE        |          -8.783 |           0.657 |            0 |         0 |          156 |     0 |
| i_ariane/i_cva6/issue_stage_i/i_issue_read_operands/mem_q[0][sbe][result][63]_i_23_n_0                                                         |    155 | LUT6        |          -3.110 |           0.528 |            0 |         0 |          155 |     0 |
| i_ariane/i_cva6/gen_cache_wt.i_cache_subsystem/i_wt_dcache/i_wt_dcache_missunit/wr_cl_vld                                                      |    153 | LUT3        |          -2.367 |           0.938 |            1 |         0 |          152 |     0 |
| i_ariane/i_cva6/id_stage_i/issue_entry_o[0][rs1][2]                                                                                            |    151 | FDCE        |          -3.781 |           0.779 |            0 |         0 |          151 |     0 |
| i_ariane/i_cva6/ex_stage_i/lsu_i/lsu_bypass_i/read_pointer_q                                                                                   |    145 | FDCE        |          -4.496 |           0.657 |            0 |         0 |          145 |     0 |
| i_ariane/i_cva6/ex_stage_i/lsu_i/i_store_unit/store_buffer_i/FSM_sequential_state_q_reg[2]                                                     |    144 | LUT5        |          -4.992 |           0.582 |            0 |         0 |          144 |     0 |
| i_ariane/i_cva6/ex_stage_i/lsu_i/lsu_bypass_i/status_cnt_q_reg[0]_0                                                                            |    143 | LUT2        |          -4.783 |           0.328 |            0 |         0 |          143 |     0 |
| i_ariane/i_cva6/ex_stage_i/lsu_i/i_load_unit/E[0]                                                                                              |    142 | LUT5        |          -4.431 |           0.366 |          141 |         0 |            1 |     0 |
| i_ariane/i_cva6/id_stage_i/issue_entry_o[0][rs1][3]                                                                                            |    142 | FDCE        |          -3.053 |           0.657 |            0 |         0 |          142 |     0 |
| i_ariane/i_cva6/ex_stage_i/lsu_i/i_store_unit/store_buffer_i/write_pointer_q_reg[0]                                                            |    141 | LUT3        |          -4.992 |           0.366 |          141 |         0 |            0 |     0 |
| i_ariane/gen_hdec_coprocessor.i_hdec_coprocessor/i_hdec_top/FSM_onehot_st_q_reg_n_0_[52]                                                       |    141 | FDCE        |           1.276 |           0.779 |            0 |         0 |          141 |     0 |
| i_ariane/i_cva6/id_stage_i/issue_entry_o[0][rs1][4]                                                                                            |    140 | FDCE        |          -3.224 |           0.779 |            0 |         0 |          140 |     0 |
| i_ariane/i_cva6/ex_stage_i/csr_buffer_i/csr_reg_q_reg[csr_address][4]_0                                                                        |    138 | LUT6        |          -0.921 |           0.582 |            0 |         0 |          138 |     0 |
| i_ariane/gen_hdec_coprocessor.i_hdec_coprocessor/i_hdec_top/FSM_onehot_st_q_reg_n_0_[53]                                                       |    138 | FDCE        |           1.606 |           0.779 |            0 |         0 |          138 |     0 |
| i_ariane/gen_hdec_coprocessor.i_hdec_coprocessor/i_hdec_top/uop_p3_q_reg[perm_nibble][2]_0[0]                                                  |    137 | FDCE        |           2.550 |           0.779 |            0 |         0 |          137 |     0 |
| i_ariane/i_cva6/gen_cache_wt.i_cache_subsystem/i_wt_dcache/i_wt_dcache_wbuffer/i_dirty_rr/wbuffer_q[1][txblock][7]_i_2_n_0                     |    137 | LUT3        |          -3.089 |           0.347 |            0 |         0 |          137 |     0 |
| i_ariane/i_cva6/ex_stage_i/lsu_i/i_store_unit/store_buffer_i/commit_queue_q_reg[1][valid]_0                                                    |    137 | LUT6        |          -0.774 |           0.938 |            0 |         0 |          137 |     0 |
+------------------------------------------------------------------------------------------------------------------------------------------------+--------+-------------+-----------------+-----------------+--------------+-----------+--------------+-------+


