Copyright 1986-2022 Xilinx, Inc. All Rights Reserved. Copyright 2022-2024 Advanced Micro Devices, Inc. All Rights Reserved.
--------------------------------------------------------------------------------------------------------------------------------------------------------------------------------------------------------------------------------
| Tool Version : Vivado v.2024.2 (win64) Build 5239630 Fri Nov 08 22:35:27 MST 2024
| Date         : Wed Jul  1 02:44:09 2026
| Host         : WIN-20240824NZS running 64-bit major release  (build 9200)
| Command      : report_high_fanout_nets -timing -load_types -max_nets 50 -file E:/HDEC/cva6-vhdc-core/tmp/hdec_v15_pointmul_worktree/reports/cva6_hdec_lite_impl_2026_07_01/impl_zynq7020_lite_bufg/high_fanout_post_place.rpt
| Design       : cva6_hdec_lite_impl_wrapper
| Device       : xc7z020
--------------------------------------------------------------------------------------------------------------------------------------------------------------------------------------------------------------------------------

High Fan-out Nets Information

1. Fanout Summary
-----------------

+------------------------------------------------------------------------------------------------------------------------------------------------+--------+-------------+-----------------+-----------------+-----------------------------+-----------------------------+-----------------------------+-----------------------------+
|                                                                                                                                                |        |             |                 |                 |         Clock Enable        |          Set/Reset          |         Data & Other        |            Clock            |
+------------------------------------------------------------------------------------------------------------------------------------------------+--------+-------------+-----------------+-----------------+-------+----+----------------+-------+----+----------------+-------+----+----------------+-------+----+----------------+
| Net Name                                                                                                                                       | Fanout | Driver Type | Worst Slack(ns) | Worst Delay(ns) | Slice | IO | BRAM/DSP/OTHER | Slice | IO | BRAM/DSP/OTHER | Slice | IO | BRAM/DSP/OTHER | Slice | IO | BRAM/DSP/OTHER |
+------------------------------------------------------------------------------------------------------------------------------------------------+--------+-------------+-----------------+-----------------+-------+----+----------------+-------+----+----------------+-------+----+----------------+-------+----+----------------+
| i_ariane/i_cva6/ex_stage_i/lsu_i/i_store_unit/store_buffer_i/rst_ni                                                                            |   6395 | LUT1        |             inf |           2.813 |     0 |  0 |              0 |  6395 |  0 |              0 |     0 |  0 |              0 |     0 |  0 |              0 |
| i_ariane/gen_hdec_coprocessor.i_hdec_coprocessor/i_hdec_top/word_idx[1]                                                                        |    350 | FDCE        |          -0.795 |           1.647 |     0 |  0 |              0 |     0 |  0 |              0 |   350 |  0 |              0 |     0 |  0 |              0 |
| i_ariane/i_cva6/gen_cache_wt.i_cache_subsystem/i_wt_dcache/i_wt_dcache_missunit/miss_req_masked_q_reg[1]_0                                     |    320 | LUT6        |          -5.489 |           1.212 |     0 |  0 |              0 |     0 |  0 |              0 |   320 |  0 |              0 |     0 |  0 |              0 |
| i_ariane/i_cva6/gen_cache_wt.i_cache_subsystem/i_adapter/i_dcache_data_fifo/gen_fpga_queue.fifo_ram/status_cnt_q_reg[0]                        |    297 | LUT3        |          -6.810 |           0.959 |   168 |  0 |              0 |     0 |  0 |              0 |   129 |  0 |              0 |     0 |  0 |              0 |
| i_ariane/i_cva6/ex_stage_i/i_mult/i_div/FSM_sequential_state_q_reg[1]_0                                                                        |    273 | LUT4        |          -6.787 |           0.646 |     8 |  0 |              0 |     0 |  0 |              0 |   265 |  0 |              0 |     0 |  0 |              0 |
| i_ariane/gen_hdec_coprocessor.i_hdec_coprocessor/i_hdec_top/FSM_onehot_st_q_reg_n_0_[50]                                                       |    267 | FDCE        |           0.714 |           0.788 |     0 |  0 |              0 |     0 |  0 |              0 |   267 |  0 |              0 |     0 |  0 |              0 |
| i_ariane/gen_hdec_coprocessor.i_hdec_coprocessor/i_hdec_top/ecc_autoreduce_q_reg_0                                                             |    264 | LUT2        |           0.954 |           1.147 |     0 |  0 |              0 |     0 |  0 |              0 |   264 |  0 |              0 |     0 |  0 |              0 |
| i_ariane/gen_hdec_coprocessor.i_hdec_coprocessor/i_hdec_top/i_vec/payload_q[3][63]_i_5_n_0                                                     |    264 | LUT4        |           1.013 |           1.287 |     0 |  0 |              0 |     0 |  0 |              0 |   264 |  0 |              0 |     0 |  0 |              0 |
| i_ariane/gen_hdec_coprocessor.i_hdec_coprocessor/i_hdec_top/FSM_onehot_st_q_reg_n_0_[33]                                                       |    257 | FDCE        |           0.333 |           0.849 |     0 |  0 |              0 |     0 |  0 |              0 |   257 |  0 |              0 |     0 |  0 |              0 |
| i_ariane/i_cva6/issue_stage_i/i_issue_read_operands/fu_data_q_reg[0][operation][3]_0                                                           |    257 | LUT6        |          -5.598 |           0.969 |     0 |  0 |              0 |     0 |  0 |              0 |   257 |  0 |              0 |     0 |  0 |              0 |
| i_ariane/gen_hdec_coprocessor.i_hdec_coprocessor/i_hdec_top/i_vec/payload_q[3][63]_i_7_n_0                                                     |    256 | LUT6        |           0.620 |           1.028 |     0 |  0 |              0 |     0 |  0 |              0 |   256 |  0 |              0 |     0 |  0 |              0 |
| i_ariane/i_cva6/id_stage_i/issue_q_reg[0][valid]_0[0]                                                                                          |    222 | LUT3        |          -7.848 |           0.381 |   220 |  0 |              0 |     0 |  0 |              0 |     2 |  0 |              0 |     0 |  0 |              0 |
| i_ariane/i_cva6/issue_stage_i/i_scoreboard/wfi_q_reg_0                                                                                         |    209 | LUT4        |          -8.190 |           0.928 |     0 |  0 |              0 |     0 |  0 |              0 |   209 |  0 |              0 |     0 |  0 |              0 |
| i_ariane/i_cva6/id_stage_i/issue_entry_o[0][rs1][0]                                                                                            |    200 | FDCE        |          -4.500 |           1.369 |     0 |  0 |              0 |     0 |  0 |              0 |   200 |  0 |              0 |     0 |  0 |              0 |
| i_ariane/i_cva6/issue_stage_i/i_scoreboard/mtvec_q[36]_i_3_n_0                                                                                 |    182 | LUT4        |          -2.459 |           0.764 |     0 |  0 |              0 |     0 |  0 |              0 |   182 |  0 |              0 |     0 |  0 |              0 |
| i_ariane/gen_hdec_coprocessor.i_hdec_coprocessor/i_hdec_top/ecc_fold_word_q_reg[1]_1                                                           |    180 | LUT6        |          -0.668 |           1.103 |     0 |  0 |              0 |     0 |  0 |              0 |   180 |  0 |              0 |     0 |  0 |              0 |
| i_ariane/i_cva6/issue_stage_i/i_scoreboard/ADDRD[4]                                                                                            |    177 | LUT6        |          -2.880 |           1.053 |     0 |  0 |              0 |     0 |  0 |              0 |   177 |  0 |              0 |     0 |  0 |              0 |
| i_ariane/i_cva6/issue_stage_i/i_scoreboard/we_i[0]                                                                                             |    177 | LUT6        |          -6.455 |           1.004 |   176 |  0 |              0 |     0 |  0 |              0 |     1 |  0 |              0 |     0 |  0 |              0 |
| i_ariane/i_cva6/issue_stage_i/i_scoreboard/ADDRD[3]                                                                                            |    177 | LUT6        |          -2.682 |           1.116 |     0 |  0 |              0 |     0 |  0 |              0 |   177 |  0 |              0 |     0 |  0 |              0 |
| i_ariane/i_cva6/issue_stage_i/i_scoreboard/ADDRD[0]                                                                                            |    177 | LUT6        |          -3.300 |           0.793 |     0 |  0 |              0 |     0 |  0 |              0 |   177 |  0 |              0 |     0 |  0 |              0 |
| i_ariane/i_cva6/issue_stage_i/i_scoreboard/ADDRD[1]                                                                                            |    177 | LUT6        |          -3.832 |           1.012 |     0 |  0 |              0 |     0 |  0 |              0 |   177 |  0 |              0 |     0 |  0 |              0 |
| i_ariane/i_cva6/issue_stage_i/i_scoreboard/ADDRD[2]                                                                                            |    177 | LUT6        |          -3.096 |           0.539 |     0 |  0 |              0 |     0 |  0 |              0 |   177 |  0 |              0 |     0 |  0 |              0 |
| i_ariane/i_cva6/issue_stage_i/i_issue_read_operands/alu_valid_id_ex                                                                            |    175 | FDCE        |          -8.433 |           1.259 |     0 |  0 |              0 |     0 |  0 |              0 |   175 |  0 |              0 |     0 |  0 |              0 |
| i_ariane/i_cva6/issue_stage_i/i_issue_read_operands/branch_valid_q_reg[0]_0                                                                    |    172 | FDCE        |          -8.376 |           1.010 |     0 |  0 |              0 |     0 |  0 |              0 |   172 |  0 |              0 |     0 |  0 |              0 |
| i_ariane/i_cva6/issue_stage_i/i_issue_read_operands/pc_o_reg[1]_0[0]                                                                           |    168 | FDCE        |          -6.358 |           0.934 |     0 |  0 |              0 |     0 |  0 |              0 |   168 |  0 |              0 |     0 |  0 |              0 |
| i_ariane/i_cva6/gen_cache_wt.i_cache_subsystem/i_adapter/i_dcache_data_fifo/gen_fpga_queue.fifo_ram/fifo_ram_write_address                     |    168 | LUT2        |          -6.810 |           1.114 |     0 |  0 |              0 |     0 |  0 |              0 |   168 |  0 |              0 |     0 |  0 |              0 |
| i_ariane/i_cva6/id_stage_i/issue_entry_o[0][result][31]                                                                                        |    166 | FDCE        |           1.860 |           1.511 |     0 |  0 |              0 |     0 |  0 |              0 |   166 |  0 |              0 |     0 |  0 |              0 |
| i_ariane/i_cva6/gen_cache_wt.i_cache_subsystem/i_cva6_icache/gen_sram[1].tag_sram/data_sram/gen_cut[0].i_tc_sram_wrapper/i_ram/Mem_DP_reg_1[0] |    165 | LUT3        |          -6.155 |           1.152 |   164 |  0 |              0 |     0 |  0 |              0 |     1 |  0 |              0 |     0 |  0 |              0 |
| i_ariane/i_cva6/id_stage_i/issue_entry_o[0][rs1][1]                                                                                            |    164 | FDCE        |          -4.457 |           1.390 |     0 |  0 |              0 |     0 |  0 |              0 |   164 |  0 |              0 |     0 |  0 |              0 |
| i_ariane/i_cva6/gen_cache_wt.i_cache_subsystem/i_wt_dcache/i_wt_dcache_wbuffer/tx_stat_q_reg[0][ptr]                                           |    162 | FDCE        |          -3.795 |           1.513 |     0 |  0 |              0 |     0 |  0 |              0 |   162 |  0 |              0 |     0 |  0 |              0 |
| i_ariane/i_cva6/i_frontend/i_instr_realign/mem_reg_0_1_6_11_i_10_n_0                                                                           |    161 | LUT6        |          -5.076 |           1.395 |     0 |  0 |              0 |     0 |  0 |              0 |   161 |  0 |              0 |     0 |  0 |              0 |
| i_ariane/i_cva6/issue_stage_i/i_issue_read_operands/csr_valid_q_reg[0]_0                                                                       |    158 | FDCE        |          -8.487 |           0.940 |    12 |  0 |              0 |     0 |  0 |              0 |   146 |  0 |              0 |     0 |  0 |              0 |
| i_ariane/i_cva6/issue_stage_i/i_scoreboard/Q[0]                                                                                                |    157 | FDCE        |          -8.190 |           0.814 |     0 |  0 |              0 |     0 |  0 |              0 |   157 |  0 |              0 |     0 |  0 |              0 |
| i_ariane/i_cva6/issue_stage_i/i_scoreboard/Q[1]                                                                                                |    156 | FDCE        |          -8.104 |           0.801 |     0 |  0 |              0 |     0 |  0 |              0 |   156 |  0 |              0 |     0 |  0 |              0 |
| i_ariane/i_cva6/issue_stage_i/i_issue_read_operands/mem_q[0][sbe][result][63]_i_23_n_0                                                         |    155 | LUT6        |          -6.542 |           0.856 |     0 |  0 |              0 |     0 |  0 |              0 |   155 |  0 |              0 |     0 |  0 |              0 |
| i_ariane/i_cva6/gen_cache_wt.i_cache_subsystem/i_wt_dcache/i_wt_dcache_missunit/wr_cl_vld                                                      |    153 | LUT3        |          -4.407 |           0.970 |     0 |  0 |              1 |     0 |  0 |              0 |   152 |  0 |              0 |     0 |  0 |              0 |
| i_ariane/i_cva6/id_stage_i/issue_entry_o[0][rs1][2]                                                                                            |    151 | FDCE        |          -4.579 |           1.486 |     0 |  0 |              0 |     0 |  0 |              0 |   151 |  0 |              0 |     0 |  0 |              0 |
| i_ariane/i_cva6/ex_stage_i/lsu_i/lsu_bypass_i/read_pointer_q                                                                                   |    145 | FDCE        |          -5.682 |           0.985 |     0 |  0 |              0 |     0 |  0 |              0 |   145 |  0 |              0 |     0 |  0 |              0 |
| i_ariane/i_cva6/ex_stage_i/lsu_i/i_store_unit/store_buffer_i/FSM_sequential_state_q_reg[2]                                                     |    144 | LUT5        |          -6.994 |           1.322 |     0 |  0 |              0 |     0 |  0 |              0 |   144 |  0 |              0 |     0 |  0 |              0 |
| i_ariane/i_cva6/ex_stage_i/lsu_i/lsu_bypass_i/status_cnt_q_reg[0]_0                                                                            |    143 | LUT2        |          -5.817 |           1.068 |     0 |  0 |              0 |     0 |  0 |              0 |   143 |  0 |              0 |     0 |  0 |              0 |
| i_ariane/i_cva6/id_stage_i/issue_entry_o[0][rs1][3]                                                                                            |    142 | FDCE        |          -4.058 |           1.481 |     0 |  0 |              0 |     0 |  0 |              0 |   142 |  0 |              0 |     0 |  0 |              0 |
| i_ariane/i_cva6/ex_stage_i/lsu_i/i_load_unit/E[0]                                                                                              |    142 | LUT5        |          -6.457 |           1.457 |   141 |  0 |              0 |     0 |  0 |              0 |     1 |  0 |              0 |     0 |  0 |              0 |
| i_ariane/gen_hdec_coprocessor.i_hdec_coprocessor/i_hdec_top/FSM_onehot_st_q_reg_n_0_[52]                                                       |    141 | FDCE        |           0.620 |           0.842 |     0 |  0 |              0 |     0 |  0 |              0 |   141 |  0 |              0 |     0 |  0 |              0 |
| i_ariane/i_cva6/ex_stage_i/lsu_i/i_store_unit/store_buffer_i/write_pointer_q_reg[0]                                                            |    141 | LUT3        |          -6.975 |           1.257 |   141 |  0 |              0 |     0 |  0 |              0 |     0 |  0 |              0 |     0 |  0 |              0 |
| i_ariane/i_cva6/id_stage_i/issue_entry_o[0][rs1][4]                                                                                            |    140 | FDCE        |          -4.138 |           1.407 |     0 |  0 |              0 |     0 |  0 |              0 |   140 |  0 |              0 |     0 |  0 |              0 |
| i_ariane/gen_hdec_coprocessor.i_hdec_coprocessor/i_hdec_top/FSM_onehot_st_q_reg_n_0_[53]                                                       |    138 | FDCE        |           0.875 |           1.299 |     0 |  0 |              0 |     0 |  0 |              0 |   138 |  0 |              0 |     0 |  0 |              0 |
| i_ariane/i_cva6/ex_stage_i/csr_buffer_i/csr_reg_q_reg[csr_address][4]_0                                                                        |    138 | LUT6        |          -3.714 |           1.384 |     0 |  0 |              0 |     0 |  0 |              0 |   138 |  0 |              0 |     0 |  0 |              0 |
| i_ariane/i_cva6/ex_stage_i/lsu_i/i_store_unit/store_buffer_i/commit_queue_q_reg[1][valid]_0                                                    |    137 | LUT6        |          -3.667 |           1.650 |     0 |  0 |              0 |     0 |  0 |              0 |   137 |  0 |              0 |     0 |  0 |              0 |
| i_ariane/i_cva6/gen_cache_wt.i_cache_subsystem/i_wt_dcache/i_wt_dcache_wbuffer/i_dirty_rr/wbuffer_q[1][txblock][7]_i_2_n_0                     |    137 | LUT3        |          -4.848 |           0.680 |     0 |  0 |              0 |     0 |  0 |              0 |   137 |  0 |              0 |     0 |  0 |              0 |
| i_ariane/gen_hdec_coprocessor.i_hdec_coprocessor/i_hdec_top/uop_p3_q_reg[perm_nibble][2]_0[0]                                                  |    137 | FDCE        |           2.004 |           1.227 |     0 |  0 |              0 |     0 |  0 |              0 |   137 |  0 |              0 |     0 |  0 |              0 |
+------------------------------------------------------------------------------------------------------------------------------------------------+--------+-------------+-----------------+-----------------+-------+----+----------------+-------+----+----------------+-------+----+----------------+-------+----+----------------+


