#-----------------------------------------------------------
# xsim v2022.2 (64-bit)
# SW Build 3671981 on Fri Oct 14 05:00:03 MDT 2022
# IP Build 3669848 on Fri Oct 14 08:30:02 MDT 2022
# Start of session at: Tue Jun  9 18:04:19 2026
# Process ID: 36460
# Current directory: H:/CVA6-HDEC/cva6-vhdc-core/reports/hdec_v5_hdc_capture_xsim_20260609/xsim_hmatch_compare_split
# Command line: xsim.exe -mode tcl -source {xsim.dir/tb_hdec_hmatch_compare_split/xsim_script.tcl}
# Log file: H:/CVA6-HDEC/cva6-vhdc-core/reports/hdec_v5_hdc_capture_xsim_20260609/xsim_hmatch_compare_split/xsim.log
# Journal file: H:/CVA6-HDEC/cva6-vhdc-core/reports/hdec_v5_hdc_capture_xsim_20260609/xsim_hmatch_compare_split\xsim.jou
# Running On: DESKTOP-RSKE6BB, OS: Windows, CPU Frequency: 3187 MHz, CPU Physical cores: 24, Host memory: 137128 MB
#-----------------------------------------------------------
source xsim.dir/tb_hdec_hmatch_compare_split/xsim_script.tcl
# xsim {tb_hdec_hmatch_compare_split} -autoloadwcfg -tclbatch {H:/CVA6-HDEC/cva6-vhdc-core/reports/hdec_v5_hdc_capture_xsim_20260609/xsim_hmatch_compare_split/run_all.tcl}
Time resolution is 1 ps
source H:/CVA6-HDEC/cva6-vhdc-core/reports/hdec_v5_hdc_capture_xsim_20260609/xsim_hmatch_compare_split/run_all.tcl
## run all
HMATCH param=0x0110 cycles=35 result=0x0000000000000400
PASS          single class max distance result=0x0000000000000400
HMATCH param=0x0210 cycles=67 result=0x0000000000000800
PASS           second class exact match result=0x0000000000000800
HMATCH param=0x0240 cycles=67 result=0x0000000000000000
PASS              tie keeps first class result=0x0000000000000000
HMATCH param=0x0010 cycles=1 result=0x0000000000000002
PASS           illegal num_classes zero result=0x0000000000000002
All HDEC HMATCH compare-split xsim tests passed.
$finish called at time : 9498500 ps : File "H:/CVA6-HDEC/cva6-vhdc-core/verif/hdec/tb_hdec_hmatch_compare_split.sv" Line 183
## quit
INFO: [Common 17-206] Exiting xsim at Tue Jun  9 18:04:21 2026...
