#-----------------------------------------------------------
# xsim v2022.2 (64-bit)
# SW Build 3671981 on Fri Oct 14 05:00:03 MDT 2022
# IP Build 3669848 on Fri Oct 14 08:30:02 MDT 2022
# Start of session at: Tue Jun  9 18:04:40 2026
# Process ID: 15628
# Current directory: H:/CVA6-HDEC/cva6-vhdc-core/reports/hdec_v5_hdc_capture_xsim_20260609/xsim_ecc_diag_mul_v1
# Command line: xsim.exe -mode tcl -source {xsim.dir/tb_hdec_ecc_diag_mul_v1/xsim_script.tcl}
# Log file: H:/CVA6-HDEC/cva6-vhdc-core/reports/hdec_v5_hdc_capture_xsim_20260609/xsim_ecc_diag_mul_v1/xsim.log
# Journal file: H:/CVA6-HDEC/cva6-vhdc-core/reports/hdec_v5_hdc_capture_xsim_20260609/xsim_ecc_diag_mul_v1\xsim.jou
# Running On: DESKTOP-RSKE6BB, OS: Windows, CPU Frequency: 3187 MHz, CPU Physical cores: 24, Host memory: 137128 MB
#-----------------------------------------------------------
source xsim.dir/tb_hdec_ecc_diag_mul_v1/xsim_script.tcl
# xsim {tb_hdec_ecc_diag_mul_v1} -autoloadwcfg -tclbatch {H:/CVA6-HDEC/cva6-vhdc-core/reports/hdec_v5_hdc_capture_xsim_20260609/xsim_ecc_diag_mul_v1/run_all.tcl}
Time resolution is 1 ps
source H:/CVA6-HDEC/cva6-vhdc-core/reports/hdec_v5_hdc_capture_xsim_20260609/xsim_ecc_diag_mul_v1/run_all.tcl
## run all
[HDEC_ECC_DIAG_MUL_V1] PASS
$finish called at time : 12935 ns : File "H:/CVA6-HDEC/cva6-vhdc-core/verif/hdec/tb_hdec_ecc_diag_mul_v1.sv" Line 191
## quit
INFO: [Common 17-206] Exiting xsim at Tue Jun  9 18:04:42 2026...
