Copyright 1986-2022 Xilinx, Inc. All Rights Reserved. Copyright 2022-2024 Advanced Micro Devices, Inc. All Rights Reserved.
-------------------------------------------------------------------------------------------------------------------------------------------------------------------------------------------------------------------------
| Tool Version : Vivado v.2024.2 (win64) Build 5239630 Fri Nov 08 22:35:27 MST 2024
| Date         : Tue Jun  9 22:25:02 2026
| Host         : WIN-20240824NZS running 64-bit major release  (build 9200)
| Command      : report_utilization -hierarchical -file E:/HDEC/cva6-vhdc-core/tmp/hdec_ooc_p1_keep_trial/worktree/docs/hdec/ooc/ecc_kpd32_v8_structural_ppa/round01_operand_stream/ooc_200/reports/utilization_hier.rpt
| Design       : hdec_top
| Device       : xc7z020clg400-2
| Speed File   : -2
| Design State : Synthesized
-------------------------------------------------------------------------------------------------------------------------------------------------------------------------------------------------------------------------

Utilization Design Information

Table of Contents
-----------------
1. Utilization by Hierarchy

1. Utilization by Hierarchy
---------------------------

+------------------------------+---------------------+------------+------------+---------+------+------+--------+--------+------------+
|           Instance           |        Module       | Total LUTs | Logic LUTs | LUTRAMs | SRLs |  FFs | RAMB36 | RAMB18 | DSP Blocks |
+------------------------------+---------------------+------------+------------+---------+------+------+--------+--------+------------+
| hdec_top                     |               (top) |       6398 |       5710 |     688 |    0 | 3368 |      0 |      0 |          0 |
|   (hdec_top)                 |               (top) |       1172 |       1172 |       0 |    0 | 2787 |      0 |      0 |          0 |
|   gen_lane[0].i_p2_pop_slice |   hdec_p2_pop_slice |        487 |        487 |       0 |    0 |   78 |      0 |      0 |          0 |
|   gen_lane[1].i_p2_pop_slice | hdec_p2_pop_slice_0 |        349 |        349 |       0 |    0 |   78 |      0 |      0 |          0 |
|   gen_lane[2].i_p2_pop_slice | hdec_p2_pop_slice_1 |        372 |        372 |       0 |    0 |   78 |      0 |      0 |          0 |
|   gen_lane[3].i_p2_pop_slice | hdec_p2_pop_slice_2 |        386 |        386 |       0 |    0 |   78 |      0 |      0 |          0 |
|   i_vrf                      |     hdec_vrf_64x256 |       3632 |       2944 |     688 |    0 |  269 |      0 |      0 |          0 |
+------------------------------+---------------------+------------+------------+---------+------+------+--------+--------+------------+


