Copyright 1986-2022 Xilinx, Inc. All Rights Reserved. Copyright 2022-2024 Advanced Micro Devices, Inc. All Rights Reserved.
---------------------------------------------------------------------------------------------------------------------------------------------------------------
| Tool Version : Vivado v.2024.2 (win64) Build 5239630 Fri Nov 08 22:35:27 MST 2024
| Date         : Mon Jun  8 11:38:10 2026
| Host         : WIN-20240824NZS running 64-bit major release  (build 9200)
| Command      : report_high_fanout_nets -max_nets 100 -file E:/HDEC/cva6-vhdc-core/tmp/hdec_hmatch_compare_split_p2keep_candidate/ooc/reports/high_fanout.rpt
| Design       : hdec_top
| Device       : xc7z020
---------------------------------------------------------------------------------------------------------------------------------------------------------------

High Fan-out Nets Information

1. Summary
----------

+---------------------------------------+--------+-------------+
| Net Name                              | Fanout | Driver Type |
+---------------------------------------+--------+-------------+
| i_vrf/rst_ni_0                        |   2201 | LUT1        |
| i_vrf/p_0_in[0]                       |    290 | FDCE        |
| i_vrf/lane_result_q[3][63]_i_10_n_0   |    261 | LUT2        |
| i_vrf/lane_result_q[3][63]_i_7_n_0    |    256 | LUT6        |
| hcntadd_hv_n                          |    256 | LUT4        |
| src0_n                                |    256 | LUT4        |
| i_vrf/lane_result_q[3][63]_i_5_n_0    |    256 | LUT3        |
| hperm_a_n                             |    256 | LUT4        |
| i_vrf/vrf_b1_reg_r1_0_63_0_2_i_11_n_0 |    216 | LUT5        |
| i_vrf/vrf_b0_reg_r1_0_63_0_2_i_11_n_0 |    216 | LUT5        |
| i_vrf/p_1_in[1]                       |    216 | LUT5        |
| i_vrf/p_1_in[2]                       |    216 | LUT5        |
| i_vrf/vrf_b2_reg_r1_0_63_0_2_i_10_n_0 |    216 | LUT5        |
| i_vrf/vrf_b1_reg_r1_0_63_0_2_i_13_n_0 |    216 | LUT5        |
| i_vrf/vrf_b2_reg_r1_0_63_0_2_i_13_n_0 |    216 | LUT5        |
| i_vrf/p_1_in[3]                       |    216 | LUT5        |
| i_vrf/vrf_b2_reg_r1_0_63_0_2_i_12_n_0 |    216 | LUT5        |
| i_vrf/p_1_in[4]                       |    216 | LUT5        |
| i_vrf/p_1_in[0]                       |    216 | LUT5        |
| i_vrf/vrf_b1_reg_r1_0_63_0_2_i_14_n_0 |    216 | LUT5        |
| i_vrf/vrf_b1_reg_r1_0_63_0_2_i_15_n_0 |    216 | LUT5        |
| i_vrf/vrf_b1_reg_r1_0_63_0_2_i_12_n_0 |    216 | LUT5        |
| i_vrf/vrf_b0_reg_r1_0_63_0_2_i_10_n_0 |    216 | LUT5        |
| i_vrf/vrf_b2_reg_r1_0_63_0_2_i_11_n_0 |    216 | LUT5        |
| i_vrf/p_1_in[5]                       |    216 | LUT5        |
| i_vrf/vrf_b0_reg_r1_0_63_0_2_i_12_n_0 |    216 | LUT5        |
| i_vrf/vrf_b2_reg_r1_0_63_0_2_i_14_n_0 |    216 | LUT5        |
| i_vrf/vrf_b2_reg_r1_0_63_0_2_i_15_n_0 |    216 | LUT5        |
| i_vrf/vrf_b0_reg_r1_0_63_0_2_i_15_n_0 |    216 | LUT5        |
| i_vrf/vrf_b0_reg_r1_0_63_0_2_i_14_n_0 |    216 | LUT5        |
| i_vrf/vrf_b1_reg_r1_0_63_0_2_i_10_n_0 |    216 | LUT5        |
| i_vrf/vrf_b0_reg_r1_0_63_0_2_i_13_n_0 |    216 | LUT5        |
| i_vrf/lane_result_q[3][63]_i_15_n_0   |    192 | LUT6        |
| i_vrf/lane_result_q[3][63]_i_13_n_0   |    192 | LUT6        |
| hperm_lane_base_q[0]                  |    162 | FDCE        |
| hperm_lane_base_q[1]                  |    162 | FDCE        |
| hperm_lane_base_q_reg[0]_rep__1_n_0   |    158 | FDCE        |
| hperm_lane_base_q_reg[0]_rep_n_0      |    158 | FDCE        |
| hperm_lane_base_q_reg[1]_rep__1_n_0   |    158 | FDCE        |
| hperm_lane_base_q_reg[0]_rep__0_n_0   |    158 | FDCE        |
| hperm_lane_base_q_reg[1]_rep_n_0      |    158 | FDCE        |
| hperm_lane_base_q_reg[1]_rep__0_n_0   |    158 | FDCE        |
| FSM_onehot_st_q_reg_n_0_[2]           |    135 | FDCE        |
| i_vrf/lane_result_q[3][62]_i_16_n_0   |    135 | LUT6        |
| i_vrf/lane_result_q[3][53]_i_7_n_0    |    135 | LUT6        |
| i_vrf/lane_result_q[3][53]_i_8_n_0    |    135 | LUT6        |
| i_vrf/lane_result_q[1][63]_i_13_n_0   |    134 | LUT2        |
| i_vrf/lane_result_q[2][63]_i_13_n_0   |    134 | LUT2        |
| i_vrf/lane_cnt_valid[0]               |    132 | LUT2        |
| bk_q[1]                               |    129 | FDCE        |
| bk_q[0]                               |    129 | FDCE        |
| i_vrf/lane_shift_nibble[0]            |    129 | LUT6        |
| i_vrf/lane_clip_valid[0]              |    128 | LUT2        |
| i_vrf/vrf_we[1]                       |    128 | LUT4        |
| i_vrf/vrf_we[2]                       |    128 | LUT4        |
| i_vrf/vrf_we[0]                       |    128 | LUT4        |
| i_vrf/vrf_we[3]                       |    128 | LUT4        |
| i_vrf/lane_result_q[3][63]_i_28_n_0   |    126 | LUT2        |
| i_vrf/lane_result_q[3][63]_i_60_n_0   |    126 | LUT2        |
| hcntadd_subgroup_q[0]                 |    125 | FDCE        |
| i_vrf/lane_result_q[3][62]_i_48_n_0   |    123 | LUT2        |
| i_vrf/lane_result_q[1][28]_i_7_n_0    |    123 | LUT2        |
| i_vrf/lane_result_q[2][13]_i_9_n_0    |    123 | LUT2        |
| i_vrf/lane_result_q[3][62]_i_17_n_0   |    123 | LUT2        |
| i_vrf/lane_result_q[3][61]_i_23_n_0   |    123 | LUT2        |
| i_vrf/lane_result_q[3][60]_i_16_n_0   |    123 | LUT2        |
| FSM_onehot_st_q_reg[7]_rep__2_n_0     |    114 | FDCE        |
| FSM_onehot_st_q_reg[7]_rep_n_0        |    114 | FDCE        |
| FSM_onehot_st_q_reg_n_0_[4]           |    112 | FDCE        |
| FSM_onehot_st_q_reg[7]_rep__0_n_0     |    111 | FDCE        |
| FSM_onehot_st_q_reg[7]_rep__1_n_0     |    111 | FDCE        |
| uop_p3_n                              |    111 | FDCE        |
| i_vrf/lane_result_q[0][63]_i_13_n_0   |    104 | LUT2        |
| FSM_onehot_st_q_reg[8]_rep__0_n_0     |     95 | FDCE        |
| FSM_onehot_st_q_reg[8]_rep_n_0        |     95 | FDCE        |
| FSM_onehot_st_q_reg[8]_rep__1_n_0     |     95 | FDCE        |
| i_vrf/lane_result_q[3][63]_i_27_n_0   |     93 | LUT6        |
| FSM_onehot_st_q_reg_n_0_[5]           |     87 | FDCE        |
| i_vrf/p_0_in[1]                       |     75 | FDCE        |
| i_vrf/init_state_q[0]                 |     75 | FDCE        |
| uop_p3_q_reg[subgroup_idx_n_0_][0]    |     75 | FDCE        |
| uop_p3_q_reg[subgroup_idx_n_0_][1]    |     73 | FDCE        |
| i_vrf/init_cnt_q_reg[7]_rep__1_n_0    |     72 | FDCE        |
| i_vrf/vrf_b0_reg_r1_0_63_0_2_i_20_n_0 |     71 | LUT3        |
| i_vrf/init_cnt_q_reg[7]_rep__0_n_0    |     71 | FDCE        |
| i_vrf/init_cnt_q_reg[7]_rep_n_0       |     71 | FDCE        |
| i_vrf/vrf_b3_reg_r1_0_63_0_2_i_20_n_0 |     71 | LUT3        |
| i_vrf/vrf_b1_reg_r1_0_63_0_2_i_20_n_0 |     71 | LUT3        |
| i_vrf/vrf_b2_reg_r1_0_63_0_2_i_20_n_0 |     71 | LUT3        |
| i_vrf/init_state_q_reg[0]_rep__0_n_0  |     70 | FDCE        |
| i_vrf/init_state_q_reg[0]_rep_n_0     |     70 | FDCE        |
| uop_p3_q_reg[op_type_n_0_][1]         |     70 | FDCE        |
| i_vrf/init_state_q_reg[0]_rep__1_n_0  |     70 | FDCE        |
| hcntadd_subgroup_q[1]                 |     69 | FDCE        |
| op_n                                  |     69 | LUT2        |
| uop_p3_q_reg[op_type_n_0_][2]         |     68 | FDCE        |
| uop_p3_q_reg[subgroup_idx][1]_rep_n_0 |     68 | FDCE        |
| uop_p2_q[subgroup_idx][1]_i_1_n_0     |     67 | LUT6        |
| i_vrf/vrf_b2_reg_r1_0_63_0_2_i_9_n_0  |     66 | LUT3        |
| i_vrf/vrf_wa[2]                       |     66 | LUT3        |
+---------------------------------------+--------+-------------+


