Targeted timing group: HDEC targeted
Patterns: hdec p1_pop_d p1_xor_d pop_q xor_q hmatch hsim res_q result scalar_response lane_popcnt vrf
Matched cells (5659):
  gen_lane[0].i_p2_pop_slice/hmatch_best_dist_q[10]_i_1 LUT6
  gen_lane[0].i_p2_pop_slice/hmatch_best_dist_q[10]_i_3 LUT2
  gen_lane[0].i_p2_pop_slice/hmatch_best_dist_q[10]_i_4 LUT5
  gen_lane[0].i_p2_pop_slice/hmatch_best_dist_q[10]_i_5 LUT3
  gen_lane[0].i_p2_pop_slice/hmatch_candidate_dist_q[10]_i_2 LUT2
  gen_lane[0].i_p2_pop_slice/hmatch_candidate_dist_q[8]_i_1 LUT2
  gen_lane[0].i_p2_pop_slice/hmatch_candidate_dist_q[9]_i_1 LUT2
  gen_lane[0].i_p2_pop_slice/hmatch_update_q_i_1 LUT5
  gen_lane[0].i_p2_pop_slice/hmatch_update_q_i_3 LUT6
  gen_lane[0].i_p2_pop_slice/hmatch_update_q_i_5 LUT2
  gen_lane[0].i_p2_pop_slice/hmatch_update_q_i_6 LUT4
  gen_lane[0].i_p2_pop_slice/hmatch_update_q_i_7 LUT2
  gen_lane[0].i_p2_pop_slice/hmatch_update_q_i_8 LUT4
  gen_lane[0].i_p2_pop_slice/hmatch_update_q_i_9 LUT6
  gen_lane[0].i_p2_pop_slice/hmatch_update_q_reg_i_2 CARRY4
  gen_lane[0].i_p2_pop_slice/hsim_total_q[10]_i_12 LUT1
  gen_lane[0].i_p2_pop_slice/hsim_total_q[10]_i_13 LUT2
  gen_lane[0].i_p2_pop_slice/hsim_total_q[10]_i_14 LUT2
  gen_lane[0].i_p2_pop_slice/hsim_total_q[10]_i_15 LUT2
  gen_lane[0].i_p2_pop_slice/hsim_total_q[10]_i_16 LUT3
  gen_lane[0].i_p2_pop_slice/hsim_total_q[10]_i_17 LUT2
  gen_lane[0].i_p2_pop_slice/hsim_total_q[10]_i_18 LUT2
  gen_lane[0].i_p2_pop_slice/hsim_total_q[10]_i_19 LUT2
  gen_lane[0].i_p2_pop_slice/hsim_total_q[10]_i_2 LUT2
  gen_lane[0].i_p2_pop_slice/hsim_total_q[10]_i_20 LUT2
  gen_lane[0].i_p2_pop_slice/hsim_total_q[10]_i_21 LUT4
  gen_lane[0].i_p2_pop_slice/hsim_total_q[10]_i_22 LUT4
  gen_lane[0].i_p2_pop_slice/hsim_total_q[10]_i_23 LUT4
  gen_lane[0].i_p2_pop_slice/hsim_total_q[10]_i_24 LUT2
  gen_lane[0].i_p2_pop_slice/hsim_total_q[10]_i_25 LUT1
  gen_lane[0].i_p2_pop_slice/hsim_total_q[10]_i_3 LUT6
  gen_lane[0].i_p2_pop_slice/hsim_total_q[10]_i_7 LUT6
  gen_lane[0].i_p2_pop_slice/hsim_total_q[7]_i_15 LUT4
  gen_lane[0].i_p2_pop_slice/hsim_total_q[7]_i_17 LUT6
  gen_lane[0].i_p2_pop_slice/hsim_total_q[7]_i_18 LUT6
  gen_lane[0].i_p2_pop_slice/hsim_total_q[7]_i_22 LUT6
  gen_lane[0].i_p2_pop_slice/hsim_total_q[7]_i_23 LUT6
  gen_lane[0].i_p2_pop_slice/hsim_total_q[7]_i_24 LUT6
  gen_lane[0].i_p2_pop_slice/hsim_total_q[7]_i_25 LUT3
  gen_lane[0].i_p2_pop_slice/hsim_total_q[7]_i_7 LUT4
  gen_lane[0].i_p2_pop_slice/hsim_total_q[8]_i_1 LUT2
  gen_lane[0].i_p2_pop_slice/hsim_total_q[9]_i_1 LUT2
  gen_lane[0].i_p2_pop_slice/hsim_total_q_reg[10]_i_10 CARRY4
  gen_lane[0].i_p2_pop_slice/hsim_total_q_reg[10]_i_11 CARRY4
  gen_lane[0].i_p2_pop_slice/hsim_total_q_reg[10]_i_6 CARRY4
  gen_lane[0].i_p2_pop_slice/hsim_total_q_reg[10]_i_8 CARRY4
  gen_lane[0].i_p2_pop_slice/hsim_total_q_reg[10]_i_9 CARRY4
  gen_lane[0].i_p2_pop_slice/hsim_total_q_reg[7]_i_11 CARRY4
  gen_lane[0].i_p2_pop_slice/hsim_total_q_reg[7]_i_3 CARRY4
  gen_lane[0].i_p2_pop_slice/lane_result_q[0][63]_i_1 LUT6
  gen_lane[0].i_p2_pop_slice/pop_q_reg FDCE
  gen_lane[0].i_p2_pop_slice/xor_q_reg FDCE
  gen_lane[1].i_p2_pop_slice/hsim_total_q[3]_i_6 LUT6
  gen_lane[1].i_p2_pop_slice/hsim_total_q[3]_i_7 LUT6
  gen_lane[1].i_p2_pop_slice/hsim_total_q[7]_i_10 LUT6
  gen_lane[1].i_p2_pop_slice/hsim_total_q[7]_i_8 LUT6
  gen_lane[1].i_p2_pop_slice/hsim_total_q[7]_i_9 LUT6
  gen_lane[1].i_p2_pop_slice/lane_result_q[1][63]_i_1 LUT6
  gen_lane[1].i_p2_pop_slice/pop_q_reg FDCE
  gen_lane[1].i_p2_pop_slice/xor_q_reg FDCE
  gen_lane[2].i_p2_pop_slice/hmatch_candidate_dist_q[0]_i_1 LUT2
  gen_lane[2].i_p2_pop_slice/hmatch_candidate_dist_q[10]_i_3 LUT2
  gen_lane[2].i_p2_pop_slice/hmatch_candidate_dist_q[1]_i_1 LUT2
  gen_lane[2].i_p2_pop_slice/hmatch_candidate_dist_q[2]_i_1 LUT2
  gen_lane[2].i_p2_pop_slice/hmatch_candidate_dist_q[3]_i_1 LUT2
  gen_lane[2].i_p2_pop_slice/hmatch_candidate_dist_q[4]_i_1 LUT2
  gen_lane[2].i_p2_pop_slice/hmatch_candidate_dist_q[5]_i_1 LUT2
  gen_lane[2].i_p2_pop_slice/hmatch_candidate_dist_q[6]_i_1 LUT2
  gen_lane[2].i_p2_pop_slice/hmatch_candidate_dist_q[7]_i_1 LUT2
  gen_lane[2].i_p2_pop_slice/hmatch_update_q_i_10 LUT4
  gen_lane[2].i_p2_pop_slice/hmatch_update_q_i_11 LUT4
  gen_lane[2].i_p2_pop_slice/hmatch_update_q_i_12 LUT4
  gen_lane[2].i_p2_pop_slice/hmatch_update_q_i_13 LUT4
  gen_lane[2].i_p2_pop_slice/hmatch_update_q_i_14 LUT4
  gen_lane[2].i_p2_pop_slice/hmatch_update_q_i_15 LUT4
  gen_lane[2].i_p2_pop_slice/hmatch_update_q_i_16 LUT4
  gen_lane[2].i_p2_pop_slice/hmatch_update_q_i_17 LUT4
  gen_lane[2].i_p2_pop_slice/hmatch_update_q_reg_i_4 CARRY4
  gen_lane[2].i_p2_pop_slice/hsim_total_q[0]_i_1 LUT2
  gen_lane[2].i_p2_pop_slice/hsim_total_q[10]_i_5 LUT6
  gen_lane[2].i_p2_pop_slice/hsim_total_q[1]_i_1 LUT2
  gen_lane[2].i_p2_pop_slice/hsim_total_q[2]_i_1 LUT2
  gen_lane[2].i_p2_pop_slice/hsim_total_q[3]_i_1 LUT2
  gen_lane[2].i_p2_pop_slice/hsim_total_q[3]_i_3 LUT3
  gen_lane[2].i_p2_pop_slice/hsim_total_q[3]_i_4 LUT3
  gen_lane[2].i_p2_pop_slice/hsim_total_q[3]_i_5 LUT3
  gen_lane[2].i_p2_pop_slice/hsim_total_q[3]_i_8 LUT4
  gen_lane[2].i_p2_pop_slice/hsim_total_q[3]_i_9 LUT3
  gen_lane[2].i_p2_pop_slice/hsim_total_q[4]_i_1 LUT2
  gen_lane[2].i_p2_pop_slice/hsim_total_q[5]_i_1 LUT2
  gen_lane[2].i_p2_pop_slice/hsim_total_q[6]_i_1 LUT2
  gen_lane[2].i_p2_pop_slice/hsim_total_q[7]_i_1 LUT2
  gen_lane[2].i_p2_pop_slice/hsim_total_q[7]_i_4 LUT3
  gen_lane[2].i_p2_pop_slice/hsim_total_q[7]_i_5 LUT3
  gen_lane[2].i_p2_pop_slice/hsim_total_q[7]_i_6 LUT3
  gen_lane[2].i_p2_pop_slice/hsim_total_q_reg[3]_i_2 CARRY4
  gen_lane[2].i_p2_pop_slice/hsim_total_q_reg[7]_i_2 CARRY4
  gen_lane[2].i_p2_pop_slice/lane_result_q[2][63]_i_1 LUT6
  gen_lane[2].i_p2_pop_slice/pop_q_reg FDCE
  gen_lane[2].i_p2_pop_slice/xor_q_reg FDCE
  gen_lane[3].i_p2_pop_slice/hsim_total_q[7]_i_12 LUT3
  gen_lane[3].i_p2_pop_slice/hsim_total_q[7]_i_13 LUT3
  gen_lane[3].i_p2_pop_slice/hsim_total_q[7]_i_14 LUT3
  gen_lane[3].i_p2_pop_slice/hsim_total_q[7]_i_16 LUT4
  gen_lane[3].i_p2_pop_slice/hsim_total_q[7]_i_19 LUT3
  gen_lane[3].i_p2_pop_slice/hsim_total_q[7]_i_20 LUT3
  gen_lane[3].i_p2_pop_slice/hsim_total_q[7]_i_21 LUT3
  gen_lane[3].i_p2_pop_slice/lane_result_q[3][63]_i_1 LUT6
  gen_lane[3].i_p2_pop_slice/pop_q_i_1 LUT3
  gen_lane[3].i_p2_pop_slice/pop_q_reg FDCE
  gen_lane[3].i_p2_pop_slice/xor_q_i_1 LUT4
  gen_lane[3].i_p2_pop_slice/xor_q_reg FDCE
  hmatch_best_dist_q[0]_i_1 LUT4
  hmatch_best_dist_q[10]_i_2 LUT4
  hmatch_best_dist_q[1]_i_1 LUT3
  hmatch_best_dist_q[2]_i_1 LUT3
  hmatch_best_dist_q[3]_i_1 LUT3
  hmatch_best_dist_q[4]_i_1 LUT3
  hmatch_best_dist_q[5]_i_1 LUT3
  hmatch_best_dist_q[6]_i_1 LUT3
  hmatch_best_dist_q[7]_i_1 LUT3
  hmatch_best_dist_q[8]_i_1 LUT3
  hmatch_best_dist_q[9]_i_1 LUT3
  hmatch_best_dist_q_reg[0] FDCE
  hmatch_best_dist_q_reg[10] FDCE
  hmatch_best_dist_q_reg[1] FDCE
  hmatch_best_dist_q_reg[2] FDCE
  hmatch_best_dist_q_reg[3] FDCE
  hmatch_best_dist_q_reg[4] FDCE
  hmatch_best_dist_q_reg[5] FDCE
  hmatch_best_dist_q_reg[6] FDCE
  hmatch_best_dist_q_reg[7] FDCE
  hmatch_best_dist_q_reg[8] FDCE
  hmatch_best_dist_q_reg[9] FDCE
  hmatch_best_idx_q[0]_i_1 LUT3
  hmatch_best_idx_q[1]_i_1 LUT3
  hmatch_best_idx_q[2]_i_1 LUT3
  hmatch_best_idx_q[3]_i_1 LUT3
  hmatch_best_idx_q[4]_i_1 LUT3
  hmatch_best_idx_q[5]_i_1 LUT3
  hmatch_best_idx_q[6]_i_1 LUT3
  hmatch_best_idx_q[7]_i_1 LUT3
  hmatch_best_idx_q_reg[0] FDCE
  hmatch_best_idx_q_reg[1] FDCE
  hmatch_best_idx_q_reg[2] FDCE
  hmatch_best_idx_q_reg[3] FDCE
  hmatch_best_idx_q_reg[4] FDCE
  hmatch_best_idx_q_reg[5] FDCE
  hmatch_best_idx_q_reg[6] FDCE
  hmatch_best_idx_q_reg[7] FDCE
  hmatch_candidate_dist_q[10]_i_1 LUT6
  hmatch_candidate_dist_q_reg[0] FDCE
  hmatch_candidate_dist_q_reg[10] FDCE
  hmatch_candidate_dist_q_reg[1] FDCE
  hmatch_candidate_dist_q_reg[2] FDCE
  hmatch_candidate_dist_q_reg[3] FDCE
  hmatch_candidate_dist_q_reg[4] FDCE
  hmatch_candidate_dist_q_reg[5] FDCE
  hmatch_candidate_dist_q_reg[6] FDCE
  hmatch_candidate_dist_q_reg[7] FDCE
  hmatch_candidate_dist_q_reg[8] FDCE
  hmatch_candidate_dist_q_reg[9] FDCE
  hmatch_class_slot_q[0]_i_1 LUT4
  hmatch_class_slot_q[1]_i_1 LUT5
  hmatch_class_slot_q[2]_i_1 LUT6
  hmatch_class_slot_q[3]_i_1 LUT4
  hmatch_class_slot_q[3]_i_2 LUT4
  hmatch_class_slot_q[3]_i_3 LUT4
  hmatch_class_slot_q[3]_i_4 LUT4
  hmatch_class_slot_q[3]_i_5 LUT6
  hmatch_class_slot_q[3]_i_6 LUT4
  hmatch_class_slot_q_reg[0] FDCE
  hmatch_class_slot_q_reg[1] FDCE
  hmatch_class_slot_q_reg[2] FDCE
  hmatch_class_slot_q_reg[3] FDCE
  hmatch_update_q_reg FDCE
  hsim_total_q[10]_i_1 LUT6
  hsim_total_q[10]_i_4 LUT3
  hsim_total_q_reg[0] FDCE
  hsim_total_q_reg[10] FDCE
  hsim_total_q_reg[1] FDCE
  hsim_total_q_reg[2] FDCE
  hsim_total_q_reg[3] FDCE
  hsim_total_q_reg[4] FDCE
  hsim_total_q_reg[5] FDCE
  hsim_total_q_reg[6] FDCE
  hsim_total_q_reg[7] FDCE
  hsim_total_q_reg[8] FDCE
  hsim_total_q_reg[9] FDCE
  i_vrf hdec_vrf_64x256
  i_vrf/FSM_onehot_st_q[0]_i_3 LUT1
  i_vrf/FSM_onehot_st_q[9]_i_7 LUT2
  i_vrf/GND GND
  i_vrf/VCC VCC
  i_vrf/bank_ra_data_o[0][0]_i_1 LUT5
  i_vrf/bank_ra_data_o[0][10]_i_1 LUT5
  i_vrf/bank_ra_data_o[0][11]_i_1 LUT5
  i_vrf/bank_ra_data_o[0][12]_i_1 LUT5
  i_vrf/bank_ra_data_o[0][13]_i_1 LUT5
  i_vrf/bank_ra_data_o[0][14]_i_1 LUT5
  i_vrf/bank_ra_data_o[0][15]_i_1 LUT5
Matched nets (14106):
  gen_lane[0].i_p2_pop_slice/hmatch_best_dist_q[10]_i_3_n_0 fanout=1 driver=gen_lane[0].i_p2_pop_slice/hmatch_best_dist_q[10]_i_3/O
  gen_lane[0].i_p2_pop_slice/hmatch_best_dist_q[10]_i_5_n_0 fanout=1 driver=gen_lane[0].i_p2_pop_slice/hmatch_best_dist_q[10]_i_5/O
  gen_lane[0].i_p2_pop_slice/hmatch_best_idx_q_reg[0][0] fanout=55 driver=op_q_reg[0]/Q
  gen_lane[0].i_p2_pop_slice/hmatch_best_idx_q_reg[0][1] fanout=57 driver=op_q_reg[1]/Q
  gen_lane[0].i_p2_pop_slice/hmatch_best_idx_q_reg[0][2] fanout=57 driver=op_q_reg[2]/Q
  gen_lane[0].i_p2_pop_slice/hmatch_best_idx_q_reg[0][3] fanout=51 driver=op_q_reg[3]/Q
  gen_lane[0].i_p2_pop_slice/hmatch_update_q fanout=3 driver=hmatch_update_q_reg/Q
  gen_lane[0].i_p2_pop_slice/hmatch_update_q_i_3_0[0] fanout=39 driver=uop_p3_q_reg[chunk_idx][0]/Q
  gen_lane[0].i_p2_pop_slice/hmatch_update_q_i_3_0[1] fanout=33 driver=uop_p3_q_reg[chunk_idx][1]/Q
  gen_lane[0].i_p2_pop_slice/hmatch_update_q_i_3_1[0] fanout=35 driver=uop_p3_q_reg[op_type][0]/Q
  gen_lane[0].i_p2_pop_slice/hmatch_update_q_i_3_1[1] fanout=70 driver=uop_p3_q_reg[op_type][1]/Q
  gen_lane[0].i_p2_pop_slice/hmatch_update_q_i_3_1[2] fanout=68 driver=uop_p3_q_reg[op_type][2]/Q
  gen_lane[0].i_p2_pop_slice/hmatch_update_q_i_3_n_0 fanout=1 driver=gen_lane[0].i_p2_pop_slice/hmatch_update_q_i_3/O
  gen_lane[0].i_p2_pop_slice/hmatch_update_q_i_5_n_0 fanout=1 driver=gen_lane[0].i_p2_pop_slice/hmatch_update_q_i_5/O
  gen_lane[0].i_p2_pop_slice/hmatch_update_q_i_6_n_0 fanout=1 driver=gen_lane[0].i_p2_pop_slice/hmatch_update_q_i_6/O
  gen_lane[0].i_p2_pop_slice/hmatch_update_q_i_7_n_0 fanout=1 driver=gen_lane[0].i_p2_pop_slice/hmatch_update_q_i_7/O
  gen_lane[0].i_p2_pop_slice/hmatch_update_q_i_8_n_0 fanout=1 driver=gen_lane[0].i_p2_pop_slice/hmatch_update_q_i_8/O
  gen_lane[0].i_p2_pop_slice/hmatch_update_q_i_9_n_0 fanout=1 driver=gen_lane[0].i_p2_pop_slice/hmatch_update_q_i_9/O
  gen_lane[0].i_p2_pop_slice/hmatch_update_q_reg fanout=20 driver=gen_lane[0].i_p2_pop_slice/hmatch_best_dist_q[10]_i_4/O
  gen_lane[0].i_p2_pop_slice/hmatch_update_q_reg_0[0] fanout=4 driver=p4_arch_op_q_reg[0]/Q
  gen_lane[0].i_p2_pop_slice/hmatch_update_q_reg_0[1] fanout=4 driver=p4_arch_op_q_reg[1]/Q
  gen_lane[0].i_p2_pop_slice/hmatch_update_q_reg_0[2] fanout=4 driver=p4_arch_op_q_reg[2]/Q
  gen_lane[0].i_p2_pop_slice/hmatch_update_q_reg_0[3] fanout=4 driver=p4_arch_op_q_reg[3]/Q
  gen_lane[0].i_p2_pop_slice/hmatch_update_q_reg_1 fanout=114 driver=FSM_onehot_st_q_reg[7]_rep/Q
  gen_lane[0].i_p2_pop_slice/hmatch_update_q_reg_2[0] fanout=1 driver=gen_lane[2].i_p2_pop_slice/hmatch_update_q_reg_i_4/CO[3]
  gen_lane[0].i_p2_pop_slice/hmatch_update_q_reg_i_2_0[0] fanout=3 driver=hmatch_best_dist_q_reg[8]/Q
  gen_lane[0].i_p2_pop_slice/hmatch_update_q_reg_i_2_0[1] fanout=3 driver=hmatch_best_dist_q_reg[9]/Q
  gen_lane[0].i_p2_pop_slice/hmatch_update_q_reg_i_2_0[2] fanout=3 driver=hmatch_best_dist_q_reg[10]/Q
  gen_lane[0].i_p2_pop_slice/hmatch_update_q_reg_i_2_n_2 fanout=1 driver=gen_lane[0].i_p2_pop_slice/hmatch_update_q_reg_i_2/CO[1]
  gen_lane[0].i_p2_pop_slice/hmatch_update_q_reg_i_2_n_3 fanout=0 driver=gen_lane[0].i_p2_pop_slice/hmatch_update_q_reg_i_2/CO[0]
  gen_lane[0].i_p2_pop_slice/hsim_total_q[10]_i_12_n_0 fanout=1 driver=gen_lane[0].i_p2_pop_slice/hsim_total_q[10]_i_12/O
  gen_lane[0].i_p2_pop_slice/hsim_total_q[10]_i_13_n_0 fanout=1 driver=gen_lane[0].i_p2_pop_slice/hsim_total_q[10]_i_13/O
  gen_lane[0].i_p2_pop_slice/hsim_total_q[10]_i_14_n_0 fanout=1 driver=gen_lane[0].i_p2_pop_slice/hsim_total_q[10]_i_14/O
  gen_lane[0].i_p2_pop_slice/hsim_total_q[10]_i_15_n_0 fanout=1 driver=gen_lane[0].i_p2_pop_slice/hsim_total_q[10]_i_15/O
  gen_lane[0].i_p2_pop_slice/hsim_total_q[10]_i_16_n_0 fanout=1 driver=gen_lane[0].i_p2_pop_slice/hsim_total_q[10]_i_16/O
  gen_lane[0].i_p2_pop_slice/hsim_total_q[10]_i_17_n_0 fanout=1 driver=gen_lane[0].i_p2_pop_slice/hsim_total_q[10]_i_17/O
  gen_lane[0].i_p2_pop_slice/hsim_total_q[10]_i_18_n_0 fanout=1 driver=gen_lane[0].i_p2_pop_slice/hsim_total_q[10]_i_18/O
  gen_lane[0].i_p2_pop_slice/hsim_total_q[10]_i_19_n_0 fanout=1 driver=gen_lane[0].i_p2_pop_slice/hsim_total_q[10]_i_19/O
  gen_lane[0].i_p2_pop_slice/hsim_total_q[10]_i_20_n_0 fanout=1 driver=gen_lane[0].i_p2_pop_slice/hsim_total_q[10]_i_20/O
  gen_lane[0].i_p2_pop_slice/hsim_total_q[10]_i_21_n_0 fanout=1 driver=gen_lane[0].i_p2_pop_slice/hsim_total_q[10]_i_21/O
  gen_lane[0].i_p2_pop_slice/hsim_total_q[10]_i_22_n_0 fanout=1 driver=gen_lane[0].i_p2_pop_slice/hsim_total_q[10]_i_22/O
  gen_lane[0].i_p2_pop_slice/hsim_total_q[10]_i_23_n_0 fanout=1 driver=gen_lane[0].i_p2_pop_slice/hsim_total_q[10]_i_23/O
  gen_lane[0].i_p2_pop_slice/hsim_total_q[10]_i_24_n_0 fanout=1 driver=gen_lane[0].i_p2_pop_slice/hsim_total_q[10]_i_24/O
  gen_lane[0].i_p2_pop_slice/hsim_total_q[10]_i_25_n_0 fanout=1 driver=gen_lane[0].i_p2_pop_slice/hsim_total_q[10]_i_25/O
  gen_lane[0].i_p2_pop_slice/hsim_total_q[10]_i_7_n_0 fanout=1 driver=gen_lane[0].i_p2_pop_slice/hsim_total_q[10]_i_7/O
  gen_lane[0].i_p2_pop_slice/hsim_total_q[7]_i_15_n_0 fanout=1 driver=gen_lane[0].i_p2_pop_slice/hsim_total_q[7]_i_15/O
  gen_lane[0].i_p2_pop_slice/hsim_total_q[7]_i_17_n_0 fanout=1 driver=gen_lane[0].i_p2_pop_slice/hsim_total_q[7]_i_17/O
  gen_lane[0].i_p2_pop_slice/hsim_total_q[7]_i_18_n_0 fanout=1 driver=gen_lane[0].i_p2_pop_slice/hsim_total_q[7]_i_18/O
  gen_lane[0].i_p2_pop_slice/hsim_total_q[7]_i_22_n_0 fanout=1 driver=gen_lane[0].i_p2_pop_slice/hsim_total_q[7]_i_22/O
  gen_lane[0].i_p2_pop_slice/hsim_total_q[7]_i_23_n_0 fanout=1 driver=gen_lane[0].i_p2_pop_slice/hsim_total_q[7]_i_23/O
  gen_lane[0].i_p2_pop_slice/hsim_total_q[7]_i_24_n_0 fanout=1 driver=gen_lane[0].i_p2_pop_slice/hsim_total_q[7]_i_24/O
  gen_lane[0].i_p2_pop_slice/hsim_total_q[7]_i_25_n_0 fanout=1 driver=gen_lane[0].i_p2_pop_slice/hsim_total_q[7]_i_25/O
  gen_lane[0].i_p2_pop_slice/hsim_total_q[7]_i_9[0] fanout=1 driver=gen_lane[3].i_p2_pop_slice/hsim_total_q[7]_i_14/O
  gen_lane[0].i_p2_pop_slice/hsim_total_q[7]_i_9[1] fanout=1 driver=gen_lane[3].i_p2_pop_slice/hsim_total_q[7]_i_13/O
  gen_lane[0].i_p2_pop_slice/hsim_total_q[7]_i_9[2] fanout=2 driver=gen_lane[3].i_p2_pop_slice/hsim_total_q[7]_i_12/O
  gen_lane[0].i_p2_pop_slice/hsim_total_q_reg[10]_i_10_n_0 fanout=1 driver=gen_lane[0].i_p2_pop_slice/hsim_total_q_reg[10]_i_10/CO[3]
  gen_lane[0].i_p2_pop_slice/hsim_total_q_reg[10]_i_10_n_1 fanout=0 driver=gen_lane[0].i_p2_pop_slice/hsim_total_q_reg[10]_i_10/CO[2]
  gen_lane[0].i_p2_pop_slice/hsim_total_q_reg[10]_i_10_n_2 fanout=0 driver=gen_lane[0].i_p2_pop_slice/hsim_total_q_reg[10]_i_10/CO[1]
  gen_lane[0].i_p2_pop_slice/hsim_total_q_reg[10]_i_10_n_3 fanout=0 driver=gen_lane[0].i_p2_pop_slice/hsim_total_q_reg[10]_i_10/CO[0]
  gen_lane[0].i_p2_pop_slice/hsim_total_q_reg[10]_i_10_n_4 fanout=1 driver=gen_lane[0].i_p2_pop_slice/hsim_total_q_reg[10]_i_10/O[3]
  gen_lane[0].i_p2_pop_slice/hsim_total_q_reg[10]_i_11_n_7 fanout=1 driver=gen_lane[0].i_p2_pop_slice/hsim_total_q_reg[10]_i_11/O[0]
  gen_lane[0].i_p2_pop_slice/hsim_total_q_reg[10]_i_6_0[0] fanout=4 driver=hsim_total_q_reg[0]/Q
  gen_lane[0].i_p2_pop_slice/hsim_total_q_reg[10]_i_6_0[10] fanout=2 driver=hsim_total_q_reg[10]/Q
  gen_lane[0].i_p2_pop_slice/hsim_total_q_reg[10]_i_6_0[1] fanout=4 driver=hsim_total_q_reg[1]/Q
  gen_lane[0].i_p2_pop_slice/hsim_total_q_reg[10]_i_6_0[2] fanout=4 driver=hsim_total_q_reg[2]/Q
  gen_lane[0].i_p2_pop_slice/hsim_total_q_reg[10]_i_6_0[3] fanout=4 driver=hsim_total_q_reg[3]/Q
  gen_lane[0].i_p2_pop_slice/hsim_total_q_reg[10]_i_6_0[4] fanout=4 driver=hsim_total_q_reg[4]/Q
  gen_lane[0].i_p2_pop_slice/hsim_total_q_reg[10]_i_6_0[5] fanout=3 driver=hsim_total_q_reg[5]/Q
  gen_lane[0].i_p2_pop_slice/hsim_total_q_reg[10]_i_6_0[6] fanout=3 driver=hsim_total_q_reg[6]/Q
  gen_lane[0].i_p2_pop_slice/hsim_total_q_reg[10]_i_6_0[7] fanout=3 driver=hsim_total_q_reg[7]/Q
  gen_lane[0].i_p2_pop_slice/hsim_total_q_reg[10]_i_6_0[8] fanout=2 driver=hsim_total_q_reg[8]/Q
  gen_lane[0].i_p2_pop_slice/hsim_total_q_reg[10]_i_6_0[9] fanout=2 driver=hsim_total_q_reg[9]/Q
  gen_lane[0].i_p2_pop_slice/hsim_total_q_reg[10]_i_6_n_2 fanout=0 driver=gen_lane[0].i_p2_pop_slice/hsim_total_q_reg[10]_i_6/CO[1]
  gen_lane[0].i_p2_pop_slice/hsim_total_q_reg[10]_i_6_n_3 fanout=0 driver=gen_lane[0].i_p2_pop_slice/hsim_total_q_reg[10]_i_6/CO[0]
  gen_lane[0].i_p2_pop_slice/hsim_total_q_reg[10]_i_8_n_2 fanout=0 driver=gen_lane[0].i_p2_pop_slice/hsim_total_q_reg[10]_i_8/CO[1]
  gen_lane[0].i_p2_pop_slice/hsim_total_q_reg[10]_i_8_n_3 fanout=0 driver=gen_lane[0].i_p2_pop_slice/hsim_total_q_reg[10]_i_8/CO[0]
  gen_lane[0].i_p2_pop_slice/hsim_total_q_reg[10]_i_8_n_5 fanout=1 driver=gen_lane[0].i_p2_pop_slice/hsim_total_q_reg[10]_i_8/O[2]
  gen_lane[0].i_p2_pop_slice/hsim_total_q_reg[10]_i_8_n_6 fanout=1 driver=gen_lane[0].i_p2_pop_slice/hsim_total_q_reg[10]_i_8/O[1]
  gen_lane[0].i_p2_pop_slice/hsim_total_q_reg[10]_i_8_n_7 fanout=1 driver=gen_lane[0].i_p2_pop_slice/hsim_total_q_reg[10]_i_8/O[0]
  gen_lane[0].i_p2_pop_slice/hsim_total_q_reg[10]_i_9_0[0] fanout=19 driver=a_q_reg[4]/Q
  gen_lane[0].i_p2_pop_slice/hsim_total_q_reg[10]_i_9_0[10] fanout=10 driver=a_q_reg[14]/Q
  gen_lane[0].i_p2_pop_slice/hsim_total_q_reg[10]_i_9_0[11] fanout=9 driver=a_q_reg[15]/Q
  gen_lane[0].i_p2_pop_slice/hsim_total_q_reg[10]_i_9_0[1] fanout=15 driver=a_q_reg[5]/Q
  gen_lane[0].i_p2_pop_slice/hsim_total_q_reg[10]_i_9_0[2] fanout=17 driver=a_q_reg[6]/Q
  gen_lane[0].i_p2_pop_slice/hsim_total_q_reg[10]_i_9_0[3] fanout=15 driver=a_q_reg[7]/Q
  gen_lane[0].i_p2_pop_slice/hsim_total_q_reg[10]_i_9_0[4] fanout=14 driver=a_q_reg[8]/Q
  gen_lane[0].i_p2_pop_slice/hsim_total_q_reg[10]_i_9_0[5] fanout=12 driver=a_q_reg[9]/Q
  gen_lane[0].i_p2_pop_slice/hsim_total_q_reg[10]_i_9_0[6] fanout=15 driver=a_q_reg[10]/Q
  gen_lane[0].i_p2_pop_slice/hsim_total_q_reg[10]_i_9_0[7] fanout=13 driver=a_q_reg[11]/Q
  gen_lane[0].i_p2_pop_slice/hsim_total_q_reg[10]_i_9_0[8] fanout=12 driver=a_q_reg[12]/Q
  gen_lane[0].i_p2_pop_slice/hsim_total_q_reg[10]_i_9_0[9] fanout=11 driver=a_q_reg[13]/Q
  gen_lane[0].i_p2_pop_slice/hsim_total_q_reg[10]_i_9_n_0 fanout=1 driver=gen_lane[0].i_p2_pop_slice/hsim_total_q_reg[10]_i_9/CO[3]
  gen_lane[0].i_p2_pop_slice/hsim_total_q_reg[10]_i_9_n_1 fanout=0 driver=gen_lane[0].i_p2_pop_slice/hsim_total_q_reg[10]_i_9/CO[2]
  gen_lane[0].i_p2_pop_slice/hsim_total_q_reg[10]_i_9_n_2 fanout=0 driver=gen_lane[0].i_p2_pop_slice/hsim_total_q_reg[10]_i_9/CO[1]
  gen_lane[0].i_p2_pop_slice/hsim_total_q_reg[10]_i_9_n_3 fanout=0 driver=gen_lane[0].i_p2_pop_slice/hsim_total_q_reg[10]_i_9/CO[0]
  gen_lane[0].i_p2_pop_slice/hsim_total_q_reg[10]_i_9_n_4 fanout=1 driver=gen_lane[0].i_p2_pop_slice/hsim_total_q_reg[10]_i_9/O[3]
  gen_lane[0].i_p2_pop_slice/hsim_total_q_reg[10]_i_9_n_5 fanout=1 driver=gen_lane[0].i_p2_pop_slice/hsim_total_q_reg[10]_i_9/O[2]
  gen_lane[0].i_p2_pop_slice/hsim_total_q_reg[10]_i_9_n_6 fanout=1 driver=gen_lane[0].i_p2_pop_slice/hsim_total_q_reg[10]_i_9/O[1]
  gen_lane[0].i_p2_pop_slice/hsim_total_q_reg[10]_i_9_n_7 fanout=1 driver=gen_lane[0].i_p2_pop_slice/hsim_total_q_reg[10]_i_9/O[0]
  gen_lane[0].i_p2_pop_slice/hsim_total_q_reg[7][0] fanout=3 driver=gen_lane[0].i_p2_pop_slice/hsim_total_q_reg[7]_i_3/O[0]
  gen_lane[0].i_p2_pop_slice/hsim_total_q_reg[7][1] fanout=3 driver=gen_lane[0].i_p2_pop_slice/hsim_total_q_reg[7]_i_3/O[1]
  gen_lane[0].i_p2_pop_slice/hsim_total_q_reg[7][2] fanout=2 driver=gen_lane[0].i_p2_pop_slice/hsim_total_q_reg[7]_i_3/O[2]
  gen_lane[0].i_p2_pop_slice/hsim_total_q_reg[7][3] fanout=2 driver=gen_lane[0].i_p2_pop_slice/hsim_total_q_reg[7]_i_3/O[3]
  gen_lane[0].i_p2_pop_slice/hsim_total_q_reg[7]_i_11_n_0 fanout=1 driver=gen_lane[0].i_p2_pop_slice/hsim_total_q_reg[7]_i_11/CO[3]
  gen_lane[0].i_p2_pop_slice/hsim_total_q_reg[7]_i_11_n_1 fanout=0 driver=gen_lane[0].i_p2_pop_slice/hsim_total_q_reg[7]_i_11/CO[2]
  gen_lane[0].i_p2_pop_slice/hsim_total_q_reg[7]_i_11_n_2 fanout=0 driver=gen_lane[0].i_p2_pop_slice/hsim_total_q_reg[7]_i_11/CO[1]
  gen_lane[0].i_p2_pop_slice/hsim_total_q_reg[7]_i_11_n_3 fanout=0 driver=gen_lane[0].i_p2_pop_slice/hsim_total_q_reg[7]_i_11/CO[0]
  gen_lane[0].i_p2_pop_slice/hsim_total_q_reg[7]_i_2[0] fanout=2 driver=gen_lane[1].i_p2_pop_slice/popcount_q_o_reg[6]/Q
  gen_lane[0].i_p2_pop_slice/hsim_total_q_reg[7]_i_2_0[0] fanout=2 driver=gen_lane[2].i_p2_pop_slice/popcount_q_o_reg[6]/Q
  gen_lane[0].i_p2_pop_slice/hsim_total_q_reg[7]_i_3_n_0 fanout=1 driver=gen_lane[0].i_p2_pop_slice/hsim_total_q_reg[7]_i_3/CO[3]
  gen_lane[0].i_p2_pop_slice/hsim_total_q_reg[7]_i_3_n_1 fanout=0 driver=gen_lane[0].i_p2_pop_slice/hsim_total_q_reg[7]_i_3/CO[2]
  gen_lane[0].i_p2_pop_slice/hsim_total_q_reg[7]_i_3_n_2 fanout=0 driver=gen_lane[0].i_p2_pop_slice/hsim_total_q_reg[7]_i_3/CO[1]
  gen_lane[0].i_p2_pop_slice/hsim_total_q_reg[7]_i_3_n_3 fanout=0 driver=gen_lane[0].i_p2_pop_slice/hsim_total_q_reg[7]_i_3/CO[0]
  gen_lane[0].i_p2_pop_slice/hsim_total_q_reg[8] fanout=11 driver=gen_lane[2].i_p2_pop_slice/hsim_total_q[10]_i_5/O
  gen_lane[0].i_p2_pop_slice/i_popcount/lane_bool_result[0][0] fanout=4 driver=i_vrf/popcount_q_o[0]_i_30/O
  gen_lane[0].i_p2_pop_slice/i_popcount/lane_bool_result[0][10] fanout=4 driver=i_vrf/lane_result_q[0][16]_i_5/O
  gen_lane[0].i_p2_pop_slice/i_popcount/lane_bool_result[0][11] fanout=4 driver=i_vrf/lane_result_q[0][17]_i_5/O
  gen_lane[0].i_p2_pop_slice/i_popcount/lane_bool_result[0][12] fanout=4 driver=i_vrf/lane_result_q[0][18]_i_5/O
  gen_lane[0].i_p2_pop_slice/i_popcount/lane_bool_result[0][13] fanout=6 driver=i_vrf/popcount_q_o[0]_i_14/O
  gen_lane[0].i_p2_pop_slice/i_popcount/lane_bool_result[0][14] fanout=6 driver=i_vrf/popcount_q_o[0]_i_13/O
  gen_lane[0].i_p2_pop_slice/i_popcount/lane_bool_result[0][15] fanout=6 driver=i_vrf/popcount_q_o[0]_i_15/O
  gen_lane[0].i_p2_pop_slice/i_popcount/lane_bool_result[0][16] fanout=5 driver=i_vrf/lane_result_q[0][25]_i_5/O
  gen_lane[0].i_p2_pop_slice/i_popcount/lane_bool_result[0][17] fanout=5 driver=i_vrf/lane_result_q[0][26]_i_5/O
  gen_lane[0].i_p2_pop_slice/i_popcount/lane_bool_result[0][18] fanout=5 driver=i_vrf/lane_result_q[0][27]_i_5/O
  gen_lane[0].i_p2_pop_slice/i_popcount/lane_bool_result[0][19] fanout=5 driver=i_vrf/lane_result_q[0][28]_i_5/O
  gen_lane[0].i_p2_pop_slice/i_popcount/lane_bool_result[0][1] fanout=5 driver=i_vrf/lane_result_q[0][4]_i_5/O
  gen_lane[0].i_p2_pop_slice/i_popcount/lane_bool_result[0][20] fanout=5 driver=i_vrf/lane_result_q[0][29]_i_5/O
  gen_lane[0].i_p2_pop_slice/i_popcount/lane_bool_result[0][21] fanout=5 driver=i_vrf/lane_result_q[0][30]_i_5/O
  gen_lane[0].i_p2_pop_slice/i_popcount/lane_bool_result[0][22] fanout=6 driver=i_vrf/popcount_q_o[0]_i_9/O
  gen_lane[0].i_p2_pop_slice/i_popcount/lane_bool_result[0][23] fanout=6 driver=i_vrf/popcount_q_o[0]_i_8/O
  gen_lane[0].i_p2_pop_slice/i_popcount/lane_bool_result[0][24] fanout=6 driver=i_vrf/popcount_q_o[0]_i_10/O
  gen_lane[0].i_p2_pop_slice/i_popcount/lane_bool_result[0][25] fanout=5 driver=i_vrf/lane_result_q[0][34]_i_6/O
  gen_lane[0].i_p2_pop_slice/i_popcount/lane_bool_result[0][26] fanout=5 driver=i_vrf/lane_result_q[0][35]_i_6/O
  gen_lane[0].i_p2_pop_slice/i_popcount/lane_bool_result[0][27] fanout=5 driver=i_vrf/lane_result_q[0][36]_i_5/O
  gen_lane[0].i_p2_pop_slice/i_popcount/lane_bool_result[0][28] fanout=5 driver=i_vrf/lane_result_q[0][37]_i_5/O
  gen_lane[0].i_p2_pop_slice/i_popcount/lane_bool_result[0][29] fanout=5 driver=i_vrf/lane_result_q[0][38]_i_5/O
  gen_lane[0].i_p2_pop_slice/i_popcount/lane_bool_result[0][2] fanout=5 driver=i_vrf/lane_result_q[0][5]_i_5/O
  gen_lane[0].i_p2_pop_slice/i_popcount/lane_bool_result[0][30] fanout=5 driver=i_vrf/lane_result_q[0][39]_i_6/O
  gen_lane[0].i_p2_pop_slice/i_popcount/lane_bool_result[0][31] fanout=6 driver=i_vrf/popcount_q_o[0]_i_19/O
  gen_lane[0].i_p2_pop_slice/i_popcount/lane_bool_result[0][32] fanout=6 driver=i_vrf/popcount_q_o[0]_i_18/O
  gen_lane[0].i_p2_pop_slice/i_popcount/lane_bool_result[0][33] fanout=6 driver=i_vrf/popcount_q_o[0]_i_20/O
  gen_lane[0].i_p2_pop_slice/i_popcount/lane_bool_result[0][34] fanout=5 driver=i_vrf/lane_result_q[0][43]_i_5/O
  gen_lane[0].i_p2_pop_slice/i_popcount/lane_bool_result[0][35] fanout=5 driver=i_vrf/lane_result_q[0][44]_i_5/O
  gen_lane[0].i_p2_pop_slice/i_popcount/lane_bool_result[0][36] fanout=5 driver=i_vrf/lane_result_q[0][45]_i_5/O
  gen_lane[0].i_p2_pop_slice/i_popcount/lane_bool_result[0][37] fanout=5 driver=i_vrf/lane_result_q[0][46]_i_5/O
  gen_lane[0].i_p2_pop_slice/i_popcount/lane_bool_result[0][38] fanout=5 driver=i_vrf/lane_result_q[0][47]_i_6/O
  gen_lane[0].i_p2_pop_slice/i_popcount/lane_bool_result[0][39] fanout=5 driver=i_vrf/lane_result_q[0][48]_i_5/O
  gen_lane[0].i_p2_pop_slice/i_popcount/lane_bool_result[0][3] fanout=5 driver=i_vrf/lane_result_q[0][6]_i_5/O
  gen_lane[0].i_p2_pop_slice/i_popcount/lane_bool_result[0][40] fanout=5 driver=i_vrf/popcount_q_o[0]_i_24/O
  gen_lane[0].i_p2_pop_slice/i_popcount/lane_bool_result[0][41] fanout=5 driver=i_vrf/popcount_q_o[0]_i_23/O
  gen_lane[0].i_p2_pop_slice/i_popcount/lane_bool_result[0][42] fanout=5 driver=i_vrf/popcount_q_o[0]_i_25/O
  gen_lane[0].i_p2_pop_slice/i_popcount/lane_bool_result[0][43] fanout=4 driver=i_vrf/lane_result_q[0][52]_i_5/O
  gen_lane[0].i_p2_pop_slice/i_popcount/lane_bool_result[0][44] fanout=4 driver=i_vrf/lane_result_q[0][53]_i_5/O
  gen_lane[0].i_p2_pop_slice/i_popcount/lane_bool_result[0][45] fanout=4 driver=i_vrf/lane_result_q[0][54]_i_6/O
  gen_lane[0].i_p2_pop_slice/i_popcount/lane_bool_result[0][4] fanout=4 driver=i_vrf/lane_result_q[0][7]_i_5/O
  gen_lane[0].i_p2_pop_slice/i_popcount/lane_bool_result[0][5] fanout=4 driver=i_vrf/lane_result_q[0][8]_i_5/O
  gen_lane[0].i_p2_pop_slice/i_popcount/lane_bool_result[0][6] fanout=4 driver=i_vrf/lane_result_q[0][9]_i_5/O
  gen_lane[0].i_p2_pop_slice/i_popcount/lane_bool_result[0][7] fanout=5 driver=i_vrf/lane_result_q[0][13]_i_5/O
  gen_lane[0].i_p2_pop_slice/i_popcount/lane_bool_result[0][8] fanout=5 driver=i_vrf/lane_result_q[0][14]_i_5/O
  gen_lane[0].i_p2_pop_slice/i_popcount/lane_bool_result[0][9] fanout=5 driver=i_vrf/lane_result_q[0][15]_i_5/O
  gen_lane[0].i_p2_pop_slice/lane_bool_result[0][0] fanout=4 driver=i_vrf/popcount_q_o[0]_i_30/O
  gen_lane[0].i_p2_pop_slice/lane_bool_result[0][10] fanout=4 driver=i_vrf/lane_result_q[0][16]_i_5/O
  gen_lane[0].i_p2_pop_slice/lane_bool_result[0][11] fanout=4 driver=i_vrf/lane_result_q[0][17]_i_5/O
  gen_lane[0].i_p2_pop_slice/lane_bool_result[0][12] fanout=4 driver=i_vrf/lane_result_q[0][18]_i_5/O
  gen_lane[0].i_p2_pop_slice/lane_bool_result[0][13] fanout=6 driver=i_vrf/popcount_q_o[0]_i_14/O
  gen_lane[0].i_p2_pop_slice/lane_bool_result[0][14] fanout=6 driver=i_vrf/popcount_q_o[0]_i_13/O
  gen_lane[0].i_p2_pop_slice/lane_bool_result[0][15] fanout=6 driver=i_vrf/popcount_q_o[0]_i_15/O
  gen_lane[0].i_p2_pop_slice/lane_bool_result[0][16] fanout=5 driver=i_vrf/lane_result_q[0][25]_i_5/O
  gen_lane[0].i_p2_pop_slice/lane_bool_result[0][17] fanout=5 driver=i_vrf/lane_result_q[0][26]_i_5/O
  gen_lane[0].i_p2_pop_slice/lane_bool_result[0][18] fanout=5 driver=i_vrf/lane_result_q[0][27]_i_5/O
  gen_lane[0].i_p2_pop_slice/lane_bool_result[0][19] fanout=5 driver=i_vrf/lane_result_q[0][28]_i_5/O
  gen_lane[0].i_p2_pop_slice/lane_bool_result[0][1] fanout=5 driver=i_vrf/lane_result_q[0][4]_i_5/O
  gen_lane[0].i_p2_pop_slice/lane_bool_result[0][20] fanout=5 driver=i_vrf/lane_result_q[0][29]_i_5/O
  gen_lane[0].i_p2_pop_slice/lane_bool_result[0][21] fanout=5 driver=i_vrf/lane_result_q[0][30]_i_5/O
  gen_lane[0].i_p2_pop_slice/lane_bool_result[0][22] fanout=6 driver=i_vrf/popcount_q_o[0]_i_9/O
  gen_lane[0].i_p2_pop_slice/lane_bool_result[0][23] fanout=6 driver=i_vrf/popcount_q_o[0]_i_8/O
  gen_lane[0].i_p2_pop_slice/lane_bool_result[0][24] fanout=6 driver=i_vrf/popcount_q_o[0]_i_10/O
  gen_lane[0].i_p2_pop_slice/lane_bool_result[0][25] fanout=5 driver=i_vrf/lane_result_q[0][34]_i_6/O
  gen_lane[0].i_p2_pop_slice/lane_bool_result[0][26] fanout=5 driver=i_vrf/lane_result_q[0][35]_i_6/O
  gen_lane[0].i_p2_pop_slice/lane_bool_result[0][27] fanout=5 driver=i_vrf/lane_result_q[0][36]_i_5/O
  gen_lane[0].i_p2_pop_slice/lane_bool_result[0][28] fanout=5 driver=i_vrf/lane_result_q[0][37]_i_5/O
  gen_lane[0].i_p2_pop_slice/lane_bool_result[0][29] fanout=5 driver=i_vrf/lane_result_q[0][38]_i_5/O
  gen_lane[0].i_p2_pop_slice/lane_bool_result[0][2] fanout=5 driver=i_vrf/lane_result_q[0][5]_i_5/O
  gen_lane[0].i_p2_pop_slice/lane_bool_result[0][30] fanout=5 driver=i_vrf/lane_result_q[0][39]_i_6/O
  gen_lane[0].i_p2_pop_slice/lane_bool_result[0][31] fanout=6 driver=i_vrf/popcount_q_o[0]_i_19/O
  gen_lane[0].i_p2_pop_slice/lane_bool_result[0][32] fanout=6 driver=i_vrf/popcount_q_o[0]_i_18/O
  gen_lane[0].i_p2_pop_slice/lane_bool_result[0][33] fanout=6 driver=i_vrf/popcount_q_o[0]_i_20/O
  gen_lane[0].i_p2_pop_slice/lane_bool_result[0][34] fanout=5 driver=i_vrf/lane_result_q[0][43]_i_5/O
  gen_lane[0].i_p2_pop_slice/lane_bool_result[0][35] fanout=5 driver=i_vrf/lane_result_q[0][44]_i_5/O
  gen_lane[0].i_p2_pop_slice/lane_bool_result[0][36] fanout=5 driver=i_vrf/lane_result_q[0][45]_i_5/O
  gen_lane[0].i_p2_pop_slice/lane_bool_result[0][37] fanout=5 driver=i_vrf/lane_result_q[0][46]_i_5/O
  gen_lane[0].i_p2_pop_slice/lane_bool_result[0][38] fanout=5 driver=i_vrf/lane_result_q[0][47]_i_6/O
  gen_lane[0].i_p2_pop_slice/lane_bool_result[0][39] fanout=5 driver=i_vrf/lane_result_q[0][48]_i_5/O
  gen_lane[0].i_p2_pop_slice/lane_bool_result[0][3] fanout=5 driver=i_vrf/lane_result_q[0][6]_i_5/O
  gen_lane[0].i_p2_pop_slice/lane_bool_result[0][40] fanout=5 driver=i_vrf/popcount_q_o[0]_i_24/O
  gen_lane[0].i_p2_pop_slice/lane_bool_result[0][41] fanout=5 driver=i_vrf/popcount_q_o[0]_i_23/O
  gen_lane[0].i_p2_pop_slice/lane_bool_result[0][42] fanout=5 driver=i_vrf/popcount_q_o[0]_i_25/O
  gen_lane[0].i_p2_pop_slice/lane_bool_result[0][43] fanout=4 driver=i_vrf/lane_result_q[0][52]_i_5/O
  gen_lane[0].i_p2_pop_slice/lane_bool_result[0][44] fanout=4 driver=i_vrf/lane_result_q[0][53]_i_5/O
  gen_lane[0].i_p2_pop_slice/lane_bool_result[0][45] fanout=4 driver=i_vrf/lane_result_q[0][54]_i_6/O
  gen_lane[0].i_p2_pop_slice/lane_bool_result[0][4] fanout=4 driver=i_vrf/lane_result_q[0][7]_i_5/O
Copyright 1986-2022 Xilinx, Inc. All Rights Reserved. Copyright 2022-2024 Advanced Micro Devices, Inc. All Rights Reserved.
---------------------------------------------------------------------------------------------------------------------------------------------------------------------------------------------------------------------------------------------------------------------------------------------------------
| Tool Version : Vivado v.2024.2 (win64) Build 5239630 Fri Nov 08 22:35:27 MST 2024
| Date         : Mon Jun  8 11:38:10 2026
| Host         : WIN-20240824NZS running 64-bit major release  (build 9200)
| Command      : report_timing -delay_type max -sort_by slack -max_paths 5 -nworst 1 -through [get_pins -quiet -of_objects {i_vrf/lane_result_q[0][7]_i_5/O}] -input_pins -nets -append -file E:/HDEC/cva6-vhdc-core/tmp/hdec_hmatch_compare_split_p2keep_candidate/ooc/reports/timing_hdec_targeted.rpt
| Design       : hdec_top
| Device       : 7z020-clg400
| Speed File   : -2  PRODUCTION 1.12 2019-11-22
| Design State : Synthesized
---------------------------------------------------------------------------------------------------------------------------------------------------------------------------------------------------------------------------------------------------------------------------------------------------------

Timing Report

Slack (VIOLATED) :        -1.075ns  (required time - arrival time)
  Source:                 i_vrf/bank_ra_data_o_reg[0][43]/C
                            (rising edge-triggered cell FDCE clocked by clk_i  {rise@0.000ns fall@2.500ns period=5.000ns})
  Destination:            gen_lane[0].i_p2_pop_slice/popcount_q_o_reg[4]/D
                            (rising edge-triggered cell FDCE clocked by clk_i  {rise@0.000ns fall@2.500ns period=5.000ns})
  Path Group:             clk_i
  Path Type:              Setup (Max at Slow Process Corner)
  Requirement:            5.000ns  (clk_i rise@5.000ns - clk_i rise@0.000ns)
  Data Path Delay:        6.072ns  (logic 1.295ns (21.327%)  route 4.777ns (78.673%))
  Logic Levels:           7  (LUT2=1 LUT5=2 LUT6=4)
  Clock Path Skew:        -0.039ns (DCD - SCD + CPR)
    Destination Clock Delay (DCD):    0.748ns = ( 5.748 - 5.000 ) 
    Source Clock Delay      (SCD):    0.787ns
    Clock Pessimism Removal (CPR):    0.000ns
  Clock Uncertainty:      0.035ns  ((TSJ^2 + TIJ^2)^1/2 + DJ) / 2 + PE
    Total System Jitter     (TSJ):    0.071ns
    Total Input Jitter      (TIJ):    0.000ns
    Discrete Jitter          (DJ):    0.000ns
    Phase Error              (PE):    0.000ns

    Location             Delay type                Incr(ns)  Path(ns)    Netlist Resource(s)
  -------------------------------------------------------------------    -------------------
                         (clock clk_i rise edge)      0.000     0.000 r  
                                                      0.000     0.000 r  clk_i (IN)
                         net (fo=2888, unset)         0.787     0.787    i_vrf/clk_i
                         FDCE                                         r  i_vrf/bank_ra_data_o_reg[0][43]/C
  -------------------------------------------------------------------    -------------------
                         FDCE (Prop_fdce_C_Q)         0.433     1.220 r  i_vrf/bank_ra_data_o_reg[0][43]/Q
                         net (fo=13, unplaced)        0.412     1.632    i_vrf/bank_ra_data_o[0][43]
                                                                      r  i_vrf/lane_result_q[0][43]_i_5/I0
                         LUT2 (Prop_lut2_I0_O)        0.232     1.864 r  i_vrf/lane_result_q[0][43]_i_5/O
                         net (fo=5, unplaced)         0.966     2.830    gen_lane[0].i_p2_pop_slice/i_popcount/lane_bool_result[0][34]
                                                                      r  gen_lane[0].i_p2_pop_slice/i_popcount/popcount_q_o[1]_i_25/I1
                         LUT6 (Prop_lut6_I1_O)        0.105     2.935 r  gen_lane[0].i_p2_pop_slice/i_popcount/popcount_q_o[1]_i_25/O
                         net (fo=1, unplaced)         0.782     3.717    gen_lane[0].i_p2_pop_slice/i_popcount/popcount_q_o[1]_i_25_n_0
                                                                      r  gen_lane[0].i_p2_pop_slice/i_popcount/popcount_q_o[1]_i_18/I0
                         LUT6 (Prop_lut6_I0_O)        0.105     3.822 r  gen_lane[0].i_p2_pop_slice/i_popcount/popcount_q_o[1]_i_18/O
                         net (fo=1, unplaced)         0.347     4.169    gen_lane[0].i_p2_pop_slice/i_popcount/popcount_q_o[1]_i_18_n_0
                                                                      r  gen_lane[0].i_p2_pop_slice/i_popcount/popcount_q_o[1]_i_5/I5
                         LUT6 (Prop_lut6_I5_O)        0.105     4.274 r  gen_lane[0].i_p2_pop_slice/i_popcount/popcount_q_o[1]_i_5/O
                         net (fo=2, unplaced)         0.949     5.223    gen_lane[0].i_p2_pop_slice/i_popcount/bank_ra_data_o_reg[0][1]_1
                                                                      r  gen_lane[0].i_p2_pop_slice/i_popcount/popcount_q_o[3]_i_4/I0
                         LUT5 (Prop_lut5_I0_O)        0.105     5.328 r  gen_lane[0].i_p2_pop_slice/i_popcount/popcount_q_o[3]_i_4/O
                         net (fo=3, unplaced)         0.956     6.284    gen_lane[0].i_p2_pop_slice/i_popcount/bank_ra_data_o_reg[0][1]_0
                                                                      r  gen_lane[0].i_p2_pop_slice/i_popcount/popcount_q_o[6]_i_7/I1
                         LUT6 (Prop_lut6_I1_O)        0.105     6.389 r  gen_lane[0].i_p2_pop_slice/i_popcount/popcount_q_o[6]_i_7/O
                         net (fo=3, unplaced)         0.365     6.754    i_vrf/popcount_q_o_reg[6]_3
                                                                      r  i_vrf/popcount_q_o[4]_i_1/I3
                         LUT5 (Prop_lut5_I3_O)        0.105     6.859 r  i_vrf/popcount_q_o[4]_i_1/O
                         net (fo=1, unplaced)         0.000     6.859    gen_lane[0].i_p2_pop_slice/popcount_q_o_reg[6]_5[4]
                         FDCE                                         r  gen_lane[0].i_p2_pop_slice/popcount_q_o_reg[4]/D
  -------------------------------------------------------------------    -------------------

                         (clock clk_i rise edge)      5.000     5.000 r  
                                                      0.000     5.000 r  clk_i (IN)
                         net (fo=2888, unset)         0.748     5.748    gen_lane[0].i_p2_pop_slice/clk_i
                         FDCE                                         r  gen_lane[0].i_p2_pop_slice/popcount_q_o_reg[4]/C
                         clock pessimism              0.000     5.748    
                         clock uncertainty           -0.035     5.712    
                         FDCE (Setup_fdce_C_D)        0.072     5.784    gen_lane[0].i_p2_pop_slice/popcount_q_o_reg[4]
  -------------------------------------------------------------------
                         required time                          5.784    
                         arrival time                          -6.859    
  -------------------------------------------------------------------
                         slack                                 -1.075    

Slack (VIOLATED) :        -1.075ns  (required time - arrival time)
  Source:                 i_vrf/bank_ra_data_o_reg[0][43]/C
                            (rising edge-triggered cell FDCE clocked by clk_i  {rise@0.000ns fall@2.500ns period=5.000ns})
  Destination:            gen_lane[0].i_p2_pop_slice/popcount_q_o_reg[5]/D
                            (rising edge-triggered cell FDCE clocked by clk_i  {rise@0.000ns fall@2.500ns period=5.000ns})
  Path Group:             clk_i
  Path Type:              Setup (Max at Slow Process Corner)
  Requirement:            5.000ns  (clk_i rise@5.000ns - clk_i rise@0.000ns)
  Data Path Delay:        6.072ns  (logic 1.295ns (21.327%)  route 4.777ns (78.673%))
  Logic Levels:           7  (LUT2=1 LUT5=1 LUT6=5)
  Clock Path Skew:        -0.039ns (DCD - SCD + CPR)
    Destination Clock Delay (DCD):    0.748ns = ( 5.748 - 5.000 ) 
    Source Clock Delay      (SCD):    0.787ns
    Clock Pessimism Removal (CPR):    0.000ns
  Clock Uncertainty:      0.035ns  ((TSJ^2 + TIJ^2)^1/2 + DJ) / 2 + PE
    Total System Jitter     (TSJ):    0.071ns
    Total Input Jitter      (TIJ):    0.000ns
    Discrete Jitter          (DJ):    0.000ns
    Phase Error              (PE):    0.000ns

    Location             Delay type                Incr(ns)  Path(ns)    Netlist Resource(s)
  -------------------------------------------------------------------    -------------------
                         (clock clk_i rise edge)      0.000     0.000 r  
                                                      0.000     0.000 r  clk_i (IN)
                         net (fo=2888, unset)         0.787     0.787    i_vrf/clk_i
                         FDCE                                         r  i_vrf/bank_ra_data_o_reg[0][43]/C
  -------------------------------------------------------------------    -------------------
                         FDCE (Prop_fdce_C_Q)         0.433     1.220 r  i_vrf/bank_ra_data_o_reg[0][43]/Q
                         net (fo=13, unplaced)        0.412     1.632    i_vrf/bank_ra_data_o[0][43]
                                                                      r  i_vrf/lane_result_q[0][43]_i_5/I0
                         LUT2 (Prop_lut2_I0_O)        0.232     1.864 r  i_vrf/lane_result_q[0][43]_i_5/O
                         net (fo=5, unplaced)         0.966     2.830    gen_lane[0].i_p2_pop_slice/i_popcount/lane_bool_result[0][34]
                                                                      r  gen_lane[0].i_p2_pop_slice/i_popcount/popcount_q_o[1]_i_25/I1
                         LUT6 (Prop_lut6_I1_O)        0.105     2.935 r  gen_lane[0].i_p2_pop_slice/i_popcount/popcount_q_o[1]_i_25/O
                         net (fo=1, unplaced)         0.782     3.717    gen_lane[0].i_p2_pop_slice/i_popcount/popcount_q_o[1]_i_25_n_0
                                                                      r  gen_lane[0].i_p2_pop_slice/i_popcount/popcount_q_o[1]_i_18/I0
                         LUT6 (Prop_lut6_I0_O)        0.105     3.822 r  gen_lane[0].i_p2_pop_slice/i_popcount/popcount_q_o[1]_i_18/O
                         net (fo=1, unplaced)         0.347     4.169    gen_lane[0].i_p2_pop_slice/i_popcount/popcount_q_o[1]_i_18_n_0
                                                                      r  gen_lane[0].i_p2_pop_slice/i_popcount/popcount_q_o[1]_i_5/I5
                         LUT6 (Prop_lut6_I5_O)        0.105     4.274 r  gen_lane[0].i_p2_pop_slice/i_popcount/popcount_q_o[1]_i_5/O
                         net (fo=2, unplaced)         0.949     5.223    gen_lane[0].i_p2_pop_slice/i_popcount/bank_ra_data_o_reg[0][1]_1
                                                                      r  gen_lane[0].i_p2_pop_slice/i_popcount/popcount_q_o[3]_i_4/I0
                         LUT5 (Prop_lut5_I0_O)        0.105     5.328 r  gen_lane[0].i_p2_pop_slice/i_popcount/popcount_q_o[3]_i_4/O
                         net (fo=3, unplaced)         0.956     6.284    gen_lane[0].i_p2_pop_slice/i_popcount/bank_ra_data_o_reg[0][1]_0
                                                                      r  gen_lane[0].i_p2_pop_slice/i_popcount/popcount_q_o[6]_i_7/I1
                         LUT6 (Prop_lut6_I1_O)        0.105     6.389 r  gen_lane[0].i_p2_pop_slice/i_popcount/popcount_q_o[6]_i_7/O
                         net (fo=3, unplaced)         0.365     6.754    i_vrf/popcount_q_o_reg[6]_3
                                                                      r  i_vrf/popcount_q_o[5]_i_1/I3
                         LUT6 (Prop_lut6_I3_O)        0.105     6.859 r  i_vrf/popcount_q_o[5]_i_1/O
                         net (fo=1, unplaced)         0.000     6.859    gen_lane[0].i_p2_pop_slice/popcount_q_o_reg[6]_5[5]
                         FDCE                                         r  gen_lane[0].i_p2_pop_slice/popcount_q_o_reg[5]/D
  -------------------------------------------------------------------    -------------------

                         (clock clk_i rise edge)      5.000     5.000 r  
                                                      0.000     5.000 r  clk_i (IN)
                         net (fo=2888, unset)         0.748     5.748    gen_lane[0].i_p2_pop_slice/clk_i
                         FDCE                                         r  gen_lane[0].i_p2_pop_slice/popcount_q_o_reg[5]/C
                         clock pessimism              0.000     5.748    
                         clock uncertainty           -0.035     5.712    
                         FDCE (Setup_fdce_C_D)        0.072     5.784    gen_lane[0].i_p2_pop_slice/popcount_q_o_reg[5]
  -------------------------------------------------------------------
                         required time                          5.784    
                         arrival time                          -6.859    
  -------------------------------------------------------------------
                         slack                                 -1.075    

Slack (VIOLATED) :        -1.075ns  (required time - arrival time)
  Source:                 i_vrf/bank_ra_data_o_reg[0][43]/C
                            (rising edge-triggered cell FDCE clocked by clk_i  {rise@0.000ns fall@2.500ns period=5.000ns})
  Destination:            gen_lane[0].i_p2_pop_slice/popcount_q_o_reg[6]/D
                            (rising edge-triggered cell FDCE clocked by clk_i  {rise@0.000ns fall@2.500ns period=5.000ns})
  Path Group:             clk_i
  Path Type:              Setup (Max at Slow Process Corner)
  Requirement:            5.000ns  (clk_i rise@5.000ns - clk_i rise@0.000ns)
  Data Path Delay:        6.072ns  (logic 1.295ns (21.327%)  route 4.777ns (78.673%))
  Logic Levels:           7  (LUT2=1 LUT5=1 LUT6=5)
  Clock Path Skew:        -0.039ns (DCD - SCD + CPR)
    Destination Clock Delay (DCD):    0.748ns = ( 5.748 - 5.000 ) 
    Source Clock Delay      (SCD):    0.787ns
    Clock Pessimism Removal (CPR):    0.000ns
  Clock Uncertainty:      0.035ns  ((TSJ^2 + TIJ^2)^1/2 + DJ) / 2 + PE
    Total System Jitter     (TSJ):    0.071ns
    Total Input Jitter      (TIJ):    0.000ns
    Discrete Jitter          (DJ):    0.000ns
    Phase Error              (PE):    0.000ns

    Location             Delay type                Incr(ns)  Path(ns)    Netlist Resource(s)
  -------------------------------------------------------------------    -------------------
                         (clock clk_i rise edge)      0.000     0.000 r  
                                                      0.000     0.000 r  clk_i (IN)
                         net (fo=2888, unset)         0.787     0.787    i_vrf/clk_i
                         FDCE                                         r  i_vrf/bank_ra_data_o_reg[0][43]/C
  -------------------------------------------------------------------    -------------------
                         FDCE (Prop_fdce_C_Q)         0.433     1.220 r  i_vrf/bank_ra_data_o_reg[0][43]/Q
                         net (fo=13, unplaced)        0.412     1.632    i_vrf/bank_ra_data_o[0][43]
                                                                      r  i_vrf/lane_result_q[0][43]_i_5/I0
                         LUT2 (Prop_lut2_I0_O)        0.232     1.864 r  i_vrf/lane_result_q[0][43]_i_5/O
                         net (fo=5, unplaced)         0.966     2.830    gen_lane[0].i_p2_pop_slice/i_popcount/lane_bool_result[0][34]
                                                                      r  gen_lane[0].i_p2_pop_slice/i_popcount/popcount_q_o[1]_i_25/I1
                         LUT6 (Prop_lut6_I1_O)        0.105     2.935 r  gen_lane[0].i_p2_pop_slice/i_popcount/popcount_q_o[1]_i_25/O
                         net (fo=1, unplaced)         0.782     3.717    gen_lane[0].i_p2_pop_slice/i_popcount/popcount_q_o[1]_i_25_n_0
                                                                      r  gen_lane[0].i_p2_pop_slice/i_popcount/popcount_q_o[1]_i_18/I0
                         LUT6 (Prop_lut6_I0_O)        0.105     3.822 r  gen_lane[0].i_p2_pop_slice/i_popcount/popcount_q_o[1]_i_18/O
                         net (fo=1, unplaced)         0.347     4.169    gen_lane[0].i_p2_pop_slice/i_popcount/popcount_q_o[1]_i_18_n_0
                                                                      r  gen_lane[0].i_p2_pop_slice/i_popcount/popcount_q_o[1]_i_5/I5
                         LUT6 (Prop_lut6_I5_O)        0.105     4.274 r  gen_lane[0].i_p2_pop_slice/i_popcount/popcount_q_o[1]_i_5/O
                         net (fo=2, unplaced)         0.949     5.223    gen_lane[0].i_p2_pop_slice/i_popcount/bank_ra_data_o_reg[0][1]_1
                                                                      r  gen_lane[0].i_p2_pop_slice/i_popcount/popcount_q_o[3]_i_4/I0
                         LUT5 (Prop_lut5_I0_O)        0.105     5.328 r  gen_lane[0].i_p2_pop_slice/i_popcount/popcount_q_o[3]_i_4/O
                         net (fo=3, unplaced)         0.956     6.284    gen_lane[0].i_p2_pop_slice/i_popcount/bank_ra_data_o_reg[0][1]_0
                                                                      r  gen_lane[0].i_p2_pop_slice/i_popcount/popcount_q_o[6]_i_7/I1
                         LUT6 (Prop_lut6_I1_O)        0.105     6.389 r  gen_lane[0].i_p2_pop_slice/i_popcount/popcount_q_o[6]_i_7/O
                         net (fo=3, unplaced)         0.365     6.754    i_vrf/popcount_q_o_reg[6]_3
                                                                      r  i_vrf/popcount_q_o[6]_i_1/I5
                         LUT6 (Prop_lut6_I5_O)        0.105     6.859 r  i_vrf/popcount_q_o[6]_i_1/O
                         net (fo=1, unplaced)         0.000     6.859    gen_lane[0].i_p2_pop_slice/popcount_q_o_reg[6]_5[6]
                         FDCE                                         r  gen_lane[0].i_p2_pop_slice/popcount_q_o_reg[6]/D
  -------------------------------------------------------------------    -------------------

                         (clock clk_i rise edge)      5.000     5.000 r  
                                                      0.000     5.000 r  clk_i (IN)
                         net (fo=2888, unset)         0.748     5.748    gen_lane[0].i_p2_pop_slice/clk_i
                         FDCE                                         r  gen_lane[0].i_p2_pop_slice/popcount_q_o_reg[6]/C
                         clock pessimism              0.000     5.748    
                         clock uncertainty           -0.035     5.712    
                         FDCE (Setup_fdce_C_D)        0.072     5.784    gen_lane[0].i_p2_pop_slice/popcount_q_o_reg[6]
  -------------------------------------------------------------------
                         required time                          5.784    
                         arrival time                          -6.859    
  -------------------------------------------------------------------
                         slack                                 -1.075    

Slack (VIOLATED) :        -1.073ns  (required time - arrival time)
  Source:                 i_vrf/bank_ra_data_o_reg[1][43]/C
                            (rising edge-triggered cell FDCE clocked by clk_i  {rise@0.000ns fall@2.500ns period=5.000ns})
  Destination:            gen_lane[1].i_p2_pop_slice/popcount_q_o_reg[4]/D
                            (rising edge-triggered cell FDCE clocked by clk_i  {rise@0.000ns fall@2.500ns period=5.000ns})
  Path Group:             clk_i
  Path Type:              Setup (Max at Slow Process Corner)
  Requirement:            5.000ns  (clk_i rise@5.000ns - clk_i rise@0.000ns)
  Data Path Delay:        6.070ns  (logic 1.295ns (21.334%)  route 4.775ns (78.666%))
  Logic Levels:           7  (LUT2=1 LUT5=2 LUT6=4)
  Clock Path Skew:        -0.039ns (DCD - SCD + CPR)
    Destination Clock Delay (DCD):    0.748ns = ( 5.748 - 5.000 ) 
    Source Clock Delay      (SCD):    0.787ns
    Clock Pessimism Removal (CPR):    0.000ns
  Clock Uncertainty:      0.035ns  ((TSJ^2 + TIJ^2)^1/2 + DJ) / 2 + PE
    Total System Jitter     (TSJ):    0.071ns
    Total Input Jitter      (TIJ):    0.000ns
    Discrete Jitter          (DJ):    0.000ns
    Phase Error              (PE):    0.000ns

    Location             Delay type                Incr(ns)  Path(ns)    Netlist Resource(s)
  -------------------------------------------------------------------    -------------------
                         (clock clk_i rise edge)      0.000     0.000 r  
                                                      0.000     0.000 r  clk_i (IN)
                         net (fo=2888, unset)         0.787     0.787    i_vrf/clk_i
                         FDCE                                         r  i_vrf/bank_ra_data_o_reg[1][43]/C
  -------------------------------------------------------------------    -------------------
                         FDCE (Prop_fdce_C_Q)         0.433     1.220 r  i_vrf/bank_ra_data_o_reg[1][43]/Q
                         net (fo=12, unplaced)        0.410     1.630    i_vrf/bank_ra_data_o[1][43]
                                                                      r  i_vrf/lane_result_q[1][43]_i_5/I0
                         LUT2 (Prop_lut2_I0_O)        0.232     1.862 r  i_vrf/lane_result_q[1][43]_i_5/O
                         net (fo=5, unplaced)         0.966     2.828    gen_lane[1].i_p2_pop_slice/i_popcount/lane_bool_result[1][34]
                                                                      r  gen_lane[1].i_p2_pop_slice/i_popcount/popcount_q_o[1]_i_25/I1
                         LUT6 (Prop_lut6_I1_O)        0.105     2.933 r  gen_lane[1].i_p2_pop_slice/i_popcount/popcount_q_o[1]_i_25/O
                         net (fo=1, unplaced)         0.782     3.715    gen_lane[1].i_p2_pop_slice/i_popcount/popcount_q_o[1]_i_25_n_0
                                                                      r  gen_lane[1].i_p2_pop_slice/i_popcount/popcount_q_o[1]_i_18/I0
                         LUT6 (Prop_lut6_I0_O)        0.105     3.820 r  gen_lane[1].i_p2_pop_slice/i_popcount/popcount_q_o[1]_i_18/O
                         net (fo=1, unplaced)         0.347     4.167    gen_lane[1].i_p2_pop_slice/i_popcount/popcount_q_o[1]_i_18_n_0
                                                                      r  gen_lane[1].i_p2_pop_slice/i_popcount/popcount_q_o[1]_i_5/I5
                         LUT6 (Prop_lut6_I5_O)        0.105     4.272 r  gen_lane[1].i_p2_pop_slice/i_popcount/popcount_q_o[1]_i_5/O
                         net (fo=2, unplaced)         0.949     5.221    gen_lane[1].i_p2_pop_slice/i_popcount/bank_ra_data_o_reg[1][1]_1
                                                                      r  gen_lane[1].i_p2_pop_slice/i_popcount/popcount_q_o[3]_i_4/I0
                         LUT5 (Prop_lut5_I0_O)        0.105     5.326 r  gen_lane[1].i_p2_pop_slice/i_popcount/popcount_q_o[3]_i_4/O
                         net (fo=3, unplaced)         0.956     6.282    gen_lane[1].i_p2_pop_slice/i_popcount/bank_ra_data_o_reg[1][1]_0
                                                                      r  gen_lane[1].i_p2_pop_slice/i_popcount/popcount_q_o[6]_i_7/I1
                         LUT6 (Prop_lut6_I1_O)        0.105     6.387 r  gen_lane[1].i_p2_pop_slice/i_popcount/popcount_q_o[6]_i_7/O
                         net (fo=3, unplaced)         0.365     6.752    i_vrf/popcount_q_o_reg[6]_8
                                                                      r  i_vrf/popcount_q_o[4]_i_1__0/I3
                         LUT5 (Prop_lut5_I3_O)        0.105     6.857 r  i_vrf/popcount_q_o[4]_i_1__0/O
                         net (fo=1, unplaced)         0.000     6.857    gen_lane[1].i_p2_pop_slice/D[4]
                         FDCE                                         r  gen_lane[1].i_p2_pop_slice/popcount_q_o_reg[4]/D
  -------------------------------------------------------------------    -------------------

                         (clock clk_i rise edge)      5.000     5.000 r  
                                                      0.000     5.000 r  clk_i (IN)
                         net (fo=2888, unset)         0.748     5.748    gen_lane[1].i_p2_pop_slice/clk_i
                         FDCE                                         r  gen_lane[1].i_p2_pop_slice/popcount_q_o_reg[4]/C
                         clock pessimism              0.000     5.748    
                         clock uncertainty           -0.035     5.712    
                         FDCE (Setup_fdce_C_D)        0.072     5.784    gen_lane[1].i_p2_pop_slice/popcount_q_o_reg[4]
  -------------------------------------------------------------------
                         required time                          5.784    
                         arrival time                          -6.857    
  -------------------------------------------------------------------
                         slack                                 -1.073    

Slack (VIOLATED) :        -1.073ns  (required time - arrival time)
  Source:                 i_vrf/bank_ra_data_o_reg[1][43]/C
                            (rising edge-triggered cell FDCE clocked by clk_i  {rise@0.000ns fall@2.500ns period=5.000ns})
  Destination:            gen_lane[1].i_p2_pop_slice/popcount_q_o_reg[5]/D
                            (rising edge-triggered cell FDCE clocked by clk_i  {rise@0.000ns fall@2.500ns period=5.000ns})
  Path Group:             clk_i
  Path Type:              Setup (Max at Slow Process Corner)
  Requirement:            5.000ns  (clk_i rise@5.000ns - clk_i rise@0.000ns)
  Data Path Delay:        6.070ns  (logic 1.295ns (21.334%)  route 4.775ns (78.666%))
  Logic Levels:           7  (LUT2=1 LUT5=1 LUT6=5)
  Clock Path Skew:        -0.039ns (DCD - SCD + CPR)
    Destination Clock Delay (DCD):    0.748ns = ( 5.748 - 5.000 ) 
    Source Clock Delay      (SCD):    0.787ns
    Clock Pessimism Removal (CPR):    0.000ns
  Clock Uncertainty:      0.035ns  ((TSJ^2 + TIJ^2)^1/2 + DJ) / 2 + PE
    Total System Jitter     (TSJ):    0.071ns
    Total Input Jitter      (TIJ):    0.000ns
    Discrete Jitter          (DJ):    0.000ns
    Phase Error              (PE):    0.000ns

    Location             Delay type                Incr(ns)  Path(ns)    Netlist Resource(s)
  -------------------------------------------------------------------    -------------------
                         (clock clk_i rise edge)      0.000     0.000 r  
                                                      0.000     0.000 r  clk_i (IN)
                         net (fo=2888, unset)         0.787     0.787    i_vrf/clk_i
                         FDCE                                         r  i_vrf/bank_ra_data_o_reg[1][43]/C
  -------------------------------------------------------------------    -------------------
                         FDCE (Prop_fdce_C_Q)         0.433     1.220 r  i_vrf/bank_ra_data_o_reg[1][43]/Q
                         net (fo=12, unplaced)        0.410     1.630    i_vrf/bank_ra_data_o[1][43]
                                                                      r  i_vrf/lane_result_q[1][43]_i_5/I0
                         LUT2 (Prop_lut2_I0_O)        0.232     1.862 r  i_vrf/lane_result_q[1][43]_i_5/O
                         net (fo=5, unplaced)         0.966     2.828    gen_lane[1].i_p2_pop_slice/i_popcount/lane_bool_result[1][34]
                                                                      r  gen_lane[1].i_p2_pop_slice/i_popcount/popcount_q_o[1]_i_25/I1
                         LUT6 (Prop_lut6_I1_O)        0.105     2.933 r  gen_lane[1].i_p2_pop_slice/i_popcount/popcount_q_o[1]_i_25/O
                         net (fo=1, unplaced)         0.782     3.715    gen_lane[1].i_p2_pop_slice/i_popcount/popcount_q_o[1]_i_25_n_0
                                                                      r  gen_lane[1].i_p2_pop_slice/i_popcount/popcount_q_o[1]_i_18/I0
                         LUT6 (Prop_lut6_I0_O)        0.105     3.820 r  gen_lane[1].i_p2_pop_slice/i_popcount/popcount_q_o[1]_i_18/O
                         net (fo=1, unplaced)         0.347     4.167    gen_lane[1].i_p2_pop_slice/i_popcount/popcount_q_o[1]_i_18_n_0
                                                                      r  gen_lane[1].i_p2_pop_slice/i_popcount/popcount_q_o[1]_i_5/I5
                         LUT6 (Prop_lut6_I5_O)        0.105     4.272 r  gen_lane[1].i_p2_pop_slice/i_popcount/popcount_q_o[1]_i_5/O
                         net (fo=2, unplaced)         0.949     5.221    gen_lane[1].i_p2_pop_slice/i_popcount/bank_ra_data_o_reg[1][1]_1
                                                                      r  gen_lane[1].i_p2_pop_slice/i_popcount/popcount_q_o[3]_i_4/I0
                         LUT5 (Prop_lut5_I0_O)        0.105     5.326 r  gen_lane[1].i_p2_pop_slice/i_popcount/popcount_q_o[3]_i_4/O
                         net (fo=3, unplaced)         0.956     6.282    gen_lane[1].i_p2_pop_slice/i_popcount/bank_ra_data_o_reg[1][1]_0
                                                                      r  gen_lane[1].i_p2_pop_slice/i_popcount/popcount_q_o[6]_i_7/I1
                         LUT6 (Prop_lut6_I1_O)        0.105     6.387 r  gen_lane[1].i_p2_pop_slice/i_popcount/popcount_q_o[6]_i_7/O
                         net (fo=3, unplaced)         0.365     6.752    i_vrf/popcount_q_o_reg[6]_8
                                                                      r  i_vrf/popcount_q_o[5]_i_1__0/I3
                         LUT6 (Prop_lut6_I3_O)        0.105     6.857 r  i_vrf/popcount_q_o[5]_i_1__0/O
                         net (fo=1, unplaced)         0.000     6.857    gen_lane[1].i_p2_pop_slice/D[5]
                         FDCE                                         r  gen_lane[1].i_p2_pop_slice/popcount_q_o_reg[5]/D
  -------------------------------------------------------------------    -------------------

                         (clock clk_i rise edge)      5.000     5.000 r  
                                                      0.000     5.000 r  clk_i (IN)
                         net (fo=2888, unset)         0.748     5.748    gen_lane[1].i_p2_pop_slice/clk_i
                         FDCE                                         r  gen_lane[1].i_p2_pop_slice/popcount_q_o_reg[5]/C
                         clock pessimism              0.000     5.748    
                         clock uncertainty           -0.035     5.712    
                         FDCE (Setup_fdce_C_D)        0.072     5.784    gen_lane[1].i_p2_pop_slice/popcount_q_o_reg[5]
  -------------------------------------------------------------------
                         required time                          5.784    
                         arrival time                          -6.857    
  -------------------------------------------------------------------
                         slack                                 -1.073    




