Targeted timing group: HMATCH targeted
Patterns: hmatch match best dist acc hsim_total lane_popcnt
Matched cells (177):
  gen_lane[0].i_p2_pop_slice/hmatch_best_dist_q[10]_i_1 LUT6
  gen_lane[0].i_p2_pop_slice/hmatch_best_dist_q[10]_i_3 LUT2
  gen_lane[0].i_p2_pop_slice/hmatch_best_dist_q[10]_i_4 LUT5
  gen_lane[0].i_p2_pop_slice/hmatch_best_dist_q[10]_i_5 LUT3
  gen_lane[0].i_p2_pop_slice/hmatch_candidate_dist_q[10]_i_2 LUT2
  gen_lane[0].i_p2_pop_slice/hmatch_candidate_dist_q[8]_i_1 LUT2
  gen_lane[0].i_p2_pop_slice/hmatch_candidate_dist_q[9]_i_1 LUT2
  gen_lane[0].i_p2_pop_slice/hmatch_update_q_i_1 LUT5
  gen_lane[0].i_p2_pop_slice/hmatch_update_q_i_3 LUT6
  gen_lane[0].i_p2_pop_slice/hmatch_update_q_i_5 LUT2
  gen_lane[0].i_p2_pop_slice/hmatch_update_q_i_6 LUT4
  gen_lane[0].i_p2_pop_slice/hmatch_update_q_i_7 LUT2
  gen_lane[0].i_p2_pop_slice/hmatch_update_q_i_8 LUT4
  gen_lane[0].i_p2_pop_slice/hmatch_update_q_i_9 LUT6
  gen_lane[0].i_p2_pop_slice/hmatch_update_q_reg_i_2 CARRY4
  gen_lane[0].i_p2_pop_slice/hsim_total_q[10]_i_12 LUT1
  gen_lane[0].i_p2_pop_slice/hsim_total_q[10]_i_13 LUT2
  gen_lane[0].i_p2_pop_slice/hsim_total_q[10]_i_14 LUT2
  gen_lane[0].i_p2_pop_slice/hsim_total_q[10]_i_15 LUT2
  gen_lane[0].i_p2_pop_slice/hsim_total_q[10]_i_16 LUT3
  gen_lane[0].i_p2_pop_slice/hsim_total_q[10]_i_17 LUT2
  gen_lane[0].i_p2_pop_slice/hsim_total_q[10]_i_18 LUT2
  gen_lane[0].i_p2_pop_slice/hsim_total_q[10]_i_19 LUT2
  gen_lane[0].i_p2_pop_slice/hsim_total_q[10]_i_2 LUT2
  gen_lane[0].i_p2_pop_slice/hsim_total_q[10]_i_20 LUT2
  gen_lane[0].i_p2_pop_slice/hsim_total_q[10]_i_21 LUT4
  gen_lane[0].i_p2_pop_slice/hsim_total_q[10]_i_22 LUT4
  gen_lane[0].i_p2_pop_slice/hsim_total_q[10]_i_23 LUT4
  gen_lane[0].i_p2_pop_slice/hsim_total_q[10]_i_24 LUT2
  gen_lane[0].i_p2_pop_slice/hsim_total_q[10]_i_25 LUT1
  gen_lane[0].i_p2_pop_slice/hsim_total_q[10]_i_3 LUT6
  gen_lane[0].i_p2_pop_slice/hsim_total_q[10]_i_7 LUT6
  gen_lane[0].i_p2_pop_slice/hsim_total_q[7]_i_15 LUT4
  gen_lane[0].i_p2_pop_slice/hsim_total_q[7]_i_17 LUT6
  gen_lane[0].i_p2_pop_slice/hsim_total_q[7]_i_18 LUT6
  gen_lane[0].i_p2_pop_slice/hsim_total_q[7]_i_22 LUT6
  gen_lane[0].i_p2_pop_slice/hsim_total_q[7]_i_23 LUT6
  gen_lane[0].i_p2_pop_slice/hsim_total_q[7]_i_24 LUT6
  gen_lane[0].i_p2_pop_slice/hsim_total_q[7]_i_25 LUT3
  gen_lane[0].i_p2_pop_slice/hsim_total_q[7]_i_7 LUT4
  gen_lane[0].i_p2_pop_slice/hsim_total_q[8]_i_1 LUT2
  gen_lane[0].i_p2_pop_slice/hsim_total_q[9]_i_1 LUT2
  gen_lane[0].i_p2_pop_slice/hsim_total_q_reg[10]_i_10 CARRY4
  gen_lane[0].i_p2_pop_slice/hsim_total_q_reg[10]_i_11 CARRY4
  gen_lane[0].i_p2_pop_slice/hsim_total_q_reg[10]_i_6 CARRY4
  gen_lane[0].i_p2_pop_slice/hsim_total_q_reg[10]_i_8 CARRY4
  gen_lane[0].i_p2_pop_slice/hsim_total_q_reg[10]_i_9 CARRY4
  gen_lane[0].i_p2_pop_slice/hsim_total_q_reg[7]_i_11 CARRY4
  gen_lane[0].i_p2_pop_slice/hsim_total_q_reg[7]_i_3 CARRY4
  gen_lane[1].i_p2_pop_slice/hsim_total_q[3]_i_6 LUT6
  gen_lane[1].i_p2_pop_slice/hsim_total_q[3]_i_7 LUT6
  gen_lane[1].i_p2_pop_slice/hsim_total_q[7]_i_10 LUT6
  gen_lane[1].i_p2_pop_slice/hsim_total_q[7]_i_8 LUT6
  gen_lane[1].i_p2_pop_slice/hsim_total_q[7]_i_9 LUT6
  gen_lane[2].i_p2_pop_slice/hmatch_candidate_dist_q[0]_i_1 LUT2
  gen_lane[2].i_p2_pop_slice/hmatch_candidate_dist_q[10]_i_3 LUT2
  gen_lane[2].i_p2_pop_slice/hmatch_candidate_dist_q[1]_i_1 LUT2
  gen_lane[2].i_p2_pop_slice/hmatch_candidate_dist_q[2]_i_1 LUT2
  gen_lane[2].i_p2_pop_slice/hmatch_candidate_dist_q[3]_i_1 LUT2
  gen_lane[2].i_p2_pop_slice/hmatch_candidate_dist_q[4]_i_1 LUT2
  gen_lane[2].i_p2_pop_slice/hmatch_candidate_dist_q[5]_i_1 LUT2
  gen_lane[2].i_p2_pop_slice/hmatch_candidate_dist_q[6]_i_1 LUT2
  gen_lane[2].i_p2_pop_slice/hmatch_candidate_dist_q[7]_i_1 LUT2
  gen_lane[2].i_p2_pop_slice/hmatch_update_q_i_10 LUT4
  gen_lane[2].i_p2_pop_slice/hmatch_update_q_i_11 LUT4
  gen_lane[2].i_p2_pop_slice/hmatch_update_q_i_12 LUT4
  gen_lane[2].i_p2_pop_slice/hmatch_update_q_i_13 LUT4
  gen_lane[2].i_p2_pop_slice/hmatch_update_q_i_14 LUT4
  gen_lane[2].i_p2_pop_slice/hmatch_update_q_i_15 LUT4
  gen_lane[2].i_p2_pop_slice/hmatch_update_q_i_16 LUT4
  gen_lane[2].i_p2_pop_slice/hmatch_update_q_i_17 LUT4
  gen_lane[2].i_p2_pop_slice/hmatch_update_q_reg_i_4 CARRY4
  gen_lane[2].i_p2_pop_slice/hsim_total_q[0]_i_1 LUT2
  gen_lane[2].i_p2_pop_slice/hsim_total_q[10]_i_5 LUT6
  gen_lane[2].i_p2_pop_slice/hsim_total_q[1]_i_1 LUT2
  gen_lane[2].i_p2_pop_slice/hsim_total_q[2]_i_1 LUT2
  gen_lane[2].i_p2_pop_slice/hsim_total_q[3]_i_1 LUT2
  gen_lane[2].i_p2_pop_slice/hsim_total_q[3]_i_3 LUT3
  gen_lane[2].i_p2_pop_slice/hsim_total_q[3]_i_4 LUT3
  gen_lane[2].i_p2_pop_slice/hsim_total_q[3]_i_5 LUT3
  gen_lane[2].i_p2_pop_slice/hsim_total_q[3]_i_8 LUT4
  gen_lane[2].i_p2_pop_slice/hsim_total_q[3]_i_9 LUT3
  gen_lane[2].i_p2_pop_slice/hsim_total_q[4]_i_1 LUT2
  gen_lane[2].i_p2_pop_slice/hsim_total_q[5]_i_1 LUT2
  gen_lane[2].i_p2_pop_slice/hsim_total_q[6]_i_1 LUT2
  gen_lane[2].i_p2_pop_slice/hsim_total_q[7]_i_1 LUT2
  gen_lane[2].i_p2_pop_slice/hsim_total_q[7]_i_4 LUT3
  gen_lane[2].i_p2_pop_slice/hsim_total_q[7]_i_5 LUT3
  gen_lane[2].i_p2_pop_slice/hsim_total_q[7]_i_6 LUT3
  gen_lane[2].i_p2_pop_slice/hsim_total_q_reg[3]_i_2 CARRY4
  gen_lane[2].i_p2_pop_slice/hsim_total_q_reg[7]_i_2 CARRY4
  gen_lane[3].i_p2_pop_slice/hsim_total_q[7]_i_12 LUT3
  gen_lane[3].i_p2_pop_slice/hsim_total_q[7]_i_13 LUT3
  gen_lane[3].i_p2_pop_slice/hsim_total_q[7]_i_14 LUT3
  gen_lane[3].i_p2_pop_slice/hsim_total_q[7]_i_16 LUT4
  gen_lane[3].i_p2_pop_slice/hsim_total_q[7]_i_19 LUT3
  gen_lane[3].i_p2_pop_slice/hsim_total_q[7]_i_20 LUT3
  gen_lane[3].i_p2_pop_slice/hsim_total_q[7]_i_21 LUT3
  hcntadd_acc_sel_q_reg FDCE
  hcntclip_acc_sel_q_reg FDCE
  hmatch_best_dist_q[0]_i_1 LUT4
  hmatch_best_dist_q[10]_i_2 LUT4
  hmatch_best_dist_q[1]_i_1 LUT3
  hmatch_best_dist_q[2]_i_1 LUT3
  hmatch_best_dist_q[3]_i_1 LUT3
  hmatch_best_dist_q[4]_i_1 LUT3
  hmatch_best_dist_q[5]_i_1 LUT3
  hmatch_best_dist_q[6]_i_1 LUT3
  hmatch_best_dist_q[7]_i_1 LUT3
  hmatch_best_dist_q[8]_i_1 LUT3
  hmatch_best_dist_q[9]_i_1 LUT3
  hmatch_best_dist_q_reg[0] FDCE
  hmatch_best_dist_q_reg[10] FDCE
  hmatch_best_dist_q_reg[1] FDCE
  hmatch_best_dist_q_reg[2] FDCE
  hmatch_best_dist_q_reg[3] FDCE
  hmatch_best_dist_q_reg[4] FDCE
  hmatch_best_dist_q_reg[5] FDCE
  hmatch_best_dist_q_reg[6] FDCE
  hmatch_best_dist_q_reg[7] FDCE
  hmatch_best_dist_q_reg[8] FDCE
  hmatch_best_dist_q_reg[9] FDCE
  hmatch_best_idx_q[0]_i_1 LUT3
  hmatch_best_idx_q[1]_i_1 LUT3
  hmatch_best_idx_q[2]_i_1 LUT3
  hmatch_best_idx_q[3]_i_1 LUT3
  hmatch_best_idx_q[4]_i_1 LUT3
  hmatch_best_idx_q[5]_i_1 LUT3
  hmatch_best_idx_q[6]_i_1 LUT3
  hmatch_best_idx_q[7]_i_1 LUT3
  hmatch_best_idx_q_reg[0] FDCE
  hmatch_best_idx_q_reg[1] FDCE
  hmatch_best_idx_q_reg[2] FDCE
  hmatch_best_idx_q_reg[3] FDCE
  hmatch_best_idx_q_reg[4] FDCE
  hmatch_best_idx_q_reg[5] FDCE
  hmatch_best_idx_q_reg[6] FDCE
  hmatch_best_idx_q_reg[7] FDCE
  hmatch_candidate_dist_q[10]_i_1 LUT6
  hmatch_candidate_dist_q_reg[0] FDCE
  hmatch_candidate_dist_q_reg[10] FDCE
  hmatch_candidate_dist_q_reg[1] FDCE
  hmatch_candidate_dist_q_reg[2] FDCE
  hmatch_candidate_dist_q_reg[3] FDCE
  hmatch_candidate_dist_q_reg[4] FDCE
  hmatch_candidate_dist_q_reg[5] FDCE
  hmatch_candidate_dist_q_reg[6] FDCE
  hmatch_candidate_dist_q_reg[7] FDCE
  hmatch_candidate_dist_q_reg[8] FDCE
  hmatch_candidate_dist_q_reg[9] FDCE
  hmatch_class_slot_q[0]_i_1 LUT4
  hmatch_class_slot_q[1]_i_1 LUT5
  hmatch_class_slot_q[2]_i_1 LUT6
  hmatch_class_slot_q[3]_i_1 LUT4
  hmatch_class_slot_q[3]_i_2 LUT4
  hmatch_class_slot_q[3]_i_3 LUT4
  hmatch_class_slot_q[3]_i_4 LUT4
  hmatch_class_slot_q[3]_i_5 LUT6
  hmatch_class_slot_q[3]_i_6 LUT4
  hmatch_class_slot_q_reg[0] FDCE
  hmatch_class_slot_q_reg[1] FDCE
  hmatch_class_slot_q_reg[2] FDCE
  hmatch_class_slot_q_reg[3] FDCE
  hmatch_update_q_reg FDCE
  hsim_total_q[10]_i_1 LUT6
  hsim_total_q[10]_i_4 LUT3
  hsim_total_q_reg[0] FDCE
  hsim_total_q_reg[10] FDCE
  hsim_total_q_reg[1] FDCE
  hsim_total_q_reg[2] FDCE
  hsim_total_q_reg[3] FDCE
  hsim_total_q_reg[4] FDCE
  hsim_total_q_reg[5] FDCE
  hsim_total_q_reg[6] FDCE
  hsim_total_q_reg[7] FDCE
  hsim_total_q_reg[8] FDCE
  hsim_total_q_reg[9] FDCE
Matched nets (305):
  gen_lane[0].i_p2_pop_slice/hmatch_best_dist_q[10]_i_3_n_0 fanout=1 driver=gen_lane[0].i_p2_pop_slice/hmatch_best_dist_q[10]_i_3/O
  gen_lane[0].i_p2_pop_slice/hmatch_best_dist_q[10]_i_5_n_0 fanout=1 driver=gen_lane[0].i_p2_pop_slice/hmatch_best_dist_q[10]_i_5/O
  gen_lane[0].i_p2_pop_slice/hmatch_best_idx_q_reg[0][0] fanout=55 driver=op_q_reg[0]/Q
  gen_lane[0].i_p2_pop_slice/hmatch_best_idx_q_reg[0][1] fanout=57 driver=op_q_reg[1]/Q
  gen_lane[0].i_p2_pop_slice/hmatch_best_idx_q_reg[0][2] fanout=57 driver=op_q_reg[2]/Q
  gen_lane[0].i_p2_pop_slice/hmatch_best_idx_q_reg[0][3] fanout=51 driver=op_q_reg[3]/Q
  gen_lane[0].i_p2_pop_slice/hmatch_update_q fanout=3 driver=hmatch_update_q_reg/Q
  gen_lane[0].i_p2_pop_slice/hmatch_update_q_i_3_0[0] fanout=39 driver=uop_p3_q_reg[chunk_idx][0]/Q
  gen_lane[0].i_p2_pop_slice/hmatch_update_q_i_3_0[1] fanout=33 driver=uop_p3_q_reg[chunk_idx][1]/Q
  gen_lane[0].i_p2_pop_slice/hmatch_update_q_i_3_1[0] fanout=35 driver=uop_p3_q_reg[op_type][0]/Q
  gen_lane[0].i_p2_pop_slice/hmatch_update_q_i_3_1[1] fanout=70 driver=uop_p3_q_reg[op_type][1]/Q
  gen_lane[0].i_p2_pop_slice/hmatch_update_q_i_3_1[2] fanout=68 driver=uop_p3_q_reg[op_type][2]/Q
  gen_lane[0].i_p2_pop_slice/hmatch_update_q_i_3_n_0 fanout=1 driver=gen_lane[0].i_p2_pop_slice/hmatch_update_q_i_3/O
  gen_lane[0].i_p2_pop_slice/hmatch_update_q_i_5_n_0 fanout=1 driver=gen_lane[0].i_p2_pop_slice/hmatch_update_q_i_5/O
  gen_lane[0].i_p2_pop_slice/hmatch_update_q_i_6_n_0 fanout=1 driver=gen_lane[0].i_p2_pop_slice/hmatch_update_q_i_6/O
  gen_lane[0].i_p2_pop_slice/hmatch_update_q_i_7_n_0 fanout=1 driver=gen_lane[0].i_p2_pop_slice/hmatch_update_q_i_7/O
  gen_lane[0].i_p2_pop_slice/hmatch_update_q_i_8_n_0 fanout=1 driver=gen_lane[0].i_p2_pop_slice/hmatch_update_q_i_8/O
  gen_lane[0].i_p2_pop_slice/hmatch_update_q_i_9_n_0 fanout=1 driver=gen_lane[0].i_p2_pop_slice/hmatch_update_q_i_9/O
  gen_lane[0].i_p2_pop_slice/hmatch_update_q_reg fanout=20 driver=gen_lane[0].i_p2_pop_slice/hmatch_best_dist_q[10]_i_4/O
  gen_lane[0].i_p2_pop_slice/hmatch_update_q_reg_0[0] fanout=4 driver=p4_arch_op_q_reg[0]/Q
  gen_lane[0].i_p2_pop_slice/hmatch_update_q_reg_0[1] fanout=4 driver=p4_arch_op_q_reg[1]/Q
  gen_lane[0].i_p2_pop_slice/hmatch_update_q_reg_0[2] fanout=4 driver=p4_arch_op_q_reg[2]/Q
  gen_lane[0].i_p2_pop_slice/hmatch_update_q_reg_0[3] fanout=4 driver=p4_arch_op_q_reg[3]/Q
  gen_lane[0].i_p2_pop_slice/hmatch_update_q_reg_1 fanout=114 driver=FSM_onehot_st_q_reg[7]_rep/Q
  gen_lane[0].i_p2_pop_slice/hmatch_update_q_reg_2[0] fanout=1 driver=gen_lane[2].i_p2_pop_slice/hmatch_update_q_reg_i_4/CO[3]
  gen_lane[0].i_p2_pop_slice/hmatch_update_q_reg_i_2_0[0] fanout=3 driver=hmatch_best_dist_q_reg[8]/Q
  gen_lane[0].i_p2_pop_slice/hmatch_update_q_reg_i_2_0[1] fanout=3 driver=hmatch_best_dist_q_reg[9]/Q
  gen_lane[0].i_p2_pop_slice/hmatch_update_q_reg_i_2_0[2] fanout=3 driver=hmatch_best_dist_q_reg[10]/Q
  gen_lane[0].i_p2_pop_slice/hmatch_update_q_reg_i_2_n_2 fanout=1 driver=gen_lane[0].i_p2_pop_slice/hmatch_update_q_reg_i_2/CO[1]
  gen_lane[0].i_p2_pop_slice/hmatch_update_q_reg_i_2_n_3 fanout=0 driver=gen_lane[0].i_p2_pop_slice/hmatch_update_q_reg_i_2/CO[0]
  gen_lane[0].i_p2_pop_slice/hsim_total_q[10]_i_12_n_0 fanout=1 driver=gen_lane[0].i_p2_pop_slice/hsim_total_q[10]_i_12/O
  gen_lane[0].i_p2_pop_slice/hsim_total_q[10]_i_13_n_0 fanout=1 driver=gen_lane[0].i_p2_pop_slice/hsim_total_q[10]_i_13/O
  gen_lane[0].i_p2_pop_slice/hsim_total_q[10]_i_14_n_0 fanout=1 driver=gen_lane[0].i_p2_pop_slice/hsim_total_q[10]_i_14/O
  gen_lane[0].i_p2_pop_slice/hsim_total_q[10]_i_15_n_0 fanout=1 driver=gen_lane[0].i_p2_pop_slice/hsim_total_q[10]_i_15/O
  gen_lane[0].i_p2_pop_slice/hsim_total_q[10]_i_16_n_0 fanout=1 driver=gen_lane[0].i_p2_pop_slice/hsim_total_q[10]_i_16/O
  gen_lane[0].i_p2_pop_slice/hsim_total_q[10]_i_17_n_0 fanout=1 driver=gen_lane[0].i_p2_pop_slice/hsim_total_q[10]_i_17/O
  gen_lane[0].i_p2_pop_slice/hsim_total_q[10]_i_18_n_0 fanout=1 driver=gen_lane[0].i_p2_pop_slice/hsim_total_q[10]_i_18/O
  gen_lane[0].i_p2_pop_slice/hsim_total_q[10]_i_19_n_0 fanout=1 driver=gen_lane[0].i_p2_pop_slice/hsim_total_q[10]_i_19/O
  gen_lane[0].i_p2_pop_slice/hsim_total_q[10]_i_20_n_0 fanout=1 driver=gen_lane[0].i_p2_pop_slice/hsim_total_q[10]_i_20/O
  gen_lane[0].i_p2_pop_slice/hsim_total_q[10]_i_21_n_0 fanout=1 driver=gen_lane[0].i_p2_pop_slice/hsim_total_q[10]_i_21/O
  gen_lane[0].i_p2_pop_slice/hsim_total_q[10]_i_22_n_0 fanout=1 driver=gen_lane[0].i_p2_pop_slice/hsim_total_q[10]_i_22/O
  gen_lane[0].i_p2_pop_slice/hsim_total_q[10]_i_23_n_0 fanout=1 driver=gen_lane[0].i_p2_pop_slice/hsim_total_q[10]_i_23/O
  gen_lane[0].i_p2_pop_slice/hsim_total_q[10]_i_24_n_0 fanout=1 driver=gen_lane[0].i_p2_pop_slice/hsim_total_q[10]_i_24/O
  gen_lane[0].i_p2_pop_slice/hsim_total_q[10]_i_25_n_0 fanout=1 driver=gen_lane[0].i_p2_pop_slice/hsim_total_q[10]_i_25/O
  gen_lane[0].i_p2_pop_slice/hsim_total_q[10]_i_7_n_0 fanout=1 driver=gen_lane[0].i_p2_pop_slice/hsim_total_q[10]_i_7/O
  gen_lane[0].i_p2_pop_slice/hsim_total_q[7]_i_15_n_0 fanout=1 driver=gen_lane[0].i_p2_pop_slice/hsim_total_q[7]_i_15/O
  gen_lane[0].i_p2_pop_slice/hsim_total_q[7]_i_17_n_0 fanout=1 driver=gen_lane[0].i_p2_pop_slice/hsim_total_q[7]_i_17/O
  gen_lane[0].i_p2_pop_slice/hsim_total_q[7]_i_18_n_0 fanout=1 driver=gen_lane[0].i_p2_pop_slice/hsim_total_q[7]_i_18/O
  gen_lane[0].i_p2_pop_slice/hsim_total_q[7]_i_22_n_0 fanout=1 driver=gen_lane[0].i_p2_pop_slice/hsim_total_q[7]_i_22/O
  gen_lane[0].i_p2_pop_slice/hsim_total_q[7]_i_23_n_0 fanout=1 driver=gen_lane[0].i_p2_pop_slice/hsim_total_q[7]_i_23/O
  gen_lane[0].i_p2_pop_slice/hsim_total_q[7]_i_24_n_0 fanout=1 driver=gen_lane[0].i_p2_pop_slice/hsim_total_q[7]_i_24/O
  gen_lane[0].i_p2_pop_slice/hsim_total_q[7]_i_25_n_0 fanout=1 driver=gen_lane[0].i_p2_pop_slice/hsim_total_q[7]_i_25/O
  gen_lane[0].i_p2_pop_slice/hsim_total_q[7]_i_9[0] fanout=1 driver=gen_lane[3].i_p2_pop_slice/hsim_total_q[7]_i_14/O
  gen_lane[0].i_p2_pop_slice/hsim_total_q[7]_i_9[1] fanout=1 driver=gen_lane[3].i_p2_pop_slice/hsim_total_q[7]_i_13/O
  gen_lane[0].i_p2_pop_slice/hsim_total_q[7]_i_9[2] fanout=2 driver=gen_lane[3].i_p2_pop_slice/hsim_total_q[7]_i_12/O
  gen_lane[0].i_p2_pop_slice/hsim_total_q_reg[10]_i_10_n_0 fanout=1 driver=gen_lane[0].i_p2_pop_slice/hsim_total_q_reg[10]_i_10/CO[3]
  gen_lane[0].i_p2_pop_slice/hsim_total_q_reg[10]_i_10_n_1 fanout=0 driver=gen_lane[0].i_p2_pop_slice/hsim_total_q_reg[10]_i_10/CO[2]
  gen_lane[0].i_p2_pop_slice/hsim_total_q_reg[10]_i_10_n_2 fanout=0 driver=gen_lane[0].i_p2_pop_slice/hsim_total_q_reg[10]_i_10/CO[1]
  gen_lane[0].i_p2_pop_slice/hsim_total_q_reg[10]_i_10_n_3 fanout=0 driver=gen_lane[0].i_p2_pop_slice/hsim_total_q_reg[10]_i_10/CO[0]
  gen_lane[0].i_p2_pop_slice/hsim_total_q_reg[10]_i_10_n_4 fanout=1 driver=gen_lane[0].i_p2_pop_slice/hsim_total_q_reg[10]_i_10/O[3]
  gen_lane[0].i_p2_pop_slice/hsim_total_q_reg[10]_i_11_n_7 fanout=1 driver=gen_lane[0].i_p2_pop_slice/hsim_total_q_reg[10]_i_11/O[0]
  gen_lane[0].i_p2_pop_slice/hsim_total_q_reg[10]_i_6_0[0] fanout=4 driver=hsim_total_q_reg[0]/Q
  gen_lane[0].i_p2_pop_slice/hsim_total_q_reg[10]_i_6_0[10] fanout=2 driver=hsim_total_q_reg[10]/Q
  gen_lane[0].i_p2_pop_slice/hsim_total_q_reg[10]_i_6_0[1] fanout=4 driver=hsim_total_q_reg[1]/Q
  gen_lane[0].i_p2_pop_slice/hsim_total_q_reg[10]_i_6_0[2] fanout=4 driver=hsim_total_q_reg[2]/Q
  gen_lane[0].i_p2_pop_slice/hsim_total_q_reg[10]_i_6_0[3] fanout=4 driver=hsim_total_q_reg[3]/Q
  gen_lane[0].i_p2_pop_slice/hsim_total_q_reg[10]_i_6_0[4] fanout=4 driver=hsim_total_q_reg[4]/Q
  gen_lane[0].i_p2_pop_slice/hsim_total_q_reg[10]_i_6_0[5] fanout=3 driver=hsim_total_q_reg[5]/Q
  gen_lane[0].i_p2_pop_slice/hsim_total_q_reg[10]_i_6_0[6] fanout=3 driver=hsim_total_q_reg[6]/Q
  gen_lane[0].i_p2_pop_slice/hsim_total_q_reg[10]_i_6_0[7] fanout=3 driver=hsim_total_q_reg[7]/Q
  gen_lane[0].i_p2_pop_slice/hsim_total_q_reg[10]_i_6_0[8] fanout=2 driver=hsim_total_q_reg[8]/Q
  gen_lane[0].i_p2_pop_slice/hsim_total_q_reg[10]_i_6_0[9] fanout=2 driver=hsim_total_q_reg[9]/Q
  gen_lane[0].i_p2_pop_slice/hsim_total_q_reg[10]_i_6_n_2 fanout=0 driver=gen_lane[0].i_p2_pop_slice/hsim_total_q_reg[10]_i_6/CO[1]
  gen_lane[0].i_p2_pop_slice/hsim_total_q_reg[10]_i_6_n_3 fanout=0 driver=gen_lane[0].i_p2_pop_slice/hsim_total_q_reg[10]_i_6/CO[0]
  gen_lane[0].i_p2_pop_slice/hsim_total_q_reg[10]_i_8_n_2 fanout=0 driver=gen_lane[0].i_p2_pop_slice/hsim_total_q_reg[10]_i_8/CO[1]
  gen_lane[0].i_p2_pop_slice/hsim_total_q_reg[10]_i_8_n_3 fanout=0 driver=gen_lane[0].i_p2_pop_slice/hsim_total_q_reg[10]_i_8/CO[0]
  gen_lane[0].i_p2_pop_slice/hsim_total_q_reg[10]_i_8_n_5 fanout=1 driver=gen_lane[0].i_p2_pop_slice/hsim_total_q_reg[10]_i_8/O[2]
  gen_lane[0].i_p2_pop_slice/hsim_total_q_reg[10]_i_8_n_6 fanout=1 driver=gen_lane[0].i_p2_pop_slice/hsim_total_q_reg[10]_i_8/O[1]
  gen_lane[0].i_p2_pop_slice/hsim_total_q_reg[10]_i_8_n_7 fanout=1 driver=gen_lane[0].i_p2_pop_slice/hsim_total_q_reg[10]_i_8/O[0]
  gen_lane[0].i_p2_pop_slice/hsim_total_q_reg[10]_i_9_0[0] fanout=19 driver=a_q_reg[4]/Q
  gen_lane[0].i_p2_pop_slice/hsim_total_q_reg[10]_i_9_0[10] fanout=10 driver=a_q_reg[14]/Q
  gen_lane[0].i_p2_pop_slice/hsim_total_q_reg[10]_i_9_0[11] fanout=9 driver=a_q_reg[15]/Q
  gen_lane[0].i_p2_pop_slice/hsim_total_q_reg[10]_i_9_0[1] fanout=15 driver=a_q_reg[5]/Q
  gen_lane[0].i_p2_pop_slice/hsim_total_q_reg[10]_i_9_0[2] fanout=17 driver=a_q_reg[6]/Q
  gen_lane[0].i_p2_pop_slice/hsim_total_q_reg[10]_i_9_0[3] fanout=15 driver=a_q_reg[7]/Q
  gen_lane[0].i_p2_pop_slice/hsim_total_q_reg[10]_i_9_0[4] fanout=14 driver=a_q_reg[8]/Q
  gen_lane[0].i_p2_pop_slice/hsim_total_q_reg[10]_i_9_0[5] fanout=12 driver=a_q_reg[9]/Q
  gen_lane[0].i_p2_pop_slice/hsim_total_q_reg[10]_i_9_0[6] fanout=15 driver=a_q_reg[10]/Q
  gen_lane[0].i_p2_pop_slice/hsim_total_q_reg[10]_i_9_0[7] fanout=13 driver=a_q_reg[11]/Q
  gen_lane[0].i_p2_pop_slice/hsim_total_q_reg[10]_i_9_0[8] fanout=12 driver=a_q_reg[12]/Q
  gen_lane[0].i_p2_pop_slice/hsim_total_q_reg[10]_i_9_0[9] fanout=11 driver=a_q_reg[13]/Q
  gen_lane[0].i_p2_pop_slice/hsim_total_q_reg[10]_i_9_n_0 fanout=1 driver=gen_lane[0].i_p2_pop_slice/hsim_total_q_reg[10]_i_9/CO[3]
  gen_lane[0].i_p2_pop_slice/hsim_total_q_reg[10]_i_9_n_1 fanout=0 driver=gen_lane[0].i_p2_pop_slice/hsim_total_q_reg[10]_i_9/CO[2]
  gen_lane[0].i_p2_pop_slice/hsim_total_q_reg[10]_i_9_n_2 fanout=0 driver=gen_lane[0].i_p2_pop_slice/hsim_total_q_reg[10]_i_9/CO[1]
  gen_lane[0].i_p2_pop_slice/hsim_total_q_reg[10]_i_9_n_3 fanout=0 driver=gen_lane[0].i_p2_pop_slice/hsim_total_q_reg[10]_i_9/CO[0]
  gen_lane[0].i_p2_pop_slice/hsim_total_q_reg[10]_i_9_n_4 fanout=1 driver=gen_lane[0].i_p2_pop_slice/hsim_total_q_reg[10]_i_9/O[3]
  gen_lane[0].i_p2_pop_slice/hsim_total_q_reg[10]_i_9_n_5 fanout=1 driver=gen_lane[0].i_p2_pop_slice/hsim_total_q_reg[10]_i_9/O[2]
  gen_lane[0].i_p2_pop_slice/hsim_total_q_reg[10]_i_9_n_6 fanout=1 driver=gen_lane[0].i_p2_pop_slice/hsim_total_q_reg[10]_i_9/O[1]
  gen_lane[0].i_p2_pop_slice/hsim_total_q_reg[10]_i_9_n_7 fanout=1 driver=gen_lane[0].i_p2_pop_slice/hsim_total_q_reg[10]_i_9/O[0]
  gen_lane[0].i_p2_pop_slice/hsim_total_q_reg[7][0] fanout=3 driver=gen_lane[0].i_p2_pop_slice/hsim_total_q_reg[7]_i_3/O[0]
  gen_lane[0].i_p2_pop_slice/hsim_total_q_reg[7][1] fanout=3 driver=gen_lane[0].i_p2_pop_slice/hsim_total_q_reg[7]_i_3/O[1]
  gen_lane[0].i_p2_pop_slice/hsim_total_q_reg[7][2] fanout=2 driver=gen_lane[0].i_p2_pop_slice/hsim_total_q_reg[7]_i_3/O[2]
  gen_lane[0].i_p2_pop_slice/hsim_total_q_reg[7][3] fanout=2 driver=gen_lane[0].i_p2_pop_slice/hsim_total_q_reg[7]_i_3/O[3]
  gen_lane[0].i_p2_pop_slice/hsim_total_q_reg[7]_i_11_n_0 fanout=1 driver=gen_lane[0].i_p2_pop_slice/hsim_total_q_reg[7]_i_11/CO[3]
  gen_lane[0].i_p2_pop_slice/hsim_total_q_reg[7]_i_11_n_1 fanout=0 driver=gen_lane[0].i_p2_pop_slice/hsim_total_q_reg[7]_i_11/CO[2]
  gen_lane[0].i_p2_pop_slice/hsim_total_q_reg[7]_i_11_n_2 fanout=0 driver=gen_lane[0].i_p2_pop_slice/hsim_total_q_reg[7]_i_11/CO[1]
  gen_lane[0].i_p2_pop_slice/hsim_total_q_reg[7]_i_11_n_3 fanout=0 driver=gen_lane[0].i_p2_pop_slice/hsim_total_q_reg[7]_i_11/CO[0]
  gen_lane[0].i_p2_pop_slice/hsim_total_q_reg[7]_i_2[0] fanout=2 driver=gen_lane[1].i_p2_pop_slice/popcount_q_o_reg[6]/Q
  gen_lane[0].i_p2_pop_slice/hsim_total_q_reg[7]_i_2_0[0] fanout=2 driver=gen_lane[2].i_p2_pop_slice/popcount_q_o_reg[6]/Q
  gen_lane[0].i_p2_pop_slice/hsim_total_q_reg[7]_i_3_n_0 fanout=1 driver=gen_lane[0].i_p2_pop_slice/hsim_total_q_reg[7]_i_3/CO[3]
  gen_lane[0].i_p2_pop_slice/hsim_total_q_reg[7]_i_3_n_1 fanout=0 driver=gen_lane[0].i_p2_pop_slice/hsim_total_q_reg[7]_i_3/CO[2]
  gen_lane[0].i_p2_pop_slice/hsim_total_q_reg[7]_i_3_n_2 fanout=0 driver=gen_lane[0].i_p2_pop_slice/hsim_total_q_reg[7]_i_3/CO[1]
  gen_lane[0].i_p2_pop_slice/hsim_total_q_reg[7]_i_3_n_3 fanout=0 driver=gen_lane[0].i_p2_pop_slice/hsim_total_q_reg[7]_i_3/CO[0]
  gen_lane[0].i_p2_pop_slice/hsim_total_q_reg[8] fanout=11 driver=gen_lane[2].i_p2_pop_slice/hsim_total_q[10]_i_5/O
  gen_lane[1].i_p2_pop_slice/hsim_total_q_reg[7]_i_2[0] fanout=3 driver=gen_lane[2].i_p2_pop_slice/popcount_q_o_reg[1]/Q
  gen_lane[1].i_p2_pop_slice/hsim_total_q_reg[7]_i_2[1] fanout=3 driver=gen_lane[2].i_p2_pop_slice/popcount_q_o_reg[2]/Q
  gen_lane[1].i_p2_pop_slice/hsim_total_q_reg[7]_i_2[2] fanout=3 driver=gen_lane[2].i_p2_pop_slice/popcount_q_o_reg[3]/Q
  gen_lane[1].i_p2_pop_slice/hsim_total_q_reg[7]_i_2[3] fanout=3 driver=gen_lane[2].i_p2_pop_slice/popcount_q_o_reg[4]/Q
  gen_lane[1].i_p2_pop_slice/hsim_total_q_reg[7]_i_2[4] fanout=3 driver=gen_lane[2].i_p2_pop_slice/popcount_q_o_reg[5]/Q
  gen_lane[1].i_p2_pop_slice/hsim_total_q_reg[7]_i_2[5] fanout=2 driver=gen_lane[2].i_p2_pop_slice/popcount_q_o_reg[6]/Q
  gen_lane[1].i_p2_pop_slice/hsim_total_q_reg[7]_i_2_0[0] fanout=3 driver=gen_lane[0].i_p2_pop_slice/hsim_total_q_reg[7]_i_3/O[0]
  gen_lane[1].i_p2_pop_slice/hsim_total_q_reg[7]_i_2_0[1] fanout=3 driver=gen_lane[0].i_p2_pop_slice/hsim_total_q_reg[7]_i_3/O[1]
  gen_lane[1].i_p2_pop_slice/hsim_total_q_reg[7]_i_2_0[2] fanout=2 driver=gen_lane[0].i_p2_pop_slice/hsim_total_q_reg[7]_i_3/O[2]
  gen_lane[2].i_p2_pop_slice/hmatch_best_dist_q_reg[6][0] fanout=1 driver=gen_lane[2].i_p2_pop_slice/hmatch_update_q_reg_i_4/CO[3]
  gen_lane[2].i_p2_pop_slice/hmatch_candidate_dist_q_reg[0] fanout=114 driver=FSM_onehot_st_q_reg[7]_rep/Q
  gen_lane[2].i_p2_pop_slice/hmatch_candidate_dist_q_reg[0]_0[0] fanout=39 driver=uop_p3_q_reg[chunk_idx][0]/Q
  gen_lane[2].i_p2_pop_slice/hmatch_candidate_dist_q_reg[0]_0[1] fanout=33 driver=uop_p3_q_reg[chunk_idx][1]/Q
  gen_lane[2].i_p2_pop_slice/hmatch_candidate_dist_q_reg[7][0] fanout=3 driver=gen_lane[0].i_p2_pop_slice/hsim_total_q_reg[7]_i_3/O[0]
  gen_lane[2].i_p2_pop_slice/hmatch_candidate_dist_q_reg[7][1] fanout=3 driver=gen_lane[0].i_p2_pop_slice/hsim_total_q_reg[7]_i_3/O[1]
  gen_lane[2].i_p2_pop_slice/hmatch_candidate_dist_q_reg[7][2] fanout=2 driver=gen_lane[0].i_p2_pop_slice/hsim_total_q_reg[7]_i_3/O[3]
  gen_lane[2].i_p2_pop_slice/hmatch_candidate_dist_q_reg[7]_0[0] fanout=1 driver=gen_lane[1].i_p2_pop_slice/hsim_total_q[7]_i_10/O
  gen_lane[2].i_p2_pop_slice/hmatch_candidate_dist_q_reg[7]_0[1] fanout=1 driver=gen_lane[1].i_p2_pop_slice/hsim_total_q[7]_i_9/O
  gen_lane[2].i_p2_pop_slice/hmatch_candidate_dist_q_reg[7]_0[2] fanout=1 driver=gen_lane[1].i_p2_pop_slice/hsim_total_q[7]_i_8/O
  gen_lane[2].i_p2_pop_slice/hmatch_candidate_dist_q_reg[7]_0[3] fanout=1 driver=gen_lane[0].i_p2_pop_slice/hsim_total_q[7]_i_7/O
  gen_lane[2].i_p2_pop_slice/hmatch_update_q_i_10_n_0 fanout=1 driver=gen_lane[2].i_p2_pop_slice/hmatch_update_q_i_10/O
  gen_lane[2].i_p2_pop_slice/hmatch_update_q_i_11_n_0 fanout=1 driver=gen_lane[2].i_p2_pop_slice/hmatch_update_q_i_11/O
  gen_lane[2].i_p2_pop_slice/hmatch_update_q_i_12_n_0 fanout=1 driver=gen_lane[2].i_p2_pop_slice/hmatch_update_q_i_12/O
  gen_lane[2].i_p2_pop_slice/hmatch_update_q_i_13_n_0 fanout=1 driver=gen_lane[2].i_p2_pop_slice/hmatch_update_q_i_13/O
  gen_lane[2].i_p2_pop_slice/hmatch_update_q_i_14_n_0 fanout=1 driver=gen_lane[2].i_p2_pop_slice/hmatch_update_q_i_14/O
  gen_lane[2].i_p2_pop_slice/hmatch_update_q_i_15_n_0 fanout=1 driver=gen_lane[2].i_p2_pop_slice/hmatch_update_q_i_15/O
  gen_lane[2].i_p2_pop_slice/hmatch_update_q_i_16_n_0 fanout=1 driver=gen_lane[2].i_p2_pop_slice/hmatch_update_q_i_16/O
  gen_lane[2].i_p2_pop_slice/hmatch_update_q_i_17_n_0 fanout=1 driver=gen_lane[2].i_p2_pop_slice/hmatch_update_q_i_17/O
  gen_lane[2].i_p2_pop_slice/hmatch_update_q_reg_i_4_0[0] fanout=3 driver=hmatch_best_dist_q_reg[0]/Q
  gen_lane[2].i_p2_pop_slice/hmatch_update_q_reg_i_4_0[1] fanout=3 driver=hmatch_best_dist_q_reg[1]/Q
  gen_lane[2].i_p2_pop_slice/hmatch_update_q_reg_i_4_0[2] fanout=3 driver=hmatch_best_dist_q_reg[2]/Q
  gen_lane[2].i_p2_pop_slice/hmatch_update_q_reg_i_4_0[3] fanout=3 driver=hmatch_best_dist_q_reg[3]/Q
  gen_lane[2].i_p2_pop_slice/hmatch_update_q_reg_i_4_0[4] fanout=3 driver=hmatch_best_dist_q_reg[4]/Q
  gen_lane[2].i_p2_pop_slice/hmatch_update_q_reg_i_4_0[5] fanout=3 driver=hmatch_best_dist_q_reg[5]/Q
  gen_lane[2].i_p2_pop_slice/hmatch_update_q_reg_i_4_0[6] fanout=3 driver=hmatch_best_dist_q_reg[6]/Q
  gen_lane[2].i_p2_pop_slice/hmatch_update_q_reg_i_4_0[7] fanout=3 driver=hmatch_best_dist_q_reg[7]/Q
  gen_lane[2].i_p2_pop_slice/hmatch_update_q_reg_i_4_n_1 fanout=0 driver=gen_lane[2].i_p2_pop_slice/hmatch_update_q_reg_i_4/CO[2]
  gen_lane[2].i_p2_pop_slice/hmatch_update_q_reg_i_4_n_2 fanout=0 driver=gen_lane[2].i_p2_pop_slice/hmatch_update_q_reg_i_4/CO[1]
  gen_lane[2].i_p2_pop_slice/hmatch_update_q_reg_i_4_n_3 fanout=0 driver=gen_lane[2].i_p2_pop_slice/hmatch_update_q_reg_i_4/CO[0]
  gen_lane[2].i_p2_pop_slice/hsim_total_q[3]_i_3_n_0 fanout=1 driver=gen_lane[2].i_p2_pop_slice/hsim_total_q[3]_i_3/O
  gen_lane[2].i_p2_pop_slice/hsim_total_q[3]_i_4_n_0 fanout=1 driver=gen_lane[2].i_p2_pop_slice/hsim_total_q[3]_i_4/O
  gen_lane[2].i_p2_pop_slice/hsim_total_q[3]_i_5_n_0 fanout=2 driver=gen_lane[2].i_p2_pop_slice/hsim_total_q[3]_i_5/O
  gen_lane[2].i_p2_pop_slice/hsim_total_q[3]_i_8_n_0 fanout=1 driver=gen_lane[2].i_p2_pop_slice/hsim_total_q[3]_i_8/O
  gen_lane[2].i_p2_pop_slice/hsim_total_q[3]_i_9_n_0 fanout=1 driver=gen_lane[2].i_p2_pop_slice/hsim_total_q[3]_i_9/O
  gen_lane[2].i_p2_pop_slice/hsim_total_q[7]_i_4_n_0 fanout=1 driver=gen_lane[2].i_p2_pop_slice/hsim_total_q[7]_i_4/O
  gen_lane[2].i_p2_pop_slice/hsim_total_q[7]_i_5_n_0 fanout=1 driver=gen_lane[2].i_p2_pop_slice/hsim_total_q[7]_i_5/O
  gen_lane[2].i_p2_pop_slice/hsim_total_q[7]_i_6_n_0 fanout=1 driver=gen_lane[2].i_p2_pop_slice/hsim_total_q[7]_i_6/O
  gen_lane[2].i_p2_pop_slice/hsim_total_q_reg[0][0] fanout=35 driver=uop_p3_q_reg[op_type][0]/Q
  gen_lane[2].i_p2_pop_slice/hsim_total_q_reg[0][1] fanout=70 driver=uop_p3_q_reg[op_type][1]/Q
  gen_lane[2].i_p2_pop_slice/hsim_total_q_reg[0][2] fanout=68 driver=uop_p3_q_reg[op_type][2]/Q
  gen_lane[2].i_p2_pop_slice/hsim_total_q_reg[0]_0 fanout=7 driver=uop_p3_q_reg[is_last_class]/Q
  gen_lane[2].i_p2_pop_slice/hsim_total_q_reg[3]_i_2_n_0 fanout=1 driver=gen_lane[2].i_p2_pop_slice/hsim_total_q_reg[3]_i_2/CO[3]
  gen_lane[2].i_p2_pop_slice/hsim_total_q_reg[3]_i_2_n_1 fanout=0 driver=gen_lane[2].i_p2_pop_slice/hsim_total_q_reg[3]_i_2/CO[2]
  gen_lane[2].i_p2_pop_slice/hsim_total_q_reg[3]_i_2_n_2 fanout=0 driver=gen_lane[2].i_p2_pop_slice/hsim_total_q_reg[3]_i_2/CO[1]
  gen_lane[2].i_p2_pop_slice/hsim_total_q_reg[3]_i_2_n_3 fanout=0 driver=gen_lane[2].i_p2_pop_slice/hsim_total_q_reg[3]_i_2/CO[0]
  gen_lane[2].i_p2_pop_slice/hsim_total_q_reg[7]_i_2_0[0] fanout=2 driver=gen_lane[1].i_p2_pop_slice/popcount_q_o_reg[0]/Q
  gen_lane[2].i_p2_pop_slice/hsim_total_q_reg[7]_i_2_0[1] fanout=3 driver=gen_lane[1].i_p2_pop_slice/popcount_q_o_reg[1]/Q
  gen_lane[2].i_p2_pop_slice/hsim_total_q_reg[7]_i_2_0[2] fanout=3 driver=gen_lane[1].i_p2_pop_slice/popcount_q_o_reg[2]/Q
  gen_lane[2].i_p2_pop_slice/hsim_total_q_reg[7]_i_2_0[3] fanout=3 driver=gen_lane[1].i_p2_pop_slice/popcount_q_o_reg[3]/Q
  gen_lane[2].i_p2_pop_slice/hsim_total_q_reg[7]_i_2_0[4] fanout=3 driver=gen_lane[1].i_p2_pop_slice/popcount_q_o_reg[4]/Q
  gen_lane[2].i_p2_pop_slice/hsim_total_q_reg[7]_i_2_0[5] fanout=3 driver=gen_lane[1].i_p2_pop_slice/popcount_q_o_reg[5]/Q
  gen_lane[2].i_p2_pop_slice/hsim_total_q_reg[7]_i_2_n_1 fanout=0 driver=gen_lane[2].i_p2_pop_slice/hsim_total_q_reg[7]_i_2/CO[2]
  gen_lane[2].i_p2_pop_slice/hsim_total_q_reg[7]_i_2_n_2 fanout=0 driver=gen_lane[2].i_p2_pop_slice/hsim_total_q_reg[7]_i_2/CO[1]
  gen_lane[2].i_p2_pop_slice/hsim_total_q_reg[7]_i_2_n_3 fanout=0 driver=gen_lane[2].i_p2_pop_slice/hsim_total_q_reg[7]_i_2/CO[0]
  gen_lane[2].i_p2_pop_slice/lane_popcnt_q[2][0] fanout=2 driver=gen_lane[2].i_p2_pop_slice/popcount_q_o_reg[0]/Q
  gen_lane[3].i_p2_pop_slice/hsim_total_q_reg[5][0] fanout=1 driver=gen_lane[3].i_p2_pop_slice/hsim_total_q[7]_i_14/O
  gen_lane[3].i_p2_pop_slice/hsim_total_q_reg[5][1] fanout=1 driver=gen_lane[3].i_p2_pop_slice/hsim_total_q[7]_i_13/O
  gen_lane[3].i_p2_pop_slice/hsim_total_q_reg[5][2] fanout=2 driver=gen_lane[3].i_p2_pop_slice/hsim_total_q[7]_i_12/O
  gen_lane[3].i_p2_pop_slice/hsim_total_q_reg[7]_i_3[0] fanout=4 driver=hsim_total_q_reg[0]/Q
  gen_lane[3].i_p2_pop_slice/hsim_total_q_reg[7]_i_3[1] fanout=4 driver=hsim_total_q_reg[1]/Q
  gen_lane[3].i_p2_pop_slice/hsim_total_q_reg[7]_i_3[2] fanout=4 driver=hsim_total_q_reg[2]/Q
  gen_lane[3].i_p2_pop_slice/hsim_total_q_reg[7]_i_3[3] fanout=4 driver=hsim_total_q_reg[3]/Q
  gen_lane[3].i_p2_pop_slice/hsim_total_q_reg[7]_i_3[4] fanout=4 driver=hsim_total_q_reg[4]/Q
  gen_lane[3].i_p2_pop_slice/hsim_total_q_reg[7]_i_3[5] fanout=3 driver=hsim_total_q_reg[5]/Q
  gen_lane[3].i_p2_pop_slice/hsim_total_q_reg[7]_i_3[6] fanout=3 driver=hsim_total_q_reg[6]/Q
  gen_lane[3].i_p2_pop_slice/hsim_total_q_reg[7]_i_3_0[0] fanout=3 driver=gen_lane[0].i_p2_pop_slice/popcount_q_o_reg[0]/Q
  gen_lane[3].i_p2_pop_slice/hsim_total_q_reg[7]_i_3_0[1] fanout=3 driver=gen_lane[0].i_p2_pop_slice/popcount_q_o_reg[1]/Q
  gen_lane[3].i_p2_pop_slice/hsim_total_q_reg[7]_i_3_0[2] fanout=3 driver=gen_lane[0].i_p2_pop_slice/popcount_q_o_reg[2]/Q
  gen_lane[3].i_p2_pop_slice/hsim_total_q_reg[7]_i_3_0[3] fanout=3 driver=gen_lane[0].i_p2_pop_slice/popcount_q_o_reg[3]/Q
  gen_lane[3].i_p2_pop_slice/hsim_total_q_reg[7]_i_3_0[4] fanout=3 driver=gen_lane[0].i_p2_pop_slice/popcount_q_o_reg[4]/Q
  gen_lane[3].i_p2_pop_slice/hsim_total_q_reg[7]_i_3_0[5] fanout=2 driver=gen_lane[0].i_p2_pop_slice/popcount_q_o_reg[5]/Q
  gen_lane[3].i_p2_pop_slice/hsim_total_q_reg[7]_i_3_0[6] fanout=2 driver=gen_lane[0].i_p2_pop_slice/popcount_q_o_reg[6]/Q
  hcntadd_acc_sel_n fanout=7 driver=hcntadd_hv_slot_q[2]_i_1/O
  hcntadd_acc_sel_q fanout=3 driver=hcntadd_acc_sel_q_reg/Q
  hcntclip_acc_sel_q fanout=2 driver=hcntclip_acc_sel_q_reg/Q
  hmatch_best_dist_q[0] fanout=3 driver=hmatch_best_dist_q_reg[0]/Q
  hmatch_best_dist_q[0]_i_1_n_0 fanout=1 driver=hmatch_best_dist_q[0]_i_1/O
Copyright 1986-2022 Xilinx, Inc. All Rights Reserved. Copyright 2022-2024 Advanced Micro Devices, Inc. All Rights Reserved.
-------------------------------------------------------------------------------------------------------------------------------------------------------------------------------------------------------------------------------------------------------------------------------------------------------
| Tool Version : Vivado v.2024.2 (win64) Build 5239630 Fri Nov 08 22:35:27 MST 2024
| Date         : Mon Jun  8 11:38:09 2026
| Host         : WIN-20240824NZS running 64-bit major release  (build 9200)
| Command      : report_timing -delay_type max -sort_by slack -max_paths 5 -nworst 1 -through [get_pins -quiet -of_objects {hmatch_best_dist_q[0]_i_1/O}] -input_pins -nets -append -file E:/HDEC/cva6-vhdc-core/tmp/hdec_hmatch_compare_split_p2keep_candidate/ooc/reports/timing_hmatch_targeted.rpt
| Design       : hdec_top
| Device       : 7z020-clg400
| Speed File   : -2  PRODUCTION 1.12 2019-11-22
| Design State : Synthesized
-------------------------------------------------------------------------------------------------------------------------------------------------------------------------------------------------------------------------------------------------------------------------------------------------------

Timing Report

Slack (VIOLATED) :        -0.829ns  (required time - arrival time)
  Source:                 hsim_total_q_reg[0]/C
                            (rising edge-triggered cell FDCE clocked by clk_i  {rise@0.000ns fall@2.500ns period=5.000ns})
  Destination:            hmatch_update_q_reg/D
                            (rising edge-triggered cell FDCE clocked by clk_i  {rise@0.000ns fall@2.500ns period=5.000ns})
  Path Group:             clk_i
  Path Type:              Setup (Max at Slow Process Corner)
  Requirement:            5.000ns  (clk_i rise@5.000ns - clk_i rise@0.000ns)
  Data Path Delay:        5.826ns  (logic 3.072ns (52.729%)  route 2.754ns (47.271%))
  Logic Levels:           9  (CARRY4=5 LUT3=2 LUT4=1 LUT5=1)
  Clock Path Skew:        -0.039ns (DCD - SCD + CPR)
    Destination Clock Delay (DCD):    0.748ns = ( 5.748 - 5.000 ) 
    Source Clock Delay      (SCD):    0.787ns
    Clock Pessimism Removal (CPR):    0.000ns
  Clock Uncertainty:      0.035ns  ((TSJ^2 + TIJ^2)^1/2 + DJ) / 2 + PE
    Total System Jitter     (TSJ):    0.071ns
    Total Input Jitter      (TIJ):    0.000ns
    Discrete Jitter          (DJ):    0.000ns
    Phase Error              (PE):    0.000ns

    Location             Delay type                Incr(ns)  Path(ns)    Netlist Resource(s)
  -------------------------------------------------------------------    -------------------
                         (clock clk_i rise edge)      0.000     0.000 r  
                                                      0.000     0.000 r  clk_i (IN)
                         net (fo=2888, unset)         0.787     0.787    clk_i
                         FDCE                                         r  hsim_total_q_reg[0]/C
  -------------------------------------------------------------------    -------------------
                         FDCE (Prop_fdce_C_Q)         0.433     1.220 r  hsim_total_q_reg[0]/Q
                         net (fo=4, unplaced)         0.623     1.843    gen_lane[3].i_p2_pop_slice/hsim_total_q_reg[7]_i_3[0]
                                                                      r  gen_lane[3].i_p2_pop_slice/hsim_total_q[7]_i_21/I0
                         LUT3 (Prop_lut3_I0_O)        0.232     2.075 r  gen_lane[3].i_p2_pop_slice/hsim_total_q[7]_i_21/O
                         net (fo=1, unplaced)         0.537     2.612    gen_lane[0].i_p2_pop_slice/DI[0]
                                                                      r  gen_lane[0].i_p2_pop_slice/hsim_total_q_reg[7]_i_11/DI[1]
                         CARRY4 (Prop_carry4_DI[1]_CO[3])
                                                      0.430     3.042 r  gen_lane[0].i_p2_pop_slice/hsim_total_q_reg[7]_i_11/CO[3]
                         net (fo=1, unplaced)         0.008     3.050    gen_lane[0].i_p2_pop_slice/hsim_total_q_reg[7]_i_11_n_0
                                                                      r  gen_lane[0].i_p2_pop_slice/hsim_total_q_reg[7]_i_3/CI
                         CARRY4 (Prop_carry4_CI_O[0])
                                                      0.189     3.239 r  gen_lane[0].i_p2_pop_slice/hsim_total_q_reg[7]_i_3/O[0]
                         net (fo=3, unplaced)         0.258     3.497    gen_lane[2].i_p2_pop_slice/hmatch_candidate_dist_q_reg[7][0]
                                                                      r  gen_lane[2].i_p2_pop_slice/hsim_total_q[7]_i_5/I1
                         LUT3 (Prop_lut3_I1_O)        0.238     3.735 r  gen_lane[2].i_p2_pop_slice/hsim_total_q[7]_i_5/O
                         net (fo=1, unplaced)         0.537     4.272    gen_lane[2].i_p2_pop_slice/hsim_total_q[7]_i_5_n_0
                                                                      r  gen_lane[2].i_p2_pop_slice/hsim_total_q_reg[7]_i_2/DI[1]
                         CARRY4 (Prop_carry4_DI[1]_O[3])
                                                      0.519     4.791 f  gen_lane[2].i_p2_pop_slice/hsim_total_q_reg[7]_i_2/O[3]
                         net (fo=4, unplaced)         0.543     5.334    gen_lane[2].i_p2_pop_slice/in171[7]
                                                                      f  gen_lane[2].i_p2_pop_slice/hmatch_update_q_i_10/I2
                         LUT4 (Prop_lut4_I2_O)        0.253     5.587 r  gen_lane[2].i_p2_pop_slice/hmatch_update_q_i_10/O
                         net (fo=1, unplaced)         0.000     5.587    gen_lane[2].i_p2_pop_slice/hmatch_update_q_i_10_n_0
                                                                      r  gen_lane[2].i_p2_pop_slice/hmatch_update_q_reg_i_4/DI[3]
                         CARRY4 (Prop_carry4_DI[3]_CO[3])
                                                      0.351     5.938 r  gen_lane[2].i_p2_pop_slice/hmatch_update_q_reg_i_4/CO[3]
                         net (fo=1, unplaced)         0.008     5.946    gen_lane[0].i_p2_pop_slice/hmatch_update_q_reg_2[0]
                                                                      r  gen_lane[0].i_p2_pop_slice/hmatch_update_q_reg_i_2/CI
                         CARRY4 (Prop_carry4_CI_CO[1])
                                                      0.150     6.096 r  gen_lane[0].i_p2_pop_slice/hmatch_update_q_reg_i_2/CO[1]
                         net (fo=1, unplaced)         0.240     6.336    gen_lane[0].i_p2_pop_slice/hmatch_update_q_reg_i_2_n_2
                                                                      r  gen_lane[0].i_p2_pop_slice/hmatch_update_q_i_1/I0
                         LUT5 (Prop_lut5_I0_O)        0.277     6.613 r  gen_lane[0].i_p2_pop_slice/hmatch_update_q_i_1/O
                         net (fo=1, unplaced)         0.000     6.613    gen_lane[0].i_p2_pop_slice_n_27
                         FDCE                                         r  hmatch_update_q_reg/D
  -------------------------------------------------------------------    -------------------

                         (clock clk_i rise edge)      5.000     5.000 r  
                                                      0.000     5.000 r  clk_i (IN)
                         net (fo=2888, unset)         0.748     5.748    clk_i
                         FDCE                                         r  hmatch_update_q_reg/C
                         clock pessimism              0.000     5.748    
                         clock uncertainty           -0.035     5.712    
                         FDCE (Setup_fdce_C_D)        0.072     5.784    hmatch_update_q_reg
  -------------------------------------------------------------------
                         required time                          5.784    
                         arrival time                          -6.613    
  -------------------------------------------------------------------
                         slack                                 -0.829    

Slack (VIOLATED) :        -0.167ns  (required time - arrival time)
  Source:                 a_q_reg[8]/C
                            (rising edge-triggered cell FDCE clocked by clk_i  {rise@0.000ns fall@2.500ns period=5.000ns})
  Destination:            res_q_reg[0]/CE
                            (rising edge-triggered cell FDCE clocked by clk_i  {rise@0.000ns fall@2.500ns period=5.000ns})
  Path Group:             clk_i
  Path Type:              Setup (Max at Slow Process Corner)
  Requirement:            5.000ns  (clk_i rise@5.000ns - clk_i rise@0.000ns)
  Data Path Delay:        4.956ns  (logic 1.938ns (39.104%)  route 3.018ns (60.896%))
  Logic Levels:           7  (CARRY4=2 LUT4=2 LUT6=3)
  Clock Path Skew:        -0.039ns (DCD - SCD + CPR)
    Destination Clock Delay (DCD):    0.748ns = ( 5.748 - 5.000 ) 
    Source Clock Delay      (SCD):    0.787ns
    Clock Pessimism Removal (CPR):    0.000ns
  Clock Uncertainty:      0.035ns  ((TSJ^2 + TIJ^2)^1/2 + DJ) / 2 + PE
    Total System Jitter     (TSJ):    0.071ns
    Total Input Jitter      (TIJ):    0.000ns
    Discrete Jitter          (DJ):    0.000ns
    Phase Error              (PE):    0.000ns

    Location             Delay type                Incr(ns)  Path(ns)    Netlist Resource(s)
  -------------------------------------------------------------------    -------------------
                         (clock clk_i rise edge)      0.000     0.000 r  
                                                      0.000     0.000 r  clk_i (IN)
                         net (fo=2888, unset)         0.787     0.787    clk_i
                         FDCE                                         r  a_q_reg[8]/C
  -------------------------------------------------------------------    -------------------
                         FDCE (Prop_fdce_C_Q)         0.433     1.220 r  a_q_reg[8]/Q
                         net (fo=14, unplaced)        0.650     1.870    gen_lane[0].i_p2_pop_slice/hsim_total_q_reg[10]_i_9_0[4]
                                                                      r  gen_lane[0].i_p2_pop_slice/hsim_total_q[10]_i_23/I1
                         LUT4 (Prop_lut4_I1_O)        0.232     2.102 r  gen_lane[0].i_p2_pop_slice/hsim_total_q[10]_i_23/O
                         net (fo=1, unplaced)         0.000     2.102    gen_lane[0].i_p2_pop_slice/hsim_total_q[10]_i_23_n_0
                                                                      r  gen_lane[0].i_p2_pop_slice/hsim_total_q_reg[10]_i_10/S[1]
                         CARRY4 (Prop_carry4_S[1]_CO[3])
                                                      0.444     2.546 r  gen_lane[0].i_p2_pop_slice/hsim_total_q_reg[10]_i_10/CO[3]
                         net (fo=1, unplaced)         0.008     2.554    gen_lane[0].i_p2_pop_slice/hsim_total_q_reg[10]_i_10_n_0
                                                                      r  gen_lane[0].i_p2_pop_slice/hsim_total_q_reg[10]_i_9/CI
                         CARRY4 (Prop_carry4_CI_O[1])
                                                      0.269     2.823 r  gen_lane[0].i_p2_pop_slice/hsim_total_q_reg[10]_i_9/O[1]
                         net (fo=1, unplaced)         0.803     3.626    gen_lane[0].i_p2_pop_slice/hsim_total_q_reg[10]_i_9_n_6
                                                                      r  gen_lane[0].i_p2_pop_slice/hsim_total_q[10]_i_7/I0
                         LUT6 (Prop_lut6_I0_O)        0.245     3.871 f  gen_lane[0].i_p2_pop_slice/hsim_total_q[10]_i_7/O
                         net (fo=1, unplaced)         0.347     4.218    gen_lane[0].i_p2_pop_slice/hsim_total_q[10]_i_7_n_0
                                                                      f  gen_lane[0].i_p2_pop_slice/hsim_total_q[10]_i_3/I0
                         LUT6 (Prop_lut6_I0_O)        0.105     4.323 f  gen_lane[0].i_p2_pop_slice/hsim_total_q[10]_i_3/O
                         net (fo=14, unplaced)        0.398     4.721    gen_lane[0].i_p2_pop_slice_n_3
                                                                      f  FSM_onehot_st_q[10]_i_3/I0
                         LUT4 (Prop_lut4_I0_O)        0.105     4.826 r  FSM_onehot_st_q[10]_i_3/O
                         net (fo=2, unplaced)         0.358     5.184    FSM_onehot_st_q[10]_i_3_n_0
                                                                      r  res_q[63]_i_1/I3
                         LUT6 (Prop_lut6_I3_O)        0.105     5.289 r  res_q[63]_i_1/O
                         net (fo=64, unplaced)        0.454     5.743    res_q[63]_i_1_n_0
                         FDCE                                         r  res_q_reg[0]/CE
  -------------------------------------------------------------------    -------------------

                         (clock clk_i rise edge)      5.000     5.000 r  
                                                      0.000     5.000 r  clk_i (IN)
                         net (fo=2888, unset)         0.748     5.748    clk_i
                         FDCE                                         r  res_q_reg[0]/C
                         clock pessimism              0.000     5.748    
                         clock uncertainty           -0.035     5.712    
                         FDCE (Setup_fdce_C_CE)      -0.136     5.576    res_q_reg[0]
  -------------------------------------------------------------------
                         required time                          5.576    
                         arrival time                          -5.743    
  -------------------------------------------------------------------
                         slack                                 -0.167    

Slack (VIOLATED) :        -0.167ns  (required time - arrival time)
  Source:                 a_q_reg[8]/C
                            (rising edge-triggered cell FDCE clocked by clk_i  {rise@0.000ns fall@2.500ns period=5.000ns})
  Destination:            res_q_reg[10]/CE
                            (rising edge-triggered cell FDCE clocked by clk_i  {rise@0.000ns fall@2.500ns period=5.000ns})
  Path Group:             clk_i
  Path Type:              Setup (Max at Slow Process Corner)
  Requirement:            5.000ns  (clk_i rise@5.000ns - clk_i rise@0.000ns)
  Data Path Delay:        4.956ns  (logic 1.938ns (39.104%)  route 3.018ns (60.896%))
  Logic Levels:           7  (CARRY4=2 LUT4=2 LUT6=3)
  Clock Path Skew:        -0.039ns (DCD - SCD + CPR)
    Destination Clock Delay (DCD):    0.748ns = ( 5.748 - 5.000 ) 
    Source Clock Delay      (SCD):    0.787ns
    Clock Pessimism Removal (CPR):    0.000ns
  Clock Uncertainty:      0.035ns  ((TSJ^2 + TIJ^2)^1/2 + DJ) / 2 + PE
    Total System Jitter     (TSJ):    0.071ns
    Total Input Jitter      (TIJ):    0.000ns
    Discrete Jitter          (DJ):    0.000ns
    Phase Error              (PE):    0.000ns

    Location             Delay type                Incr(ns)  Path(ns)    Netlist Resource(s)
  -------------------------------------------------------------------    -------------------
                         (clock clk_i rise edge)      0.000     0.000 r  
                                                      0.000     0.000 r  clk_i (IN)
                         net (fo=2888, unset)         0.787     0.787    clk_i
                         FDCE                                         r  a_q_reg[8]/C
  -------------------------------------------------------------------    -------------------
                         FDCE (Prop_fdce_C_Q)         0.433     1.220 r  a_q_reg[8]/Q
                         net (fo=14, unplaced)        0.650     1.870    gen_lane[0].i_p2_pop_slice/hsim_total_q_reg[10]_i_9_0[4]
                                                                      r  gen_lane[0].i_p2_pop_slice/hsim_total_q[10]_i_23/I1
                         LUT4 (Prop_lut4_I1_O)        0.232     2.102 r  gen_lane[0].i_p2_pop_slice/hsim_total_q[10]_i_23/O
                         net (fo=1, unplaced)         0.000     2.102    gen_lane[0].i_p2_pop_slice/hsim_total_q[10]_i_23_n_0
                                                                      r  gen_lane[0].i_p2_pop_slice/hsim_total_q_reg[10]_i_10/S[1]
                         CARRY4 (Prop_carry4_S[1]_CO[3])
                                                      0.444     2.546 r  gen_lane[0].i_p2_pop_slice/hsim_total_q_reg[10]_i_10/CO[3]
                         net (fo=1, unplaced)         0.008     2.554    gen_lane[0].i_p2_pop_slice/hsim_total_q_reg[10]_i_10_n_0
                                                                      r  gen_lane[0].i_p2_pop_slice/hsim_total_q_reg[10]_i_9/CI
                         CARRY4 (Prop_carry4_CI_O[1])
                                                      0.269     2.823 r  gen_lane[0].i_p2_pop_slice/hsim_total_q_reg[10]_i_9/O[1]
                         net (fo=1, unplaced)         0.803     3.626    gen_lane[0].i_p2_pop_slice/hsim_total_q_reg[10]_i_9_n_6
                                                                      r  gen_lane[0].i_p2_pop_slice/hsim_total_q[10]_i_7/I0
                         LUT6 (Prop_lut6_I0_O)        0.245     3.871 f  gen_lane[0].i_p2_pop_slice/hsim_total_q[10]_i_7/O
                         net (fo=1, unplaced)         0.347     4.218    gen_lane[0].i_p2_pop_slice/hsim_total_q[10]_i_7_n_0
                                                                      f  gen_lane[0].i_p2_pop_slice/hsim_total_q[10]_i_3/I0
                         LUT6 (Prop_lut6_I0_O)        0.105     4.323 f  gen_lane[0].i_p2_pop_slice/hsim_total_q[10]_i_3/O
                         net (fo=14, unplaced)        0.398     4.721    gen_lane[0].i_p2_pop_slice_n_3
                                                                      f  FSM_onehot_st_q[10]_i_3/I0
                         LUT4 (Prop_lut4_I0_O)        0.105     4.826 r  FSM_onehot_st_q[10]_i_3/O
                         net (fo=2, unplaced)         0.358     5.184    FSM_onehot_st_q[10]_i_3_n_0
                                                                      r  res_q[63]_i_1/I3
                         LUT6 (Prop_lut6_I3_O)        0.105     5.289 r  res_q[63]_i_1/O
                         net (fo=64, unplaced)        0.454     5.743    res_q[63]_i_1_n_0
                         FDCE                                         r  res_q_reg[10]/CE
  -------------------------------------------------------------------    -------------------

                         (clock clk_i rise edge)      5.000     5.000 r  
                                                      0.000     5.000 r  clk_i (IN)
                         net (fo=2888, unset)         0.748     5.748    clk_i
                         FDCE                                         r  res_q_reg[10]/C
                         clock pessimism              0.000     5.748    
                         clock uncertainty           -0.035     5.712    
                         FDCE (Setup_fdce_C_CE)      -0.136     5.576    res_q_reg[10]
  -------------------------------------------------------------------
                         required time                          5.576    
                         arrival time                          -5.743    
  -------------------------------------------------------------------
                         slack                                 -0.167    

Slack (VIOLATED) :        -0.167ns  (required time - arrival time)
  Source:                 a_q_reg[8]/C
                            (rising edge-triggered cell FDCE clocked by clk_i  {rise@0.000ns fall@2.500ns period=5.000ns})
  Destination:            res_q_reg[11]/CE
                            (rising edge-triggered cell FDCE clocked by clk_i  {rise@0.000ns fall@2.500ns period=5.000ns})
  Path Group:             clk_i
  Path Type:              Setup (Max at Slow Process Corner)
  Requirement:            5.000ns  (clk_i rise@5.000ns - clk_i rise@0.000ns)
  Data Path Delay:        4.956ns  (logic 1.938ns (39.104%)  route 3.018ns (60.896%))
  Logic Levels:           7  (CARRY4=2 LUT4=2 LUT6=3)
  Clock Path Skew:        -0.039ns (DCD - SCD + CPR)
    Destination Clock Delay (DCD):    0.748ns = ( 5.748 - 5.000 ) 
    Source Clock Delay      (SCD):    0.787ns
    Clock Pessimism Removal (CPR):    0.000ns
  Clock Uncertainty:      0.035ns  ((TSJ^2 + TIJ^2)^1/2 + DJ) / 2 + PE
    Total System Jitter     (TSJ):    0.071ns
    Total Input Jitter      (TIJ):    0.000ns
    Discrete Jitter          (DJ):    0.000ns
    Phase Error              (PE):    0.000ns

    Location             Delay type                Incr(ns)  Path(ns)    Netlist Resource(s)
  -------------------------------------------------------------------    -------------------
                         (clock clk_i rise edge)      0.000     0.000 r  
                                                      0.000     0.000 r  clk_i (IN)
                         net (fo=2888, unset)         0.787     0.787    clk_i
                         FDCE                                         r  a_q_reg[8]/C
  -------------------------------------------------------------------    -------------------
                         FDCE (Prop_fdce_C_Q)         0.433     1.220 r  a_q_reg[8]/Q
                         net (fo=14, unplaced)        0.650     1.870    gen_lane[0].i_p2_pop_slice/hsim_total_q_reg[10]_i_9_0[4]
                                                                      r  gen_lane[0].i_p2_pop_slice/hsim_total_q[10]_i_23/I1
                         LUT4 (Prop_lut4_I1_O)        0.232     2.102 r  gen_lane[0].i_p2_pop_slice/hsim_total_q[10]_i_23/O
                         net (fo=1, unplaced)         0.000     2.102    gen_lane[0].i_p2_pop_slice/hsim_total_q[10]_i_23_n_0
                                                                      r  gen_lane[0].i_p2_pop_slice/hsim_total_q_reg[10]_i_10/S[1]
                         CARRY4 (Prop_carry4_S[1]_CO[3])
                                                      0.444     2.546 r  gen_lane[0].i_p2_pop_slice/hsim_total_q_reg[10]_i_10/CO[3]
                         net (fo=1, unplaced)         0.008     2.554    gen_lane[0].i_p2_pop_slice/hsim_total_q_reg[10]_i_10_n_0
                                                                      r  gen_lane[0].i_p2_pop_slice/hsim_total_q_reg[10]_i_9/CI
                         CARRY4 (Prop_carry4_CI_O[1])
                                                      0.269     2.823 r  gen_lane[0].i_p2_pop_slice/hsim_total_q_reg[10]_i_9/O[1]
                         net (fo=1, unplaced)         0.803     3.626    gen_lane[0].i_p2_pop_slice/hsim_total_q_reg[10]_i_9_n_6
                                                                      r  gen_lane[0].i_p2_pop_slice/hsim_total_q[10]_i_7/I0
                         LUT6 (Prop_lut6_I0_O)        0.245     3.871 f  gen_lane[0].i_p2_pop_slice/hsim_total_q[10]_i_7/O
                         net (fo=1, unplaced)         0.347     4.218    gen_lane[0].i_p2_pop_slice/hsim_total_q[10]_i_7_n_0
                                                                      f  gen_lane[0].i_p2_pop_slice/hsim_total_q[10]_i_3/I0
                         LUT6 (Prop_lut6_I0_O)        0.105     4.323 f  gen_lane[0].i_p2_pop_slice/hsim_total_q[10]_i_3/O
                         net (fo=14, unplaced)        0.398     4.721    gen_lane[0].i_p2_pop_slice_n_3
                                                                      f  FSM_onehot_st_q[10]_i_3/I0
                         LUT4 (Prop_lut4_I0_O)        0.105     4.826 r  FSM_onehot_st_q[10]_i_3/O
                         net (fo=2, unplaced)         0.358     5.184    FSM_onehot_st_q[10]_i_3_n_0
                                                                      r  res_q[63]_i_1/I3
                         LUT6 (Prop_lut6_I3_O)        0.105     5.289 r  res_q[63]_i_1/O
                         net (fo=64, unplaced)        0.454     5.743    res_q[63]_i_1_n_0
                         FDCE                                         r  res_q_reg[11]/CE
  -------------------------------------------------------------------    -------------------

                         (clock clk_i rise edge)      5.000     5.000 r  
                                                      0.000     5.000 r  clk_i (IN)
                         net (fo=2888, unset)         0.748     5.748    clk_i
                         FDCE                                         r  res_q_reg[11]/C
                         clock pessimism              0.000     5.748    
                         clock uncertainty           -0.035     5.712    
                         FDCE (Setup_fdce_C_CE)      -0.136     5.576    res_q_reg[11]
  -------------------------------------------------------------------
                         required time                          5.576    
                         arrival time                          -5.743    
  -------------------------------------------------------------------
                         slack                                 -0.167    

Slack (VIOLATED) :        -0.167ns  (required time - arrival time)
  Source:                 a_q_reg[8]/C
                            (rising edge-triggered cell FDCE clocked by clk_i  {rise@0.000ns fall@2.500ns period=5.000ns})
  Destination:            res_q_reg[12]/CE
                            (rising edge-triggered cell FDCE clocked by clk_i  {rise@0.000ns fall@2.500ns period=5.000ns})
  Path Group:             clk_i
  Path Type:              Setup (Max at Slow Process Corner)
  Requirement:            5.000ns  (clk_i rise@5.000ns - clk_i rise@0.000ns)
  Data Path Delay:        4.956ns  (logic 1.938ns (39.104%)  route 3.018ns (60.896%))
  Logic Levels:           7  (CARRY4=2 LUT4=2 LUT6=3)
  Clock Path Skew:        -0.039ns (DCD - SCD + CPR)
    Destination Clock Delay (DCD):    0.748ns = ( 5.748 - 5.000 ) 
    Source Clock Delay      (SCD):    0.787ns
    Clock Pessimism Removal (CPR):    0.000ns
  Clock Uncertainty:      0.035ns  ((TSJ^2 + TIJ^2)^1/2 + DJ) / 2 + PE
    Total System Jitter     (TSJ):    0.071ns
    Total Input Jitter      (TIJ):    0.000ns
    Discrete Jitter          (DJ):    0.000ns
    Phase Error              (PE):    0.000ns

    Location             Delay type                Incr(ns)  Path(ns)    Netlist Resource(s)
  -------------------------------------------------------------------    -------------------
                         (clock clk_i rise edge)      0.000     0.000 r  
                                                      0.000     0.000 r  clk_i (IN)
                         net (fo=2888, unset)         0.787     0.787    clk_i
                         FDCE                                         r  a_q_reg[8]/C
  -------------------------------------------------------------------    -------------------
                         FDCE (Prop_fdce_C_Q)         0.433     1.220 r  a_q_reg[8]/Q
                         net (fo=14, unplaced)        0.650     1.870    gen_lane[0].i_p2_pop_slice/hsim_total_q_reg[10]_i_9_0[4]
                                                                      r  gen_lane[0].i_p2_pop_slice/hsim_total_q[10]_i_23/I1
                         LUT4 (Prop_lut4_I1_O)        0.232     2.102 r  gen_lane[0].i_p2_pop_slice/hsim_total_q[10]_i_23/O
                         net (fo=1, unplaced)         0.000     2.102    gen_lane[0].i_p2_pop_slice/hsim_total_q[10]_i_23_n_0
                                                                      r  gen_lane[0].i_p2_pop_slice/hsim_total_q_reg[10]_i_10/S[1]
                         CARRY4 (Prop_carry4_S[1]_CO[3])
                                                      0.444     2.546 r  gen_lane[0].i_p2_pop_slice/hsim_total_q_reg[10]_i_10/CO[3]
                         net (fo=1, unplaced)         0.008     2.554    gen_lane[0].i_p2_pop_slice/hsim_total_q_reg[10]_i_10_n_0
                                                                      r  gen_lane[0].i_p2_pop_slice/hsim_total_q_reg[10]_i_9/CI
                         CARRY4 (Prop_carry4_CI_O[1])
                                                      0.269     2.823 r  gen_lane[0].i_p2_pop_slice/hsim_total_q_reg[10]_i_9/O[1]
                         net (fo=1, unplaced)         0.803     3.626    gen_lane[0].i_p2_pop_slice/hsim_total_q_reg[10]_i_9_n_6
                                                                      r  gen_lane[0].i_p2_pop_slice/hsim_total_q[10]_i_7/I0
                         LUT6 (Prop_lut6_I0_O)        0.245     3.871 f  gen_lane[0].i_p2_pop_slice/hsim_total_q[10]_i_7/O
                         net (fo=1, unplaced)         0.347     4.218    gen_lane[0].i_p2_pop_slice/hsim_total_q[10]_i_7_n_0
                                                                      f  gen_lane[0].i_p2_pop_slice/hsim_total_q[10]_i_3/I0
                         LUT6 (Prop_lut6_I0_O)        0.105     4.323 f  gen_lane[0].i_p2_pop_slice/hsim_total_q[10]_i_3/O
                         net (fo=14, unplaced)        0.398     4.721    gen_lane[0].i_p2_pop_slice_n_3
                                                                      f  FSM_onehot_st_q[10]_i_3/I0
                         LUT4 (Prop_lut4_I0_O)        0.105     4.826 r  FSM_onehot_st_q[10]_i_3/O
                         net (fo=2, unplaced)         0.358     5.184    FSM_onehot_st_q[10]_i_3_n_0
                                                                      r  res_q[63]_i_1/I3
                         LUT6 (Prop_lut6_I3_O)        0.105     5.289 r  res_q[63]_i_1/O
                         net (fo=64, unplaced)        0.454     5.743    res_q[63]_i_1_n_0
                         FDCE                                         r  res_q_reg[12]/CE
  -------------------------------------------------------------------    -------------------

                         (clock clk_i rise edge)      5.000     5.000 r  
                                                      0.000     5.000 r  clk_i (IN)
                         net (fo=2888, unset)         0.748     5.748    clk_i
                         FDCE                                         r  res_q_reg[12]/C
                         clock pessimism              0.000     5.748    
                         clock uncertainty           -0.035     5.712    
                         FDCE (Setup_fdce_C_CE)      -0.136     5.576    res_q_reg[12]
  -------------------------------------------------------------------
                         required time                          5.576    
                         arrival time                          -5.743    
  -------------------------------------------------------------------
                         slack                                 -0.167    




