Copyright 1986-2022 Xilinx, Inc. All Rights Reserved. Copyright 2022-2024 Advanced Micro Devices, Inc. All Rights Reserved.
-----------------------------------------------------------------------------------------------------------------------------------------------------------------------------------------------------
| Tool Version : Vivado v.2024.2 (win64) Build 5239630 Fri Nov 08 22:35:27 MST 2024
| Date         : Mon Jun  8 11:38:08 2026
| Host         : WIN-20240824NZS running 64-bit major release  (build 9200)
| Command      : report_timing -delay_type max -max_paths 5 -sort_by slack -input_pins -nets -file E:/HDEC/cva6-vhdc-core/tmp/hdec_hmatch_compare_split_p2keep_candidate/ooc/reports/timing_top5.rpt
| Design       : hdec_top
| Device       : 7z020-clg400
| Speed File   : -2  PRODUCTION 1.12 2019-11-22
| Design State : Synthesized
-----------------------------------------------------------------------------------------------------------------------------------------------------------------------------------------------------

Timing Report

Slack (VIOLATED) :        -1.075ns  (required time - arrival time)
  Source:                 i_vrf/bank_ra_data_o_reg[0][43]/C
                            (rising edge-triggered cell FDCE clocked by clk_i  {rise@0.000ns fall@2.500ns period=5.000ns})
  Destination:            gen_lane[0].i_p2_pop_slice/popcount_q_o_reg[4]/D
                            (rising edge-triggered cell FDCE clocked by clk_i  {rise@0.000ns fall@2.500ns period=5.000ns})
  Path Group:             clk_i
  Path Type:              Setup (Max at Slow Process Corner)
  Requirement:            5.000ns  (clk_i rise@5.000ns - clk_i rise@0.000ns)
  Data Path Delay:        6.072ns  (logic 1.295ns (21.327%)  route 4.777ns (78.673%))
  Logic Levels:           7  (LUT2=1 LUT5=2 LUT6=4)
  Clock Path Skew:        -0.039ns (DCD - SCD + CPR)
    Destination Clock Delay (DCD):    0.748ns = ( 5.748 - 5.000 ) 
    Source Clock Delay      (SCD):    0.787ns
    Clock Pessimism Removal (CPR):    0.000ns
  Clock Uncertainty:      0.035ns  ((TSJ^2 + TIJ^2)^1/2 + DJ) / 2 + PE
    Total System Jitter     (TSJ):    0.071ns
    Total Input Jitter      (TIJ):    0.000ns
    Discrete Jitter          (DJ):    0.000ns
    Phase Error              (PE):    0.000ns

    Location             Delay type                Incr(ns)  Path(ns)    Netlist Resource(s)
  -------------------------------------------------------------------    -------------------
                         (clock clk_i rise edge)      0.000     0.000 r  
                                                      0.000     0.000 r  clk_i (IN)
                         net (fo=2888, unset)         0.787     0.787    i_vrf/clk_i
                         FDCE                                         r  i_vrf/bank_ra_data_o_reg[0][43]/C
  -------------------------------------------------------------------    -------------------
                         FDCE (Prop_fdce_C_Q)         0.433     1.220 r  i_vrf/bank_ra_data_o_reg[0][43]/Q
                         net (fo=13, unplaced)        0.412     1.632    i_vrf/bank_ra_data_o[0][43]
                                                                      r  i_vrf/lane_result_q[0][43]_i_5/I0
                         LUT2 (Prop_lut2_I0_O)        0.232     1.864 r  i_vrf/lane_result_q[0][43]_i_5/O
                         net (fo=5, unplaced)         0.966     2.830    gen_lane[0].i_p2_pop_slice/i_popcount/lane_bool_result[0][34]
                                                                      r  gen_lane[0].i_p2_pop_slice/i_popcount/popcount_q_o[1]_i_25/I1
                         LUT6 (Prop_lut6_I1_O)        0.105     2.935 r  gen_lane[0].i_p2_pop_slice/i_popcount/popcount_q_o[1]_i_25/O
                         net (fo=1, unplaced)         0.782     3.717    gen_lane[0].i_p2_pop_slice/i_popcount/popcount_q_o[1]_i_25_n_0
                                                                      r  gen_lane[0].i_p2_pop_slice/i_popcount/popcount_q_o[1]_i_18/I0
                         LUT6 (Prop_lut6_I0_O)        0.105     3.822 r  gen_lane[0].i_p2_pop_slice/i_popcount/popcount_q_o[1]_i_18/O
                         net (fo=1, unplaced)         0.347     4.169    gen_lane[0].i_p2_pop_slice/i_popcount/popcount_q_o[1]_i_18_n_0
                                                                      r  gen_lane[0].i_p2_pop_slice/i_popcount/popcount_q_o[1]_i_5/I5
                         LUT6 (Prop_lut6_I5_O)        0.105     4.274 r  gen_lane[0].i_p2_pop_slice/i_popcount/popcount_q_o[1]_i_5/O
                         net (fo=2, unplaced)         0.949     5.223    gen_lane[0].i_p2_pop_slice/i_popcount/bank_ra_data_o_reg[0][1]_1
                                                                      r  gen_lane[0].i_p2_pop_slice/i_popcount/popcount_q_o[3]_i_4/I0
                         LUT5 (Prop_lut5_I0_O)        0.105     5.328 r  gen_lane[0].i_p2_pop_slice/i_popcount/popcount_q_o[3]_i_4/O
                         net (fo=3, unplaced)         0.956     6.284    gen_lane[0].i_p2_pop_slice/i_popcount/bank_ra_data_o_reg[0][1]_0
                                                                      r  gen_lane[0].i_p2_pop_slice/i_popcount/popcount_q_o[6]_i_7/I1
                         LUT6 (Prop_lut6_I1_O)        0.105     6.389 r  gen_lane[0].i_p2_pop_slice/i_popcount/popcount_q_o[6]_i_7/O
                         net (fo=3, unplaced)         0.365     6.754    i_vrf/popcount_q_o_reg[6]_3
                                                                      r  i_vrf/popcount_q_o[4]_i_1/I3
                         LUT5 (Prop_lut5_I3_O)        0.105     6.859 r  i_vrf/popcount_q_o[4]_i_1/O
                         net (fo=1, unplaced)         0.000     6.859    gen_lane[0].i_p2_pop_slice/popcount_q_o_reg[6]_5[4]
                         FDCE                                         r  gen_lane[0].i_p2_pop_slice/popcount_q_o_reg[4]/D
  -------------------------------------------------------------------    -------------------

                         (clock clk_i rise edge)      5.000     5.000 r  
                                                      0.000     5.000 r  clk_i (IN)
                         net (fo=2888, unset)         0.748     5.748    gen_lane[0].i_p2_pop_slice/clk_i
                         FDCE                                         r  gen_lane[0].i_p2_pop_slice/popcount_q_o_reg[4]/C
                         clock pessimism              0.000     5.748    
                         clock uncertainty           -0.035     5.712    
                         FDCE (Setup_fdce_C_D)        0.072     5.784    gen_lane[0].i_p2_pop_slice/popcount_q_o_reg[4]
  -------------------------------------------------------------------
                         required time                          5.784    
                         arrival time                          -6.859    
  -------------------------------------------------------------------
                         slack                                 -1.075    

Slack (VIOLATED) :        -1.075ns  (required time - arrival time)
  Source:                 i_vrf/bank_ra_data_o_reg[0][43]/C
                            (rising edge-triggered cell FDCE clocked by clk_i  {rise@0.000ns fall@2.500ns period=5.000ns})
  Destination:            gen_lane[0].i_p2_pop_slice/popcount_q_o_reg[5]/D
                            (rising edge-triggered cell FDCE clocked by clk_i  {rise@0.000ns fall@2.500ns period=5.000ns})
  Path Group:             clk_i
  Path Type:              Setup (Max at Slow Process Corner)
  Requirement:            5.000ns  (clk_i rise@5.000ns - clk_i rise@0.000ns)
  Data Path Delay:        6.072ns  (logic 1.295ns (21.327%)  route 4.777ns (78.673%))
  Logic Levels:           7  (LUT2=1 LUT5=1 LUT6=5)
  Clock Path Skew:        -0.039ns (DCD - SCD + CPR)
    Destination Clock Delay (DCD):    0.748ns = ( 5.748 - 5.000 ) 
    Source Clock Delay      (SCD):    0.787ns
    Clock Pessimism Removal (CPR):    0.000ns
  Clock Uncertainty:      0.035ns  ((TSJ^2 + TIJ^2)^1/2 + DJ) / 2 + PE
    Total System Jitter     (TSJ):    0.071ns
    Total Input Jitter      (TIJ):    0.000ns
    Discrete Jitter          (DJ):    0.000ns
    Phase Error              (PE):    0.000ns

    Location             Delay type                Incr(ns)  Path(ns)    Netlist Resource(s)
  -------------------------------------------------------------------    -------------------
                         (clock clk_i rise edge)      0.000     0.000 r  
                                                      0.000     0.000 r  clk_i (IN)
                         net (fo=2888, unset)         0.787     0.787    i_vrf/clk_i
                         FDCE                                         r  i_vrf/bank_ra_data_o_reg[0][43]/C
  -------------------------------------------------------------------    -------------------
                         FDCE (Prop_fdce_C_Q)         0.433     1.220 r  i_vrf/bank_ra_data_o_reg[0][43]/Q
                         net (fo=13, unplaced)        0.412     1.632    i_vrf/bank_ra_data_o[0][43]
                                                                      r  i_vrf/lane_result_q[0][43]_i_5/I0
                         LUT2 (Prop_lut2_I0_O)        0.232     1.864 r  i_vrf/lane_result_q[0][43]_i_5/O
                         net (fo=5, unplaced)         0.966     2.830    gen_lane[0].i_p2_pop_slice/i_popcount/lane_bool_result[0][34]
                                                                      r  gen_lane[0].i_p2_pop_slice/i_popcount/popcount_q_o[1]_i_25/I1
                         LUT6 (Prop_lut6_I1_O)        0.105     2.935 r  gen_lane[0].i_p2_pop_slice/i_popcount/popcount_q_o[1]_i_25/O
                         net (fo=1, unplaced)         0.782     3.717    gen_lane[0].i_p2_pop_slice/i_popcount/popcount_q_o[1]_i_25_n_0
                                                                      r  gen_lane[0].i_p2_pop_slice/i_popcount/popcount_q_o[1]_i_18/I0
                         LUT6 (Prop_lut6_I0_O)        0.105     3.822 r  gen_lane[0].i_p2_pop_slice/i_popcount/popcount_q_o[1]_i_18/O
                         net (fo=1, unplaced)         0.347     4.169    gen_lane[0].i_p2_pop_slice/i_popcount/popcount_q_o[1]_i_18_n_0
                                                                      r  gen_lane[0].i_p2_pop_slice/i_popcount/popcount_q_o[1]_i_5/I5
                         LUT6 (Prop_lut6_I5_O)        0.105     4.274 r  gen_lane[0].i_p2_pop_slice/i_popcount/popcount_q_o[1]_i_5/O
                         net (fo=2, unplaced)         0.949     5.223    gen_lane[0].i_p2_pop_slice/i_popcount/bank_ra_data_o_reg[0][1]_1
                                                                      r  gen_lane[0].i_p2_pop_slice/i_popcount/popcount_q_o[3]_i_4/I0
                         LUT5 (Prop_lut5_I0_O)        0.105     5.328 r  gen_lane[0].i_p2_pop_slice/i_popcount/popcount_q_o[3]_i_4/O
                         net (fo=3, unplaced)         0.956     6.284    gen_lane[0].i_p2_pop_slice/i_popcount/bank_ra_data_o_reg[0][1]_0
                                                                      r  gen_lane[0].i_p2_pop_slice/i_popcount/popcount_q_o[6]_i_7/I1
                         LUT6 (Prop_lut6_I1_O)        0.105     6.389 r  gen_lane[0].i_p2_pop_slice/i_popcount/popcount_q_o[6]_i_7/O
                         net (fo=3, unplaced)         0.365     6.754    i_vrf/popcount_q_o_reg[6]_3
                                                                      r  i_vrf/popcount_q_o[5]_i_1/I3
                         LUT6 (Prop_lut6_I3_O)        0.105     6.859 r  i_vrf/popcount_q_o[5]_i_1/O
                         net (fo=1, unplaced)         0.000     6.859    gen_lane[0].i_p2_pop_slice/popcount_q_o_reg[6]_5[5]
                         FDCE                                         r  gen_lane[0].i_p2_pop_slice/popcount_q_o_reg[5]/D
  -------------------------------------------------------------------    -------------------

                         (clock clk_i rise edge)      5.000     5.000 r  
                                                      0.000     5.000 r  clk_i (IN)
                         net (fo=2888, unset)         0.748     5.748    gen_lane[0].i_p2_pop_slice/clk_i
                         FDCE                                         r  gen_lane[0].i_p2_pop_slice/popcount_q_o_reg[5]/C
                         clock pessimism              0.000     5.748    
                         clock uncertainty           -0.035     5.712    
                         FDCE (Setup_fdce_C_D)        0.072     5.784    gen_lane[0].i_p2_pop_slice/popcount_q_o_reg[5]
  -------------------------------------------------------------------
                         required time                          5.784    
                         arrival time                          -6.859    
  -------------------------------------------------------------------
                         slack                                 -1.075    

Slack (VIOLATED) :        -1.075ns  (required time - arrival time)
  Source:                 i_vrf/bank_ra_data_o_reg[0][43]/C
                            (rising edge-triggered cell FDCE clocked by clk_i  {rise@0.000ns fall@2.500ns period=5.000ns})
  Destination:            gen_lane[0].i_p2_pop_slice/popcount_q_o_reg[6]/D
                            (rising edge-triggered cell FDCE clocked by clk_i  {rise@0.000ns fall@2.500ns period=5.000ns})
  Path Group:             clk_i
  Path Type:              Setup (Max at Slow Process Corner)
  Requirement:            5.000ns  (clk_i rise@5.000ns - clk_i rise@0.000ns)
  Data Path Delay:        6.072ns  (logic 1.295ns (21.327%)  route 4.777ns (78.673%))
  Logic Levels:           7  (LUT2=1 LUT5=1 LUT6=5)
  Clock Path Skew:        -0.039ns (DCD - SCD + CPR)
    Destination Clock Delay (DCD):    0.748ns = ( 5.748 - 5.000 ) 
    Source Clock Delay      (SCD):    0.787ns
    Clock Pessimism Removal (CPR):    0.000ns
  Clock Uncertainty:      0.035ns  ((TSJ^2 + TIJ^2)^1/2 + DJ) / 2 + PE
    Total System Jitter     (TSJ):    0.071ns
    Total Input Jitter      (TIJ):    0.000ns
    Discrete Jitter          (DJ):    0.000ns
    Phase Error              (PE):    0.000ns

    Location             Delay type                Incr(ns)  Path(ns)    Netlist Resource(s)
  -------------------------------------------------------------------    -------------------
                         (clock clk_i rise edge)      0.000     0.000 r  
                                                      0.000     0.000 r  clk_i (IN)
                         net (fo=2888, unset)         0.787     0.787    i_vrf/clk_i
                         FDCE                                         r  i_vrf/bank_ra_data_o_reg[0][43]/C
  -------------------------------------------------------------------    -------------------
                         FDCE (Prop_fdce_C_Q)         0.433     1.220 r  i_vrf/bank_ra_data_o_reg[0][43]/Q
                         net (fo=13, unplaced)        0.412     1.632    i_vrf/bank_ra_data_o[0][43]
                                                                      r  i_vrf/lane_result_q[0][43]_i_5/I0
                         LUT2 (Prop_lut2_I0_O)        0.232     1.864 r  i_vrf/lane_result_q[0][43]_i_5/O
                         net (fo=5, unplaced)         0.966     2.830    gen_lane[0].i_p2_pop_slice/i_popcount/lane_bool_result[0][34]
                                                                      r  gen_lane[0].i_p2_pop_slice/i_popcount/popcount_q_o[1]_i_25/I1
                         LUT6 (Prop_lut6_I1_O)        0.105     2.935 r  gen_lane[0].i_p2_pop_slice/i_popcount/popcount_q_o[1]_i_25/O
                         net (fo=1, unplaced)         0.782     3.717    gen_lane[0].i_p2_pop_slice/i_popcount/popcount_q_o[1]_i_25_n_0
                                                                      r  gen_lane[0].i_p2_pop_slice/i_popcount/popcount_q_o[1]_i_18/I0
                         LUT6 (Prop_lut6_I0_O)        0.105     3.822 r  gen_lane[0].i_p2_pop_slice/i_popcount/popcount_q_o[1]_i_18/O
                         net (fo=1, unplaced)         0.347     4.169    gen_lane[0].i_p2_pop_slice/i_popcount/popcount_q_o[1]_i_18_n_0
                                                                      r  gen_lane[0].i_p2_pop_slice/i_popcount/popcount_q_o[1]_i_5/I5
                         LUT6 (Prop_lut6_I5_O)        0.105     4.274 r  gen_lane[0].i_p2_pop_slice/i_popcount/popcount_q_o[1]_i_5/O
                         net (fo=2, unplaced)         0.949     5.223    gen_lane[0].i_p2_pop_slice/i_popcount/bank_ra_data_o_reg[0][1]_1
                                                                      r  gen_lane[0].i_p2_pop_slice/i_popcount/popcount_q_o[3]_i_4/I0
                         LUT5 (Prop_lut5_I0_O)        0.105     5.328 r  gen_lane[0].i_p2_pop_slice/i_popcount/popcount_q_o[3]_i_4/O
                         net (fo=3, unplaced)         0.956     6.284    gen_lane[0].i_p2_pop_slice/i_popcount/bank_ra_data_o_reg[0][1]_0
                                                                      r  gen_lane[0].i_p2_pop_slice/i_popcount/popcount_q_o[6]_i_7/I1
                         LUT6 (Prop_lut6_I1_O)        0.105     6.389 r  gen_lane[0].i_p2_pop_slice/i_popcount/popcount_q_o[6]_i_7/O
                         net (fo=3, unplaced)         0.365     6.754    i_vrf/popcount_q_o_reg[6]_3
                                                                      r  i_vrf/popcount_q_o[6]_i_1/I5
                         LUT6 (Prop_lut6_I5_O)        0.105     6.859 r  i_vrf/popcount_q_o[6]_i_1/O
                         net (fo=1, unplaced)         0.000     6.859    gen_lane[0].i_p2_pop_slice/popcount_q_o_reg[6]_5[6]
                         FDCE                                         r  gen_lane[0].i_p2_pop_slice/popcount_q_o_reg[6]/D
  -------------------------------------------------------------------    -------------------

                         (clock clk_i rise edge)      5.000     5.000 r  
                                                      0.000     5.000 r  clk_i (IN)
                         net (fo=2888, unset)         0.748     5.748    gen_lane[0].i_p2_pop_slice/clk_i
                         FDCE                                         r  gen_lane[0].i_p2_pop_slice/popcount_q_o_reg[6]/C
                         clock pessimism              0.000     5.748    
                         clock uncertainty           -0.035     5.712    
                         FDCE (Setup_fdce_C_D)        0.072     5.784    gen_lane[0].i_p2_pop_slice/popcount_q_o_reg[6]
  -------------------------------------------------------------------
                         required time                          5.784    
                         arrival time                          -6.859    
  -------------------------------------------------------------------
                         slack                                 -1.075    

Slack (VIOLATED) :        -1.073ns  (required time - arrival time)
  Source:                 i_vrf/bank_ra_data_o_reg[1][43]/C
                            (rising edge-triggered cell FDCE clocked by clk_i  {rise@0.000ns fall@2.500ns period=5.000ns})
  Destination:            gen_lane[1].i_p2_pop_slice/popcount_q_o_reg[4]/D
                            (rising edge-triggered cell FDCE clocked by clk_i  {rise@0.000ns fall@2.500ns period=5.000ns})
  Path Group:             clk_i
  Path Type:              Setup (Max at Slow Process Corner)
  Requirement:            5.000ns  (clk_i rise@5.000ns - clk_i rise@0.000ns)
  Data Path Delay:        6.070ns  (logic 1.295ns (21.334%)  route 4.775ns (78.666%))
  Logic Levels:           7  (LUT2=1 LUT5=2 LUT6=4)
  Clock Path Skew:        -0.039ns (DCD - SCD + CPR)
    Destination Clock Delay (DCD):    0.748ns = ( 5.748 - 5.000 ) 
    Source Clock Delay      (SCD):    0.787ns
    Clock Pessimism Removal (CPR):    0.000ns
  Clock Uncertainty:      0.035ns  ((TSJ^2 + TIJ^2)^1/2 + DJ) / 2 + PE
    Total System Jitter     (TSJ):    0.071ns
    Total Input Jitter      (TIJ):    0.000ns
    Discrete Jitter          (DJ):    0.000ns
    Phase Error              (PE):    0.000ns

    Location             Delay type                Incr(ns)  Path(ns)    Netlist Resource(s)
  -------------------------------------------------------------------    -------------------
                         (clock clk_i rise edge)      0.000     0.000 r  
                                                      0.000     0.000 r  clk_i (IN)
                         net (fo=2888, unset)         0.787     0.787    i_vrf/clk_i
                         FDCE                                         r  i_vrf/bank_ra_data_o_reg[1][43]/C
  -------------------------------------------------------------------    -------------------
                         FDCE (Prop_fdce_C_Q)         0.433     1.220 r  i_vrf/bank_ra_data_o_reg[1][43]/Q
                         net (fo=12, unplaced)        0.410     1.630    i_vrf/bank_ra_data_o[1][43]
                                                                      r  i_vrf/lane_result_q[1][43]_i_5/I0
                         LUT2 (Prop_lut2_I0_O)        0.232     1.862 r  i_vrf/lane_result_q[1][43]_i_5/O
                         net (fo=5, unplaced)         0.966     2.828    gen_lane[1].i_p2_pop_slice/i_popcount/lane_bool_result[1][34]
                                                                      r  gen_lane[1].i_p2_pop_slice/i_popcount/popcount_q_o[1]_i_25/I1
                         LUT6 (Prop_lut6_I1_O)        0.105     2.933 r  gen_lane[1].i_p2_pop_slice/i_popcount/popcount_q_o[1]_i_25/O
                         net (fo=1, unplaced)         0.782     3.715    gen_lane[1].i_p2_pop_slice/i_popcount/popcount_q_o[1]_i_25_n_0
                                                                      r  gen_lane[1].i_p2_pop_slice/i_popcount/popcount_q_o[1]_i_18/I0
                         LUT6 (Prop_lut6_I0_O)        0.105     3.820 r  gen_lane[1].i_p2_pop_slice/i_popcount/popcount_q_o[1]_i_18/O
                         net (fo=1, unplaced)         0.347     4.167    gen_lane[1].i_p2_pop_slice/i_popcount/popcount_q_o[1]_i_18_n_0
                                                                      r  gen_lane[1].i_p2_pop_slice/i_popcount/popcount_q_o[1]_i_5/I5
                         LUT6 (Prop_lut6_I5_O)        0.105     4.272 r  gen_lane[1].i_p2_pop_slice/i_popcount/popcount_q_o[1]_i_5/O
                         net (fo=2, unplaced)         0.949     5.221    gen_lane[1].i_p2_pop_slice/i_popcount/bank_ra_data_o_reg[1][1]_1
                                                                      r  gen_lane[1].i_p2_pop_slice/i_popcount/popcount_q_o[3]_i_4/I0
                         LUT5 (Prop_lut5_I0_O)        0.105     5.326 r  gen_lane[1].i_p2_pop_slice/i_popcount/popcount_q_o[3]_i_4/O
                         net (fo=3, unplaced)         0.956     6.282    gen_lane[1].i_p2_pop_slice/i_popcount/bank_ra_data_o_reg[1][1]_0
                                                                      r  gen_lane[1].i_p2_pop_slice/i_popcount/popcount_q_o[6]_i_7/I1
                         LUT6 (Prop_lut6_I1_O)        0.105     6.387 r  gen_lane[1].i_p2_pop_slice/i_popcount/popcount_q_o[6]_i_7/O
                         net (fo=3, unplaced)         0.365     6.752    i_vrf/popcount_q_o_reg[6]_8
                                                                      r  i_vrf/popcount_q_o[4]_i_1__0/I3
                         LUT5 (Prop_lut5_I3_O)        0.105     6.857 r  i_vrf/popcount_q_o[4]_i_1__0/O
                         net (fo=1, unplaced)         0.000     6.857    gen_lane[1].i_p2_pop_slice/D[4]
                         FDCE                                         r  gen_lane[1].i_p2_pop_slice/popcount_q_o_reg[4]/D
  -------------------------------------------------------------------    -------------------

                         (clock clk_i rise edge)      5.000     5.000 r  
                                                      0.000     5.000 r  clk_i (IN)
                         net (fo=2888, unset)         0.748     5.748    gen_lane[1].i_p2_pop_slice/clk_i
                         FDCE                                         r  gen_lane[1].i_p2_pop_slice/popcount_q_o_reg[4]/C
                         clock pessimism              0.000     5.748    
                         clock uncertainty           -0.035     5.712    
                         FDCE (Setup_fdce_C_D)        0.072     5.784    gen_lane[1].i_p2_pop_slice/popcount_q_o_reg[4]
  -------------------------------------------------------------------
                         required time                          5.784    
                         arrival time                          -6.857    
  -------------------------------------------------------------------
                         slack                                 -1.073    

Slack (VIOLATED) :        -1.073ns  (required time - arrival time)
  Source:                 i_vrf/bank_ra_data_o_reg[1][43]/C
                            (rising edge-triggered cell FDCE clocked by clk_i  {rise@0.000ns fall@2.500ns period=5.000ns})
  Destination:            gen_lane[1].i_p2_pop_slice/popcount_q_o_reg[5]/D
                            (rising edge-triggered cell FDCE clocked by clk_i  {rise@0.000ns fall@2.500ns period=5.000ns})
  Path Group:             clk_i
  Path Type:              Setup (Max at Slow Process Corner)
  Requirement:            5.000ns  (clk_i rise@5.000ns - clk_i rise@0.000ns)
  Data Path Delay:        6.070ns  (logic 1.295ns (21.334%)  route 4.775ns (78.666%))
  Logic Levels:           7  (LUT2=1 LUT5=1 LUT6=5)
  Clock Path Skew:        -0.039ns (DCD - SCD + CPR)
    Destination Clock Delay (DCD):    0.748ns = ( 5.748 - 5.000 ) 
    Source Clock Delay      (SCD):    0.787ns
    Clock Pessimism Removal (CPR):    0.000ns
  Clock Uncertainty:      0.035ns  ((TSJ^2 + TIJ^2)^1/2 + DJ) / 2 + PE
    Total System Jitter     (TSJ):    0.071ns
    Total Input Jitter      (TIJ):    0.000ns
    Discrete Jitter          (DJ):    0.000ns
    Phase Error              (PE):    0.000ns

    Location             Delay type                Incr(ns)  Path(ns)    Netlist Resource(s)
  -------------------------------------------------------------------    -------------------
                         (clock clk_i rise edge)      0.000     0.000 r  
                                                      0.000     0.000 r  clk_i (IN)
                         net (fo=2888, unset)         0.787     0.787    i_vrf/clk_i
                         FDCE                                         r  i_vrf/bank_ra_data_o_reg[1][43]/C
  -------------------------------------------------------------------    -------------------
                         FDCE (Prop_fdce_C_Q)         0.433     1.220 r  i_vrf/bank_ra_data_o_reg[1][43]/Q
                         net (fo=12, unplaced)        0.410     1.630    i_vrf/bank_ra_data_o[1][43]
                                                                      r  i_vrf/lane_result_q[1][43]_i_5/I0
                         LUT2 (Prop_lut2_I0_O)        0.232     1.862 r  i_vrf/lane_result_q[1][43]_i_5/O
                         net (fo=5, unplaced)         0.966     2.828    gen_lane[1].i_p2_pop_slice/i_popcount/lane_bool_result[1][34]
                                                                      r  gen_lane[1].i_p2_pop_slice/i_popcount/popcount_q_o[1]_i_25/I1
                         LUT6 (Prop_lut6_I1_O)        0.105     2.933 r  gen_lane[1].i_p2_pop_slice/i_popcount/popcount_q_o[1]_i_25/O
                         net (fo=1, unplaced)         0.782     3.715    gen_lane[1].i_p2_pop_slice/i_popcount/popcount_q_o[1]_i_25_n_0
                                                                      r  gen_lane[1].i_p2_pop_slice/i_popcount/popcount_q_o[1]_i_18/I0
                         LUT6 (Prop_lut6_I0_O)        0.105     3.820 r  gen_lane[1].i_p2_pop_slice/i_popcount/popcount_q_o[1]_i_18/O
                         net (fo=1, unplaced)         0.347     4.167    gen_lane[1].i_p2_pop_slice/i_popcount/popcount_q_o[1]_i_18_n_0
                                                                      r  gen_lane[1].i_p2_pop_slice/i_popcount/popcount_q_o[1]_i_5/I5
                         LUT6 (Prop_lut6_I5_O)        0.105     4.272 r  gen_lane[1].i_p2_pop_slice/i_popcount/popcount_q_o[1]_i_5/O
                         net (fo=2, unplaced)         0.949     5.221    gen_lane[1].i_p2_pop_slice/i_popcount/bank_ra_data_o_reg[1][1]_1
                                                                      r  gen_lane[1].i_p2_pop_slice/i_popcount/popcount_q_o[3]_i_4/I0
                         LUT5 (Prop_lut5_I0_O)        0.105     5.326 r  gen_lane[1].i_p2_pop_slice/i_popcount/popcount_q_o[3]_i_4/O
                         net (fo=3, unplaced)         0.956     6.282    gen_lane[1].i_p2_pop_slice/i_popcount/bank_ra_data_o_reg[1][1]_0
                                                                      r  gen_lane[1].i_p2_pop_slice/i_popcount/popcount_q_o[6]_i_7/I1
                         LUT6 (Prop_lut6_I1_O)        0.105     6.387 r  gen_lane[1].i_p2_pop_slice/i_popcount/popcount_q_o[6]_i_7/O
                         net (fo=3, unplaced)         0.365     6.752    i_vrf/popcount_q_o_reg[6]_8
                                                                      r  i_vrf/popcount_q_o[5]_i_1__0/I3
                         LUT6 (Prop_lut6_I3_O)        0.105     6.857 r  i_vrf/popcount_q_o[5]_i_1__0/O
                         net (fo=1, unplaced)         0.000     6.857    gen_lane[1].i_p2_pop_slice/D[5]
                         FDCE                                         r  gen_lane[1].i_p2_pop_slice/popcount_q_o_reg[5]/D
  -------------------------------------------------------------------    -------------------

                         (clock clk_i rise edge)      5.000     5.000 r  
                                                      0.000     5.000 r  clk_i (IN)
                         net (fo=2888, unset)         0.748     5.748    gen_lane[1].i_p2_pop_slice/clk_i
                         FDCE                                         r  gen_lane[1].i_p2_pop_slice/popcount_q_o_reg[5]/C
                         clock pessimism              0.000     5.748    
                         clock uncertainty           -0.035     5.712    
                         FDCE (Setup_fdce_C_D)        0.072     5.784    gen_lane[1].i_p2_pop_slice/popcount_q_o_reg[5]
  -------------------------------------------------------------------
                         required time                          5.784    
                         arrival time                          -6.857    
  -------------------------------------------------------------------
                         slack                                 -1.073    




