Copyright 1986-2022 Xilinx, Inc. All Rights Reserved. Copyright 2022-2024 Advanced Micro Devices, Inc. All Rights Reserved.
-----------------------------------------------------------------------------------------------------------------------------------------------------------
| Tool Version : Vivado v.2024.2 (win64) Build 5239630 Fri Nov 08 22:35:27 MST 2024
| Date         : Mon Jun  8 12:00:50 2026
| Host         : WIN-20240824NZS running 64-bit major release  (build 9200)
| Command      : report_utilization -hierarchical -file E:/HDEC/cva6-vhdc-core/tmp/hdec_hmatch_compare_split_p2keep_atlas1000/reports/utilization_hier.rpt
| Design       : hdec_top
| Device       : xc7z020clg400-2
| Speed File   : -2
| Design State : Synthesized
-----------------------------------------------------------------------------------------------------------------------------------------------------------

Utilization Design Information

Table of Contents
-----------------
1. Utilization by Hierarchy

1. Utilization by Hierarchy
---------------------------

+----------------------------------+---------------------------------+------------+------------+---------+------+------+--------+--------+------------+
|             Instance             |              Module             | Total LUTs | Logic LUTs | LUTRAMs | SRLs |  FFs | RAMB36 | RAMB18 | DSP Blocks |
+----------------------------------+---------------------------------+------------+------------+---------+------+------+--------+--------+------------+
| hdec_top                         |                           (top) |       5105 |       4417 |     688 |    0 | 2201 |      0 |      0 |          0 |
|   (hdec_top)                     |                           (top) |        514 |        514 |       0 |    0 | 1894 |      0 |      0 |          0 |
|   gen_lane[0].i_p2_pop_slice     |               hdec_p2_pop_slice |         96 |         96 |       0 |    0 |    9 |      0 |      0 |          0 |
|     (gen_lane[0].i_p2_pop_slice) |               hdec_p2_pop_slice |         36 |         36 |       0 |    0 |    9 |      0 |      0 |          0 |
|     i_popcount                   | hdec_lane_popcount_compressor_5 |         60 |         60 |       0 |    0 |    0 |      0 |      0 |          0 |
|   gen_lane[1].i_p2_pop_slice     |             hdec_p2_pop_slice_0 |         66 |         66 |       0 |    0 |    9 |      0 |      0 |          0 |
|     (gen_lane[1].i_p2_pop_slice) |             hdec_p2_pop_slice_0 |          6 |          6 |       0 |    0 |    9 |      0 |      0 |          0 |
|     i_popcount                   | hdec_lane_popcount_compressor_4 |         60 |         60 |       0 |    0 |    0 |      0 |      0 |          0 |
|   gen_lane[2].i_p2_pop_slice     |             hdec_p2_pop_slice_1 |         90 |         90 |       0 |    0 |    9 |      0 |      0 |          0 |
|     (gen_lane[2].i_p2_pop_slice) |             hdec_p2_pop_slice_1 |         30 |         30 |       0 |    0 |    9 |      0 |      0 |          0 |
|     i_popcount                   | hdec_lane_popcount_compressor_3 |         60 |         60 |       0 |    0 |    0 |      0 |      0 |          0 |
|   gen_lane[3].i_p2_pop_slice     |             hdec_p2_pop_slice_2 |         69 |         69 |       0 |    0 |    9 |      0 |      0 |          0 |
|     (gen_lane[3].i_p2_pop_slice) |             hdec_p2_pop_slice_2 |          9 |          9 |       0 |    0 |    9 |      0 |      0 |          0 |
|     i_popcount                   |   hdec_lane_popcount_compressor |         60 |         60 |       0 |    0 |    0 |      0 |      0 |          0 |
|   i_vrf                          |                 hdec_vrf_64x256 |       4270 |       3582 |     688 |    0 |  271 |      0 |      0 |          0 |
+----------------------------------+---------------------------------+------------+------------+---------+------+------+--------+--------+------------+


