Copyright 1986-2022 Xilinx, Inc. All Rights Reserved. Copyright 2022-2024 Advanced Micro Devices, Inc. All Rights Reserved.
---------------------------------------------------------------------------------------------------------------------------------------------------------------------------------
| Tool Version : Vivado v.2024.2 (win64) Build 5239630 Fri Nov 08 22:35:27 MST 2024
| Date         : Sat Jun  6 11:54:39 2026
| Host         : WIN-20240824NZS running 64-bit major release  (build 9200)
| Command      : report_high_fanout_nets -fanout_greater_than 20 -file E:/HDEC/cva6-vhdc-core/reports/vivado/ooc_hdec_p2_onehot_compare/new_6437a435/100mhz/high_fanout_nets.rpt
| Design       : hdec_top
| Device       : xc7z020
---------------------------------------------------------------------------------------------------------------------------------------------------------------------------------

High Fan-out Nets Information

1. Summary
----------

+--------------------------------------------------------------------+--------+-------------+
| Net Name                                                           | Fanout | Driver Type |
+--------------------------------------------------------------------+--------+-------------+
| i_vrf/rst_ni_0                                                     |   2171 | LUT1        |
| uop_p3_n                                                           |    573 | FDCE        |
| FSM_onehot_st_q_reg_n_0_[7]                                        |    461 | FDCE        |
| gen_lane[0].i_p2_lane_slice/p2_lane_ctrl_q_reg[do_popcount_diff]_0 |    316 | FDCE        |
| i_vrf/p_0_in[0]                                                    |    287 | FDCE        |
| FSM_onehot_st_q_reg_n_0_[8]                                        |    287 | FDCE        |
| i_vrf/init_state_q[0]                                              |    282 | FDCE        |
| uop_p3_q_reg[subgroup_idx_n_0_][0]                                 |    277 | FDCE        |
| gen_lane[0].i_p2_lane_slice/uop_p1_q_reg[op_type][1]               |    262 | LUT4        |
| i_vrf/uop_p1_q_reg[op_type][2]                                     |    260 | LUT4        |
+--------------------------------------------------------------------+--------+-------------+


