Copyright 1986-2022 Xilinx, Inc. All Rights Reserved.
-------------------------------------------------------------------------------------------------------------------------
| Tool Version : Vivado v.2022.2 (win64) Build 3671981 Fri Oct 14 05:00:03 MDT 2022
| Date         : Tue May 26 17:48:53 2026
| Host         : DESKTOP-RSKE6BB running 64-bit major release  (build 9200)
| Command      : report_timing_summary -file H:/CVA6-HDEC/cva6-vhdc-core/reports/vivado/hdc_only/timing_hdec_top_ooc.rpt
| Design       : hdec_top
| Device       : 7z020-clg400
| Speed File   : -2  PRODUCTION 1.12 2019-11-22
-------------------------------------------------------------------------------------------------------------------------

Timing Summary Report

------------------------------------------------------------------------------------------------
| Timer Settings
| --------------
------------------------------------------------------------------------------------------------

  Enable Multi Corner Analysis               :  Yes
  Enable Pessimism Removal                   :  Yes
  Pessimism Removal Resolution               :  Nearest Common Node
  Enable Input Delay Default Clock           :  No
  Enable Preset / Clear Arcs                 :  No
  Disable Flight Delays                      :  No
  Ignore I/O Paths                           :  No
  Timing Early Launch at Borrowing Latches   :  No
  Borrow Time for Max Delay Exceptions       :  Yes
  Merge Timing Exceptions                    :  Yes

  Corner  Analyze    Analyze    
  Name    Max Paths  Min Paths  
  ------  ---------  ---------  
  Slow    Yes        Yes        
  Fast    Yes        Yes        


------------------------------------------------------------------------------------------------
| Report Methodology
| ------------------
------------------------------------------------------------------------------------------------

No report available as report_methodology has not been run prior. Run report_methodology on the current design for the summary of methodology violations.



check_timing report

Table of Contents
-----------------
1. checking no_clock (0)
2. checking constant_clock (0)
3. checking pulse_width_clock (0)
4. checking unconstrained_internal_endpoints (0)
5. checking no_input_delay (70)
6. checking no_output_delay (66)
7. checking multiple_clock (0)
8. checking generated_clocks (0)
9. checking loops (0)
10. checking partial_input_delay (0)
11. checking partial_output_delay (0)
12. checking latch_loops (0)

1. checking no_clock (0)
------------------------
 There are 0 register/latch pins with no clock.


2. checking constant_clock (0)
------------------------------
 There are 0 register/latch pins with constant_clock.


3. checking pulse_width_clock (0)
---------------------------------
 There are 0 register/latch pins which need pulse_width check


4. checking unconstrained_internal_endpoints (0)
------------------------------------------------
 There are 0 pins that are not constrained for maximum delay.

 There are 0 pins that are not constrained for maximum delay due to constant clock.


5. checking no_input_delay (70)
-------------------------------
 There are 70 input ports with no input delay specified. (HIGH)

 There are 0 input ports with no input delay but user has a false path constraint.


6. checking no_output_delay (66)
--------------------------------
 There are 66 ports with no output delay specified. (HIGH)

 There are 0 ports with no output delay but user has a false path constraint

 There are 0 ports with no output delay but with a timing clock defined on it or propagating through it


7. checking multiple_clock (0)
------------------------------
 There are 0 register/latch pins with multiple clocks.


8. checking generated_clocks (0)
--------------------------------
 There are 0 generated clocks that are not connected to a clock source.


9. checking loops (0)
---------------------
 There are 0 combinational loops in the design.


10. checking partial_input_delay (0)
------------------------------------
 There are 0 input ports with partial input delay specified.


11. checking partial_output_delay (0)
-------------------------------------
 There are 0 ports with partial output delay specified.


12. checking latch_loops (0)
----------------------------
 There are 0 combinational latch loops in the design through latch input



------------------------------------------------------------------------------------------------
| Design Timing Summary
| ---------------------
------------------------------------------------------------------------------------------------

    WNS(ns)      TNS(ns)  TNS Failing Endpoints  TNS Total Endpoints      WHS(ns)      THS(ns)  THS Failing Endpoints  THS Total Endpoints     WPWS(ns)     TPWS(ns)  TPWS Failing Endpoints  TPWS Total Endpoints  
    -------      -------  ---------------------  -------------------      -------      -------  ---------------------  -------------------     --------     --------  ----------------------  --------------------  
      1.483        0.000                      0                22960        0.246        0.000                      0                22960        4.500        0.000                       0                 19861  


All user specified timing constraints are met.


------------------------------------------------------------------------------------------------
| Clock Summary
| -------------
------------------------------------------------------------------------------------------------

Clock  Waveform(ns)       Period(ns)      Frequency(MHz)
-----  ------------       ----------      --------------
clk_i  {0.000 5.000}      10.000          100.000         


------------------------------------------------------------------------------------------------
| Intra Clock Table
| -----------------
------------------------------------------------------------------------------------------------

Clock             WNS(ns)      TNS(ns)  TNS Failing Endpoints  TNS Total Endpoints      WHS(ns)      THS(ns)  THS Failing Endpoints  THS Total Endpoints     WPWS(ns)     TPWS(ns)  TPWS Failing Endpoints  TPWS Total Endpoints  
-----             -------      -------  ---------------------  -------------------      -------      -------  ---------------------  -------------------     --------     --------  ----------------------  --------------------  
clk_i               1.483        0.000                      0                22960        0.246        0.000                      0                22960        4.500        0.000                       0                 19861  


------------------------------------------------------------------------------------------------
| Inter Clock Table
| -----------------
------------------------------------------------------------------------------------------------

From Clock    To Clock          WNS(ns)      TNS(ns)  TNS Failing Endpoints  TNS Total Endpoints      WHS(ns)      THS(ns)  THS Failing Endpoints  THS Total Endpoints  
----------    --------          -------      -------  ---------------------  -------------------      -------      -------  ---------------------  -------------------  


------------------------------------------------------------------------------------------------
| Other Path Groups Table
| -----------------------
------------------------------------------------------------------------------------------------

Path Group    From Clock    To Clock          WNS(ns)      TNS(ns)  TNS Failing Endpoints  TNS Total Endpoints      WHS(ns)      THS(ns)  THS Failing Endpoints  THS Total Endpoints  
----------    ----------    --------          -------      -------  ---------------------  -------------------      -------      -------  ---------------------  -------------------  


------------------------------------------------------------------------------------------------
| Timing Details
| --------------
------------------------------------------------------------------------------------------------


---------------------------------------------------------------------------------------------------
From Clock:  clk_i
  To Clock:  clk_i

Setup :            0  Failing Endpoints,  Worst Slack        1.483ns,  Total Violation        0.000ns
Hold  :            0  Failing Endpoints,  Worst Slack        0.246ns,  Total Violation        0.000ns
PW    :            0  Failing Endpoints,  Worst Slack        4.500ns,  Total Violation        0.000ns
---------------------------------------------------------------------------------------------------


Max Delay Paths
--------------------------------------------------------------------------------------
Slack (MET) :             1.483ns  (required time - arrival time)
  Source:                 gen_lane[0].i_lane/i_bmca/row1_q_reg[56]/C
                            (rising edge-triggered cell FDCE clocked by clk_i  {rise@0.000ns fall@5.000ns period=10.000ns})
  Destination:            gen_lane[0].i_lane/i_bmca/count_q_reg[8]/D
                            (rising edge-triggered cell FDCE clocked by clk_i  {rise@0.000ns fall@5.000ns period=10.000ns})
  Path Group:             clk_i
  Path Type:              Setup (Max at Slow Process Corner)
  Requirement:            10.000ns  (clk_i rise@10.000ns - clk_i rise@0.000ns)
  Data Path Delay:        8.543ns  (logic 1.991ns (23.306%)  route 6.552ns (76.694%))
  Logic Levels:           10  (CARRY4=2 LUT3=1 LUT5=3 LUT6=4)
  Clock Path Skew:        -0.039ns (DCD - SCD + CPR)
    Destination Clock Delay (DCD):    0.748ns = ( 10.748 - 10.000 ) 
    Source Clock Delay      (SCD):    0.787ns
    Clock Pessimism Removal (CPR):    0.000ns
  Clock Uncertainty:      0.035ns  ((TSJ^2 + TIJ^2)^1/2 + DJ) / 2 + PE
    Total System Jitter     (TSJ):    0.071ns
    Total Input Jitter      (TIJ):    0.000ns
    Discrete Jitter          (DJ):    0.000ns
    Phase Error              (PE):    0.000ns

    Location             Delay type                Incr(ns)  Path(ns)    Netlist Resource(s)
  -------------------------------------------------------------------    -------------------
                         (clock clk_i rise edge)      0.000     0.000 r  
                                                      0.000     0.000 r  clk_i (IN)
                         net (fo=19860, unset)        0.787     0.787    gen_lane[0].i_lane/i_bmca/clk_i
                         FDCE                                         r  gen_lane[0].i_lane/i_bmca/row1_q_reg[56]/C
  -------------------------------------------------------------------    -------------------
                         FDCE (Prop_fdce_C_Q)         0.433     1.220 r  gen_lane[0].i_lane/i_bmca/row1_q_reg[56]/Q
                         net (fo=2, unplaced)         0.790     2.010    gen_lane[0].i_lane/i_bmca/row1_q_reg_n_0_[56]
                         LUT6 (Prop_lut6_I0_O)        0.232     2.242 r  gen_lane[0].i_lane/i_bmca/hbundle_lo_q[0][56]_i_2/O
                         net (fo=4, unplaced)         0.371     2.613    gen_lane[0].i_lane/i_bmca/lo_a_56
                         LUT3 (Prop_lut3_I2_O)        0.105     2.718 r  gen_lane[0].i_lane/i_bmca/hbundle_lo_q[0][56]_i_1/O
                         net (fo=3, unplaced)         0.956     3.674    gen_lane[0].i_lane/i_bmca/lane_bmca_lo[0][50]
                         LUT5 (Prop_lut5_I0_O)        0.105     3.779 r  gen_lane[0].i_lane/i_bmca/count_q[4]_i_61/O
                         net (fo=3, unplaced)         0.956     4.735    gen_lane[0].i_lane/i_bmca/count_q[4]_i_61_n_0
                         LUT6 (Prop_lut6_I1_O)        0.105     4.840 r  gen_lane[0].i_lane/i_bmca/count_q[4]_i_30/O
                         net (fo=3, unplaced)         0.956     5.796    gen_lane[0].i_lane/i_bmca/count_q[4]_i_30_n_0
                         LUT5 (Prop_lut5_I0_O)        0.105     5.901 r  gen_lane[0].i_lane/i_bmca/count_q[4]_i_15/O
                         net (fo=3, unplaced)         0.956     6.857    gen_lane[0].i_lane/i_bmca/count_q[4]_i_15_n_0
                         LUT6 (Prop_lut6_I1_O)        0.105     6.962 r  gen_lane[0].i_lane/i_bmca/count_q[4]_i_9/O
                         net (fo=5, unplaced)         0.966     7.928    gen_lane[0].i_lane/i_bmca/count_q[4]_i_9_n_0
                         LUT5 (Prop_lut5_I0_O)        0.105     8.033 r  gen_lane[0].i_lane/i_bmca/count_q[4]_i_2/O
                         net (fo=2, unplaced)         0.593     8.626    gen_lane[0].i_lane/i_bmca/count_q[4]_i_2_n_0
                         LUT6 (Prop_lut6_I3_O)        0.105     8.731 r  gen_lane[0].i_lane/i_bmca/count_q[4]_i_5/O
                         net (fo=1, unplaced)         0.000     8.731    gen_lane[0].i_lane/i_bmca/count_q[4]_i_5_n_0
                         CARRY4 (Prop_carry4_S[3]_CO[3])
                                                      0.314     9.045 r  gen_lane[0].i_lane/i_bmca/count_q_reg[4]_i_1/CO[3]
                         net (fo=1, unplaced)         0.008     9.053    gen_lane[0].i_lane/i_bmca/count_q_reg[4]_i_1_n_0
                         CARRY4 (Prop_carry4_CI_O[3])
                                                      0.277     9.330 r  gen_lane[0].i_lane/i_bmca/count_q_reg[8]_i_2/O[3]
                         net (fo=1, unplaced)         0.000     9.330    gen_lane[0].i_lane/i_bmca/count_d[8]
                         FDCE                                         r  gen_lane[0].i_lane/i_bmca/count_q_reg[8]/D
  -------------------------------------------------------------------    -------------------

                         (clock clk_i rise edge)     10.000    10.000 r  
                                                      0.000    10.000 r  clk_i (IN)
                         net (fo=19860, unset)        0.748    10.748    gen_lane[0].i_lane/i_bmca/clk_i
                         FDCE                                         r  gen_lane[0].i_lane/i_bmca/count_q_reg[8]/C
                         clock pessimism              0.000    10.748    
                         clock uncertainty           -0.035    10.712    
                         FDCE (Setup_fdce_C_D)        0.101    10.813    gen_lane[0].i_lane/i_bmca/count_q_reg[8]
  -------------------------------------------------------------------
                         required time                         10.813    
                         arrival time                          -9.330    
  -------------------------------------------------------------------
                         slack                                  1.483    





Min Delay Paths
--------------------------------------------------------------------------------------
Slack (MET) :             0.246ns  (arrival time - required time)
  Source:                 gen_lane[0].i_lane/i_bmca/row2_q_reg[0]/C
                            (rising edge-triggered cell FDCE clocked by clk_i  {rise@0.000ns fall@5.000ns period=10.000ns})
  Destination:            hbundle_hi_a_q_reg[0][0]/D
                            (rising edge-triggered cell FDCE clocked by clk_i  {rise@0.000ns fall@5.000ns period=10.000ns})
  Path Group:             clk_i
  Path Type:              Hold (Min at Fast Process Corner)
  Requirement:            0.000ns  (clk_i rise@0.000ns - clk_i rise@0.000ns)
  Data Path Delay:        0.386ns  (logic 0.262ns (67.793%)  route 0.124ns (32.207%))
  Logic Levels:           1  (LUT6=1)
  Clock Path Skew:        0.021ns (DCD - SCD - CPR)
    Destination Clock Delay (DCD):    0.411ns
    Source Clock Delay      (SCD):    0.390ns
    Clock Pessimism Removal (CPR):    -0.000ns

    Location             Delay type                Incr(ns)  Path(ns)    Netlist Resource(s)
  -------------------------------------------------------------------    -------------------
                         (clock clk_i rise edge)      0.000     0.000 r  
                                                      0.000     0.000 r  clk_i (IN)
                         net (fo=19860, unset)        0.390     0.390    gen_lane[0].i_lane/i_bmca/clk_i
                         FDCE                                         r  gen_lane[0].i_lane/i_bmca/row2_q_reg[0]/C
  -------------------------------------------------------------------    -------------------
                         FDCE (Prop_fdce_C_Q)         0.164     0.554 r  gen_lane[0].i_lane/i_bmca/row2_q_reg[0]/Q
                         net (fo=2, unplaced)         0.124     0.679    gen_lane[0].i_lane/i_bmca/row2_q_reg_n_0_[0]
                         LUT6 (Prop_lut6_I5_O)        0.098     0.777 r  gen_lane[0].i_lane/i_bmca/hbundle_hi_a_q[0][0]_i_1/O
                         net (fo=4, unplaced)         0.000     0.777    lane_bmca_hi_a[0][0]
                         FDCE                                         r  hbundle_hi_a_q_reg[0][0]/D
  -------------------------------------------------------------------    -------------------

                         (clock clk_i rise edge)      0.000     0.000 r  
                                                      0.000     0.000 r  clk_i (IN)
                         net (fo=19860, unset)        0.411     0.411    clk_i
                         FDCE                                         r  hbundle_hi_a_q_reg[0][0]/C
                         clock pessimism              0.000     0.411    
                         FDCE (Hold_fdce_C_D)         0.120     0.531    hbundle_hi_a_q_reg[0][0]
  -------------------------------------------------------------------
                         required time                         -0.531    
                         arrival time                           0.777    
  -------------------------------------------------------------------
                         slack                                  0.246    





Pulse Width Checks
--------------------------------------------------------------------------------------
Clock Name:         clk_i
Waveform(ns):       { 0.000 5.000 }
Period(ns):         10.000
Sources:            { clk_i }

Check Type        Corner  Lib Pin  Reference Pin  Required(ns)  Actual(ns)  Slack(ns)  Location  Pin
Min Period        n/a     FDPE/C   n/a            1.000         10.000      9.000                FSM_onehot_st_q_reg[0]/C
Low Pulse Width   Slow    FDPE/C   n/a            0.500         5.000       4.500                FSM_onehot_st_q_reg[0]/C
High Pulse Width  Slow    FDPE/C   n/a            0.500         5.000       4.500                FSM_onehot_st_q_reg[0]/C



