Copyright 1986-2022 Xilinx, Inc. All Rights Reserved.
---------------------------------------------------------------------------------------------------------------------------------------------------------------------
| Tool Version : Vivado v.2022.2 (win64) Build 3671981 Fri Oct 14 05:00:03 MDT 2022
| Date         : Tue May 26 18:03:46 2026
| Host         : DESKTOP-RSKE6BB running 64-bit major release  (build 9200)
| Command      : report_utilization -hierarchical -hierarchical_depth 10 -file H:/CVA6-HDEC/cva6-vhdc-core/reports/vivado/hdc_only/utilization_hdec_top_ooc_hier.rpt
| Design       : hdec_top
| Device       : xc7z020clg400-2
| Speed File   : -2
| Design State : Synthesized
---------------------------------------------------------------------------------------------------------------------------------------------------------------------

Utilization Design Information

Table of Contents
-----------------
1. Utilization by Hierarchy

1. Utilization by Hierarchy
---------------------------

+----------------------+--------------------------------+------------+------------+---------+------+-------+--------+--------+------------+
|       Instance       |             Module             | Total LUTs | Logic LUTs | LUTRAMs | SRLs |  FFs  | RAMB36 | RAMB18 | DSP Blocks |
+----------------------+--------------------------------+------------+------------+---------+------+-------+--------+--------+------------+
| hdec_top             |                          (top) |      32837 |      32837 |       0 |    0 | 19861 |      0 |      0 |          0 |
|   (hdec_top)         |                          (top) |        155 |        155 |       0 |    0 |  2131 |      0 |      0 |          0 |
|   gen_lane[0].i_lane |                 hdec_lane_4x64 |        665 |        665 |       0 |    0 |   270 |      0 |      0 |          0 |
|     i_bmca           |               hdec_lane_bmca_4 |        493 |        493 |       0 |    0 |   270 |      0 |      0 |          0 |
|     i_shift_align    |        hdec_lane_shift_align_5 |        172 |        172 |       0 |    0 |     0 |      0 |      0 |          0 |
|   gen_lane[1].i_lane | hdec_lane_4x64__parameterized0 |        560 |        560 |       0 |    0 |   270 |      0 |      0 |          0 |
|     i_bmca           |               hdec_lane_bmca_2 |        488 |        488 |       0 |    0 |   270 |      0 |      0 |          0 |
|     i_shift_align    |        hdec_lane_shift_align_3 |         72 |         72 |       0 |    0 |     0 |      0 |      0 |          0 |
|   gen_lane[2].i_lane | hdec_lane_4x64__parameterized1 |        619 |        619 |       0 |    0 |   271 |      0 |      0 |          0 |
|     i_bmca           |               hdec_lane_bmca_0 |        547 |        547 |       0 |    0 |   271 |      0 |      0 |          0 |
|     i_shift_align    |        hdec_lane_shift_align_1 |         72 |         72 |       0 |    0 |     0 |      0 |      0 |          0 |
|   gen_lane[3].i_lane | hdec_lane_4x64__parameterized2 |        598 |        598 |       0 |    0 |   270 |      0 |      0 |          0 |
|     i_bmca           |                 hdec_lane_bmca |        481 |        481 |       0 |    0 |   270 |      0 |      0 |          0 |
|     i_shift_align    |          hdec_lane_shift_align |        117 |        117 |       0 |    0 |     0 |      0 |      0 |          0 |
|   i_vrf              |                hdec_vrf_64x256 |      30240 |      30240 |       0 |    0 | 16649 |      0 |      0 |          0 |
+----------------------+--------------------------------+------------+------------+---------+------+-------+--------+--------+------------+


