Copyright 1986-2022 Xilinx, Inc. All Rights Reserved. Copyright 2022-2024 Advanced Micro Devices, Inc. All Rights Reserved.
-----------------------------------------------------------------------------------------------------------------------------------------------------------------------------------------------------------
| Tool Version     : Vivado v.2024.2 (win64) Build 5239630 Fri Nov 08 22:35:27 MST 2024
| Date             : Wed Aug  5 11:29:07 2026
| Host             : WIN-20240824NZS running 64-bit major release  (build 9200)
| Command          : report_power -file E:/HDEC/cva6-vhdc-core/tmp/hdec_vv35_ecc_area_worktree/reports/hdec/vv35_dual_independent_final_20260805/power/independent/gate_independent_1632_power.rpt
| Design           : vv35_dual_accel_core_top
| Device           : xc7z020clg400-2
| Design State     : routed
| Grade            : commercial
| Process          : typical
| Characterization : Production
-----------------------------------------------------------------------------------------------------------------------------------------------------------------------------------------------------------

Power Report

Table of Contents
-----------------
1. Summary
1.1 On-Chip Components
1.2 Power Supply Summary
1.3 Confidence Level
2. Settings
2.1 Environment
2.2 Clock Constraints
3. Detailed Reports
3.1 By Hierarchy

1. Summary
----------

+--------------------------+-------------------------------------------------------------------------------------------------------------------------------------------------------------+
| Total On-Chip Power (W)  | 0.306                                                                                                                                                       |
| Design Power Budget (W)  | Unspecified*                                                                                                                                                |
| Power Budget Margin (W)  | NA                                                                                                                                                          |
| Dynamic (W)              | 0.200                                                                                                                                                       |
| Device Static (W)        | 0.106                                                                                                                                                       |
| Effective TJA (C/W)      | 11.5                                                                                                                                                        |
| Max Ambient (C)          | 81.5                                                                                                                                                        |
| Junction Temperature (C) | 28.5                                                                                                                                                        |
| Confidence Level         | High                                                                                                                                                        |
| Setting File             | ---                                                                                                                                                         |
| Simulation Activity File | E:/HDEC/cva6-vhdc-core/tmp/hdec_vv35_ecc_area_worktree/tmp/hdec_logs/vv35_dual_independent_gate_saif_20260805/independent/independent_1632_gate_active.saif |
| Design Nets Matched      | 70%   (7755/11142)                                                                                                                                          |
+--------------------------+-------------------------------------------------------------------------------------------------------------------------------------------------------------+
* Specify Design Power Budget using, set_operating_conditions -design_power_budget <value in Watts>


1.1 On-Chip Components
----------------------

+----------------+-----------+----------+-----------+-----------------+
| On-Chip        | Power (W) | Used     | Available | Utilization (%) |
+----------------+-----------+----------+-----------+-----------------+
| Clocks         |     0.023 |        3 |       --- |             --- |
| Slice Logic    |     0.049 |    10471 |       --- |             --- |
|   LUT as Logic |     0.048 |     6654 |     53200 |           12.51 |
|   Register     |    <0.001 |     2596 |    106400 |            2.44 |
|   CARRY4       |    <0.001 |       12 |     13300 |            0.09 |
|   F7/F8 Muxes  |    <0.001 |       45 |     53200 |            0.08 |
|   Others       |     0.000 |        8 |       --- |             --- |
| Signals        |     0.074 |     9175 |       --- |             --- |
| Block RAM      |     0.055 |        8 |       140 |            5.71 |
| Static Power   |     0.106 |          |           |                 |
| Total          |     0.306 |          |           |                 |
+----------------+-----------+----------+-----------+-----------------+


1.2 Power Supply Summary
------------------------

+-----------+-------------+-----------+-------------+------------+-------------+-------------+------------+
| Source    | Voltage (V) | Total (A) | Dynamic (A) | Static (A) | Powerup (A) | Budget (A)  | Margin (A) |
+-----------+-------------+-----------+-------------+------------+-------------+-------------+------------+
| Vccint    |       1.000 |     0.207 |       0.199 |      0.008 |       NA    | Unspecified | NA         |
| Vccaux    |       1.800 |     0.011 |       0.000 |      0.011 |       NA    | Unspecified | NA         |
| Vcco33    |       3.300 |     0.000 |       0.000 |      0.000 |       NA    | Unspecified | NA         |
| Vcco25    |       2.500 |     0.000 |       0.000 |      0.000 |       NA    | Unspecified | NA         |
| Vcco18    |       1.800 |     0.000 |       0.000 |      0.000 |       NA    | Unspecified | NA         |
| Vcco15    |       1.500 |     0.000 |       0.000 |      0.000 |       NA    | Unspecified | NA         |
| Vcco135   |       1.350 |     0.000 |       0.000 |      0.000 |       NA    | Unspecified | NA         |
| Vcco12    |       1.200 |     0.000 |       0.000 |      0.000 |       NA    | Unspecified | NA         |
| Vccaux_io |       1.800 |     0.000 |       0.000 |      0.000 |       NA    | Unspecified | NA         |
| Vccbram   |       1.000 |     0.002 |       0.001 |      0.001 |       NA    | Unspecified | NA         |
| MGTAVcc   |       1.000 |     0.000 |       0.000 |      0.000 |       NA    | Unspecified | NA         |
| MGTAVtt   |       1.200 |     0.000 |       0.000 |      0.000 |       NA    | Unspecified | NA         |
| MGTVccaux |       1.800 |     0.000 |       0.000 |      0.000 |       NA    | Unspecified | NA         |
| Vccpint   |       1.000 |     0.018 |       0.000 |      0.018 |       NA    | Unspecified | NA         |
| Vccpaux   |       1.800 |     0.010 |       0.000 |      0.010 |       NA    | Unspecified | NA         |
| Vccpll    |       1.800 |     0.003 |       0.000 |      0.003 |       NA    | Unspecified | NA         |
| Vcco_ddr  |       1.500 |     0.000 |       0.000 |      0.000 |       NA    | Unspecified | NA         |
| Vcco_mio0 |       1.800 |     0.000 |       0.000 |      0.000 |       NA    | Unspecified | NA         |
| Vcco_mio1 |       1.800 |     0.000 |       0.000 |      0.000 |       NA    | Unspecified | NA         |
| Vccadc    |       1.800 |     0.020 |       0.000 |      0.020 |       NA    | Unspecified | NA         |
+-----------+-------------+-----------+-------------+------------+-------------+-------------+------------+


1.3 Confidence Level
--------------------

+-----------------------------+------------+------------------------------------------------+--------+
| User Input Data             | Confidence | Details                                        | Action |
+-----------------------------+------------+------------------------------------------------+--------+
| Design implementation state | High       | Design is routed                               |        |
| Clock nodes activity        | High       | User specified more than 95% of clocks         |        |
| I/O nodes activity          | High       | User specified more than 95% of inputs         |        |
| Internal nodes activity     | High       | User specified more than 25% of internal nodes |        |
| Device models               | High       | Device models are Production                   |        |
|                             |            |                                                |        |
| Overall confidence level    | High       |                                                |        |
+-----------------------------+------------+------------------------------------------------+--------+


2. Settings
-----------

2.1 Environment
---------------

+-----------------------+------------------------+
| Ambient Temp (C)      | 25.0                   |
| ThetaJA (C/W)         | 11.5                   |
| Airflow (LFM)         | 250                    |
| Heat Sink             | none                   |
| ThetaSA (C/W)         | 0.0                    |
| Board Selection       | medium (10"x10")       |
| # of Board Layers     | 8to11 (8 to 11 Layers) |
| Board Temperature (C) | 25.0                   |
+-----------------------+------------------------+


2.2 Clock Constraints
---------------------

+-------+--------+-----------------+
| Clock | Domain | Constraint (ns) |
+-------+--------+-----------------+
| clk_i | clk_i  |             5.0 |
+-------+--------+-----------------+


3. Detailed Reports
-------------------

3.1 By Hierarchy
----------------

+--------------------------+-----------+
| Name                     | Power (W) |
+--------------------------+-----------+
| vv35_dual_accel_core_top |     0.200 |
|   u_ecc                  |     0.125 |
|     u_core               |     0.125 |
|       i_vec              |     0.031 |
|       i_vrf              |     0.036 |
|   u_hdc                  |     0.074 |
|     u_core               |     0.074 |
|       i_vec              |     0.019 |
|       i_vrf              |     0.040 |
+--------------------------+-----------+


