#-----------------------------------------------------------
# xsim v2024.2 (64-bit)
# SW Build 5239630 on Fri Nov 08 22:35:27 MST 2024
# IP Build 5239520 on Sun Nov 10 16:12:51 MST 2024
# SharedData Build 5239561 on Fri Nov 08 14:39:27 MST 2024
# Start of session at: Wed Jun 17 22:56:47 2026
# Process ID         : 58128
# Current directory  : E:/HDEC/cva6-vhdc-core/tmp/hdec_v15_pointmul_worktree/reports/hdec/v45_bram_vrf_2cycle_overlap_wedecode_2026_06_17/xsim_hdc_full_flow_v20/xsim_hdc_full_flow_v20
# Command line       : xsim.exe -mode tcl -source {xsim.dir/tb_hdec_hdc_full_flow_v20/xsim_script.tcl}
# Log file           : E:/HDEC/cva6-vhdc-core/tmp/hdec_v15_pointmul_worktree/reports/hdec/v45_bram_vrf_2cycle_overlap_wedecode_2026_06_17/xsim_hdc_full_flow_v20/xsim_hdc_full_flow_v20/xsim.log
# Journal file       : E:/HDEC/cva6-vhdc-core/tmp/hdec_v15_pointmul_worktree/reports/hdec/v45_bram_vrf_2cycle_overlap_wedecode_2026_06_17/xsim_hdc_full_flow_v20/xsim_hdc_full_flow_v20\xsim.jou
# Running On         : WIN-20240824NZS
# Platform           : Windows Server 2016 or Windows 10
# Operating System   : 26100
# Processor Detail   : 12th Gen Intel(R) Core(TM) i5-12600KF
# CPU Frequency      : 3686 MHz
# CPU Physical cores : 10
# CPU Logical cores  : 16
# Host memory        : 34125 MB
# Swap memory        : 11092 MB
# Total Virtual      : 45218 MB
# Available Virtual  : 26833 MB
#-----------------------------------------------------------
source xsim.dir/tb_hdec_hdc_full_flow_v20/xsim_script.tcl
# xsim {tb_hdec_hdc_full_flow_v20} -autoloadwcfg -tclbatch {E:/HDEC/cva6-vhdc-core/tmp/hdec_v15_pointmul_worktree/reports/hdec/v45_bram_vrf_2cycle_overlap_wedecode_2026_06_17/xsim_hdc_full_flow_v20/xsim_hdc_full_flow_v20/run_all.tcl}
Time resolution is 1 ps
source E:/HDEC/cva6-vhdc-core/tmp/hdec_v15_pointmul_worktree/reports/hdec/v45_bram_vrf_2cycle_overlap_wedecode_2026_06_17/xsim_hdc_full_flow_v20/xsim_hdc_full_flow_v20/run_all.tcl
## run all
[HDEC_HDC_FULL_FLOW_V20] PASS
$finish called at time : 8628500 ps : File "E:/HDEC/cva6-vhdc-core/tmp/hdec_v15_pointmul_worktree/verif/hdec/tb_hdec_hdc_full_flow_v20.sv" Line 331
## quit
INFO: [Common 17-206] Exiting xsim at Wed Jun 17 22:56:49 2026...
