Copyright 1986-2022 Xilinx, Inc. All Rights Reserved. Copyright 2022-2024 Advanced Micro Devices, Inc. All Rights Reserved.
---------------------------------------------------------------------------------------------------------------------------------------------------------------------------------------------------------------------------------------------------------------------------------------------------------------------------------------------------------------
| Tool Version : Vivado v.2024.2 (win64) Build 5239630 Fri Nov 08 22:35:27 MST 2024
| Date         : Sat Jun  6 17:22:35 2026
| Host         : WIN-20240824NZS running 64-bit major release  (build 9200)
| Command      : report_timing -delay_type max -sort_by slack -max_paths 50 -nworst 1 -from [get_pins -quiet -of_objects {i_vrf/lane_result_q[3][62]_i_6/I4} -filter {DIRECTION == OUT}] -to {i_vrf/lane_result_q[3][62]_i_6/I4} -file E:/HDEC/cva6-vhdc-core/reports/vivado/ooc_hdec_timing_atlas_e0925738/200mhz/fixed_paths/fixed_08_hmatch_to_response.rpt
| Design       : hdec_top
| Device       : 7z020-clg400
| Speed File   : -2  PRODUCTION 1.12 2019-11-22
| Design State : Synthesized
---------------------------------------------------------------------------------------------------------------------------------------------------------------------------------------------------------------------------------------------------------------------------------------------------------------------------------------------------------------

Timing Report

Slack (MET) :             3.535ns  (required time - arrival time)
  Source:                 hmatch_best_dist_q_reg[10]/C
                            (rising edge-triggered cell FDCE clocked by clk_i  {rise@0.000ns fall@2.500ns period=5.000ns})
  Destination:            scalar_response_q_reg[10]/D
                            (rising edge-triggered cell FDCE clocked by clk_i  {rise@0.000ns fall@2.500ns period=5.000ns})
  Path Group:             clk_i
  Path Type:              Setup (Max at Slow Process Corner)
  Requirement:            5.000ns  (clk_i rise@5.000ns - clk_i rise@0.000ns)
  Data Path Delay:        1.462ns  (logic 0.665ns (45.486%)  route 0.797ns (54.514%))
  Logic Levels:           1  (LUT6=1)
  Clock Path Skew:        -0.039ns (DCD - SCD + CPR)
    Destination Clock Delay (DCD):    0.748ns = ( 5.748 - 5.000 ) 
    Source Clock Delay      (SCD):    0.787ns
    Clock Pessimism Removal (CPR):    0.000ns
  Clock Uncertainty:      0.035ns  ((TSJ^2 + TIJ^2)^1/2 + DJ) / 2 + PE
    Total System Jitter     (TSJ):    0.071ns
    Total Input Jitter      (TIJ):    0.000ns
    Discrete Jitter          (DJ):    0.000ns
    Phase Error              (PE):    0.000ns

    Location             Delay type                Incr(ns)  Path(ns)    Netlist Resource(s)
  -------------------------------------------------------------------    -------------------
                         (clock clk_i rise edge)      0.000     0.000 r  
                                                      0.000     0.000 r  clk_i (IN)
                         net (fo=2875, unset)         0.787     0.787    clk_i
                         FDCE                                         r  hmatch_best_dist_q_reg[10]/C
  -------------------------------------------------------------------    -------------------
                         FDCE (Prop_fdce_C_Q)         0.433     1.220 r  hmatch_best_dist_q_reg[10]/Q
                         net (fo=3, unplaced)         0.797     2.017    hmatch_best_dist_q[10]
                         LUT6 (Prop_lut6_I0_O)        0.232     2.249 r  scalar_response_q[10]_i_1/O
                         net (fo=1, unplaced)         0.000     2.249    scalar_response_n0_in[10]
                         FDCE                                         r  scalar_response_q_reg[10]/D
  -------------------------------------------------------------------    -------------------

                         (clock clk_i rise edge)      5.000     5.000 r  
                                                      0.000     5.000 r  clk_i (IN)
                         net (fo=2875, unset)         0.748     5.748    clk_i
                         FDCE                                         r  scalar_response_q_reg[10]/C
                         clock pessimism              0.000     5.748    
                         clock uncertainty           -0.035     5.712    
                         FDCE (Setup_fdce_C_D)        0.072     5.784    scalar_response_q_reg[10]
  -------------------------------------------------------------------
                         required time                          5.784    
                         arrival time                          -2.249    
  -------------------------------------------------------------------
                         slack                                  3.535    

Slack (MET) :             3.535ns  (required time - arrival time)
  Source:                 hmatch_best_dist_q_reg[6]/C
                            (rising edge-triggered cell FDCE clocked by clk_i  {rise@0.000ns fall@2.500ns period=5.000ns})
  Destination:            scalar_response_q_reg[6]/D
                            (rising edge-triggered cell FDCE clocked by clk_i  {rise@0.000ns fall@2.500ns period=5.000ns})
  Path Group:             clk_i
  Path Type:              Setup (Max at Slow Process Corner)
  Requirement:            5.000ns  (clk_i rise@5.000ns - clk_i rise@0.000ns)
  Data Path Delay:        1.462ns  (logic 0.665ns (45.486%)  route 0.797ns (54.514%))
  Logic Levels:           1  (LUT6=1)
  Clock Path Skew:        -0.039ns (DCD - SCD + CPR)
    Destination Clock Delay (DCD):    0.748ns = ( 5.748 - 5.000 ) 
    Source Clock Delay      (SCD):    0.787ns
    Clock Pessimism Removal (CPR):    0.000ns
  Clock Uncertainty:      0.035ns  ((TSJ^2 + TIJ^2)^1/2 + DJ) / 2 + PE
    Total System Jitter     (TSJ):    0.071ns
    Total Input Jitter      (TIJ):    0.000ns
    Discrete Jitter          (DJ):    0.000ns
    Phase Error              (PE):    0.000ns

    Location             Delay type                Incr(ns)  Path(ns)    Netlist Resource(s)
  -------------------------------------------------------------------    -------------------
                         (clock clk_i rise edge)      0.000     0.000 r  
                                                      0.000     0.000 r  clk_i (IN)
                         net (fo=2875, unset)         0.787     0.787    clk_i
                         FDCE                                         r  hmatch_best_dist_q_reg[6]/C
  -------------------------------------------------------------------    -------------------
                         FDCE (Prop_fdce_C_Q)         0.433     1.220 r  hmatch_best_dist_q_reg[6]/Q
                         net (fo=3, unplaced)         0.797     2.017    hmatch_best_dist_q[6]
                         LUT6 (Prop_lut6_I0_O)        0.232     2.249 r  scalar_response_q[6]_i_1/O
                         net (fo=1, unplaced)         0.000     2.249    scalar_response_n0_in[6]
                         FDCE                                         r  scalar_response_q_reg[6]/D
  -------------------------------------------------------------------    -------------------

                         (clock clk_i rise edge)      5.000     5.000 r  
                                                      0.000     5.000 r  clk_i (IN)
                         net (fo=2875, unset)         0.748     5.748    clk_i
                         FDCE                                         r  scalar_response_q_reg[6]/C
                         clock pessimism              0.000     5.748    
                         clock uncertainty           -0.035     5.712    
                         FDCE (Setup_fdce_C_D)        0.072     5.784    scalar_response_q_reg[6]
  -------------------------------------------------------------------
                         required time                          5.784    
                         arrival time                          -2.249    
  -------------------------------------------------------------------
                         slack                                  3.535    

Slack (MET) :             3.535ns  (required time - arrival time)
  Source:                 hmatch_best_dist_q_reg[7]/C
                            (rising edge-triggered cell FDCE clocked by clk_i  {rise@0.000ns fall@2.500ns period=5.000ns})
  Destination:            scalar_response_q_reg[7]/D
                            (rising edge-triggered cell FDCE clocked by clk_i  {rise@0.000ns fall@2.500ns period=5.000ns})
  Path Group:             clk_i
  Path Type:              Setup (Max at Slow Process Corner)
  Requirement:            5.000ns  (clk_i rise@5.000ns - clk_i rise@0.000ns)
  Data Path Delay:        1.462ns  (logic 0.665ns (45.486%)  route 0.797ns (54.514%))
  Logic Levels:           1  (LUT6=1)
  Clock Path Skew:        -0.039ns (DCD - SCD + CPR)
    Destination Clock Delay (DCD):    0.748ns = ( 5.748 - 5.000 ) 
    Source Clock Delay      (SCD):    0.787ns
    Clock Pessimism Removal (CPR):    0.000ns
  Clock Uncertainty:      0.035ns  ((TSJ^2 + TIJ^2)^1/2 + DJ) / 2 + PE
    Total System Jitter     (TSJ):    0.071ns
    Total Input Jitter      (TIJ):    0.000ns
    Discrete Jitter          (DJ):    0.000ns
    Phase Error              (PE):    0.000ns

    Location             Delay type                Incr(ns)  Path(ns)    Netlist Resource(s)
  -------------------------------------------------------------------    -------------------
                         (clock clk_i rise edge)      0.000     0.000 r  
                                                      0.000     0.000 r  clk_i (IN)
                         net (fo=2875, unset)         0.787     0.787    clk_i
                         FDCE                                         r  hmatch_best_dist_q_reg[7]/C
  -------------------------------------------------------------------    -------------------
                         FDCE (Prop_fdce_C_Q)         0.433     1.220 r  hmatch_best_dist_q_reg[7]/Q
                         net (fo=3, unplaced)         0.797     2.017    hmatch_best_dist_q[7]
                         LUT6 (Prop_lut6_I0_O)        0.232     2.249 r  scalar_response_q[7]_i_1/O
                         net (fo=1, unplaced)         0.000     2.249    scalar_response_n0_in[7]
                         FDCE                                         r  scalar_response_q_reg[7]/D
  -------------------------------------------------------------------    -------------------

                         (clock clk_i rise edge)      5.000     5.000 r  
                                                      0.000     5.000 r  clk_i (IN)
                         net (fo=2875, unset)         0.748     5.748    clk_i
                         FDCE                                         r  scalar_response_q_reg[7]/C
                         clock pessimism              0.000     5.748    
                         clock uncertainty           -0.035     5.712    
                         FDCE (Setup_fdce_C_D)        0.072     5.784    scalar_response_q_reg[7]
  -------------------------------------------------------------------
                         required time                          5.784    
                         arrival time                          -2.249    
  -------------------------------------------------------------------
                         slack                                  3.535    

Slack (MET) :             3.535ns  (required time - arrival time)
  Source:                 hmatch_best_dist_q_reg[8]/C
                            (rising edge-triggered cell FDCE clocked by clk_i  {rise@0.000ns fall@2.500ns period=5.000ns})
  Destination:            scalar_response_q_reg[8]/D
                            (rising edge-triggered cell FDCE clocked by clk_i  {rise@0.000ns fall@2.500ns period=5.000ns})
  Path Group:             clk_i
  Path Type:              Setup (Max at Slow Process Corner)
  Requirement:            5.000ns  (clk_i rise@5.000ns - clk_i rise@0.000ns)
  Data Path Delay:        1.462ns  (logic 0.665ns (45.486%)  route 0.797ns (54.514%))
  Logic Levels:           1  (LUT6=1)
  Clock Path Skew:        -0.039ns (DCD - SCD + CPR)
    Destination Clock Delay (DCD):    0.748ns = ( 5.748 - 5.000 ) 
    Source Clock Delay      (SCD):    0.787ns
    Clock Pessimism Removal (CPR):    0.000ns
  Clock Uncertainty:      0.035ns  ((TSJ^2 + TIJ^2)^1/2 + DJ) / 2 + PE
    Total System Jitter     (TSJ):    0.071ns
    Total Input Jitter      (TIJ):    0.000ns
    Discrete Jitter          (DJ):    0.000ns
    Phase Error              (PE):    0.000ns

    Location             Delay type                Incr(ns)  Path(ns)    Netlist Resource(s)
  -------------------------------------------------------------------    -------------------
                         (clock clk_i rise edge)      0.000     0.000 r  
                                                      0.000     0.000 r  clk_i (IN)
                         net (fo=2875, unset)         0.787     0.787    clk_i
                         FDCE                                         r  hmatch_best_dist_q_reg[8]/C
  -------------------------------------------------------------------    -------------------
                         FDCE (Prop_fdce_C_Q)         0.433     1.220 r  hmatch_best_dist_q_reg[8]/Q
                         net (fo=3, unplaced)         0.797     2.017    hmatch_best_dist_q[8]
                         LUT6 (Prop_lut6_I0_O)        0.232     2.249 r  scalar_response_q[8]_i_1/O
                         net (fo=1, unplaced)         0.000     2.249    scalar_response_n0_in[8]
                         FDCE                                         r  scalar_response_q_reg[8]/D
  -------------------------------------------------------------------    -------------------

                         (clock clk_i rise edge)      5.000     5.000 r  
                                                      0.000     5.000 r  clk_i (IN)
                         net (fo=2875, unset)         0.748     5.748    clk_i
                         FDCE                                         r  scalar_response_q_reg[8]/C
                         clock pessimism              0.000     5.748    
                         clock uncertainty           -0.035     5.712    
                         FDCE (Setup_fdce_C_D)        0.072     5.784    scalar_response_q_reg[8]
  -------------------------------------------------------------------
                         required time                          5.784    
                         arrival time                          -2.249    
  -------------------------------------------------------------------
                         slack                                  3.535    

Slack (MET) :             3.535ns  (required time - arrival time)
  Source:                 hmatch_best_dist_q_reg[9]/C
                            (rising edge-triggered cell FDCE clocked by clk_i  {rise@0.000ns fall@2.500ns period=5.000ns})
  Destination:            scalar_response_q_reg[9]/D
                            (rising edge-triggered cell FDCE clocked by clk_i  {rise@0.000ns fall@2.500ns period=5.000ns})
  Path Group:             clk_i
  Path Type:              Setup (Max at Slow Process Corner)
  Requirement:            5.000ns  (clk_i rise@5.000ns - clk_i rise@0.000ns)
  Data Path Delay:        1.462ns  (logic 0.665ns (45.486%)  route 0.797ns (54.514%))
  Logic Levels:           1  (LUT6=1)
  Clock Path Skew:        -0.039ns (DCD - SCD + CPR)
    Destination Clock Delay (DCD):    0.748ns = ( 5.748 - 5.000 ) 
    Source Clock Delay      (SCD):    0.787ns
    Clock Pessimism Removal (CPR):    0.000ns
  Clock Uncertainty:      0.035ns  ((TSJ^2 + TIJ^2)^1/2 + DJ) / 2 + PE
    Total System Jitter     (TSJ):    0.071ns
    Total Input Jitter      (TIJ):    0.000ns
    Discrete Jitter          (DJ):    0.000ns
    Phase Error              (PE):    0.000ns

    Location             Delay type                Incr(ns)  Path(ns)    Netlist Resource(s)
  -------------------------------------------------------------------    -------------------
                         (clock clk_i rise edge)      0.000     0.000 r  
                                                      0.000     0.000 r  clk_i (IN)
                         net (fo=2875, unset)         0.787     0.787    clk_i
                         FDCE                                         r  hmatch_best_dist_q_reg[9]/C
  -------------------------------------------------------------------    -------------------
                         FDCE (Prop_fdce_C_Q)         0.433     1.220 r  hmatch_best_dist_q_reg[9]/Q
                         net (fo=3, unplaced)         0.797     2.017    hmatch_best_dist_q[9]
                         LUT6 (Prop_lut6_I0_O)        0.232     2.249 r  scalar_response_q[9]_i_1/O
                         net (fo=1, unplaced)         0.000     2.249    scalar_response_n0_in[9]
                         FDCE                                         r  scalar_response_q_reg[9]/D
  -------------------------------------------------------------------    -------------------

                         (clock clk_i rise edge)      5.000     5.000 r  
                                                      0.000     5.000 r  clk_i (IN)
                         net (fo=2875, unset)         0.748     5.748    clk_i
                         FDCE                                         r  scalar_response_q_reg[9]/C
                         clock pessimism              0.000     5.748    
                         clock uncertainty           -0.035     5.712    
                         FDCE (Setup_fdce_C_D)        0.072     5.784    scalar_response_q_reg[9]
  -------------------------------------------------------------------
                         required time                          5.784    
                         arrival time                          -2.249    
  -------------------------------------------------------------------
                         slack                                  3.535    

Slack (MET) :             3.657ns  (required time - arrival time)
  Source:                 hmatch_best_dist_q_reg[0]/C
                            (rising edge-triggered cell FDCE clocked by clk_i  {rise@0.000ns fall@2.500ns period=5.000ns})
  Destination:            scalar_response_q_reg[0]/D
                            (rising edge-triggered cell FDCE clocked by clk_i  {rise@0.000ns fall@2.500ns period=5.000ns})
  Path Group:             clk_i
  Path Type:              Setup (Max at Slow Process Corner)
  Requirement:            5.000ns  (clk_i rise@5.000ns - clk_i rise@0.000ns)
  Data Path Delay:        1.340ns  (logic 0.665ns (49.627%)  route 0.675ns (50.373%))
  Logic Levels:           1  (LUT6=1)
  Clock Path Skew:        -0.039ns (DCD - SCD + CPR)
    Destination Clock Delay (DCD):    0.748ns = ( 5.748 - 5.000 ) 
    Source Clock Delay      (SCD):    0.787ns
    Clock Pessimism Removal (CPR):    0.000ns
  Clock Uncertainty:      0.035ns  ((TSJ^2 + TIJ^2)^1/2 + DJ) / 2 + PE
    Total System Jitter     (TSJ):    0.071ns
    Total Input Jitter      (TIJ):    0.000ns
    Discrete Jitter          (DJ):    0.000ns
    Phase Error              (PE):    0.000ns

    Location             Delay type                Incr(ns)  Path(ns)    Netlist Resource(s)
  -------------------------------------------------------------------    -------------------
                         (clock clk_i rise edge)      0.000     0.000 r  
                                                      0.000     0.000 r  clk_i (IN)
                         net (fo=2875, unset)         0.787     0.787    clk_i
                         FDCE                                         r  hmatch_best_dist_q_reg[0]/C
  -------------------------------------------------------------------    -------------------
                         FDCE (Prop_fdce_C_Q)         0.433     1.220 r  hmatch_best_dist_q_reg[0]/Q
                         net (fo=3, unplaced)         0.675     1.895    hmatch_best_dist_q[0]
                         LUT6 (Prop_lut6_I1_O)        0.232     2.127 r  scalar_response_q[0]_i_1/O
                         net (fo=1, unplaced)         0.000     2.127    scalar_response_n0_in[0]
                         FDCE                                         r  scalar_response_q_reg[0]/D
  -------------------------------------------------------------------    -------------------

                         (clock clk_i rise edge)      5.000     5.000 r  
                                                      0.000     5.000 r  clk_i (IN)
                         net (fo=2875, unset)         0.748     5.748    clk_i
                         FDCE                                         r  scalar_response_q_reg[0]/C
                         clock pessimism              0.000     5.748    
                         clock uncertainty           -0.035     5.712    
                         FDCE (Setup_fdce_C_D)        0.072     5.784    scalar_response_q_reg[0]
  -------------------------------------------------------------------
                         required time                          5.784    
                         arrival time                          -2.127    
  -------------------------------------------------------------------
                         slack                                  3.657    

Slack (MET) :             3.657ns  (required time - arrival time)
  Source:                 hmatch_best_dist_q_reg[1]/C
                            (rising edge-triggered cell FDCE clocked by clk_i  {rise@0.000ns fall@2.500ns period=5.000ns})
  Destination:            scalar_response_q_reg[1]/D
                            (rising edge-triggered cell FDCE clocked by clk_i  {rise@0.000ns fall@2.500ns period=5.000ns})
  Path Group:             clk_i
  Path Type:              Setup (Max at Slow Process Corner)
  Requirement:            5.000ns  (clk_i rise@5.000ns - clk_i rise@0.000ns)
  Data Path Delay:        1.340ns  (logic 0.665ns (49.627%)  route 0.675ns (50.373%))
  Logic Levels:           1  (LUT6=1)
  Clock Path Skew:        -0.039ns (DCD - SCD + CPR)
    Destination Clock Delay (DCD):    0.748ns = ( 5.748 - 5.000 ) 
    Source Clock Delay      (SCD):    0.787ns
    Clock Pessimism Removal (CPR):    0.000ns
  Clock Uncertainty:      0.035ns  ((TSJ^2 + TIJ^2)^1/2 + DJ) / 2 + PE
    Total System Jitter     (TSJ):    0.071ns
    Total Input Jitter      (TIJ):    0.000ns
    Discrete Jitter          (DJ):    0.000ns
    Phase Error              (PE):    0.000ns

    Location             Delay type                Incr(ns)  Path(ns)    Netlist Resource(s)
  -------------------------------------------------------------------    -------------------
                         (clock clk_i rise edge)      0.000     0.000 r  
                                                      0.000     0.000 r  clk_i (IN)
                         net (fo=2875, unset)         0.787     0.787    clk_i
                         FDCE                                         r  hmatch_best_dist_q_reg[1]/C
  -------------------------------------------------------------------    -------------------
                         FDCE (Prop_fdce_C_Q)         0.433     1.220 r  hmatch_best_dist_q_reg[1]/Q
                         net (fo=3, unplaced)         0.675     1.895    hmatch_best_dist_q[1]
                         LUT6 (Prop_lut6_I1_O)        0.232     2.127 r  scalar_response_q[1]_i_1/O
                         net (fo=1, unplaced)         0.000     2.127    scalar_response_n0_in[1]
                         FDCE                                         r  scalar_response_q_reg[1]/D
  -------------------------------------------------------------------    -------------------

                         (clock clk_i rise edge)      5.000     5.000 r  
                                                      0.000     5.000 r  clk_i (IN)
                         net (fo=2875, unset)         0.748     5.748    clk_i
                         FDCE                                         r  scalar_response_q_reg[1]/C
                         clock pessimism              0.000     5.748    
                         clock uncertainty           -0.035     5.712    
                         FDCE (Setup_fdce_C_D)        0.072     5.784    scalar_response_q_reg[1]
  -------------------------------------------------------------------
                         required time                          5.784    
                         arrival time                          -2.127    
  -------------------------------------------------------------------
                         slack                                  3.657    

Slack (MET) :             3.657ns  (required time - arrival time)
  Source:                 hmatch_best_dist_q_reg[2]/C
                            (rising edge-triggered cell FDCE clocked by clk_i  {rise@0.000ns fall@2.500ns period=5.000ns})
  Destination:            scalar_response_q_reg[2]/D
                            (rising edge-triggered cell FDCE clocked by clk_i  {rise@0.000ns fall@2.500ns period=5.000ns})
  Path Group:             clk_i
  Path Type:              Setup (Max at Slow Process Corner)
  Requirement:            5.000ns  (clk_i rise@5.000ns - clk_i rise@0.000ns)
  Data Path Delay:        1.340ns  (logic 0.665ns (49.627%)  route 0.675ns (50.373%))
  Logic Levels:           1  (LUT6=1)
  Clock Path Skew:        -0.039ns (DCD - SCD + CPR)
    Destination Clock Delay (DCD):    0.748ns = ( 5.748 - 5.000 ) 
    Source Clock Delay      (SCD):    0.787ns
    Clock Pessimism Removal (CPR):    0.000ns
  Clock Uncertainty:      0.035ns  ((TSJ^2 + TIJ^2)^1/2 + DJ) / 2 + PE
    Total System Jitter     (TSJ):    0.071ns
    Total Input Jitter      (TIJ):    0.000ns
    Discrete Jitter          (DJ):    0.000ns
    Phase Error              (PE):    0.000ns

    Location             Delay type                Incr(ns)  Path(ns)    Netlist Resource(s)
  -------------------------------------------------------------------    -------------------
                         (clock clk_i rise edge)      0.000     0.000 r  
                                                      0.000     0.000 r  clk_i (IN)
                         net (fo=2875, unset)         0.787     0.787    clk_i
                         FDCE                                         r  hmatch_best_dist_q_reg[2]/C
  -------------------------------------------------------------------    -------------------
                         FDCE (Prop_fdce_C_Q)         0.433     1.220 r  hmatch_best_dist_q_reg[2]/Q
                         net (fo=3, unplaced)         0.675     1.895    hmatch_best_dist_q[2]
                         LUT6 (Prop_lut6_I1_O)        0.232     2.127 r  scalar_response_q[2]_i_1/O
                         net (fo=1, unplaced)         0.000     2.127    scalar_response_n0_in[2]
                         FDCE                                         r  scalar_response_q_reg[2]/D
  -------------------------------------------------------------------    -------------------

                         (clock clk_i rise edge)      5.000     5.000 r  
                                                      0.000     5.000 r  clk_i (IN)
                         net (fo=2875, unset)         0.748     5.748    clk_i
                         FDCE                                         r  scalar_response_q_reg[2]/C
                         clock pessimism              0.000     5.748    
                         clock uncertainty           -0.035     5.712    
                         FDCE (Setup_fdce_C_D)        0.072     5.784    scalar_response_q_reg[2]
  -------------------------------------------------------------------
                         required time                          5.784    
                         arrival time                          -2.127    
  -------------------------------------------------------------------
                         slack                                  3.657    

Slack (MET) :             3.657ns  (required time - arrival time)
  Source:                 hmatch_best_dist_q_reg[3]/C
                            (rising edge-triggered cell FDCE clocked by clk_i  {rise@0.000ns fall@2.500ns period=5.000ns})
  Destination:            scalar_response_q_reg[3]/D
                            (rising edge-triggered cell FDCE clocked by clk_i  {rise@0.000ns fall@2.500ns period=5.000ns})
  Path Group:             clk_i
  Path Type:              Setup (Max at Slow Process Corner)
  Requirement:            5.000ns  (clk_i rise@5.000ns - clk_i rise@0.000ns)
  Data Path Delay:        1.340ns  (logic 0.665ns (49.627%)  route 0.675ns (50.373%))
  Logic Levels:           1  (LUT6=1)
  Clock Path Skew:        -0.039ns (DCD - SCD + CPR)
    Destination Clock Delay (DCD):    0.748ns = ( 5.748 - 5.000 ) 
    Source Clock Delay      (SCD):    0.787ns
    Clock Pessimism Removal (CPR):    0.000ns
  Clock Uncertainty:      0.035ns  ((TSJ^2 + TIJ^2)^1/2 + DJ) / 2 + PE
    Total System Jitter     (TSJ):    0.071ns
    Total Input Jitter      (TIJ):    0.000ns
    Discrete Jitter          (DJ):    0.000ns
    Phase Error              (PE):    0.000ns

    Location             Delay type                Incr(ns)  Path(ns)    Netlist Resource(s)
  -------------------------------------------------------------------    -------------------
                         (clock clk_i rise edge)      0.000     0.000 r  
                                                      0.000     0.000 r  clk_i (IN)
                         net (fo=2875, unset)         0.787     0.787    clk_i
                         FDCE                                         r  hmatch_best_dist_q_reg[3]/C
  -------------------------------------------------------------------    -------------------
                         FDCE (Prop_fdce_C_Q)         0.433     1.220 r  hmatch_best_dist_q_reg[3]/Q
                         net (fo=3, unplaced)         0.675     1.895    hmatch_best_dist_q[3]
                         LUT6 (Prop_lut6_I1_O)        0.232     2.127 r  scalar_response_q[3]_i_1/O
                         net (fo=1, unplaced)         0.000     2.127    scalar_response_n0_in[3]
                         FDCE                                         r  scalar_response_q_reg[3]/D
  -------------------------------------------------------------------    -------------------

                         (clock clk_i rise edge)      5.000     5.000 r  
                                                      0.000     5.000 r  clk_i (IN)
                         net (fo=2875, unset)         0.748     5.748    clk_i
                         FDCE                                         r  scalar_response_q_reg[3]/C
                         clock pessimism              0.000     5.748    
                         clock uncertainty           -0.035     5.712    
                         FDCE (Setup_fdce_C_D)        0.072     5.784    scalar_response_q_reg[3]
  -------------------------------------------------------------------
                         required time                          5.784    
                         arrival time                          -2.127    
  -------------------------------------------------------------------
                         slack                                  3.657    

Slack (MET) :             3.657ns  (required time - arrival time)
  Source:                 hmatch_best_dist_q_reg[4]/C
                            (rising edge-triggered cell FDCE clocked by clk_i  {rise@0.000ns fall@2.500ns period=5.000ns})
  Destination:            scalar_response_q_reg[4]/D
                            (rising edge-triggered cell FDCE clocked by clk_i  {rise@0.000ns fall@2.500ns period=5.000ns})
  Path Group:             clk_i
  Path Type:              Setup (Max at Slow Process Corner)
  Requirement:            5.000ns  (clk_i rise@5.000ns - clk_i rise@0.000ns)
  Data Path Delay:        1.340ns  (logic 0.665ns (49.627%)  route 0.675ns (50.373%))
  Logic Levels:           1  (LUT6=1)
  Clock Path Skew:        -0.039ns (DCD - SCD + CPR)
    Destination Clock Delay (DCD):    0.748ns = ( 5.748 - 5.000 ) 
    Source Clock Delay      (SCD):    0.787ns
    Clock Pessimism Removal (CPR):    0.000ns
  Clock Uncertainty:      0.035ns  ((TSJ^2 + TIJ^2)^1/2 + DJ) / 2 + PE
    Total System Jitter     (TSJ):    0.071ns
    Total Input Jitter      (TIJ):    0.000ns
    Discrete Jitter          (DJ):    0.000ns
    Phase Error              (PE):    0.000ns

    Location             Delay type                Incr(ns)  Path(ns)    Netlist Resource(s)
  -------------------------------------------------------------------    -------------------
                         (clock clk_i rise edge)      0.000     0.000 r  
                                                      0.000     0.000 r  clk_i (IN)
                         net (fo=2875, unset)         0.787     0.787    clk_i
                         FDCE                                         r  hmatch_best_dist_q_reg[4]/C
  -------------------------------------------------------------------    -------------------
                         FDCE (Prop_fdce_C_Q)         0.433     1.220 r  hmatch_best_dist_q_reg[4]/Q
                         net (fo=3, unplaced)         0.675     1.895    hmatch_best_dist_q[4]
                         LUT6 (Prop_lut6_I1_O)        0.232     2.127 r  scalar_response_q[4]_i_1/O
                         net (fo=1, unplaced)         0.000     2.127    scalar_response_n0_in[4]
                         FDCE                                         r  scalar_response_q_reg[4]/D
  -------------------------------------------------------------------    -------------------

                         (clock clk_i rise edge)      5.000     5.000 r  
                                                      0.000     5.000 r  clk_i (IN)
                         net (fo=2875, unset)         0.748     5.748    clk_i
                         FDCE                                         r  scalar_response_q_reg[4]/C
                         clock pessimism              0.000     5.748    
                         clock uncertainty           -0.035     5.712    
                         FDCE (Setup_fdce_C_D)        0.072     5.784    scalar_response_q_reg[4]
  -------------------------------------------------------------------
                         required time                          5.784    
                         arrival time                          -2.127    
  -------------------------------------------------------------------
                         slack                                  3.657    

Slack (MET) :             4.074ns  (required time - arrival time)
  Source:                 hmatch_best_dist_q_reg[5]/C
                            (rising edge-triggered cell FDCE clocked by clk_i  {rise@0.000ns fall@2.500ns period=5.000ns})
  Destination:            scalar_response_q_reg[5]/D
                            (rising edge-triggered cell FDCE clocked by clk_i  {rise@0.000ns fall@2.500ns period=5.000ns})
  Path Group:             clk_i
  Path Type:              Setup (Max at Slow Process Corner)
  Requirement:            5.000ns  (clk_i rise@5.000ns - clk_i rise@0.000ns)
  Data Path Delay:        0.923ns  (logic 0.665ns (72.048%)  route 0.258ns (27.952%))
  Logic Levels:           1  (LUT6=1)
  Clock Path Skew:        -0.039ns (DCD - SCD + CPR)
    Destination Clock Delay (DCD):    0.748ns = ( 5.748 - 5.000 ) 
    Source Clock Delay      (SCD):    0.787ns
    Clock Pessimism Removal (CPR):    0.000ns
  Clock Uncertainty:      0.035ns  ((TSJ^2 + TIJ^2)^1/2 + DJ) / 2 + PE
    Total System Jitter     (TSJ):    0.071ns
    Total Input Jitter      (TIJ):    0.000ns
    Discrete Jitter          (DJ):    0.000ns
    Phase Error              (PE):    0.000ns

    Location             Delay type                Incr(ns)  Path(ns)    Netlist Resource(s)
  -------------------------------------------------------------------    -------------------
                         (clock clk_i rise edge)      0.000     0.000 r  
                                                      0.000     0.000 r  clk_i (IN)
                         net (fo=2875, unset)         0.787     0.787    clk_i
                         FDCE                                         r  hmatch_best_dist_q_reg[5]/C
  -------------------------------------------------------------------    -------------------
                         FDCE (Prop_fdce_C_Q)         0.433     1.220 r  hmatch_best_dist_q_reg[5]/Q
                         net (fo=3, unplaced)         0.258     1.478    hmatch_best_dist_q[5]
                         LUT6 (Prop_lut6_I5_O)        0.232     1.710 r  scalar_response_q[5]_i_1/O
                         net (fo=1, unplaced)         0.000     1.710    scalar_response_n0_in[5]
                         FDCE                                         r  scalar_response_q_reg[5]/D
  -------------------------------------------------------------------    -------------------

                         (clock clk_i rise edge)      5.000     5.000 r  
                                                      0.000     5.000 r  clk_i (IN)
                         net (fo=2875, unset)         0.748     5.748    clk_i
                         FDCE                                         r  scalar_response_q_reg[5]/C
                         clock pessimism              0.000     5.748    
                         clock uncertainty           -0.035     5.712    
                         FDCE (Setup_fdce_C_D)        0.072     5.784    scalar_response_q_reg[5]
  -------------------------------------------------------------------
                         required time                          5.784    
                         arrival time                          -1.710    
  -------------------------------------------------------------------
                         slack                                  4.074    

Slack (MET) :             4.092ns  (required time - arrival time)
  Source:                 hmatch_best_idx_q_reg[0]/C
                            (rising edge-triggered cell FDCE clocked by clk_i  {rise@0.000ns fall@2.500ns period=5.000ns})
  Destination:            scalar_response_q_reg[11]/D
                            (rising edge-triggered cell FDCE clocked by clk_i  {rise@0.000ns fall@2.500ns period=5.000ns})
  Path Group:             clk_i
  Path Type:              Setup (Max at Slow Process Corner)
  Requirement:            5.000ns  (clk_i rise@5.000ns - clk_i rise@0.000ns)
  Data Path Delay:        0.905ns  (logic 0.665ns (73.481%)  route 0.240ns (26.519%))
  Logic Levels:           1  (LUT5=1)
  Clock Path Skew:        -0.039ns (DCD - SCD + CPR)
    Destination Clock Delay (DCD):    0.748ns = ( 5.748 - 5.000 ) 
    Source Clock Delay      (SCD):    0.787ns
    Clock Pessimism Removal (CPR):    0.000ns
  Clock Uncertainty:      0.035ns  ((TSJ^2 + TIJ^2)^1/2 + DJ) / 2 + PE
    Total System Jitter     (TSJ):    0.071ns
    Total Input Jitter      (TIJ):    0.000ns
    Discrete Jitter          (DJ):    0.000ns
    Phase Error              (PE):    0.000ns

    Location             Delay type                Incr(ns)  Path(ns)    Netlist Resource(s)
  -------------------------------------------------------------------    -------------------
                         (clock clk_i rise edge)      0.000     0.000 r  
                                                      0.000     0.000 r  clk_i (IN)
                         net (fo=2875, unset)         0.787     0.787    clk_i
                         FDCE                                         r  hmatch_best_idx_q_reg[0]/C
  -------------------------------------------------------------------    -------------------
                         FDCE (Prop_fdce_C_Q)         0.433     1.220 r  hmatch_best_idx_q_reg[0]/Q
                         net (fo=1, unplaced)         0.240     1.460    hmatch_best_idx_q[0]
                         LUT5 (Prop_lut5_I4_O)        0.232     1.692 r  scalar_response_q[11]_i_1/O
                         net (fo=1, unplaced)         0.000     1.692    scalar_response_n0_in[11]
                         FDCE                                         r  scalar_response_q_reg[11]/D
  -------------------------------------------------------------------    -------------------

                         (clock clk_i rise edge)      5.000     5.000 r  
                                                      0.000     5.000 r  clk_i (IN)
                         net (fo=2875, unset)         0.748     5.748    clk_i
                         FDCE                                         r  scalar_response_q_reg[11]/C
                         clock pessimism              0.000     5.748    
                         clock uncertainty           -0.035     5.712    
                         FDCE (Setup_fdce_C_D)        0.072     5.784    scalar_response_q_reg[11]
  -------------------------------------------------------------------
                         required time                          5.784    
                         arrival time                          -1.692    
  -------------------------------------------------------------------
                         slack                                  4.092    

Slack (MET) :             4.092ns  (required time - arrival time)
  Source:                 hmatch_best_idx_q_reg[1]/C
                            (rising edge-triggered cell FDCE clocked by clk_i  {rise@0.000ns fall@2.500ns period=5.000ns})
  Destination:            scalar_response_q_reg[12]/D
                            (rising edge-triggered cell FDCE clocked by clk_i  {rise@0.000ns fall@2.500ns period=5.000ns})
  Path Group:             clk_i
  Path Type:              Setup (Max at Slow Process Corner)
  Requirement:            5.000ns  (clk_i rise@5.000ns - clk_i rise@0.000ns)
  Data Path Delay:        0.905ns  (logic 0.665ns (73.481%)  route 0.240ns (26.519%))
  Logic Levels:           1  (LUT5=1)
  Clock Path Skew:        -0.039ns (DCD - SCD + CPR)
    Destination Clock Delay (DCD):    0.748ns = ( 5.748 - 5.000 ) 
    Source Clock Delay      (SCD):    0.787ns
    Clock Pessimism Removal (CPR):    0.000ns
  Clock Uncertainty:      0.035ns  ((TSJ^2 + TIJ^2)^1/2 + DJ) / 2 + PE
    Total System Jitter     (TSJ):    0.071ns
    Total Input Jitter      (TIJ):    0.000ns
    Discrete Jitter          (DJ):    0.000ns
    Phase Error              (PE):    0.000ns

    Location             Delay type                Incr(ns)  Path(ns)    Netlist Resource(s)
  -------------------------------------------------------------------    -------------------
                         (clock clk_i rise edge)      0.000     0.000 r  
                                                      0.000     0.000 r  clk_i (IN)
                         net (fo=2875, unset)         0.787     0.787    clk_i
                         FDCE                                         r  hmatch_best_idx_q_reg[1]/C
  -------------------------------------------------------------------    -------------------
                         FDCE (Prop_fdce_C_Q)         0.433     1.220 r  hmatch_best_idx_q_reg[1]/Q
                         net (fo=1, unplaced)         0.240     1.460    hmatch_best_idx_q[1]
                         LUT5 (Prop_lut5_I4_O)        0.232     1.692 r  scalar_response_q[12]_i_1/O
                         net (fo=1, unplaced)         0.000     1.692    scalar_response_n0_in[12]
                         FDCE                                         r  scalar_response_q_reg[12]/D
  -------------------------------------------------------------------    -------------------

                         (clock clk_i rise edge)      5.000     5.000 r  
                                                      0.000     5.000 r  clk_i (IN)
                         net (fo=2875, unset)         0.748     5.748    clk_i
                         FDCE                                         r  scalar_response_q_reg[12]/C
                         clock pessimism              0.000     5.748    
                         clock uncertainty           -0.035     5.712    
                         FDCE (Setup_fdce_C_D)        0.072     5.784    scalar_response_q_reg[12]
  -------------------------------------------------------------------
                         required time                          5.784    
                         arrival time                          -1.692    
  -------------------------------------------------------------------
                         slack                                  4.092    

Slack (MET) :             4.092ns  (required time - arrival time)
  Source:                 hmatch_best_idx_q_reg[2]/C
                            (rising edge-triggered cell FDCE clocked by clk_i  {rise@0.000ns fall@2.500ns period=5.000ns})
  Destination:            scalar_response_q_reg[13]/D
                            (rising edge-triggered cell FDCE clocked by clk_i  {rise@0.000ns fall@2.500ns period=5.000ns})
  Path Group:             clk_i
  Path Type:              Setup (Max at Slow Process Corner)
  Requirement:            5.000ns  (clk_i rise@5.000ns - clk_i rise@0.000ns)
  Data Path Delay:        0.905ns  (logic 0.665ns (73.481%)  route 0.240ns (26.519%))
  Logic Levels:           1  (LUT5=1)
  Clock Path Skew:        -0.039ns (DCD - SCD + CPR)
    Destination Clock Delay (DCD):    0.748ns = ( 5.748 - 5.000 ) 
    Source Clock Delay      (SCD):    0.787ns
    Clock Pessimism Removal (CPR):    0.000ns
  Clock Uncertainty:      0.035ns  ((TSJ^2 + TIJ^2)^1/2 + DJ) / 2 + PE
    Total System Jitter     (TSJ):    0.071ns
    Total Input Jitter      (TIJ):    0.000ns
    Discrete Jitter          (DJ):    0.000ns
    Phase Error              (PE):    0.000ns

    Location             Delay type                Incr(ns)  Path(ns)    Netlist Resource(s)
  -------------------------------------------------------------------    -------------------
                         (clock clk_i rise edge)      0.000     0.000 r  
                                                      0.000     0.000 r  clk_i (IN)
                         net (fo=2875, unset)         0.787     0.787    clk_i
                         FDCE                                         r  hmatch_best_idx_q_reg[2]/C
  -------------------------------------------------------------------    -------------------
                         FDCE (Prop_fdce_C_Q)         0.433     1.220 r  hmatch_best_idx_q_reg[2]/Q
                         net (fo=1, unplaced)         0.240     1.460    hmatch_best_idx_q[2]
                         LUT5 (Prop_lut5_I4_O)        0.232     1.692 r  scalar_response_q[13]_i_1/O
                         net (fo=1, unplaced)         0.000     1.692    scalar_response_n0_in[13]
                         FDCE                                         r  scalar_response_q_reg[13]/D
  -------------------------------------------------------------------    -------------------

                         (clock clk_i rise edge)      5.000     5.000 r  
                                                      0.000     5.000 r  clk_i (IN)
                         net (fo=2875, unset)         0.748     5.748    clk_i
                         FDCE                                         r  scalar_response_q_reg[13]/C
                         clock pessimism              0.000     5.748    
                         clock uncertainty           -0.035     5.712    
                         FDCE (Setup_fdce_C_D)        0.072     5.784    scalar_response_q_reg[13]
  -------------------------------------------------------------------
                         required time                          5.784    
                         arrival time                          -1.692    
  -------------------------------------------------------------------
                         slack                                  4.092    

Slack (MET) :             4.092ns  (required time - arrival time)
  Source:                 hmatch_best_idx_q_reg[3]/C
                            (rising edge-triggered cell FDCE clocked by clk_i  {rise@0.000ns fall@2.500ns period=5.000ns})
  Destination:            scalar_response_q_reg[14]/D
                            (rising edge-triggered cell FDCE clocked by clk_i  {rise@0.000ns fall@2.500ns period=5.000ns})
  Path Group:             clk_i
  Path Type:              Setup (Max at Slow Process Corner)
  Requirement:            5.000ns  (clk_i rise@5.000ns - clk_i rise@0.000ns)
  Data Path Delay:        0.905ns  (logic 0.665ns (73.481%)  route 0.240ns (26.519%))
  Logic Levels:           1  (LUT5=1)
  Clock Path Skew:        -0.039ns (DCD - SCD + CPR)
    Destination Clock Delay (DCD):    0.748ns = ( 5.748 - 5.000 ) 
    Source Clock Delay      (SCD):    0.787ns
    Clock Pessimism Removal (CPR):    0.000ns
  Clock Uncertainty:      0.035ns  ((TSJ^2 + TIJ^2)^1/2 + DJ) / 2 + PE
    Total System Jitter     (TSJ):    0.071ns
    Total Input Jitter      (TIJ):    0.000ns
    Discrete Jitter          (DJ):    0.000ns
    Phase Error              (PE):    0.000ns

    Location             Delay type                Incr(ns)  Path(ns)    Netlist Resource(s)
  -------------------------------------------------------------------    -------------------
                         (clock clk_i rise edge)      0.000     0.000 r  
                                                      0.000     0.000 r  clk_i (IN)
                         net (fo=2875, unset)         0.787     0.787    clk_i
                         FDCE                                         r  hmatch_best_idx_q_reg[3]/C
  -------------------------------------------------------------------    -------------------
                         FDCE (Prop_fdce_C_Q)         0.433     1.220 r  hmatch_best_idx_q_reg[3]/Q
                         net (fo=1, unplaced)         0.240     1.460    hmatch_best_idx_q[3]
                         LUT5 (Prop_lut5_I4_O)        0.232     1.692 r  scalar_response_q[14]_i_1/O
                         net (fo=1, unplaced)         0.000     1.692    scalar_response_n0_in[14]
                         FDCE                                         r  scalar_response_q_reg[14]/D
  -------------------------------------------------------------------    -------------------

                         (clock clk_i rise edge)      5.000     5.000 r  
                                                      0.000     5.000 r  clk_i (IN)
                         net (fo=2875, unset)         0.748     5.748    clk_i
                         FDCE                                         r  scalar_response_q_reg[14]/C
                         clock pessimism              0.000     5.748    
                         clock uncertainty           -0.035     5.712    
                         FDCE (Setup_fdce_C_D)        0.072     5.784    scalar_response_q_reg[14]
  -------------------------------------------------------------------
                         required time                          5.784    
                         arrival time                          -1.692    
  -------------------------------------------------------------------
                         slack                                  4.092    

Slack (MET) :             4.092ns  (required time - arrival time)
  Source:                 hmatch_best_idx_q_reg[4]/C
                            (rising edge-triggered cell FDCE clocked by clk_i  {rise@0.000ns fall@2.500ns period=5.000ns})
  Destination:            scalar_response_q_reg[15]/D
                            (rising edge-triggered cell FDCE clocked by clk_i  {rise@0.000ns fall@2.500ns period=5.000ns})
  Path Group:             clk_i
  Path Type:              Setup (Max at Slow Process Corner)
  Requirement:            5.000ns  (clk_i rise@5.000ns - clk_i rise@0.000ns)
  Data Path Delay:        0.905ns  (logic 0.665ns (73.481%)  route 0.240ns (26.519%))
  Logic Levels:           1  (LUT5=1)
  Clock Path Skew:        -0.039ns (DCD - SCD + CPR)
    Destination Clock Delay (DCD):    0.748ns = ( 5.748 - 5.000 ) 
    Source Clock Delay      (SCD):    0.787ns
    Clock Pessimism Removal (CPR):    0.000ns
  Clock Uncertainty:      0.035ns  ((TSJ^2 + TIJ^2)^1/2 + DJ) / 2 + PE
    Total System Jitter     (TSJ):    0.071ns
    Total Input Jitter      (TIJ):    0.000ns
    Discrete Jitter          (DJ):    0.000ns
    Phase Error              (PE):    0.000ns

    Location             Delay type                Incr(ns)  Path(ns)    Netlist Resource(s)
  -------------------------------------------------------------------    -------------------
                         (clock clk_i rise edge)      0.000     0.000 r  
                                                      0.000     0.000 r  clk_i (IN)
                         net (fo=2875, unset)         0.787     0.787    clk_i
                         FDCE                                         r  hmatch_best_idx_q_reg[4]/C
  -------------------------------------------------------------------    -------------------
                         FDCE (Prop_fdce_C_Q)         0.433     1.220 r  hmatch_best_idx_q_reg[4]/Q
                         net (fo=1, unplaced)         0.240     1.460    hmatch_best_idx_q[4]
                         LUT5 (Prop_lut5_I4_O)        0.232     1.692 r  scalar_response_q[15]_i_1/O
                         net (fo=1, unplaced)         0.000     1.692    scalar_response_n0_in[15]
                         FDCE                                         r  scalar_response_q_reg[15]/D
  -------------------------------------------------------------------    -------------------

                         (clock clk_i rise edge)      5.000     5.000 r  
                                                      0.000     5.000 r  clk_i (IN)
                         net (fo=2875, unset)         0.748     5.748    clk_i
                         FDCE                                         r  scalar_response_q_reg[15]/C
                         clock pessimism              0.000     5.748    
                         clock uncertainty           -0.035     5.712    
                         FDCE (Setup_fdce_C_D)        0.072     5.784    scalar_response_q_reg[15]
  -------------------------------------------------------------------
                         required time                          5.784    
                         arrival time                          -1.692    
  -------------------------------------------------------------------
                         slack                                  4.092    

Slack (MET) :             4.092ns  (required time - arrival time)
  Source:                 hmatch_best_idx_q_reg[5]/C
                            (rising edge-triggered cell FDCE clocked by clk_i  {rise@0.000ns fall@2.500ns period=5.000ns})
  Destination:            scalar_response_q_reg[16]/D
                            (rising edge-triggered cell FDCE clocked by clk_i  {rise@0.000ns fall@2.500ns period=5.000ns})
  Path Group:             clk_i
  Path Type:              Setup (Max at Slow Process Corner)
  Requirement:            5.000ns  (clk_i rise@5.000ns - clk_i rise@0.000ns)
  Data Path Delay:        0.905ns  (logic 0.665ns (73.481%)  route 0.240ns (26.519%))
  Logic Levels:           1  (LUT5=1)
  Clock Path Skew:        -0.039ns (DCD - SCD + CPR)
    Destination Clock Delay (DCD):    0.748ns = ( 5.748 - 5.000 ) 
    Source Clock Delay      (SCD):    0.787ns
    Clock Pessimism Removal (CPR):    0.000ns
  Clock Uncertainty:      0.035ns  ((TSJ^2 + TIJ^2)^1/2 + DJ) / 2 + PE
    Total System Jitter     (TSJ):    0.071ns
    Total Input Jitter      (TIJ):    0.000ns
    Discrete Jitter          (DJ):    0.000ns
    Phase Error              (PE):    0.000ns

    Location             Delay type                Incr(ns)  Path(ns)    Netlist Resource(s)
  -------------------------------------------------------------------    -------------------
                         (clock clk_i rise edge)      0.000     0.000 r  
                                                      0.000     0.000 r  clk_i (IN)
                         net (fo=2875, unset)         0.787     0.787    clk_i
                         FDCE                                         r  hmatch_best_idx_q_reg[5]/C
  -------------------------------------------------------------------    -------------------
                         FDCE (Prop_fdce_C_Q)         0.433     1.220 r  hmatch_best_idx_q_reg[5]/Q
                         net (fo=1, unplaced)         0.240     1.460    hmatch_best_idx_q[5]
                         LUT5 (Prop_lut5_I4_O)        0.232     1.692 r  scalar_response_q[16]_i_1/O
                         net (fo=1, unplaced)         0.000     1.692    scalar_response_n0_in[16]
                         FDCE                                         r  scalar_response_q_reg[16]/D
  -------------------------------------------------------------------    -------------------

                         (clock clk_i rise edge)      5.000     5.000 r  
                                                      0.000     5.000 r  clk_i (IN)
                         net (fo=2875, unset)         0.748     5.748    clk_i
                         FDCE                                         r  scalar_response_q_reg[16]/C
                         clock pessimism              0.000     5.748    
                         clock uncertainty           -0.035     5.712    
                         FDCE (Setup_fdce_C_D)        0.072     5.784    scalar_response_q_reg[16]
  -------------------------------------------------------------------
                         required time                          5.784    
                         arrival time                          -1.692    
  -------------------------------------------------------------------
                         slack                                  4.092    

Slack (MET) :             4.092ns  (required time - arrival time)
  Source:                 hmatch_best_idx_q_reg[6]/C
                            (rising edge-triggered cell FDCE clocked by clk_i  {rise@0.000ns fall@2.500ns period=5.000ns})
  Destination:            scalar_response_q_reg[17]/D
                            (rising edge-triggered cell FDCE clocked by clk_i  {rise@0.000ns fall@2.500ns period=5.000ns})
  Path Group:             clk_i
  Path Type:              Setup (Max at Slow Process Corner)
  Requirement:            5.000ns  (clk_i rise@5.000ns - clk_i rise@0.000ns)
  Data Path Delay:        0.905ns  (logic 0.665ns (73.481%)  route 0.240ns (26.519%))
  Logic Levels:           1  (LUT5=1)
  Clock Path Skew:        -0.039ns (DCD - SCD + CPR)
    Destination Clock Delay (DCD):    0.748ns = ( 5.748 - 5.000 ) 
    Source Clock Delay      (SCD):    0.787ns
    Clock Pessimism Removal (CPR):    0.000ns
  Clock Uncertainty:      0.035ns  ((TSJ^2 + TIJ^2)^1/2 + DJ) / 2 + PE
    Total System Jitter     (TSJ):    0.071ns
    Total Input Jitter      (TIJ):    0.000ns
    Discrete Jitter          (DJ):    0.000ns
    Phase Error              (PE):    0.000ns

    Location             Delay type                Incr(ns)  Path(ns)    Netlist Resource(s)
  -------------------------------------------------------------------    -------------------
                         (clock clk_i rise edge)      0.000     0.000 r  
                                                      0.000     0.000 r  clk_i (IN)
                         net (fo=2875, unset)         0.787     0.787    clk_i
                         FDCE                                         r  hmatch_best_idx_q_reg[6]/C
  -------------------------------------------------------------------    -------------------
                         FDCE (Prop_fdce_C_Q)         0.433     1.220 r  hmatch_best_idx_q_reg[6]/Q
                         net (fo=1, unplaced)         0.240     1.460    hmatch_best_idx_q[6]
                         LUT5 (Prop_lut5_I4_O)        0.232     1.692 r  scalar_response_q[17]_i_1/O
                         net (fo=1, unplaced)         0.000     1.692    scalar_response_n0_in[17]
                         FDCE                                         r  scalar_response_q_reg[17]/D
  -------------------------------------------------------------------    -------------------

                         (clock clk_i rise edge)      5.000     5.000 r  
                                                      0.000     5.000 r  clk_i (IN)
                         net (fo=2875, unset)         0.748     5.748    clk_i
                         FDCE                                         r  scalar_response_q_reg[17]/C
                         clock pessimism              0.000     5.748    
                         clock uncertainty           -0.035     5.712    
                         FDCE (Setup_fdce_C_D)        0.072     5.784    scalar_response_q_reg[17]
  -------------------------------------------------------------------
                         required time                          5.784    
                         arrival time                          -1.692    
  -------------------------------------------------------------------
                         slack                                  4.092    

Slack (MET) :             4.092ns  (required time - arrival time)
  Source:                 hmatch_best_idx_q_reg[7]/C
                            (rising edge-triggered cell FDCE clocked by clk_i  {rise@0.000ns fall@2.500ns period=5.000ns})
  Destination:            scalar_response_q_reg[18]/D
                            (rising edge-triggered cell FDCE clocked by clk_i  {rise@0.000ns fall@2.500ns period=5.000ns})
  Path Group:             clk_i
  Path Type:              Setup (Max at Slow Process Corner)
  Requirement:            5.000ns  (clk_i rise@5.000ns - clk_i rise@0.000ns)
  Data Path Delay:        0.905ns  (logic 0.665ns (73.481%)  route 0.240ns (26.519%))
  Logic Levels:           1  (LUT5=1)
  Clock Path Skew:        -0.039ns (DCD - SCD + CPR)
    Destination Clock Delay (DCD):    0.748ns = ( 5.748 - 5.000 ) 
    Source Clock Delay      (SCD):    0.787ns
    Clock Pessimism Removal (CPR):    0.000ns
  Clock Uncertainty:      0.035ns  ((TSJ^2 + TIJ^2)^1/2 + DJ) / 2 + PE
    Total System Jitter     (TSJ):    0.071ns
    Total Input Jitter      (TIJ):    0.000ns
    Discrete Jitter          (DJ):    0.000ns
    Phase Error              (PE):    0.000ns

    Location             Delay type                Incr(ns)  Path(ns)    Netlist Resource(s)
  -------------------------------------------------------------------    -------------------
                         (clock clk_i rise edge)      0.000     0.000 r  
                                                      0.000     0.000 r  clk_i (IN)
                         net (fo=2875, unset)         0.787     0.787    clk_i
                         FDCE                                         r  hmatch_best_idx_q_reg[7]/C
  -------------------------------------------------------------------    -------------------
                         FDCE (Prop_fdce_C_Q)         0.433     1.220 r  hmatch_best_idx_q_reg[7]/Q
                         net (fo=1, unplaced)         0.240     1.460    hmatch_best_idx_q[7]
                         LUT5 (Prop_lut5_I4_O)        0.232     1.692 r  scalar_response_q[18]_i_1/O
                         net (fo=1, unplaced)         0.000     1.692    scalar_response_n0_in[18]
                         FDCE                                         r  scalar_response_q_reg[18]/D
  -------------------------------------------------------------------    -------------------

                         (clock clk_i rise edge)      5.000     5.000 r  
                                                      0.000     5.000 r  clk_i (IN)
                         net (fo=2875, unset)         0.748     5.748    clk_i
                         FDCE                                         r  scalar_response_q_reg[18]/C
                         clock pessimism              0.000     5.748    
                         clock uncertainty           -0.035     5.712    
                         FDCE (Setup_fdce_C_D)        0.072     5.784    scalar_response_q_reg[18]
  -------------------------------------------------------------------
                         required time                          5.784    
                         arrival time                          -1.692    
  -------------------------------------------------------------------
                         slack                                  4.092    




