Copyright 1986-2022 Xilinx, Inc. All Rights Reserved. Copyright 2022-2024 Advanced Micro Devices, Inc. All Rights Reserved.
---------------------------------------------------------------------------------------------------------------------------------------------------------------------------------
| Tool Version : Vivado v.2024.2 (win64) Build 5239630 Fri Nov 08 22:35:27 MST 2024
| Date         : Wed Jun 10 21:59:35 2026
| Host         : WIN-20240824NZS running 64-bit major release  (build 9200)
| Command      : report_utilization -hierarchical -file E:/HDEC/cva6-vhdc-core/tmp/hdec_v15_pointmul_worktree/tmp/hdec_v18_pointmul/ooc_round01_200/reports/utilization_hier.rpt
| Design       : hdec_top
| Device       : xc7z020clg400-2
| Speed File   : -2
| Design State : Synthesized
---------------------------------------------------------------------------------------------------------------------------------------------------------------------------------

Utilization Design Information

Table of Contents
-----------------
1. Utilization by Hierarchy

1. Utilization by Hierarchy
---------------------------

+------------------------------+-------------------------+------------+------------+---------+------+------+--------+--------+------------+
|           Instance           |          Module         | Total LUTs | Logic LUTs | LUTRAMs | SRLs |  FFs | RAMB36 | RAMB18 | DSP Blocks |
+------------------------------+-------------------------+------------+------------+---------+------+------+--------+--------+------------+
| hdec_top                     |                   (top) |       6714 |       6242 |     472 |    0 | 2158 |      0 |      0 |          0 |
|   (hdec_top)                 |                   (top) |       1398 |       1270 |     128 |    0 | 1590 |      0 |      0 |          0 |
|   gen_lane[0].i_lane         |          hdec_lane_4x64 |        322 |        322 |       0 |    0 |    0 |      0 |      0 |          0 |
|     i_shift_align            | hdec_lane_shift_align_8 |        322 |        322 |       0 |    0 |    0 |      0 |      0 |          0 |
|   gen_lane[0].i_p2_pop_slice |       hdec_p2_pop_slice |        254 |        254 |       0 |    0 |   78 |      0 |      0 |          0 |
|   gen_lane[1].i_lane         |        hdec_lane_4x64_0 |        217 |        217 |       0 |    0 |    0 |      0 |      0 |          0 |
|     i_shift_align            | hdec_lane_shift_align_7 |        217 |        217 |       0 |    0 |    0 |      0 |      0 |          0 |
|   gen_lane[1].i_p2_pop_slice |     hdec_p2_pop_slice_1 |        247 |        247 |       0 |    0 |   78 |      0 |      0 |          0 |
|   gen_lane[2].i_lane         |        hdec_lane_4x64_2 |        206 |        206 |       0 |    0 |    0 |      0 |      0 |          0 |
|     i_shift_align            | hdec_lane_shift_align_6 |        206 |        206 |       0 |    0 |    0 |      0 |      0 |          0 |
|   gen_lane[2].i_p2_pop_slice |     hdec_p2_pop_slice_3 |        264 |        264 |       0 |    0 |   78 |      0 |      0 |          0 |
|   gen_lane[3].i_lane         |        hdec_lane_4x64_4 |        201 |        201 |       0 |    0 |    0 |      0 |      0 |          0 |
|     i_shift_align            |   hdec_lane_shift_align |        201 |        201 |       0 |    0 |    0 |      0 |      0 |          0 |
|   gen_lane[3].i_p2_pop_slice |     hdec_p2_pop_slice_5 |        281 |        281 |       0 |    0 |   78 |      0 |      0 |          0 |
|   i_vrf                      |         hdec_vrf_64x256 |       3324 |       2980 |     344 |    0 |  256 |      0 |      0 |          0 |
+------------------------------+-------------------------+------------+------------+---------+------+------+--------+--------+------------+


