Copyright 1986-2022 Xilinx, Inc. All Rights Reserved. Copyright 2022-2024 Advanced Micro Devices, Inc. All Rights Reserved.
-----------------------------------------------------------------------------------------------------------------------------------------------------------------------------------------------------
| Tool Version : Vivado v.2024.2 (win64) Build 5239630 Fri Nov 08 22:35:27 MST 2024
| Date         : Wed Aug  5 10:24:09 2026
| Host         : WIN-20240824NZS running 64-bit major release  (build 9200)
| Command      : report_utilization -hierarchical -file E:/HDEC/cva6-vhdc-core/tmp/hdec_vv35_ecc_area_worktree/reports/hdec/vv35_dual_independent_final_20260805/reports/ecc_ip_utilization_hier.rpt
| Design       : vv35_ecc_ip_top
| Device       : xc7z020clg400-2
| Speed File   : -2
| Design State : Synthesized
-----------------------------------------------------------------------------------------------------------------------------------------------------------------------------------------------------

Utilization Design Information

Table of Contents
-----------------
1. Utilization by Hierarchy

1. Utilization by Hierarchy
---------------------------

+---------------------------------------+-------------------------------------+------------+------------+---------+------+------+--------+--------+------------+
|                Instance               |                Module               | Total LUTs | Logic LUTs | LUTRAMs | SRLs |  FFs | RAMB36 | RAMB18 | DSP Blocks |
+---------------------------------------+-------------------------------------+------------+------------+---------+------+------+--------+--------+------------+
| vv35_ecc_ip_top                       |                               (top) |       4135 |       4135 |       0 |    0 | 1259 |      4 |      0 |          0 |
|   (vv35_ecc_ip_top)                   |                               (top) |          0 |          0 |       0 |    0 |    0 |      0 |      0 |          0 |
|   u_core                              |                            hdec_top |       4135 |       4135 |       0 |    0 | 1259 |      4 |      0 |          0 |
|     (u_core)                          |                            hdec_top |       2661 |       2661 |       0 |    0 |  747 |      0 |      0 |          0 |
|     i_vec                             |            hdec_vector_payload_4x64 |       1474 |       1474 |       0 |    0 |  256 |      0 |      0 |          0 |
|       (i_vec)                         |            hdec_vector_payload_4x64 |       1003 |       1003 |       0 |    0 |  256 |      0 |      0 |          0 |
|       gen_payload_slice[0].i_clip     |                   hdec_lane_clip__1 |         16 |         16 |       0 |    0 |    0 |      0 |      0 |          0 |
|       gen_payload_slice[1].i_clip     |                   hdec_lane_clip__2 |         16 |         16 |       0 |    0 |    0 |      0 |      0 |          0 |
|       gen_payload_slice[2].i_clip     |                   hdec_lane_clip__3 |         16 |         16 |       0 |    0 |    0 |      0 |      0 |          0 |
|       gen_payload_slice[3].i_clip     |                      hdec_lane_clip |         16 |         16 |       0 |    0 |    0 |      0 |      0 |          0 |
|       i_gf2_contribution_row_tile     | hdec_gf2_contribution_row_tile_8x32 |        407 |        407 |       0 |    0 |    0 |      0 |      0 |          0 |
|         (i_gf2_contribution_row_tile) | hdec_gf2_contribution_row_tile_8x32 |        329 |        329 |       0 |    0 |    0 |      0 |      0 |          0 |
|         i_xor1                        |               hdec_xor1_shared_8x32 |         78 |         78 |       0 |    0 |    0 |      0 |      0 |          0 |
|     i_vrf                             |                     hdec_vrf_64x256 |          0 |          0 |       0 |    0 |  256 |      4 |      0 |          0 |
+---------------------------------------+-------------------------------------+------------+------------+---------+------+------+--------+--------+------------+


