Copyright 1986-2022 Xilinx, Inc. All Rights Reserved. Copyright 2022-2024 Advanced Micro Devices, Inc. All Rights Reserved.
--------------------------------------------------------------------------------------------------------------------------------------------------------
| Tool Version : Vivado v.2024.2 (win64) Build 5239630 Fri Nov 08 22:35:27 MST 2024
| Date         : Sun Jun  7 11:55:25 2026
| Host         : WIN-20240824NZS running 64-bit major release  (build 9200)
| Command      : report_control_sets -verbose -file E:/HDEC/cva6-vhdc-core/reports/vivado/ooc_hdec_hmatch_countdown_v1_ff838841/150mhz/control_sets.rpt
| Design       : hdec_top
| Device       : xc7z020
--------------------------------------------------------------------------------------------------------------------------------------------------------

Control Set Information

Table of Contents
-----------------
1. Summary
2. Histogram
3. Flip-Flop Distribution
4. Detailed Control Set Information

1. Summary
----------

+----------------------------------------------------------+-------+
|                          Status                          | Count |
+----------------------------------------------------------+-------+
| Total control sets                                       |    33 |
|    Minimum number of control sets                        |    33 |
|    Addition due to synthesis replication                 |     0 |
|    Addition due to physical synthesis replication        |     0 |
| Unused register locations in slices containing registers |    74 |
+----------------------------------------------------------+-------+
* Control sets can be merged at opt_design using control_set_merge or merge_equivalent_drivers
** Run report_qor_suggestions for automated merging and remapping suggestions


2. Histogram
------------

+--------------------+-------+
|       Fanout       | Count |
+--------------------+-------+
| Total control sets |    33 |
| >= 0 to < 4        |     0 |
| >= 4 to < 6        |     5 |
| >= 6 to < 8        |     0 |
| >= 8 to < 10       |     3 |
| >= 10 to < 12      |     3 |
| >= 12 to < 14      |     1 |
| >= 14 to < 16      |     1 |
| >= 16              |    20 |
+--------------------+-------+
* Control sets can be remapped at either synth_design or opt_design


3. Flip-Flop Distribution
-------------------------

+--------------+-----------------------+------------------------+-----------------+--------------+
| Clock Enable | Synchronous Set/Reset | Asynchronous Set/Reset | Total Registers | Total Slices |
+--------------+-----------------------+------------------------+-----------------+--------------+
| No           | No                    | No                     |               0 |            0 |
| No           | No                    | Yes                    |             277 |            0 |
| No           | Yes                   | No                     |               0 |            0 |
| Yes          | No                    | No                     |               0 |            0 |
| Yes          | No                    | Yes                    |            1921 |            0 |
| Yes          | Yes                   | No                     |               0 |            0 |
+--------------+-----------------------+------------------------+-----------------+--------------+


4. Detailed Control Set Information
-----------------------------------

+--------------+-----------------------------------+------------------+------------------+----------------+--------------+
| Clock Signal |           Enable Signal           | Set/Reset Signal | Slice Load Count | Bel Load Count | Bels / Slice |
+--------------+-----------------------------------+------------------+------------------+----------------+--------------+
|  clk_i       | hmatch_class_slot_q[3]_i_1_n_0    | i_vrf/rst_ni_0   |                0 |              4 |           NA |
|  clk_i       | p4_arch_op_q[3]_i_1_n_0           | i_vrf/rst_ni_0   |                0 |              4 |           NA |
|  clk_i       | clr_cnt_q[3]_i_1_n_0              | i_vrf/rst_ni_0   |                0 |              4 |           NA |
|  clk_i       | clr_base_n                        | i_vrf/rst_ni_0   |                0 |              4 |           NA |
|  clk_i       | hcntadd_acc_sel_n                 | i_vrf/rst_ni_0   |                0 |              4 |           NA |
|  clk_i       | hmatch_best_idx_q[7]_i_1_n_0      | i_vrf/rst_ni_0   |                0 |              8 |           NA |
|  clk_i       | vaddr_bank_n                      | i_vrf/rst_ni_0   |                0 |              8 |           NA |
|  clk_i       | hcntclip_dst_base_n               | i_vrf/rst_ni_0   |                0 |              8 |           NA |
|  clk_i       | i_vrf/init_cnt_q0                 | i_vrf/rst_ni_0   |                0 |             11 |           NA |
|  clk_i       | hsim_total_q[10]_i_1_n_0          | i_vrf/rst_ni_0   |                0 |             11 |           NA |
|  clk_i       | hmatch_best_dist_q[10]_i_1_n_0    | i_vrf/rst_ni_0   |                0 |             11 |           NA |
|  clk_i       | hmatch_budget_q[10]_i_1_n_0       | i_vrf/rst_ni_0   |                0 |             12 |           NA |
|  clk_i       | FSM_onehot_st_q[0]_i_1_n_0        | i_vrf/rst_ni_0   |                0 |             15 |           NA |
|  clk_i       | hperm_dst_base_n                  | i_vrf/rst_ni_0   |                0 |             16 |           NA |
|  clk_i       | scalar_response_n                 | i_vrf/rst_ni_0   |                0 |             19 |           NA |
|  clk_i       | lane_popcnt_n                     | i_vrf/rst_ni_0   |                0 |             28 |           NA |
|  clk_i       | res_q[63]_i_1_n_0                 | i_vrf/rst_ni_0   |                0 |             64 |           NA |
|  clk_i       | lane_clip_n                       | i_vrf/rst_ni_0   |                0 |             64 |           NA |
|  clk_i       | hcntclip_word_q[3][47]_i_1_n_0    | i_vrf/rst_ni_0   |                0 |             64 |           NA |
|  clk_i       | hcntclip_word_q[3][63]_i_1_n_0    | i_vrf/rst_ni_0   |                0 |             64 |           NA |
|  clk_i       | hcntclip_word_q[3][31]_i_1_n_0    | i_vrf/rst_ni_0   |                0 |             64 |           NA |
|  clk_i       | hcntclip_word_q[3][15]_i_1_n_0    | i_vrf/rst_ni_0   |                0 |             64 |           NA |
|  clk_i       | uop_p0_q[op_type][2]_i_1_n_0      | i_vrf/rst_ni_0   |                0 |             67 |           NA |
|  clk_i       | FSM_onehot_st_q_reg_n_0_[4]       | i_vrf/rst_ni_0   |                0 |             67 |           NA |
|  clk_i       | op_n                              | i_vrf/rst_ni_0   |                0 |             68 |           NA |
|  clk_i       | uop_p3_n                          | i_vrf/rst_ni_0   |                0 |             70 |           NA |
|  clk_i       | uop_p2_q[subgroup_idx][1]_i_1_n_0 | i_vrf/rst_ni_0   |                0 |             74 |           NA |
|  clk_i       | hperm_a_n                         | i_vrf/rst_ni_0   |                0 |            256 |           NA |
|  clk_i       | lane_result_n                     | i_vrf/rst_ni_0   |                0 |            256 |           NA |
|  clk_i       | src0_n                            | i_vrf/rst_ni_0   |                0 |            256 |           NA |
|  clk_i       | hcntadd_hv_n                      | i_vrf/rst_ni_0   |                0 |            256 |           NA |
|  clk_i       |                                   | i_vrf/rst_ni_0   |                0 |            277 |           NA |
|  clk_i       |                                   |                  |                0 |            688 |           NA |
+--------------+-----------------------------------+------------------+------------------+----------------+--------------+


