pattern|cell|ref_name|q_net|fanout
# pattern=*p2_lane_ctrl_q_reg* count=23
*p2_lane_ctrl_q_reg*|gen_lane[0].i_p2_lane_slice/p2_lane_ctrl_q_reg[capture_clip]|FDCE|gen_lane[0].i_p2_lane_slice/p2_lane_ctrl_q_reg[capture_clip]__0|192
*p2_lane_ctrl_q_reg*|gen_lane[0].i_p2_lane_slice/p2_lane_ctrl_q_reg[capture_vec]|FDCE|gen_lane[0].i_p2_lane_slice/E[0]|256
*p2_lane_ctrl_q_reg*|gen_lane[0].i_p2_lane_slice/p2_lane_ctrl_q_reg[do_counter]|FDCE|gen_lane[0].i_p2_lane_slice/p2_lane_ctrl_q_reg[do_counter]_0|133
*p2_lane_ctrl_q_reg*|gen_lane[0].i_p2_lane_slice/p2_lane_ctrl_q_reg[do_counter]_rep|FDCE|gen_lane[0].i_p2_lane_slice/p2_lane_ctrl_q_reg[do_counter]_rep_0|133
*p2_lane_ctrl_q_reg*|gen_lane[0].i_p2_lane_slice/p2_lane_ctrl_q_reg[do_counter]_rep__0|FDCE|gen_lane[0].i_p2_lane_slice/p2_lane_ctrl_q_reg[do_counter]_rep__0_0|133
*p2_lane_ctrl_q_reg*|gen_lane[0].i_p2_lane_slice/p2_lane_ctrl_q_reg[do_counter]_rep__1|FDCE|gen_lane[0].i_p2_lane_slice/p2_lane_ctrl_q_reg[do_counter]_rep__1_0|49
*p2_lane_ctrl_q_reg*|gen_lane[0].i_p2_lane_slice/p2_lane_ctrl_q_reg[do_popcount_diff]|FDCE|gen_lane[0].i_p2_lane_slice/p2_lane_ctrl_q_reg[do_popcount_diff]_0|316
*p2_lane_ctrl_q_reg*|gen_lane[0].i_p2_lane_slice/p2_lane_ctrl_q_reg[do_shift]|FDCE|gen_lane[0].i_p2_lane_slice/p2_lane_ctrl_q_reg[do_shift_n_0_]|131
*p2_lane_ctrl_q_reg*|gen_lane[0].i_p2_lane_slice/p2_lane_ctrl_q_reg[do_shift]_rep|FDCE|gen_lane[0].i_p2_lane_slice/p2_lane_ctrl_q_reg[do_shift]_rep_0|113
*p2_lane_ctrl_q_reg*|gen_lane[0].i_p2_lane_slice/p2_lane_ctrl_q_reg[do_xor_only]|FDCE|gen_lane[0].i_p2_lane_slice/p2_lane_ctrl_q_reg[do_xor_only_n_0_]|136
*p2_lane_ctrl_q_reg*|gen_lane[0].i_p2_lane_slice/p2_lane_ctrl_q_reg[do_xor_only]_rep|FDCE|gen_lane[0].i_p2_lane_slice/p2_lane_ctrl_q_reg[do_xor_only]_rep_n_0|136
*p2_lane_ctrl_q_reg*|gen_lane[0].i_p2_lane_slice/p2_lane_ctrl_q_reg[do_xor_only]_rep__0|FDCE|gen_lane[0].i_p2_lane_slice/p2_lane_ctrl_q_reg[do_xor_only]_rep__0_n_0|136
*p2_lane_ctrl_q_reg*|gen_lane[0].i_p2_lane_slice/p2_lane_ctrl_q_reg[do_xor_only]_rep__1|FDCE|gen_lane[0].i_p2_lane_slice/p2_lane_ctrl_q_reg[do_xor_only]_rep__1_n_0|136
*p2_lane_ctrl_q_reg*|gen_lane[0].i_p2_lane_slice/p2_lane_ctrl_q_reg[perm_nibble][0]|FDCE|gen_lane[0].i_p2_lane_slice/p2_lane_ctrl_q_reg[perm_nibble_n_0_][0]|10
*p2_lane_ctrl_q_reg*|gen_lane[0].i_p2_lane_slice/p2_lane_ctrl_q_reg[perm_nibble][1]|FDCE|gen_lane[0].i_p2_lane_slice/p2_lane_ctrl_q_reg[perm_nibble_n_0_][1]|5
*p2_lane_ctrl_q_reg*|gen_lane[0].i_p2_lane_slice/p2_lane_ctrl_q_reg[perm_nibble][2]|FDCE|gen_lane[0].i_p2_lane_slice/p2_lane_ctrl_q_reg[perm_nibble_n_0_][2]|4
*p2_lane_ctrl_q_reg*|gen_lane[0].i_p2_lane_slice/p2_lane_ctrl_q_reg[perm_nibble][3]|FDCE|gen_lane[0].i_p2_lane_slice/p2_lane_ctrl_q_reg[perm_nibble_n_0_][3]|3
*p2_lane_ctrl_q_reg*|gen_lane[0].i_p2_lane_slice/p2_lane_ctrl_q_reg[subgroup][0]|FDCE|gen_lane[0].i_p2_lane_slice/p2_lane_ctrl_q_reg[subgroup_n_0_][0]|128
*p2_lane_ctrl_q_reg*|gen_lane[0].i_p2_lane_slice/p2_lane_ctrl_q_reg[subgroup][1]|FDCE|gen_lane[0].i_p2_lane_slice/p2_lane_ctrl_q_reg[subgroup_n_0_][1]|128
*p2_lane_ctrl_q_reg*|gen_lane[0].i_p2_lane_slice/p2_lane_ctrl_q_reg[threshold][0]|FDCE|gen_lane[0].i_p2_lane_slice/p2_lane_ctrl_q_reg[threshold_n_0_][0]|64
*p2_lane_ctrl_q_reg*|gen_lane[0].i_p2_lane_slice/p2_lane_ctrl_q_reg[threshold][1]|FDCE|gen_lane[0].i_p2_lane_slice/p2_lane_ctrl_q_reg[threshold_n_0_][1]|64
*p2_lane_ctrl_q_reg*|gen_lane[0].i_p2_lane_slice/p2_lane_ctrl_q_reg[threshold][2]|FDCE|gen_lane[0].i_p2_lane_slice/p2_lane_ctrl_q_reg[threshold_n_0_][2]|64
*p2_lane_ctrl_q_reg*|gen_lane[0].i_p2_lane_slice/p2_lane_ctrl_q_reg[threshold][3]|FDCE|gen_lane[0].i_p2_lane_slice/p2_lane_ctrl_q_reg[threshold_n_0_][3]|64
# pattern=*uop_p2_q_reg* count=62
*uop_p2_q_reg*|uop_p2_q_reg[arch_op][0]|FDCE|uop_p2_q_reg[arch_op][0]|1
*uop_p2_q_reg*|uop_p2_q_reg[arch_op][1]|FDCE|uop_p2_q_reg[arch_op][1]|1
*uop_p2_q_reg*|uop_p2_q_reg[arch_op][2]|FDCE|uop_p2_q_reg[arch_op][2]|1
*uop_p2_q_reg*|uop_p2_q_reg[arch_op][3]|FDCE|uop_p2_q_reg[arch_op][3]|1
*uop_p2_q_reg*|uop_p2_q_reg[chunk_idx][0]|FDCE|uop_p2_q_reg[chunk_idx][0]|1
*uop_p2_q_reg*|uop_p2_q_reg[chunk_idx][1]|FDCE|uop_p2_q_reg[chunk_idx][1]|1
*uop_p2_q_reg*|uop_p2_q_reg[class_count][0]|FDCE|uop_p2_q_reg[class_count][0]|1
*uop_p2_q_reg*|uop_p2_q_reg[class_count][1]|FDCE|uop_p2_q_reg[class_count][1]|1
*uop_p2_q_reg*|uop_p2_q_reg[class_count][2]|FDCE|uop_p2_q_reg[class_count][2]|1
*uop_p2_q_reg*|uop_p2_q_reg[class_count][3]|FDCE|uop_p2_q_reg[class_count][3]|1
*uop_p2_q_reg*|uop_p2_q_reg[class_count][4]|FDCE|uop_p2_q_reg[class_count][4]|1
*uop_p2_q_reg*|uop_p2_q_reg[class_count][5]|FDCE|uop_p2_q_reg[class_count][5]|1
*uop_p2_q_reg*|uop_p2_q_reg[class_count][6]|FDCE|uop_p2_q_reg[class_count][6]|1
*uop_p2_q_reg*|uop_p2_q_reg[class_count][7]|FDCE|uop_p2_q_reg[class_count][7]|1
*uop_p2_q_reg*|uop_p2_q_reg[class_idx][0]|FDCE|uop_p2_q_reg[class_idx][0]|1
*uop_p2_q_reg*|uop_p2_q_reg[class_idx][1]|FDCE|uop_p2_q_reg[class_idx][1]|1
*uop_p2_q_reg*|uop_p2_q_reg[class_idx][2]|FDCE|uop_p2_q_reg[class_idx][2]|1
*uop_p2_q_reg*|uop_p2_q_reg[class_idx][3]|FDCE|uop_p2_q_reg[class_idx][3]|1
*uop_p2_q_reg*|uop_p2_q_reg[class_idx][4]|FDCE|uop_p2_q_reg[class_idx][4]|1
*uop_p2_q_reg*|uop_p2_q_reg[class_idx][5]|FDCE|uop_p2_q_reg[class_idx][5]|1
*uop_p2_q_reg*|uop_p2_q_reg[class_idx][6]|FDCE|uop_p2_q_reg[class_idx][6]|1
*uop_p2_q_reg*|uop_p2_q_reg[class_idx][7]|FDCE|uop_p2_q_reg[class_idx][7]|1
*uop_p2_q_reg*|uop_p2_q_reg[dst_addr][0]|FDCE|uop_p2_q_reg[dst_addr][0]|1
*uop_p2_q_reg*|uop_p2_q_reg[dst_addr][1]|FDCE|uop_p2_q_reg[dst_addr][1]|1
*uop_p2_q_reg*|uop_p2_q_reg[dst_addr][2]|FDCE|uop_p2_q_reg[dst_addr][2]|1
*uop_p2_q_reg*|uop_p2_q_reg[dst_addr][3]|FDCE|uop_p2_q_reg[dst_addr][3]|1
*uop_p2_q_reg*|uop_p2_q_reg[dst_addr][4]|FDCE|uop_p2_q_reg[dst_addr][4]|1
*uop_p2_q_reg*|uop_p2_q_reg[dst_addr][5]|FDCE|uop_p2_q_reg[dst_addr][5]|1
*uop_p2_q_reg*|uop_p2_q_reg[dst_base][2]|FDCE|uop_p2_q_reg[dst_base][2]|1
*uop_p2_q_reg*|uop_p2_q_reg[dst_base][3]|FDCE|uop_p2_q_reg[dst_base][3]|1
*uop_p2_q_reg*|uop_p2_q_reg[dst_base][4]|FDCE|uop_p2_q_reg[dst_base][4]|1
*uop_p2_q_reg*|uop_p2_q_reg[dst_base][5]|FDCE|uop_p2_q_reg[dst_base][5]|1
*uop_p2_q_reg*|uop_p2_q_reg[is_last_class]|FDCE|uop_p2_q_reg[is_last_class]__0|1
*uop_p2_q_reg*|uop_p2_q_reg[op_type][0]|FDCE|uop_p2_q_reg[op_type][0]|1
*uop_p2_q_reg*|uop_p2_q_reg[op_type][1]|FDCE|uop_p2_q_reg[op_type][1]|1
*uop_p2_q_reg*|uop_p2_q_reg[op_type][2]|FDCE|uop_p2_q_reg[op_type][2]|1
*uop_p2_q_reg*|uop_p2_q_reg[perm_nibble][0]|FDCE|uop_p2_q_reg[perm_nibble][0]|1
*uop_p2_q_reg*|uop_p2_q_reg[perm_nibble][1]|FDCE|uop_p2_q_reg[perm_nibble][1]|1
*uop_p2_q_reg*|uop_p2_q_reg[perm_nibble][2]|FDCE|uop_p2_q_reg[perm_nibble][2]|1
*uop_p2_q_reg*|uop_p2_q_reg[perm_nibble][3]|FDCE|uop_p2_q_reg[perm_nibble][3]|1
*uop_p2_q_reg*|uop_p2_q_reg[src0_addr][0]|FDCE|uop_p2_q_reg[src0_addr][0]|1
*uop_p2_q_reg*|uop_p2_q_reg[src0_addr][1]|FDCE|uop_p2_q_reg[src0_addr][1]|1
*uop_p2_q_reg*|uop_p2_q_reg[src0_addr][2]|FDCE|uop_p2_q_reg[src0_addr][2]|1
*uop_p2_q_reg*|uop_p2_q_reg[src0_addr][3]|FDCE|uop_p2_q_reg[src0_addr][3]|1
*uop_p2_q_reg*|uop_p2_q_reg[src0_addr][4]|FDCE|uop_p2_q_reg[src0_addr][4]|1
*uop_p2_q_reg*|uop_p2_q_reg[src0_addr][5]|FDCE|uop_p2_q_reg[src0_addr][5]|1
*uop_p2_q_reg*|uop_p2_q_reg[src0_base][2]|FDCE|uop_p2_q_reg[src0_base][2]|1
*uop_p2_q_reg*|uop_p2_q_reg[src0_base][3]|FDCE|uop_p2_q_reg[src0_base][3]|1
*uop_p2_q_reg*|uop_p2_q_reg[src0_base][4]|FDCE|uop_p2_q_reg[src0_base][4]|1
*uop_p2_q_reg*|uop_p2_q_reg[src0_base][5]|FDCE|uop_p2_q_reg[src0_base][5]|1
*uop_p2_q_reg*|uop_p2_q_reg[src1_addr][0]|FDCE|uop_p2_q_reg[src1_addr][0]|1
*uop_p2_q_reg*|uop_p2_q_reg[src1_addr][1]|FDCE|uop_p2_q_reg[src1_addr][1]|1
*uop_p2_q_reg*|uop_p2_q_reg[src1_addr][2]|FDCE|uop_p2_q_reg[src1_addr][2]|1
*uop_p2_q_reg*|uop_p2_q_reg[src1_addr][3]|FDCE|uop_p2_q_reg[src1_addr][3]|1
*uop_p2_q_reg*|uop_p2_q_reg[src1_addr][4]|FDCE|uop_p2_q_reg[src1_addr][4]|1
*uop_p2_q_reg*|uop_p2_q_reg[src1_addr][5]|FDCE|uop_p2_q_reg[src1_addr][5]|1
*uop_p2_q_reg*|uop_p2_q_reg[src1_base][2]|FDCE|uop_p2_q_reg[src1_base][2]|1
*uop_p2_q_reg*|uop_p2_q_reg[src1_base][3]|FDCE|uop_p2_q_reg[src1_base][3]|1
*uop_p2_q_reg*|uop_p2_q_reg[src1_base][4]|FDCE|uop_p2_q_reg[src1_base][4]|1
*uop_p2_q_reg*|uop_p2_q_reg[src1_base][5]|FDCE|uop_p2_q_reg[src1_base][5]|1
*uop_p2_q_reg*|uop_p2_q_reg[subgroup_idx][0]|FDCE|uop_p2_q_reg[subgroup_idx][0]|1
*uop_p2_q_reg*|uop_p2_q_reg[subgroup_idx][1]|FDCE|uop_p2_q_reg[subgroup_idx][1]|4
# pattern=*lane_popcnt_q_reg* count=28
*lane_popcnt_q_reg*|gen_lane[0].i_p2_lane_slice/lane_popcnt_q_reg[0]|FDCE|gen_lane[0].i_p2_lane_slice/lane_pop7_q_o[0]|3
*lane_popcnt_q_reg*|gen_lane[0].i_p2_lane_slice/lane_popcnt_q_reg[1]|FDCE|gen_lane[0].i_p2_lane_slice/lane_pop7_q_o[1]|3
*lane_popcnt_q_reg*|gen_lane[0].i_p2_lane_slice/lane_popcnt_q_reg[2]|FDCE|gen_lane[0].i_p2_lane_slice/lane_pop7_q_o[2]|3
*lane_popcnt_q_reg*|gen_lane[0].i_p2_lane_slice/lane_popcnt_q_reg[3]|FDCE|gen_lane[0].i_p2_lane_slice/lane_pop7_q_o[3]|3
*lane_popcnt_q_reg*|gen_lane[0].i_p2_lane_slice/lane_popcnt_q_reg[4]|FDCE|gen_lane[0].i_p2_lane_slice/lane_pop7_q_o[4]|3
*lane_popcnt_q_reg*|gen_lane[0].i_p2_lane_slice/lane_popcnt_q_reg[5]|FDCE|gen_lane[0].i_p2_lane_slice/lane_pop7_q_o[5]|2
*lane_popcnt_q_reg*|gen_lane[0].i_p2_lane_slice/lane_popcnt_q_reg[6]|FDCE|gen_lane[0].i_p2_lane_slice/lane_pop7_q_o[6]|2
*lane_popcnt_q_reg*|gen_lane[1].i_p2_lane_slice/lane_popcnt_q_reg[0]|FDCE|gen_lane[1].i_p2_lane_slice/lane_pop7_q_o[0]|2
*lane_popcnt_q_reg*|gen_lane[1].i_p2_lane_slice/lane_popcnt_q_reg[1]|FDCE|gen_lane[1].i_p2_lane_slice/lane_pop7_q_o[1]|3
*lane_popcnt_q_reg*|gen_lane[1].i_p2_lane_slice/lane_popcnt_q_reg[2]|FDCE|gen_lane[1].i_p2_lane_slice/lane_pop7_q_o[2]|3
*lane_popcnt_q_reg*|gen_lane[1].i_p2_lane_slice/lane_popcnt_q_reg[3]|FDCE|gen_lane[1].i_p2_lane_slice/lane_pop7_q_o[3]|3
*lane_popcnt_q_reg*|gen_lane[1].i_p2_lane_slice/lane_popcnt_q_reg[4]|FDCE|gen_lane[1].i_p2_lane_slice/lane_pop7_q_o[4]|3
*lane_popcnt_q_reg*|gen_lane[1].i_p2_lane_slice/lane_popcnt_q_reg[5]|FDCE|gen_lane[1].i_p2_lane_slice/lane_pop7_q_o[5]|3
*lane_popcnt_q_reg*|gen_lane[1].i_p2_lane_slice/lane_popcnt_q_reg[6]|FDCE|gen_lane[1].i_p2_lane_slice/lane_pop7_q_o[6]|2
*lane_popcnt_q_reg*|gen_lane[2].i_p2_lane_slice/lane_popcnt_q_reg[0]|FDCE|gen_lane[2].i_p2_lane_slice/lane_pop7_q[2][0]|2
*lane_popcnt_q_reg*|gen_lane[2].i_p2_lane_slice/lane_popcnt_q_reg[1]|FDCE|gen_lane[2].i_p2_lane_slice/lane_pop7_q_o[0]|3
*lane_popcnt_q_reg*|gen_lane[2].i_p2_lane_slice/lane_popcnt_q_reg[2]|FDCE|gen_lane[2].i_p2_lane_slice/lane_pop7_q_o[1]|3
*lane_popcnt_q_reg*|gen_lane[2].i_p2_lane_slice/lane_popcnt_q_reg[3]|FDCE|gen_lane[2].i_p2_lane_slice/lane_pop7_q_o[2]|3
*lane_popcnt_q_reg*|gen_lane[2].i_p2_lane_slice/lane_popcnt_q_reg[4]|FDCE|gen_lane[2].i_p2_lane_slice/lane_pop7_q_o[3]|3
*lane_popcnt_q_reg*|gen_lane[2].i_p2_lane_slice/lane_popcnt_q_reg[5]|FDCE|gen_lane[2].i_p2_lane_slice/lane_pop7_q_o[4]|3
*lane_popcnt_q_reg*|gen_lane[2].i_p2_lane_slice/lane_popcnt_q_reg[6]|FDCE|gen_lane[2].i_p2_lane_slice/lane_pop7_q_o[5]|2
*lane_popcnt_q_reg*|gen_lane[3].i_p2_lane_slice/lane_popcnt_q_reg[0]|FDCE|gen_lane[3].i_p2_lane_slice/lane_popcnt_q_reg[6]_0[0]|3
*lane_popcnt_q_reg*|gen_lane[3].i_p2_lane_slice/lane_popcnt_q_reg[1]|FDCE|gen_lane[3].i_p2_lane_slice/lane_popcnt_q_reg[6]_0[1]|3
*lane_popcnt_q_reg*|gen_lane[3].i_p2_lane_slice/lane_popcnt_q_reg[2]|FDCE|gen_lane[3].i_p2_lane_slice/lane_popcnt_q_reg[6]_0[2]|3
*lane_popcnt_q_reg*|gen_lane[3].i_p2_lane_slice/lane_popcnt_q_reg[3]|FDCE|gen_lane[3].i_p2_lane_slice/lane_popcnt_q_reg[6]_0[3]|3
*lane_popcnt_q_reg*|gen_lane[3].i_p2_lane_slice/lane_popcnt_q_reg[4]|FDCE|gen_lane[3].i_p2_lane_slice/lane_popcnt_q_reg[6]_0[4]|3
*lane_popcnt_q_reg*|gen_lane[3].i_p2_lane_slice/lane_popcnt_q_reg[5]|FDCE|gen_lane[3].i_p2_lane_slice/lane_popcnt_q_reg[6]_0[5]|2
*lane_popcnt_q_reg*|gen_lane[3].i_p2_lane_slice/lane_popcnt_q_reg[6]|FDCE|gen_lane[3].i_p2_lane_slice/lane_popcnt_q_reg[6]_0[6]|2
# pattern=*lane_pop7_q* count=0
# pattern=*lane_result_q_reg* count=256
*lane_result_q_reg*|gen_lane[0].i_p2_lane_slice/lane_result_q_reg[0]|FDCE|gen_lane[0].i_p2_lane_slice/lane_vec64_q[0][0]|1
*lane_result_q_reg*|gen_lane[0].i_p2_lane_slice/lane_result_q_reg[10]|FDCE|gen_lane[0].i_p2_lane_slice/lane_vec64_q[0][10]|1
*lane_result_q_reg*|gen_lane[0].i_p2_lane_slice/lane_result_q_reg[11]|FDCE|gen_lane[0].i_p2_lane_slice/lane_vec64_q[0][11]|1
*lane_result_q_reg*|gen_lane[0].i_p2_lane_slice/lane_result_q_reg[12]|FDCE|gen_lane[0].i_p2_lane_slice/lane_vec64_q[0][12]|1
*lane_result_q_reg*|gen_lane[0].i_p2_lane_slice/lane_result_q_reg[13]|FDCE|gen_lane[0].i_p2_lane_slice/lane_vec64_q[0][13]|1
*lane_result_q_reg*|gen_lane[0].i_p2_lane_slice/lane_result_q_reg[14]|FDCE|gen_lane[0].i_p2_lane_slice/lane_vec64_q[0][14]|1
*lane_result_q_reg*|gen_lane[0].i_p2_lane_slice/lane_result_q_reg[15]|FDCE|gen_lane[0].i_p2_lane_slice/lane_vec64_q[0][15]|1
*lane_result_q_reg*|gen_lane[0].i_p2_lane_slice/lane_result_q_reg[16]|FDCE|gen_lane[0].i_p2_lane_slice/lane_vec64_q[0][16]|1
*lane_result_q_reg*|gen_lane[0].i_p2_lane_slice/lane_result_q_reg[17]|FDCE|gen_lane[0].i_p2_lane_slice/lane_vec64_q[0][17]|1
*lane_result_q_reg*|gen_lane[0].i_p2_lane_slice/lane_result_q_reg[18]|FDCE|gen_lane[0].i_p2_lane_slice/lane_vec64_q[0][18]|1
*lane_result_q_reg*|gen_lane[0].i_p2_lane_slice/lane_result_q_reg[19]|FDCE|gen_lane[0].i_p2_lane_slice/lane_vec64_q[0][19]|1
*lane_result_q_reg*|gen_lane[0].i_p2_lane_slice/lane_result_q_reg[1]|FDCE|gen_lane[0].i_p2_lane_slice/lane_vec64_q[0][1]|1
*lane_result_q_reg*|gen_lane[0].i_p2_lane_slice/lane_result_q_reg[20]|FDCE|gen_lane[0].i_p2_lane_slice/lane_vec64_q[0][20]|1
*lane_result_q_reg*|gen_lane[0].i_p2_lane_slice/lane_result_q_reg[21]|FDCE|gen_lane[0].i_p2_lane_slice/lane_vec64_q[0][21]|1
*lane_result_q_reg*|gen_lane[0].i_p2_lane_slice/lane_result_q_reg[22]|FDCE|gen_lane[0].i_p2_lane_slice/lane_vec64_q[0][22]|1
*lane_result_q_reg*|gen_lane[0].i_p2_lane_slice/lane_result_q_reg[23]|FDCE|gen_lane[0].i_p2_lane_slice/lane_vec64_q[0][23]|1
*lane_result_q_reg*|gen_lane[0].i_p2_lane_slice/lane_result_q_reg[24]|FDCE|gen_lane[0].i_p2_lane_slice/lane_vec64_q[0][24]|1
*lane_result_q_reg*|gen_lane[0].i_p2_lane_slice/lane_result_q_reg[25]|FDCE|gen_lane[0].i_p2_lane_slice/lane_vec64_q[0][25]|1
*lane_result_q_reg*|gen_lane[0].i_p2_lane_slice/lane_result_q_reg[26]|FDCE|gen_lane[0].i_p2_lane_slice/lane_vec64_q[0][26]|1
*lane_result_q_reg*|gen_lane[0].i_p2_lane_slice/lane_result_q_reg[27]|FDCE|gen_lane[0].i_p2_lane_slice/lane_vec64_q[0][27]|1
*lane_result_q_reg*|gen_lane[0].i_p2_lane_slice/lane_result_q_reg[28]|FDCE|gen_lane[0].i_p2_lane_slice/lane_vec64_q[0][28]|1
*lane_result_q_reg*|gen_lane[0].i_p2_lane_slice/lane_result_q_reg[29]|FDCE|gen_lane[0].i_p2_lane_slice/lane_vec64_q[0][29]|1
*lane_result_q_reg*|gen_lane[0].i_p2_lane_slice/lane_result_q_reg[2]|FDCE|gen_lane[0].i_p2_lane_slice/lane_vec64_q[0][2]|1
*lane_result_q_reg*|gen_lane[0].i_p2_lane_slice/lane_result_q_reg[30]|FDCE|gen_lane[0].i_p2_lane_slice/lane_vec64_q[0][30]|1
*lane_result_q_reg*|gen_lane[0].i_p2_lane_slice/lane_result_q_reg[31]|FDCE|gen_lane[0].i_p2_lane_slice/lane_vec64_q[0][31]|1
*lane_result_q_reg*|gen_lane[0].i_p2_lane_slice/lane_result_q_reg[32]|FDCE|gen_lane[0].i_p2_lane_slice/lane_vec64_q[0][32]|1
*lane_result_q_reg*|gen_lane[0].i_p2_lane_slice/lane_result_q_reg[33]|FDCE|gen_lane[0].i_p2_lane_slice/lane_vec64_q[0][33]|1
*lane_result_q_reg*|gen_lane[0].i_p2_lane_slice/lane_result_q_reg[34]|FDCE|gen_lane[0].i_p2_lane_slice/lane_vec64_q[0][34]|1
*lane_result_q_reg*|gen_lane[0].i_p2_lane_slice/lane_result_q_reg[35]|FDCE|gen_lane[0].i_p2_lane_slice/lane_vec64_q[0][35]|1
*lane_result_q_reg*|gen_lane[0].i_p2_lane_slice/lane_result_q_reg[36]|FDCE|gen_lane[0].i_p2_lane_slice/lane_vec64_q[0][36]|1
*lane_result_q_reg*|gen_lane[0].i_p2_lane_slice/lane_result_q_reg[37]|FDCE|gen_lane[0].i_p2_lane_slice/lane_vec64_q[0][37]|1
*lane_result_q_reg*|gen_lane[0].i_p2_lane_slice/lane_result_q_reg[38]|FDCE|gen_lane[0].i_p2_lane_slice/lane_vec64_q[0][38]|1
*lane_result_q_reg*|gen_lane[0].i_p2_lane_slice/lane_result_q_reg[39]|FDCE|gen_lane[0].i_p2_lane_slice/lane_vec64_q[0][39]|1
*lane_result_q_reg*|gen_lane[0].i_p2_lane_slice/lane_result_q_reg[3]|FDCE|gen_lane[0].i_p2_lane_slice/lane_vec64_q[0][3]|1
*lane_result_q_reg*|gen_lane[0].i_p2_lane_slice/lane_result_q_reg[40]|FDCE|gen_lane[0].i_p2_lane_slice/lane_vec64_q[0][40]|1
*lane_result_q_reg*|gen_lane[0].i_p2_lane_slice/lane_result_q_reg[41]|FDCE|gen_lane[0].i_p2_lane_slice/lane_vec64_q[0][41]|1
*lane_result_q_reg*|gen_lane[0].i_p2_lane_slice/lane_result_q_reg[42]|FDCE|gen_lane[0].i_p2_lane_slice/lane_vec64_q[0][42]|1
*lane_result_q_reg*|gen_lane[0].i_p2_lane_slice/lane_result_q_reg[43]|FDCE|gen_lane[0].i_p2_lane_slice/lane_vec64_q[0][43]|1
*lane_result_q_reg*|gen_lane[0].i_p2_lane_slice/lane_result_q_reg[44]|FDCE|gen_lane[0].i_p2_lane_slice/lane_vec64_q[0][44]|1
*lane_result_q_reg*|gen_lane[0].i_p2_lane_slice/lane_result_q_reg[45]|FDCE|gen_lane[0].i_p2_lane_slice/lane_vec64_q[0][45]|1
*lane_result_q_reg*|gen_lane[0].i_p2_lane_slice/lane_result_q_reg[46]|FDCE|gen_lane[0].i_p2_lane_slice/lane_vec64_q[0][46]|1
*lane_result_q_reg*|gen_lane[0].i_p2_lane_slice/lane_result_q_reg[47]|FDCE|gen_lane[0].i_p2_lane_slice/lane_vec64_q[0][47]|1
*lane_result_q_reg*|gen_lane[0].i_p2_lane_slice/lane_result_q_reg[48]|FDCE|gen_lane[0].i_p2_lane_slice/lane_vec64_q[0][48]|1
*lane_result_q_reg*|gen_lane[0].i_p2_lane_slice/lane_result_q_reg[49]|FDCE|gen_lane[0].i_p2_lane_slice/lane_vec64_q[0][49]|1
*lane_result_q_reg*|gen_lane[0].i_p2_lane_slice/lane_result_q_reg[4]|FDCE|gen_lane[0].i_p2_lane_slice/lane_vec64_q[0][4]|1
*lane_result_q_reg*|gen_lane[0].i_p2_lane_slice/lane_result_q_reg[50]|FDCE|gen_lane[0].i_p2_lane_slice/lane_vec64_q[0][50]|1
*lane_result_q_reg*|gen_lane[0].i_p2_lane_slice/lane_result_q_reg[51]|FDCE|gen_lane[0].i_p2_lane_slice/lane_vec64_q[0][51]|1
*lane_result_q_reg*|gen_lane[0].i_p2_lane_slice/lane_result_q_reg[52]|FDCE|gen_lane[0].i_p2_lane_slice/lane_vec64_q[0][52]|1
*lane_result_q_reg*|gen_lane[0].i_p2_lane_slice/lane_result_q_reg[53]|FDCE|gen_lane[0].i_p2_lane_slice/lane_vec64_q[0][53]|1
*lane_result_q_reg*|gen_lane[0].i_p2_lane_slice/lane_result_q_reg[54]|FDCE|gen_lane[0].i_p2_lane_slice/lane_vec64_q[0][54]|1
*lane_result_q_reg*|gen_lane[0].i_p2_lane_slice/lane_result_q_reg[55]|FDCE|gen_lane[0].i_p2_lane_slice/lane_vec64_q[0][55]|1
*lane_result_q_reg*|gen_lane[0].i_p2_lane_slice/lane_result_q_reg[56]|FDCE|gen_lane[0].i_p2_lane_slice/lane_vec64_q[0][56]|1
*lane_result_q_reg*|gen_lane[0].i_p2_lane_slice/lane_result_q_reg[57]|FDCE|gen_lane[0].i_p2_lane_slice/lane_vec64_q[0][57]|1
*lane_result_q_reg*|gen_lane[0].i_p2_lane_slice/lane_result_q_reg[58]|FDCE|gen_lane[0].i_p2_lane_slice/lane_vec64_q[0][58]|1
*lane_result_q_reg*|gen_lane[0].i_p2_lane_slice/lane_result_q_reg[59]|FDCE|gen_lane[0].i_p2_lane_slice/lane_vec64_q[0][59]|1
*lane_result_q_reg*|gen_lane[0].i_p2_lane_slice/lane_result_q_reg[5]|FDCE|gen_lane[0].i_p2_lane_slice/lane_vec64_q[0][5]|1
*lane_result_q_reg*|gen_lane[0].i_p2_lane_slice/lane_result_q_reg[60]|FDCE|gen_lane[0].i_p2_lane_slice/lane_vec64_q[0][60]|1
*lane_result_q_reg*|gen_lane[0].i_p2_lane_slice/lane_result_q_reg[61]|FDCE|gen_lane[0].i_p2_lane_slice/lane_vec64_q[0][61]|1
*lane_result_q_reg*|gen_lane[0].i_p2_lane_slice/lane_result_q_reg[62]|FDCE|gen_lane[0].i_p2_lane_slice/lane_vec64_q[0][62]|1
*lane_result_q_reg*|gen_lane[0].i_p2_lane_slice/lane_result_q_reg[63]|FDCE|gen_lane[0].i_p2_lane_slice/lane_vec64_q[0][63]|1
*lane_result_q_reg*|gen_lane[0].i_p2_lane_slice/lane_result_q_reg[6]|FDCE|gen_lane[0].i_p2_lane_slice/lane_vec64_q[0][6]|1
*lane_result_q_reg*|gen_lane[0].i_p2_lane_slice/lane_result_q_reg[7]|FDCE|gen_lane[0].i_p2_lane_slice/lane_vec64_q[0][7]|1
*lane_result_q_reg*|gen_lane[0].i_p2_lane_slice/lane_result_q_reg[8]|FDCE|gen_lane[0].i_p2_lane_slice/lane_vec64_q[0][8]|1
*lane_result_q_reg*|gen_lane[0].i_p2_lane_slice/lane_result_q_reg[9]|FDCE|gen_lane[0].i_p2_lane_slice/lane_vec64_q[0][9]|1
*lane_result_q_reg*|gen_lane[1].i_p2_lane_slice/lane_result_q_reg[0]|FDCE|gen_lane[1].i_p2_lane_slice/lane_vec64_q[1][0]|1
*lane_result_q_reg*|gen_lane[1].i_p2_lane_slice/lane_result_q_reg[10]|FDCE|gen_lane[1].i_p2_lane_slice/lane_vec64_q[1][10]|1
*lane_result_q_reg*|gen_lane[1].i_p2_lane_slice/lane_result_q_reg[11]|FDCE|gen_lane[1].i_p2_lane_slice/lane_vec64_q[1][11]|1
*lane_result_q_reg*|gen_lane[1].i_p2_lane_slice/lane_result_q_reg[12]|FDCE|gen_lane[1].i_p2_lane_slice/lane_vec64_q[1][12]|1
*lane_result_q_reg*|gen_lane[1].i_p2_lane_slice/lane_result_q_reg[13]|FDCE|gen_lane[1].i_p2_lane_slice/lane_vec64_q[1][13]|1
*lane_result_q_reg*|gen_lane[1].i_p2_lane_slice/lane_result_q_reg[14]|FDCE|gen_lane[1].i_p2_lane_slice/lane_vec64_q[1][14]|1
*lane_result_q_reg*|gen_lane[1].i_p2_lane_slice/lane_result_q_reg[15]|FDCE|gen_lane[1].i_p2_lane_slice/lane_vec64_q[1][15]|1
*lane_result_q_reg*|gen_lane[1].i_p2_lane_slice/lane_result_q_reg[16]|FDCE|gen_lane[1].i_p2_lane_slice/lane_vec64_q[1][16]|1
*lane_result_q_reg*|gen_lane[1].i_p2_lane_slice/lane_result_q_reg[17]|FDCE|gen_lane[1].i_p2_lane_slice/lane_vec64_q[1][17]|1
*lane_result_q_reg*|gen_lane[1].i_p2_lane_slice/lane_result_q_reg[18]|FDCE|gen_lane[1].i_p2_lane_slice/lane_vec64_q[1][18]|1
*lane_result_q_reg*|gen_lane[1].i_p2_lane_slice/lane_result_q_reg[19]|FDCE|gen_lane[1].i_p2_lane_slice/lane_vec64_q[1][19]|1
*lane_result_q_reg*|gen_lane[1].i_p2_lane_slice/lane_result_q_reg[1]|FDCE|gen_lane[1].i_p2_lane_slice/lane_vec64_q[1][1]|1
*lane_result_q_reg*|gen_lane[1].i_p2_lane_slice/lane_result_q_reg[20]|FDCE|gen_lane[1].i_p2_lane_slice/lane_vec64_q[1][20]|1
*lane_result_q_reg*|gen_lane[1].i_p2_lane_slice/lane_result_q_reg[21]|FDCE|gen_lane[1].i_p2_lane_slice/lane_vec64_q[1][21]|1
*lane_result_q_reg*|gen_lane[1].i_p2_lane_slice/lane_result_q_reg[22]|FDCE|gen_lane[1].i_p2_lane_slice/lane_vec64_q[1][22]|1
*lane_result_q_reg*|gen_lane[1].i_p2_lane_slice/lane_result_q_reg[23]|FDCE|gen_lane[1].i_p2_lane_slice/lane_vec64_q[1][23]|1
*lane_result_q_reg*|gen_lane[1].i_p2_lane_slice/lane_result_q_reg[24]|FDCE|gen_lane[1].i_p2_lane_slice/lane_vec64_q[1][24]|1
*lane_result_q_reg*|gen_lane[1].i_p2_lane_slice/lane_result_q_reg[25]|FDCE|gen_lane[1].i_p2_lane_slice/lane_vec64_q[1][25]|1
*lane_result_q_reg*|gen_lane[1].i_p2_lane_slice/lane_result_q_reg[26]|FDCE|gen_lane[1].i_p2_lane_slice/lane_vec64_q[1][26]|1
*lane_result_q_reg*|gen_lane[1].i_p2_lane_slice/lane_result_q_reg[27]|FDCE|gen_lane[1].i_p2_lane_slice/lane_vec64_q[1][27]|1
*lane_result_q_reg*|gen_lane[1].i_p2_lane_slice/lane_result_q_reg[28]|FDCE|gen_lane[1].i_p2_lane_slice/lane_vec64_q[1][28]|1
*lane_result_q_reg*|gen_lane[1].i_p2_lane_slice/lane_result_q_reg[29]|FDCE|gen_lane[1].i_p2_lane_slice/lane_vec64_q[1][29]|1
*lane_result_q_reg*|gen_lane[1].i_p2_lane_slice/lane_result_q_reg[2]|FDCE|gen_lane[1].i_p2_lane_slice/lane_vec64_q[1][2]|1
*lane_result_q_reg*|gen_lane[1].i_p2_lane_slice/lane_result_q_reg[30]|FDCE|gen_lane[1].i_p2_lane_slice/lane_vec64_q[1][30]|1
*lane_result_q_reg*|gen_lane[1].i_p2_lane_slice/lane_result_q_reg[31]|FDCE|gen_lane[1].i_p2_lane_slice/lane_vec64_q[1][31]|1
*lane_result_q_reg*|gen_lane[1].i_p2_lane_slice/lane_result_q_reg[32]|FDCE|gen_lane[1].i_p2_lane_slice/lane_vec64_q[1][32]|1
*lane_result_q_reg*|gen_lane[1].i_p2_lane_slice/lane_result_q_reg[33]|FDCE|gen_lane[1].i_p2_lane_slice/lane_vec64_q[1][33]|1
*lane_result_q_reg*|gen_lane[1].i_p2_lane_slice/lane_result_q_reg[34]|FDCE|gen_lane[1].i_p2_lane_slice/lane_vec64_q[1][34]|1
*lane_result_q_reg*|gen_lane[1].i_p2_lane_slice/lane_result_q_reg[35]|FDCE|gen_lane[1].i_p2_lane_slice/lane_vec64_q[1][35]|1
*lane_result_q_reg*|gen_lane[1].i_p2_lane_slice/lane_result_q_reg[36]|FDCE|gen_lane[1].i_p2_lane_slice/lane_vec64_q[1][36]|1
*lane_result_q_reg*|gen_lane[1].i_p2_lane_slice/lane_result_q_reg[37]|FDCE|gen_lane[1].i_p2_lane_slice/lane_vec64_q[1][37]|1
*lane_result_q_reg*|gen_lane[1].i_p2_lane_slice/lane_result_q_reg[38]|FDCE|gen_lane[1].i_p2_lane_slice/lane_vec64_q[1][38]|1
*lane_result_q_reg*|gen_lane[1].i_p2_lane_slice/lane_result_q_reg[39]|FDCE|gen_lane[1].i_p2_lane_slice/lane_vec64_q[1][39]|1
*lane_result_q_reg*|gen_lane[1].i_p2_lane_slice/lane_result_q_reg[3]|FDCE|gen_lane[1].i_p2_lane_slice/lane_vec64_q[1][3]|1
*lane_result_q_reg*|gen_lane[1].i_p2_lane_slice/lane_result_q_reg[40]|FDCE|gen_lane[1].i_p2_lane_slice/lane_vec64_q[1][40]|1
*lane_result_q_reg*|gen_lane[1].i_p2_lane_slice/lane_result_q_reg[41]|FDCE|gen_lane[1].i_p2_lane_slice/lane_vec64_q[1][41]|1
*lane_result_q_reg*|gen_lane[1].i_p2_lane_slice/lane_result_q_reg[42]|FDCE|gen_lane[1].i_p2_lane_slice/lane_vec64_q[1][42]|1
*lane_result_q_reg*|gen_lane[1].i_p2_lane_slice/lane_result_q_reg[43]|FDCE|gen_lane[1].i_p2_lane_slice/lane_vec64_q[1][43]|1
*lane_result_q_reg*|gen_lane[1].i_p2_lane_slice/lane_result_q_reg[44]|FDCE|gen_lane[1].i_p2_lane_slice/lane_vec64_q[1][44]|1
*lane_result_q_reg*|gen_lane[1].i_p2_lane_slice/lane_result_q_reg[45]|FDCE|gen_lane[1].i_p2_lane_slice/lane_vec64_q[1][45]|1
*lane_result_q_reg*|gen_lane[1].i_p2_lane_slice/lane_result_q_reg[46]|FDCE|gen_lane[1].i_p2_lane_slice/lane_vec64_q[1][46]|1
*lane_result_q_reg*|gen_lane[1].i_p2_lane_slice/lane_result_q_reg[47]|FDCE|gen_lane[1].i_p2_lane_slice/lane_vec64_q[1][47]|1
*lane_result_q_reg*|gen_lane[1].i_p2_lane_slice/lane_result_q_reg[48]|FDCE|gen_lane[1].i_p2_lane_slice/lane_vec64_q[1][48]|1
*lane_result_q_reg*|gen_lane[1].i_p2_lane_slice/lane_result_q_reg[49]|FDCE|gen_lane[1].i_p2_lane_slice/lane_vec64_q[1][49]|1
*lane_result_q_reg*|gen_lane[1].i_p2_lane_slice/lane_result_q_reg[4]|FDCE|gen_lane[1].i_p2_lane_slice/lane_vec64_q[1][4]|1
*lane_result_q_reg*|gen_lane[1].i_p2_lane_slice/lane_result_q_reg[50]|FDCE|gen_lane[1].i_p2_lane_slice/lane_vec64_q[1][50]|1
*lane_result_q_reg*|gen_lane[1].i_p2_lane_slice/lane_result_q_reg[51]|FDCE|gen_lane[1].i_p2_lane_slice/lane_vec64_q[1][51]|1
*lane_result_q_reg*|gen_lane[1].i_p2_lane_slice/lane_result_q_reg[52]|FDCE|gen_lane[1].i_p2_lane_slice/lane_vec64_q[1][52]|1
*lane_result_q_reg*|gen_lane[1].i_p2_lane_slice/lane_result_q_reg[53]|FDCE|gen_lane[1].i_p2_lane_slice/lane_vec64_q[1][53]|1
*lane_result_q_reg*|gen_lane[1].i_p2_lane_slice/lane_result_q_reg[54]|FDCE|gen_lane[1].i_p2_lane_slice/lane_vec64_q[1][54]|1
*lane_result_q_reg*|gen_lane[1].i_p2_lane_slice/lane_result_q_reg[55]|FDCE|gen_lane[1].i_p2_lane_slice/lane_vec64_q[1][55]|1
*lane_result_q_reg*|gen_lane[1].i_p2_lane_slice/lane_result_q_reg[56]|FDCE|gen_lane[1].i_p2_lane_slice/lane_vec64_q[1][56]|1
*lane_result_q_reg*|gen_lane[1].i_p2_lane_slice/lane_result_q_reg[57]|FDCE|gen_lane[1].i_p2_lane_slice/lane_vec64_q[1][57]|1
*lane_result_q_reg*|gen_lane[1].i_p2_lane_slice/lane_result_q_reg[58]|FDCE|gen_lane[1].i_p2_lane_slice/lane_vec64_q[1][58]|1
*lane_result_q_reg*|gen_lane[1].i_p2_lane_slice/lane_result_q_reg[59]|FDCE|gen_lane[1].i_p2_lane_slice/lane_vec64_q[1][59]|1
*lane_result_q_reg*|gen_lane[1].i_p2_lane_slice/lane_result_q_reg[5]|FDCE|gen_lane[1].i_p2_lane_slice/lane_vec64_q[1][5]|1
*lane_result_q_reg*|gen_lane[1].i_p2_lane_slice/lane_result_q_reg[60]|FDCE|gen_lane[1].i_p2_lane_slice/lane_vec64_q[1][60]|1
*lane_result_q_reg*|gen_lane[1].i_p2_lane_slice/lane_result_q_reg[61]|FDCE|gen_lane[1].i_p2_lane_slice/lane_vec64_q[1][61]|1
*lane_result_q_reg*|gen_lane[1].i_p2_lane_slice/lane_result_q_reg[62]|FDCE|gen_lane[1].i_p2_lane_slice/lane_vec64_q[1][62]|1
*lane_result_q_reg*|gen_lane[1].i_p2_lane_slice/lane_result_q_reg[63]|FDCE|gen_lane[1].i_p2_lane_slice/lane_vec64_q[1][63]|1
*lane_result_q_reg*|gen_lane[1].i_p2_lane_slice/lane_result_q_reg[6]|FDCE|gen_lane[1].i_p2_lane_slice/lane_vec64_q[1][6]|1
*lane_result_q_reg*|gen_lane[1].i_p2_lane_slice/lane_result_q_reg[7]|FDCE|gen_lane[1].i_p2_lane_slice/lane_vec64_q[1][7]|1
*lane_result_q_reg*|gen_lane[1].i_p2_lane_slice/lane_result_q_reg[8]|FDCE|gen_lane[1].i_p2_lane_slice/lane_vec64_q[1][8]|1
*lane_result_q_reg*|gen_lane[1].i_p2_lane_slice/lane_result_q_reg[9]|FDCE|gen_lane[1].i_p2_lane_slice/lane_vec64_q[1][9]|1
*lane_result_q_reg*|gen_lane[2].i_p2_lane_slice/lane_result_q_reg[0]|FDCE|gen_lane[2].i_p2_lane_slice/lane_vec64_q[2][0]|1
*lane_result_q_reg*|gen_lane[2].i_p2_lane_slice/lane_result_q_reg[10]|FDCE|gen_lane[2].i_p2_lane_slice/lane_vec64_q[2][10]|1
*lane_result_q_reg*|gen_lane[2].i_p2_lane_slice/lane_result_q_reg[11]|FDCE|gen_lane[2].i_p2_lane_slice/lane_vec64_q[2][11]|1
*lane_result_q_reg*|gen_lane[2].i_p2_lane_slice/lane_result_q_reg[12]|FDCE|gen_lane[2].i_p2_lane_slice/lane_vec64_q[2][12]|1
*lane_result_q_reg*|gen_lane[2].i_p2_lane_slice/lane_result_q_reg[13]|FDCE|gen_lane[2].i_p2_lane_slice/lane_vec64_q[2][13]|1
*lane_result_q_reg*|gen_lane[2].i_p2_lane_slice/lane_result_q_reg[14]|FDCE|gen_lane[2].i_p2_lane_slice/lane_vec64_q[2][14]|1
*lane_result_q_reg*|gen_lane[2].i_p2_lane_slice/lane_result_q_reg[15]|FDCE|gen_lane[2].i_p2_lane_slice/lane_vec64_q[2][15]|1
*lane_result_q_reg*|gen_lane[2].i_p2_lane_slice/lane_result_q_reg[16]|FDCE|gen_lane[2].i_p2_lane_slice/lane_vec64_q[2][16]|1
*lane_result_q_reg*|gen_lane[2].i_p2_lane_slice/lane_result_q_reg[17]|FDCE|gen_lane[2].i_p2_lane_slice/lane_vec64_q[2][17]|1
*lane_result_q_reg*|gen_lane[2].i_p2_lane_slice/lane_result_q_reg[18]|FDCE|gen_lane[2].i_p2_lane_slice/lane_vec64_q[2][18]|1
*lane_result_q_reg*|gen_lane[2].i_p2_lane_slice/lane_result_q_reg[19]|FDCE|gen_lane[2].i_p2_lane_slice/lane_vec64_q[2][19]|1
*lane_result_q_reg*|gen_lane[2].i_p2_lane_slice/lane_result_q_reg[1]|FDCE|gen_lane[2].i_p2_lane_slice/lane_vec64_q[2][1]|1
*lane_result_q_reg*|gen_lane[2].i_p2_lane_slice/lane_result_q_reg[20]|FDCE|gen_lane[2].i_p2_lane_slice/lane_vec64_q[2][20]|1
*lane_result_q_reg*|gen_lane[2].i_p2_lane_slice/lane_result_q_reg[21]|FDCE|gen_lane[2].i_p2_lane_slice/lane_vec64_q[2][21]|1
*lane_result_q_reg*|gen_lane[2].i_p2_lane_slice/lane_result_q_reg[22]|FDCE|gen_lane[2].i_p2_lane_slice/lane_vec64_q[2][22]|1
*lane_result_q_reg*|gen_lane[2].i_p2_lane_slice/lane_result_q_reg[23]|FDCE|gen_lane[2].i_p2_lane_slice/lane_vec64_q[2][23]|1
*lane_result_q_reg*|gen_lane[2].i_p2_lane_slice/lane_result_q_reg[24]|FDCE|gen_lane[2].i_p2_lane_slice/lane_vec64_q[2][24]|1
*lane_result_q_reg*|gen_lane[2].i_p2_lane_slice/lane_result_q_reg[25]|FDCE|gen_lane[2].i_p2_lane_slice/lane_vec64_q[2][25]|1
*lane_result_q_reg*|gen_lane[2].i_p2_lane_slice/lane_result_q_reg[26]|FDCE|gen_lane[2].i_p2_lane_slice/lane_vec64_q[2][26]|1
*lane_result_q_reg*|gen_lane[2].i_p2_lane_slice/lane_result_q_reg[27]|FDCE|gen_lane[2].i_p2_lane_slice/lane_vec64_q[2][27]|1
*lane_result_q_reg*|gen_lane[2].i_p2_lane_slice/lane_result_q_reg[28]|FDCE|gen_lane[2].i_p2_lane_slice/lane_vec64_q[2][28]|1
*lane_result_q_reg*|gen_lane[2].i_p2_lane_slice/lane_result_q_reg[29]|FDCE|gen_lane[2].i_p2_lane_slice/lane_vec64_q[2][29]|1
*lane_result_q_reg*|gen_lane[2].i_p2_lane_slice/lane_result_q_reg[2]|FDCE|gen_lane[2].i_p2_lane_slice/lane_vec64_q[2][2]|1
*lane_result_q_reg*|gen_lane[2].i_p2_lane_slice/lane_result_q_reg[30]|FDCE|gen_lane[2].i_p2_lane_slice/lane_vec64_q[2][30]|1
*lane_result_q_reg*|gen_lane[2].i_p2_lane_slice/lane_result_q_reg[31]|FDCE|gen_lane[2].i_p2_lane_slice/lane_vec64_q[2][31]|1
*lane_result_q_reg*|gen_lane[2].i_p2_lane_slice/lane_result_q_reg[32]|FDCE|gen_lane[2].i_p2_lane_slice/lane_vec64_q[2][32]|1
*lane_result_q_reg*|gen_lane[2].i_p2_lane_slice/lane_result_q_reg[33]|FDCE|gen_lane[2].i_p2_lane_slice/lane_vec64_q[2][33]|1
*lane_result_q_reg*|gen_lane[2].i_p2_lane_slice/lane_result_q_reg[34]|FDCE|gen_lane[2].i_p2_lane_slice/lane_vec64_q[2][34]|1
*lane_result_q_reg*|gen_lane[2].i_p2_lane_slice/lane_result_q_reg[35]|FDCE|gen_lane[2].i_p2_lane_slice/lane_vec64_q[2][35]|1
*lane_result_q_reg*|gen_lane[2].i_p2_lane_slice/lane_result_q_reg[36]|FDCE|gen_lane[2].i_p2_lane_slice/lane_vec64_q[2][36]|1
*lane_result_q_reg*|gen_lane[2].i_p2_lane_slice/lane_result_q_reg[37]|FDCE|gen_lane[2].i_p2_lane_slice/lane_vec64_q[2][37]|1
*lane_result_q_reg*|gen_lane[2].i_p2_lane_slice/lane_result_q_reg[38]|FDCE|gen_lane[2].i_p2_lane_slice/lane_vec64_q[2][38]|1
*lane_result_q_reg*|gen_lane[2].i_p2_lane_slice/lane_result_q_reg[39]|FDCE|gen_lane[2].i_p2_lane_slice/lane_vec64_q[2][39]|1
*lane_result_q_reg*|gen_lane[2].i_p2_lane_slice/lane_result_q_reg[3]|FDCE|gen_lane[2].i_p2_lane_slice/lane_vec64_q[2][3]|1
*lane_result_q_reg*|gen_lane[2].i_p2_lane_slice/lane_result_q_reg[40]|FDCE|gen_lane[2].i_p2_lane_slice/lane_vec64_q[2][40]|1
*lane_result_q_reg*|gen_lane[2].i_p2_lane_slice/lane_result_q_reg[41]|FDCE|gen_lane[2].i_p2_lane_slice/lane_vec64_q[2][41]|1
*lane_result_q_reg*|gen_lane[2].i_p2_lane_slice/lane_result_q_reg[42]|FDCE|gen_lane[2].i_p2_lane_slice/lane_vec64_q[2][42]|1
*lane_result_q_reg*|gen_lane[2].i_p2_lane_slice/lane_result_q_reg[43]|FDCE|gen_lane[2].i_p2_lane_slice/lane_vec64_q[2][43]|1
*lane_result_q_reg*|gen_lane[2].i_p2_lane_slice/lane_result_q_reg[44]|FDCE|gen_lane[2].i_p2_lane_slice/lane_vec64_q[2][44]|1
*lane_result_q_reg*|gen_lane[2].i_p2_lane_slice/lane_result_q_reg[45]|FDCE|gen_lane[2].i_p2_lane_slice/lane_vec64_q[2][45]|1
*lane_result_q_reg*|gen_lane[2].i_p2_lane_slice/lane_result_q_reg[46]|FDCE|gen_lane[2].i_p2_lane_slice/lane_vec64_q[2][46]|1
*lane_result_q_reg*|gen_lane[2].i_p2_lane_slice/lane_result_q_reg[47]|FDCE|gen_lane[2].i_p2_lane_slice/lane_vec64_q[2][47]|1
*lane_result_q_reg*|gen_lane[2].i_p2_lane_slice/lane_result_q_reg[48]|FDCE|gen_lane[2].i_p2_lane_slice/lane_vec64_q[2][48]|1
*lane_result_q_reg*|gen_lane[2].i_p2_lane_slice/lane_result_q_reg[49]|FDCE|gen_lane[2].i_p2_lane_slice/lane_vec64_q[2][49]|1
*lane_result_q_reg*|gen_lane[2].i_p2_lane_slice/lane_result_q_reg[4]|FDCE|gen_lane[2].i_p2_lane_slice/lane_vec64_q[2][4]|1
*lane_result_q_reg*|gen_lane[2].i_p2_lane_slice/lane_result_q_reg[50]|FDCE|gen_lane[2].i_p2_lane_slice/lane_vec64_q[2][50]|1
*lane_result_q_reg*|gen_lane[2].i_p2_lane_slice/lane_result_q_reg[51]|FDCE|gen_lane[2].i_p2_lane_slice/lane_vec64_q[2][51]|1
*lane_result_q_reg*|gen_lane[2].i_p2_lane_slice/lane_result_q_reg[52]|FDCE|gen_lane[2].i_p2_lane_slice/lane_vec64_q[2][52]|1
*lane_result_q_reg*|gen_lane[2].i_p2_lane_slice/lane_result_q_reg[53]|FDCE|gen_lane[2].i_p2_lane_slice/lane_vec64_q[2][53]|1
*lane_result_q_reg*|gen_lane[2].i_p2_lane_slice/lane_result_q_reg[54]|FDCE|gen_lane[2].i_p2_lane_slice/lane_vec64_q[2][54]|1
*lane_result_q_reg*|gen_lane[2].i_p2_lane_slice/lane_result_q_reg[55]|FDCE|gen_lane[2].i_p2_lane_slice/lane_vec64_q[2][55]|1
*lane_result_q_reg*|gen_lane[2].i_p2_lane_slice/lane_result_q_reg[56]|FDCE|gen_lane[2].i_p2_lane_slice/lane_vec64_q[2][56]|1
*lane_result_q_reg*|gen_lane[2].i_p2_lane_slice/lane_result_q_reg[57]|FDCE|gen_lane[2].i_p2_lane_slice/lane_vec64_q[2][57]|1
*lane_result_q_reg*|gen_lane[2].i_p2_lane_slice/lane_result_q_reg[58]|FDCE|gen_lane[2].i_p2_lane_slice/lane_vec64_q[2][58]|1
*lane_result_q_reg*|gen_lane[2].i_p2_lane_slice/lane_result_q_reg[59]|FDCE|gen_lane[2].i_p2_lane_slice/lane_vec64_q[2][59]|1
*lane_result_q_reg*|gen_lane[2].i_p2_lane_slice/lane_result_q_reg[5]|FDCE|gen_lane[2].i_p2_lane_slice/lane_vec64_q[2][5]|1
*lane_result_q_reg*|gen_lane[2].i_p2_lane_slice/lane_result_q_reg[60]|FDCE|gen_lane[2].i_p2_lane_slice/lane_vec64_q[2][60]|1
*lane_result_q_reg*|gen_lane[2].i_p2_lane_slice/lane_result_q_reg[61]|FDCE|gen_lane[2].i_p2_lane_slice/lane_vec64_q[2][61]|1
*lane_result_q_reg*|gen_lane[2].i_p2_lane_slice/lane_result_q_reg[62]|FDCE|gen_lane[2].i_p2_lane_slice/lane_vec64_q[2][62]|1
*lane_result_q_reg*|gen_lane[2].i_p2_lane_slice/lane_result_q_reg[63]|FDCE|gen_lane[2].i_p2_lane_slice/lane_vec64_q[2][63]|1
*lane_result_q_reg*|gen_lane[2].i_p2_lane_slice/lane_result_q_reg[6]|FDCE|gen_lane[2].i_p2_lane_slice/lane_vec64_q[2][6]|1
*lane_result_q_reg*|gen_lane[2].i_p2_lane_slice/lane_result_q_reg[7]|FDCE|gen_lane[2].i_p2_lane_slice/lane_vec64_q[2][7]|1
*lane_result_q_reg*|gen_lane[2].i_p2_lane_slice/lane_result_q_reg[8]|FDCE|gen_lane[2].i_p2_lane_slice/lane_vec64_q[2][8]|1
*lane_result_q_reg*|gen_lane[2].i_p2_lane_slice/lane_result_q_reg[9]|FDCE|gen_lane[2].i_p2_lane_slice/lane_vec64_q[2][9]|1
*lane_result_q_reg*|gen_lane[3].i_p2_lane_slice/lane_result_q_reg[0]|FDCE|gen_lane[3].i_p2_lane_slice/lane_vec64_q[3][0]|1
*lane_result_q_reg*|gen_lane[3].i_p2_lane_slice/lane_result_q_reg[10]|FDCE|gen_lane[3].i_p2_lane_slice/lane_vec64_q[3][10]|1
*lane_result_q_reg*|gen_lane[3].i_p2_lane_slice/lane_result_q_reg[11]|FDCE|gen_lane[3].i_p2_lane_slice/lane_vec64_q[3][11]|1
*lane_result_q_reg*|gen_lane[3].i_p2_lane_slice/lane_result_q_reg[12]|FDCE|gen_lane[3].i_p2_lane_slice/lane_vec64_q[3][12]|1
*lane_result_q_reg*|gen_lane[3].i_p2_lane_slice/lane_result_q_reg[13]|FDCE|gen_lane[3].i_p2_lane_slice/lane_vec64_q[3][13]|1
*lane_result_q_reg*|gen_lane[3].i_p2_lane_slice/lane_result_q_reg[14]|FDCE|gen_lane[3].i_p2_lane_slice/lane_vec64_q[3][14]|1
*lane_result_q_reg*|gen_lane[3].i_p2_lane_slice/lane_result_q_reg[15]|FDCE|gen_lane[3].i_p2_lane_slice/lane_vec64_q[3][15]|1
*lane_result_q_reg*|gen_lane[3].i_p2_lane_slice/lane_result_q_reg[16]|FDCE|gen_lane[3].i_p2_lane_slice/lane_vec64_q[3][16]|1
*lane_result_q_reg*|gen_lane[3].i_p2_lane_slice/lane_result_q_reg[17]|FDCE|gen_lane[3].i_p2_lane_slice/lane_vec64_q[3][17]|1
*lane_result_q_reg*|gen_lane[3].i_p2_lane_slice/lane_result_q_reg[18]|FDCE|gen_lane[3].i_p2_lane_slice/lane_vec64_q[3][18]|1
*lane_result_q_reg*|gen_lane[3].i_p2_lane_slice/lane_result_q_reg[19]|FDCE|gen_lane[3].i_p2_lane_slice/lane_vec64_q[3][19]|1
*lane_result_q_reg*|gen_lane[3].i_p2_lane_slice/lane_result_q_reg[1]|FDCE|gen_lane[3].i_p2_lane_slice/lane_vec64_q[3][1]|1
*lane_result_q_reg*|gen_lane[3].i_p2_lane_slice/lane_result_q_reg[20]|FDCE|gen_lane[3].i_p2_lane_slice/lane_vec64_q[3][20]|1
*lane_result_q_reg*|gen_lane[3].i_p2_lane_slice/lane_result_q_reg[21]|FDCE|gen_lane[3].i_p2_lane_slice/lane_vec64_q[3][21]|1
*lane_result_q_reg*|gen_lane[3].i_p2_lane_slice/lane_result_q_reg[22]|FDCE|gen_lane[3].i_p2_lane_slice/lane_vec64_q[3][22]|1
*lane_result_q_reg*|gen_lane[3].i_p2_lane_slice/lane_result_q_reg[23]|FDCE|gen_lane[3].i_p2_lane_slice/lane_vec64_q[3][23]|1
*lane_result_q_reg*|gen_lane[3].i_p2_lane_slice/lane_result_q_reg[24]|FDCE|gen_lane[3].i_p2_lane_slice/lane_vec64_q[3][24]|1
*lane_result_q_reg*|gen_lane[3].i_p2_lane_slice/lane_result_q_reg[25]|FDCE|gen_lane[3].i_p2_lane_slice/lane_vec64_q[3][25]|1
*lane_result_q_reg*|gen_lane[3].i_p2_lane_slice/lane_result_q_reg[26]|FDCE|gen_lane[3].i_p2_lane_slice/lane_vec64_q[3][26]|1
*lane_result_q_reg*|gen_lane[3].i_p2_lane_slice/lane_result_q_reg[27]|FDCE|gen_lane[3].i_p2_lane_slice/lane_vec64_q[3][27]|1
*lane_result_q_reg*|gen_lane[3].i_p2_lane_slice/lane_result_q_reg[28]|FDCE|gen_lane[3].i_p2_lane_slice/lane_vec64_q[3][28]|1
*lane_result_q_reg*|gen_lane[3].i_p2_lane_slice/lane_result_q_reg[29]|FDCE|gen_lane[3].i_p2_lane_slice/lane_vec64_q[3][29]|1
*lane_result_q_reg*|gen_lane[3].i_p2_lane_slice/lane_result_q_reg[2]|FDCE|gen_lane[3].i_p2_lane_slice/lane_vec64_q[3][2]|1
*lane_result_q_reg*|gen_lane[3].i_p2_lane_slice/lane_result_q_reg[30]|FDCE|gen_lane[3].i_p2_lane_slice/lane_vec64_q[3][30]|1
*lane_result_q_reg*|gen_lane[3].i_p2_lane_slice/lane_result_q_reg[31]|FDCE|gen_lane[3].i_p2_lane_slice/lane_vec64_q[3][31]|1
*lane_result_q_reg*|gen_lane[3].i_p2_lane_slice/lane_result_q_reg[32]|FDCE|gen_lane[3].i_p2_lane_slice/lane_vec64_q[3][32]|1
*lane_result_q_reg*|gen_lane[3].i_p2_lane_slice/lane_result_q_reg[33]|FDCE|gen_lane[3].i_p2_lane_slice/lane_vec64_q[3][33]|1
*lane_result_q_reg*|gen_lane[3].i_p2_lane_slice/lane_result_q_reg[34]|FDCE|gen_lane[3].i_p2_lane_slice/lane_vec64_q[3][34]|1
*lane_result_q_reg*|gen_lane[3].i_p2_lane_slice/lane_result_q_reg[35]|FDCE|gen_lane[3].i_p2_lane_slice/lane_vec64_q[3][35]|1
*lane_result_q_reg*|gen_lane[3].i_p2_lane_slice/lane_result_q_reg[36]|FDCE|gen_lane[3].i_p2_lane_slice/lane_vec64_q[3][36]|1
*lane_result_q_reg*|gen_lane[3].i_p2_lane_slice/lane_result_q_reg[37]|FDCE|gen_lane[3].i_p2_lane_slice/lane_vec64_q[3][37]|1
*lane_result_q_reg*|gen_lane[3].i_p2_lane_slice/lane_result_q_reg[38]|FDCE|gen_lane[3].i_p2_lane_slice/lane_vec64_q[3][38]|1
*lane_result_q_reg*|gen_lane[3].i_p2_lane_slice/lane_result_q_reg[39]|FDCE|gen_lane[3].i_p2_lane_slice/lane_vec64_q[3][39]|1
*lane_result_q_reg*|gen_lane[3].i_p2_lane_slice/lane_result_q_reg[3]|FDCE|gen_lane[3].i_p2_lane_slice/lane_vec64_q[3][3]|1
*lane_result_q_reg*|gen_lane[3].i_p2_lane_slice/lane_result_q_reg[40]|FDCE|gen_lane[3].i_p2_lane_slice/lane_vec64_q[3][40]|1
*lane_result_q_reg*|gen_lane[3].i_p2_lane_slice/lane_result_q_reg[41]|FDCE|gen_lane[3].i_p2_lane_slice/lane_vec64_q[3][41]|1
*lane_result_q_reg*|gen_lane[3].i_p2_lane_slice/lane_result_q_reg[42]|FDCE|gen_lane[3].i_p2_lane_slice/lane_vec64_q[3][42]|1
*lane_result_q_reg*|gen_lane[3].i_p2_lane_slice/lane_result_q_reg[43]|FDCE|gen_lane[3].i_p2_lane_slice/lane_vec64_q[3][43]|1
*lane_result_q_reg*|gen_lane[3].i_p2_lane_slice/lane_result_q_reg[44]|FDCE|gen_lane[3].i_p2_lane_slice/lane_vec64_q[3][44]|1
*lane_result_q_reg*|gen_lane[3].i_p2_lane_slice/lane_result_q_reg[45]|FDCE|gen_lane[3].i_p2_lane_slice/lane_vec64_q[3][45]|1
*lane_result_q_reg*|gen_lane[3].i_p2_lane_slice/lane_result_q_reg[46]|FDCE|gen_lane[3].i_p2_lane_slice/lane_vec64_q[3][46]|1
*lane_result_q_reg*|gen_lane[3].i_p2_lane_slice/lane_result_q_reg[47]|FDCE|gen_lane[3].i_p2_lane_slice/lane_vec64_q[3][47]|1
*lane_result_q_reg*|gen_lane[3].i_p2_lane_slice/lane_result_q_reg[48]|FDCE|gen_lane[3].i_p2_lane_slice/lane_vec64_q[3][48]|1
*lane_result_q_reg*|gen_lane[3].i_p2_lane_slice/lane_result_q_reg[49]|FDCE|gen_lane[3].i_p2_lane_slice/lane_vec64_q[3][49]|1
*lane_result_q_reg*|gen_lane[3].i_p2_lane_slice/lane_result_q_reg[4]|FDCE|gen_lane[3].i_p2_lane_slice/lane_vec64_q[3][4]|1
*lane_result_q_reg*|gen_lane[3].i_p2_lane_slice/lane_result_q_reg[50]|FDCE|gen_lane[3].i_p2_lane_slice/lane_vec64_q[3][50]|1
*lane_result_q_reg*|gen_lane[3].i_p2_lane_slice/lane_result_q_reg[51]|FDCE|gen_lane[3].i_p2_lane_slice/lane_vec64_q[3][51]|1
*lane_result_q_reg*|gen_lane[3].i_p2_lane_slice/lane_result_q_reg[52]|FDCE|gen_lane[3].i_p2_lane_slice/lane_vec64_q[3][52]|1
*lane_result_q_reg*|gen_lane[3].i_p2_lane_slice/lane_result_q_reg[53]|FDCE|gen_lane[3].i_p2_lane_slice/lane_vec64_q[3][53]|1
*lane_result_q_reg*|gen_lane[3].i_p2_lane_slice/lane_result_q_reg[54]|FDCE|gen_lane[3].i_p2_lane_slice/lane_vec64_q[3][54]|1
*lane_result_q_reg*|gen_lane[3].i_p2_lane_slice/lane_result_q_reg[55]|FDCE|gen_lane[3].i_p2_lane_slice/lane_vec64_q[3][55]|1
*lane_result_q_reg*|gen_lane[3].i_p2_lane_slice/lane_result_q_reg[56]|FDCE|gen_lane[3].i_p2_lane_slice/lane_vec64_q[3][56]|1
*lane_result_q_reg*|gen_lane[3].i_p2_lane_slice/lane_result_q_reg[57]|FDCE|gen_lane[3].i_p2_lane_slice/lane_vec64_q[3][57]|1
*lane_result_q_reg*|gen_lane[3].i_p2_lane_slice/lane_result_q_reg[58]|FDCE|gen_lane[3].i_p2_lane_slice/lane_vec64_q[3][58]|1
*lane_result_q_reg*|gen_lane[3].i_p2_lane_slice/lane_result_q_reg[59]|FDCE|gen_lane[3].i_p2_lane_slice/lane_vec64_q[3][59]|1
*lane_result_q_reg*|gen_lane[3].i_p2_lane_slice/lane_result_q_reg[5]|FDCE|gen_lane[3].i_p2_lane_slice/lane_vec64_q[3][5]|1
*lane_result_q_reg*|gen_lane[3].i_p2_lane_slice/lane_result_q_reg[60]|FDCE|gen_lane[3].i_p2_lane_slice/lane_vec64_q[3][60]|1
*lane_result_q_reg*|gen_lane[3].i_p2_lane_slice/lane_result_q_reg[61]|FDCE|gen_lane[3].i_p2_lane_slice/lane_vec64_q[3][61]|1
*lane_result_q_reg*|gen_lane[3].i_p2_lane_slice/lane_result_q_reg[62]|FDCE|gen_lane[3].i_p2_lane_slice/lane_vec64_q[3][62]|1
*lane_result_q_reg*|gen_lane[3].i_p2_lane_slice/lane_result_q_reg[63]|FDCE|gen_lane[3].i_p2_lane_slice/lane_vec64_q[3][63]|1
*lane_result_q_reg*|gen_lane[3].i_p2_lane_slice/lane_result_q_reg[6]|FDCE|gen_lane[3].i_p2_lane_slice/lane_vec64_q[3][6]|1
*lane_result_q_reg*|gen_lane[3].i_p2_lane_slice/lane_result_q_reg[7]|FDCE|gen_lane[3].i_p2_lane_slice/lane_vec64_q[3][7]|1
*lane_result_q_reg*|gen_lane[3].i_p2_lane_slice/lane_result_q_reg[8]|FDCE|gen_lane[3].i_p2_lane_slice/lane_vec64_q[3][8]|1
*lane_result_q_reg*|gen_lane[3].i_p2_lane_slice/lane_result_q_reg[9]|FDCE|gen_lane[3].i_p2_lane_slice/lane_vec64_q[3][9]|1
# pattern=*lane_clip_q_reg* count=64
*lane_clip_q_reg*|gen_lane[0].i_p2_lane_slice/lane_clip_q_reg[0]|FDCE|gen_lane[0].i_p2_lane_slice/lane_clip16_q[0][0]|4
*lane_clip_q_reg*|gen_lane[0].i_p2_lane_slice/lane_clip_q_reg[10]|FDCE|gen_lane[0].i_p2_lane_slice/lane_clip16_q[0][10]|4
*lane_clip_q_reg*|gen_lane[0].i_p2_lane_slice/lane_clip_q_reg[11]|FDCE|gen_lane[0].i_p2_lane_slice/lane_clip16_q[0][11]|4
*lane_clip_q_reg*|gen_lane[0].i_p2_lane_slice/lane_clip_q_reg[12]|FDCE|gen_lane[0].i_p2_lane_slice/lane_clip16_q[0][12]|4
*lane_clip_q_reg*|gen_lane[0].i_p2_lane_slice/lane_clip_q_reg[13]|FDCE|gen_lane[0].i_p2_lane_slice/lane_clip16_q[0][13]|4
*lane_clip_q_reg*|gen_lane[0].i_p2_lane_slice/lane_clip_q_reg[14]|FDCE|gen_lane[0].i_p2_lane_slice/lane_clip16_q[0][14]|4
*lane_clip_q_reg*|gen_lane[0].i_p2_lane_slice/lane_clip_q_reg[15]|FDCE|gen_lane[0].i_p2_lane_slice/lane_clip16_q[0][15]|4
*lane_clip_q_reg*|gen_lane[0].i_p2_lane_slice/lane_clip_q_reg[1]|FDCE|gen_lane[0].i_p2_lane_slice/lane_clip16_q[0][1]|4
*lane_clip_q_reg*|gen_lane[0].i_p2_lane_slice/lane_clip_q_reg[2]|FDCE|gen_lane[0].i_p2_lane_slice/lane_clip16_q[0][2]|4
*lane_clip_q_reg*|gen_lane[0].i_p2_lane_slice/lane_clip_q_reg[3]|FDCE|gen_lane[0].i_p2_lane_slice/lane_clip16_q[0][3]|4
*lane_clip_q_reg*|gen_lane[0].i_p2_lane_slice/lane_clip_q_reg[4]|FDCE|gen_lane[0].i_p2_lane_slice/lane_clip16_q[0][4]|4
*lane_clip_q_reg*|gen_lane[0].i_p2_lane_slice/lane_clip_q_reg[5]|FDCE|gen_lane[0].i_p2_lane_slice/lane_clip16_q[0][5]|4
*lane_clip_q_reg*|gen_lane[0].i_p2_lane_slice/lane_clip_q_reg[6]|FDCE|gen_lane[0].i_p2_lane_slice/lane_clip16_q[0][6]|4
*lane_clip_q_reg*|gen_lane[0].i_p2_lane_slice/lane_clip_q_reg[7]|FDCE|gen_lane[0].i_p2_lane_slice/lane_clip16_q[0][7]|4
*lane_clip_q_reg*|gen_lane[0].i_p2_lane_slice/lane_clip_q_reg[8]|FDCE|gen_lane[0].i_p2_lane_slice/lane_clip16_q[0][8]|4
*lane_clip_q_reg*|gen_lane[0].i_p2_lane_slice/lane_clip_q_reg[9]|FDCE|gen_lane[0].i_p2_lane_slice/lane_clip16_q[0][9]|4
*lane_clip_q_reg*|gen_lane[1].i_p2_lane_slice/lane_clip_q_reg[0]|FDCE|gen_lane[1].i_p2_lane_slice/lane_clip16_q[1][0]|4
*lane_clip_q_reg*|gen_lane[1].i_p2_lane_slice/lane_clip_q_reg[10]|FDCE|gen_lane[1].i_p2_lane_slice/lane_clip16_q[1][10]|4
*lane_clip_q_reg*|gen_lane[1].i_p2_lane_slice/lane_clip_q_reg[11]|FDCE|gen_lane[1].i_p2_lane_slice/lane_clip16_q[1][11]|4
*lane_clip_q_reg*|gen_lane[1].i_p2_lane_slice/lane_clip_q_reg[12]|FDCE|gen_lane[1].i_p2_lane_slice/lane_clip16_q[1][12]|4
*lane_clip_q_reg*|gen_lane[1].i_p2_lane_slice/lane_clip_q_reg[13]|FDCE|gen_lane[1].i_p2_lane_slice/lane_clip16_q[1][13]|4
*lane_clip_q_reg*|gen_lane[1].i_p2_lane_slice/lane_clip_q_reg[14]|FDCE|gen_lane[1].i_p2_lane_slice/lane_clip16_q[1][14]|4
*lane_clip_q_reg*|gen_lane[1].i_p2_lane_slice/lane_clip_q_reg[15]|FDCE|gen_lane[1].i_p2_lane_slice/lane_clip16_q[1][15]|4
*lane_clip_q_reg*|gen_lane[1].i_p2_lane_slice/lane_clip_q_reg[1]|FDCE|gen_lane[1].i_p2_lane_slice/lane_clip16_q[1][1]|4
*lane_clip_q_reg*|gen_lane[1].i_p2_lane_slice/lane_clip_q_reg[2]|FDCE|gen_lane[1].i_p2_lane_slice/lane_clip16_q[1][2]|4
*lane_clip_q_reg*|gen_lane[1].i_p2_lane_slice/lane_clip_q_reg[3]|FDCE|gen_lane[1].i_p2_lane_slice/lane_clip16_q[1][3]|4
*lane_clip_q_reg*|gen_lane[1].i_p2_lane_slice/lane_clip_q_reg[4]|FDCE|gen_lane[1].i_p2_lane_slice/lane_clip16_q[1][4]|4
*lane_clip_q_reg*|gen_lane[1].i_p2_lane_slice/lane_clip_q_reg[5]|FDCE|gen_lane[1].i_p2_lane_slice/lane_clip16_q[1][5]|4
*lane_clip_q_reg*|gen_lane[1].i_p2_lane_slice/lane_clip_q_reg[6]|FDCE|gen_lane[1].i_p2_lane_slice/lane_clip16_q[1][6]|4
*lane_clip_q_reg*|gen_lane[1].i_p2_lane_slice/lane_clip_q_reg[7]|FDCE|gen_lane[1].i_p2_lane_slice/lane_clip16_q[1][7]|4
*lane_clip_q_reg*|gen_lane[1].i_p2_lane_slice/lane_clip_q_reg[8]|FDCE|gen_lane[1].i_p2_lane_slice/lane_clip16_q[1][8]|4
*lane_clip_q_reg*|gen_lane[1].i_p2_lane_slice/lane_clip_q_reg[9]|FDCE|gen_lane[1].i_p2_lane_slice/lane_clip16_q[1][9]|4
*lane_clip_q_reg*|gen_lane[2].i_p2_lane_slice/lane_clip_q_reg[0]|FDCE|gen_lane[2].i_p2_lane_slice/lane_clip16_q[2][0]|4
*lane_clip_q_reg*|gen_lane[2].i_p2_lane_slice/lane_clip_q_reg[10]|FDCE|gen_lane[2].i_p2_lane_slice/lane_clip16_q[2][10]|4
*lane_clip_q_reg*|gen_lane[2].i_p2_lane_slice/lane_clip_q_reg[11]|FDCE|gen_lane[2].i_p2_lane_slice/lane_clip16_q[2][11]|4
*lane_clip_q_reg*|gen_lane[2].i_p2_lane_slice/lane_clip_q_reg[12]|FDCE|gen_lane[2].i_p2_lane_slice/lane_clip16_q[2][12]|4
*lane_clip_q_reg*|gen_lane[2].i_p2_lane_slice/lane_clip_q_reg[13]|FDCE|gen_lane[2].i_p2_lane_slice/lane_clip16_q[2][13]|4
*lane_clip_q_reg*|gen_lane[2].i_p2_lane_slice/lane_clip_q_reg[14]|FDCE|gen_lane[2].i_p2_lane_slice/lane_clip16_q[2][14]|4
*lane_clip_q_reg*|gen_lane[2].i_p2_lane_slice/lane_clip_q_reg[15]|FDCE|gen_lane[2].i_p2_lane_slice/lane_clip16_q[2][15]|4
*lane_clip_q_reg*|gen_lane[2].i_p2_lane_slice/lane_clip_q_reg[1]|FDCE|gen_lane[2].i_p2_lane_slice/lane_clip16_q[2][1]|4
*lane_clip_q_reg*|gen_lane[2].i_p2_lane_slice/lane_clip_q_reg[2]|FDCE|gen_lane[2].i_p2_lane_slice/lane_clip16_q[2][2]|4
*lane_clip_q_reg*|gen_lane[2].i_p2_lane_slice/lane_clip_q_reg[3]|FDCE|gen_lane[2].i_p2_lane_slice/lane_clip16_q[2][3]|4
*lane_clip_q_reg*|gen_lane[2].i_p2_lane_slice/lane_clip_q_reg[4]|FDCE|gen_lane[2].i_p2_lane_slice/lane_clip16_q[2][4]|4
*lane_clip_q_reg*|gen_lane[2].i_p2_lane_slice/lane_clip_q_reg[5]|FDCE|gen_lane[2].i_p2_lane_slice/lane_clip16_q[2][5]|4
*lane_clip_q_reg*|gen_lane[2].i_p2_lane_slice/lane_clip_q_reg[6]|FDCE|gen_lane[2].i_p2_lane_slice/lane_clip16_q[2][6]|4
*lane_clip_q_reg*|gen_lane[2].i_p2_lane_slice/lane_clip_q_reg[7]|FDCE|gen_lane[2].i_p2_lane_slice/lane_clip16_q[2][7]|4
*lane_clip_q_reg*|gen_lane[2].i_p2_lane_slice/lane_clip_q_reg[8]|FDCE|gen_lane[2].i_p2_lane_slice/lane_clip16_q[2][8]|4
*lane_clip_q_reg*|gen_lane[2].i_p2_lane_slice/lane_clip_q_reg[9]|FDCE|gen_lane[2].i_p2_lane_slice/lane_clip16_q[2][9]|4
*lane_clip_q_reg*|gen_lane[3].i_p2_lane_slice/lane_clip_q_reg[0]|FDCE|gen_lane[3].i_p2_lane_slice/lane_clip16_q[3][0]|4
*lane_clip_q_reg*|gen_lane[3].i_p2_lane_slice/lane_clip_q_reg[10]|FDCE|gen_lane[3].i_p2_lane_slice/lane_clip16_q[3][10]|4
*lane_clip_q_reg*|gen_lane[3].i_p2_lane_slice/lane_clip_q_reg[11]|FDCE|gen_lane[3].i_p2_lane_slice/lane_clip16_q[3][11]|4
*lane_clip_q_reg*|gen_lane[3].i_p2_lane_slice/lane_clip_q_reg[12]|FDCE|gen_lane[3].i_p2_lane_slice/lane_clip16_q[3][12]|4
*lane_clip_q_reg*|gen_lane[3].i_p2_lane_slice/lane_clip_q_reg[13]|FDCE|gen_lane[3].i_p2_lane_slice/lane_clip16_q[3][13]|4
*lane_clip_q_reg*|gen_lane[3].i_p2_lane_slice/lane_clip_q_reg[14]|FDCE|gen_lane[3].i_p2_lane_slice/lane_clip16_q[3][14]|4
*lane_clip_q_reg*|gen_lane[3].i_p2_lane_slice/lane_clip_q_reg[15]|FDCE|gen_lane[3].i_p2_lane_slice/lane_clip16_q[3][15]|4
*lane_clip_q_reg*|gen_lane[3].i_p2_lane_slice/lane_clip_q_reg[1]|FDCE|gen_lane[3].i_p2_lane_slice/lane_clip16_q[3][1]|4
*lane_clip_q_reg*|gen_lane[3].i_p2_lane_slice/lane_clip_q_reg[2]|FDCE|gen_lane[3].i_p2_lane_slice/lane_clip16_q[3][2]|4
*lane_clip_q_reg*|gen_lane[3].i_p2_lane_slice/lane_clip_q_reg[3]|FDCE|gen_lane[3].i_p2_lane_slice/lane_clip16_q[3][3]|4
*lane_clip_q_reg*|gen_lane[3].i_p2_lane_slice/lane_clip_q_reg[4]|FDCE|gen_lane[3].i_p2_lane_slice/lane_clip16_q[3][4]|4
*lane_clip_q_reg*|gen_lane[3].i_p2_lane_slice/lane_clip_q_reg[5]|FDCE|gen_lane[3].i_p2_lane_slice/lane_clip16_q[3][5]|4
*lane_clip_q_reg*|gen_lane[3].i_p2_lane_slice/lane_clip_q_reg[6]|FDCE|gen_lane[3].i_p2_lane_slice/lane_clip16_q[3][6]|4
*lane_clip_q_reg*|gen_lane[3].i_p2_lane_slice/lane_clip_q_reg[7]|FDCE|gen_lane[3].i_p2_lane_slice/lane_clip16_q[3][7]|4
*lane_clip_q_reg*|gen_lane[3].i_p2_lane_slice/lane_clip_q_reg[8]|FDCE|gen_lane[3].i_p2_lane_slice/lane_clip16_q[3][8]|4
*lane_clip_q_reg*|gen_lane[3].i_p2_lane_slice/lane_clip_q_reg[9]|FDCE|gen_lane[3].i_p2_lane_slice/lane_clip16_q[3][9]|4
