Copyright 1986-2022 Xilinx, Inc. All Rights Reserved.
-------------------------------------------------------------------------------------------------------------------------------------------------
| Tool Version : Vivado v.2022.2 (win64) Build 3671981 Fri Oct 14 05:00:03 MDT 2022
| Date         : Mon Jun  8 16:57:05 2026
| Host         : DESKTOP-RSKE6BB running 64-bit major release  (build 9200)
| Command      : report_utilization -hierarchical -file H:/CVA6-HDEC/cva6-vhdc-core/tmp/hdec_opt_trial02_local_src0/reports/utilization_hier.rpt
| Design       : hdec_top
| Device       : xc7z020clg400-2
| Speed File   : -2
| Design State : Synthesized
-------------------------------------------------------------------------------------------------------------------------------------------------

Utilization Design Information

Table of Contents
-----------------
1. Utilization by Hierarchy

1. Utilization by Hierarchy
---------------------------

+------------------------------+---------------------+------------+------------+---------+------+------+--------+--------+------------+
|           Instance           |        Module       | Total LUTs | Logic LUTs | LUTRAMs | SRLs |  FFs | RAMB36 | RAMB18 | DSP Blocks |
+------------------------------+---------------------+------------+------------+---------+------+------+--------+--------+------------+
| hdec_top                     |               (top) |       4565 |       3877 |     688 |    0 | 2156 |      0 |      0 |          0 |
|   (hdec_top)                 |               (top) |        989 |        989 |       0 |    0 | 1599 |      0 |      0 |          0 |
|   gen_lane[0].i_p2_pop_slice |   hdec_p2_pop_slice |         94 |         94 |       0 |    0 |   73 |      0 |      0 |          0 |
|   gen_lane[1].i_p2_pop_slice | hdec_p2_pop_slice_0 |         93 |         93 |       0 |    0 |   73 |      0 |      0 |          0 |
|   gen_lane[2].i_p2_pop_slice | hdec_p2_pop_slice_1 |        118 |        118 |       0 |    0 |   73 |      0 |      0 |          0 |
|   gen_lane[3].i_p2_pop_slice | hdec_p2_pop_slice_2 |         99 |         99 |       0 |    0 |   73 |      0 |      0 |          0 |
|   i_vrf                      |     hdec_vrf_64x256 |       3172 |       2484 |     688 |    0 |  265 |      0 |      0 |          0 |
+------------------------------+---------------------+------------+------------+---------+------+------+--------+--------+------------+
