Copyright 1986-2022 Xilinx, Inc. All Rights Reserved. Copyright 2022-2024 Advanced Micro Devices, Inc. All Rights Reserved.
------------------------------------------------------------------------------------------------------------------------------------------------------------------------------------------------------------------------------------------------------------------------------------------------------------------------------------------------------
| Tool Version : Vivado v.2024.2 (win64) Build 5239630 Fri Nov 08 22:35:27 MST 2024
| Date         : Sat Jun  6 17:22:30 2026
| Host         : WIN-20240824NZS running 64-bit major release  (build 9200)
| Command      : report_timing -delay_type max -sort_by slack -max_paths 20 -nworst 1 -from [get_pins -quiet -of_objects {i_vrf/lane_result_q[3][62]_i_6/I4} -filter {DIRECTION == OUT}] -to {i_vrf/lane_result_q[3][62]_i_6/I4} -file E:/HDEC/cva6-vhdc-core/reports/vivado/ooc_hdec_timing_atlas_e0925738/200mhz/groups/02_p1_vrf_capture_to_p2.rpt
| Design       : hdec_top
| Device       : 7z020-clg400
| Speed File   : -2  PRODUCTION 1.12 2019-11-22
| Design State : Synthesized
------------------------------------------------------------------------------------------------------------------------------------------------------------------------------------------------------------------------------------------------------------------------------------------------------------------------------------------------------

Timing Report

Slack (MET) :             3.542ns  (required time - arrival time)
  Source:                 uop_p1_q_reg[valid]/C
                            (rising edge-triggered cell FDCE clocked by clk_i  {rise@0.000ns fall@2.500ns period=5.000ns})
  Destination:            uop_p2_q_reg[valid]/D
                            (rising edge-triggered cell FDCE clocked by clk_i  {rise@0.000ns fall@2.500ns period=5.000ns})
  Path Group:             clk_i
  Path Type:              Setup (Max at Slow Process Corner)
  Requirement:            5.000ns  (clk_i rise@5.000ns - clk_i rise@0.000ns)
  Data Path Delay:        1.455ns  (logic 0.665ns (45.704%)  route 0.790ns (54.296%))
  Logic Levels:           1  (LUT6=1)
  Clock Path Skew:        -0.039ns (DCD - SCD + CPR)
    Destination Clock Delay (DCD):    0.748ns = ( 5.748 - 5.000 ) 
    Source Clock Delay      (SCD):    0.787ns
    Clock Pessimism Removal (CPR):    0.000ns
  Clock Uncertainty:      0.035ns  ((TSJ^2 + TIJ^2)^1/2 + DJ) / 2 + PE
    Total System Jitter     (TSJ):    0.071ns
    Total Input Jitter      (TIJ):    0.000ns
    Discrete Jitter          (DJ):    0.000ns
    Phase Error              (PE):    0.000ns

    Location             Delay type                Incr(ns)  Path(ns)    Netlist Resource(s)
  -------------------------------------------------------------------    -------------------
                         (clock clk_i rise edge)      0.000     0.000 r  
                                                      0.000     0.000 r  clk_i (IN)
                         net (fo=2875, unset)         0.787     0.787    clk_i
                         FDCE                                         r  uop_p1_q_reg[valid]/C
  -------------------------------------------------------------------    -------------------
                         FDCE (Prop_fdce_C_Q)         0.433     1.220 r  uop_p1_q_reg[valid]/Q
                         net (fo=2, unplaced)         0.790     2.010    uop_p1_q_reg[valid_n_0_]
                         LUT6 (Prop_lut6_I0_O)        0.232     2.242 r  uop_p2_q[valid]_i_1/O
                         net (fo=1, unplaced)         0.000     2.242    uop_p2_q[valid]_i_1_n_0
                         FDCE                                         r  uop_p2_q_reg[valid]/D
  -------------------------------------------------------------------    -------------------

                         (clock clk_i rise edge)      5.000     5.000 r  
                                                      0.000     5.000 r  clk_i (IN)
                         net (fo=2875, unset)         0.748     5.748    clk_i
                         FDCE                                         r  uop_p2_q_reg[valid]/C
                         clock pessimism              0.000     5.748    
                         clock uncertainty           -0.035     5.712    
                         FDCE (Setup_fdce_C_D)        0.072     5.784    uop_p2_q_reg[valid]
  -------------------------------------------------------------------
                         required time                          5.784    
                         arrival time                          -2.242    
  -------------------------------------------------------------------
                         slack                                  3.542    

Slack (MET) :             3.662ns  (required time - arrival time)
  Source:                 uop_p1_q_reg[subgroup_idx][1]/C
                            (rising edge-triggered cell FDCE clocked by clk_i  {rise@0.000ns fall@2.500ns period=5.000ns})
  Destination:            uop_p2_q_reg[subgroup_idx][1]/D
                            (rising edge-triggered cell FDCE clocked by clk_i  {rise@0.000ns fall@2.500ns period=5.000ns})
  Path Group:             clk_i
  Path Type:              Setup (Max at Slow Process Corner)
  Requirement:            5.000ns  (clk_i rise@5.000ns - clk_i rise@0.000ns)
  Data Path Delay:        1.335ns  (logic 0.678ns (50.787%)  route 0.657ns (49.213%))
  Logic Levels:           1  (LUT5=1)
  Clock Path Skew:        -0.039ns (DCD - SCD + CPR)
    Destination Clock Delay (DCD):    0.748ns = ( 5.748 - 5.000 ) 
    Source Clock Delay      (SCD):    0.787ns
    Clock Pessimism Removal (CPR):    0.000ns
  Clock Uncertainty:      0.035ns  ((TSJ^2 + TIJ^2)^1/2 + DJ) / 2 + PE
    Total System Jitter     (TSJ):    0.071ns
    Total Input Jitter      (TIJ):    0.000ns
    Discrete Jitter          (DJ):    0.000ns
    Phase Error              (PE):    0.000ns

    Location             Delay type                Incr(ns)  Path(ns)    Netlist Resource(s)
  -------------------------------------------------------------------    -------------------
                         (clock clk_i rise edge)      0.000     0.000 r  
                                                      0.000     0.000 r  clk_i (IN)
                         net (fo=2875, unset)         0.787     0.787    clk_i
                         FDCE                                         r  uop_p1_q_reg[subgroup_idx][1]/C
  -------------------------------------------------------------------    -------------------
                         FDCE (Prop_fdce_C_Q)         0.433     1.220 r  uop_p1_q_reg[subgroup_idx][1]/Q
                         net (fo=1, unplaced)         0.657     1.877    uop_p1_q_reg[subgroup_idx_n_0_][1]
                         LUT5 (Prop_lut5_I0_O)        0.245     2.122 r  uop_p2_q[subgroup_idx][1]_i_2/O
                         net (fo=1, unplaced)         0.000     2.122    uop_p2_q[subgroup_idx][1]_i_2_n_0
                         FDCE                                         r  uop_p2_q_reg[subgroup_idx][1]/D
  -------------------------------------------------------------------    -------------------

                         (clock clk_i rise edge)      5.000     5.000 r  
                                                      0.000     5.000 r  clk_i (IN)
                         net (fo=2875, unset)         0.748     5.748    clk_i
                         FDCE                                         r  uop_p2_q_reg[subgroup_idx][1]/C
                         clock pessimism              0.000     5.748    
                         clock uncertainty           -0.035     5.712    
                         FDCE (Setup_fdce_C_D)        0.072     5.784    uop_p2_q_reg[subgroup_idx][1]
  -------------------------------------------------------------------
                         required time                          5.784    
                         arrival time                          -2.122    
  -------------------------------------------------------------------
                         slack                                  3.662    

Slack (MET) :             3.675ns  (required time - arrival time)
  Source:                 uop_p1_q_reg[op_type][2]/C
                            (rising edge-triggered cell FDCE clocked by clk_i  {rise@0.000ns fall@2.500ns period=5.000ns})
  Destination:            uop_p2_q_reg[op_type][2]/D
                            (rising edge-triggered cell FDCE clocked by clk_i  {rise@0.000ns fall@2.500ns period=5.000ns})
  Path Group:             clk_i
  Path Type:              Setup (Max at Slow Process Corner)
  Requirement:            5.000ns  (clk_i rise@5.000ns - clk_i rise@0.000ns)
  Data Path Delay:        1.322ns  (logic 0.685ns (51.815%)  route 0.637ns (48.185%))
  Logic Levels:           1  (LUT4=1)
  Clock Path Skew:        -0.039ns (DCD - SCD + CPR)
    Destination Clock Delay (DCD):    0.748ns = ( 5.748 - 5.000 ) 
    Source Clock Delay      (SCD):    0.787ns
    Clock Pessimism Removal (CPR):    0.000ns
  Clock Uncertainty:      0.035ns  ((TSJ^2 + TIJ^2)^1/2 + DJ) / 2 + PE
    Total System Jitter     (TSJ):    0.071ns
    Total Input Jitter      (TIJ):    0.000ns
    Discrete Jitter          (DJ):    0.000ns
    Phase Error              (PE):    0.000ns

    Location             Delay type                Incr(ns)  Path(ns)    Netlist Resource(s)
  -------------------------------------------------------------------    -------------------
                         (clock clk_i rise edge)      0.000     0.000 r  
                                                      0.000     0.000 r  clk_i (IN)
                         net (fo=2875, unset)         0.787     0.787    clk_i
                         FDCE                                         r  uop_p1_q_reg[op_type][2]/C
  -------------------------------------------------------------------    -------------------
                         FDCE (Prop_fdce_C_Q)         0.433     1.220 r  uop_p1_q_reg[op_type][2]/Q
                         net (fo=8, unplaced)         0.637     1.857    uop_p1_q_reg[op_type_n_0_][2]
                         LUT4 (Prop_lut4_I1_O)        0.252     2.109 r  uop_p2_q[op_type][2]_i_1/O
                         net (fo=1, unplaced)         0.000     2.109    uop_p2_q[op_type][2]_i_1_n_0
                         FDCE                                         r  uop_p2_q_reg[op_type][2]/D
  -------------------------------------------------------------------    -------------------

                         (clock clk_i rise edge)      5.000     5.000 r  
                                                      0.000     5.000 r  clk_i (IN)
                         net (fo=2875, unset)         0.748     5.748    clk_i
                         FDCE                                         r  uop_p2_q_reg[op_type][2]/C
                         clock pessimism              0.000     5.748    
                         clock uncertainty           -0.035     5.712    
                         FDCE (Setup_fdce_C_D)        0.072     5.784    uop_p2_q_reg[op_type][2]
  -------------------------------------------------------------------
                         required time                          5.784    
                         arrival time                          -2.109    
  -------------------------------------------------------------------
                         slack                                  3.675    

Slack (MET) :             3.795ns  (required time - arrival time)
  Source:                 uop_p1_q_reg[src0_addr][1]/C
                            (rising edge-triggered cell FDCE clocked by clk_i  {rise@0.000ns fall@2.500ns period=5.000ns})
  Destination:            uop_p2_q_reg[src0_addr][1]/D
                            (rising edge-triggered cell FDCE clocked by clk_i  {rise@0.000ns fall@2.500ns period=5.000ns})
  Path Group:             clk_i
  Path Type:              Setup (Max at Slow Process Corner)
  Requirement:            5.000ns  (clk_i rise@5.000ns - clk_i rise@0.000ns)
  Data Path Delay:        1.202ns  (logic 0.665ns (55.324%)  route 0.537ns (44.676%))
  Logic Levels:           1  (LUT4=1)
  Clock Path Skew:        -0.039ns (DCD - SCD + CPR)
    Destination Clock Delay (DCD):    0.748ns = ( 5.748 - 5.000 ) 
    Source Clock Delay      (SCD):    0.787ns
    Clock Pessimism Removal (CPR):    0.000ns
  Clock Uncertainty:      0.035ns  ((TSJ^2 + TIJ^2)^1/2 + DJ) / 2 + PE
    Total System Jitter     (TSJ):    0.071ns
    Total Input Jitter      (TIJ):    0.000ns
    Discrete Jitter          (DJ):    0.000ns
    Phase Error              (PE):    0.000ns

    Location             Delay type                Incr(ns)  Path(ns)    Netlist Resource(s)
  -------------------------------------------------------------------    -------------------
                         (clock clk_i rise edge)      0.000     0.000 r  
                                                      0.000     0.000 r  clk_i (IN)
                         net (fo=2875, unset)         0.787     0.787    clk_i
                         FDCE                                         r  uop_p1_q_reg[src0_addr][1]/C
  -------------------------------------------------------------------    -------------------
                         FDCE (Prop_fdce_C_Q)         0.433     1.220 r  uop_p1_q_reg[src0_addr][1]/Q
                         net (fo=2, unplaced)         0.537     1.757    uop_p1_q_reg[src0_addr_n_0_][1]
                         LUT4 (Prop_lut4_I0_O)        0.232     1.989 r  uop_p2_q[src0_addr][1]_i_1/O
                         net (fo=1, unplaced)         0.000     1.989    uop_p2_q[src0_addr][1]_i_1_n_0
                         FDCE                                         r  uop_p2_q_reg[src0_addr][1]/D
  -------------------------------------------------------------------    -------------------

                         (clock clk_i rise edge)      5.000     5.000 r  
                                                      0.000     5.000 r  clk_i (IN)
                         net (fo=2875, unset)         0.748     5.748    clk_i
                         FDCE                                         r  uop_p2_q_reg[src0_addr][1]/C
                         clock pessimism              0.000     5.748    
                         clock uncertainty           -0.035     5.712    
                         FDCE (Setup_fdce_C_D)        0.072     5.784    uop_p2_q_reg[src0_addr][1]
  -------------------------------------------------------------------
                         required time                          5.784    
                         arrival time                          -1.989    
  -------------------------------------------------------------------
                         slack                                  3.795    

Slack (MET) :             3.795ns  (required time - arrival time)
  Source:                 uop_p1_q_reg[src1_addr][3]/C
                            (rising edge-triggered cell FDCE clocked by clk_i  {rise@0.000ns fall@2.500ns period=5.000ns})
  Destination:            uop_p2_q_reg[src1_addr][3]/D
                            (rising edge-triggered cell FDCE clocked by clk_i  {rise@0.000ns fall@2.500ns period=5.000ns})
  Path Group:             clk_i
  Path Type:              Setup (Max at Slow Process Corner)
  Requirement:            5.000ns  (clk_i rise@5.000ns - clk_i rise@0.000ns)
  Data Path Delay:        1.202ns  (logic 0.665ns (55.324%)  route 0.537ns (44.676%))
  Logic Levels:           1  (LUT4=1)
  Clock Path Skew:        -0.039ns (DCD - SCD + CPR)
    Destination Clock Delay (DCD):    0.748ns = ( 5.748 - 5.000 ) 
    Source Clock Delay      (SCD):    0.787ns
    Clock Pessimism Removal (CPR):    0.000ns
  Clock Uncertainty:      0.035ns  ((TSJ^2 + TIJ^2)^1/2 + DJ) / 2 + PE
    Total System Jitter     (TSJ):    0.071ns
    Total Input Jitter      (TIJ):    0.000ns
    Discrete Jitter          (DJ):    0.000ns
    Phase Error              (PE):    0.000ns

    Location             Delay type                Incr(ns)  Path(ns)    Netlist Resource(s)
  -------------------------------------------------------------------    -------------------
                         (clock clk_i rise edge)      0.000     0.000 r  
                                                      0.000     0.000 r  clk_i (IN)
                         net (fo=2875, unset)         0.787     0.787    clk_i
                         FDCE                                         r  uop_p1_q_reg[src1_addr][3]/C
  -------------------------------------------------------------------    -------------------
                         FDCE (Prop_fdce_C_Q)         0.433     1.220 r  uop_p1_q_reg[src1_addr][3]/Q
                         net (fo=2, unplaced)         0.537     1.757    uop_p1_q_reg[src1_addr_n_0_][3]
                         LUT4 (Prop_lut4_I0_O)        0.232     1.989 r  uop_p2_q[src1_addr][3]_i_1/O
                         net (fo=1, unplaced)         0.000     1.989    uop_p2_q[src1_addr][3]_i_1_n_0
                         FDCE                                         r  uop_p2_q_reg[src1_addr][3]/D
  -------------------------------------------------------------------    -------------------

                         (clock clk_i rise edge)      5.000     5.000 r  
                                                      0.000     5.000 r  clk_i (IN)
                         net (fo=2875, unset)         0.748     5.748    clk_i
                         FDCE                                         r  uop_p2_q_reg[src1_addr][3]/C
                         clock pessimism              0.000     5.748    
                         clock uncertainty           -0.035     5.712    
                         FDCE (Setup_fdce_C_D)        0.072     5.784    uop_p2_q_reg[src1_addr][3]
  -------------------------------------------------------------------
                         required time                          5.784    
                         arrival time                          -1.989    
  -------------------------------------------------------------------
                         slack                                  3.795    

Slack (MET) :             3.795ns  (required time - arrival time)
  Source:                 uop_p1_q_reg[src1_addr][4]/C
                            (rising edge-triggered cell FDCE clocked by clk_i  {rise@0.000ns fall@2.500ns period=5.000ns})
  Destination:            uop_p2_q_reg[src1_addr][4]/D
                            (rising edge-triggered cell FDCE clocked by clk_i  {rise@0.000ns fall@2.500ns period=5.000ns})
  Path Group:             clk_i
  Path Type:              Setup (Max at Slow Process Corner)
  Requirement:            5.000ns  (clk_i rise@5.000ns - clk_i rise@0.000ns)
  Data Path Delay:        1.202ns  (logic 0.665ns (55.324%)  route 0.537ns (44.676%))
  Logic Levels:           1  (LUT4=1)
  Clock Path Skew:        -0.039ns (DCD - SCD + CPR)
    Destination Clock Delay (DCD):    0.748ns = ( 5.748 - 5.000 ) 
    Source Clock Delay      (SCD):    0.787ns
    Clock Pessimism Removal (CPR):    0.000ns
  Clock Uncertainty:      0.035ns  ((TSJ^2 + TIJ^2)^1/2 + DJ) / 2 + PE
    Total System Jitter     (TSJ):    0.071ns
    Total Input Jitter      (TIJ):    0.000ns
    Discrete Jitter          (DJ):    0.000ns
    Phase Error              (PE):    0.000ns

    Location             Delay type                Incr(ns)  Path(ns)    Netlist Resource(s)
  -------------------------------------------------------------------    -------------------
                         (clock clk_i rise edge)      0.000     0.000 r  
                                                      0.000     0.000 r  clk_i (IN)
                         net (fo=2875, unset)         0.787     0.787    clk_i
                         FDCE                                         r  uop_p1_q_reg[src1_addr][4]/C
  -------------------------------------------------------------------    -------------------
                         FDCE (Prop_fdce_C_Q)         0.433     1.220 r  uop_p1_q_reg[src1_addr][4]/Q
                         net (fo=2, unplaced)         0.537     1.757    uop_p1_q_reg[src1_addr_n_0_][4]
                         LUT4 (Prop_lut4_I0_O)        0.232     1.989 r  uop_p2_q[src1_addr][4]_i_1/O
                         net (fo=1, unplaced)         0.000     1.989    uop_p2_q[src1_addr][4]_i_1_n_0
                         FDCE                                         r  uop_p2_q_reg[src1_addr][4]/D
  -------------------------------------------------------------------    -------------------

                         (clock clk_i rise edge)      5.000     5.000 r  
                                                      0.000     5.000 r  clk_i (IN)
                         net (fo=2875, unset)         0.748     5.748    clk_i
                         FDCE                                         r  uop_p2_q_reg[src1_addr][4]/C
                         clock pessimism              0.000     5.748    
                         clock uncertainty           -0.035     5.712    
                         FDCE (Setup_fdce_C_D)        0.072     5.784    uop_p2_q_reg[src1_addr][4]
  -------------------------------------------------------------------
                         required time                          5.784    
                         arrival time                          -1.989    
  -------------------------------------------------------------------
                         slack                                  3.795    

Slack (MET) :             3.795ns  (required time - arrival time)
  Source:                 uop_p1_q_reg[src1_addr][5]/C
                            (rising edge-triggered cell FDCE clocked by clk_i  {rise@0.000ns fall@2.500ns period=5.000ns})
  Destination:            uop_p2_q_reg[src1_addr][5]/D
                            (rising edge-triggered cell FDCE clocked by clk_i  {rise@0.000ns fall@2.500ns period=5.000ns})
  Path Group:             clk_i
  Path Type:              Setup (Max at Slow Process Corner)
  Requirement:            5.000ns  (clk_i rise@5.000ns - clk_i rise@0.000ns)
  Data Path Delay:        1.202ns  (logic 0.665ns (55.324%)  route 0.537ns (44.676%))
  Logic Levels:           1  (LUT4=1)
  Clock Path Skew:        -0.039ns (DCD - SCD + CPR)
    Destination Clock Delay (DCD):    0.748ns = ( 5.748 - 5.000 ) 
    Source Clock Delay      (SCD):    0.787ns
    Clock Pessimism Removal (CPR):    0.000ns
  Clock Uncertainty:      0.035ns  ((TSJ^2 + TIJ^2)^1/2 + DJ) / 2 + PE
    Total System Jitter     (TSJ):    0.071ns
    Total Input Jitter      (TIJ):    0.000ns
    Discrete Jitter          (DJ):    0.000ns
    Phase Error              (PE):    0.000ns

    Location             Delay type                Incr(ns)  Path(ns)    Netlist Resource(s)
  -------------------------------------------------------------------    -------------------
                         (clock clk_i rise edge)      0.000     0.000 r  
                                                      0.000     0.000 r  clk_i (IN)
                         net (fo=2875, unset)         0.787     0.787    clk_i
                         FDCE                                         r  uop_p1_q_reg[src1_addr][5]/C
  -------------------------------------------------------------------    -------------------
                         FDCE (Prop_fdce_C_Q)         0.433     1.220 r  uop_p1_q_reg[src1_addr][5]/Q
                         net (fo=2, unplaced)         0.537     1.757    uop_p1_q_reg[src1_addr_n_0_][5]
                         LUT4 (Prop_lut4_I0_O)        0.232     1.989 r  uop_p2_q[src1_addr][5]_i_1/O
                         net (fo=1, unplaced)         0.000     1.989    uop_p2_q[src1_addr][5]_i_1_n_0
                         FDCE                                         r  uop_p2_q_reg[src1_addr][5]/D
  -------------------------------------------------------------------    -------------------

                         (clock clk_i rise edge)      5.000     5.000 r  
                                                      0.000     5.000 r  clk_i (IN)
                         net (fo=2875, unset)         0.748     5.748    clk_i
                         FDCE                                         r  uop_p2_q_reg[src1_addr][5]/C
                         clock pessimism              0.000     5.748    
                         clock uncertainty           -0.035     5.712    
                         FDCE (Setup_fdce_C_D)        0.072     5.784    uop_p2_q_reg[src1_addr][5]
  -------------------------------------------------------------------
                         required time                          5.784    
                         arrival time                          -1.989    
  -------------------------------------------------------------------
                         slack                                  3.795    

Slack (MET) :             3.806ns  (required time - arrival time)
  Source:                 uop_p1_q_reg[dst_addr][5]/C
                            (rising edge-triggered cell FDCE clocked by clk_i  {rise@0.000ns fall@2.500ns period=5.000ns})
  Destination:            uop_p2_q_reg[dst_addr][5]/D
                            (rising edge-triggered cell FDCE clocked by clk_i  {rise@0.000ns fall@2.500ns period=5.000ns})
  Path Group:             clk_i
  Path Type:              Setup (Max at Slow Process Corner)
  Requirement:            5.000ns  (clk_i rise@5.000ns - clk_i rise@0.000ns)
  Data Path Delay:        1.191ns  (logic 0.665ns (55.835%)  route 0.526ns (44.165%))
  Logic Levels:           1  (LUT4=1)
  Clock Path Skew:        -0.039ns (DCD - SCD + CPR)
    Destination Clock Delay (DCD):    0.748ns = ( 5.748 - 5.000 ) 
    Source Clock Delay      (SCD):    0.787ns
    Clock Pessimism Removal (CPR):    0.000ns
  Clock Uncertainty:      0.035ns  ((TSJ^2 + TIJ^2)^1/2 + DJ) / 2 + PE
    Total System Jitter     (TSJ):    0.071ns
    Total Input Jitter      (TIJ):    0.000ns
    Discrete Jitter          (DJ):    0.000ns
    Phase Error              (PE):    0.000ns

    Location             Delay type                Incr(ns)  Path(ns)    Netlist Resource(s)
  -------------------------------------------------------------------    -------------------
                         (clock clk_i rise edge)      0.000     0.000 r  
                                                      0.000     0.000 r  clk_i (IN)
                         net (fo=2875, unset)         0.787     0.787    clk_i
                         FDCE                                         r  uop_p1_q_reg[dst_addr][5]/C
  -------------------------------------------------------------------    -------------------
                         FDCE (Prop_fdce_C_Q)         0.433     1.220 r  uop_p1_q_reg[dst_addr][5]/Q
                         net (fo=1, unplaced)         0.526     1.746    uop_p1_q_reg[dst_addr_n_0_][5]
                         LUT4 (Prop_lut4_I0_O)        0.232     1.978 r  uop_p2_q[dst_addr][5]_i_1/O
                         net (fo=1, unplaced)         0.000     1.978    uop_p2_q[dst_addr][5]_i_1_n_0
                         FDCE                                         r  uop_p2_q_reg[dst_addr][5]/D
  -------------------------------------------------------------------    -------------------

                         (clock clk_i rise edge)      5.000     5.000 r  
                                                      0.000     5.000 r  clk_i (IN)
                         net (fo=2875, unset)         0.748     5.748    clk_i
                         FDCE                                         r  uop_p2_q_reg[dst_addr][5]/C
                         clock pessimism              0.000     5.748    
                         clock uncertainty           -0.035     5.712    
                         FDCE (Setup_fdce_C_D)        0.072     5.784    uop_p2_q_reg[dst_addr][5]
  -------------------------------------------------------------------
                         required time                          5.784    
                         arrival time                          -1.978    
  -------------------------------------------------------------------
                         slack                                  3.806    

Slack (MET) :             3.946ns  (required time - arrival time)
  Source:                 uop_p1_q_reg[use_popcount]/C
                            (rising edge-triggered cell FDCE clocked by clk_i  {rise@0.000ns fall@2.500ns period=5.000ns})
  Destination:            uop_p2_q_reg[use_popcount]/D
                            (rising edge-triggered cell FDCE clocked by clk_i  {rise@0.000ns fall@2.500ns period=5.000ns})
  Path Group:             clk_i
  Path Type:              Setup (Max at Slow Process Corner)
  Requirement:            5.000ns  (clk_i rise@5.000ns - clk_i rise@0.000ns)
  Data Path Delay:        1.051ns  (logic 0.665ns (63.273%)  route 0.386ns (36.727%))
  Logic Levels:           1  (LUT4=1)
  Clock Path Skew:        -0.039ns (DCD - SCD + CPR)
    Destination Clock Delay (DCD):    0.748ns = ( 5.748 - 5.000 ) 
    Source Clock Delay      (SCD):    0.787ns
    Clock Pessimism Removal (CPR):    0.000ns
  Clock Uncertainty:      0.035ns  ((TSJ^2 + TIJ^2)^1/2 + DJ) / 2 + PE
    Total System Jitter     (TSJ):    0.071ns
    Total Input Jitter      (TIJ):    0.000ns
    Discrete Jitter          (DJ):    0.000ns
    Phase Error              (PE):    0.000ns

    Location             Delay type                Incr(ns)  Path(ns)    Netlist Resource(s)
  -------------------------------------------------------------------    -------------------
                         (clock clk_i rise edge)      0.000     0.000 r  
                                                      0.000     0.000 r  clk_i (IN)
                         net (fo=2875, unset)         0.787     0.787    clk_i
                         FDCE                                         r  uop_p1_q_reg[use_popcount]/C
  -------------------------------------------------------------------    -------------------
                         FDCE (Prop_fdce_C_Q)         0.433     1.220 r  uop_p1_q_reg[use_popcount]/Q
                         net (fo=4, unplaced)         0.386     1.606    uop_p1_q_reg[use_popcount_n_0_]
                         LUT4 (Prop_lut4_I2_O)        0.232     1.838 r  uop_p2_q[use_popcount]_i_1/O
                         net (fo=1, unplaced)         0.000     1.838    uop_p2_q[use_popcount]_i_1_n_0
                         FDCE                                         r  uop_p2_q_reg[use_popcount]/D
  -------------------------------------------------------------------    -------------------

                         (clock clk_i rise edge)      5.000     5.000 r  
                                                      0.000     5.000 r  clk_i (IN)
                         net (fo=2875, unset)         0.748     5.748    clk_i
                         FDCE                                         r  uop_p2_q_reg[use_popcount]/C
                         clock pessimism              0.000     5.748    
                         clock uncertainty           -0.035     5.712    
                         FDCE (Setup_fdce_C_D)        0.072     5.784    uop_p2_q_reg[use_popcount]
  -------------------------------------------------------------------
                         required time                          5.784    
                         arrival time                          -1.838    
  -------------------------------------------------------------------
                         slack                                  3.946    

Slack (MET) :             3.946ns  (required time - arrival time)
  Source:                 uop_p1_q_reg[use_popcount]/C
                            (rising edge-triggered cell FDCE clocked by clk_i  {rise@0.000ns fall@2.500ns period=5.000ns})
  Destination:            uop_p2_q_reg[use_popcount]_rep/D
                            (rising edge-triggered cell FDCE clocked by clk_i  {rise@0.000ns fall@2.500ns period=5.000ns})
  Path Group:             clk_i
  Path Type:              Setup (Max at Slow Process Corner)
  Requirement:            5.000ns  (clk_i rise@5.000ns - clk_i rise@0.000ns)
  Data Path Delay:        1.051ns  (logic 0.665ns (63.273%)  route 0.386ns (36.727%))
  Logic Levels:           1  (LUT4=1)
  Clock Path Skew:        -0.039ns (DCD - SCD + CPR)
    Destination Clock Delay (DCD):    0.748ns = ( 5.748 - 5.000 ) 
    Source Clock Delay      (SCD):    0.787ns
    Clock Pessimism Removal (CPR):    0.000ns
  Clock Uncertainty:      0.035ns  ((TSJ^2 + TIJ^2)^1/2 + DJ) / 2 + PE
    Total System Jitter     (TSJ):    0.071ns
    Total Input Jitter      (TIJ):    0.000ns
    Discrete Jitter          (DJ):    0.000ns
    Phase Error              (PE):    0.000ns

    Location             Delay type                Incr(ns)  Path(ns)    Netlist Resource(s)
  -------------------------------------------------------------------    -------------------
                         (clock clk_i rise edge)      0.000     0.000 r  
                                                      0.000     0.000 r  clk_i (IN)
                         net (fo=2875, unset)         0.787     0.787    clk_i
                         FDCE                                         r  uop_p1_q_reg[use_popcount]/C
  -------------------------------------------------------------------    -------------------
                         FDCE (Prop_fdce_C_Q)         0.433     1.220 r  uop_p1_q_reg[use_popcount]/Q
                         net (fo=4, unplaced)         0.386     1.606    uop_p1_q_reg[use_popcount_n_0_]
                         LUT4 (Prop_lut4_I2_O)        0.232     1.838 r  uop_p2_q[use_popcount]_rep_i_1/O
                         net (fo=1, unplaced)         0.000     1.838    uop_p2_q[use_popcount]_rep_i_1_n_0
                         FDCE                                         r  uop_p2_q_reg[use_popcount]_rep/D
  -------------------------------------------------------------------    -------------------

                         (clock clk_i rise edge)      5.000     5.000 r  
                                                      0.000     5.000 r  clk_i (IN)
                         net (fo=2875, unset)         0.748     5.748    clk_i
                         FDCE                                         r  uop_p2_q_reg[use_popcount]_rep/C
                         clock pessimism              0.000     5.748    
                         clock uncertainty           -0.035     5.712    
                         FDCE (Setup_fdce_C_D)        0.072     5.784    uop_p2_q_reg[use_popcount]_rep
  -------------------------------------------------------------------
                         required time                          5.784    
                         arrival time                          -1.838    
  -------------------------------------------------------------------
                         slack                                  3.946    

Slack (MET) :             3.946ns  (required time - arrival time)
  Source:                 uop_p1_q_reg[use_popcount]/C
                            (rising edge-triggered cell FDCE clocked by clk_i  {rise@0.000ns fall@2.500ns period=5.000ns})
  Destination:            uop_p2_q_reg[use_popcount]_rep__0/D
                            (rising edge-triggered cell FDCE clocked by clk_i  {rise@0.000ns fall@2.500ns period=5.000ns})
  Path Group:             clk_i
  Path Type:              Setup (Max at Slow Process Corner)
  Requirement:            5.000ns  (clk_i rise@5.000ns - clk_i rise@0.000ns)
  Data Path Delay:        1.051ns  (logic 0.665ns (63.273%)  route 0.386ns (36.727%))
  Logic Levels:           1  (LUT4=1)
  Clock Path Skew:        -0.039ns (DCD - SCD + CPR)
    Destination Clock Delay (DCD):    0.748ns = ( 5.748 - 5.000 ) 
    Source Clock Delay      (SCD):    0.787ns
    Clock Pessimism Removal (CPR):    0.000ns
  Clock Uncertainty:      0.035ns  ((TSJ^2 + TIJ^2)^1/2 + DJ) / 2 + PE
    Total System Jitter     (TSJ):    0.071ns
    Total Input Jitter      (TIJ):    0.000ns
    Discrete Jitter          (DJ):    0.000ns
    Phase Error              (PE):    0.000ns

    Location             Delay type                Incr(ns)  Path(ns)    Netlist Resource(s)
  -------------------------------------------------------------------    -------------------
                         (clock clk_i rise edge)      0.000     0.000 r  
                                                      0.000     0.000 r  clk_i (IN)
                         net (fo=2875, unset)         0.787     0.787    clk_i
                         FDCE                                         r  uop_p1_q_reg[use_popcount]/C
  -------------------------------------------------------------------    -------------------
                         FDCE (Prop_fdce_C_Q)         0.433     1.220 r  uop_p1_q_reg[use_popcount]/Q
                         net (fo=4, unplaced)         0.386     1.606    uop_p1_q_reg[use_popcount_n_0_]
                         LUT4 (Prop_lut4_I2_O)        0.232     1.838 r  uop_p2_q[use_popcount]_rep_i_1__0/O
                         net (fo=1, unplaced)         0.000     1.838    uop_p2_q[use_popcount]_rep_i_1__0_n_0
                         FDCE                                         r  uop_p2_q_reg[use_popcount]_rep__0/D
  -------------------------------------------------------------------    -------------------

                         (clock clk_i rise edge)      5.000     5.000 r  
                                                      0.000     5.000 r  clk_i (IN)
                         net (fo=2875, unset)         0.748     5.748    clk_i
                         FDCE                                         r  uop_p2_q_reg[use_popcount]_rep__0/C
                         clock pessimism              0.000     5.748    
                         clock uncertainty           -0.035     5.712    
                         FDCE (Setup_fdce_C_D)        0.072     5.784    uop_p2_q_reg[use_popcount]_rep__0
  -------------------------------------------------------------------
                         required time                          5.784    
                         arrival time                          -1.838    
  -------------------------------------------------------------------
                         slack                                  3.946    

Slack (MET) :             3.946ns  (required time - arrival time)
  Source:                 uop_p1_q_reg[use_popcount]/C
                            (rising edge-triggered cell FDCE clocked by clk_i  {rise@0.000ns fall@2.500ns period=5.000ns})
  Destination:            uop_p2_q_reg[use_popcount]_rep__1/D
                            (rising edge-triggered cell FDCE clocked by clk_i  {rise@0.000ns fall@2.500ns period=5.000ns})
  Path Group:             clk_i
  Path Type:              Setup (Max at Slow Process Corner)
  Requirement:            5.000ns  (clk_i rise@5.000ns - clk_i rise@0.000ns)
  Data Path Delay:        1.051ns  (logic 0.665ns (63.273%)  route 0.386ns (36.727%))
  Logic Levels:           1  (LUT4=1)
  Clock Path Skew:        -0.039ns (DCD - SCD + CPR)
    Destination Clock Delay (DCD):    0.748ns = ( 5.748 - 5.000 ) 
    Source Clock Delay      (SCD):    0.787ns
    Clock Pessimism Removal (CPR):    0.000ns
  Clock Uncertainty:      0.035ns  ((TSJ^2 + TIJ^2)^1/2 + DJ) / 2 + PE
    Total System Jitter     (TSJ):    0.071ns
    Total Input Jitter      (TIJ):    0.000ns
    Discrete Jitter          (DJ):    0.000ns
    Phase Error              (PE):    0.000ns

    Location             Delay type                Incr(ns)  Path(ns)    Netlist Resource(s)
  -------------------------------------------------------------------    -------------------
                         (clock clk_i rise edge)      0.000     0.000 r  
                                                      0.000     0.000 r  clk_i (IN)
                         net (fo=2875, unset)         0.787     0.787    clk_i
                         FDCE                                         r  uop_p1_q_reg[use_popcount]/C
  -------------------------------------------------------------------    -------------------
                         FDCE (Prop_fdce_C_Q)         0.433     1.220 r  uop_p1_q_reg[use_popcount]/Q
                         net (fo=4, unplaced)         0.386     1.606    uop_p1_q_reg[use_popcount_n_0_]
                         LUT4 (Prop_lut4_I2_O)        0.232     1.838 r  uop_p2_q[use_popcount]_rep_i_1__1/O
                         net (fo=1, unplaced)         0.000     1.838    uop_p2_q[use_popcount]_rep_i_1__1_n_0
                         FDCE                                         r  uop_p2_q_reg[use_popcount]_rep__1/D
  -------------------------------------------------------------------    -------------------

                         (clock clk_i rise edge)      5.000     5.000 r  
                                                      0.000     5.000 r  clk_i (IN)
                         net (fo=2875, unset)         0.748     5.748    clk_i
                         FDCE                                         r  uop_p2_q_reg[use_popcount]_rep__1/C
                         clock pessimism              0.000     5.748    
                         clock uncertainty           -0.035     5.712    
                         FDCE (Setup_fdce_C_D)        0.072     5.784    uop_p2_q_reg[use_popcount]_rep__1
  -------------------------------------------------------------------
                         required time                          5.784    
                         arrival time                          -1.838    
  -------------------------------------------------------------------
                         slack                                  3.946    

Slack (MET) :             3.950ns  (required time - arrival time)
  Source:                 uop_p1_q_reg[class_idx][6]/C
                            (rising edge-triggered cell FDCE clocked by clk_i  {rise@0.000ns fall@2.500ns period=5.000ns})
  Destination:            uop_p2_q_reg[class_idx][6]/D
                            (rising edge-triggered cell FDCE clocked by clk_i  {rise@0.000ns fall@2.500ns period=5.000ns})
  Path Group:             clk_i
  Path Type:              Setup (Max at Slow Process Corner)
  Requirement:            5.000ns  (clk_i rise@5.000ns - clk_i rise@0.000ns)
  Data Path Delay:        1.047ns  (logic 0.685ns (65.425%)  route 0.362ns (34.575%))
  Logic Levels:           1  (LUT4=1)
  Clock Path Skew:        -0.039ns (DCD - SCD + CPR)
    Destination Clock Delay (DCD):    0.748ns = ( 5.748 - 5.000 ) 
    Source Clock Delay      (SCD):    0.787ns
    Clock Pessimism Removal (CPR):    0.000ns
  Clock Uncertainty:      0.035ns  ((TSJ^2 + TIJ^2)^1/2 + DJ) / 2 + PE
    Total System Jitter     (TSJ):    0.071ns
    Total Input Jitter      (TIJ):    0.000ns
    Discrete Jitter          (DJ):    0.000ns
    Phase Error              (PE):    0.000ns

    Location             Delay type                Incr(ns)  Path(ns)    Netlist Resource(s)
  -------------------------------------------------------------------    -------------------
                         (clock clk_i rise edge)      0.000     0.000 r  
                                                      0.000     0.000 r  clk_i (IN)
                         net (fo=2875, unset)         0.787     0.787    clk_i
                         FDCE                                         r  uop_p1_q_reg[class_idx][6]/C
  -------------------------------------------------------------------    -------------------
                         FDCE (Prop_fdce_C_Q)         0.433     1.220 r  uop_p1_q_reg[class_idx][6]/Q
                         net (fo=1, unplaced)         0.362     1.582    uop_p1_q_reg[class_idx][6]
                         LUT4 (Prop_lut4_I2_O)        0.252     1.834 r  uop_p2_q[class_idx][6]_i_1/O
                         net (fo=1, unplaced)         0.000     1.834    uop_p2_q[class_idx][6]_i_1_n_0
                         FDCE                                         r  uop_p2_q_reg[class_idx][6]/D
  -------------------------------------------------------------------    -------------------

                         (clock clk_i rise edge)      5.000     5.000 r  
                                                      0.000     5.000 r  clk_i (IN)
                         net (fo=2875, unset)         0.748     5.748    clk_i
                         FDCE                                         r  uop_p2_q_reg[class_idx][6]/C
                         clock pessimism              0.000     5.748    
                         clock uncertainty           -0.035     5.712    
                         FDCE (Setup_fdce_C_D)        0.072     5.784    uop_p2_q_reg[class_idx][6]
  -------------------------------------------------------------------
                         required time                          5.784    
                         arrival time                          -1.834    
  -------------------------------------------------------------------
                         slack                                  3.950    

Slack (MET) :             3.959ns  (required time - arrival time)
  Source:                 uop_p1_q_reg[src0_addr][0]/C
                            (rising edge-triggered cell FDCE clocked by clk_i  {rise@0.000ns fall@2.500ns period=5.000ns})
  Destination:            uop_p2_q_reg[src0_addr][0]/D
                            (rising edge-triggered cell FDCE clocked by clk_i  {rise@0.000ns fall@2.500ns period=5.000ns})
  Path Group:             clk_i
  Path Type:              Setup (Max at Slow Process Corner)
  Requirement:            5.000ns  (clk_i rise@5.000ns - clk_i rise@0.000ns)
  Data Path Delay:        1.038ns  (logic 0.665ns (64.066%)  route 0.373ns (35.934%))
  Logic Levels:           1  (LUT4=1)
  Clock Path Skew:        -0.039ns (DCD - SCD + CPR)
    Destination Clock Delay (DCD):    0.748ns = ( 5.748 - 5.000 ) 
    Source Clock Delay      (SCD):    0.787ns
    Clock Pessimism Removal (CPR):    0.000ns
  Clock Uncertainty:      0.035ns  ((TSJ^2 + TIJ^2)^1/2 + DJ) / 2 + PE
    Total System Jitter     (TSJ):    0.071ns
    Total Input Jitter      (TIJ):    0.000ns
    Discrete Jitter          (DJ):    0.000ns
    Phase Error              (PE):    0.000ns

    Location             Delay type                Incr(ns)  Path(ns)    Netlist Resource(s)
  -------------------------------------------------------------------    -------------------
                         (clock clk_i rise edge)      0.000     0.000 r  
                                                      0.000     0.000 r  clk_i (IN)
                         net (fo=2875, unset)         0.787     0.787    clk_i
                         FDCE                                         r  uop_p1_q_reg[src0_addr][0]/C
  -------------------------------------------------------------------    -------------------
                         FDCE (Prop_fdce_C_Q)         0.433     1.220 r  uop_p1_q_reg[src0_addr][0]/Q
                         net (fo=2, unplaced)         0.373     1.593    uop_p1_q_reg[src0_addr_n_0_][0]
                         LUT4 (Prop_lut4_I2_O)        0.232     1.825 r  uop_p2_q[src0_addr][0]_i_1/O
                         net (fo=1, unplaced)         0.000     1.825    uop_p2_q[src0_addr][0]_i_1_n_0
                         FDCE                                         r  uop_p2_q_reg[src0_addr][0]/D
  -------------------------------------------------------------------    -------------------

                         (clock clk_i rise edge)      5.000     5.000 r  
                                                      0.000     5.000 r  clk_i (IN)
                         net (fo=2875, unset)         0.748     5.748    clk_i
                         FDCE                                         r  uop_p2_q_reg[src0_addr][0]/C
                         clock pessimism              0.000     5.748    
                         clock uncertainty           -0.035     5.712    
                         FDCE (Setup_fdce_C_D)        0.072     5.784    uop_p2_q_reg[src0_addr][0]
  -------------------------------------------------------------------
                         required time                          5.784    
                         arrival time                          -1.825    
  -------------------------------------------------------------------
                         slack                                  3.959    

Slack (MET) :             3.959ns  (required time - arrival time)
  Source:                 uop_p1_q_reg[src0_addr][2]/C
                            (rising edge-triggered cell FDCE clocked by clk_i  {rise@0.000ns fall@2.500ns period=5.000ns})
  Destination:            uop_p2_q_reg[src0_addr][2]/D
                            (rising edge-triggered cell FDCE clocked by clk_i  {rise@0.000ns fall@2.500ns period=5.000ns})
  Path Group:             clk_i
  Path Type:              Setup (Max at Slow Process Corner)
  Requirement:            5.000ns  (clk_i rise@5.000ns - clk_i rise@0.000ns)
  Data Path Delay:        1.038ns  (logic 0.665ns (64.066%)  route 0.373ns (35.934%))
  Logic Levels:           1  (LUT4=1)
  Clock Path Skew:        -0.039ns (DCD - SCD + CPR)
    Destination Clock Delay (DCD):    0.748ns = ( 5.748 - 5.000 ) 
    Source Clock Delay      (SCD):    0.787ns
    Clock Pessimism Removal (CPR):    0.000ns
  Clock Uncertainty:      0.035ns  ((TSJ^2 + TIJ^2)^1/2 + DJ) / 2 + PE
    Total System Jitter     (TSJ):    0.071ns
    Total Input Jitter      (TIJ):    0.000ns
    Discrete Jitter          (DJ):    0.000ns
    Phase Error              (PE):    0.000ns

    Location             Delay type                Incr(ns)  Path(ns)    Netlist Resource(s)
  -------------------------------------------------------------------    -------------------
                         (clock clk_i rise edge)      0.000     0.000 r  
                                                      0.000     0.000 r  clk_i (IN)
                         net (fo=2875, unset)         0.787     0.787    clk_i
                         FDCE                                         r  uop_p1_q_reg[src0_addr][2]/C
  -------------------------------------------------------------------    -------------------
                         FDCE (Prop_fdce_C_Q)         0.433     1.220 r  uop_p1_q_reg[src0_addr][2]/Q
                         net (fo=2, unplaced)         0.373     1.593    uop_p1_q_reg[src0_addr_n_0_][2]
                         LUT4 (Prop_lut4_I2_O)        0.232     1.825 r  uop_p2_q[src0_addr][2]_i_1/O
                         net (fo=1, unplaced)         0.000     1.825    uop_p2_q[src0_addr][2]_i_1_n_0
                         FDCE                                         r  uop_p2_q_reg[src0_addr][2]/D
  -------------------------------------------------------------------    -------------------

                         (clock clk_i rise edge)      5.000     5.000 r  
                                                      0.000     5.000 r  clk_i (IN)
                         net (fo=2875, unset)         0.748     5.748    clk_i
                         FDCE                                         r  uop_p2_q_reg[src0_addr][2]/C
                         clock pessimism              0.000     5.748    
                         clock uncertainty           -0.035     5.712    
                         FDCE (Setup_fdce_C_D)        0.072     5.784    uop_p2_q_reg[src0_addr][2]
  -------------------------------------------------------------------
                         required time                          5.784    
                         arrival time                          -1.825    
  -------------------------------------------------------------------
                         slack                                  3.959    

Slack (MET) :             3.959ns  (required time - arrival time)
  Source:                 uop_p1_q_reg[src0_addr][3]/C
                            (rising edge-triggered cell FDCE clocked by clk_i  {rise@0.000ns fall@2.500ns period=5.000ns})
  Destination:            uop_p2_q_reg[src0_addr][3]/D
                            (rising edge-triggered cell FDCE clocked by clk_i  {rise@0.000ns fall@2.500ns period=5.000ns})
  Path Group:             clk_i
  Path Type:              Setup (Max at Slow Process Corner)
  Requirement:            5.000ns  (clk_i rise@5.000ns - clk_i rise@0.000ns)
  Data Path Delay:        1.038ns  (logic 0.665ns (64.066%)  route 0.373ns (35.934%))
  Logic Levels:           1  (LUT4=1)
  Clock Path Skew:        -0.039ns (DCD - SCD + CPR)
    Destination Clock Delay (DCD):    0.748ns = ( 5.748 - 5.000 ) 
    Source Clock Delay      (SCD):    0.787ns
    Clock Pessimism Removal (CPR):    0.000ns
  Clock Uncertainty:      0.035ns  ((TSJ^2 + TIJ^2)^1/2 + DJ) / 2 + PE
    Total System Jitter     (TSJ):    0.071ns
    Total Input Jitter      (TIJ):    0.000ns
    Discrete Jitter          (DJ):    0.000ns
    Phase Error              (PE):    0.000ns

    Location             Delay type                Incr(ns)  Path(ns)    Netlist Resource(s)
  -------------------------------------------------------------------    -------------------
                         (clock clk_i rise edge)      0.000     0.000 r  
                                                      0.000     0.000 r  clk_i (IN)
                         net (fo=2875, unset)         0.787     0.787    clk_i
                         FDCE                                         r  uop_p1_q_reg[src0_addr][3]/C
  -------------------------------------------------------------------    -------------------
                         FDCE (Prop_fdce_C_Q)         0.433     1.220 r  uop_p1_q_reg[src0_addr][3]/Q
                         net (fo=2, unplaced)         0.373     1.593    uop_p1_q_reg[src0_addr_n_0_][3]
                         LUT4 (Prop_lut4_I2_O)        0.232     1.825 r  uop_p2_q[src0_addr][3]_i_1/O
                         net (fo=1, unplaced)         0.000     1.825    uop_p2_q[src0_addr][3]_i_1_n_0
                         FDCE                                         r  uop_p2_q_reg[src0_addr][3]/D
  -------------------------------------------------------------------    -------------------

                         (clock clk_i rise edge)      5.000     5.000 r  
                                                      0.000     5.000 r  clk_i (IN)
                         net (fo=2875, unset)         0.748     5.748    clk_i
                         FDCE                                         r  uop_p2_q_reg[src0_addr][3]/C
                         clock pessimism              0.000     5.748    
                         clock uncertainty           -0.035     5.712    
                         FDCE (Setup_fdce_C_D)        0.072     5.784    uop_p2_q_reg[src0_addr][3]
  -------------------------------------------------------------------
                         required time                          5.784    
                         arrival time                          -1.825    
  -------------------------------------------------------------------
                         slack                                  3.959    

Slack (MET) :             3.959ns  (required time - arrival time)
  Source:                 uop_p1_q_reg[src0_addr][4]/C
                            (rising edge-triggered cell FDCE clocked by clk_i  {rise@0.000ns fall@2.500ns period=5.000ns})
  Destination:            uop_p2_q_reg[src0_addr][4]/D
                            (rising edge-triggered cell FDCE clocked by clk_i  {rise@0.000ns fall@2.500ns period=5.000ns})
  Path Group:             clk_i
  Path Type:              Setup (Max at Slow Process Corner)
  Requirement:            5.000ns  (clk_i rise@5.000ns - clk_i rise@0.000ns)
  Data Path Delay:        1.038ns  (logic 0.665ns (64.066%)  route 0.373ns (35.934%))
  Logic Levels:           1  (LUT4=1)
  Clock Path Skew:        -0.039ns (DCD - SCD + CPR)
    Destination Clock Delay (DCD):    0.748ns = ( 5.748 - 5.000 ) 
    Source Clock Delay      (SCD):    0.787ns
    Clock Pessimism Removal (CPR):    0.000ns
  Clock Uncertainty:      0.035ns  ((TSJ^2 + TIJ^2)^1/2 + DJ) / 2 + PE
    Total System Jitter     (TSJ):    0.071ns
    Total Input Jitter      (TIJ):    0.000ns
    Discrete Jitter          (DJ):    0.000ns
    Phase Error              (PE):    0.000ns

    Location             Delay type                Incr(ns)  Path(ns)    Netlist Resource(s)
  -------------------------------------------------------------------    -------------------
                         (clock clk_i rise edge)      0.000     0.000 r  
                                                      0.000     0.000 r  clk_i (IN)
                         net (fo=2875, unset)         0.787     0.787    clk_i
                         FDCE                                         r  uop_p1_q_reg[src0_addr][4]/C
  -------------------------------------------------------------------    -------------------
                         FDCE (Prop_fdce_C_Q)         0.433     1.220 r  uop_p1_q_reg[src0_addr][4]/Q
                         net (fo=2, unplaced)         0.373     1.593    uop_p1_q_reg[src0_addr_n_0_][4]
                         LUT4 (Prop_lut4_I2_O)        0.232     1.825 r  uop_p2_q[src0_addr][4]_i_1/O
                         net (fo=1, unplaced)         0.000     1.825    uop_p2_q[src0_addr][4]_i_1_n_0
                         FDCE                                         r  uop_p2_q_reg[src0_addr][4]/D
  -------------------------------------------------------------------    -------------------

                         (clock clk_i rise edge)      5.000     5.000 r  
                                                      0.000     5.000 r  clk_i (IN)
                         net (fo=2875, unset)         0.748     5.748    clk_i
                         FDCE                                         r  uop_p2_q_reg[src0_addr][4]/C
                         clock pessimism              0.000     5.748    
                         clock uncertainty           -0.035     5.712    
                         FDCE (Setup_fdce_C_D)        0.072     5.784    uop_p2_q_reg[src0_addr][4]
  -------------------------------------------------------------------
                         required time                          5.784    
                         arrival time                          -1.825    
  -------------------------------------------------------------------
                         slack                                  3.959    

Slack (MET) :             3.959ns  (required time - arrival time)
  Source:                 uop_p1_q_reg[src0_addr][5]/C
                            (rising edge-triggered cell FDCE clocked by clk_i  {rise@0.000ns fall@2.500ns period=5.000ns})
  Destination:            uop_p2_q_reg[src0_addr][5]/D
                            (rising edge-triggered cell FDCE clocked by clk_i  {rise@0.000ns fall@2.500ns period=5.000ns})
  Path Group:             clk_i
  Path Type:              Setup (Max at Slow Process Corner)
  Requirement:            5.000ns  (clk_i rise@5.000ns - clk_i rise@0.000ns)
  Data Path Delay:        1.038ns  (logic 0.665ns (64.066%)  route 0.373ns (35.934%))
  Logic Levels:           1  (LUT4=1)
  Clock Path Skew:        -0.039ns (DCD - SCD + CPR)
    Destination Clock Delay (DCD):    0.748ns = ( 5.748 - 5.000 ) 
    Source Clock Delay      (SCD):    0.787ns
    Clock Pessimism Removal (CPR):    0.000ns
  Clock Uncertainty:      0.035ns  ((TSJ^2 + TIJ^2)^1/2 + DJ) / 2 + PE
    Total System Jitter     (TSJ):    0.071ns
    Total Input Jitter      (TIJ):    0.000ns
    Discrete Jitter          (DJ):    0.000ns
    Phase Error              (PE):    0.000ns

    Location             Delay type                Incr(ns)  Path(ns)    Netlist Resource(s)
  -------------------------------------------------------------------    -------------------
                         (clock clk_i rise edge)      0.000     0.000 r  
                                                      0.000     0.000 r  clk_i (IN)
                         net (fo=2875, unset)         0.787     0.787    clk_i
                         FDCE                                         r  uop_p1_q_reg[src0_addr][5]/C
  -------------------------------------------------------------------    -------------------
                         FDCE (Prop_fdce_C_Q)         0.433     1.220 r  uop_p1_q_reg[src0_addr][5]/Q
                         net (fo=2, unplaced)         0.373     1.593    uop_p1_q_reg[src0_addr_n_0_][5]
                         LUT4 (Prop_lut4_I2_O)        0.232     1.825 r  uop_p2_q[src0_addr][5]_i_1/O
                         net (fo=1, unplaced)         0.000     1.825    uop_p2_q[src0_addr][5]_i_1_n_0
                         FDCE                                         r  uop_p2_q_reg[src0_addr][5]/D
  -------------------------------------------------------------------    -------------------

                         (clock clk_i rise edge)      5.000     5.000 r  
                                                      0.000     5.000 r  clk_i (IN)
                         net (fo=2875, unset)         0.748     5.748    clk_i
                         FDCE                                         r  uop_p2_q_reg[src0_addr][5]/C
                         clock pessimism              0.000     5.748    
                         clock uncertainty           -0.035     5.712    
                         FDCE (Setup_fdce_C_D)        0.072     5.784    uop_p2_q_reg[src0_addr][5]
  -------------------------------------------------------------------
                         required time                          5.784    
                         arrival time                          -1.825    
  -------------------------------------------------------------------
                         slack                                  3.959    

Slack (MET) :             3.959ns  (required time - arrival time)
  Source:                 uop_p1_q_reg[src1_addr][0]/C
                            (rising edge-triggered cell FDCE clocked by clk_i  {rise@0.000ns fall@2.500ns period=5.000ns})
  Destination:            uop_p2_q_reg[src1_addr][0]/D
                            (rising edge-triggered cell FDCE clocked by clk_i  {rise@0.000ns fall@2.500ns period=5.000ns})
  Path Group:             clk_i
  Path Type:              Setup (Max at Slow Process Corner)
  Requirement:            5.000ns  (clk_i rise@5.000ns - clk_i rise@0.000ns)
  Data Path Delay:        1.038ns  (logic 0.665ns (64.066%)  route 0.373ns (35.934%))
  Logic Levels:           1  (LUT4=1)
  Clock Path Skew:        -0.039ns (DCD - SCD + CPR)
    Destination Clock Delay (DCD):    0.748ns = ( 5.748 - 5.000 ) 
    Source Clock Delay      (SCD):    0.787ns
    Clock Pessimism Removal (CPR):    0.000ns
  Clock Uncertainty:      0.035ns  ((TSJ^2 + TIJ^2)^1/2 + DJ) / 2 + PE
    Total System Jitter     (TSJ):    0.071ns
    Total Input Jitter      (TIJ):    0.000ns
    Discrete Jitter          (DJ):    0.000ns
    Phase Error              (PE):    0.000ns

    Location             Delay type                Incr(ns)  Path(ns)    Netlist Resource(s)
  -------------------------------------------------------------------    -------------------
                         (clock clk_i rise edge)      0.000     0.000 r  
                                                      0.000     0.000 r  clk_i (IN)
                         net (fo=2875, unset)         0.787     0.787    clk_i
                         FDCE                                         r  uop_p1_q_reg[src1_addr][0]/C
  -------------------------------------------------------------------    -------------------
                         FDCE (Prop_fdce_C_Q)         0.433     1.220 r  uop_p1_q_reg[src1_addr][0]/Q
                         net (fo=2, unplaced)         0.373     1.593    uop_p1_q_reg[src1_addr_n_0_][0]
                         LUT4 (Prop_lut4_I2_O)        0.232     1.825 r  uop_p2_q[src1_addr][0]_i_1/O
                         net (fo=1, unplaced)         0.000     1.825    uop_p2_q[src1_addr][0]_i_1_n_0
                         FDCE                                         r  uop_p2_q_reg[src1_addr][0]/D
  -------------------------------------------------------------------    -------------------

                         (clock clk_i rise edge)      5.000     5.000 r  
                                                      0.000     5.000 r  clk_i (IN)
                         net (fo=2875, unset)         0.748     5.748    clk_i
                         FDCE                                         r  uop_p2_q_reg[src1_addr][0]/C
                         clock pessimism              0.000     5.748    
                         clock uncertainty           -0.035     5.712    
                         FDCE (Setup_fdce_C_D)        0.072     5.784    uop_p2_q_reg[src1_addr][0]
  -------------------------------------------------------------------
                         required time                          5.784    
                         arrival time                          -1.825    
  -------------------------------------------------------------------
                         slack                                  3.959    

Slack (MET) :             3.959ns  (required time - arrival time)
  Source:                 uop_p1_q_reg[src1_addr][1]/C
                            (rising edge-triggered cell FDCE clocked by clk_i  {rise@0.000ns fall@2.500ns period=5.000ns})
  Destination:            uop_p2_q_reg[src1_addr][1]/D
                            (rising edge-triggered cell FDCE clocked by clk_i  {rise@0.000ns fall@2.500ns period=5.000ns})
  Path Group:             clk_i
  Path Type:              Setup (Max at Slow Process Corner)
  Requirement:            5.000ns  (clk_i rise@5.000ns - clk_i rise@0.000ns)
  Data Path Delay:        1.038ns  (logic 0.665ns (64.066%)  route 0.373ns (35.934%))
  Logic Levels:           1  (LUT4=1)
  Clock Path Skew:        -0.039ns (DCD - SCD + CPR)
    Destination Clock Delay (DCD):    0.748ns = ( 5.748 - 5.000 ) 
    Source Clock Delay      (SCD):    0.787ns
    Clock Pessimism Removal (CPR):    0.000ns
  Clock Uncertainty:      0.035ns  ((TSJ^2 + TIJ^2)^1/2 + DJ) / 2 + PE
    Total System Jitter     (TSJ):    0.071ns
    Total Input Jitter      (TIJ):    0.000ns
    Discrete Jitter          (DJ):    0.000ns
    Phase Error              (PE):    0.000ns

    Location             Delay type                Incr(ns)  Path(ns)    Netlist Resource(s)
  -------------------------------------------------------------------    -------------------
                         (clock clk_i rise edge)      0.000     0.000 r  
                                                      0.000     0.000 r  clk_i (IN)
                         net (fo=2875, unset)         0.787     0.787    clk_i
                         FDCE                                         r  uop_p1_q_reg[src1_addr][1]/C
  -------------------------------------------------------------------    -------------------
                         FDCE (Prop_fdce_C_Q)         0.433     1.220 r  uop_p1_q_reg[src1_addr][1]/Q
                         net (fo=2, unplaced)         0.373     1.593    uop_p1_q_reg[src1_addr_n_0_][1]
                         LUT4 (Prop_lut4_I2_O)        0.232     1.825 r  uop_p2_q[src1_addr][1]_i_1/O
                         net (fo=1, unplaced)         0.000     1.825    uop_p2_q[src1_addr][1]_i_1_n_0
                         FDCE                                         r  uop_p2_q_reg[src1_addr][1]/D
  -------------------------------------------------------------------    -------------------

                         (clock clk_i rise edge)      5.000     5.000 r  
                                                      0.000     5.000 r  clk_i (IN)
                         net (fo=2875, unset)         0.748     5.748    clk_i
                         FDCE                                         r  uop_p2_q_reg[src1_addr][1]/C
                         clock pessimism              0.000     5.748    
                         clock uncertainty           -0.035     5.712    
                         FDCE (Setup_fdce_C_D)        0.072     5.784    uop_p2_q_reg[src1_addr][1]
  -------------------------------------------------------------------
                         required time                          5.784    
                         arrival time                          -1.825    
  -------------------------------------------------------------------
                         slack                                  3.959    




