Copyright 1986-2022 Xilinx, Inc. All Rights Reserved. Copyright 2022-2024 Advanced Micro Devices, Inc. All Rights Reserved.
----------------------------------------------------------------------------------------------------------------------------------------------------------------------------------------------------------------------------------------------------------------------------------------------------------------------------------------------------
| Tool Version : Vivado v.2024.2 (win64) Build 5239630 Fri Nov 08 22:35:27 MST 2024
| Date         : Sat Jun  6 17:22:30 2026
| Host         : WIN-20240824NZS running 64-bit major release  (build 9200)
| Command      : report_timing -delay_type max -sort_by slack -max_paths 20 -nworst 1 -from [get_pins -quiet -of_objects {i_vrf/lane_result_q[3][62]_i_6/I4} -filter {DIRECTION == OUT}] -to {i_vrf/lane_result_q[3][62]_i_6/I4} -file E:/HDEC/cva6-vhdc-core/reports/vivado/ooc_hdec_timing_atlas_e0925738/200mhz/groups/03b_p2_to_lane_popcnt.rpt
| Design       : hdec_top
| Device       : 7z020-clg400
| Speed File   : -2  PRODUCTION 1.12 2019-11-22
| Design State : Synthesized
----------------------------------------------------------------------------------------------------------------------------------------------------------------------------------------------------------------------------------------------------------------------------------------------------------------------------------------------------

Timing Report

Slack (VIOLATED) :        -1.442ns  (required time - arrival time)
  Source:                 uop_p2_q_reg[use_popcount]_rep/C
                            (rising edge-triggered cell FDCE clocked by clk_i  {rise@0.000ns fall@2.500ns period=5.000ns})
  Destination:            lane_popcnt_q_reg[0][4]/D
                            (rising edge-triggered cell FDCE clocked by clk_i  {rise@0.000ns fall@2.500ns period=5.000ns})
  Path Group:             clk_i
  Path Type:              Setup (Max at Slow Process Corner)
  Requirement:            5.000ns  (clk_i rise@5.000ns - clk_i rise@0.000ns)
  Data Path Delay:        6.439ns  (logic 1.315ns (20.422%)  route 5.124ns (79.578%))
  Logic Levels:           7  (LUT4=1 LUT5=2 LUT6=4)
  Clock Path Skew:        -0.039ns (DCD - SCD + CPR)
    Destination Clock Delay (DCD):    0.748ns = ( 5.748 - 5.000 ) 
    Source Clock Delay      (SCD):    0.787ns
    Clock Pessimism Removal (CPR):    0.000ns
  Clock Uncertainty:      0.035ns  ((TSJ^2 + TIJ^2)^1/2 + DJ) / 2 + PE
    Total System Jitter     (TSJ):    0.071ns
    Total Input Jitter      (TIJ):    0.000ns
    Discrete Jitter          (DJ):    0.000ns
    Phase Error              (PE):    0.000ns

    Location             Delay type                Incr(ns)  Path(ns)    Netlist Resource(s)
  -------------------------------------------------------------------    -------------------
                         (clock clk_i rise edge)      0.000     0.000 r  
                                                      0.000     0.000 r  clk_i (IN)
                         net (fo=2875, unset)         0.787     0.787    clk_i
                         FDCE                                         r  uop_p2_q_reg[use_popcount]_rep/C
  -------------------------------------------------------------------    -------------------
                         FDCE (Prop_fdce_C_Q)         0.433     1.220 r  uop_p2_q_reg[use_popcount]_rep/Q
                         net (fo=96, unplaced)        0.698     1.918    gen_lane[0].i_lane/lane_result_q_reg[0][19]
                         LUT4 (Prop_lut4_I1_O)        0.252     2.170 r  gen_lane[0].i_lane/lane_result_q[0][63]_i_3/O
                         net (fo=3, unplaced)         0.956     3.126    i_vrf/lane_result_q_reg[0][63]
                         LUT6 (Prop_lut6_I1_O)        0.105     3.231 r  i_vrf/lane_popcnt_q[0][0]_i_16/O
                         net (fo=3, unplaced)         0.956     4.187    gen_lane[0].i_lane/lane_popcnt_q[0][6]_i_9_3
                         LUT6 (Prop_lut6_I0_O)        0.105     4.292 r  gen_lane[0].i_lane/lane_popcnt_q[0][3]_i_11/O
                         net (fo=2, unplaced)         0.593     4.885    gen_lane[0].i_lane/FSM_onehot_st_q_reg[6]_19
                         LUT6 (Prop_lut6_I3_O)        0.105     4.990 r  gen_lane[0].i_lane/lane_popcnt_q[0][1]_i_2/O
                         net (fo=3, unplaced)         0.600     5.590    gen_lane[0].i_lane/lane_popcnt_q[0][1]_i_10_0
                         LUT5 (Prop_lut5_I2_O)        0.105     5.695 r  gen_lane[0].i_lane/lane_popcnt_q[0][3]_i_4/O
                         net (fo=3, unplaced)         0.956     6.651    gen_lane[0].i_lane/lane_popcnt_q[0][1]_i_4_1
                         LUT6 (Prop_lut6_I1_O)        0.105     6.756 r  gen_lane[0].i_lane/lane_popcnt_q[0][6]_i_7/O
                         net (fo=3, unplaced)         0.365     7.121    i_vrf/lane_popcnt_q_reg[0][6]_3
                         LUT5 (Prop_lut5_I3_O)        0.105     7.226 r  i_vrf/lane_popcnt_q[0][4]_i_1/O
                         net (fo=1, unplaced)         0.000     7.226    lane_popcount_count[0][4]
                         FDCE                                         r  lane_popcnt_q_reg[0][4]/D
  -------------------------------------------------------------------    -------------------

                         (clock clk_i rise edge)      5.000     5.000 r  
                                                      0.000     5.000 r  clk_i (IN)
                         net (fo=2875, unset)         0.748     5.748    clk_i
                         FDCE                                         r  lane_popcnt_q_reg[0][4]/C
                         clock pessimism              0.000     5.748    
                         clock uncertainty           -0.035     5.712    
                         FDCE (Setup_fdce_C_D)        0.072     5.784    lane_popcnt_q_reg[0][4]
  -------------------------------------------------------------------
                         required time                          5.784    
                         arrival time                          -7.226    
  -------------------------------------------------------------------
                         slack                                 -1.442    

Slack (VIOLATED) :        -1.442ns  (required time - arrival time)
  Source:                 uop_p2_q_reg[use_popcount]_rep/C
                            (rising edge-triggered cell FDCE clocked by clk_i  {rise@0.000ns fall@2.500ns period=5.000ns})
  Destination:            lane_popcnt_q_reg[0][5]/D
                            (rising edge-triggered cell FDCE clocked by clk_i  {rise@0.000ns fall@2.500ns period=5.000ns})
  Path Group:             clk_i
  Path Type:              Setup (Max at Slow Process Corner)
  Requirement:            5.000ns  (clk_i rise@5.000ns - clk_i rise@0.000ns)
  Data Path Delay:        6.439ns  (logic 1.315ns (20.422%)  route 5.124ns (79.578%))
  Logic Levels:           7  (LUT4=1 LUT5=1 LUT6=5)
  Clock Path Skew:        -0.039ns (DCD - SCD + CPR)
    Destination Clock Delay (DCD):    0.748ns = ( 5.748 - 5.000 ) 
    Source Clock Delay      (SCD):    0.787ns
    Clock Pessimism Removal (CPR):    0.000ns
  Clock Uncertainty:      0.035ns  ((TSJ^2 + TIJ^2)^1/2 + DJ) / 2 + PE
    Total System Jitter     (TSJ):    0.071ns
    Total Input Jitter      (TIJ):    0.000ns
    Discrete Jitter          (DJ):    0.000ns
    Phase Error              (PE):    0.000ns

    Location             Delay type                Incr(ns)  Path(ns)    Netlist Resource(s)
  -------------------------------------------------------------------    -------------------
                         (clock clk_i rise edge)      0.000     0.000 r  
                                                      0.000     0.000 r  clk_i (IN)
                         net (fo=2875, unset)         0.787     0.787    clk_i
                         FDCE                                         r  uop_p2_q_reg[use_popcount]_rep/C
  -------------------------------------------------------------------    -------------------
                         FDCE (Prop_fdce_C_Q)         0.433     1.220 r  uop_p2_q_reg[use_popcount]_rep/Q
                         net (fo=96, unplaced)        0.698     1.918    gen_lane[0].i_lane/lane_result_q_reg[0][19]
                         LUT4 (Prop_lut4_I1_O)        0.252     2.170 r  gen_lane[0].i_lane/lane_result_q[0][63]_i_3/O
                         net (fo=3, unplaced)         0.956     3.126    i_vrf/lane_result_q_reg[0][63]
                         LUT6 (Prop_lut6_I1_O)        0.105     3.231 r  i_vrf/lane_popcnt_q[0][0]_i_16/O
                         net (fo=3, unplaced)         0.956     4.187    gen_lane[0].i_lane/lane_popcnt_q[0][6]_i_9_3
                         LUT6 (Prop_lut6_I0_O)        0.105     4.292 r  gen_lane[0].i_lane/lane_popcnt_q[0][3]_i_11/O
                         net (fo=2, unplaced)         0.593     4.885    gen_lane[0].i_lane/FSM_onehot_st_q_reg[6]_19
                         LUT6 (Prop_lut6_I3_O)        0.105     4.990 r  gen_lane[0].i_lane/lane_popcnt_q[0][1]_i_2/O
                         net (fo=3, unplaced)         0.600     5.590    gen_lane[0].i_lane/lane_popcnt_q[0][1]_i_10_0
                         LUT5 (Prop_lut5_I2_O)        0.105     5.695 r  gen_lane[0].i_lane/lane_popcnt_q[0][3]_i_4/O
                         net (fo=3, unplaced)         0.956     6.651    gen_lane[0].i_lane/lane_popcnt_q[0][1]_i_4_1
                         LUT6 (Prop_lut6_I1_O)        0.105     6.756 r  gen_lane[0].i_lane/lane_popcnt_q[0][6]_i_7/O
                         net (fo=3, unplaced)         0.365     7.121    i_vrf/lane_popcnt_q_reg[0][6]_3
                         LUT6 (Prop_lut6_I3_O)        0.105     7.226 r  i_vrf/lane_popcnt_q[0][5]_i_1/O
                         net (fo=1, unplaced)         0.000     7.226    lane_popcount_count[0][5]
                         FDCE                                         r  lane_popcnt_q_reg[0][5]/D
  -------------------------------------------------------------------    -------------------

                         (clock clk_i rise edge)      5.000     5.000 r  
                                                      0.000     5.000 r  clk_i (IN)
                         net (fo=2875, unset)         0.748     5.748    clk_i
                         FDCE                                         r  lane_popcnt_q_reg[0][5]/C
                         clock pessimism              0.000     5.748    
                         clock uncertainty           -0.035     5.712    
                         FDCE (Setup_fdce_C_D)        0.072     5.784    lane_popcnt_q_reg[0][5]
  -------------------------------------------------------------------
                         required time                          5.784    
                         arrival time                          -7.226    
  -------------------------------------------------------------------
                         slack                                 -1.442    

Slack (VIOLATED) :        -1.442ns  (required time - arrival time)
  Source:                 uop_p2_q_reg[use_popcount]_rep/C
                            (rising edge-triggered cell FDCE clocked by clk_i  {rise@0.000ns fall@2.500ns period=5.000ns})
  Destination:            lane_popcnt_q_reg[0][6]/D
                            (rising edge-triggered cell FDCE clocked by clk_i  {rise@0.000ns fall@2.500ns period=5.000ns})
  Path Group:             clk_i
  Path Type:              Setup (Max at Slow Process Corner)
  Requirement:            5.000ns  (clk_i rise@5.000ns - clk_i rise@0.000ns)
  Data Path Delay:        6.439ns  (logic 1.315ns (20.422%)  route 5.124ns (79.578%))
  Logic Levels:           7  (LUT4=1 LUT5=1 LUT6=5)
  Clock Path Skew:        -0.039ns (DCD - SCD + CPR)
    Destination Clock Delay (DCD):    0.748ns = ( 5.748 - 5.000 ) 
    Source Clock Delay      (SCD):    0.787ns
    Clock Pessimism Removal (CPR):    0.000ns
  Clock Uncertainty:      0.035ns  ((TSJ^2 + TIJ^2)^1/2 + DJ) / 2 + PE
    Total System Jitter     (TSJ):    0.071ns
    Total Input Jitter      (TIJ):    0.000ns
    Discrete Jitter          (DJ):    0.000ns
    Phase Error              (PE):    0.000ns

    Location             Delay type                Incr(ns)  Path(ns)    Netlist Resource(s)
  -------------------------------------------------------------------    -------------------
                         (clock clk_i rise edge)      0.000     0.000 r  
                                                      0.000     0.000 r  clk_i (IN)
                         net (fo=2875, unset)         0.787     0.787    clk_i
                         FDCE                                         r  uop_p2_q_reg[use_popcount]_rep/C
  -------------------------------------------------------------------    -------------------
                         FDCE (Prop_fdce_C_Q)         0.433     1.220 r  uop_p2_q_reg[use_popcount]_rep/Q
                         net (fo=96, unplaced)        0.698     1.918    gen_lane[0].i_lane/lane_result_q_reg[0][19]
                         LUT4 (Prop_lut4_I1_O)        0.252     2.170 r  gen_lane[0].i_lane/lane_result_q[0][63]_i_3/O
                         net (fo=3, unplaced)         0.956     3.126    i_vrf/lane_result_q_reg[0][63]
                         LUT6 (Prop_lut6_I1_O)        0.105     3.231 r  i_vrf/lane_popcnt_q[0][0]_i_16/O
                         net (fo=3, unplaced)         0.956     4.187    gen_lane[0].i_lane/lane_popcnt_q[0][6]_i_9_3
                         LUT6 (Prop_lut6_I0_O)        0.105     4.292 r  gen_lane[0].i_lane/lane_popcnt_q[0][3]_i_11/O
                         net (fo=2, unplaced)         0.593     4.885    gen_lane[0].i_lane/FSM_onehot_st_q_reg[6]_19
                         LUT6 (Prop_lut6_I3_O)        0.105     4.990 r  gen_lane[0].i_lane/lane_popcnt_q[0][1]_i_2/O
                         net (fo=3, unplaced)         0.600     5.590    gen_lane[0].i_lane/lane_popcnt_q[0][1]_i_10_0
                         LUT5 (Prop_lut5_I2_O)        0.105     5.695 r  gen_lane[0].i_lane/lane_popcnt_q[0][3]_i_4/O
                         net (fo=3, unplaced)         0.956     6.651    gen_lane[0].i_lane/lane_popcnt_q[0][1]_i_4_1
                         LUT6 (Prop_lut6_I1_O)        0.105     6.756 r  gen_lane[0].i_lane/lane_popcnt_q[0][6]_i_7/O
                         net (fo=3, unplaced)         0.365     7.121    i_vrf/lane_popcnt_q_reg[0][6]_3
                         LUT6 (Prop_lut6_I5_O)        0.105     7.226 r  i_vrf/lane_popcnt_q[0][6]_i_1/O
                         net (fo=1, unplaced)         0.000     7.226    lane_popcount_count[0][6]
                         FDCE                                         r  lane_popcnt_q_reg[0][6]/D
  -------------------------------------------------------------------    -------------------

                         (clock clk_i rise edge)      5.000     5.000 r  
                                                      0.000     5.000 r  clk_i (IN)
                         net (fo=2875, unset)         0.748     5.748    clk_i
                         FDCE                                         r  lane_popcnt_q_reg[0][6]/C
                         clock pessimism              0.000     5.748    
                         clock uncertainty           -0.035     5.712    
                         FDCE (Setup_fdce_C_D)        0.072     5.784    lane_popcnt_q_reg[0][6]
  -------------------------------------------------------------------
                         required time                          5.784    
                         arrival time                          -7.226    
  -------------------------------------------------------------------
                         slack                                 -1.442    

Slack (VIOLATED) :        -1.442ns  (required time - arrival time)
  Source:                 uop_p2_q_reg[use_popcount]_rep/C
                            (rising edge-triggered cell FDCE clocked by clk_i  {rise@0.000ns fall@2.500ns period=5.000ns})
  Destination:            lane_popcnt_q_reg[1][4]/D
                            (rising edge-triggered cell FDCE clocked by clk_i  {rise@0.000ns fall@2.500ns period=5.000ns})
  Path Group:             clk_i
  Path Type:              Setup (Max at Slow Process Corner)
  Requirement:            5.000ns  (clk_i rise@5.000ns - clk_i rise@0.000ns)
  Data Path Delay:        6.439ns  (logic 1.315ns (20.422%)  route 5.124ns (79.578%))
  Logic Levels:           7  (LUT4=1 LUT5=2 LUT6=4)
  Clock Path Skew:        -0.039ns (DCD - SCD + CPR)
    Destination Clock Delay (DCD):    0.748ns = ( 5.748 - 5.000 ) 
    Source Clock Delay      (SCD):    0.787ns
    Clock Pessimism Removal (CPR):    0.000ns
  Clock Uncertainty:      0.035ns  ((TSJ^2 + TIJ^2)^1/2 + DJ) / 2 + PE
    Total System Jitter     (TSJ):    0.071ns
    Total Input Jitter      (TIJ):    0.000ns
    Discrete Jitter          (DJ):    0.000ns
    Phase Error              (PE):    0.000ns

    Location             Delay type                Incr(ns)  Path(ns)    Netlist Resource(s)
  -------------------------------------------------------------------    -------------------
                         (clock clk_i rise edge)      0.000     0.000 r  
                                                      0.000     0.000 r  clk_i (IN)
                         net (fo=2875, unset)         0.787     0.787    clk_i
                         FDCE                                         r  uop_p2_q_reg[use_popcount]_rep/C
  -------------------------------------------------------------------    -------------------
                         FDCE (Prop_fdce_C_Q)         0.433     1.220 r  uop_p2_q_reg[use_popcount]_rep/Q
                         net (fo=96, unplaced)        0.698     1.918    gen_lane[1].i_lane/lane_result_q_reg[1][19]
                         LUT4 (Prop_lut4_I1_O)        0.252     2.170 r  gen_lane[1].i_lane/lane_result_q[1][63]_i_3/O
                         net (fo=3, unplaced)         0.956     3.126    i_vrf/lane_result_q_reg[1][63]
                         LUT6 (Prop_lut6_I1_O)        0.105     3.231 r  i_vrf/lane_popcnt_q[1][0]_i_16/O
                         net (fo=3, unplaced)         0.956     4.187    gen_lane[1].i_lane/lane_popcnt_q[1][6]_i_10_3
                         LUT6 (Prop_lut6_I0_O)        0.105     4.292 r  gen_lane[1].i_lane/lane_popcnt_q[1][3]_i_11/O
                         net (fo=2, unplaced)         0.593     4.885    gen_lane[1].i_lane/FSM_onehot_st_q_reg[6]_19
                         LUT6 (Prop_lut6_I3_O)        0.105     4.990 r  gen_lane[1].i_lane/lane_popcnt_q[1][1]_i_2/O
                         net (fo=3, unplaced)         0.600     5.590    gen_lane[1].i_lane/lane_popcnt_q[1][1]_i_10_0
                         LUT5 (Prop_lut5_I2_O)        0.105     5.695 r  gen_lane[1].i_lane/lane_popcnt_q[1][3]_i_4/O
                         net (fo=3, unplaced)         0.956     6.651    gen_lane[1].i_lane/lane_popcnt_q[1][1]_i_4_1
                         LUT6 (Prop_lut6_I1_O)        0.105     6.756 r  gen_lane[1].i_lane/lane_popcnt_q[1][6]_i_8/O
                         net (fo=3, unplaced)         0.365     7.121    i_vrf/lane_popcnt_q_reg[1][6]_3
                         LUT5 (Prop_lut5_I3_O)        0.105     7.226 r  i_vrf/lane_popcnt_q[1][4]_i_1/O
                         net (fo=1, unplaced)         0.000     7.226    lane_popcount_count[1][4]
                         FDCE                                         r  lane_popcnt_q_reg[1][4]/D
  -------------------------------------------------------------------    -------------------

                         (clock clk_i rise edge)      5.000     5.000 r  
                                                      0.000     5.000 r  clk_i (IN)
                         net (fo=2875, unset)         0.748     5.748    clk_i
                         FDCE                                         r  lane_popcnt_q_reg[1][4]/C
                         clock pessimism              0.000     5.748    
                         clock uncertainty           -0.035     5.712    
                         FDCE (Setup_fdce_C_D)        0.072     5.784    lane_popcnt_q_reg[1][4]
  -------------------------------------------------------------------
                         required time                          5.784    
                         arrival time                          -7.226    
  -------------------------------------------------------------------
                         slack                                 -1.442    

Slack (VIOLATED) :        -1.442ns  (required time - arrival time)
  Source:                 uop_p2_q_reg[use_popcount]_rep/C
                            (rising edge-triggered cell FDCE clocked by clk_i  {rise@0.000ns fall@2.500ns period=5.000ns})
  Destination:            lane_popcnt_q_reg[1][5]/D
                            (rising edge-triggered cell FDCE clocked by clk_i  {rise@0.000ns fall@2.500ns period=5.000ns})
  Path Group:             clk_i
  Path Type:              Setup (Max at Slow Process Corner)
  Requirement:            5.000ns  (clk_i rise@5.000ns - clk_i rise@0.000ns)
  Data Path Delay:        6.439ns  (logic 1.315ns (20.422%)  route 5.124ns (79.578%))
  Logic Levels:           7  (LUT4=1 LUT5=1 LUT6=5)
  Clock Path Skew:        -0.039ns (DCD - SCD + CPR)
    Destination Clock Delay (DCD):    0.748ns = ( 5.748 - 5.000 ) 
    Source Clock Delay      (SCD):    0.787ns
    Clock Pessimism Removal (CPR):    0.000ns
  Clock Uncertainty:      0.035ns  ((TSJ^2 + TIJ^2)^1/2 + DJ) / 2 + PE
    Total System Jitter     (TSJ):    0.071ns
    Total Input Jitter      (TIJ):    0.000ns
    Discrete Jitter          (DJ):    0.000ns
    Phase Error              (PE):    0.000ns

    Location             Delay type                Incr(ns)  Path(ns)    Netlist Resource(s)
  -------------------------------------------------------------------    -------------------
                         (clock clk_i rise edge)      0.000     0.000 r  
                                                      0.000     0.000 r  clk_i (IN)
                         net (fo=2875, unset)         0.787     0.787    clk_i
                         FDCE                                         r  uop_p2_q_reg[use_popcount]_rep/C
  -------------------------------------------------------------------    -------------------
                         FDCE (Prop_fdce_C_Q)         0.433     1.220 r  uop_p2_q_reg[use_popcount]_rep/Q
                         net (fo=96, unplaced)        0.698     1.918    gen_lane[1].i_lane/lane_result_q_reg[1][19]
                         LUT4 (Prop_lut4_I1_O)        0.252     2.170 r  gen_lane[1].i_lane/lane_result_q[1][63]_i_3/O
                         net (fo=3, unplaced)         0.956     3.126    i_vrf/lane_result_q_reg[1][63]
                         LUT6 (Prop_lut6_I1_O)        0.105     3.231 r  i_vrf/lane_popcnt_q[1][0]_i_16/O
                         net (fo=3, unplaced)         0.956     4.187    gen_lane[1].i_lane/lane_popcnt_q[1][6]_i_10_3
                         LUT6 (Prop_lut6_I0_O)        0.105     4.292 r  gen_lane[1].i_lane/lane_popcnt_q[1][3]_i_11/O
                         net (fo=2, unplaced)         0.593     4.885    gen_lane[1].i_lane/FSM_onehot_st_q_reg[6]_19
                         LUT6 (Prop_lut6_I3_O)        0.105     4.990 r  gen_lane[1].i_lane/lane_popcnt_q[1][1]_i_2/O
                         net (fo=3, unplaced)         0.600     5.590    gen_lane[1].i_lane/lane_popcnt_q[1][1]_i_10_0
                         LUT5 (Prop_lut5_I2_O)        0.105     5.695 r  gen_lane[1].i_lane/lane_popcnt_q[1][3]_i_4/O
                         net (fo=3, unplaced)         0.956     6.651    gen_lane[1].i_lane/lane_popcnt_q[1][1]_i_4_1
                         LUT6 (Prop_lut6_I1_O)        0.105     6.756 r  gen_lane[1].i_lane/lane_popcnt_q[1][6]_i_8/O
                         net (fo=3, unplaced)         0.365     7.121    i_vrf/lane_popcnt_q_reg[1][6]_3
                         LUT6 (Prop_lut6_I3_O)        0.105     7.226 r  i_vrf/lane_popcnt_q[1][5]_i_1/O
                         net (fo=1, unplaced)         0.000     7.226    lane_popcount_count[1][5]
                         FDCE                                         r  lane_popcnt_q_reg[1][5]/D
  -------------------------------------------------------------------    -------------------

                         (clock clk_i rise edge)      5.000     5.000 r  
                                                      0.000     5.000 r  clk_i (IN)
                         net (fo=2875, unset)         0.748     5.748    clk_i
                         FDCE                                         r  lane_popcnt_q_reg[1][5]/C
                         clock pessimism              0.000     5.748    
                         clock uncertainty           -0.035     5.712    
                         FDCE (Setup_fdce_C_D)        0.072     5.784    lane_popcnt_q_reg[1][5]
  -------------------------------------------------------------------
                         required time                          5.784    
                         arrival time                          -7.226    
  -------------------------------------------------------------------
                         slack                                 -1.442    

Slack (VIOLATED) :        -1.442ns  (required time - arrival time)
  Source:                 uop_p2_q_reg[use_popcount]_rep/C
                            (rising edge-triggered cell FDCE clocked by clk_i  {rise@0.000ns fall@2.500ns period=5.000ns})
  Destination:            lane_popcnt_q_reg[1][6]/D
                            (rising edge-triggered cell FDCE clocked by clk_i  {rise@0.000ns fall@2.500ns period=5.000ns})
  Path Group:             clk_i
  Path Type:              Setup (Max at Slow Process Corner)
  Requirement:            5.000ns  (clk_i rise@5.000ns - clk_i rise@0.000ns)
  Data Path Delay:        6.439ns  (logic 1.315ns (20.422%)  route 5.124ns (79.578%))
  Logic Levels:           7  (LUT4=1 LUT5=1 LUT6=5)
  Clock Path Skew:        -0.039ns (DCD - SCD + CPR)
    Destination Clock Delay (DCD):    0.748ns = ( 5.748 - 5.000 ) 
    Source Clock Delay      (SCD):    0.787ns
    Clock Pessimism Removal (CPR):    0.000ns
  Clock Uncertainty:      0.035ns  ((TSJ^2 + TIJ^2)^1/2 + DJ) / 2 + PE
    Total System Jitter     (TSJ):    0.071ns
    Total Input Jitter      (TIJ):    0.000ns
    Discrete Jitter          (DJ):    0.000ns
    Phase Error              (PE):    0.000ns

    Location             Delay type                Incr(ns)  Path(ns)    Netlist Resource(s)
  -------------------------------------------------------------------    -------------------
                         (clock clk_i rise edge)      0.000     0.000 r  
                                                      0.000     0.000 r  clk_i (IN)
                         net (fo=2875, unset)         0.787     0.787    clk_i
                         FDCE                                         r  uop_p2_q_reg[use_popcount]_rep/C
  -------------------------------------------------------------------    -------------------
                         FDCE (Prop_fdce_C_Q)         0.433     1.220 r  uop_p2_q_reg[use_popcount]_rep/Q
                         net (fo=96, unplaced)        0.698     1.918    gen_lane[1].i_lane/lane_result_q_reg[1][19]
                         LUT4 (Prop_lut4_I1_O)        0.252     2.170 r  gen_lane[1].i_lane/lane_result_q[1][63]_i_3/O
                         net (fo=3, unplaced)         0.956     3.126    i_vrf/lane_result_q_reg[1][63]
                         LUT6 (Prop_lut6_I1_O)        0.105     3.231 r  i_vrf/lane_popcnt_q[1][0]_i_16/O
                         net (fo=3, unplaced)         0.956     4.187    gen_lane[1].i_lane/lane_popcnt_q[1][6]_i_10_3
                         LUT6 (Prop_lut6_I0_O)        0.105     4.292 r  gen_lane[1].i_lane/lane_popcnt_q[1][3]_i_11/O
                         net (fo=2, unplaced)         0.593     4.885    gen_lane[1].i_lane/FSM_onehot_st_q_reg[6]_19
                         LUT6 (Prop_lut6_I3_O)        0.105     4.990 r  gen_lane[1].i_lane/lane_popcnt_q[1][1]_i_2/O
                         net (fo=3, unplaced)         0.600     5.590    gen_lane[1].i_lane/lane_popcnt_q[1][1]_i_10_0
                         LUT5 (Prop_lut5_I2_O)        0.105     5.695 r  gen_lane[1].i_lane/lane_popcnt_q[1][3]_i_4/O
                         net (fo=3, unplaced)         0.956     6.651    gen_lane[1].i_lane/lane_popcnt_q[1][1]_i_4_1
                         LUT6 (Prop_lut6_I1_O)        0.105     6.756 r  gen_lane[1].i_lane/lane_popcnt_q[1][6]_i_8/O
                         net (fo=3, unplaced)         0.365     7.121    i_vrf/lane_popcnt_q_reg[1][6]_3
                         LUT6 (Prop_lut6_I5_O)        0.105     7.226 r  i_vrf/lane_popcnt_q[1][6]_i_2/O
                         net (fo=1, unplaced)         0.000     7.226    lane_popcount_count[1][6]
                         FDCE                                         r  lane_popcnt_q_reg[1][6]/D
  -------------------------------------------------------------------    -------------------

                         (clock clk_i rise edge)      5.000     5.000 r  
                                                      0.000     5.000 r  clk_i (IN)
                         net (fo=2875, unset)         0.748     5.748    clk_i
                         FDCE                                         r  lane_popcnt_q_reg[1][6]/C
                         clock pessimism              0.000     5.748    
                         clock uncertainty           -0.035     5.712    
                         FDCE (Setup_fdce_C_D)        0.072     5.784    lane_popcnt_q_reg[1][6]
  -------------------------------------------------------------------
                         required time                          5.784    
                         arrival time                          -7.226    
  -------------------------------------------------------------------
                         slack                                 -1.442    

Slack (VIOLATED) :        -1.442ns  (required time - arrival time)
  Source:                 uop_p2_q_reg[use_popcount]_rep/C
                            (rising edge-triggered cell FDCE clocked by clk_i  {rise@0.000ns fall@2.500ns period=5.000ns})
  Destination:            lane_popcnt_q_reg[2][4]/D
                            (rising edge-triggered cell FDCE clocked by clk_i  {rise@0.000ns fall@2.500ns period=5.000ns})
  Path Group:             clk_i
  Path Type:              Setup (Max at Slow Process Corner)
  Requirement:            5.000ns  (clk_i rise@5.000ns - clk_i rise@0.000ns)
  Data Path Delay:        6.439ns  (logic 1.315ns (20.422%)  route 5.124ns (79.578%))
  Logic Levels:           7  (LUT4=1 LUT5=2 LUT6=4)
  Clock Path Skew:        -0.039ns (DCD - SCD + CPR)
    Destination Clock Delay (DCD):    0.748ns = ( 5.748 - 5.000 ) 
    Source Clock Delay      (SCD):    0.787ns
    Clock Pessimism Removal (CPR):    0.000ns
  Clock Uncertainty:      0.035ns  ((TSJ^2 + TIJ^2)^1/2 + DJ) / 2 + PE
    Total System Jitter     (TSJ):    0.071ns
    Total Input Jitter      (TIJ):    0.000ns
    Discrete Jitter          (DJ):    0.000ns
    Phase Error              (PE):    0.000ns

    Location             Delay type                Incr(ns)  Path(ns)    Netlist Resource(s)
  -------------------------------------------------------------------    -------------------
                         (clock clk_i rise edge)      0.000     0.000 r  
                                                      0.000     0.000 r  clk_i (IN)
                         net (fo=2875, unset)         0.787     0.787    clk_i
                         FDCE                                         r  uop_p2_q_reg[use_popcount]_rep/C
  -------------------------------------------------------------------    -------------------
                         FDCE (Prop_fdce_C_Q)         0.433     1.220 r  uop_p2_q_reg[use_popcount]_rep/Q
                         net (fo=96, unplaced)        0.698     1.918    gen_lane[2].i_lane/lane_result_q_reg[2][19]
                         LUT4 (Prop_lut4_I1_O)        0.252     2.170 r  gen_lane[2].i_lane/lane_result_q[2][63]_i_3/O
                         net (fo=3, unplaced)         0.956     3.126    i_vrf/lane_result_q_reg[2][63]
                         LUT6 (Prop_lut6_I1_O)        0.105     3.231 r  i_vrf/lane_popcnt_q[2][0]_i_16/O
                         net (fo=3, unplaced)         0.956     4.187    gen_lane[2].i_lane/lane_popcnt_q[2][6]_i_9_3
                         LUT6 (Prop_lut6_I0_O)        0.105     4.292 r  gen_lane[2].i_lane/lane_popcnt_q[2][3]_i_11/O
                         net (fo=2, unplaced)         0.593     4.885    gen_lane[2].i_lane/FSM_onehot_st_q_reg[6]_19
                         LUT6 (Prop_lut6_I3_O)        0.105     4.990 r  gen_lane[2].i_lane/lane_popcnt_q[2][1]_i_2/O
                         net (fo=3, unplaced)         0.600     5.590    gen_lane[2].i_lane/lane_popcnt_q[2][1]_i_10_0
                         LUT5 (Prop_lut5_I2_O)        0.105     5.695 r  gen_lane[2].i_lane/lane_popcnt_q[2][3]_i_4/O
                         net (fo=3, unplaced)         0.956     6.651    gen_lane[2].i_lane/lane_popcnt_q[2][1]_i_4_1
                         LUT6 (Prop_lut6_I1_O)        0.105     6.756 r  gen_lane[2].i_lane/lane_popcnt_q[2][6]_i_7/O
                         net (fo=3, unplaced)         0.365     7.121    i_vrf/lane_popcnt_q_reg[2][6]_3
                         LUT5 (Prop_lut5_I3_O)        0.105     7.226 r  i_vrf/lane_popcnt_q[2][4]_i_1/O
                         net (fo=1, unplaced)         0.000     7.226    lane_popcount_count[2][4]
                         FDCE                                         r  lane_popcnt_q_reg[2][4]/D
  -------------------------------------------------------------------    -------------------

                         (clock clk_i rise edge)      5.000     5.000 r  
                                                      0.000     5.000 r  clk_i (IN)
                         net (fo=2875, unset)         0.748     5.748    clk_i
                         FDCE                                         r  lane_popcnt_q_reg[2][4]/C
                         clock pessimism              0.000     5.748    
                         clock uncertainty           -0.035     5.712    
                         FDCE (Setup_fdce_C_D)        0.072     5.784    lane_popcnt_q_reg[2][4]
  -------------------------------------------------------------------
                         required time                          5.784    
                         arrival time                          -7.226    
  -------------------------------------------------------------------
                         slack                                 -1.442    

Slack (VIOLATED) :        -1.442ns  (required time - arrival time)
  Source:                 uop_p2_q_reg[use_popcount]_rep/C
                            (rising edge-triggered cell FDCE clocked by clk_i  {rise@0.000ns fall@2.500ns period=5.000ns})
  Destination:            lane_popcnt_q_reg[2][5]/D
                            (rising edge-triggered cell FDCE clocked by clk_i  {rise@0.000ns fall@2.500ns period=5.000ns})
  Path Group:             clk_i
  Path Type:              Setup (Max at Slow Process Corner)
  Requirement:            5.000ns  (clk_i rise@5.000ns - clk_i rise@0.000ns)
  Data Path Delay:        6.439ns  (logic 1.315ns (20.422%)  route 5.124ns (79.578%))
  Logic Levels:           7  (LUT4=1 LUT5=1 LUT6=5)
  Clock Path Skew:        -0.039ns (DCD - SCD + CPR)
    Destination Clock Delay (DCD):    0.748ns = ( 5.748 - 5.000 ) 
    Source Clock Delay      (SCD):    0.787ns
    Clock Pessimism Removal (CPR):    0.000ns
  Clock Uncertainty:      0.035ns  ((TSJ^2 + TIJ^2)^1/2 + DJ) / 2 + PE
    Total System Jitter     (TSJ):    0.071ns
    Total Input Jitter      (TIJ):    0.000ns
    Discrete Jitter          (DJ):    0.000ns
    Phase Error              (PE):    0.000ns

    Location             Delay type                Incr(ns)  Path(ns)    Netlist Resource(s)
  -------------------------------------------------------------------    -------------------
                         (clock clk_i rise edge)      0.000     0.000 r  
                                                      0.000     0.000 r  clk_i (IN)
                         net (fo=2875, unset)         0.787     0.787    clk_i
                         FDCE                                         r  uop_p2_q_reg[use_popcount]_rep/C
  -------------------------------------------------------------------    -------------------
                         FDCE (Prop_fdce_C_Q)         0.433     1.220 r  uop_p2_q_reg[use_popcount]_rep/Q
                         net (fo=96, unplaced)        0.698     1.918    gen_lane[2].i_lane/lane_result_q_reg[2][19]
                         LUT4 (Prop_lut4_I1_O)        0.252     2.170 r  gen_lane[2].i_lane/lane_result_q[2][63]_i_3/O
                         net (fo=3, unplaced)         0.956     3.126    i_vrf/lane_result_q_reg[2][63]
                         LUT6 (Prop_lut6_I1_O)        0.105     3.231 r  i_vrf/lane_popcnt_q[2][0]_i_16/O
                         net (fo=3, unplaced)         0.956     4.187    gen_lane[2].i_lane/lane_popcnt_q[2][6]_i_9_3
                         LUT6 (Prop_lut6_I0_O)        0.105     4.292 r  gen_lane[2].i_lane/lane_popcnt_q[2][3]_i_11/O
                         net (fo=2, unplaced)         0.593     4.885    gen_lane[2].i_lane/FSM_onehot_st_q_reg[6]_19
                         LUT6 (Prop_lut6_I3_O)        0.105     4.990 r  gen_lane[2].i_lane/lane_popcnt_q[2][1]_i_2/O
                         net (fo=3, unplaced)         0.600     5.590    gen_lane[2].i_lane/lane_popcnt_q[2][1]_i_10_0
                         LUT5 (Prop_lut5_I2_O)        0.105     5.695 r  gen_lane[2].i_lane/lane_popcnt_q[2][3]_i_4/O
                         net (fo=3, unplaced)         0.956     6.651    gen_lane[2].i_lane/lane_popcnt_q[2][1]_i_4_1
                         LUT6 (Prop_lut6_I1_O)        0.105     6.756 r  gen_lane[2].i_lane/lane_popcnt_q[2][6]_i_7/O
                         net (fo=3, unplaced)         0.365     7.121    i_vrf/lane_popcnt_q_reg[2][6]_3
                         LUT6 (Prop_lut6_I3_O)        0.105     7.226 r  i_vrf/lane_popcnt_q[2][5]_i_1/O
                         net (fo=1, unplaced)         0.000     7.226    lane_popcount_count[2][5]
                         FDCE                                         r  lane_popcnt_q_reg[2][5]/D
  -------------------------------------------------------------------    -------------------

                         (clock clk_i rise edge)      5.000     5.000 r  
                                                      0.000     5.000 r  clk_i (IN)
                         net (fo=2875, unset)         0.748     5.748    clk_i
                         FDCE                                         r  lane_popcnt_q_reg[2][5]/C
                         clock pessimism              0.000     5.748    
                         clock uncertainty           -0.035     5.712    
                         FDCE (Setup_fdce_C_D)        0.072     5.784    lane_popcnt_q_reg[2][5]
  -------------------------------------------------------------------
                         required time                          5.784    
                         arrival time                          -7.226    
  -------------------------------------------------------------------
                         slack                                 -1.442    

Slack (VIOLATED) :        -1.442ns  (required time - arrival time)
  Source:                 uop_p2_q_reg[use_popcount]_rep/C
                            (rising edge-triggered cell FDCE clocked by clk_i  {rise@0.000ns fall@2.500ns period=5.000ns})
  Destination:            lane_popcnt_q_reg[2][6]/D
                            (rising edge-triggered cell FDCE clocked by clk_i  {rise@0.000ns fall@2.500ns period=5.000ns})
  Path Group:             clk_i
  Path Type:              Setup (Max at Slow Process Corner)
  Requirement:            5.000ns  (clk_i rise@5.000ns - clk_i rise@0.000ns)
  Data Path Delay:        6.439ns  (logic 1.315ns (20.422%)  route 5.124ns (79.578%))
  Logic Levels:           7  (LUT4=1 LUT5=1 LUT6=5)
  Clock Path Skew:        -0.039ns (DCD - SCD + CPR)
    Destination Clock Delay (DCD):    0.748ns = ( 5.748 - 5.000 ) 
    Source Clock Delay      (SCD):    0.787ns
    Clock Pessimism Removal (CPR):    0.000ns
  Clock Uncertainty:      0.035ns  ((TSJ^2 + TIJ^2)^1/2 + DJ) / 2 + PE
    Total System Jitter     (TSJ):    0.071ns
    Total Input Jitter      (TIJ):    0.000ns
    Discrete Jitter          (DJ):    0.000ns
    Phase Error              (PE):    0.000ns

    Location             Delay type                Incr(ns)  Path(ns)    Netlist Resource(s)
  -------------------------------------------------------------------    -------------------
                         (clock clk_i rise edge)      0.000     0.000 r  
                                                      0.000     0.000 r  clk_i (IN)
                         net (fo=2875, unset)         0.787     0.787    clk_i
                         FDCE                                         r  uop_p2_q_reg[use_popcount]_rep/C
  -------------------------------------------------------------------    -------------------
                         FDCE (Prop_fdce_C_Q)         0.433     1.220 r  uop_p2_q_reg[use_popcount]_rep/Q
                         net (fo=96, unplaced)        0.698     1.918    gen_lane[2].i_lane/lane_result_q_reg[2][19]
                         LUT4 (Prop_lut4_I1_O)        0.252     2.170 r  gen_lane[2].i_lane/lane_result_q[2][63]_i_3/O
                         net (fo=3, unplaced)         0.956     3.126    i_vrf/lane_result_q_reg[2][63]
                         LUT6 (Prop_lut6_I1_O)        0.105     3.231 r  i_vrf/lane_popcnt_q[2][0]_i_16/O
                         net (fo=3, unplaced)         0.956     4.187    gen_lane[2].i_lane/lane_popcnt_q[2][6]_i_9_3
                         LUT6 (Prop_lut6_I0_O)        0.105     4.292 r  gen_lane[2].i_lane/lane_popcnt_q[2][3]_i_11/O
                         net (fo=2, unplaced)         0.593     4.885    gen_lane[2].i_lane/FSM_onehot_st_q_reg[6]_19
                         LUT6 (Prop_lut6_I3_O)        0.105     4.990 r  gen_lane[2].i_lane/lane_popcnt_q[2][1]_i_2/O
                         net (fo=3, unplaced)         0.600     5.590    gen_lane[2].i_lane/lane_popcnt_q[2][1]_i_10_0
                         LUT5 (Prop_lut5_I2_O)        0.105     5.695 r  gen_lane[2].i_lane/lane_popcnt_q[2][3]_i_4/O
                         net (fo=3, unplaced)         0.956     6.651    gen_lane[2].i_lane/lane_popcnt_q[2][1]_i_4_1
                         LUT6 (Prop_lut6_I1_O)        0.105     6.756 r  gen_lane[2].i_lane/lane_popcnt_q[2][6]_i_7/O
                         net (fo=3, unplaced)         0.365     7.121    i_vrf/lane_popcnt_q_reg[2][6]_3
                         LUT6 (Prop_lut6_I5_O)        0.105     7.226 r  i_vrf/lane_popcnt_q[2][6]_i_1/O
                         net (fo=1, unplaced)         0.000     7.226    lane_popcount_count[2][6]
                         FDCE                                         r  lane_popcnt_q_reg[2][6]/D
  -------------------------------------------------------------------    -------------------

                         (clock clk_i rise edge)      5.000     5.000 r  
                                                      0.000     5.000 r  clk_i (IN)
                         net (fo=2875, unset)         0.748     5.748    clk_i
                         FDCE                                         r  lane_popcnt_q_reg[2][6]/C
                         clock pessimism              0.000     5.748    
                         clock uncertainty           -0.035     5.712    
                         FDCE (Setup_fdce_C_D)        0.072     5.784    lane_popcnt_q_reg[2][6]
  -------------------------------------------------------------------
                         required time                          5.784    
                         arrival time                          -7.226    
  -------------------------------------------------------------------
                         slack                                 -1.442    

Slack (VIOLATED) :        -1.442ns  (required time - arrival time)
  Source:                 uop_p2_q_reg[use_popcount]_rep/C
                            (rising edge-triggered cell FDCE clocked by clk_i  {rise@0.000ns fall@2.500ns period=5.000ns})
  Destination:            lane_popcnt_q_reg[3][4]/D
                            (rising edge-triggered cell FDCE clocked by clk_i  {rise@0.000ns fall@2.500ns period=5.000ns})
  Path Group:             clk_i
  Path Type:              Setup (Max at Slow Process Corner)
  Requirement:            5.000ns  (clk_i rise@5.000ns - clk_i rise@0.000ns)
  Data Path Delay:        6.439ns  (logic 1.315ns (20.422%)  route 5.124ns (79.578%))
  Logic Levels:           7  (LUT4=1 LUT5=2 LUT6=4)
  Clock Path Skew:        -0.039ns (DCD - SCD + CPR)
    Destination Clock Delay (DCD):    0.748ns = ( 5.748 - 5.000 ) 
    Source Clock Delay      (SCD):    0.787ns
    Clock Pessimism Removal (CPR):    0.000ns
  Clock Uncertainty:      0.035ns  ((TSJ^2 + TIJ^2)^1/2 + DJ) / 2 + PE
    Total System Jitter     (TSJ):    0.071ns
    Total Input Jitter      (TIJ):    0.000ns
    Discrete Jitter          (DJ):    0.000ns
    Phase Error              (PE):    0.000ns

    Location             Delay type                Incr(ns)  Path(ns)    Netlist Resource(s)
  -------------------------------------------------------------------    -------------------
                         (clock clk_i rise edge)      0.000     0.000 r  
                                                      0.000     0.000 r  clk_i (IN)
                         net (fo=2875, unset)         0.787     0.787    clk_i
                         FDCE                                         r  uop_p2_q_reg[use_popcount]_rep/C
  -------------------------------------------------------------------    -------------------
                         FDCE (Prop_fdce_C_Q)         0.433     1.220 r  uop_p2_q_reg[use_popcount]_rep/Q
                         net (fo=96, unplaced)        0.698     1.918    gen_lane[3].i_lane/lane_result_q_reg[3][19]
                         LUT4 (Prop_lut4_I1_O)        0.252     2.170 r  gen_lane[3].i_lane/lane_result_q[3][63]_i_5/O
                         net (fo=3, unplaced)         0.956     3.126    i_vrf/lane_result_q_reg[3][63]
                         LUT6 (Prop_lut6_I1_O)        0.105     3.231 r  i_vrf/lane_popcnt_q[3][0]_i_16/O
                         net (fo=3, unplaced)         0.956     4.187    gen_lane[3].i_lane/lane_popcnt_q[3][6]_i_9_3
                         LUT6 (Prop_lut6_I0_O)        0.105     4.292 r  gen_lane[3].i_lane/lane_popcnt_q[3][3]_i_11/O
                         net (fo=2, unplaced)         0.593     4.885    gen_lane[3].i_lane/FSM_onehot_st_q_reg[6]_19
                         LUT6 (Prop_lut6_I3_O)        0.105     4.990 r  gen_lane[3].i_lane/lane_popcnt_q[3][1]_i_2/O
                         net (fo=3, unplaced)         0.600     5.590    gen_lane[3].i_lane/lane_popcnt_q[3][1]_i_10_0
                         LUT5 (Prop_lut5_I2_O)        0.105     5.695 r  gen_lane[3].i_lane/lane_popcnt_q[3][3]_i_4/O
                         net (fo=3, unplaced)         0.956     6.651    gen_lane[3].i_lane/lane_popcnt_q[3][1]_i_4_1
                         LUT6 (Prop_lut6_I1_O)        0.105     6.756 r  gen_lane[3].i_lane/lane_popcnt_q[3][6]_i_7/O
                         net (fo=3, unplaced)         0.365     7.121    i_vrf/lane_popcnt_q_reg[3][6]_3
                         LUT5 (Prop_lut5_I3_O)        0.105     7.226 r  i_vrf/lane_popcnt_q[3][4]_i_1/O
                         net (fo=1, unplaced)         0.000     7.226    lane_popcount_count[3][4]
                         FDCE                                         r  lane_popcnt_q_reg[3][4]/D
  -------------------------------------------------------------------    -------------------

                         (clock clk_i rise edge)      5.000     5.000 r  
                                                      0.000     5.000 r  clk_i (IN)
                         net (fo=2875, unset)         0.748     5.748    clk_i
                         FDCE                                         r  lane_popcnt_q_reg[3][4]/C
                         clock pessimism              0.000     5.748    
                         clock uncertainty           -0.035     5.712    
                         FDCE (Setup_fdce_C_D)        0.072     5.784    lane_popcnt_q_reg[3][4]
  -------------------------------------------------------------------
                         required time                          5.784    
                         arrival time                          -7.226    
  -------------------------------------------------------------------
                         slack                                 -1.442    

Slack (VIOLATED) :        -1.442ns  (required time - arrival time)
  Source:                 uop_p2_q_reg[use_popcount]_rep/C
                            (rising edge-triggered cell FDCE clocked by clk_i  {rise@0.000ns fall@2.500ns period=5.000ns})
  Destination:            lane_popcnt_q_reg[3][5]/D
                            (rising edge-triggered cell FDCE clocked by clk_i  {rise@0.000ns fall@2.500ns period=5.000ns})
  Path Group:             clk_i
  Path Type:              Setup (Max at Slow Process Corner)
  Requirement:            5.000ns  (clk_i rise@5.000ns - clk_i rise@0.000ns)
  Data Path Delay:        6.439ns  (logic 1.315ns (20.422%)  route 5.124ns (79.578%))
  Logic Levels:           7  (LUT4=1 LUT5=1 LUT6=5)
  Clock Path Skew:        -0.039ns (DCD - SCD + CPR)
    Destination Clock Delay (DCD):    0.748ns = ( 5.748 - 5.000 ) 
    Source Clock Delay      (SCD):    0.787ns
    Clock Pessimism Removal (CPR):    0.000ns
  Clock Uncertainty:      0.035ns  ((TSJ^2 + TIJ^2)^1/2 + DJ) / 2 + PE
    Total System Jitter     (TSJ):    0.071ns
    Total Input Jitter      (TIJ):    0.000ns
    Discrete Jitter          (DJ):    0.000ns
    Phase Error              (PE):    0.000ns

    Location             Delay type                Incr(ns)  Path(ns)    Netlist Resource(s)
  -------------------------------------------------------------------    -------------------
                         (clock clk_i rise edge)      0.000     0.000 r  
                                                      0.000     0.000 r  clk_i (IN)
                         net (fo=2875, unset)         0.787     0.787    clk_i
                         FDCE                                         r  uop_p2_q_reg[use_popcount]_rep/C
  -------------------------------------------------------------------    -------------------
                         FDCE (Prop_fdce_C_Q)         0.433     1.220 r  uop_p2_q_reg[use_popcount]_rep/Q
                         net (fo=96, unplaced)        0.698     1.918    gen_lane[3].i_lane/lane_result_q_reg[3][19]
                         LUT4 (Prop_lut4_I1_O)        0.252     2.170 r  gen_lane[3].i_lane/lane_result_q[3][63]_i_5/O
                         net (fo=3, unplaced)         0.956     3.126    i_vrf/lane_result_q_reg[3][63]
                         LUT6 (Prop_lut6_I1_O)        0.105     3.231 r  i_vrf/lane_popcnt_q[3][0]_i_16/O
                         net (fo=3, unplaced)         0.956     4.187    gen_lane[3].i_lane/lane_popcnt_q[3][6]_i_9_3
                         LUT6 (Prop_lut6_I0_O)        0.105     4.292 r  gen_lane[3].i_lane/lane_popcnt_q[3][3]_i_11/O
                         net (fo=2, unplaced)         0.593     4.885    gen_lane[3].i_lane/FSM_onehot_st_q_reg[6]_19
                         LUT6 (Prop_lut6_I3_O)        0.105     4.990 r  gen_lane[3].i_lane/lane_popcnt_q[3][1]_i_2/O
                         net (fo=3, unplaced)         0.600     5.590    gen_lane[3].i_lane/lane_popcnt_q[3][1]_i_10_0
                         LUT5 (Prop_lut5_I2_O)        0.105     5.695 r  gen_lane[3].i_lane/lane_popcnt_q[3][3]_i_4/O
                         net (fo=3, unplaced)         0.956     6.651    gen_lane[3].i_lane/lane_popcnt_q[3][1]_i_4_1
                         LUT6 (Prop_lut6_I1_O)        0.105     6.756 r  gen_lane[3].i_lane/lane_popcnt_q[3][6]_i_7/O
                         net (fo=3, unplaced)         0.365     7.121    i_vrf/lane_popcnt_q_reg[3][6]_3
                         LUT6 (Prop_lut6_I3_O)        0.105     7.226 r  i_vrf/lane_popcnt_q[3][5]_i_1/O
                         net (fo=1, unplaced)         0.000     7.226    lane_popcount_count[3][5]
                         FDCE                                         r  lane_popcnt_q_reg[3][5]/D
  -------------------------------------------------------------------    -------------------

                         (clock clk_i rise edge)      5.000     5.000 r  
                                                      0.000     5.000 r  clk_i (IN)
                         net (fo=2875, unset)         0.748     5.748    clk_i
                         FDCE                                         r  lane_popcnt_q_reg[3][5]/C
                         clock pessimism              0.000     5.748    
                         clock uncertainty           -0.035     5.712    
                         FDCE (Setup_fdce_C_D)        0.072     5.784    lane_popcnt_q_reg[3][5]
  -------------------------------------------------------------------
                         required time                          5.784    
                         arrival time                          -7.226    
  -------------------------------------------------------------------
                         slack                                 -1.442    

Slack (VIOLATED) :        -1.442ns  (required time - arrival time)
  Source:                 uop_p2_q_reg[use_popcount]_rep/C
                            (rising edge-triggered cell FDCE clocked by clk_i  {rise@0.000ns fall@2.500ns period=5.000ns})
  Destination:            lane_popcnt_q_reg[3][6]/D
                            (rising edge-triggered cell FDCE clocked by clk_i  {rise@0.000ns fall@2.500ns period=5.000ns})
  Path Group:             clk_i
  Path Type:              Setup (Max at Slow Process Corner)
  Requirement:            5.000ns  (clk_i rise@5.000ns - clk_i rise@0.000ns)
  Data Path Delay:        6.439ns  (logic 1.315ns (20.422%)  route 5.124ns (79.578%))
  Logic Levels:           7  (LUT4=1 LUT5=1 LUT6=5)
  Clock Path Skew:        -0.039ns (DCD - SCD + CPR)
    Destination Clock Delay (DCD):    0.748ns = ( 5.748 - 5.000 ) 
    Source Clock Delay      (SCD):    0.787ns
    Clock Pessimism Removal (CPR):    0.000ns
  Clock Uncertainty:      0.035ns  ((TSJ^2 + TIJ^2)^1/2 + DJ) / 2 + PE
    Total System Jitter     (TSJ):    0.071ns
    Total Input Jitter      (TIJ):    0.000ns
    Discrete Jitter          (DJ):    0.000ns
    Phase Error              (PE):    0.000ns

    Location             Delay type                Incr(ns)  Path(ns)    Netlist Resource(s)
  -------------------------------------------------------------------    -------------------
                         (clock clk_i rise edge)      0.000     0.000 r  
                                                      0.000     0.000 r  clk_i (IN)
                         net (fo=2875, unset)         0.787     0.787    clk_i
                         FDCE                                         r  uop_p2_q_reg[use_popcount]_rep/C
  -------------------------------------------------------------------    -------------------
                         FDCE (Prop_fdce_C_Q)         0.433     1.220 r  uop_p2_q_reg[use_popcount]_rep/Q
                         net (fo=96, unplaced)        0.698     1.918    gen_lane[3].i_lane/lane_result_q_reg[3][19]
                         LUT4 (Prop_lut4_I1_O)        0.252     2.170 r  gen_lane[3].i_lane/lane_result_q[3][63]_i_5/O
                         net (fo=3, unplaced)         0.956     3.126    i_vrf/lane_result_q_reg[3][63]
                         LUT6 (Prop_lut6_I1_O)        0.105     3.231 r  i_vrf/lane_popcnt_q[3][0]_i_16/O
                         net (fo=3, unplaced)         0.956     4.187    gen_lane[3].i_lane/lane_popcnt_q[3][6]_i_9_3
                         LUT6 (Prop_lut6_I0_O)        0.105     4.292 r  gen_lane[3].i_lane/lane_popcnt_q[3][3]_i_11/O
                         net (fo=2, unplaced)         0.593     4.885    gen_lane[3].i_lane/FSM_onehot_st_q_reg[6]_19
                         LUT6 (Prop_lut6_I3_O)        0.105     4.990 r  gen_lane[3].i_lane/lane_popcnt_q[3][1]_i_2/O
                         net (fo=3, unplaced)         0.600     5.590    gen_lane[3].i_lane/lane_popcnt_q[3][1]_i_10_0
                         LUT5 (Prop_lut5_I2_O)        0.105     5.695 r  gen_lane[3].i_lane/lane_popcnt_q[3][3]_i_4/O
                         net (fo=3, unplaced)         0.956     6.651    gen_lane[3].i_lane/lane_popcnt_q[3][1]_i_4_1
                         LUT6 (Prop_lut6_I1_O)        0.105     6.756 r  gen_lane[3].i_lane/lane_popcnt_q[3][6]_i_7/O
                         net (fo=3, unplaced)         0.365     7.121    i_vrf/lane_popcnt_q_reg[3][6]_3
                         LUT6 (Prop_lut6_I5_O)        0.105     7.226 r  i_vrf/lane_popcnt_q[3][6]_i_1/O
                         net (fo=1, unplaced)         0.000     7.226    lane_popcount_count[3][6]
                         FDCE                                         r  lane_popcnt_q_reg[3][6]/D
  -------------------------------------------------------------------    -------------------

                         (clock clk_i rise edge)      5.000     5.000 r  
                                                      0.000     5.000 r  clk_i (IN)
                         net (fo=2875, unset)         0.748     5.748    clk_i
                         FDCE                                         r  lane_popcnt_q_reg[3][6]/C
                         clock pessimism              0.000     5.748    
                         clock uncertainty           -0.035     5.712    
                         FDCE (Setup_fdce_C_D)        0.072     5.784    lane_popcnt_q_reg[3][6]
  -------------------------------------------------------------------
                         required time                          5.784    
                         arrival time                          -7.226    
  -------------------------------------------------------------------
                         slack                                 -1.442    

Slack (VIOLATED) :        -0.809ns  (required time - arrival time)
  Source:                 uop_p2_q_reg[use_xor]/C
                            (rising edge-triggered cell FDCE clocked by clk_i  {rise@0.000ns fall@2.500ns period=5.000ns})
  Destination:            lane_popcnt_q_reg[0][3]/D
                            (rising edge-triggered cell FDCE clocked by clk_i  {rise@0.000ns fall@2.500ns period=5.000ns})
  Path Group:             clk_i
  Path Type:              Setup (Max at Slow Process Corner)
  Requirement:            5.000ns  (clk_i rise@5.000ns - clk_i rise@0.000ns)
  Data Path Delay:        5.806ns  (logic 1.308ns (22.528%)  route 4.498ns (77.472%))
  Logic Levels:           7  (LUT3=1 LUT5=4 LUT6=2)
  Clock Path Skew:        -0.039ns (DCD - SCD + CPR)
    Destination Clock Delay (DCD):    0.748ns = ( 5.748 - 5.000 ) 
    Source Clock Delay      (SCD):    0.787ns
    Clock Pessimism Removal (CPR):    0.000ns
  Clock Uncertainty:      0.035ns  ((TSJ^2 + TIJ^2)^1/2 + DJ) / 2 + PE
    Total System Jitter     (TSJ):    0.071ns
    Total Input Jitter      (TIJ):    0.000ns
    Discrete Jitter          (DJ):    0.000ns
    Phase Error              (PE):    0.000ns

    Location             Delay type                Incr(ns)  Path(ns)    Netlist Resource(s)
  -------------------------------------------------------------------    -------------------
                         (clock clk_i rise edge)      0.000     0.000 r  
                                                      0.000     0.000 r  clk_i (IN)
                         net (fo=2875, unset)         0.787     0.787    clk_i
                         FDCE                                         r  uop_p2_q_reg[use_xor]/C
  -------------------------------------------------------------------    -------------------
                         FDCE (Prop_fdce_C_Q)         0.433     1.220 r  uop_p2_q_reg[use_xor]/Q
                         net (fo=290, unplaced)       0.725     1.945    i_vrf/uop_p2_q_reg[use_xor]__0
                         LUT5 (Prop_lut5_I2_O)        0.232     2.177 r  i_vrf/lane_result_q[0][22]_i_4/O
                         net (fo=6, unplaced)         0.970     3.147    gen_lane[0].i_lane/lane_bool_result[0][13]
                         LUT6 (Prop_lut6_I1_O)        0.105     3.252 r  gen_lane[0].i_lane/lane_popcnt_q[0][6]_i_43/O
                         net (fo=2, unplaced)         0.793     4.045    gen_lane[0].i_lane/lane_popcnt_q[0][6]_i_43_n_0
                         LUT6 (Prop_lut6_I0_O)        0.105     4.150 r  gen_lane[0].i_lane/lane_popcnt_q[0][1]_i_14/O
                         net (fo=2, unplaced)         0.358     4.508    gen_lane[0].i_lane/lane_popcnt_q[0][1]_i_14_n_0
                         LUT5 (Prop_lut5_I4_O)        0.105     4.613 r  gen_lane[0].i_lane/lane_popcnt_q[0][6]_i_8/O
                         net (fo=2, unplaced)         0.949     5.562    gen_lane[0].i_lane/lane_popcnt_q[0][6]_i_8_n_0
                         LUT5 (Prop_lut5_I0_O)        0.118     5.680 r  gen_lane[0].i_lane/lane_popcnt_q[0][6]_i_2/O
                         net (fo=5, unplaced)         0.356     6.036    gen_lane[0].i_lane/lane_popcnt_q[0][6]_i_12_1
                         LUT3 (Prop_lut3_I0_O)        0.105     6.141 r  gen_lane[0].i_lane/lane_popcnt_q[0][3]_i_6/O
                         net (fo=1, unplaced)         0.347     6.488    i_vrf/lane_popcnt_q_reg[0][3]
                         LUT5 (Prop_lut5_I4_O)        0.105     6.593 r  i_vrf/lane_popcnt_q[0][3]_i_1/O
                         net (fo=1, unplaced)         0.000     6.593    lane_popcount_count[0][3]
                         FDCE                                         r  lane_popcnt_q_reg[0][3]/D
  -------------------------------------------------------------------    -------------------

                         (clock clk_i rise edge)      5.000     5.000 r  
                                                      0.000     5.000 r  clk_i (IN)
                         net (fo=2875, unset)         0.748     5.748    clk_i
                         FDCE                                         r  lane_popcnt_q_reg[0][3]/C
                         clock pessimism              0.000     5.748    
                         clock uncertainty           -0.035     5.712    
                         FDCE (Setup_fdce_C_D)        0.072     5.784    lane_popcnt_q_reg[0][3]
  -------------------------------------------------------------------
                         required time                          5.784    
                         arrival time                          -6.593    
  -------------------------------------------------------------------
                         slack                                 -0.809    

Slack (VIOLATED) :        -0.809ns  (required time - arrival time)
  Source:                 uop_p2_q_reg[use_xor]/C
                            (rising edge-triggered cell FDCE clocked by clk_i  {rise@0.000ns fall@2.500ns period=5.000ns})
  Destination:            lane_popcnt_q_reg[1][3]/D
                            (rising edge-triggered cell FDCE clocked by clk_i  {rise@0.000ns fall@2.500ns period=5.000ns})
  Path Group:             clk_i
  Path Type:              Setup (Max at Slow Process Corner)
  Requirement:            5.000ns  (clk_i rise@5.000ns - clk_i rise@0.000ns)
  Data Path Delay:        5.806ns  (logic 1.308ns (22.528%)  route 4.498ns (77.472%))
  Logic Levels:           7  (LUT3=1 LUT5=4 LUT6=2)
  Clock Path Skew:        -0.039ns (DCD - SCD + CPR)
    Destination Clock Delay (DCD):    0.748ns = ( 5.748 - 5.000 ) 
    Source Clock Delay      (SCD):    0.787ns
    Clock Pessimism Removal (CPR):    0.000ns
  Clock Uncertainty:      0.035ns  ((TSJ^2 + TIJ^2)^1/2 + DJ) / 2 + PE
    Total System Jitter     (TSJ):    0.071ns
    Total Input Jitter      (TIJ):    0.000ns
    Discrete Jitter          (DJ):    0.000ns
    Phase Error              (PE):    0.000ns

    Location             Delay type                Incr(ns)  Path(ns)    Netlist Resource(s)
  -------------------------------------------------------------------    -------------------
                         (clock clk_i rise edge)      0.000     0.000 r  
                                                      0.000     0.000 r  clk_i (IN)
                         net (fo=2875, unset)         0.787     0.787    clk_i
                         FDCE                                         r  uop_p2_q_reg[use_xor]/C
  -------------------------------------------------------------------    -------------------
                         FDCE (Prop_fdce_C_Q)         0.433     1.220 r  uop_p2_q_reg[use_xor]/Q
                         net (fo=290, unplaced)       0.725     1.945    i_vrf/uop_p2_q_reg[use_xor]__0
                         LUT5 (Prop_lut5_I2_O)        0.232     2.177 r  i_vrf/lane_result_q[1][22]_i_4/O
                         net (fo=6, unplaced)         0.970     3.147    gen_lane[1].i_lane/lane_bool_result[1][13]
                         LUT6 (Prop_lut6_I1_O)        0.105     3.252 r  gen_lane[1].i_lane/lane_popcnt_q[1][6]_i_44/O
                         net (fo=2, unplaced)         0.793     4.045    gen_lane[1].i_lane/lane_popcnt_q[1][6]_i_44_n_0
                         LUT6 (Prop_lut6_I0_O)        0.105     4.150 r  gen_lane[1].i_lane/lane_popcnt_q[1][1]_i_14/O
                         net (fo=2, unplaced)         0.358     4.508    gen_lane[1].i_lane/lane_popcnt_q[1][1]_i_14_n_0
                         LUT5 (Prop_lut5_I4_O)        0.105     4.613 r  gen_lane[1].i_lane/lane_popcnt_q[1][6]_i_9/O
                         net (fo=2, unplaced)         0.949     5.562    gen_lane[1].i_lane/lane_popcnt_q[1][6]_i_9_n_0
                         LUT5 (Prop_lut5_I0_O)        0.118     5.680 r  gen_lane[1].i_lane/lane_popcnt_q[1][6]_i_3/O
                         net (fo=5, unplaced)         0.356     6.036    gen_lane[1].i_lane/lane_popcnt_q[1][6]_i_13_1
                         LUT3 (Prop_lut3_I0_O)        0.105     6.141 r  gen_lane[1].i_lane/lane_popcnt_q[1][3]_i_6/O
                         net (fo=1, unplaced)         0.347     6.488    i_vrf/lane_popcnt_q_reg[1][3]
                         LUT5 (Prop_lut5_I4_O)        0.105     6.593 r  i_vrf/lane_popcnt_q[1][3]_i_1/O
                         net (fo=1, unplaced)         0.000     6.593    lane_popcount_count[1][3]
                         FDCE                                         r  lane_popcnt_q_reg[1][3]/D
  -------------------------------------------------------------------    -------------------

                         (clock clk_i rise edge)      5.000     5.000 r  
                                                      0.000     5.000 r  clk_i (IN)
                         net (fo=2875, unset)         0.748     5.748    clk_i
                         FDCE                                         r  lane_popcnt_q_reg[1][3]/C
                         clock pessimism              0.000     5.748    
                         clock uncertainty           -0.035     5.712    
                         FDCE (Setup_fdce_C_D)        0.072     5.784    lane_popcnt_q_reg[1][3]
  -------------------------------------------------------------------
                         required time                          5.784    
                         arrival time                          -6.593    
  -------------------------------------------------------------------
                         slack                                 -0.809    

Slack (VIOLATED) :        -0.809ns  (required time - arrival time)
  Source:                 uop_p2_q_reg[use_xor]/C
                            (rising edge-triggered cell FDCE clocked by clk_i  {rise@0.000ns fall@2.500ns period=5.000ns})
  Destination:            lane_popcnt_q_reg[2][3]/D
                            (rising edge-triggered cell FDCE clocked by clk_i  {rise@0.000ns fall@2.500ns period=5.000ns})
  Path Group:             clk_i
  Path Type:              Setup (Max at Slow Process Corner)
  Requirement:            5.000ns  (clk_i rise@5.000ns - clk_i rise@0.000ns)
  Data Path Delay:        5.806ns  (logic 1.308ns (22.528%)  route 4.498ns (77.472%))
  Logic Levels:           7  (LUT3=1 LUT5=4 LUT6=2)
  Clock Path Skew:        -0.039ns (DCD - SCD + CPR)
    Destination Clock Delay (DCD):    0.748ns = ( 5.748 - 5.000 ) 
    Source Clock Delay      (SCD):    0.787ns
    Clock Pessimism Removal (CPR):    0.000ns
  Clock Uncertainty:      0.035ns  ((TSJ^2 + TIJ^2)^1/2 + DJ) / 2 + PE
    Total System Jitter     (TSJ):    0.071ns
    Total Input Jitter      (TIJ):    0.000ns
    Discrete Jitter          (DJ):    0.000ns
    Phase Error              (PE):    0.000ns

    Location             Delay type                Incr(ns)  Path(ns)    Netlist Resource(s)
  -------------------------------------------------------------------    -------------------
                         (clock clk_i rise edge)      0.000     0.000 r  
                                                      0.000     0.000 r  clk_i (IN)
                         net (fo=2875, unset)         0.787     0.787    clk_i
                         FDCE                                         r  uop_p2_q_reg[use_xor]/C
  -------------------------------------------------------------------    -------------------
                         FDCE (Prop_fdce_C_Q)         0.433     1.220 r  uop_p2_q_reg[use_xor]/Q
                         net (fo=290, unplaced)       0.725     1.945    i_vrf/uop_p2_q_reg[use_xor]__0
                         LUT5 (Prop_lut5_I2_O)        0.232     2.177 r  i_vrf/lane_result_q[2][22]_i_4/O
                         net (fo=6, unplaced)         0.970     3.147    gen_lane[2].i_lane/lane_bool_result[2][13]
                         LUT6 (Prop_lut6_I1_O)        0.105     3.252 r  gen_lane[2].i_lane/lane_popcnt_q[2][6]_i_43/O
                         net (fo=2, unplaced)         0.793     4.045    gen_lane[2].i_lane/lane_popcnt_q[2][6]_i_43_n_0
                         LUT6 (Prop_lut6_I0_O)        0.105     4.150 r  gen_lane[2].i_lane/lane_popcnt_q[2][1]_i_14/O
                         net (fo=2, unplaced)         0.358     4.508    gen_lane[2].i_lane/lane_popcnt_q[2][1]_i_14_n_0
                         LUT5 (Prop_lut5_I4_O)        0.105     4.613 r  gen_lane[2].i_lane/lane_popcnt_q[2][6]_i_8/O
                         net (fo=2, unplaced)         0.949     5.562    gen_lane[2].i_lane/lane_popcnt_q[2][6]_i_8_n_0
                         LUT5 (Prop_lut5_I0_O)        0.118     5.680 r  gen_lane[2].i_lane/lane_popcnt_q[2][6]_i_2/O
                         net (fo=5, unplaced)         0.356     6.036    gen_lane[2].i_lane/lane_popcnt_q[2][6]_i_12_1
                         LUT3 (Prop_lut3_I0_O)        0.105     6.141 r  gen_lane[2].i_lane/lane_popcnt_q[2][3]_i_6/O
                         net (fo=1, unplaced)         0.347     6.488    i_vrf/lane_popcnt_q_reg[2][3]
                         LUT5 (Prop_lut5_I4_O)        0.105     6.593 r  i_vrf/lane_popcnt_q[2][3]_i_1/O
                         net (fo=1, unplaced)         0.000     6.593    lane_popcount_count[2][3]
                         FDCE                                         r  lane_popcnt_q_reg[2][3]/D
  -------------------------------------------------------------------    -------------------

                         (clock clk_i rise edge)      5.000     5.000 r  
                                                      0.000     5.000 r  clk_i (IN)
                         net (fo=2875, unset)         0.748     5.748    clk_i
                         FDCE                                         r  lane_popcnt_q_reg[2][3]/C
                         clock pessimism              0.000     5.748    
                         clock uncertainty           -0.035     5.712    
                         FDCE (Setup_fdce_C_D)        0.072     5.784    lane_popcnt_q_reg[2][3]
  -------------------------------------------------------------------
                         required time                          5.784    
                         arrival time                          -6.593    
  -------------------------------------------------------------------
                         slack                                 -0.809    

Slack (VIOLATED) :        -0.809ns  (required time - arrival time)
  Source:                 uop_p2_q_reg[use_xor]/C
                            (rising edge-triggered cell FDCE clocked by clk_i  {rise@0.000ns fall@2.500ns period=5.000ns})
  Destination:            lane_popcnt_q_reg[3][3]/D
                            (rising edge-triggered cell FDCE clocked by clk_i  {rise@0.000ns fall@2.500ns period=5.000ns})
  Path Group:             clk_i
  Path Type:              Setup (Max at Slow Process Corner)
  Requirement:            5.000ns  (clk_i rise@5.000ns - clk_i rise@0.000ns)
  Data Path Delay:        5.806ns  (logic 1.308ns (22.528%)  route 4.498ns (77.472%))
  Logic Levels:           7  (LUT3=1 LUT5=4 LUT6=2)
  Clock Path Skew:        -0.039ns (DCD - SCD + CPR)
    Destination Clock Delay (DCD):    0.748ns = ( 5.748 - 5.000 ) 
    Source Clock Delay      (SCD):    0.787ns
    Clock Pessimism Removal (CPR):    0.000ns
  Clock Uncertainty:      0.035ns  ((TSJ^2 + TIJ^2)^1/2 + DJ) / 2 + PE
    Total System Jitter     (TSJ):    0.071ns
    Total Input Jitter      (TIJ):    0.000ns
    Discrete Jitter          (DJ):    0.000ns
    Phase Error              (PE):    0.000ns

    Location             Delay type                Incr(ns)  Path(ns)    Netlist Resource(s)
  -------------------------------------------------------------------    -------------------
                         (clock clk_i rise edge)      0.000     0.000 r  
                                                      0.000     0.000 r  clk_i (IN)
                         net (fo=2875, unset)         0.787     0.787    clk_i
                         FDCE                                         r  uop_p2_q_reg[use_xor]/C
  -------------------------------------------------------------------    -------------------
                         FDCE (Prop_fdce_C_Q)         0.433     1.220 r  uop_p2_q_reg[use_xor]/Q
                         net (fo=290, unplaced)       0.725     1.945    i_vrf/uop_p2_q_reg[use_xor]__0
                         LUT5 (Prop_lut5_I2_O)        0.232     2.177 r  i_vrf/lane_result_q[3][22]_i_4/O
                         net (fo=6, unplaced)         0.970     3.147    gen_lane[3].i_lane/lane_bool_result[3][13]
                         LUT6 (Prop_lut6_I1_O)        0.105     3.252 r  gen_lane[3].i_lane/lane_popcnt_q[3][6]_i_43/O
                         net (fo=2, unplaced)         0.793     4.045    gen_lane[3].i_lane/lane_popcnt_q[3][6]_i_43_n_0
                         LUT6 (Prop_lut6_I0_O)        0.105     4.150 r  gen_lane[3].i_lane/lane_popcnt_q[3][1]_i_14/O
                         net (fo=2, unplaced)         0.358     4.508    gen_lane[3].i_lane/lane_popcnt_q[3][1]_i_14_n_0
                         LUT5 (Prop_lut5_I4_O)        0.105     4.613 r  gen_lane[3].i_lane/lane_popcnt_q[3][6]_i_8/O
                         net (fo=2, unplaced)         0.949     5.562    gen_lane[3].i_lane/lane_popcnt_q[3][6]_i_8_n_0
                         LUT5 (Prop_lut5_I0_O)        0.118     5.680 r  gen_lane[3].i_lane/lane_popcnt_q[3][6]_i_2/O
                         net (fo=5, unplaced)         0.356     6.036    gen_lane[3].i_lane/lane_popcnt_q[3][6]_i_12_1
                         LUT3 (Prop_lut3_I0_O)        0.105     6.141 r  gen_lane[3].i_lane/lane_popcnt_q[3][3]_i_6/O
                         net (fo=1, unplaced)         0.347     6.488    i_vrf/lane_popcnt_q_reg[3][3]
                         LUT5 (Prop_lut5_I4_O)        0.105     6.593 r  i_vrf/lane_popcnt_q[3][3]_i_1/O
                         net (fo=1, unplaced)         0.000     6.593    lane_popcount_count[3][3]
                         FDCE                                         r  lane_popcnt_q_reg[3][3]/D
  -------------------------------------------------------------------    -------------------

                         (clock clk_i rise edge)      5.000     5.000 r  
                                                      0.000     5.000 r  clk_i (IN)
                         net (fo=2875, unset)         0.748     5.748    clk_i
                         FDCE                                         r  lane_popcnt_q_reg[3][3]/C
                         clock pessimism              0.000     5.748    
                         clock uncertainty           -0.035     5.712    
                         FDCE (Setup_fdce_C_D)        0.072     5.784    lane_popcnt_q_reg[3][3]
  -------------------------------------------------------------------
                         required time                          5.784    
                         arrival time                          -6.593    
  -------------------------------------------------------------------
                         slack                                 -0.809    

Slack (VIOLATED) :        -0.534ns  (required time - arrival time)
  Source:                 uop_p2_q_reg[use_xor]/C
                            (rising edge-triggered cell FDCE clocked by clk_i  {rise@0.000ns fall@2.500ns period=5.000ns})
  Destination:            lane_popcnt_q_reg[0][2]/D
                            (rising edge-triggered cell FDCE clocked by clk_i  {rise@0.000ns fall@2.500ns period=5.000ns})
  Path Group:             clk_i
  Path Type:              Setup (Max at Slow Process Corner)
  Requirement:            5.000ns  (clk_i rise@5.000ns - clk_i rise@0.000ns)
  Data Path Delay:        5.531ns  (logic 1.190ns (21.515%)  route 4.341ns (78.485%))
  Logic Levels:           6  (LUT4=1 LUT5=3 LUT6=2)
  Clock Path Skew:        -0.039ns (DCD - SCD + CPR)
    Destination Clock Delay (DCD):    0.748ns = ( 5.748 - 5.000 ) 
    Source Clock Delay      (SCD):    0.787ns
    Clock Pessimism Removal (CPR):    0.000ns
  Clock Uncertainty:      0.035ns  ((TSJ^2 + TIJ^2)^1/2 + DJ) / 2 + PE
    Total System Jitter     (TSJ):    0.071ns
    Total Input Jitter      (TIJ):    0.000ns
    Discrete Jitter          (DJ):    0.000ns
    Phase Error              (PE):    0.000ns

    Location             Delay type                Incr(ns)  Path(ns)    Netlist Resource(s)
  -------------------------------------------------------------------    -------------------
                         (clock clk_i rise edge)      0.000     0.000 r  
                                                      0.000     0.000 r  clk_i (IN)
                         net (fo=2875, unset)         0.787     0.787    clk_i
                         FDCE                                         r  uop_p2_q_reg[use_xor]/C
  -------------------------------------------------------------------    -------------------
                         FDCE (Prop_fdce_C_Q)         0.433     1.220 r  uop_p2_q_reg[use_xor]/Q
                         net (fo=290, unplaced)       0.725     1.945    i_vrf/uop_p2_q_reg[use_xor]__0
                         LUT5 (Prop_lut5_I2_O)        0.232     2.177 r  i_vrf/lane_result_q[0][22]_i_4/O
                         net (fo=6, unplaced)         0.970     3.147    gen_lane[0].i_lane/lane_bool_result[0][13]
                         LUT6 (Prop_lut6_I1_O)        0.105     3.252 r  gen_lane[0].i_lane/lane_popcnt_q[0][6]_i_43/O
                         net (fo=2, unplaced)         0.793     4.045    gen_lane[0].i_lane/lane_popcnt_q[0][6]_i_43_n_0
                         LUT6 (Prop_lut6_I0_O)        0.105     4.150 r  gen_lane[0].i_lane/lane_popcnt_q[0][1]_i_14/O
                         net (fo=2, unplaced)         0.358     4.508    gen_lane[0].i_lane/lane_popcnt_q[0][1]_i_14_n_0
                         LUT5 (Prop_lut5_I4_O)        0.105     4.613 r  gen_lane[0].i_lane/lane_popcnt_q[0][6]_i_8/O
                         net (fo=2, unplaced)         0.949     5.562    gen_lane[0].i_lane/lane_popcnt_q[0][6]_i_8_n_0
                         LUT5 (Prop_lut5_I0_O)        0.105     5.667 r  gen_lane[0].i_lane/lane_popcnt_q[0][3]_i_3/O
                         net (fo=3, unplaced)         0.546     6.213    i_vrf/lane_popcnt_q_reg[0][2]
                         LUT4 (Prop_lut4_I0_O)        0.105     6.318 r  i_vrf/lane_popcnt_q[0][2]_i_1/O
                         net (fo=1, unplaced)         0.000     6.318    lane_popcount_count[0][2]
                         FDCE                                         r  lane_popcnt_q_reg[0][2]/D
  -------------------------------------------------------------------    -------------------

                         (clock clk_i rise edge)      5.000     5.000 r  
                                                      0.000     5.000 r  clk_i (IN)
                         net (fo=2875, unset)         0.748     5.748    clk_i
                         FDCE                                         r  lane_popcnt_q_reg[0][2]/C
                         clock pessimism              0.000     5.748    
                         clock uncertainty           -0.035     5.712    
                         FDCE (Setup_fdce_C_D)        0.072     5.784    lane_popcnt_q_reg[0][2]
  -------------------------------------------------------------------
                         required time                          5.784    
                         arrival time                          -6.318    
  -------------------------------------------------------------------
                         slack                                 -0.534    

Slack (VIOLATED) :        -0.534ns  (required time - arrival time)
  Source:                 uop_p2_q_reg[use_xor]/C
                            (rising edge-triggered cell FDCE clocked by clk_i  {rise@0.000ns fall@2.500ns period=5.000ns})
  Destination:            lane_popcnt_q_reg[1][2]/D
                            (rising edge-triggered cell FDCE clocked by clk_i  {rise@0.000ns fall@2.500ns period=5.000ns})
  Path Group:             clk_i
  Path Type:              Setup (Max at Slow Process Corner)
  Requirement:            5.000ns  (clk_i rise@5.000ns - clk_i rise@0.000ns)
  Data Path Delay:        5.531ns  (logic 1.190ns (21.515%)  route 4.341ns (78.485%))
  Logic Levels:           6  (LUT4=1 LUT5=3 LUT6=2)
  Clock Path Skew:        -0.039ns (DCD - SCD + CPR)
    Destination Clock Delay (DCD):    0.748ns = ( 5.748 - 5.000 ) 
    Source Clock Delay      (SCD):    0.787ns
    Clock Pessimism Removal (CPR):    0.000ns
  Clock Uncertainty:      0.035ns  ((TSJ^2 + TIJ^2)^1/2 + DJ) / 2 + PE
    Total System Jitter     (TSJ):    0.071ns
    Total Input Jitter      (TIJ):    0.000ns
    Discrete Jitter          (DJ):    0.000ns
    Phase Error              (PE):    0.000ns

    Location             Delay type                Incr(ns)  Path(ns)    Netlist Resource(s)
  -------------------------------------------------------------------    -------------------
                         (clock clk_i rise edge)      0.000     0.000 r  
                                                      0.000     0.000 r  clk_i (IN)
                         net (fo=2875, unset)         0.787     0.787    clk_i
                         FDCE                                         r  uop_p2_q_reg[use_xor]/C
  -------------------------------------------------------------------    -------------------
                         FDCE (Prop_fdce_C_Q)         0.433     1.220 r  uop_p2_q_reg[use_xor]/Q
                         net (fo=290, unplaced)       0.725     1.945    i_vrf/uop_p2_q_reg[use_xor]__0
                         LUT5 (Prop_lut5_I2_O)        0.232     2.177 r  i_vrf/lane_result_q[1][22]_i_4/O
                         net (fo=6, unplaced)         0.970     3.147    gen_lane[1].i_lane/lane_bool_result[1][13]
                         LUT6 (Prop_lut6_I1_O)        0.105     3.252 r  gen_lane[1].i_lane/lane_popcnt_q[1][6]_i_44/O
                         net (fo=2, unplaced)         0.793     4.045    gen_lane[1].i_lane/lane_popcnt_q[1][6]_i_44_n_0
                         LUT6 (Prop_lut6_I0_O)        0.105     4.150 r  gen_lane[1].i_lane/lane_popcnt_q[1][1]_i_14/O
                         net (fo=2, unplaced)         0.358     4.508    gen_lane[1].i_lane/lane_popcnt_q[1][1]_i_14_n_0
                         LUT5 (Prop_lut5_I4_O)        0.105     4.613 r  gen_lane[1].i_lane/lane_popcnt_q[1][6]_i_9/O
                         net (fo=2, unplaced)         0.949     5.562    gen_lane[1].i_lane/lane_popcnt_q[1][6]_i_9_n_0
                         LUT5 (Prop_lut5_I0_O)        0.105     5.667 r  gen_lane[1].i_lane/lane_popcnt_q[1][3]_i_3/O
                         net (fo=3, unplaced)         0.546     6.213    i_vrf/lane_popcnt_q_reg[1][2]
                         LUT4 (Prop_lut4_I0_O)        0.105     6.318 r  i_vrf/lane_popcnt_q[1][2]_i_1/O
                         net (fo=1, unplaced)         0.000     6.318    lane_popcount_count[1][2]
                         FDCE                                         r  lane_popcnt_q_reg[1][2]/D
  -------------------------------------------------------------------    -------------------

                         (clock clk_i rise edge)      5.000     5.000 r  
                                                      0.000     5.000 r  clk_i (IN)
                         net (fo=2875, unset)         0.748     5.748    clk_i
                         FDCE                                         r  lane_popcnt_q_reg[1][2]/C
                         clock pessimism              0.000     5.748    
                         clock uncertainty           -0.035     5.712    
                         FDCE (Setup_fdce_C_D)        0.072     5.784    lane_popcnt_q_reg[1][2]
  -------------------------------------------------------------------
                         required time                          5.784    
                         arrival time                          -6.318    
  -------------------------------------------------------------------
                         slack                                 -0.534    

Slack (VIOLATED) :        -0.534ns  (required time - arrival time)
  Source:                 uop_p2_q_reg[use_xor]/C
                            (rising edge-triggered cell FDCE clocked by clk_i  {rise@0.000ns fall@2.500ns period=5.000ns})
  Destination:            lane_popcnt_q_reg[2][2]/D
                            (rising edge-triggered cell FDCE clocked by clk_i  {rise@0.000ns fall@2.500ns period=5.000ns})
  Path Group:             clk_i
  Path Type:              Setup (Max at Slow Process Corner)
  Requirement:            5.000ns  (clk_i rise@5.000ns - clk_i rise@0.000ns)
  Data Path Delay:        5.531ns  (logic 1.190ns (21.515%)  route 4.341ns (78.485%))
  Logic Levels:           6  (LUT4=1 LUT5=3 LUT6=2)
  Clock Path Skew:        -0.039ns (DCD - SCD + CPR)
    Destination Clock Delay (DCD):    0.748ns = ( 5.748 - 5.000 ) 
    Source Clock Delay      (SCD):    0.787ns
    Clock Pessimism Removal (CPR):    0.000ns
  Clock Uncertainty:      0.035ns  ((TSJ^2 + TIJ^2)^1/2 + DJ) / 2 + PE
    Total System Jitter     (TSJ):    0.071ns
    Total Input Jitter      (TIJ):    0.000ns
    Discrete Jitter          (DJ):    0.000ns
    Phase Error              (PE):    0.000ns

    Location             Delay type                Incr(ns)  Path(ns)    Netlist Resource(s)
  -------------------------------------------------------------------    -------------------
                         (clock clk_i rise edge)      0.000     0.000 r  
                                                      0.000     0.000 r  clk_i (IN)
                         net (fo=2875, unset)         0.787     0.787    clk_i
                         FDCE                                         r  uop_p2_q_reg[use_xor]/C
  -------------------------------------------------------------------    -------------------
                         FDCE (Prop_fdce_C_Q)         0.433     1.220 r  uop_p2_q_reg[use_xor]/Q
                         net (fo=290, unplaced)       0.725     1.945    i_vrf/uop_p2_q_reg[use_xor]__0
                         LUT5 (Prop_lut5_I2_O)        0.232     2.177 r  i_vrf/lane_result_q[2][22]_i_4/O
                         net (fo=6, unplaced)         0.970     3.147    gen_lane[2].i_lane/lane_bool_result[2][13]
                         LUT6 (Prop_lut6_I1_O)        0.105     3.252 r  gen_lane[2].i_lane/lane_popcnt_q[2][6]_i_43/O
                         net (fo=2, unplaced)         0.793     4.045    gen_lane[2].i_lane/lane_popcnt_q[2][6]_i_43_n_0
                         LUT6 (Prop_lut6_I0_O)        0.105     4.150 r  gen_lane[2].i_lane/lane_popcnt_q[2][1]_i_14/O
                         net (fo=2, unplaced)         0.358     4.508    gen_lane[2].i_lane/lane_popcnt_q[2][1]_i_14_n_0
                         LUT5 (Prop_lut5_I4_O)        0.105     4.613 r  gen_lane[2].i_lane/lane_popcnt_q[2][6]_i_8/O
                         net (fo=2, unplaced)         0.949     5.562    gen_lane[2].i_lane/lane_popcnt_q[2][6]_i_8_n_0
                         LUT5 (Prop_lut5_I0_O)        0.105     5.667 r  gen_lane[2].i_lane/lane_popcnt_q[2][3]_i_3/O
                         net (fo=3, unplaced)         0.546     6.213    i_vrf/lane_popcnt_q_reg[2][2]
                         LUT4 (Prop_lut4_I0_O)        0.105     6.318 r  i_vrf/lane_popcnt_q[2][2]_i_1/O
                         net (fo=1, unplaced)         0.000     6.318    lane_popcount_count[2][2]
                         FDCE                                         r  lane_popcnt_q_reg[2][2]/D
  -------------------------------------------------------------------    -------------------

                         (clock clk_i rise edge)      5.000     5.000 r  
                                                      0.000     5.000 r  clk_i (IN)
                         net (fo=2875, unset)         0.748     5.748    clk_i
                         FDCE                                         r  lane_popcnt_q_reg[2][2]/C
                         clock pessimism              0.000     5.748    
                         clock uncertainty           -0.035     5.712    
                         FDCE (Setup_fdce_C_D)        0.072     5.784    lane_popcnt_q_reg[2][2]
  -------------------------------------------------------------------
                         required time                          5.784    
                         arrival time                          -6.318    
  -------------------------------------------------------------------
                         slack                                 -0.534    

Slack (VIOLATED) :        -0.534ns  (required time - arrival time)
  Source:                 uop_p2_q_reg[use_xor]/C
                            (rising edge-triggered cell FDCE clocked by clk_i  {rise@0.000ns fall@2.500ns period=5.000ns})
  Destination:            lane_popcnt_q_reg[3][2]/D
                            (rising edge-triggered cell FDCE clocked by clk_i  {rise@0.000ns fall@2.500ns period=5.000ns})
  Path Group:             clk_i
  Path Type:              Setup (Max at Slow Process Corner)
  Requirement:            5.000ns  (clk_i rise@5.000ns - clk_i rise@0.000ns)
  Data Path Delay:        5.531ns  (logic 1.190ns (21.515%)  route 4.341ns (78.485%))
  Logic Levels:           6  (LUT4=1 LUT5=3 LUT6=2)
  Clock Path Skew:        -0.039ns (DCD - SCD + CPR)
    Destination Clock Delay (DCD):    0.748ns = ( 5.748 - 5.000 ) 
    Source Clock Delay      (SCD):    0.787ns
    Clock Pessimism Removal (CPR):    0.000ns
  Clock Uncertainty:      0.035ns  ((TSJ^2 + TIJ^2)^1/2 + DJ) / 2 + PE
    Total System Jitter     (TSJ):    0.071ns
    Total Input Jitter      (TIJ):    0.000ns
    Discrete Jitter          (DJ):    0.000ns
    Phase Error              (PE):    0.000ns

    Location             Delay type                Incr(ns)  Path(ns)    Netlist Resource(s)
  -------------------------------------------------------------------    -------------------
                         (clock clk_i rise edge)      0.000     0.000 r  
                                                      0.000     0.000 r  clk_i (IN)
                         net (fo=2875, unset)         0.787     0.787    clk_i
                         FDCE                                         r  uop_p2_q_reg[use_xor]/C
  -------------------------------------------------------------------    -------------------
                         FDCE (Prop_fdce_C_Q)         0.433     1.220 r  uop_p2_q_reg[use_xor]/Q
                         net (fo=290, unplaced)       0.725     1.945    i_vrf/uop_p2_q_reg[use_xor]__0
                         LUT5 (Prop_lut5_I2_O)        0.232     2.177 r  i_vrf/lane_result_q[3][22]_i_4/O
                         net (fo=6, unplaced)         0.970     3.147    gen_lane[3].i_lane/lane_bool_result[3][13]
                         LUT6 (Prop_lut6_I1_O)        0.105     3.252 r  gen_lane[3].i_lane/lane_popcnt_q[3][6]_i_43/O
                         net (fo=2, unplaced)         0.793     4.045    gen_lane[3].i_lane/lane_popcnt_q[3][6]_i_43_n_0
                         LUT6 (Prop_lut6_I0_O)        0.105     4.150 r  gen_lane[3].i_lane/lane_popcnt_q[3][1]_i_14/O
                         net (fo=2, unplaced)         0.358     4.508    gen_lane[3].i_lane/lane_popcnt_q[3][1]_i_14_n_0
                         LUT5 (Prop_lut5_I4_O)        0.105     4.613 r  gen_lane[3].i_lane/lane_popcnt_q[3][6]_i_8/O
                         net (fo=2, unplaced)         0.949     5.562    gen_lane[3].i_lane/lane_popcnt_q[3][6]_i_8_n_0
                         LUT5 (Prop_lut5_I0_O)        0.105     5.667 r  gen_lane[3].i_lane/lane_popcnt_q[3][3]_i_3/O
                         net (fo=3, unplaced)         0.546     6.213    i_vrf/lane_popcnt_q_reg[3][2]
                         LUT4 (Prop_lut4_I0_O)        0.105     6.318 r  i_vrf/lane_popcnt_q[3][2]_i_1/O
                         net (fo=1, unplaced)         0.000     6.318    lane_popcount_count[3][2]
                         FDCE                                         r  lane_popcnt_q_reg[3][2]/D
  -------------------------------------------------------------------    -------------------

                         (clock clk_i rise edge)      5.000     5.000 r  
                                                      0.000     5.000 r  clk_i (IN)
                         net (fo=2875, unset)         0.748     5.748    clk_i
                         FDCE                                         r  lane_popcnt_q_reg[3][2]/C
                         clock pessimism              0.000     5.748    
                         clock uncertainty           -0.035     5.712    
                         FDCE (Setup_fdce_C_D)        0.072     5.784    lane_popcnt_q_reg[3][2]
  -------------------------------------------------------------------
                         required time                          5.784    
                         arrival time                          -6.318    
  -------------------------------------------------------------------
                         slack                                 -0.534    




