Copyright 1986-2022 Xilinx, Inc. All Rights Reserved. Copyright 2022-2024 Advanced Micro Devices, Inc. All Rights Reserved.
-------------------------------------------------------------------------------------------------------------------------------------------------------------------------------------------------------------------------------------------------
| Tool Version : Vivado v.2024.2 (win64) Build 5239630 Fri Nov 08 22:35:27 MST 2024
| Date         : Sat Jun  6 17:22:31 2026
| Host         : WIN-20240824NZS running 64-bit major release  (build 9200)
| Command      : report_timing -delay_type max -sort_by slack -max_paths 20 -nworst 1 -to {i_vrf/lane_result_q[3][62]_i_6/I4} -file E:/HDEC/cva6-vhdc-core/reports/vivado/ooc_hdec_timing_atlas_e0925738/200mhz/groups/05c_hmatch_best_idx_D.rpt
| Design       : hdec_top
| Device       : 7z020-clg400
| Speed File   : -2  PRODUCTION 1.12 2019-11-22
| Design State : Synthesized
-------------------------------------------------------------------------------------------------------------------------------------------------------------------------------------------------------------------------------------------------

Timing Report

Slack (MET) :             3.861ns  (required time - arrival time)
  Source:                 FSM_onehot_st_q_reg[7]_rep__4/C
                            (rising edge-triggered cell FDCE clocked by clk_i  {rise@0.000ns fall@2.500ns period=5.000ns})
  Destination:            hmatch_best_idx_q_reg[1]/D
                            (rising edge-triggered cell FDCE clocked by clk_i  {rise@0.000ns fall@2.500ns period=5.000ns})
  Path Group:             clk_i
  Path Type:              Setup (Max at Slow Process Corner)
  Requirement:            5.000ns  (clk_i rise@5.000ns - clk_i rise@0.000ns)
  Data Path Delay:        1.136ns  (logic 0.685ns (60.299%)  route 0.451ns (39.701%))
  Logic Levels:           1  (LUT2=1)
  Clock Path Skew:        -0.039ns (DCD - SCD + CPR)
    Destination Clock Delay (DCD):    0.748ns = ( 5.748 - 5.000 ) 
    Source Clock Delay      (SCD):    0.787ns
    Clock Pessimism Removal (CPR):    0.000ns
  Clock Uncertainty:      0.035ns  ((TSJ^2 + TIJ^2)^1/2 + DJ) / 2 + PE
    Total System Jitter     (TSJ):    0.071ns
    Total Input Jitter      (TIJ):    0.000ns
    Discrete Jitter          (DJ):    0.000ns
    Phase Error              (PE):    0.000ns

    Location             Delay type                Incr(ns)  Path(ns)    Netlist Resource(s)
  -------------------------------------------------------------------    -------------------
                         (clock clk_i rise edge)      0.000     0.000 r  
                                                      0.000     0.000 r  clk_i (IN)
                         net (fo=2875, unset)         0.787     0.787    clk_i
                         FDCE                                         r  FSM_onehot_st_q_reg[7]_rep__4/C
  -------------------------------------------------------------------    -------------------
                         FDCE (Prop_fdce_C_Q)         0.433     1.220 r  FSM_onehot_st_q_reg[7]_rep__4/Q
                         net (fo=66, unplaced)        0.451     1.671    FSM_onehot_st_q_reg[7]_rep__4_n_0
                         LUT2 (Prop_lut2_I0_O)        0.252     1.923 r  hmatch_best_idx_q[1]_i_1/O
                         net (fo=1, unplaced)         0.000     1.923    hmatch_best_idx_q[1]_i_1_n_0
                         FDCE                                         r  hmatch_best_idx_q_reg[1]/D
  -------------------------------------------------------------------    -------------------

                         (clock clk_i rise edge)      5.000     5.000 r  
                                                      0.000     5.000 r  clk_i (IN)
                         net (fo=2875, unset)         0.748     5.748    clk_i
                         FDCE                                         r  hmatch_best_idx_q_reg[1]/C
                         clock pessimism              0.000     5.748    
                         clock uncertainty           -0.035     5.712    
                         FDCE (Setup_fdce_C_D)        0.072     5.784    hmatch_best_idx_q_reg[1]
  -------------------------------------------------------------------
                         required time                          5.784    
                         arrival time                          -1.923    
  -------------------------------------------------------------------
                         slack                                  3.861    

Slack (MET) :             3.861ns  (required time - arrival time)
  Source:                 FSM_onehot_st_q_reg[7]_rep__4/C
                            (rising edge-triggered cell FDCE clocked by clk_i  {rise@0.000ns fall@2.500ns period=5.000ns})
  Destination:            hmatch_best_idx_q_reg[4]/D
                            (rising edge-triggered cell FDCE clocked by clk_i  {rise@0.000ns fall@2.500ns period=5.000ns})
  Path Group:             clk_i
  Path Type:              Setup (Max at Slow Process Corner)
  Requirement:            5.000ns  (clk_i rise@5.000ns - clk_i rise@0.000ns)
  Data Path Delay:        1.136ns  (logic 0.685ns (60.299%)  route 0.451ns (39.701%))
  Logic Levels:           1  (LUT2=1)
  Clock Path Skew:        -0.039ns (DCD - SCD + CPR)
    Destination Clock Delay (DCD):    0.748ns = ( 5.748 - 5.000 ) 
    Source Clock Delay      (SCD):    0.787ns
    Clock Pessimism Removal (CPR):    0.000ns
  Clock Uncertainty:      0.035ns  ((TSJ^2 + TIJ^2)^1/2 + DJ) / 2 + PE
    Total System Jitter     (TSJ):    0.071ns
    Total Input Jitter      (TIJ):    0.000ns
    Discrete Jitter          (DJ):    0.000ns
    Phase Error              (PE):    0.000ns

    Location             Delay type                Incr(ns)  Path(ns)    Netlist Resource(s)
  -------------------------------------------------------------------    -------------------
                         (clock clk_i rise edge)      0.000     0.000 r  
                                                      0.000     0.000 r  clk_i (IN)
                         net (fo=2875, unset)         0.787     0.787    clk_i
                         FDCE                                         r  FSM_onehot_st_q_reg[7]_rep__4/C
  -------------------------------------------------------------------    -------------------
                         FDCE (Prop_fdce_C_Q)         0.433     1.220 r  FSM_onehot_st_q_reg[7]_rep__4/Q
                         net (fo=66, unplaced)        0.451     1.671    FSM_onehot_st_q_reg[7]_rep__4_n_0
                         LUT2 (Prop_lut2_I0_O)        0.252     1.923 r  hmatch_best_idx_q[4]_i_1/O
                         net (fo=1, unplaced)         0.000     1.923    hmatch_best_idx_q[4]_i_1_n_0
                         FDCE                                         r  hmatch_best_idx_q_reg[4]/D
  -------------------------------------------------------------------    -------------------

                         (clock clk_i rise edge)      5.000     5.000 r  
                                                      0.000     5.000 r  clk_i (IN)
                         net (fo=2875, unset)         0.748     5.748    clk_i
                         FDCE                                         r  hmatch_best_idx_q_reg[4]/C
                         clock pessimism              0.000     5.748    
                         clock uncertainty           -0.035     5.712    
                         FDCE (Setup_fdce_C_D)        0.072     5.784    hmatch_best_idx_q_reg[4]
  -------------------------------------------------------------------
                         required time                          5.784    
                         arrival time                          -1.923    
  -------------------------------------------------------------------
                         slack                                  3.861    

Slack (MET) :             3.861ns  (required time - arrival time)
  Source:                 FSM_onehot_st_q_reg[7]_rep__4/C
                            (rising edge-triggered cell FDCE clocked by clk_i  {rise@0.000ns fall@2.500ns period=5.000ns})
  Destination:            hmatch_best_idx_q_reg[6]/D
                            (rising edge-triggered cell FDCE clocked by clk_i  {rise@0.000ns fall@2.500ns period=5.000ns})
  Path Group:             clk_i
  Path Type:              Setup (Max at Slow Process Corner)
  Requirement:            5.000ns  (clk_i rise@5.000ns - clk_i rise@0.000ns)
  Data Path Delay:        1.136ns  (logic 0.685ns (60.299%)  route 0.451ns (39.701%))
  Logic Levels:           1  (LUT2=1)
  Clock Path Skew:        -0.039ns (DCD - SCD + CPR)
    Destination Clock Delay (DCD):    0.748ns = ( 5.748 - 5.000 ) 
    Source Clock Delay      (SCD):    0.787ns
    Clock Pessimism Removal (CPR):    0.000ns
  Clock Uncertainty:      0.035ns  ((TSJ^2 + TIJ^2)^1/2 + DJ) / 2 + PE
    Total System Jitter     (TSJ):    0.071ns
    Total Input Jitter      (TIJ):    0.000ns
    Discrete Jitter          (DJ):    0.000ns
    Phase Error              (PE):    0.000ns

    Location             Delay type                Incr(ns)  Path(ns)    Netlist Resource(s)
  -------------------------------------------------------------------    -------------------
                         (clock clk_i rise edge)      0.000     0.000 r  
                                                      0.000     0.000 r  clk_i (IN)
                         net (fo=2875, unset)         0.787     0.787    clk_i
                         FDCE                                         r  FSM_onehot_st_q_reg[7]_rep__4/C
  -------------------------------------------------------------------    -------------------
                         FDCE (Prop_fdce_C_Q)         0.433     1.220 r  FSM_onehot_st_q_reg[7]_rep__4/Q
                         net (fo=66, unplaced)        0.451     1.671    FSM_onehot_st_q_reg[7]_rep__4_n_0
                         LUT2 (Prop_lut2_I0_O)        0.252     1.923 r  hmatch_best_idx_q[6]_i_1/O
                         net (fo=1, unplaced)         0.000     1.923    hmatch_best_idx_q[6]_i_1_n_0
                         FDCE                                         r  hmatch_best_idx_q_reg[6]/D
  -------------------------------------------------------------------    -------------------

                         (clock clk_i rise edge)      5.000     5.000 r  
                                                      0.000     5.000 r  clk_i (IN)
                         net (fo=2875, unset)         0.748     5.748    clk_i
                         FDCE                                         r  hmatch_best_idx_q_reg[6]/C
                         clock pessimism              0.000     5.748    
                         clock uncertainty           -0.035     5.712    
                         FDCE (Setup_fdce_C_D)        0.072     5.784    hmatch_best_idx_q_reg[6]
  -------------------------------------------------------------------
                         required time                          5.784    
                         arrival time                          -1.923    
  -------------------------------------------------------------------
                         slack                                  3.861    

Slack (MET) :             3.881ns  (required time - arrival time)
  Source:                 FSM_onehot_st_q_reg[7]_rep__4/C
                            (rising edge-triggered cell FDCE clocked by clk_i  {rise@0.000ns fall@2.500ns period=5.000ns})
  Destination:            hmatch_best_idx_q_reg[0]/D
                            (rising edge-triggered cell FDCE clocked by clk_i  {rise@0.000ns fall@2.500ns period=5.000ns})
  Path Group:             clk_i
  Path Type:              Setup (Max at Slow Process Corner)
  Requirement:            5.000ns  (clk_i rise@5.000ns - clk_i rise@0.000ns)
  Data Path Delay:        1.116ns  (logic 0.665ns (59.588%)  route 0.451ns (40.412%))
  Logic Levels:           1  (LUT2=1)
  Clock Path Skew:        -0.039ns (DCD - SCD + CPR)
    Destination Clock Delay (DCD):    0.748ns = ( 5.748 - 5.000 ) 
    Source Clock Delay      (SCD):    0.787ns
    Clock Pessimism Removal (CPR):    0.000ns
  Clock Uncertainty:      0.035ns  ((TSJ^2 + TIJ^2)^1/2 + DJ) / 2 + PE
    Total System Jitter     (TSJ):    0.071ns
    Total Input Jitter      (TIJ):    0.000ns
    Discrete Jitter          (DJ):    0.000ns
    Phase Error              (PE):    0.000ns

    Location             Delay type                Incr(ns)  Path(ns)    Netlist Resource(s)
  -------------------------------------------------------------------    -------------------
                         (clock clk_i rise edge)      0.000     0.000 r  
                                                      0.000     0.000 r  clk_i (IN)
                         net (fo=2875, unset)         0.787     0.787    clk_i
                         FDCE                                         r  FSM_onehot_st_q_reg[7]_rep__4/C
  -------------------------------------------------------------------    -------------------
                         FDCE (Prop_fdce_C_Q)         0.433     1.220 r  FSM_onehot_st_q_reg[7]_rep__4/Q
                         net (fo=66, unplaced)        0.451     1.671    FSM_onehot_st_q_reg[7]_rep__4_n_0
                         LUT2 (Prop_lut2_I0_O)        0.232     1.903 r  hmatch_best_idx_q[0]_i_1/O
                         net (fo=1, unplaced)         0.000     1.903    hmatch_best_idx_q[0]_i_1_n_0
                         FDCE                                         r  hmatch_best_idx_q_reg[0]/D
  -------------------------------------------------------------------    -------------------

                         (clock clk_i rise edge)      5.000     5.000 r  
                                                      0.000     5.000 r  clk_i (IN)
                         net (fo=2875, unset)         0.748     5.748    clk_i
                         FDCE                                         r  hmatch_best_idx_q_reg[0]/C
                         clock pessimism              0.000     5.748    
                         clock uncertainty           -0.035     5.712    
                         FDCE (Setup_fdce_C_D)        0.072     5.784    hmatch_best_idx_q_reg[0]
  -------------------------------------------------------------------
                         required time                          5.784    
                         arrival time                          -1.903    
  -------------------------------------------------------------------
                         slack                                  3.881    

Slack (MET) :             3.881ns  (required time - arrival time)
  Source:                 FSM_onehot_st_q_reg[7]_rep__4/C
                            (rising edge-triggered cell FDCE clocked by clk_i  {rise@0.000ns fall@2.500ns period=5.000ns})
  Destination:            hmatch_best_idx_q_reg[2]/D
                            (rising edge-triggered cell FDCE clocked by clk_i  {rise@0.000ns fall@2.500ns period=5.000ns})
  Path Group:             clk_i
  Path Type:              Setup (Max at Slow Process Corner)
  Requirement:            5.000ns  (clk_i rise@5.000ns - clk_i rise@0.000ns)
  Data Path Delay:        1.116ns  (logic 0.665ns (59.588%)  route 0.451ns (40.412%))
  Logic Levels:           1  (LUT2=1)
  Clock Path Skew:        -0.039ns (DCD - SCD + CPR)
    Destination Clock Delay (DCD):    0.748ns = ( 5.748 - 5.000 ) 
    Source Clock Delay      (SCD):    0.787ns
    Clock Pessimism Removal (CPR):    0.000ns
  Clock Uncertainty:      0.035ns  ((TSJ^2 + TIJ^2)^1/2 + DJ) / 2 + PE
    Total System Jitter     (TSJ):    0.071ns
    Total Input Jitter      (TIJ):    0.000ns
    Discrete Jitter          (DJ):    0.000ns
    Phase Error              (PE):    0.000ns

    Location             Delay type                Incr(ns)  Path(ns)    Netlist Resource(s)
  -------------------------------------------------------------------    -------------------
                         (clock clk_i rise edge)      0.000     0.000 r  
                                                      0.000     0.000 r  clk_i (IN)
                         net (fo=2875, unset)         0.787     0.787    clk_i
                         FDCE                                         r  FSM_onehot_st_q_reg[7]_rep__4/C
  -------------------------------------------------------------------    -------------------
                         FDCE (Prop_fdce_C_Q)         0.433     1.220 r  FSM_onehot_st_q_reg[7]_rep__4/Q
                         net (fo=66, unplaced)        0.451     1.671    FSM_onehot_st_q_reg[7]_rep__4_n_0
                         LUT2 (Prop_lut2_I0_O)        0.232     1.903 r  hmatch_best_idx_q[2]_i_1/O
                         net (fo=1, unplaced)         0.000     1.903    hmatch_best_idx_q[2]_i_1_n_0
                         FDCE                                         r  hmatch_best_idx_q_reg[2]/D
  -------------------------------------------------------------------    -------------------

                         (clock clk_i rise edge)      5.000     5.000 r  
                                                      0.000     5.000 r  clk_i (IN)
                         net (fo=2875, unset)         0.748     5.748    clk_i
                         FDCE                                         r  hmatch_best_idx_q_reg[2]/C
                         clock pessimism              0.000     5.748    
                         clock uncertainty           -0.035     5.712    
                         FDCE (Setup_fdce_C_D)        0.072     5.784    hmatch_best_idx_q_reg[2]
  -------------------------------------------------------------------
                         required time                          5.784    
                         arrival time                          -1.903    
  -------------------------------------------------------------------
                         slack                                  3.881    

Slack (MET) :             3.881ns  (required time - arrival time)
  Source:                 FSM_onehot_st_q_reg[7]_rep__4/C
                            (rising edge-triggered cell FDCE clocked by clk_i  {rise@0.000ns fall@2.500ns period=5.000ns})
  Destination:            hmatch_best_idx_q_reg[3]/D
                            (rising edge-triggered cell FDCE clocked by clk_i  {rise@0.000ns fall@2.500ns period=5.000ns})
  Path Group:             clk_i
  Path Type:              Setup (Max at Slow Process Corner)
  Requirement:            5.000ns  (clk_i rise@5.000ns - clk_i rise@0.000ns)
  Data Path Delay:        1.116ns  (logic 0.665ns (59.588%)  route 0.451ns (40.412%))
  Logic Levels:           1  (LUT2=1)
  Clock Path Skew:        -0.039ns (DCD - SCD + CPR)
    Destination Clock Delay (DCD):    0.748ns = ( 5.748 - 5.000 ) 
    Source Clock Delay      (SCD):    0.787ns
    Clock Pessimism Removal (CPR):    0.000ns
  Clock Uncertainty:      0.035ns  ((TSJ^2 + TIJ^2)^1/2 + DJ) / 2 + PE
    Total System Jitter     (TSJ):    0.071ns
    Total Input Jitter      (TIJ):    0.000ns
    Discrete Jitter          (DJ):    0.000ns
    Phase Error              (PE):    0.000ns

    Location             Delay type                Incr(ns)  Path(ns)    Netlist Resource(s)
  -------------------------------------------------------------------    -------------------
                         (clock clk_i rise edge)      0.000     0.000 r  
                                                      0.000     0.000 r  clk_i (IN)
                         net (fo=2875, unset)         0.787     0.787    clk_i
                         FDCE                                         r  FSM_onehot_st_q_reg[7]_rep__4/C
  -------------------------------------------------------------------    -------------------
                         FDCE (Prop_fdce_C_Q)         0.433     1.220 r  FSM_onehot_st_q_reg[7]_rep__4/Q
                         net (fo=66, unplaced)        0.451     1.671    FSM_onehot_st_q_reg[7]_rep__4_n_0
                         LUT2 (Prop_lut2_I0_O)        0.232     1.903 r  hmatch_best_idx_q[3]_i_1/O
                         net (fo=1, unplaced)         0.000     1.903    hmatch_best_idx_q[3]_i_1_n_0
                         FDCE                                         r  hmatch_best_idx_q_reg[3]/D
  -------------------------------------------------------------------    -------------------

                         (clock clk_i rise edge)      5.000     5.000 r  
                                                      0.000     5.000 r  clk_i (IN)
                         net (fo=2875, unset)         0.748     5.748    clk_i
                         FDCE                                         r  hmatch_best_idx_q_reg[3]/C
                         clock pessimism              0.000     5.748    
                         clock uncertainty           -0.035     5.712    
                         FDCE (Setup_fdce_C_D)        0.072     5.784    hmatch_best_idx_q_reg[3]
  -------------------------------------------------------------------
                         required time                          5.784    
                         arrival time                          -1.903    
  -------------------------------------------------------------------
                         slack                                  3.881    

Slack (MET) :             3.881ns  (required time - arrival time)
  Source:                 FSM_onehot_st_q_reg[7]_rep__4/C
                            (rising edge-triggered cell FDCE clocked by clk_i  {rise@0.000ns fall@2.500ns period=5.000ns})
  Destination:            hmatch_best_idx_q_reg[5]/D
                            (rising edge-triggered cell FDCE clocked by clk_i  {rise@0.000ns fall@2.500ns period=5.000ns})
  Path Group:             clk_i
  Path Type:              Setup (Max at Slow Process Corner)
  Requirement:            5.000ns  (clk_i rise@5.000ns - clk_i rise@0.000ns)
  Data Path Delay:        1.116ns  (logic 0.665ns (59.588%)  route 0.451ns (40.412%))
  Logic Levels:           1  (LUT2=1)
  Clock Path Skew:        -0.039ns (DCD - SCD + CPR)
    Destination Clock Delay (DCD):    0.748ns = ( 5.748 - 5.000 ) 
    Source Clock Delay      (SCD):    0.787ns
    Clock Pessimism Removal (CPR):    0.000ns
  Clock Uncertainty:      0.035ns  ((TSJ^2 + TIJ^2)^1/2 + DJ) / 2 + PE
    Total System Jitter     (TSJ):    0.071ns
    Total Input Jitter      (TIJ):    0.000ns
    Discrete Jitter          (DJ):    0.000ns
    Phase Error              (PE):    0.000ns

    Location             Delay type                Incr(ns)  Path(ns)    Netlist Resource(s)
  -------------------------------------------------------------------    -------------------
                         (clock clk_i rise edge)      0.000     0.000 r  
                                                      0.000     0.000 r  clk_i (IN)
                         net (fo=2875, unset)         0.787     0.787    clk_i
                         FDCE                                         r  FSM_onehot_st_q_reg[7]_rep__4/C
  -------------------------------------------------------------------    -------------------
                         FDCE (Prop_fdce_C_Q)         0.433     1.220 r  FSM_onehot_st_q_reg[7]_rep__4/Q
                         net (fo=66, unplaced)        0.451     1.671    FSM_onehot_st_q_reg[7]_rep__4_n_0
                         LUT2 (Prop_lut2_I0_O)        0.232     1.903 r  hmatch_best_idx_q[5]_i_1/O
                         net (fo=1, unplaced)         0.000     1.903    hmatch_best_idx_q[5]_i_1_n_0
                         FDCE                                         r  hmatch_best_idx_q_reg[5]/D
  -------------------------------------------------------------------    -------------------

                         (clock clk_i rise edge)      5.000     5.000 r  
                                                      0.000     5.000 r  clk_i (IN)
                         net (fo=2875, unset)         0.748     5.748    clk_i
                         FDCE                                         r  hmatch_best_idx_q_reg[5]/C
                         clock pessimism              0.000     5.748    
                         clock uncertainty           -0.035     5.712    
                         FDCE (Setup_fdce_C_D)        0.072     5.784    hmatch_best_idx_q_reg[5]
  -------------------------------------------------------------------
                         required time                          5.784    
                         arrival time                          -1.903    
  -------------------------------------------------------------------
                         slack                                  3.881    

Slack (MET) :             3.881ns  (required time - arrival time)
  Source:                 FSM_onehot_st_q_reg[7]_rep__4/C
                            (rising edge-triggered cell FDCE clocked by clk_i  {rise@0.000ns fall@2.500ns period=5.000ns})
  Destination:            hmatch_best_idx_q_reg[7]/D
                            (rising edge-triggered cell FDCE clocked by clk_i  {rise@0.000ns fall@2.500ns period=5.000ns})
  Path Group:             clk_i
  Path Type:              Setup (Max at Slow Process Corner)
  Requirement:            5.000ns  (clk_i rise@5.000ns - clk_i rise@0.000ns)
  Data Path Delay:        1.116ns  (logic 0.665ns (59.588%)  route 0.451ns (40.412%))
  Logic Levels:           1  (LUT2=1)
  Clock Path Skew:        -0.039ns (DCD - SCD + CPR)
    Destination Clock Delay (DCD):    0.748ns = ( 5.748 - 5.000 ) 
    Source Clock Delay      (SCD):    0.787ns
    Clock Pessimism Removal (CPR):    0.000ns
  Clock Uncertainty:      0.035ns  ((TSJ^2 + TIJ^2)^1/2 + DJ) / 2 + PE
    Total System Jitter     (TSJ):    0.071ns
    Total Input Jitter      (TIJ):    0.000ns
    Discrete Jitter          (DJ):    0.000ns
    Phase Error              (PE):    0.000ns

    Location             Delay type                Incr(ns)  Path(ns)    Netlist Resource(s)
  -------------------------------------------------------------------    -------------------
                         (clock clk_i rise edge)      0.000     0.000 r  
                                                      0.000     0.000 r  clk_i (IN)
                         net (fo=2875, unset)         0.787     0.787    clk_i
                         FDCE                                         r  FSM_onehot_st_q_reg[7]_rep__4/C
  -------------------------------------------------------------------    -------------------
                         FDCE (Prop_fdce_C_Q)         0.433     1.220 r  FSM_onehot_st_q_reg[7]_rep__4/Q
                         net (fo=66, unplaced)        0.451     1.671    FSM_onehot_st_q_reg[7]_rep__4_n_0
                         LUT2 (Prop_lut2_I0_O)        0.232     1.903 r  hmatch_best_idx_q[7]_i_1/O
                         net (fo=1, unplaced)         0.000     1.903    hmatch_best_idx_q[7]_i_1_n_0
                         FDCE                                         r  hmatch_best_idx_q_reg[7]/D
  -------------------------------------------------------------------    -------------------

                         (clock clk_i rise edge)      5.000     5.000 r  
                                                      0.000     5.000 r  clk_i (IN)
                         net (fo=2875, unset)         0.748     5.748    clk_i
                         FDCE                                         r  hmatch_best_idx_q_reg[7]/C
                         clock pessimism              0.000     5.748    
                         clock uncertainty           -0.035     5.712    
                         FDCE (Setup_fdce_C_D)        0.072     5.784    hmatch_best_idx_q_reg[7]
  -------------------------------------------------------------------
                         required time                          5.784    
                         arrival time                          -1.903    
  -------------------------------------------------------------------
                         slack                                  3.881    




