Copyright 1986-2022 Xilinx, Inc. All Rights Reserved. Copyright 2022-2024 Advanced Micro Devices, Inc. All Rights Reserved.
--------------------------------------------------------------------------------------------------------------------------------------------------------------------------------------
| Tool Version : Vivado v.2024.2 (win64) Build 5239630 Fri Nov 08 22:35:27 MST 2024
| Date         : Sun Jun  7 17:49:13 2026
| Host         : WIN-20240824NZS running 64-bit major release  (build 9200)
| Command      : report_timing_summary -delay_type max -report_unconstrained -check_timing_verbose -file E:/HDEC/cva6-vhdc-core/tmp/hdec_ooc_p1_keep_trial/reports/timing_summary.rpt
| Design       : hdec_top
| Device       : 7z020-clg400
| Speed File   : -2  PRODUCTION 1.12 2019-11-22
| Design State : Synthesized
--------------------------------------------------------------------------------------------------------------------------------------------------------------------------------------

Timing Summary Report

------------------------------------------------------------------------------------------------
| Timer Settings
| --------------
------------------------------------------------------------------------------------------------

  Enable Multi Corner Analysis               :  Yes
  Enable Pessimism Removal                   :  Yes
  Pessimism Removal Resolution               :  Nearest Common Node
  Enable Input Delay Default Clock           :  No
  Enable Preset / Clear Arcs                 :  No
  Disable Flight Delays                      :  No
  Ignore I/O Paths                           :  No
  Timing Early Launch at Borrowing Latches   :  No
  Borrow Time for Max Delay Exceptions       :  Yes
  Merge Timing Exceptions                    :  Yes
  Inter-SLR Compensation                     :  Conservative

  Corner  Analyze    Analyze
  Name    Max Paths  Min Paths
  ------  ---------  ---------
  Slow    Yes        Yes
  Fast    Yes        Yes


------------------------------------------------------------------------------------------------
| Report Methodology
| ------------------
------------------------------------------------------------------------------------------------

No report available as report_methodology has not been run prior. Run report_methodology on the current design for the summary of methodology violations.



check_timing report

Table of Contents
-----------------
1. checking no_clock (0)
2. checking constant_clock (0)
3. checking pulse_width_clock (0)
4. checking unconstrained_internal_endpoints (0)
5. checking no_input_delay (70)
6. checking no_output_delay (66)
7. checking multiple_clock (0)
8. checking generated_clocks (0)
9. checking loops (0)
10. checking partial_input_delay (0)
11. checking partial_output_delay (0)
12. checking latch_loops (0)

1. checking no_clock (0)
------------------------
 There are 0 register/latch pins with no clock.


2. checking constant_clock (0)
------------------------------
 There are 0 register/latch pins with constant_clock.


3. checking pulse_width_clock (0)
---------------------------------
 There are 0 register/latch pins which need pulse_width check


4. checking unconstrained_internal_endpoints (0)
------------------------------------------------
 There are 0 pins that are not constrained for maximum delay.

 There are 0 pins that are not constrained for maximum delay due to constant clock.


5. checking no_input_delay (70)
-------------------------------
 There are 70 input ports with no input delay specified. (HIGH)

operand_a_i[0]
operand_a_i[10]
operand_a_i[11]
operand_a_i[12]
operand_a_i[13]
operand_a_i[14]
operand_a_i[15]
operand_a_i[16]
operand_a_i[17]
operand_a_i[18]
operand_a_i[19]
operand_a_i[1]
operand_a_i[20]
operand_a_i[21]
operand_a_i[22]
operand_a_i[23]
operand_a_i[24]
operand_a_i[25]
operand_a_i[26]
operand_a_i[27]
operand_a_i[28]
operand_a_i[29]
operand_a_i[2]
operand_a_i[30]
operand_a_i[31]
operand_a_i[32]
operand_a_i[33]
operand_a_i[34]
operand_a_i[35]
operand_a_i[36]
operand_a_i[37]
operand_a_i[38]
operand_a_i[39]
operand_a_i[3]
operand_a_i[40]
operand_a_i[41]
operand_a_i[42]
operand_a_i[43]
operand_a_i[44]
operand_a_i[45]
operand_a_i[46]
operand_a_i[47]
operand_a_i[48]
operand_a_i[49]
operand_a_i[4]
operand_a_i[50]
operand_a_i[51]
operand_a_i[52]
operand_a_i[53]
operand_a_i[54]
operand_a_i[55]
operand_a_i[56]
operand_a_i[57]
operand_a_i[58]
operand_a_i[59]
operand_a_i[5]
operand_a_i[60]
operand_a_i[61]
operand_a_i[62]
operand_a_i[63]
operand_a_i[6]
operand_a_i[7]
operand_a_i[8]
operand_a_i[9]
operator_i[0]
operator_i[1]
operator_i[2]
operator_i[3]
rst_ni
valid_i

 There are 0 input ports with no input delay but user has a false path constraint.


6. checking no_output_delay (66)
--------------------------------
 There are 66 ports with no output delay specified. (HIGH)

ready_o
result_o[0]
result_o[10]
result_o[11]
result_o[12]
result_o[13]
result_o[14]
result_o[15]
result_o[16]
result_o[17]
result_o[18]
result_o[19]
result_o[1]
result_o[20]
result_o[21]
result_o[22]
result_o[23]
result_o[24]
result_o[25]
result_o[26]
result_o[27]
result_o[28]
result_o[29]
result_o[2]
result_o[30]
result_o[31]
result_o[32]
result_o[33]
result_o[34]
result_o[35]
result_o[36]
result_o[37]
result_o[38]
result_o[39]
result_o[3]
result_o[40]
result_o[41]
result_o[42]
result_o[43]
result_o[44]
result_o[45]
result_o[46]
result_o[47]
result_o[48]
result_o[49]
result_o[4]
result_o[50]
result_o[51]
result_o[52]
result_o[53]
result_o[54]
result_o[55]
result_o[56]
result_o[57]
result_o[58]
result_o[59]
result_o[5]
result_o[60]
result_o[61]
result_o[62]
result_o[63]
result_o[6]
result_o[7]
result_o[8]
result_o[9]
valid_o

 There are 0 ports with no output delay but user has a false path constraint

 There are 0 ports with no output delay but with a timing clock defined on it or propagating through it


7. checking multiple_clock (0)
------------------------------
 There are 0 register/latch pins with multiple clocks.


8. checking generated_clocks (0)
--------------------------------
 There are 0 generated clocks that are not connected to a clock source.


9. checking loops (0)
---------------------
 There are 0 combinational loops in the design.


10. checking partial_input_delay (0)
------------------------------------
 There are 0 input ports with partial input delay specified.


11. checking partial_output_delay (0)
-------------------------------------
 There are 0 ports with partial output delay specified.


12. checking latch_loops (0)
----------------------------
 There are 0 combinational latch loops in the design through latch input



------------------------------------------------------------------------------------------------
| Design Timing Summary
| ---------------------
------------------------------------------------------------------------------------------------

    WNS(ns)      TNS(ns)  TNS Failing Endpoints  TNS Total Endpoints     WPWS(ns)     TPWS(ns)  TPWS Failing Endpoints  TPWS Total Endpoints
    -------      -------  ---------------------  -------------------     --------     --------  ----------------------  --------------------
     -1.541      -80.836                    312                 8672        1.370        0.000                       0                  2878


Timing constraints are not met.


------------------------------------------------------------------------------------------------
| Clock Summary
| -------------
------------------------------------------------------------------------------------------------

Clock  Waveform(ns)         Period(ns)      Frequency(MHz)
-----  ------------         ----------      --------------
clk_i  {0.000 2.500}        5.000           200.000


------------------------------------------------------------------------------------------------
| Intra Clock Table
| -----------------
------------------------------------------------------------------------------------------------

Clock             WNS(ns)      TNS(ns)  TNS Failing Endpoints  TNS Total Endpoints     WPWS(ns)     TPWS(ns)  TPWS Failing Endpoints  TPWS Total Endpoints
-----             -------      -------  ---------------------  -------------------     --------     --------  ----------------------  --------------------
clk_i              -1.541      -80.836                    312                 8672        1.370        0.000                       0                  2878


------------------------------------------------------------------------------------------------
| Inter Clock Table
| -----------------
------------------------------------------------------------------------------------------------

From Clock    To Clock          WNS(ns)      TNS(ns)  TNS Failing Endpoints  TNS Total Endpoints
----------    --------          -------      -------  ---------------------  -------------------


------------------------------------------------------------------------------------------------
| Other Path Groups Table
| -----------------------
------------------------------------------------------------------------------------------------

Path Group    From Clock    To Clock          WNS(ns)      TNS(ns)  TNS Failing Endpoints  TNS Total Endpoints
----------    ----------    --------          -------      -------  ---------------------  -------------------


------------------------------------------------------------------------------------------------
| User Ignored Path Table
| -----------------------
------------------------------------------------------------------------------------------------

Path Group    From Clock    To Clock
----------    ----------    --------


------------------------------------------------------------------------------------------------
| Unconstrained Path Table
| ------------------------
------------------------------------------------------------------------------------------------

Path Group    From Clock    To Clock
----------    ----------    --------
(none)        clk_i
(none)                      clk_i


------------------------------------------------------------------------------------------------
| Timing Details
| --------------
------------------------------------------------------------------------------------------------


---------------------------------------------------------------------------------------------------
From Clock:  clk_i
  To Clock:  clk_i

Setup :          312  Failing Endpoints,  Worst Slack       -1.541ns,  Total Violation      -80.836ns
Hold  :           NA  Failing Endpoints,  Worst Slack           NA  ,  Total Violation           NA
PW    :            0  Failing Endpoints,  Worst Slack        1.370ns,  Total Violation        0.000ns
---------------------------------------------------------------------------------------------------


Max Delay Paths
--------------------------------------------------------------------------------------
Slack (VIOLATED) :        -1.541ns  (required time - arrival time)
  Source:                 hsim_total_q_reg[0]/C
                            (rising edge-triggered cell FDCE clocked by clk_i  {rise@0.000ns fall@2.500ns period=5.000ns})
  Destination:            hmatch_best_dist_q_reg[0]/CE
                            (rising edge-triggered cell FDCE clocked by clk_i  {rise@0.000ns fall@2.500ns period=5.000ns})
  Path Group:             clk_i
  Path Type:              Setup (Max at Slow Process Corner)
  Requirement:            5.000ns  (clk_i rise@5.000ns - clk_i rise@0.000ns)
  Data Path Delay:        6.330ns  (logic 3.206ns (50.648%)  route 3.124ns (49.352%))
  Logic Levels:           9  (CARRY4=5 LUT3=2 LUT4=1 LUT5=1)
  Clock Path Skew:        -0.039ns (DCD - SCD + CPR)
    Destination Clock Delay (DCD):    0.748ns = ( 5.748 - 5.000 )
    Source Clock Delay      (SCD):    0.787ns
    Clock Pessimism Removal (CPR):    0.000ns
  Clock Uncertainty:      0.035ns  ((TSJ^2 + TIJ^2)^1/2 + DJ) / 2 + PE
    Total System Jitter     (TSJ):    0.071ns
    Total Input Jitter      (TIJ):    0.000ns
    Discrete Jitter          (DJ):    0.000ns
    Phase Error              (PE):    0.000ns

    Location             Delay type                Incr(ns)  Path(ns)    Netlist Resource(s)
  -------------------------------------------------------------------    -------------------
                         (clock clk_i rise edge)      0.000     0.000 r
                                                      0.000     0.000 r  clk_i (IN)
                         net (fo=2877, unset)         0.787     0.787    clk_i
                         FDCE                                         r  hsim_total_q_reg[0]/C
  -------------------------------------------------------------------    -------------------
                         FDCE (Prop_fdce_C_Q)         0.433     1.220 r  hsim_total_q_reg[0]/Q
                         net (fo=4, unplaced)         0.623     1.843    gen_lane[0].i_p2_pop_slice/hsim_total_q_reg[7]_i_3[0]
                         LUT3 (Prop_lut3_I0_O)        0.232     2.075 r  gen_lane[0].i_p2_pop_slice/hsim_total_q[7]_i_21/O
                         net (fo=1, unplaced)         0.537     2.612    gen_lane[3].i_p2_pop_slice/DI[0]
                         CARRY4 (Prop_carry4_DI[1]_CO[3])
                                                      0.430     3.042 r  gen_lane[3].i_p2_pop_slice/hsim_total_q_reg[7]_i_11/CO[3]
                         net (fo=1, unplaced)         0.008     3.050    gen_lane[3].i_p2_pop_slice/hsim_total_q_reg[7]_i_11_n_0
                         CARRY4 (Prop_carry4_CI_O[0])
                                                      0.189     3.239 r  gen_lane[3].i_p2_pop_slice/hsim_total_q_reg[7]_i_3/O[0]
                         net (fo=3, unplaced)         0.258     3.497    gen_lane[1].i_p2_pop_slice/hsim_total_q_reg[7]_i_2_0[0]
                         LUT3 (Prop_lut3_I2_O)        0.238     3.735 r  gen_lane[1].i_p2_pop_slice/hsim_total_q[7]_i_5/O
                         net (fo=1, unplaced)         0.537     4.272    gen_lane[3].i_p2_pop_slice/hmatch_best_dist_q_reg[7][1]
                         CARRY4 (Prop_carry4_DI[1]_CO[3])
                                                      0.430     4.702 r  gen_lane[3].i_p2_pop_slice/hsim_total_q_reg[7]_i_2/CO[3]
                         net (fo=1, unplaced)         0.000     4.702    gen_lane[3].i_p2_pop_slice/hsim_total_q_reg[7]_i_2_n_0
                         CARRY4 (Prop_carry4_CI_O[1])
                                                      0.269     4.971 f  gen_lane[3].i_p2_pop_slice/hsim_total_q_reg[10]_i_3/O[1]
                         net (fo=4, unplaced)         0.496     5.467    gen_lane[3].i_p2_pop_slice/in165[9]
                         LUT4 (Prop_lut4_I0_O)        0.265     5.732 r  gen_lane[3].i_p2_pop_slice/hmatch_best_dist_q[10]_i_6/O
                         net (fo=1, unplaced)         0.000     5.732    gen_lane[3].i_p2_pop_slice/hmatch_best_dist_q[10]_i_6_n_0
                         CARRY4 (Prop_carry4_DI[0]_CO[1])
                                                      0.443     6.175 r  gen_lane[3].i_p2_pop_slice/hmatch_best_dist_q_reg[10]_i_3/CO[1]
                         net (fo=1, unplaced)         0.240     6.415    gen_lane[3].i_p2_pop_slice/hmatch_best_dist_q_reg[10]_i_3_n_2
                         LUT5 (Prop_lut5_I4_O)        0.277     6.692 r  gen_lane[3].i_p2_pop_slice/hmatch_best_dist_q[10]_i_1/O
                         net (fo=19, unplaced)        0.425     7.117    gen_lane[3].i_p2_pop_slice_n_4
                         FDCE                                         r  hmatch_best_dist_q_reg[0]/CE
  -------------------------------------------------------------------    -------------------

                         (clock clk_i rise edge)      5.000     5.000 r
                                                      0.000     5.000 r  clk_i (IN)
                         net (fo=2877, unset)         0.748     5.748    clk_i
                         FDCE                                         r  hmatch_best_dist_q_reg[0]/C
                         clock pessimism              0.000     5.748
                         clock uncertainty           -0.035     5.712
                         FDCE (Setup_fdce_C_CE)      -0.136     5.576    hmatch_best_dist_q_reg[0]
  -------------------------------------------------------------------
                         required time                          5.576
                         arrival time                          -7.117
  -------------------------------------------------------------------
                         slack                                 -1.541





Pulse Width Checks
--------------------------------------------------------------------------------------
Clock Name:         clk_i
Waveform(ns):       { 0.000 2.500 }
Period(ns):         5.000
Sources:            { clk_i }

Check Type        Corner  Lib Pin      Reference Pin  Required(ns)  Actual(ns)  Slack(ns)  Location  Pin
Min Period        n/a     FDPE/C       n/a            1.000         5.000       4.000                FSM_onehot_st_q_reg[0]/C
Low Pulse Width   Slow    RAMD64E/CLK  n/a            1.130         2.500       1.370                i_vrf/vrf_b0_reg_r1_0_63_0_2/RAMA/CLK
High Pulse Width  Slow    RAMD64E/CLK  n/a            1.130         2.500       1.370                i_vrf/vrf_b0_reg_r1_0_63_0_2/RAMA/CLK



--------------------------------------------------------------------------------------
Path Group:  (none)
From Clock:  clk_i
  To Clock:

Max Delay            66 Endpoints
Min Delay             0 Endpoints
--------------------------------------------------------------------------------------


Max Delay Paths
--------------------------------------------------------------------------------------
Slack:                    inf
  Source:                 scalar_response_q_reg[0]/C
                            (rising edge-triggered cell FDCE clocked by clk_i  {rise@0.000ns fall@2.500ns period=5.000ns})
  Destination:            result_o[0]
                            (output port)
  Path Group:             (none)
  Path Type:              Max at Slow Process Corner
  Data Path Delay:        2.051ns  (logic 0.665ns (32.423%)  route 1.386ns (67.577%))
  Logic Levels:           1  (LUT3=1)
  Clock Uncertainty:      0.025ns  ((TSJ^2 + TIJ^2)^1/2 + DJ) / 2 + PE
    Total System Jitter     (TSJ):    0.050ns
    Total Input Jitter      (TIJ):    0.000ns
    Discrete Jitter          (DJ):    0.000ns
    Phase Error              (PE):    0.000ns

    Location             Delay type                Incr(ns)  Path(ns)    Netlist Resource(s)
  -------------------------------------------------------------------    -------------------
                         (clock clk_i rise edge)      0.000     0.000 r
                                                      0.000     0.000 r  clk_i (IN)
                         net (fo=2877, unset)         0.787     0.787    clk_i
                         FDCE                                         r  scalar_response_q_reg[0]/C
  -------------------------------------------------------------------    -------------------
                         FDCE (Prop_fdce_C_Q)         0.433     1.220 r  scalar_response_q_reg[0]/Q
                         net (fo=1, unplaced)         0.599     1.819    scalar_response_q[0]
                         LUT3 (Prop_lut3_I0_O)        0.232     2.051 r  result_o[0]_INST_0/O
                         net (fo=0)                   0.787     2.838    result_o[0]
                                                                      r  result_o[0] (OUT)
  -------------------------------------------------------------------    -------------------





--------------------------------------------------------------------------------------
Path Group:  (none)
From Clock:
  To Clock:  clk_i

Max Delay          2345 Endpoints
Min Delay             0 Endpoints
--------------------------------------------------------------------------------------


Max Delay Paths
--------------------------------------------------------------------------------------
Slack:                    inf
  Source:                 valid_i
                            (input port)
  Destination:            FSM_onehot_st_q_reg[0]/CE
                            (rising edge-triggered cell FDPE clocked by clk_i  {rise@0.000ns fall@2.500ns period=5.000ns})
  Path Group:             (none)
  Path Type:              Setup (Max at Slow Process Corner)
  Data Path Delay:        1.840ns  (logic 0.210ns (11.413%)  route 1.630ns (88.587%))
  Logic Levels:           2  (LUT2=1 LUT6=1)
  Clock Path Skew:        0.748ns (DCD - SCD + CPR)
    Destination Clock Delay (DCD):    0.748ns
    Source Clock Delay      (SCD):    0.000ns
    Clock Pessimism Removal (CPR):    0.000ns
  Clock Uncertainty:      0.025ns  ((TSJ^2 + TIJ^2)^1/2 + DJ) / 2 + PE
    Total System Jitter     (TSJ):    0.050ns
    Total Input Jitter      (TIJ):    0.000ns
    Discrete Jitter          (DJ):    0.000ns
    Phase Error              (PE):    0.000ns

    Location             Delay type                Incr(ns)  Path(ns)    Netlist Resource(s)
  -------------------------------------------------------------------    -------------------
                                                      0.000     0.000 r  valid_i (IN)
                         net (fo=0)                   0.787     0.787    valid_i
                         LUT2 (Prop_lut2_I0_O)        0.105     0.892 r  op_q[3]_i_1/O
                         net (fo=69, unplaced)        0.418     1.310    op_n
                         LUT6 (Prop_lut6_I5_O)        0.105     1.415 r  FSM_onehot_st_q[0]_i_1/O
                         net (fo=19, unplaced)        0.425     1.840    FSM_onehot_st_q[0]_i_1_n_0
                         FDPE                                         r  FSM_onehot_st_q_reg[0]/CE
  -------------------------------------------------------------------    -------------------

                         (clock clk_i rise edge)      0.000     0.000 r
                                                      0.000     0.000 r  clk_i (IN)
                         net (fo=2877, unset)         0.748     0.748    clk_i
                         FDPE                                         r  FSM_onehot_st_q_reg[0]/C
