Copyright 1986-2022 Xilinx, Inc. All Rights Reserved. Copyright 2022-2024 Advanced Micro Devices, Inc. All Rights Reserved.
----------------------------------------------------------------------------------------------------------------------------------------------------------------------------------------------------------------------------------------------------------------------------------------------------------------------------------------------------------------
| Tool Version : Vivado v.2024.2 (win64) Build 5239630 Fri Nov 08 22:35:27 MST 2024
| Date         : Sun Jun  7 12:00:43 2026
| Host         : WIN-20240824NZS running 64-bit major release  (build 9200)
| Command      : report_timing -delay_type max -sort_by slack -max_paths 20 -nworst 1 -from [get_pins -quiet -of_objects {i_vrf/lane_result_q[3][8]_i_7/I2} -filter {DIRECTION == OUT}] -to {i_vrf/lane_result_q[3][8]_i_7/I2} -file E:/HDEC/cva6-vhdc-core/reports/vivado/ooc_hdec_hmatch_countdown_v1_ff838841/125mhz/groups/04b_hsim_total_to_hsim_total.rpt
| Design       : hdec_top
| Device       : 7z020-clg400
| Speed File   : -2  PRODUCTION 1.12 2019-11-22
| Design State : Synthesized
----------------------------------------------------------------------------------------------------------------------------------------------------------------------------------------------------------------------------------------------------------------------------------------------------------------------------------------------------------------

Timing Report

Slack (MET) :             5.436ns  (required time - arrival time)
  Source:                 hsim_total_q_reg[1]/C
                            (rising edge-triggered cell FDCE clocked by clk_i  {rise@0.000ns fall@4.000ns period=8.000ns})
  Destination:            hsim_total_q_reg[7]/D
                            (rising edge-triggered cell FDCE clocked by clk_i  {rise@0.000ns fall@4.000ns period=8.000ns})
  Path Group:             clk_i
  Path Type:              Setup (Max at Slow Process Corner)
  Requirement:            8.000ns  (clk_i rise@8.000ns - clk_i rise@0.000ns)
  Data Path Delay:        2.561ns  (logic 1.636ns (63.881%)  route 0.925ns (36.119%))
  Logic Levels:           4  (CARRY4=2 LUT2=1 LUT5=1)
  Clock Path Skew:        -0.039ns (DCD - SCD + CPR)
    Destination Clock Delay (DCD):    0.748ns = ( 8.748 - 8.000 ) 
    Source Clock Delay      (SCD):    0.787ns
    Clock Pessimism Removal (CPR):    0.000ns
  Clock Uncertainty:      0.035ns  ((TSJ^2 + TIJ^2)^1/2 + DJ) / 2 + PE
    Total System Jitter     (TSJ):    0.071ns
    Total Input Jitter      (TIJ):    0.000ns
    Discrete Jitter          (DJ):    0.000ns
    Phase Error              (PE):    0.000ns

    Location             Delay type                Incr(ns)  Path(ns)    Netlist Resource(s)
  -------------------------------------------------------------------    -------------------
                         (clock clk_i rise edge)      0.000     0.000 r  
                                                      0.000     0.000 r  clk_i (IN)
                         net (fo=2885, unset)         0.787     0.787    clk_i
                         FDCE                                         r  hsim_total_q_reg[1]/C
  -------------------------------------------------------------------    -------------------
                         FDCE (Prop_fdce_C_Q)         0.433     1.220 r  hsim_total_q_reg[1]/Q
                         net (fo=3, unplaced)         0.380     1.600    hsim_total_q[1]
                         LUT2 (Prop_lut2_I0_O)        0.232     1.832 r  hmatch_best_dist_q[3]_i_5/O
                         net (fo=1, unplaced)         0.000     1.832    hmatch_best_dist_q[3]_i_5_n_0
                         CARRY4 (Prop_carry4_S[1]_CO[3])
                                                      0.444     2.276 r  hmatch_best_dist_q_reg[3]_i_2/CO[3]
                         net (fo=1, unplaced)         0.008     2.284    hmatch_best_dist_q_reg[3]_i_2_n_0
                         CARRY4 (Prop_carry4_CI_O[3])
                                                      0.277     2.561 r  hmatch_best_dist_q_reg[7]_i_2/O[3]
                         net (fo=3, unplaced)         0.537     3.098    hmatch_best_dist_q_reg[7]_i_2_n_4
                         LUT5 (Prop_lut5_I4_O)        0.250     3.348 r  hsim_total_q[7]_i_1/O
                         net (fo=1, unplaced)         0.000     3.348    hsim_total_q[7]_i_1_n_0
                         FDCE                                         r  hsim_total_q_reg[7]/D
  -------------------------------------------------------------------    -------------------

                         (clock clk_i rise edge)      8.000     8.000 r  
                                                      0.000     8.000 r  clk_i (IN)
                         net (fo=2885, unset)         0.748     8.748    clk_i
                         FDCE                                         r  hsim_total_q_reg[7]/C
                         clock pessimism              0.000     8.748    
                         clock uncertainty           -0.035     8.712    
                         FDCE (Setup_fdce_C_D)        0.072     8.784    hsim_total_q_reg[7]
  -------------------------------------------------------------------
                         required time                          8.784    
                         arrival time                          -3.348    
  -------------------------------------------------------------------
                         slack                                  5.436    

Slack (MET) :             5.575ns  (required time - arrival time)
  Source:                 hsim_total_q_reg[1]/C
                            (rising edge-triggered cell FDCE clocked by clk_i  {rise@0.000ns fall@4.000ns period=8.000ns})
  Destination:            hsim_total_q_reg[10]/D
                            (rising edge-triggered cell FDCE clocked by clk_i  {rise@0.000ns fall@4.000ns period=8.000ns})
  Path Group:             clk_i
  Path Type:              Setup (Max at Slow Process Corner)
  Requirement:            8.000ns  (clk_i rise@8.000ns - clk_i rise@0.000ns)
  Data Path Delay:        2.422ns  (logic 1.667ns (68.827%)  route 0.755ns (31.173%))
  Logic Levels:           5  (CARRY4=3 LUT2=1 LUT5=1)
  Clock Path Skew:        -0.039ns (DCD - SCD + CPR)
    Destination Clock Delay (DCD):    0.748ns = ( 8.748 - 8.000 ) 
    Source Clock Delay      (SCD):    0.787ns
    Clock Pessimism Removal (CPR):    0.000ns
  Clock Uncertainty:      0.035ns  ((TSJ^2 + TIJ^2)^1/2 + DJ) / 2 + PE
    Total System Jitter     (TSJ):    0.071ns
    Total Input Jitter      (TIJ):    0.000ns
    Discrete Jitter          (DJ):    0.000ns
    Phase Error              (PE):    0.000ns

    Location             Delay type                Incr(ns)  Path(ns)    Netlist Resource(s)
  -------------------------------------------------------------------    -------------------
                         (clock clk_i rise edge)      0.000     0.000 r  
                                                      0.000     0.000 r  clk_i (IN)
                         net (fo=2885, unset)         0.787     0.787    clk_i
                         FDCE                                         r  hsim_total_q_reg[1]/C
  -------------------------------------------------------------------    -------------------
                         FDCE (Prop_fdce_C_Q)         0.433     1.220 r  hsim_total_q_reg[1]/Q
                         net (fo=3, unplaced)         0.380     1.600    hsim_total_q[1]
                         LUT2 (Prop_lut2_I0_O)        0.232     1.832 r  hmatch_best_dist_q[3]_i_5/O
                         net (fo=1, unplaced)         0.000     1.832    hmatch_best_dist_q[3]_i_5_n_0
                         CARRY4 (Prop_carry4_S[1]_CO[3])
                                                      0.444     2.276 r  hmatch_best_dist_q_reg[3]_i_2/CO[3]
                         net (fo=1, unplaced)         0.008     2.284    hmatch_best_dist_q_reg[3]_i_2_n_0
                         CARRY4 (Prop_carry4_CI_CO[3])
                                                      0.100     2.384 r  hmatch_best_dist_q_reg[7]_i_2/CO[3]
                         net (fo=1, unplaced)         0.000     2.384    hmatch_best_dist_q_reg[7]_i_2_n_0
                         CARRY4 (Prop_carry4_CI_O[2])
                                                      0.214     2.598 r  hmatch_best_dist_q_reg[10]_i_4/O[2]
                         net (fo=3, unplaced)         0.367     2.965    hmatch_best_dist_q_reg[10]_i_4_n_5
                         LUT5 (Prop_lut5_I4_O)        0.244     3.209 r  hsim_total_q[10]_i_2/O
                         net (fo=1, unplaced)         0.000     3.209    hsim_total_q[10]_i_2_n_0
                         FDCE                                         r  hsim_total_q_reg[10]/D
  -------------------------------------------------------------------    -------------------

                         (clock clk_i rise edge)      8.000     8.000 r  
                                                      0.000     8.000 r  clk_i (IN)
                         net (fo=2885, unset)         0.748     8.748    clk_i
                         FDCE                                         r  hsim_total_q_reg[10]/C
                         clock pessimism              0.000     8.748    
                         clock uncertainty           -0.035     8.712    
                         FDCE (Setup_fdce_C_D)        0.072     8.784    hsim_total_q_reg[10]
  -------------------------------------------------------------------
                         required time                          8.784    
                         arrival time                          -3.209    
  -------------------------------------------------------------------
                         slack                                  5.575    

Slack (MET) :             5.628ns  (required time - arrival time)
  Source:                 hsim_total_q_reg[1]/C
                            (rising edge-triggered cell FDCE clocked by clk_i  {rise@0.000ns fall@4.000ns period=8.000ns})
  Destination:            hsim_total_q_reg[9]/D
                            (rising edge-triggered cell FDCE clocked by clk_i  {rise@0.000ns fall@4.000ns period=8.000ns})
  Path Group:             clk_i
  Path Type:              Setup (Max at Slow Process Corner)
  Requirement:            8.000ns  (clk_i rise@8.000ns - clk_i rise@0.000ns)
  Data Path Delay:        2.369ns  (logic 1.723ns (72.731%)  route 0.646ns (27.269%))
  Logic Levels:           5  (CARRY4=3 LUT2=1 LUT5=1)
  Clock Path Skew:        -0.039ns (DCD - SCD + CPR)
    Destination Clock Delay (DCD):    0.748ns = ( 8.748 - 8.000 ) 
    Source Clock Delay      (SCD):    0.787ns
    Clock Pessimism Removal (CPR):    0.000ns
  Clock Uncertainty:      0.035ns  ((TSJ^2 + TIJ^2)^1/2 + DJ) / 2 + PE
    Total System Jitter     (TSJ):    0.071ns
    Total Input Jitter      (TIJ):    0.000ns
    Discrete Jitter          (DJ):    0.000ns
    Phase Error              (PE):    0.000ns

    Location             Delay type                Incr(ns)  Path(ns)    Netlist Resource(s)
  -------------------------------------------------------------------    -------------------
                         (clock clk_i rise edge)      0.000     0.000 r  
                                                      0.000     0.000 r  clk_i (IN)
                         net (fo=2885, unset)         0.787     0.787    clk_i
                         FDCE                                         r  hsim_total_q_reg[1]/C
  -------------------------------------------------------------------    -------------------
                         FDCE (Prop_fdce_C_Q)         0.433     1.220 r  hsim_total_q_reg[1]/Q
                         net (fo=3, unplaced)         0.380     1.600    hsim_total_q[1]
                         LUT2 (Prop_lut2_I0_O)        0.232     1.832 r  hmatch_best_dist_q[3]_i_5/O
                         net (fo=1, unplaced)         0.000     1.832    hmatch_best_dist_q[3]_i_5_n_0
                         CARRY4 (Prop_carry4_S[1]_CO[3])
                                                      0.444     2.276 r  hmatch_best_dist_q_reg[3]_i_2/CO[3]
                         net (fo=1, unplaced)         0.008     2.284    hmatch_best_dist_q_reg[3]_i_2_n_0
                         CARRY4 (Prop_carry4_CI_CO[3])
                                                      0.100     2.384 r  hmatch_best_dist_q_reg[7]_i_2/CO[3]
                         net (fo=1, unplaced)         0.000     2.384    hmatch_best_dist_q_reg[7]_i_2_n_0
                         CARRY4 (Prop_carry4_CI_O[1])
                                                      0.269     2.653 r  hmatch_best_dist_q_reg[10]_i_4/O[1]
                         net (fo=3, unplaced)         0.258     2.911    hmatch_best_dist_q_reg[10]_i_4_n_6
                         LUT5 (Prop_lut5_I4_O)        0.245     3.156 r  hsim_total_q[9]_i_1/O
                         net (fo=1, unplaced)         0.000     3.156    hsim_total_q[9]_i_1_n_0
                         FDCE                                         r  hsim_total_q_reg[9]/D
  -------------------------------------------------------------------    -------------------

                         (clock clk_i rise edge)      8.000     8.000 r  
                                                      0.000     8.000 r  clk_i (IN)
                         net (fo=2885, unset)         0.748     8.748    clk_i
                         FDCE                                         r  hsim_total_q_reg[9]/C
                         clock pessimism              0.000     8.748    
                         clock uncertainty           -0.035     8.712    
                         FDCE (Setup_fdce_C_D)        0.072     8.784    hsim_total_q_reg[9]
  -------------------------------------------------------------------
                         required time                          8.784    
                         arrival time                          -3.156    
  -------------------------------------------------------------------
                         slack                                  5.628    

Slack (MET) :             5.631ns  (required time - arrival time)
  Source:                 hsim_total_q_reg[1]/C
                            (rising edge-triggered cell FDCE clocked by clk_i  {rise@0.000ns fall@4.000ns period=8.000ns})
  Destination:            hsim_total_q_reg[3]/D
                            (rising edge-triggered cell FDCE clocked by clk_i  {rise@0.000ns fall@4.000ns period=8.000ns})
  Path Group:             clk_i
  Path Type:              Setup (Max at Slow Process Corner)
  Requirement:            8.000ns  (clk_i rise@8.000ns - clk_i rise@0.000ns)
  Data Path Delay:        2.366ns  (logic 1.449ns (61.243%)  route 0.917ns (38.757%))
  Logic Levels:           3  (CARRY4=1 LUT2=1 LUT5=1)
  Clock Path Skew:        -0.039ns (DCD - SCD + CPR)
    Destination Clock Delay (DCD):    0.748ns = ( 8.748 - 8.000 ) 
    Source Clock Delay      (SCD):    0.787ns
    Clock Pessimism Removal (CPR):    0.000ns
  Clock Uncertainty:      0.035ns  ((TSJ^2 + TIJ^2)^1/2 + DJ) / 2 + PE
    Total System Jitter     (TSJ):    0.071ns
    Total Input Jitter      (TIJ):    0.000ns
    Discrete Jitter          (DJ):    0.000ns
    Phase Error              (PE):    0.000ns

    Location             Delay type                Incr(ns)  Path(ns)    Netlist Resource(s)
  -------------------------------------------------------------------    -------------------
                         (clock clk_i rise edge)      0.000     0.000 r  
                                                      0.000     0.000 r  clk_i (IN)
                         net (fo=2885, unset)         0.787     0.787    clk_i
                         FDCE                                         r  hsim_total_q_reg[1]/C
  -------------------------------------------------------------------    -------------------
                         FDCE (Prop_fdce_C_Q)         0.433     1.220 r  hsim_total_q_reg[1]/Q
                         net (fo=3, unplaced)         0.380     1.600    hsim_total_q[1]
                         LUT2 (Prop_lut2_I0_O)        0.232     1.832 r  hmatch_best_dist_q[3]_i_5/O
                         net (fo=1, unplaced)         0.000     1.832    hmatch_best_dist_q[3]_i_5_n_0
                         CARRY4 (Prop_carry4_S[1]_O[3])
                                                      0.534     2.366 r  hmatch_best_dist_q_reg[3]_i_2/O[3]
                         net (fo=3, unplaced)         0.537     2.903    hmatch_best_dist_q_reg[3]_i_2_n_4
                         LUT5 (Prop_lut5_I4_O)        0.250     3.153 r  hsim_total_q[3]_i_1/O
                         net (fo=1, unplaced)         0.000     3.153    hsim_total_q[3]_i_1_n_0
                         FDCE                                         r  hsim_total_q_reg[3]/D
  -------------------------------------------------------------------    -------------------

                         (clock clk_i rise edge)      8.000     8.000 r  
                                                      0.000     8.000 r  clk_i (IN)
                         net (fo=2885, unset)         0.748     8.748    clk_i
                         FDCE                                         r  hsim_total_q_reg[3]/C
                         clock pessimism              0.000     8.748    
                         clock uncertainty           -0.035     8.712    
                         FDCE (Setup_fdce_C_D)        0.072     8.784    hsim_total_q_reg[3]
  -------------------------------------------------------------------
                         required time                          8.784    
                         arrival time                          -3.153    
  -------------------------------------------------------------------
                         slack                                  5.631    

Slack (MET) :             5.675ns  (required time - arrival time)
  Source:                 hsim_total_q_reg[1]/C
                            (rising edge-triggered cell FDCE clocked by clk_i  {rise@0.000ns fall@4.000ns period=8.000ns})
  Destination:            hsim_total_q_reg[6]/D
                            (rising edge-triggered cell FDCE clocked by clk_i  {rise@0.000ns fall@4.000ns period=8.000ns})
  Path Group:             clk_i
  Path Type:              Setup (Max at Slow Process Corner)
  Requirement:            8.000ns  (clk_i rise@8.000ns - clk_i rise@0.000ns)
  Data Path Delay:        2.322ns  (logic 1.567ns (67.485%)  route 0.755ns (32.515%))
  Logic Levels:           4  (CARRY4=2 LUT2=1 LUT5=1)
  Clock Path Skew:        -0.039ns (DCD - SCD + CPR)
    Destination Clock Delay (DCD):    0.748ns = ( 8.748 - 8.000 ) 
    Source Clock Delay      (SCD):    0.787ns
    Clock Pessimism Removal (CPR):    0.000ns
  Clock Uncertainty:      0.035ns  ((TSJ^2 + TIJ^2)^1/2 + DJ) / 2 + PE
    Total System Jitter     (TSJ):    0.071ns
    Total Input Jitter      (TIJ):    0.000ns
    Discrete Jitter          (DJ):    0.000ns
    Phase Error              (PE):    0.000ns

    Location             Delay type                Incr(ns)  Path(ns)    Netlist Resource(s)
  -------------------------------------------------------------------    -------------------
                         (clock clk_i rise edge)      0.000     0.000 r  
                                                      0.000     0.000 r  clk_i (IN)
                         net (fo=2885, unset)         0.787     0.787    clk_i
                         FDCE                                         r  hsim_total_q_reg[1]/C
  -------------------------------------------------------------------    -------------------
                         FDCE (Prop_fdce_C_Q)         0.433     1.220 r  hsim_total_q_reg[1]/Q
                         net (fo=3, unplaced)         0.380     1.600    hsim_total_q[1]
                         LUT2 (Prop_lut2_I0_O)        0.232     1.832 r  hmatch_best_dist_q[3]_i_5/O
                         net (fo=1, unplaced)         0.000     1.832    hmatch_best_dist_q[3]_i_5_n_0
                         CARRY4 (Prop_carry4_S[1]_CO[3])
                                                      0.444     2.276 r  hmatch_best_dist_q_reg[3]_i_2/CO[3]
                         net (fo=1, unplaced)         0.008     2.284    hmatch_best_dist_q_reg[3]_i_2_n_0
                         CARRY4 (Prop_carry4_CI_O[2])
                                                      0.214     2.498 r  hmatch_best_dist_q_reg[7]_i_2/O[2]
                         net (fo=3, unplaced)         0.367     2.865    hmatch_best_dist_q_reg[7]_i_2_n_5
                         LUT5 (Prop_lut5_I4_O)        0.244     3.109 r  hsim_total_q[6]_i_1/O
                         net (fo=1, unplaced)         0.000     3.109    hsim_total_q[6]_i_1_n_0
                         FDCE                                         r  hsim_total_q_reg[6]/D
  -------------------------------------------------------------------    -------------------

                         (clock clk_i rise edge)      8.000     8.000 r  
                                                      0.000     8.000 r  clk_i (IN)
                         net (fo=2885, unset)         0.748     8.748    clk_i
                         FDCE                                         r  hsim_total_q_reg[6]/C
                         clock pessimism              0.000     8.748    
                         clock uncertainty           -0.035     8.712    
                         FDCE (Setup_fdce_C_D)        0.072     8.784    hsim_total_q_reg[6]
  -------------------------------------------------------------------
                         required time                          8.784    
                         arrival time                          -3.109    
  -------------------------------------------------------------------
                         slack                                  5.675    

Slack (MET) :             5.715ns  (required time - arrival time)
  Source:                 hsim_total_q_reg[1]/C
                            (rising edge-triggered cell FDCE clocked by clk_i  {rise@0.000ns fall@4.000ns period=8.000ns})
  Destination:            hsim_total_q_reg[8]/D
                            (rising edge-triggered cell FDCE clocked by clk_i  {rise@0.000ns fall@4.000ns period=8.000ns})
  Path Group:             clk_i
  Path Type:              Setup (Max at Slow Process Corner)
  Requirement:            8.000ns  (clk_i rise@8.000ns - clk_i rise@0.000ns)
  Data Path Delay:        2.282ns  (logic 1.636ns (71.691%)  route 0.646ns (28.309%))
  Logic Levels:           5  (CARRY4=3 LUT2=1 LUT5=1)
  Clock Path Skew:        -0.039ns (DCD - SCD + CPR)
    Destination Clock Delay (DCD):    0.748ns = ( 8.748 - 8.000 ) 
    Source Clock Delay      (SCD):    0.787ns
    Clock Pessimism Removal (CPR):    0.000ns
  Clock Uncertainty:      0.035ns  ((TSJ^2 + TIJ^2)^1/2 + DJ) / 2 + PE
    Total System Jitter     (TSJ):    0.071ns
    Total Input Jitter      (TIJ):    0.000ns
    Discrete Jitter          (DJ):    0.000ns
    Phase Error              (PE):    0.000ns

    Location             Delay type                Incr(ns)  Path(ns)    Netlist Resource(s)
  -------------------------------------------------------------------    -------------------
                         (clock clk_i rise edge)      0.000     0.000 r  
                                                      0.000     0.000 r  clk_i (IN)
                         net (fo=2885, unset)         0.787     0.787    clk_i
                         FDCE                                         r  hsim_total_q_reg[1]/C
  -------------------------------------------------------------------    -------------------
                         FDCE (Prop_fdce_C_Q)         0.433     1.220 r  hsim_total_q_reg[1]/Q
                         net (fo=3, unplaced)         0.380     1.600    hsim_total_q[1]
                         LUT2 (Prop_lut2_I0_O)        0.232     1.832 r  hmatch_best_dist_q[3]_i_5/O
                         net (fo=1, unplaced)         0.000     1.832    hmatch_best_dist_q[3]_i_5_n_0
                         CARRY4 (Prop_carry4_S[1]_CO[3])
                                                      0.444     2.276 r  hmatch_best_dist_q_reg[3]_i_2/CO[3]
                         net (fo=1, unplaced)         0.008     2.284    hmatch_best_dist_q_reg[3]_i_2_n_0
                         CARRY4 (Prop_carry4_CI_CO[3])
                                                      0.100     2.384 r  hmatch_best_dist_q_reg[7]_i_2/CO[3]
                         net (fo=1, unplaced)         0.000     2.384    hmatch_best_dist_q_reg[7]_i_2_n_0
                         CARRY4 (Prop_carry4_CI_O[0])
                                                      0.189     2.573 r  hmatch_best_dist_q_reg[10]_i_4/O[0]
                         net (fo=3, unplaced)         0.258     2.831    hmatch_best_dist_q_reg[10]_i_4_n_7
                         LUT5 (Prop_lut5_I4_O)        0.238     3.069 r  hsim_total_q[8]_i_1/O
                         net (fo=1, unplaced)         0.000     3.069    hsim_total_q[8]_i_1_n_0
                         FDCE                                         r  hsim_total_q_reg[8]/D
  -------------------------------------------------------------------    -------------------

                         (clock clk_i rise edge)      8.000     8.000 r  
                                                      0.000     8.000 r  clk_i (IN)
                         net (fo=2885, unset)         0.748     8.748    clk_i
                         FDCE                                         r  hsim_total_q_reg[8]/C
                         clock pessimism              0.000     8.748    
                         clock uncertainty           -0.035     8.712    
                         FDCE (Setup_fdce_C_D)        0.072     8.784    hsim_total_q_reg[8]
  -------------------------------------------------------------------
                         required time                          8.784    
                         arrival time                          -3.069    
  -------------------------------------------------------------------
                         slack                                  5.715    

Slack (MET) :             5.728ns  (required time - arrival time)
  Source:                 hsim_total_q_reg[1]/C
                            (rising edge-triggered cell FDCE clocked by clk_i  {rise@0.000ns fall@4.000ns period=8.000ns})
  Destination:            hsim_total_q_reg[5]/D
                            (rising edge-triggered cell FDCE clocked by clk_i  {rise@0.000ns fall@4.000ns period=8.000ns})
  Path Group:             clk_i
  Path Type:              Setup (Max at Slow Process Corner)
  Requirement:            8.000ns  (clk_i rise@8.000ns - clk_i rise@0.000ns)
  Data Path Delay:        2.269ns  (logic 1.623ns (71.529%)  route 0.646ns (28.471%))
  Logic Levels:           4  (CARRY4=2 LUT2=1 LUT5=1)
  Clock Path Skew:        -0.039ns (DCD - SCD + CPR)
    Destination Clock Delay (DCD):    0.748ns = ( 8.748 - 8.000 ) 
    Source Clock Delay      (SCD):    0.787ns
    Clock Pessimism Removal (CPR):    0.000ns
  Clock Uncertainty:      0.035ns  ((TSJ^2 + TIJ^2)^1/2 + DJ) / 2 + PE
    Total System Jitter     (TSJ):    0.071ns
    Total Input Jitter      (TIJ):    0.000ns
    Discrete Jitter          (DJ):    0.000ns
    Phase Error              (PE):    0.000ns

    Location             Delay type                Incr(ns)  Path(ns)    Netlist Resource(s)
  -------------------------------------------------------------------    -------------------
                         (clock clk_i rise edge)      0.000     0.000 r  
                                                      0.000     0.000 r  clk_i (IN)
                         net (fo=2885, unset)         0.787     0.787    clk_i
                         FDCE                                         r  hsim_total_q_reg[1]/C
  -------------------------------------------------------------------    -------------------
                         FDCE (Prop_fdce_C_Q)         0.433     1.220 r  hsim_total_q_reg[1]/Q
                         net (fo=3, unplaced)         0.380     1.600    hsim_total_q[1]
                         LUT2 (Prop_lut2_I0_O)        0.232     1.832 r  hmatch_best_dist_q[3]_i_5/O
                         net (fo=1, unplaced)         0.000     1.832    hmatch_best_dist_q[3]_i_5_n_0
                         CARRY4 (Prop_carry4_S[1]_CO[3])
                                                      0.444     2.276 r  hmatch_best_dist_q_reg[3]_i_2/CO[3]
                         net (fo=1, unplaced)         0.008     2.284    hmatch_best_dist_q_reg[3]_i_2_n_0
                         CARRY4 (Prop_carry4_CI_O[1])
                                                      0.269     2.553 r  hmatch_best_dist_q_reg[7]_i_2/O[1]
                         net (fo=3, unplaced)         0.258     2.811    hmatch_best_dist_q_reg[7]_i_2_n_6
                         LUT5 (Prop_lut5_I4_O)        0.245     3.056 r  hsim_total_q[5]_i_1/O
                         net (fo=1, unplaced)         0.000     3.056    hsim_total_q[5]_i_1_n_0
                         FDCE                                         r  hsim_total_q_reg[5]/D
  -------------------------------------------------------------------    -------------------

                         (clock clk_i rise edge)      8.000     8.000 r  
                                                      0.000     8.000 r  clk_i (IN)
                         net (fo=2885, unset)         0.748     8.748    clk_i
                         FDCE                                         r  hsim_total_q_reg[5]/C
                         clock pessimism              0.000     8.748    
                         clock uncertainty           -0.035     8.712    
                         FDCE (Setup_fdce_C_D)        0.072     8.784    hsim_total_q_reg[5]
  -------------------------------------------------------------------
                         required time                          8.784    
                         arrival time                          -3.056    
  -------------------------------------------------------------------
                         slack                                  5.728    

Slack (MET) :             5.815ns  (required time - arrival time)
  Source:                 hsim_total_q_reg[1]/C
                            (rising edge-triggered cell FDCE clocked by clk_i  {rise@0.000ns fall@4.000ns period=8.000ns})
  Destination:            hsim_total_q_reg[4]/D
                            (rising edge-triggered cell FDCE clocked by clk_i  {rise@0.000ns fall@4.000ns period=8.000ns})
  Path Group:             clk_i
  Path Type:              Setup (Max at Slow Process Corner)
  Requirement:            8.000ns  (clk_i rise@8.000ns - clk_i rise@0.000ns)
  Data Path Delay:        2.182ns  (logic 1.536ns (70.394%)  route 0.646ns (29.606%))
  Logic Levels:           4  (CARRY4=2 LUT2=1 LUT5=1)
  Clock Path Skew:        -0.039ns (DCD - SCD + CPR)
    Destination Clock Delay (DCD):    0.748ns = ( 8.748 - 8.000 ) 
    Source Clock Delay      (SCD):    0.787ns
    Clock Pessimism Removal (CPR):    0.000ns
  Clock Uncertainty:      0.035ns  ((TSJ^2 + TIJ^2)^1/2 + DJ) / 2 + PE
    Total System Jitter     (TSJ):    0.071ns
    Total Input Jitter      (TIJ):    0.000ns
    Discrete Jitter          (DJ):    0.000ns
    Phase Error              (PE):    0.000ns

    Location             Delay type                Incr(ns)  Path(ns)    Netlist Resource(s)
  -------------------------------------------------------------------    -------------------
                         (clock clk_i rise edge)      0.000     0.000 r  
                                                      0.000     0.000 r  clk_i (IN)
                         net (fo=2885, unset)         0.787     0.787    clk_i
                         FDCE                                         r  hsim_total_q_reg[1]/C
  -------------------------------------------------------------------    -------------------
                         FDCE (Prop_fdce_C_Q)         0.433     1.220 r  hsim_total_q_reg[1]/Q
                         net (fo=3, unplaced)         0.380     1.600    hsim_total_q[1]
                         LUT2 (Prop_lut2_I0_O)        0.232     1.832 r  hmatch_best_dist_q[3]_i_5/O
                         net (fo=1, unplaced)         0.000     1.832    hmatch_best_dist_q[3]_i_5_n_0
                         CARRY4 (Prop_carry4_S[1]_CO[3])
                                                      0.444     2.276 r  hmatch_best_dist_q_reg[3]_i_2/CO[3]
                         net (fo=1, unplaced)         0.008     2.284    hmatch_best_dist_q_reg[3]_i_2_n_0
                         CARRY4 (Prop_carry4_CI_O[0])
                                                      0.189     2.473 r  hmatch_best_dist_q_reg[7]_i_2/O[0]
                         net (fo=3, unplaced)         0.258     2.731    hmatch_best_dist_q_reg[7]_i_2_n_7
                         LUT5 (Prop_lut5_I4_O)        0.238     2.969 r  hsim_total_q[4]_i_1/O
                         net (fo=1, unplaced)         0.000     2.969    hsim_total_q[4]_i_1_n_0
                         FDCE                                         r  hsim_total_q_reg[4]/D
  -------------------------------------------------------------------    -------------------

                         (clock clk_i rise edge)      8.000     8.000 r  
                                                      0.000     8.000 r  clk_i (IN)
                         net (fo=2885, unset)         0.748     8.748    clk_i
                         FDCE                                         r  hsim_total_q_reg[4]/C
                         clock pessimism              0.000     8.748    
                         clock uncertainty           -0.035     8.712    
                         FDCE (Setup_fdce_C_D)        0.072     8.784    hsim_total_q_reg[4]
  -------------------------------------------------------------------
                         required time                          8.784    
                         arrival time                          -2.969    
  -------------------------------------------------------------------
                         slack                                  5.815    

Slack (MET) :             5.861ns  (required time - arrival time)
  Source:                 hsim_total_q_reg[1]/C
                            (rising edge-triggered cell FDCE clocked by clk_i  {rise@0.000ns fall@4.000ns period=8.000ns})
  Destination:            hsim_total_q_reg[2]/D
                            (rising edge-triggered cell FDCE clocked by clk_i  {rise@0.000ns fall@4.000ns period=8.000ns})
  Path Group:             clk_i
  Path Type:              Setup (Max at Slow Process Corner)
  Requirement:            8.000ns  (clk_i rise@8.000ns - clk_i rise@0.000ns)
  Data Path Delay:        2.136ns  (logic 1.389ns (65.028%)  route 0.747ns (34.972%))
  Logic Levels:           3  (CARRY4=1 LUT2=1 LUT5=1)
  Clock Path Skew:        -0.039ns (DCD - SCD + CPR)
    Destination Clock Delay (DCD):    0.748ns = ( 8.748 - 8.000 ) 
    Source Clock Delay      (SCD):    0.787ns
    Clock Pessimism Removal (CPR):    0.000ns
  Clock Uncertainty:      0.035ns  ((TSJ^2 + TIJ^2)^1/2 + DJ) / 2 + PE
    Total System Jitter     (TSJ):    0.071ns
    Total Input Jitter      (TIJ):    0.000ns
    Discrete Jitter          (DJ):    0.000ns
    Phase Error              (PE):    0.000ns

    Location             Delay type                Incr(ns)  Path(ns)    Netlist Resource(s)
  -------------------------------------------------------------------    -------------------
                         (clock clk_i rise edge)      0.000     0.000 r  
                                                      0.000     0.000 r  clk_i (IN)
                         net (fo=2885, unset)         0.787     0.787    clk_i
                         FDCE                                         r  hsim_total_q_reg[1]/C
  -------------------------------------------------------------------    -------------------
                         FDCE (Prop_fdce_C_Q)         0.433     1.220 r  hsim_total_q_reg[1]/Q
                         net (fo=3, unplaced)         0.380     1.600    hsim_total_q[1]
                         LUT2 (Prop_lut2_I0_O)        0.232     1.832 r  hmatch_best_dist_q[3]_i_5/O
                         net (fo=1, unplaced)         0.000     1.832    hmatch_best_dist_q[3]_i_5_n_0
                         CARRY4 (Prop_carry4_S[1]_O[2])
                                                      0.480     2.312 r  hmatch_best_dist_q_reg[3]_i_2/O[2]
                         net (fo=3, unplaced)         0.367     2.679    hmatch_best_dist_q_reg[3]_i_2_n_5
                         LUT5 (Prop_lut5_I4_O)        0.244     2.923 r  hsim_total_q[2]_i_1/O
                         net (fo=1, unplaced)         0.000     2.923    hsim_total_q[2]_i_1_n_0
                         FDCE                                         r  hsim_total_q_reg[2]/D
  -------------------------------------------------------------------    -------------------

                         (clock clk_i rise edge)      8.000     8.000 r  
                                                      0.000     8.000 r  clk_i (IN)
                         net (fo=2885, unset)         0.748     8.748    clk_i
                         FDCE                                         r  hsim_total_q_reg[2]/C
                         clock pessimism              0.000     8.748    
                         clock uncertainty           -0.035     8.712    
                         FDCE (Setup_fdce_C_D)        0.072     8.784    hsim_total_q_reg[2]
  -------------------------------------------------------------------
                         required time                          8.784    
                         arrival time                          -2.923    
  -------------------------------------------------------------------
                         slack                                  5.861    

Slack (MET) :             6.104ns  (required time - arrival time)
  Source:                 hsim_total_q_reg[0]/C
                            (rising edge-triggered cell FDCE clocked by clk_i  {rise@0.000ns fall@4.000ns period=8.000ns})
  Destination:            hsim_total_q_reg[1]/D
                            (rising edge-triggered cell FDCE clocked by clk_i  {rise@0.000ns fall@4.000ns period=8.000ns})
  Path Group:             clk_i
  Path Type:              Setup (Max at Slow Process Corner)
  Requirement:            8.000ns  (clk_i rise@8.000ns - clk_i rise@0.000ns)
  Data Path Delay:        1.893ns  (logic 1.255ns (66.297%)  route 0.638ns (33.703%))
  Logic Levels:           3  (CARRY4=1 LUT2=1 LUT5=1)
  Clock Path Skew:        -0.039ns (DCD - SCD + CPR)
    Destination Clock Delay (DCD):    0.748ns = ( 8.748 - 8.000 ) 
    Source Clock Delay      (SCD):    0.787ns
    Clock Pessimism Removal (CPR):    0.000ns
  Clock Uncertainty:      0.035ns  ((TSJ^2 + TIJ^2)^1/2 + DJ) / 2 + PE
    Total System Jitter     (TSJ):    0.071ns
    Total Input Jitter      (TIJ):    0.000ns
    Discrete Jitter          (DJ):    0.000ns
    Phase Error              (PE):    0.000ns

    Location             Delay type                Incr(ns)  Path(ns)    Netlist Resource(s)
  -------------------------------------------------------------------    -------------------
                         (clock clk_i rise edge)      0.000     0.000 r  
                                                      0.000     0.000 r  clk_i (IN)
                         net (fo=2885, unset)         0.787     0.787    clk_i
                         FDCE                                         r  hsim_total_q_reg[0]/C
  -------------------------------------------------------------------    -------------------
                         FDCE (Prop_fdce_C_Q)         0.433     1.220 r  hsim_total_q_reg[0]/Q
                         net (fo=3, unplaced)         0.380     1.600    hsim_total_q[0]
                         LUT2 (Prop_lut2_I0_O)        0.232     1.832 r  hmatch_best_dist_q[3]_i_6/O
                         net (fo=1, unplaced)         0.000     1.832    hmatch_best_dist_q[3]_i_6_n_0
                         CARRY4 (Prop_carry4_S[0]_O[1])
                                                      0.345     2.177 r  hmatch_best_dist_q_reg[3]_i_2/O[1]
                         net (fo=3, unplaced)         0.258     2.435    hmatch_best_dist_q_reg[3]_i_2_n_6
                         LUT5 (Prop_lut5_I4_O)        0.245     2.680 r  hsim_total_q[1]_i_1/O
                         net (fo=1, unplaced)         0.000     2.680    hsim_total_q[1]_i_1_n_0
                         FDCE                                         r  hsim_total_q_reg[1]/D
  -------------------------------------------------------------------    -------------------

                         (clock clk_i rise edge)      8.000     8.000 r  
                                                      0.000     8.000 r  clk_i (IN)
                         net (fo=2885, unset)         0.748     8.748    clk_i
                         FDCE                                         r  hsim_total_q_reg[1]/C
                         clock pessimism              0.000     8.748    
                         clock uncertainty           -0.035     8.712    
                         FDCE (Setup_fdce_C_D)        0.072     8.784    hsim_total_q_reg[1]
  -------------------------------------------------------------------
                         required time                          8.784    
                         arrival time                          -2.680    
  -------------------------------------------------------------------
                         slack                                  6.104    

Slack (MET) :             6.246ns  (required time - arrival time)
  Source:                 hsim_total_q_reg[0]/C
                            (rising edge-triggered cell FDCE clocked by clk_i  {rise@0.000ns fall@4.000ns period=8.000ns})
  Destination:            hsim_total_q_reg[0]/D
                            (rising edge-triggered cell FDCE clocked by clk_i  {rise@0.000ns fall@4.000ns period=8.000ns})
  Path Group:             clk_i
  Path Type:              Setup (Max at Slow Process Corner)
  Requirement:            8.000ns  (clk_i rise@8.000ns - clk_i rise@0.000ns)
  Data Path Delay:        1.751ns  (logic 1.113ns (63.564%)  route 0.638ns (36.436%))
  Logic Levels:           3  (CARRY4=1 LUT2=1 LUT5=1)
  Clock Path Skew:        -0.039ns (DCD - SCD + CPR)
    Destination Clock Delay (DCD):    0.748ns = ( 8.748 - 8.000 ) 
    Source Clock Delay      (SCD):    0.787ns
    Clock Pessimism Removal (CPR):    0.000ns
  Clock Uncertainty:      0.035ns  ((TSJ^2 + TIJ^2)^1/2 + DJ) / 2 + PE
    Total System Jitter     (TSJ):    0.071ns
    Total Input Jitter      (TIJ):    0.000ns
    Discrete Jitter          (DJ):    0.000ns
    Phase Error              (PE):    0.000ns

    Location             Delay type                Incr(ns)  Path(ns)    Netlist Resource(s)
  -------------------------------------------------------------------    -------------------
                         (clock clk_i rise edge)      0.000     0.000 r  
                                                      0.000     0.000 r  clk_i (IN)
                         net (fo=2885, unset)         0.787     0.787    clk_i
                         FDCE                                         r  hsim_total_q_reg[0]/C
  -------------------------------------------------------------------    -------------------
                         FDCE (Prop_fdce_C_Q)         0.433     1.220 r  hsim_total_q_reg[0]/Q
                         net (fo=3, unplaced)         0.380     1.600    hsim_total_q[0]
                         LUT2 (Prop_lut2_I0_O)        0.232     1.832 r  hmatch_best_dist_q[3]_i_6/O
                         net (fo=1, unplaced)         0.000     1.832    hmatch_best_dist_q[3]_i_6_n_0
                         CARRY4 (Prop_carry4_S[0]_O[0])
                                                      0.210     2.042 r  hmatch_best_dist_q_reg[3]_i_2/O[0]
                         net (fo=3, unplaced)         0.258     2.300    hmatch_best_dist_q_reg[3]_i_2_n_7
                         LUT5 (Prop_lut5_I4_O)        0.238     2.538 r  hsim_total_q[0]_i_1/O
                         net (fo=1, unplaced)         0.000     2.538    hsim_total_q[0]_i_1_n_0
                         FDCE                                         r  hsim_total_q_reg[0]/D
  -------------------------------------------------------------------    -------------------

                         (clock clk_i rise edge)      8.000     8.000 r  
                                                      0.000     8.000 r  clk_i (IN)
                         net (fo=2885, unset)         0.748     8.748    clk_i
                         FDCE                                         r  hsim_total_q_reg[0]/C
                         clock pessimism              0.000     8.748    
                         clock uncertainty           -0.035     8.712    
                         FDCE (Setup_fdce_C_D)        0.072     8.784    hsim_total_q_reg[0]
  -------------------------------------------------------------------
                         required time                          8.784    
                         arrival time                          -2.538    
  -------------------------------------------------------------------
                         slack                                  6.246    




