Copyright 1986-2022 Xilinx, Inc. All Rights Reserved. Copyright 2022-2024 Advanced Micro Devices, Inc. All Rights Reserved.
-----------------------------------------------------------------------------------------------------------------------------------------------------------------------------------------------------------------------------------------------------------------------------------------------------------------------------------------------------------------
| Tool Version : Vivado v.2024.2 (win64) Build 5239630 Fri Nov 08 22:35:27 MST 2024
| Date         : Sun Jun  7 12:00:43 2026
| Host         : WIN-20240824NZS running 64-bit major release  (build 9200)
| Command      : report_timing -delay_type max -sort_by slack -max_paths 20 -nworst 1 -from [get_pins -quiet -of_objects {i_vrf/lane_result_q[3][8]_i_7/I2} -filter {DIRECTION == OUT}] -to {i_vrf/lane_result_q[3][8]_i_7/I2} -file E:/HDEC/cva6-vhdc-core/reports/vivado/ooc_hdec_hmatch_countdown_v1_ff838841/125mhz/groups/04c_hsim_total_to_hmatch_best.rpt
| Design       : hdec_top
| Device       : 7z020-clg400
| Speed File   : -2  PRODUCTION 1.12 2019-11-22
| Design State : Synthesized
-----------------------------------------------------------------------------------------------------------------------------------------------------------------------------------------------------------------------------------------------------------------------------------------------------------------------------------------------------------------

Timing Report

Slack (MET) :             5.340ns  (required time - arrival time)
  Source:                 hsim_total_q_reg[1]/C
                            (rising edge-triggered cell FDCE clocked by clk_i  {rise@0.000ns fall@4.000ns period=8.000ns})
  Destination:            hmatch_best_dist_q_reg[10]/D
                            (rising edge-triggered cell FDCE clocked by clk_i  {rise@0.000ns fall@4.000ns period=8.000ns})
  Path Group:             clk_i
  Path Type:              Setup (Max at Slow Process Corner)
  Requirement:            8.000ns  (clk_i rise@8.000ns - clk_i rise@0.000ns)
  Data Path Delay:        2.657ns  (logic 1.667ns (62.740%)  route 0.990ns (37.260%))
  Logic Levels:           5  (CARRY4=3 LUT2=1 LUT5=1)
  Clock Path Skew:        -0.039ns (DCD - SCD + CPR)
    Destination Clock Delay (DCD):    0.748ns = ( 8.748 - 8.000 ) 
    Source Clock Delay      (SCD):    0.787ns
    Clock Pessimism Removal (CPR):    0.000ns
  Clock Uncertainty:      0.035ns  ((TSJ^2 + TIJ^2)^1/2 + DJ) / 2 + PE
    Total System Jitter     (TSJ):    0.071ns
    Total Input Jitter      (TIJ):    0.000ns
    Discrete Jitter          (DJ):    0.000ns
    Phase Error              (PE):    0.000ns

    Location             Delay type                Incr(ns)  Path(ns)    Netlist Resource(s)
  -------------------------------------------------------------------    -------------------
                         (clock clk_i rise edge)      0.000     0.000 r  
                                                      0.000     0.000 r  clk_i (IN)
                         net (fo=2885, unset)         0.787     0.787    clk_i
                         FDCE                                         r  hsim_total_q_reg[1]/C
  -------------------------------------------------------------------    -------------------
                         FDCE (Prop_fdce_C_Q)         0.433     1.220 r  hsim_total_q_reg[1]/Q
                         net (fo=3, unplaced)         0.380     1.600    hsim_total_q[1]
                         LUT2 (Prop_lut2_I0_O)        0.232     1.832 r  hmatch_best_dist_q[3]_i_5/O
                         net (fo=1, unplaced)         0.000     1.832    hmatch_best_dist_q[3]_i_5_n_0
                         CARRY4 (Prop_carry4_S[1]_CO[3])
                                                      0.444     2.276 r  hmatch_best_dist_q_reg[3]_i_2/CO[3]
                         net (fo=1, unplaced)         0.008     2.284    hmatch_best_dist_q_reg[3]_i_2_n_0
                         CARRY4 (Prop_carry4_CI_CO[3])
                                                      0.100     2.384 r  hmatch_best_dist_q_reg[7]_i_2/CO[3]
                         net (fo=1, unplaced)         0.000     2.384    hmatch_best_dist_q_reg[7]_i_2_n_0
                         CARRY4 (Prop_carry4_CI_O[2])
                                                      0.214     2.598 r  hmatch_best_dist_q_reg[10]_i_4/O[2]
                         net (fo=3, unplaced)         0.602     3.200    hmatch_best_dist_q_reg[10]_i_4_n_5
                         LUT5 (Prop_lut5_I3_O)        0.244     3.444 r  hmatch_best_dist_q[10]_i_2/O
                         net (fo=1, unplaced)         0.000     3.444    hmatch_best_dist_q[10]_i_2_n_0
                         FDCE                                         r  hmatch_best_dist_q_reg[10]/D
  -------------------------------------------------------------------    -------------------

                         (clock clk_i rise edge)      8.000     8.000 r  
                                                      0.000     8.000 r  clk_i (IN)
                         net (fo=2885, unset)         0.748     8.748    clk_i
                         FDCE                                         r  hmatch_best_dist_q_reg[10]/C
                         clock pessimism              0.000     8.748    
                         clock uncertainty           -0.035     8.712    
                         FDCE (Setup_fdce_C_D)        0.072     8.784    hmatch_best_dist_q_reg[10]
  -------------------------------------------------------------------
                         required time                          8.784    
                         arrival time                          -3.444    
  -------------------------------------------------------------------
                         slack                                  5.340    

Slack (MET) :             5.356ns  (required time - arrival time)
  Source:                 hsim_total_q_reg[1]/C
                            (rising edge-triggered cell FDCE clocked by clk_i  {rise@0.000ns fall@4.000ns period=8.000ns})
  Destination:            hmatch_best_dist_q_reg[8]/D
                            (rising edge-triggered cell FDCE clocked by clk_i  {rise@0.000ns fall@4.000ns period=8.000ns})
  Path Group:             clk_i
  Path Type:              Setup (Max at Slow Process Corner)
  Requirement:            8.000ns  (clk_i rise@8.000ns - clk_i rise@0.000ns)
  Data Path Delay:        2.641ns  (logic 1.636ns (61.946%)  route 1.005ns (38.054%))
  Logic Levels:           5  (CARRY4=3 LUT2=1 LUT4=1)
  Clock Path Skew:        -0.039ns (DCD - SCD + CPR)
    Destination Clock Delay (DCD):    0.748ns = ( 8.748 - 8.000 ) 
    Source Clock Delay      (SCD):    0.787ns
    Clock Pessimism Removal (CPR):    0.000ns
  Clock Uncertainty:      0.035ns  ((TSJ^2 + TIJ^2)^1/2 + DJ) / 2 + PE
    Total System Jitter     (TSJ):    0.071ns
    Total Input Jitter      (TIJ):    0.000ns
    Discrete Jitter          (DJ):    0.000ns
    Phase Error              (PE):    0.000ns

    Location             Delay type                Incr(ns)  Path(ns)    Netlist Resource(s)
  -------------------------------------------------------------------    -------------------
                         (clock clk_i rise edge)      0.000     0.000 r  
                                                      0.000     0.000 r  clk_i (IN)
                         net (fo=2885, unset)         0.787     0.787    clk_i
                         FDCE                                         r  hsim_total_q_reg[1]/C
  -------------------------------------------------------------------    -------------------
                         FDCE (Prop_fdce_C_Q)         0.433     1.220 r  hsim_total_q_reg[1]/Q
                         net (fo=3, unplaced)         0.380     1.600    hsim_total_q[1]
                         LUT2 (Prop_lut2_I0_O)        0.232     1.832 r  hmatch_best_dist_q[3]_i_5/O
                         net (fo=1, unplaced)         0.000     1.832    hmatch_best_dist_q[3]_i_5_n_0
                         CARRY4 (Prop_carry4_S[1]_CO[3])
                                                      0.444     2.276 r  hmatch_best_dist_q_reg[3]_i_2/CO[3]
                         net (fo=1, unplaced)         0.008     2.284    hmatch_best_dist_q_reg[3]_i_2_n_0
                         CARRY4 (Prop_carry4_CI_CO[3])
                                                      0.100     2.384 r  hmatch_best_dist_q_reg[7]_i_2/CO[3]
                         net (fo=1, unplaced)         0.000     2.384    hmatch_best_dist_q_reg[7]_i_2_n_0
                         CARRY4 (Prop_carry4_CI_O[0])
                                                      0.189     2.573 r  hmatch_best_dist_q_reg[10]_i_4/O[0]
                         net (fo=3, unplaced)         0.617     3.190    hmatch_best_dist_q_reg[10]_i_4_n_7
                         LUT4 (Prop_lut4_I0_O)        0.238     3.428 r  hmatch_best_dist_q[8]_i_1/O
                         net (fo=1, unplaced)         0.000     3.428    hmatch_best_dist_q[8]_i_1_n_0
                         FDCE                                         r  hmatch_best_dist_q_reg[8]/D
  -------------------------------------------------------------------    -------------------

                         (clock clk_i rise edge)      8.000     8.000 r  
                                                      0.000     8.000 r  clk_i (IN)
                         net (fo=2885, unset)         0.748     8.748    clk_i
                         FDCE                                         r  hmatch_best_dist_q_reg[8]/C
                         clock pessimism              0.000     8.748    
                         clock uncertainty           -0.035     8.712    
                         FDCE (Setup_fdce_C_D)        0.072     8.784    hmatch_best_dist_q_reg[8]
  -------------------------------------------------------------------
                         required time                          8.784    
                         arrival time                          -3.428    
  -------------------------------------------------------------------
                         slack                                  5.356    

Slack (MET) :             5.393ns  (required time - arrival time)
  Source:                 hsim_total_q_reg[1]/C
                            (rising edge-triggered cell FDCE clocked by clk_i  {rise@0.000ns fall@4.000ns period=8.000ns})
  Destination:            hmatch_best_dist_q_reg[9]/D
                            (rising edge-triggered cell FDCE clocked by clk_i  {rise@0.000ns fall@4.000ns period=8.000ns})
  Path Group:             clk_i
  Path Type:              Setup (Max at Slow Process Corner)
  Requirement:            8.000ns  (clk_i rise@8.000ns - clk_i rise@0.000ns)
  Data Path Delay:        2.604ns  (logic 1.723ns (66.167%)  route 0.881ns (33.833%))
  Logic Levels:           5  (CARRY4=3 LUT2=1 LUT4=1)
  Clock Path Skew:        -0.039ns (DCD - SCD + CPR)
    Destination Clock Delay (DCD):    0.748ns = ( 8.748 - 8.000 ) 
    Source Clock Delay      (SCD):    0.787ns
    Clock Pessimism Removal (CPR):    0.000ns
  Clock Uncertainty:      0.035ns  ((TSJ^2 + TIJ^2)^1/2 + DJ) / 2 + PE
    Total System Jitter     (TSJ):    0.071ns
    Total Input Jitter      (TIJ):    0.000ns
    Discrete Jitter          (DJ):    0.000ns
    Phase Error              (PE):    0.000ns

    Location             Delay type                Incr(ns)  Path(ns)    Netlist Resource(s)
  -------------------------------------------------------------------    -------------------
                         (clock clk_i rise edge)      0.000     0.000 r  
                                                      0.000     0.000 r  clk_i (IN)
                         net (fo=2885, unset)         0.787     0.787    clk_i
                         FDCE                                         r  hsim_total_q_reg[1]/C
  -------------------------------------------------------------------    -------------------
                         FDCE (Prop_fdce_C_Q)         0.433     1.220 r  hsim_total_q_reg[1]/Q
                         net (fo=3, unplaced)         0.380     1.600    hsim_total_q[1]
                         LUT2 (Prop_lut2_I0_O)        0.232     1.832 r  hmatch_best_dist_q[3]_i_5/O
                         net (fo=1, unplaced)         0.000     1.832    hmatch_best_dist_q[3]_i_5_n_0
                         CARRY4 (Prop_carry4_S[1]_CO[3])
                                                      0.444     2.276 r  hmatch_best_dist_q_reg[3]_i_2/CO[3]
                         net (fo=1, unplaced)         0.008     2.284    hmatch_best_dist_q_reg[3]_i_2_n_0
                         CARRY4 (Prop_carry4_CI_CO[3])
                                                      0.100     2.384 r  hmatch_best_dist_q_reg[7]_i_2/CO[3]
                         net (fo=1, unplaced)         0.000     2.384    hmatch_best_dist_q_reg[7]_i_2_n_0
                         CARRY4 (Prop_carry4_CI_O[1])
                                                      0.269     2.653 r  hmatch_best_dist_q_reg[10]_i_4/O[1]
                         net (fo=3, unplaced)         0.493     3.146    hmatch_best_dist_q_reg[10]_i_4_n_6
                         LUT4 (Prop_lut4_I0_O)        0.245     3.391 r  hmatch_best_dist_q[9]_i_1/O
                         net (fo=1, unplaced)         0.000     3.391    hmatch_best_dist_q[9]_i_1_n_0
                         FDCE                                         r  hmatch_best_dist_q_reg[9]/D
  -------------------------------------------------------------------    -------------------

                         (clock clk_i rise edge)      8.000     8.000 r  
                                                      0.000     8.000 r  clk_i (IN)
                         net (fo=2885, unset)         0.748     8.748    clk_i
                         FDCE                                         r  hmatch_best_dist_q_reg[9]/C
                         clock pessimism              0.000     8.748    
                         clock uncertainty           -0.035     8.712    
                         FDCE (Setup_fdce_C_D)        0.072     8.784    hmatch_best_dist_q_reg[9]
  -------------------------------------------------------------------
                         required time                          8.784    
                         arrival time                          -3.391    
  -------------------------------------------------------------------
                         slack                                  5.393    

Slack (MET) :             5.440ns  (required time - arrival time)
  Source:                 hsim_total_q_reg[1]/C
                            (rising edge-triggered cell FDCE clocked by clk_i  {rise@0.000ns fall@4.000ns period=8.000ns})
  Destination:            hmatch_best_dist_q_reg[6]/D
                            (rising edge-triggered cell FDCE clocked by clk_i  {rise@0.000ns fall@4.000ns period=8.000ns})
  Path Group:             clk_i
  Path Type:              Setup (Max at Slow Process Corner)
  Requirement:            8.000ns  (clk_i rise@8.000ns - clk_i rise@0.000ns)
  Data Path Delay:        2.557ns  (logic 1.567ns (61.283%)  route 0.990ns (38.717%))
  Logic Levels:           4  (CARRY4=2 LUT2=1 LUT4=1)
  Clock Path Skew:        -0.039ns (DCD - SCD + CPR)
    Destination Clock Delay (DCD):    0.748ns = ( 8.748 - 8.000 ) 
    Source Clock Delay      (SCD):    0.787ns
    Clock Pessimism Removal (CPR):    0.000ns
  Clock Uncertainty:      0.035ns  ((TSJ^2 + TIJ^2)^1/2 + DJ) / 2 + PE
    Total System Jitter     (TSJ):    0.071ns
    Total Input Jitter      (TIJ):    0.000ns
    Discrete Jitter          (DJ):    0.000ns
    Phase Error              (PE):    0.000ns

    Location             Delay type                Incr(ns)  Path(ns)    Netlist Resource(s)
  -------------------------------------------------------------------    -------------------
                         (clock clk_i rise edge)      0.000     0.000 r  
                                                      0.000     0.000 r  clk_i (IN)
                         net (fo=2885, unset)         0.787     0.787    clk_i
                         FDCE                                         r  hsim_total_q_reg[1]/C
  -------------------------------------------------------------------    -------------------
                         FDCE (Prop_fdce_C_Q)         0.433     1.220 r  hsim_total_q_reg[1]/Q
                         net (fo=3, unplaced)         0.380     1.600    hsim_total_q[1]
                         LUT2 (Prop_lut2_I0_O)        0.232     1.832 r  hmatch_best_dist_q[3]_i_5/O
                         net (fo=1, unplaced)         0.000     1.832    hmatch_best_dist_q[3]_i_5_n_0
                         CARRY4 (Prop_carry4_S[1]_CO[3])
                                                      0.444     2.276 r  hmatch_best_dist_q_reg[3]_i_2/CO[3]
                         net (fo=1, unplaced)         0.008     2.284    hmatch_best_dist_q_reg[3]_i_2_n_0
                         CARRY4 (Prop_carry4_CI_O[2])
                                                      0.214     2.498 r  hmatch_best_dist_q_reg[7]_i_2/O[2]
                         net (fo=3, unplaced)         0.602     3.100    hmatch_best_dist_q_reg[7]_i_2_n_5
                         LUT4 (Prop_lut4_I0_O)        0.244     3.344 r  hmatch_best_dist_q[6]_i_1/O
                         net (fo=1, unplaced)         0.000     3.344    hmatch_best_dist_q[6]_i_1_n_0
                         FDCE                                         r  hmatch_best_dist_q_reg[6]/D
  -------------------------------------------------------------------    -------------------

                         (clock clk_i rise edge)      8.000     8.000 r  
                                                      0.000     8.000 r  clk_i (IN)
                         net (fo=2885, unset)         0.748     8.748    clk_i
                         FDCE                                         r  hmatch_best_dist_q_reg[6]/C
                         clock pessimism              0.000     8.748    
                         clock uncertainty           -0.035     8.712    
                         FDCE (Setup_fdce_C_D)        0.072     8.784    hmatch_best_dist_q_reg[6]
  -------------------------------------------------------------------
                         required time                          8.784    
                         arrival time                          -3.344    
  -------------------------------------------------------------------
                         slack                                  5.440    

Slack (MET) :             5.456ns  (required time - arrival time)
  Source:                 hsim_total_q_reg[1]/C
                            (rising edge-triggered cell FDCE clocked by clk_i  {rise@0.000ns fall@4.000ns period=8.000ns})
  Destination:            hmatch_best_dist_q_reg[4]/D
                            (rising edge-triggered cell FDCE clocked by clk_i  {rise@0.000ns fall@4.000ns period=8.000ns})
  Path Group:             clk_i
  Path Type:              Setup (Max at Slow Process Corner)
  Requirement:            8.000ns  (clk_i rise@8.000ns - clk_i rise@0.000ns)
  Data Path Delay:        2.541ns  (logic 1.536ns (60.449%)  route 1.005ns (39.551%))
  Logic Levels:           4  (CARRY4=2 LUT2=1 LUT4=1)
  Clock Path Skew:        -0.039ns (DCD - SCD + CPR)
    Destination Clock Delay (DCD):    0.748ns = ( 8.748 - 8.000 ) 
    Source Clock Delay      (SCD):    0.787ns
    Clock Pessimism Removal (CPR):    0.000ns
  Clock Uncertainty:      0.035ns  ((TSJ^2 + TIJ^2)^1/2 + DJ) / 2 + PE
    Total System Jitter     (TSJ):    0.071ns
    Total Input Jitter      (TIJ):    0.000ns
    Discrete Jitter          (DJ):    0.000ns
    Phase Error              (PE):    0.000ns

    Location             Delay type                Incr(ns)  Path(ns)    Netlist Resource(s)
  -------------------------------------------------------------------    -------------------
                         (clock clk_i rise edge)      0.000     0.000 r  
                                                      0.000     0.000 r  clk_i (IN)
                         net (fo=2885, unset)         0.787     0.787    clk_i
                         FDCE                                         r  hsim_total_q_reg[1]/C
  -------------------------------------------------------------------    -------------------
                         FDCE (Prop_fdce_C_Q)         0.433     1.220 r  hsim_total_q_reg[1]/Q
                         net (fo=3, unplaced)         0.380     1.600    hsim_total_q[1]
                         LUT2 (Prop_lut2_I0_O)        0.232     1.832 r  hmatch_best_dist_q[3]_i_5/O
                         net (fo=1, unplaced)         0.000     1.832    hmatch_best_dist_q[3]_i_5_n_0
                         CARRY4 (Prop_carry4_S[1]_CO[3])
                                                      0.444     2.276 r  hmatch_best_dist_q_reg[3]_i_2/CO[3]
                         net (fo=1, unplaced)         0.008     2.284    hmatch_best_dist_q_reg[3]_i_2_n_0
                         CARRY4 (Prop_carry4_CI_O[0])
                                                      0.189     2.473 r  hmatch_best_dist_q_reg[7]_i_2/O[0]
                         net (fo=3, unplaced)         0.617     3.090    hmatch_best_dist_q_reg[7]_i_2_n_7
                         LUT4 (Prop_lut4_I0_O)        0.238     3.328 r  hmatch_best_dist_q[4]_i_1/O
                         net (fo=1, unplaced)         0.000     3.328    hmatch_best_dist_q[4]_i_1_n_0
                         FDCE                                         r  hmatch_best_dist_q_reg[4]/D
  -------------------------------------------------------------------    -------------------

                         (clock clk_i rise edge)      8.000     8.000 r  
                                                      0.000     8.000 r  clk_i (IN)
                         net (fo=2885, unset)         0.748     8.748    clk_i
                         FDCE                                         r  hmatch_best_dist_q_reg[4]/C
                         clock pessimism              0.000     8.748    
                         clock uncertainty           -0.035     8.712    
                         FDCE (Setup_fdce_C_D)        0.072     8.784    hmatch_best_dist_q_reg[4]
  -------------------------------------------------------------------
                         required time                          8.784    
                         arrival time                          -3.328    
  -------------------------------------------------------------------
                         slack                                  5.456    

Slack (MET) :             5.479ns  (required time - arrival time)
  Source:                 hsim_total_q_reg[1]/C
                            (rising edge-triggered cell FDCE clocked by clk_i  {rise@0.000ns fall@4.000ns period=8.000ns})
  Destination:            hmatch_best_dist_q_reg[7]/D
                            (rising edge-triggered cell FDCE clocked by clk_i  {rise@0.000ns fall@4.000ns period=8.000ns})
  Path Group:             clk_i
  Path Type:              Setup (Max at Slow Process Corner)
  Requirement:            8.000ns  (clk_i rise@8.000ns - clk_i rise@0.000ns)
  Data Path Delay:        2.518ns  (logic 1.636ns (64.972%)  route 0.882ns (35.028%))
  Logic Levels:           4  (CARRY4=2 LUT2=1 LUT4=1)
  Clock Path Skew:        -0.039ns (DCD - SCD + CPR)
    Destination Clock Delay (DCD):    0.748ns = ( 8.748 - 8.000 ) 
    Source Clock Delay      (SCD):    0.787ns
    Clock Pessimism Removal (CPR):    0.000ns
  Clock Uncertainty:      0.035ns  ((TSJ^2 + TIJ^2)^1/2 + DJ) / 2 + PE
    Total System Jitter     (TSJ):    0.071ns
    Total Input Jitter      (TIJ):    0.000ns
    Discrete Jitter          (DJ):    0.000ns
    Phase Error              (PE):    0.000ns

    Location             Delay type                Incr(ns)  Path(ns)    Netlist Resource(s)
  -------------------------------------------------------------------    -------------------
                         (clock clk_i rise edge)      0.000     0.000 r  
                                                      0.000     0.000 r  clk_i (IN)
                         net (fo=2885, unset)         0.787     0.787    clk_i
                         FDCE                                         r  hsim_total_q_reg[1]/C
  -------------------------------------------------------------------    -------------------
                         FDCE (Prop_fdce_C_Q)         0.433     1.220 r  hsim_total_q_reg[1]/Q
                         net (fo=3, unplaced)         0.380     1.600    hsim_total_q[1]
                         LUT2 (Prop_lut2_I0_O)        0.232     1.832 r  hmatch_best_dist_q[3]_i_5/O
                         net (fo=1, unplaced)         0.000     1.832    hmatch_best_dist_q[3]_i_5_n_0
                         CARRY4 (Prop_carry4_S[1]_CO[3])
                                                      0.444     2.276 r  hmatch_best_dist_q_reg[3]_i_2/CO[3]
                         net (fo=1, unplaced)         0.008     2.284    hmatch_best_dist_q_reg[3]_i_2_n_0
                         CARRY4 (Prop_carry4_CI_O[3])
                                                      0.277     2.561 r  hmatch_best_dist_q_reg[7]_i_2/O[3]
                         net (fo=3, unplaced)         0.494     3.055    hmatch_best_dist_q_reg[7]_i_2_n_4
                         LUT4 (Prop_lut4_I0_O)        0.250     3.305 r  hmatch_best_dist_q[7]_i_1/O
                         net (fo=1, unplaced)         0.000     3.305    hmatch_best_dist_q[7]_i_1_n_0
                         FDCE                                         r  hmatch_best_dist_q_reg[7]/D
  -------------------------------------------------------------------    -------------------

                         (clock clk_i rise edge)      8.000     8.000 r  
                                                      0.000     8.000 r  clk_i (IN)
                         net (fo=2885, unset)         0.748     8.748    clk_i
                         FDCE                                         r  hmatch_best_dist_q_reg[7]/C
                         clock pessimism              0.000     8.748    
                         clock uncertainty           -0.035     8.712    
                         FDCE (Setup_fdce_C_D)        0.072     8.784    hmatch_best_dist_q_reg[7]
  -------------------------------------------------------------------
                         required time                          8.784    
                         arrival time                          -3.305    
  -------------------------------------------------------------------
                         slack                                  5.479    

Slack (MET) :             5.493ns  (required time - arrival time)
  Source:                 hsim_total_q_reg[1]/C
                            (rising edge-triggered cell FDCE clocked by clk_i  {rise@0.000ns fall@4.000ns period=8.000ns})
  Destination:            hmatch_best_dist_q_reg[5]/D
                            (rising edge-triggered cell FDCE clocked by clk_i  {rise@0.000ns fall@4.000ns period=8.000ns})
  Path Group:             clk_i
  Path Type:              Setup (Max at Slow Process Corner)
  Requirement:            8.000ns  (clk_i rise@8.000ns - clk_i rise@0.000ns)
  Data Path Delay:        2.504ns  (logic 1.623ns (64.816%)  route 0.881ns (35.184%))
  Logic Levels:           4  (CARRY4=2 LUT2=1 LUT4=1)
  Clock Path Skew:        -0.039ns (DCD - SCD + CPR)
    Destination Clock Delay (DCD):    0.748ns = ( 8.748 - 8.000 ) 
    Source Clock Delay      (SCD):    0.787ns
    Clock Pessimism Removal (CPR):    0.000ns
  Clock Uncertainty:      0.035ns  ((TSJ^2 + TIJ^2)^1/2 + DJ) / 2 + PE
    Total System Jitter     (TSJ):    0.071ns
    Total Input Jitter      (TIJ):    0.000ns
    Discrete Jitter          (DJ):    0.000ns
    Phase Error              (PE):    0.000ns

    Location             Delay type                Incr(ns)  Path(ns)    Netlist Resource(s)
  -------------------------------------------------------------------    -------------------
                         (clock clk_i rise edge)      0.000     0.000 r  
                                                      0.000     0.000 r  clk_i (IN)
                         net (fo=2885, unset)         0.787     0.787    clk_i
                         FDCE                                         r  hsim_total_q_reg[1]/C
  -------------------------------------------------------------------    -------------------
                         FDCE (Prop_fdce_C_Q)         0.433     1.220 r  hsim_total_q_reg[1]/Q
                         net (fo=3, unplaced)         0.380     1.600    hsim_total_q[1]
                         LUT2 (Prop_lut2_I0_O)        0.232     1.832 r  hmatch_best_dist_q[3]_i_5/O
                         net (fo=1, unplaced)         0.000     1.832    hmatch_best_dist_q[3]_i_5_n_0
                         CARRY4 (Prop_carry4_S[1]_CO[3])
                                                      0.444     2.276 r  hmatch_best_dist_q_reg[3]_i_2/CO[3]
                         net (fo=1, unplaced)         0.008     2.284    hmatch_best_dist_q_reg[3]_i_2_n_0
                         CARRY4 (Prop_carry4_CI_O[1])
                                                      0.269     2.553 r  hmatch_best_dist_q_reg[7]_i_2/O[1]
                         net (fo=3, unplaced)         0.493     3.046    hmatch_best_dist_q_reg[7]_i_2_n_6
                         LUT4 (Prop_lut4_I0_O)        0.245     3.291 r  hmatch_best_dist_q[5]_i_1/O
                         net (fo=1, unplaced)         0.000     3.291    hmatch_best_dist_q[5]_i_1_n_0
                         FDCE                                         r  hmatch_best_dist_q_reg[5]/D
  -------------------------------------------------------------------    -------------------

                         (clock clk_i rise edge)      8.000     8.000 r  
                                                      0.000     8.000 r  clk_i (IN)
                         net (fo=2885, unset)         0.748     8.748    clk_i
                         FDCE                                         r  hmatch_best_dist_q_reg[5]/C
                         clock pessimism              0.000     8.748    
                         clock uncertainty           -0.035     8.712    
                         FDCE (Setup_fdce_C_D)        0.072     8.784    hmatch_best_dist_q_reg[5]
  -------------------------------------------------------------------
                         required time                          8.784    
                         arrival time                          -3.291    
  -------------------------------------------------------------------
                         slack                                  5.493    

Slack (MET) :             5.626ns  (required time - arrival time)
  Source:                 hsim_total_q_reg[1]/C
                            (rising edge-triggered cell FDCE clocked by clk_i  {rise@0.000ns fall@4.000ns period=8.000ns})
  Destination:            hmatch_best_dist_q_reg[2]/D
                            (rising edge-triggered cell FDCE clocked by clk_i  {rise@0.000ns fall@4.000ns period=8.000ns})
  Path Group:             clk_i
  Path Type:              Setup (Max at Slow Process Corner)
  Requirement:            8.000ns  (clk_i rise@8.000ns - clk_i rise@0.000ns)
  Data Path Delay:        2.371ns  (logic 1.389ns (58.583%)  route 0.982ns (41.417%))
  Logic Levels:           3  (CARRY4=1 LUT2=1 LUT4=1)
  Clock Path Skew:        -0.039ns (DCD - SCD + CPR)
    Destination Clock Delay (DCD):    0.748ns = ( 8.748 - 8.000 ) 
    Source Clock Delay      (SCD):    0.787ns
    Clock Pessimism Removal (CPR):    0.000ns
  Clock Uncertainty:      0.035ns  ((TSJ^2 + TIJ^2)^1/2 + DJ) / 2 + PE
    Total System Jitter     (TSJ):    0.071ns
    Total Input Jitter      (TIJ):    0.000ns
    Discrete Jitter          (DJ):    0.000ns
    Phase Error              (PE):    0.000ns

    Location             Delay type                Incr(ns)  Path(ns)    Netlist Resource(s)
  -------------------------------------------------------------------    -------------------
                         (clock clk_i rise edge)      0.000     0.000 r  
                                                      0.000     0.000 r  clk_i (IN)
                         net (fo=2885, unset)         0.787     0.787    clk_i
                         FDCE                                         r  hsim_total_q_reg[1]/C
  -------------------------------------------------------------------    -------------------
                         FDCE (Prop_fdce_C_Q)         0.433     1.220 r  hsim_total_q_reg[1]/Q
                         net (fo=3, unplaced)         0.380     1.600    hsim_total_q[1]
                         LUT2 (Prop_lut2_I0_O)        0.232     1.832 r  hmatch_best_dist_q[3]_i_5/O
                         net (fo=1, unplaced)         0.000     1.832    hmatch_best_dist_q[3]_i_5_n_0
                         CARRY4 (Prop_carry4_S[1]_O[2])
                                                      0.480     2.312 r  hmatch_best_dist_q_reg[3]_i_2/O[2]
                         net (fo=3, unplaced)         0.602     2.914    hmatch_best_dist_q_reg[3]_i_2_n_5
                         LUT4 (Prop_lut4_I0_O)        0.244     3.158 r  hmatch_best_dist_q[2]_i_1/O
                         net (fo=1, unplaced)         0.000     3.158    hmatch_best_dist_q[2]_i_1_n_0
                         FDCE                                         r  hmatch_best_dist_q_reg[2]/D
  -------------------------------------------------------------------    -------------------

                         (clock clk_i rise edge)      8.000     8.000 r  
                                                      0.000     8.000 r  clk_i (IN)
                         net (fo=2885, unset)         0.748     8.748    clk_i
                         FDCE                                         r  hmatch_best_dist_q_reg[2]/C
                         clock pessimism              0.000     8.748    
                         clock uncertainty           -0.035     8.712    
                         FDCE (Setup_fdce_C_D)        0.072     8.784    hmatch_best_dist_q_reg[2]
  -------------------------------------------------------------------
                         required time                          8.784    
                         arrival time                          -3.158    
  -------------------------------------------------------------------
                         slack                                  5.626    

Slack (MET) :             5.674ns  (required time - arrival time)
  Source:                 hsim_total_q_reg[1]/C
                            (rising edge-triggered cell FDCE clocked by clk_i  {rise@0.000ns fall@4.000ns period=8.000ns})
  Destination:            hmatch_best_dist_q_reg[3]/D
                            (rising edge-triggered cell FDCE clocked by clk_i  {rise@0.000ns fall@4.000ns period=8.000ns})
  Path Group:             clk_i
  Path Type:              Setup (Max at Slow Process Corner)
  Requirement:            8.000ns  (clk_i rise@8.000ns - clk_i rise@0.000ns)
  Data Path Delay:        2.323ns  (logic 1.449ns (62.376%)  route 0.874ns (37.624%))
  Logic Levels:           3  (CARRY4=1 LUT2=1 LUT4=1)
  Clock Path Skew:        -0.039ns (DCD - SCD + CPR)
    Destination Clock Delay (DCD):    0.748ns = ( 8.748 - 8.000 ) 
    Source Clock Delay      (SCD):    0.787ns
    Clock Pessimism Removal (CPR):    0.000ns
  Clock Uncertainty:      0.035ns  ((TSJ^2 + TIJ^2)^1/2 + DJ) / 2 + PE
    Total System Jitter     (TSJ):    0.071ns
    Total Input Jitter      (TIJ):    0.000ns
    Discrete Jitter          (DJ):    0.000ns
    Phase Error              (PE):    0.000ns

    Location             Delay type                Incr(ns)  Path(ns)    Netlist Resource(s)
  -------------------------------------------------------------------    -------------------
                         (clock clk_i rise edge)      0.000     0.000 r  
                                                      0.000     0.000 r  clk_i (IN)
                         net (fo=2885, unset)         0.787     0.787    clk_i
                         FDCE                                         r  hsim_total_q_reg[1]/C
  -------------------------------------------------------------------    -------------------
                         FDCE (Prop_fdce_C_Q)         0.433     1.220 r  hsim_total_q_reg[1]/Q
                         net (fo=3, unplaced)         0.380     1.600    hsim_total_q[1]
                         LUT2 (Prop_lut2_I0_O)        0.232     1.832 r  hmatch_best_dist_q[3]_i_5/O
                         net (fo=1, unplaced)         0.000     1.832    hmatch_best_dist_q[3]_i_5_n_0
                         CARRY4 (Prop_carry4_S[1]_O[3])
                                                      0.534     2.366 r  hmatch_best_dist_q_reg[3]_i_2/O[3]
                         net (fo=3, unplaced)         0.494     2.860    hmatch_best_dist_q_reg[3]_i_2_n_4
                         LUT4 (Prop_lut4_I0_O)        0.250     3.110 r  hmatch_best_dist_q[3]_i_1/O
                         net (fo=1, unplaced)         0.000     3.110    hmatch_best_dist_q[3]_i_1_n_0
                         FDCE                                         r  hmatch_best_dist_q_reg[3]/D
  -------------------------------------------------------------------    -------------------

                         (clock clk_i rise edge)      8.000     8.000 r  
                                                      0.000     8.000 r  clk_i (IN)
                         net (fo=2885, unset)         0.748     8.748    clk_i
                         FDCE                                         r  hmatch_best_dist_q_reg[3]/C
                         clock pessimism              0.000     8.748    
                         clock uncertainty           -0.035     8.712    
                         FDCE (Setup_fdce_C_D)        0.072     8.784    hmatch_best_dist_q_reg[3]
  -------------------------------------------------------------------
                         required time                          8.784    
                         arrival time                          -3.110    
  -------------------------------------------------------------------
                         slack                                  5.674    

Slack (MET) :             5.869ns  (required time - arrival time)
  Source:                 hsim_total_q_reg[0]/C
                            (rising edge-triggered cell FDCE clocked by clk_i  {rise@0.000ns fall@4.000ns period=8.000ns})
  Destination:            hmatch_best_dist_q_reg[1]/D
                            (rising edge-triggered cell FDCE clocked by clk_i  {rise@0.000ns fall@4.000ns period=8.000ns})
  Path Group:             clk_i
  Path Type:              Setup (Max at Slow Process Corner)
  Requirement:            8.000ns  (clk_i rise@8.000ns - clk_i rise@0.000ns)
  Data Path Delay:        2.128ns  (logic 1.255ns (58.976%)  route 0.873ns (41.024%))
  Logic Levels:           3  (CARRY4=1 LUT2=1 LUT4=1)
  Clock Path Skew:        -0.039ns (DCD - SCD + CPR)
    Destination Clock Delay (DCD):    0.748ns = ( 8.748 - 8.000 ) 
    Source Clock Delay      (SCD):    0.787ns
    Clock Pessimism Removal (CPR):    0.000ns
  Clock Uncertainty:      0.035ns  ((TSJ^2 + TIJ^2)^1/2 + DJ) / 2 + PE
    Total System Jitter     (TSJ):    0.071ns
    Total Input Jitter      (TIJ):    0.000ns
    Discrete Jitter          (DJ):    0.000ns
    Phase Error              (PE):    0.000ns

    Location             Delay type                Incr(ns)  Path(ns)    Netlist Resource(s)
  -------------------------------------------------------------------    -------------------
                         (clock clk_i rise edge)      0.000     0.000 r  
                                                      0.000     0.000 r  clk_i (IN)
                         net (fo=2885, unset)         0.787     0.787    clk_i
                         FDCE                                         r  hsim_total_q_reg[0]/C
  -------------------------------------------------------------------    -------------------
                         FDCE (Prop_fdce_C_Q)         0.433     1.220 r  hsim_total_q_reg[0]/Q
                         net (fo=3, unplaced)         0.380     1.600    hsim_total_q[0]
                         LUT2 (Prop_lut2_I0_O)        0.232     1.832 r  hmatch_best_dist_q[3]_i_6/O
                         net (fo=1, unplaced)         0.000     1.832    hmatch_best_dist_q[3]_i_6_n_0
                         CARRY4 (Prop_carry4_S[0]_O[1])
                                                      0.345     2.177 r  hmatch_best_dist_q_reg[3]_i_2/O[1]
                         net (fo=3, unplaced)         0.493     2.670    hmatch_best_dist_q_reg[3]_i_2_n_6
                         LUT4 (Prop_lut4_I0_O)        0.245     2.915 r  hmatch_best_dist_q[1]_i_1/O
                         net (fo=1, unplaced)         0.000     2.915    hmatch_best_dist_q[1]_i_1_n_0
                         FDCE                                         r  hmatch_best_dist_q_reg[1]/D
  -------------------------------------------------------------------    -------------------

                         (clock clk_i rise edge)      8.000     8.000 r  
                                                      0.000     8.000 r  clk_i (IN)
                         net (fo=2885, unset)         0.748     8.748    clk_i
                         FDCE                                         r  hmatch_best_dist_q_reg[1]/C
                         clock pessimism              0.000     8.748    
                         clock uncertainty           -0.035     8.712    
                         FDCE (Setup_fdce_C_D)        0.072     8.784    hmatch_best_dist_q_reg[1]
  -------------------------------------------------------------------
                         required time                          8.784    
                         arrival time                          -2.915    
  -------------------------------------------------------------------
                         slack                                  5.869    

Slack (MET) :             5.887ns  (required time - arrival time)
  Source:                 hsim_total_q_reg[0]/C
                            (rising edge-triggered cell FDCE clocked by clk_i  {rise@0.000ns fall@4.000ns period=8.000ns})
  Destination:            hmatch_best_dist_q_reg[0]/D
                            (rising edge-triggered cell FDCE clocked by clk_i  {rise@0.000ns fall@4.000ns period=8.000ns})
  Path Group:             clk_i
  Path Type:              Setup (Max at Slow Process Corner)
  Requirement:            8.000ns  (clk_i rise@8.000ns - clk_i rise@0.000ns)
  Data Path Delay:        2.110ns  (logic 1.113ns (52.749%)  route 0.997ns (47.251%))
  Logic Levels:           3  (CARRY4=1 LUT2=1 LUT5=1)
  Clock Path Skew:        -0.039ns (DCD - SCD + CPR)
    Destination Clock Delay (DCD):    0.748ns = ( 8.748 - 8.000 ) 
    Source Clock Delay      (SCD):    0.787ns
    Clock Pessimism Removal (CPR):    0.000ns
  Clock Uncertainty:      0.035ns  ((TSJ^2 + TIJ^2)^1/2 + DJ) / 2 + PE
    Total System Jitter     (TSJ):    0.071ns
    Total Input Jitter      (TIJ):    0.000ns
    Discrete Jitter          (DJ):    0.000ns
    Phase Error              (PE):    0.000ns

    Location             Delay type                Incr(ns)  Path(ns)    Netlist Resource(s)
  -------------------------------------------------------------------    -------------------
                         (clock clk_i rise edge)      0.000     0.000 r  
                                                      0.000     0.000 r  clk_i (IN)
                         net (fo=2885, unset)         0.787     0.787    clk_i
                         FDCE                                         r  hsim_total_q_reg[0]/C
  -------------------------------------------------------------------    -------------------
                         FDCE (Prop_fdce_C_Q)         0.433     1.220 r  hsim_total_q_reg[0]/Q
                         net (fo=3, unplaced)         0.380     1.600    hsim_total_q[0]
                         LUT2 (Prop_lut2_I0_O)        0.232     1.832 r  hmatch_best_dist_q[3]_i_6/O
                         net (fo=1, unplaced)         0.000     1.832    hmatch_best_dist_q[3]_i_6_n_0
                         CARRY4 (Prop_carry4_S[0]_O[0])
                                                      0.210     2.042 r  hmatch_best_dist_q_reg[3]_i_2/O[0]
                         net (fo=3, unplaced)         0.617     2.659    hmatch_best_dist_q_reg[3]_i_2_n_7
                         LUT5 (Prop_lut5_I3_O)        0.238     2.897 r  hmatch_best_dist_q[0]_i_1/O
                         net (fo=1, unplaced)         0.000     2.897    hmatch_best_dist_q[0]_i_1_n_0
                         FDCE                                         r  hmatch_best_dist_q_reg[0]/D
  -------------------------------------------------------------------    -------------------

                         (clock clk_i rise edge)      8.000     8.000 r  
                                                      0.000     8.000 r  clk_i (IN)
                         net (fo=2885, unset)         0.748     8.748    clk_i
                         FDCE                                         r  hmatch_best_dist_q_reg[0]/C
                         clock pessimism              0.000     8.748    
                         clock uncertainty           -0.035     8.712    
                         FDCE (Setup_fdce_C_D)        0.072     8.784    hmatch_best_dist_q_reg[0]
  -------------------------------------------------------------------
                         required time                          8.784    
                         arrival time                          -2.897    
  -------------------------------------------------------------------
                         slack                                  5.887    




