#-----------------------------------------------------------
# xsim v2022.2 (64-bit)
# SW Build 3671981 on Fri Oct 14 05:00:03 MDT 2022
# IP Build 3669848 on Fri Oct 14 08:30:02 MDT 2022
# Start of session at: Thu Jun 11 15:20:07 2026
# Process ID: 16792
# Current directory: H:/CVA6-HDEC/cva6-vhdc-core-v22/tmp/v22_baseline_xsim_fixed2/xsim_hdc_full_flow_v20
# Command line: xsim.exe -mode tcl -source {xsim.dir/tb_hdec_hdc_full_flow_v20/xsim_script.tcl}
# Log file: H:/CVA6-HDEC/cva6-vhdc-core-v22/tmp/v22_baseline_xsim_fixed2/xsim_hdc_full_flow_v20/xsim.log
# Journal file: H:/CVA6-HDEC/cva6-vhdc-core-v22/tmp/v22_baseline_xsim_fixed2/xsim_hdc_full_flow_v20\xsim.jou
# Running On: DESKTOP-RSKE6BB, OS: Windows, CPU Frequency: 3187 MHz, CPU Physical cores: 24, Host memory: 137128 MB
#-----------------------------------------------------------
source xsim.dir/tb_hdec_hdc_full_flow_v20/xsim_script.tcl
# xsim {tb_hdec_hdc_full_flow_v20} -autoloadwcfg -tclbatch {H:/CVA6-HDEC/cva6-vhdc-core-v22/tmp/v22_baseline_xsim_fixed2/xsim_hdc_full_flow_v20/run_all.tcl}
Time resolution is 1 ps
source H:/CVA6-HDEC/cva6-vhdc-core-v22/tmp/v22_baseline_xsim_fixed2/xsim_hdc_full_flow_v20/run_all.tcl
## run all
[HDEC_HDC_FULL_FLOW_V20] PASS
$finish called at time : 8068500 ps : File "H:/CVA6-HDEC/cva6-vhdc-core-v22/verif/hdec/tb_hdec_hdc_full_flow_v20.sv" Line 331
## quit
INFO: [Common 17-206] Exiting xsim at Thu Jun 11 15:20:09 2026...
