Copyright 1986-2022 Xilinx, Inc. All Rights Reserved. Copyright 2022-2024 Advanced Micro Devices, Inc. All Rights Reserved.
-----------------------------------------------------------------------------------------------------------------------------------------------------------------------------------------------
| Tool Version : Vivado v.2024.2 (win64) Build 5239630 Fri Nov 08 22:35:27 MST 2024
| Date         : Sat Jun  6 11:48:43 2026
| Host         : WIN-20240824NZS running 64-bit major release  (build 9200)
| Command      : report_timing -max_paths 10 -delay_type max -sort_by slack -file E:/HDEC/cva6-vhdc-core/reports/vivado/ooc_hdec_p2_onehot_compare/baseline_e0925738/100mhz/critical_paths.rpt
| Design       : hdec_top
| Device       : 7z020-clg400
| Speed File   : -2  PRODUCTION 1.12 2019-11-22
| Design State : Synthesized
-----------------------------------------------------------------------------------------------------------------------------------------------------------------------------------------------

Timing Report

Slack (MET) :             3.359ns  (required time - arrival time)
  Source:                 hsim_total_q_reg[0]/C
                            (rising edge-triggered cell FDCE clocked by clk_i  {rise@0.000ns fall@5.000ns period=10.000ns})
  Destination:            hmatch_best_dist_q_reg[0]/CE
                            (rising edge-triggered cell FDCE clocked by clk_i  {rise@0.000ns fall@5.000ns period=10.000ns})
  Path Group:             clk_i
  Path Type:              Setup (Max at Slow Process Corner)
  Requirement:            10.000ns  (clk_i rise@10.000ns - clk_i rise@0.000ns)
  Data Path Delay:        6.430ns  (logic 3.216ns (50.016%)  route 3.214ns (49.984%))
  Logic Levels:           9  (CARRY4=4 LUT3=2 LUT4=2 LUT6=1)
  Clock Path Skew:        -0.039ns (DCD - SCD + CPR)
    Destination Clock Delay (DCD):    0.748ns = ( 10.748 - 10.000 ) 
    Source Clock Delay      (SCD):    0.787ns
    Clock Pessimism Removal (CPR):    0.000ns
  Clock Uncertainty:      0.035ns  ((TSJ^2 + TIJ^2)^1/2 + DJ) / 2 + PE
    Total System Jitter     (TSJ):    0.071ns
    Total Input Jitter      (TIJ):    0.000ns
    Discrete Jitter          (DJ):    0.000ns
    Phase Error              (PE):    0.000ns

    Location             Delay type                Incr(ns)  Path(ns)    Netlist Resource(s)
  -------------------------------------------------------------------    -------------------
                         (clock clk_i rise edge)      0.000     0.000 r  
                                                      0.000     0.000 r  clk_i (IN)
                         net (fo=2875, unset)         0.787     0.787    clk_i
                         FDCE                                         r  hsim_total_q_reg[0]/C
  -------------------------------------------------------------------    -------------------
                         FDCE (Prop_fdce_C_Q)         0.433     1.220 r  hsim_total_q_reg[0]/Q
                         net (fo=3, unplaced)         0.617     1.837    hsim_total_q[0]
                         LUT3 (Prop_lut3_I0_O)        0.232     2.069 r  hsim_total_q[7]_i_21/O
                         net (fo=2, unplaced)         0.548     2.617    hsim_total_q[7]_i_21_n_0
                         CARRY4 (Prop_carry4_DI[1]_O[3])
                                                      0.519     3.136 r  hsim_total_q_reg[7]_i_11/O[3]
                         net (fo=2, unplaced)         0.530     3.666    hsim_total_q_reg[7]_i_11_n_4
                         LUT3 (Prop_lut3_I2_O)        0.250     3.916 r  hsim_total_q[7]_i_6/O
                         net (fo=2, unplaced)         0.358     4.274    hsim_total_q[7]_i_6_n_0
                         LUT4 (Prop_lut4_I3_O)        0.105     4.379 r  hsim_total_q[7]_i_10/O
                         net (fo=1, unplaced)         0.000     4.379    hsim_total_q[7]_i_10_n_0
                         CARRY4 (Prop_carry4_S[0]_CO[3])
                                                      0.423     4.802 r  hsim_total_q_reg[7]_i_2/CO[3]
                         net (fo=1, unplaced)         0.000     4.802    hsim_total_q_reg[7]_i_2_n_0
                         CARRY4 (Prop_carry4_CI_O[1])
                                                      0.269     5.071 f  hsim_total_q_reg[10]_i_3/O[1]
                         net (fo=4, unplaced)         0.496     5.567    in172[9]
                         LUT4 (Prop_lut4_I0_O)        0.265     5.832 r  hmatch_best_dist_q[10]_i_7/O
                         net (fo=1, unplaced)         0.000     5.832    hmatch_best_dist_q[10]_i_7_n_0
                         CARRY4 (Prop_carry4_DI[0]_CO[1])
                                                      0.443     6.275 r  hmatch_best_dist_q_reg[10]_i_3/CO[1]
                         net (fo=1, unplaced)         0.240     6.515    hmatch_best_dist_q_reg[10]_i_3_n_2
                         LUT6 (Prop_lut6_I3_O)        0.277     6.792 r  hmatch_best_dist_q[10]_i_1/O
                         net (fo=19, unplaced)        0.425     7.217    hmatch_best_dist_q[10]_i_1_n_0
                         FDCE                                         r  hmatch_best_dist_q_reg[0]/CE
  -------------------------------------------------------------------    -------------------

                         (clock clk_i rise edge)     10.000    10.000 r  
                                                      0.000    10.000 r  clk_i (IN)
                         net (fo=2875, unset)         0.748    10.748    clk_i
                         FDCE                                         r  hmatch_best_dist_q_reg[0]/C
                         clock pessimism              0.000    10.748    
                         clock uncertainty           -0.035    10.712    
                         FDCE (Setup_fdce_C_CE)      -0.136    10.576    hmatch_best_dist_q_reg[0]
  -------------------------------------------------------------------
                         required time                         10.576    
                         arrival time                          -7.217    
  -------------------------------------------------------------------
                         slack                                  3.359    

Slack (MET) :             3.359ns  (required time - arrival time)
  Source:                 hsim_total_q_reg[0]/C
                            (rising edge-triggered cell FDCE clocked by clk_i  {rise@0.000ns fall@5.000ns period=10.000ns})
  Destination:            hmatch_best_dist_q_reg[10]/CE
                            (rising edge-triggered cell FDCE clocked by clk_i  {rise@0.000ns fall@5.000ns period=10.000ns})
  Path Group:             clk_i
  Path Type:              Setup (Max at Slow Process Corner)
  Requirement:            10.000ns  (clk_i rise@10.000ns - clk_i rise@0.000ns)
  Data Path Delay:        6.430ns  (logic 3.216ns (50.016%)  route 3.214ns (49.984%))
  Logic Levels:           9  (CARRY4=4 LUT3=2 LUT4=2 LUT6=1)
  Clock Path Skew:        -0.039ns (DCD - SCD + CPR)
    Destination Clock Delay (DCD):    0.748ns = ( 10.748 - 10.000 ) 
    Source Clock Delay      (SCD):    0.787ns
    Clock Pessimism Removal (CPR):    0.000ns
  Clock Uncertainty:      0.035ns  ((TSJ^2 + TIJ^2)^1/2 + DJ) / 2 + PE
    Total System Jitter     (TSJ):    0.071ns
    Total Input Jitter      (TIJ):    0.000ns
    Discrete Jitter          (DJ):    0.000ns
    Phase Error              (PE):    0.000ns

    Location             Delay type                Incr(ns)  Path(ns)    Netlist Resource(s)
  -------------------------------------------------------------------    -------------------
                         (clock clk_i rise edge)      0.000     0.000 r  
                                                      0.000     0.000 r  clk_i (IN)
                         net (fo=2875, unset)         0.787     0.787    clk_i
                         FDCE                                         r  hsim_total_q_reg[0]/C
  -------------------------------------------------------------------    -------------------
                         FDCE (Prop_fdce_C_Q)         0.433     1.220 r  hsim_total_q_reg[0]/Q
                         net (fo=3, unplaced)         0.617     1.837    hsim_total_q[0]
                         LUT3 (Prop_lut3_I0_O)        0.232     2.069 r  hsim_total_q[7]_i_21/O
                         net (fo=2, unplaced)         0.548     2.617    hsim_total_q[7]_i_21_n_0
                         CARRY4 (Prop_carry4_DI[1]_O[3])
                                                      0.519     3.136 r  hsim_total_q_reg[7]_i_11/O[3]
                         net (fo=2, unplaced)         0.530     3.666    hsim_total_q_reg[7]_i_11_n_4
                         LUT3 (Prop_lut3_I2_O)        0.250     3.916 r  hsim_total_q[7]_i_6/O
                         net (fo=2, unplaced)         0.358     4.274    hsim_total_q[7]_i_6_n_0
                         LUT4 (Prop_lut4_I3_O)        0.105     4.379 r  hsim_total_q[7]_i_10/O
                         net (fo=1, unplaced)         0.000     4.379    hsim_total_q[7]_i_10_n_0
                         CARRY4 (Prop_carry4_S[0]_CO[3])
                                                      0.423     4.802 r  hsim_total_q_reg[7]_i_2/CO[3]
                         net (fo=1, unplaced)         0.000     4.802    hsim_total_q_reg[7]_i_2_n_0
                         CARRY4 (Prop_carry4_CI_O[1])
                                                      0.269     5.071 f  hsim_total_q_reg[10]_i_3/O[1]
                         net (fo=4, unplaced)         0.496     5.567    in172[9]
                         LUT4 (Prop_lut4_I0_O)        0.265     5.832 r  hmatch_best_dist_q[10]_i_7/O
                         net (fo=1, unplaced)         0.000     5.832    hmatch_best_dist_q[10]_i_7_n_0
                         CARRY4 (Prop_carry4_DI[0]_CO[1])
                                                      0.443     6.275 r  hmatch_best_dist_q_reg[10]_i_3/CO[1]
                         net (fo=1, unplaced)         0.240     6.515    hmatch_best_dist_q_reg[10]_i_3_n_2
                         LUT6 (Prop_lut6_I3_O)        0.277     6.792 r  hmatch_best_dist_q[10]_i_1/O
                         net (fo=19, unplaced)        0.425     7.217    hmatch_best_dist_q[10]_i_1_n_0
                         FDCE                                         r  hmatch_best_dist_q_reg[10]/CE
  -------------------------------------------------------------------    -------------------

                         (clock clk_i rise edge)     10.000    10.000 r  
                                                      0.000    10.000 r  clk_i (IN)
                         net (fo=2875, unset)         0.748    10.748    clk_i
                         FDCE                                         r  hmatch_best_dist_q_reg[10]/C
                         clock pessimism              0.000    10.748    
                         clock uncertainty           -0.035    10.712    
                         FDCE (Setup_fdce_C_CE)      -0.136    10.576    hmatch_best_dist_q_reg[10]
  -------------------------------------------------------------------
                         required time                         10.576    
                         arrival time                          -7.217    
  -------------------------------------------------------------------
                         slack                                  3.359    

Slack (MET) :             3.359ns  (required time - arrival time)
  Source:                 hsim_total_q_reg[0]/C
                            (rising edge-triggered cell FDCE clocked by clk_i  {rise@0.000ns fall@5.000ns period=10.000ns})
  Destination:            hmatch_best_dist_q_reg[1]/CE
                            (rising edge-triggered cell FDCE clocked by clk_i  {rise@0.000ns fall@5.000ns period=10.000ns})
  Path Group:             clk_i
  Path Type:              Setup (Max at Slow Process Corner)
  Requirement:            10.000ns  (clk_i rise@10.000ns - clk_i rise@0.000ns)
  Data Path Delay:        6.430ns  (logic 3.216ns (50.016%)  route 3.214ns (49.984%))
  Logic Levels:           9  (CARRY4=4 LUT3=2 LUT4=2 LUT6=1)
  Clock Path Skew:        -0.039ns (DCD - SCD + CPR)
    Destination Clock Delay (DCD):    0.748ns = ( 10.748 - 10.000 ) 
    Source Clock Delay      (SCD):    0.787ns
    Clock Pessimism Removal (CPR):    0.000ns
  Clock Uncertainty:      0.035ns  ((TSJ^2 + TIJ^2)^1/2 + DJ) / 2 + PE
    Total System Jitter     (TSJ):    0.071ns
    Total Input Jitter      (TIJ):    0.000ns
    Discrete Jitter          (DJ):    0.000ns
    Phase Error              (PE):    0.000ns

    Location             Delay type                Incr(ns)  Path(ns)    Netlist Resource(s)
  -------------------------------------------------------------------    -------------------
                         (clock clk_i rise edge)      0.000     0.000 r  
                                                      0.000     0.000 r  clk_i (IN)
                         net (fo=2875, unset)         0.787     0.787    clk_i
                         FDCE                                         r  hsim_total_q_reg[0]/C
  -------------------------------------------------------------------    -------------------
                         FDCE (Prop_fdce_C_Q)         0.433     1.220 r  hsim_total_q_reg[0]/Q
                         net (fo=3, unplaced)         0.617     1.837    hsim_total_q[0]
                         LUT3 (Prop_lut3_I0_O)        0.232     2.069 r  hsim_total_q[7]_i_21/O
                         net (fo=2, unplaced)         0.548     2.617    hsim_total_q[7]_i_21_n_0
                         CARRY4 (Prop_carry4_DI[1]_O[3])
                                                      0.519     3.136 r  hsim_total_q_reg[7]_i_11/O[3]
                         net (fo=2, unplaced)         0.530     3.666    hsim_total_q_reg[7]_i_11_n_4
                         LUT3 (Prop_lut3_I2_O)        0.250     3.916 r  hsim_total_q[7]_i_6/O
                         net (fo=2, unplaced)         0.358     4.274    hsim_total_q[7]_i_6_n_0
                         LUT4 (Prop_lut4_I3_O)        0.105     4.379 r  hsim_total_q[7]_i_10/O
                         net (fo=1, unplaced)         0.000     4.379    hsim_total_q[7]_i_10_n_0
                         CARRY4 (Prop_carry4_S[0]_CO[3])
                                                      0.423     4.802 r  hsim_total_q_reg[7]_i_2/CO[3]
                         net (fo=1, unplaced)         0.000     4.802    hsim_total_q_reg[7]_i_2_n_0
                         CARRY4 (Prop_carry4_CI_O[1])
                                                      0.269     5.071 f  hsim_total_q_reg[10]_i_3/O[1]
                         net (fo=4, unplaced)         0.496     5.567    in172[9]
                         LUT4 (Prop_lut4_I0_O)        0.265     5.832 r  hmatch_best_dist_q[10]_i_7/O
                         net (fo=1, unplaced)         0.000     5.832    hmatch_best_dist_q[10]_i_7_n_0
                         CARRY4 (Prop_carry4_DI[0]_CO[1])
                                                      0.443     6.275 r  hmatch_best_dist_q_reg[10]_i_3/CO[1]
                         net (fo=1, unplaced)         0.240     6.515    hmatch_best_dist_q_reg[10]_i_3_n_2
                         LUT6 (Prop_lut6_I3_O)        0.277     6.792 r  hmatch_best_dist_q[10]_i_1/O
                         net (fo=19, unplaced)        0.425     7.217    hmatch_best_dist_q[10]_i_1_n_0
                         FDCE                                         r  hmatch_best_dist_q_reg[1]/CE
  -------------------------------------------------------------------    -------------------

                         (clock clk_i rise edge)     10.000    10.000 r  
                                                      0.000    10.000 r  clk_i (IN)
                         net (fo=2875, unset)         0.748    10.748    clk_i
                         FDCE                                         r  hmatch_best_dist_q_reg[1]/C
                         clock pessimism              0.000    10.748    
                         clock uncertainty           -0.035    10.712    
                         FDCE (Setup_fdce_C_CE)      -0.136    10.576    hmatch_best_dist_q_reg[1]
  -------------------------------------------------------------------
                         required time                         10.576    
                         arrival time                          -7.217    
  -------------------------------------------------------------------
                         slack                                  3.359    

Slack (MET) :             3.359ns  (required time - arrival time)
  Source:                 hsim_total_q_reg[0]/C
                            (rising edge-triggered cell FDCE clocked by clk_i  {rise@0.000ns fall@5.000ns period=10.000ns})
  Destination:            hmatch_best_dist_q_reg[2]/CE
                            (rising edge-triggered cell FDCE clocked by clk_i  {rise@0.000ns fall@5.000ns period=10.000ns})
  Path Group:             clk_i
  Path Type:              Setup (Max at Slow Process Corner)
  Requirement:            10.000ns  (clk_i rise@10.000ns - clk_i rise@0.000ns)
  Data Path Delay:        6.430ns  (logic 3.216ns (50.016%)  route 3.214ns (49.984%))
  Logic Levels:           9  (CARRY4=4 LUT3=2 LUT4=2 LUT6=1)
  Clock Path Skew:        -0.039ns (DCD - SCD + CPR)
    Destination Clock Delay (DCD):    0.748ns = ( 10.748 - 10.000 ) 
    Source Clock Delay      (SCD):    0.787ns
    Clock Pessimism Removal (CPR):    0.000ns
  Clock Uncertainty:      0.035ns  ((TSJ^2 + TIJ^2)^1/2 + DJ) / 2 + PE
    Total System Jitter     (TSJ):    0.071ns
    Total Input Jitter      (TIJ):    0.000ns
    Discrete Jitter          (DJ):    0.000ns
    Phase Error              (PE):    0.000ns

    Location             Delay type                Incr(ns)  Path(ns)    Netlist Resource(s)
  -------------------------------------------------------------------    -------------------
                         (clock clk_i rise edge)      0.000     0.000 r  
                                                      0.000     0.000 r  clk_i (IN)
                         net (fo=2875, unset)         0.787     0.787    clk_i
                         FDCE                                         r  hsim_total_q_reg[0]/C
  -------------------------------------------------------------------    -------------------
                         FDCE (Prop_fdce_C_Q)         0.433     1.220 r  hsim_total_q_reg[0]/Q
                         net (fo=3, unplaced)         0.617     1.837    hsim_total_q[0]
                         LUT3 (Prop_lut3_I0_O)        0.232     2.069 r  hsim_total_q[7]_i_21/O
                         net (fo=2, unplaced)         0.548     2.617    hsim_total_q[7]_i_21_n_0
                         CARRY4 (Prop_carry4_DI[1]_O[3])
                                                      0.519     3.136 r  hsim_total_q_reg[7]_i_11/O[3]
                         net (fo=2, unplaced)         0.530     3.666    hsim_total_q_reg[7]_i_11_n_4
                         LUT3 (Prop_lut3_I2_O)        0.250     3.916 r  hsim_total_q[7]_i_6/O
                         net (fo=2, unplaced)         0.358     4.274    hsim_total_q[7]_i_6_n_0
                         LUT4 (Prop_lut4_I3_O)        0.105     4.379 r  hsim_total_q[7]_i_10/O
                         net (fo=1, unplaced)         0.000     4.379    hsim_total_q[7]_i_10_n_0
                         CARRY4 (Prop_carry4_S[0]_CO[3])
                                                      0.423     4.802 r  hsim_total_q_reg[7]_i_2/CO[3]
                         net (fo=1, unplaced)         0.000     4.802    hsim_total_q_reg[7]_i_2_n_0
                         CARRY4 (Prop_carry4_CI_O[1])
                                                      0.269     5.071 f  hsim_total_q_reg[10]_i_3/O[1]
                         net (fo=4, unplaced)         0.496     5.567    in172[9]
                         LUT4 (Prop_lut4_I0_O)        0.265     5.832 r  hmatch_best_dist_q[10]_i_7/O
                         net (fo=1, unplaced)         0.000     5.832    hmatch_best_dist_q[10]_i_7_n_0
                         CARRY4 (Prop_carry4_DI[0]_CO[1])
                                                      0.443     6.275 r  hmatch_best_dist_q_reg[10]_i_3/CO[1]
                         net (fo=1, unplaced)         0.240     6.515    hmatch_best_dist_q_reg[10]_i_3_n_2
                         LUT6 (Prop_lut6_I3_O)        0.277     6.792 r  hmatch_best_dist_q[10]_i_1/O
                         net (fo=19, unplaced)        0.425     7.217    hmatch_best_dist_q[10]_i_1_n_0
                         FDCE                                         r  hmatch_best_dist_q_reg[2]/CE
  -------------------------------------------------------------------    -------------------

                         (clock clk_i rise edge)     10.000    10.000 r  
                                                      0.000    10.000 r  clk_i (IN)
                         net (fo=2875, unset)         0.748    10.748    clk_i
                         FDCE                                         r  hmatch_best_dist_q_reg[2]/C
                         clock pessimism              0.000    10.748    
                         clock uncertainty           -0.035    10.712    
                         FDCE (Setup_fdce_C_CE)      -0.136    10.576    hmatch_best_dist_q_reg[2]
  -------------------------------------------------------------------
                         required time                         10.576    
                         arrival time                          -7.217    
  -------------------------------------------------------------------
                         slack                                  3.359    

Slack (MET) :             3.359ns  (required time - arrival time)
  Source:                 hsim_total_q_reg[0]/C
                            (rising edge-triggered cell FDCE clocked by clk_i  {rise@0.000ns fall@5.000ns period=10.000ns})
  Destination:            hmatch_best_dist_q_reg[3]/CE
                            (rising edge-triggered cell FDCE clocked by clk_i  {rise@0.000ns fall@5.000ns period=10.000ns})
  Path Group:             clk_i
  Path Type:              Setup (Max at Slow Process Corner)
  Requirement:            10.000ns  (clk_i rise@10.000ns - clk_i rise@0.000ns)
  Data Path Delay:        6.430ns  (logic 3.216ns (50.016%)  route 3.214ns (49.984%))
  Logic Levels:           9  (CARRY4=4 LUT3=2 LUT4=2 LUT6=1)
  Clock Path Skew:        -0.039ns (DCD - SCD + CPR)
    Destination Clock Delay (DCD):    0.748ns = ( 10.748 - 10.000 ) 
    Source Clock Delay      (SCD):    0.787ns
    Clock Pessimism Removal (CPR):    0.000ns
  Clock Uncertainty:      0.035ns  ((TSJ^2 + TIJ^2)^1/2 + DJ) / 2 + PE
    Total System Jitter     (TSJ):    0.071ns
    Total Input Jitter      (TIJ):    0.000ns
    Discrete Jitter          (DJ):    0.000ns
    Phase Error              (PE):    0.000ns

    Location             Delay type                Incr(ns)  Path(ns)    Netlist Resource(s)
  -------------------------------------------------------------------    -------------------
                         (clock clk_i rise edge)      0.000     0.000 r  
                                                      0.000     0.000 r  clk_i (IN)
                         net (fo=2875, unset)         0.787     0.787    clk_i
                         FDCE                                         r  hsim_total_q_reg[0]/C
  -------------------------------------------------------------------    -------------------
                         FDCE (Prop_fdce_C_Q)         0.433     1.220 r  hsim_total_q_reg[0]/Q
                         net (fo=3, unplaced)         0.617     1.837    hsim_total_q[0]
                         LUT3 (Prop_lut3_I0_O)        0.232     2.069 r  hsim_total_q[7]_i_21/O
                         net (fo=2, unplaced)         0.548     2.617    hsim_total_q[7]_i_21_n_0
                         CARRY4 (Prop_carry4_DI[1]_O[3])
                                                      0.519     3.136 r  hsim_total_q_reg[7]_i_11/O[3]
                         net (fo=2, unplaced)         0.530     3.666    hsim_total_q_reg[7]_i_11_n_4
                         LUT3 (Prop_lut3_I2_O)        0.250     3.916 r  hsim_total_q[7]_i_6/O
                         net (fo=2, unplaced)         0.358     4.274    hsim_total_q[7]_i_6_n_0
                         LUT4 (Prop_lut4_I3_O)        0.105     4.379 r  hsim_total_q[7]_i_10/O
                         net (fo=1, unplaced)         0.000     4.379    hsim_total_q[7]_i_10_n_0
                         CARRY4 (Prop_carry4_S[0]_CO[3])
                                                      0.423     4.802 r  hsim_total_q_reg[7]_i_2/CO[3]
                         net (fo=1, unplaced)         0.000     4.802    hsim_total_q_reg[7]_i_2_n_0
                         CARRY4 (Prop_carry4_CI_O[1])
                                                      0.269     5.071 f  hsim_total_q_reg[10]_i_3/O[1]
                         net (fo=4, unplaced)         0.496     5.567    in172[9]
                         LUT4 (Prop_lut4_I0_O)        0.265     5.832 r  hmatch_best_dist_q[10]_i_7/O
                         net (fo=1, unplaced)         0.000     5.832    hmatch_best_dist_q[10]_i_7_n_0
                         CARRY4 (Prop_carry4_DI[0]_CO[1])
                                                      0.443     6.275 r  hmatch_best_dist_q_reg[10]_i_3/CO[1]
                         net (fo=1, unplaced)         0.240     6.515    hmatch_best_dist_q_reg[10]_i_3_n_2
                         LUT6 (Prop_lut6_I3_O)        0.277     6.792 r  hmatch_best_dist_q[10]_i_1/O
                         net (fo=19, unplaced)        0.425     7.217    hmatch_best_dist_q[10]_i_1_n_0
                         FDCE                                         r  hmatch_best_dist_q_reg[3]/CE
  -------------------------------------------------------------------    -------------------

                         (clock clk_i rise edge)     10.000    10.000 r  
                                                      0.000    10.000 r  clk_i (IN)
                         net (fo=2875, unset)         0.748    10.748    clk_i
                         FDCE                                         r  hmatch_best_dist_q_reg[3]/C
                         clock pessimism              0.000    10.748    
                         clock uncertainty           -0.035    10.712    
                         FDCE (Setup_fdce_C_CE)      -0.136    10.576    hmatch_best_dist_q_reg[3]
  -------------------------------------------------------------------
                         required time                         10.576    
                         arrival time                          -7.217    
  -------------------------------------------------------------------
                         slack                                  3.359    

Slack (MET) :             3.359ns  (required time - arrival time)
  Source:                 hsim_total_q_reg[0]/C
                            (rising edge-triggered cell FDCE clocked by clk_i  {rise@0.000ns fall@5.000ns period=10.000ns})
  Destination:            hmatch_best_dist_q_reg[4]/CE
                            (rising edge-triggered cell FDCE clocked by clk_i  {rise@0.000ns fall@5.000ns period=10.000ns})
  Path Group:             clk_i
  Path Type:              Setup (Max at Slow Process Corner)
  Requirement:            10.000ns  (clk_i rise@10.000ns - clk_i rise@0.000ns)
  Data Path Delay:        6.430ns  (logic 3.216ns (50.016%)  route 3.214ns (49.984%))
  Logic Levels:           9  (CARRY4=4 LUT3=2 LUT4=2 LUT6=1)
  Clock Path Skew:        -0.039ns (DCD - SCD + CPR)
    Destination Clock Delay (DCD):    0.748ns = ( 10.748 - 10.000 ) 
    Source Clock Delay      (SCD):    0.787ns
    Clock Pessimism Removal (CPR):    0.000ns
  Clock Uncertainty:      0.035ns  ((TSJ^2 + TIJ^2)^1/2 + DJ) / 2 + PE
    Total System Jitter     (TSJ):    0.071ns
    Total Input Jitter      (TIJ):    0.000ns
    Discrete Jitter          (DJ):    0.000ns
    Phase Error              (PE):    0.000ns

    Location             Delay type                Incr(ns)  Path(ns)    Netlist Resource(s)
  -------------------------------------------------------------------    -------------------
                         (clock clk_i rise edge)      0.000     0.000 r  
                                                      0.000     0.000 r  clk_i (IN)
                         net (fo=2875, unset)         0.787     0.787    clk_i
                         FDCE                                         r  hsim_total_q_reg[0]/C
  -------------------------------------------------------------------    -------------------
                         FDCE (Prop_fdce_C_Q)         0.433     1.220 r  hsim_total_q_reg[0]/Q
                         net (fo=3, unplaced)         0.617     1.837    hsim_total_q[0]
                         LUT3 (Prop_lut3_I0_O)        0.232     2.069 r  hsim_total_q[7]_i_21/O
                         net (fo=2, unplaced)         0.548     2.617    hsim_total_q[7]_i_21_n_0
                         CARRY4 (Prop_carry4_DI[1]_O[3])
                                                      0.519     3.136 r  hsim_total_q_reg[7]_i_11/O[3]
                         net (fo=2, unplaced)         0.530     3.666    hsim_total_q_reg[7]_i_11_n_4
                         LUT3 (Prop_lut3_I2_O)        0.250     3.916 r  hsim_total_q[7]_i_6/O
                         net (fo=2, unplaced)         0.358     4.274    hsim_total_q[7]_i_6_n_0
                         LUT4 (Prop_lut4_I3_O)        0.105     4.379 r  hsim_total_q[7]_i_10/O
                         net (fo=1, unplaced)         0.000     4.379    hsim_total_q[7]_i_10_n_0
                         CARRY4 (Prop_carry4_S[0]_CO[3])
                                                      0.423     4.802 r  hsim_total_q_reg[7]_i_2/CO[3]
                         net (fo=1, unplaced)         0.000     4.802    hsim_total_q_reg[7]_i_2_n_0
                         CARRY4 (Prop_carry4_CI_O[1])
                                                      0.269     5.071 f  hsim_total_q_reg[10]_i_3/O[1]
                         net (fo=4, unplaced)         0.496     5.567    in172[9]
                         LUT4 (Prop_lut4_I0_O)        0.265     5.832 r  hmatch_best_dist_q[10]_i_7/O
                         net (fo=1, unplaced)         0.000     5.832    hmatch_best_dist_q[10]_i_7_n_0
                         CARRY4 (Prop_carry4_DI[0]_CO[1])
                                                      0.443     6.275 r  hmatch_best_dist_q_reg[10]_i_3/CO[1]
                         net (fo=1, unplaced)         0.240     6.515    hmatch_best_dist_q_reg[10]_i_3_n_2
                         LUT6 (Prop_lut6_I3_O)        0.277     6.792 r  hmatch_best_dist_q[10]_i_1/O
                         net (fo=19, unplaced)        0.425     7.217    hmatch_best_dist_q[10]_i_1_n_0
                         FDCE                                         r  hmatch_best_dist_q_reg[4]/CE
  -------------------------------------------------------------------    -------------------

                         (clock clk_i rise edge)     10.000    10.000 r  
                                                      0.000    10.000 r  clk_i (IN)
                         net (fo=2875, unset)         0.748    10.748    clk_i
                         FDCE                                         r  hmatch_best_dist_q_reg[4]/C
                         clock pessimism              0.000    10.748    
                         clock uncertainty           -0.035    10.712    
                         FDCE (Setup_fdce_C_CE)      -0.136    10.576    hmatch_best_dist_q_reg[4]
  -------------------------------------------------------------------
                         required time                         10.576    
                         arrival time                          -7.217    
  -------------------------------------------------------------------
                         slack                                  3.359    

Slack (MET) :             3.359ns  (required time - arrival time)
  Source:                 hsim_total_q_reg[0]/C
                            (rising edge-triggered cell FDCE clocked by clk_i  {rise@0.000ns fall@5.000ns period=10.000ns})
  Destination:            hmatch_best_dist_q_reg[5]/CE
                            (rising edge-triggered cell FDCE clocked by clk_i  {rise@0.000ns fall@5.000ns period=10.000ns})
  Path Group:             clk_i
  Path Type:              Setup (Max at Slow Process Corner)
  Requirement:            10.000ns  (clk_i rise@10.000ns - clk_i rise@0.000ns)
  Data Path Delay:        6.430ns  (logic 3.216ns (50.016%)  route 3.214ns (49.984%))
  Logic Levels:           9  (CARRY4=4 LUT3=2 LUT4=2 LUT6=1)
  Clock Path Skew:        -0.039ns (DCD - SCD + CPR)
    Destination Clock Delay (DCD):    0.748ns = ( 10.748 - 10.000 ) 
    Source Clock Delay      (SCD):    0.787ns
    Clock Pessimism Removal (CPR):    0.000ns
  Clock Uncertainty:      0.035ns  ((TSJ^2 + TIJ^2)^1/2 + DJ) / 2 + PE
    Total System Jitter     (TSJ):    0.071ns
    Total Input Jitter      (TIJ):    0.000ns
    Discrete Jitter          (DJ):    0.000ns
    Phase Error              (PE):    0.000ns

    Location             Delay type                Incr(ns)  Path(ns)    Netlist Resource(s)
  -------------------------------------------------------------------    -------------------
                         (clock clk_i rise edge)      0.000     0.000 r  
                                                      0.000     0.000 r  clk_i (IN)
                         net (fo=2875, unset)         0.787     0.787    clk_i
                         FDCE                                         r  hsim_total_q_reg[0]/C
  -------------------------------------------------------------------    -------------------
                         FDCE (Prop_fdce_C_Q)         0.433     1.220 r  hsim_total_q_reg[0]/Q
                         net (fo=3, unplaced)         0.617     1.837    hsim_total_q[0]
                         LUT3 (Prop_lut3_I0_O)        0.232     2.069 r  hsim_total_q[7]_i_21/O
                         net (fo=2, unplaced)         0.548     2.617    hsim_total_q[7]_i_21_n_0
                         CARRY4 (Prop_carry4_DI[1]_O[3])
                                                      0.519     3.136 r  hsim_total_q_reg[7]_i_11/O[3]
                         net (fo=2, unplaced)         0.530     3.666    hsim_total_q_reg[7]_i_11_n_4
                         LUT3 (Prop_lut3_I2_O)        0.250     3.916 r  hsim_total_q[7]_i_6/O
                         net (fo=2, unplaced)         0.358     4.274    hsim_total_q[7]_i_6_n_0
                         LUT4 (Prop_lut4_I3_O)        0.105     4.379 r  hsim_total_q[7]_i_10/O
                         net (fo=1, unplaced)         0.000     4.379    hsim_total_q[7]_i_10_n_0
                         CARRY4 (Prop_carry4_S[0]_CO[3])
                                                      0.423     4.802 r  hsim_total_q_reg[7]_i_2/CO[3]
                         net (fo=1, unplaced)         0.000     4.802    hsim_total_q_reg[7]_i_2_n_0
                         CARRY4 (Prop_carry4_CI_O[1])
                                                      0.269     5.071 f  hsim_total_q_reg[10]_i_3/O[1]
                         net (fo=4, unplaced)         0.496     5.567    in172[9]
                         LUT4 (Prop_lut4_I0_O)        0.265     5.832 r  hmatch_best_dist_q[10]_i_7/O
                         net (fo=1, unplaced)         0.000     5.832    hmatch_best_dist_q[10]_i_7_n_0
                         CARRY4 (Prop_carry4_DI[0]_CO[1])
                                                      0.443     6.275 r  hmatch_best_dist_q_reg[10]_i_3/CO[1]
                         net (fo=1, unplaced)         0.240     6.515    hmatch_best_dist_q_reg[10]_i_3_n_2
                         LUT6 (Prop_lut6_I3_O)        0.277     6.792 r  hmatch_best_dist_q[10]_i_1/O
                         net (fo=19, unplaced)        0.425     7.217    hmatch_best_dist_q[10]_i_1_n_0
                         FDCE                                         r  hmatch_best_dist_q_reg[5]/CE
  -------------------------------------------------------------------    -------------------

                         (clock clk_i rise edge)     10.000    10.000 r  
                                                      0.000    10.000 r  clk_i (IN)
                         net (fo=2875, unset)         0.748    10.748    clk_i
                         FDCE                                         r  hmatch_best_dist_q_reg[5]/C
                         clock pessimism              0.000    10.748    
                         clock uncertainty           -0.035    10.712    
                         FDCE (Setup_fdce_C_CE)      -0.136    10.576    hmatch_best_dist_q_reg[5]
  -------------------------------------------------------------------
                         required time                         10.576    
                         arrival time                          -7.217    
  -------------------------------------------------------------------
                         slack                                  3.359    

Slack (MET) :             3.359ns  (required time - arrival time)
  Source:                 hsim_total_q_reg[0]/C
                            (rising edge-triggered cell FDCE clocked by clk_i  {rise@0.000ns fall@5.000ns period=10.000ns})
  Destination:            hmatch_best_dist_q_reg[6]/CE
                            (rising edge-triggered cell FDCE clocked by clk_i  {rise@0.000ns fall@5.000ns period=10.000ns})
  Path Group:             clk_i
  Path Type:              Setup (Max at Slow Process Corner)
  Requirement:            10.000ns  (clk_i rise@10.000ns - clk_i rise@0.000ns)
  Data Path Delay:        6.430ns  (logic 3.216ns (50.016%)  route 3.214ns (49.984%))
  Logic Levels:           9  (CARRY4=4 LUT3=2 LUT4=2 LUT6=1)
  Clock Path Skew:        -0.039ns (DCD - SCD + CPR)
    Destination Clock Delay (DCD):    0.748ns = ( 10.748 - 10.000 ) 
    Source Clock Delay      (SCD):    0.787ns
    Clock Pessimism Removal (CPR):    0.000ns
  Clock Uncertainty:      0.035ns  ((TSJ^2 + TIJ^2)^1/2 + DJ) / 2 + PE
    Total System Jitter     (TSJ):    0.071ns
    Total Input Jitter      (TIJ):    0.000ns
    Discrete Jitter          (DJ):    0.000ns
    Phase Error              (PE):    0.000ns

    Location             Delay type                Incr(ns)  Path(ns)    Netlist Resource(s)
  -------------------------------------------------------------------    -------------------
                         (clock clk_i rise edge)      0.000     0.000 r  
                                                      0.000     0.000 r  clk_i (IN)
                         net (fo=2875, unset)         0.787     0.787    clk_i
                         FDCE                                         r  hsim_total_q_reg[0]/C
  -------------------------------------------------------------------    -------------------
                         FDCE (Prop_fdce_C_Q)         0.433     1.220 r  hsim_total_q_reg[0]/Q
                         net (fo=3, unplaced)         0.617     1.837    hsim_total_q[0]
                         LUT3 (Prop_lut3_I0_O)        0.232     2.069 r  hsim_total_q[7]_i_21/O
                         net (fo=2, unplaced)         0.548     2.617    hsim_total_q[7]_i_21_n_0
                         CARRY4 (Prop_carry4_DI[1]_O[3])
                                                      0.519     3.136 r  hsim_total_q_reg[7]_i_11/O[3]
                         net (fo=2, unplaced)         0.530     3.666    hsim_total_q_reg[7]_i_11_n_4
                         LUT3 (Prop_lut3_I2_O)        0.250     3.916 r  hsim_total_q[7]_i_6/O
                         net (fo=2, unplaced)         0.358     4.274    hsim_total_q[7]_i_6_n_0
                         LUT4 (Prop_lut4_I3_O)        0.105     4.379 r  hsim_total_q[7]_i_10/O
                         net (fo=1, unplaced)         0.000     4.379    hsim_total_q[7]_i_10_n_0
                         CARRY4 (Prop_carry4_S[0]_CO[3])
                                                      0.423     4.802 r  hsim_total_q_reg[7]_i_2/CO[3]
                         net (fo=1, unplaced)         0.000     4.802    hsim_total_q_reg[7]_i_2_n_0
                         CARRY4 (Prop_carry4_CI_O[1])
                                                      0.269     5.071 f  hsim_total_q_reg[10]_i_3/O[1]
                         net (fo=4, unplaced)         0.496     5.567    in172[9]
                         LUT4 (Prop_lut4_I0_O)        0.265     5.832 r  hmatch_best_dist_q[10]_i_7/O
                         net (fo=1, unplaced)         0.000     5.832    hmatch_best_dist_q[10]_i_7_n_0
                         CARRY4 (Prop_carry4_DI[0]_CO[1])
                                                      0.443     6.275 r  hmatch_best_dist_q_reg[10]_i_3/CO[1]
                         net (fo=1, unplaced)         0.240     6.515    hmatch_best_dist_q_reg[10]_i_3_n_2
                         LUT6 (Prop_lut6_I3_O)        0.277     6.792 r  hmatch_best_dist_q[10]_i_1/O
                         net (fo=19, unplaced)        0.425     7.217    hmatch_best_dist_q[10]_i_1_n_0
                         FDCE                                         r  hmatch_best_dist_q_reg[6]/CE
  -------------------------------------------------------------------    -------------------

                         (clock clk_i rise edge)     10.000    10.000 r  
                                                      0.000    10.000 r  clk_i (IN)
                         net (fo=2875, unset)         0.748    10.748    clk_i
                         FDCE                                         r  hmatch_best_dist_q_reg[6]/C
                         clock pessimism              0.000    10.748    
                         clock uncertainty           -0.035    10.712    
                         FDCE (Setup_fdce_C_CE)      -0.136    10.576    hmatch_best_dist_q_reg[6]
  -------------------------------------------------------------------
                         required time                         10.576    
                         arrival time                          -7.217    
  -------------------------------------------------------------------
                         slack                                  3.359    

Slack (MET) :             3.359ns  (required time - arrival time)
  Source:                 hsim_total_q_reg[0]/C
                            (rising edge-triggered cell FDCE clocked by clk_i  {rise@0.000ns fall@5.000ns period=10.000ns})
  Destination:            hmatch_best_dist_q_reg[7]/CE
                            (rising edge-triggered cell FDCE clocked by clk_i  {rise@0.000ns fall@5.000ns period=10.000ns})
  Path Group:             clk_i
  Path Type:              Setup (Max at Slow Process Corner)
  Requirement:            10.000ns  (clk_i rise@10.000ns - clk_i rise@0.000ns)
  Data Path Delay:        6.430ns  (logic 3.216ns (50.016%)  route 3.214ns (49.984%))
  Logic Levels:           9  (CARRY4=4 LUT3=2 LUT4=2 LUT6=1)
  Clock Path Skew:        -0.039ns (DCD - SCD + CPR)
    Destination Clock Delay (DCD):    0.748ns = ( 10.748 - 10.000 ) 
    Source Clock Delay      (SCD):    0.787ns
    Clock Pessimism Removal (CPR):    0.000ns
  Clock Uncertainty:      0.035ns  ((TSJ^2 + TIJ^2)^1/2 + DJ) / 2 + PE
    Total System Jitter     (TSJ):    0.071ns
    Total Input Jitter      (TIJ):    0.000ns
    Discrete Jitter          (DJ):    0.000ns
    Phase Error              (PE):    0.000ns

    Location             Delay type                Incr(ns)  Path(ns)    Netlist Resource(s)
  -------------------------------------------------------------------    -------------------
                         (clock clk_i rise edge)      0.000     0.000 r  
                                                      0.000     0.000 r  clk_i (IN)
                         net (fo=2875, unset)         0.787     0.787    clk_i
                         FDCE                                         r  hsim_total_q_reg[0]/C
  -------------------------------------------------------------------    -------------------
                         FDCE (Prop_fdce_C_Q)         0.433     1.220 r  hsim_total_q_reg[0]/Q
                         net (fo=3, unplaced)         0.617     1.837    hsim_total_q[0]
                         LUT3 (Prop_lut3_I0_O)        0.232     2.069 r  hsim_total_q[7]_i_21/O
                         net (fo=2, unplaced)         0.548     2.617    hsim_total_q[7]_i_21_n_0
                         CARRY4 (Prop_carry4_DI[1]_O[3])
                                                      0.519     3.136 r  hsim_total_q_reg[7]_i_11/O[3]
                         net (fo=2, unplaced)         0.530     3.666    hsim_total_q_reg[7]_i_11_n_4
                         LUT3 (Prop_lut3_I2_O)        0.250     3.916 r  hsim_total_q[7]_i_6/O
                         net (fo=2, unplaced)         0.358     4.274    hsim_total_q[7]_i_6_n_0
                         LUT4 (Prop_lut4_I3_O)        0.105     4.379 r  hsim_total_q[7]_i_10/O
                         net (fo=1, unplaced)         0.000     4.379    hsim_total_q[7]_i_10_n_0
                         CARRY4 (Prop_carry4_S[0]_CO[3])
                                                      0.423     4.802 r  hsim_total_q_reg[7]_i_2/CO[3]
                         net (fo=1, unplaced)         0.000     4.802    hsim_total_q_reg[7]_i_2_n_0
                         CARRY4 (Prop_carry4_CI_O[1])
                                                      0.269     5.071 f  hsim_total_q_reg[10]_i_3/O[1]
                         net (fo=4, unplaced)         0.496     5.567    in172[9]
                         LUT4 (Prop_lut4_I0_O)        0.265     5.832 r  hmatch_best_dist_q[10]_i_7/O
                         net (fo=1, unplaced)         0.000     5.832    hmatch_best_dist_q[10]_i_7_n_0
                         CARRY4 (Prop_carry4_DI[0]_CO[1])
                                                      0.443     6.275 r  hmatch_best_dist_q_reg[10]_i_3/CO[1]
                         net (fo=1, unplaced)         0.240     6.515    hmatch_best_dist_q_reg[10]_i_3_n_2
                         LUT6 (Prop_lut6_I3_O)        0.277     6.792 r  hmatch_best_dist_q[10]_i_1/O
                         net (fo=19, unplaced)        0.425     7.217    hmatch_best_dist_q[10]_i_1_n_0
                         FDCE                                         r  hmatch_best_dist_q_reg[7]/CE
  -------------------------------------------------------------------    -------------------

                         (clock clk_i rise edge)     10.000    10.000 r  
                                                      0.000    10.000 r  clk_i (IN)
                         net (fo=2875, unset)         0.748    10.748    clk_i
                         FDCE                                         r  hmatch_best_dist_q_reg[7]/C
                         clock pessimism              0.000    10.748    
                         clock uncertainty           -0.035    10.712    
                         FDCE (Setup_fdce_C_CE)      -0.136    10.576    hmatch_best_dist_q_reg[7]
  -------------------------------------------------------------------
                         required time                         10.576    
                         arrival time                          -7.217    
  -------------------------------------------------------------------
                         slack                                  3.359    

Slack (MET) :             3.359ns  (required time - arrival time)
  Source:                 hsim_total_q_reg[0]/C
                            (rising edge-triggered cell FDCE clocked by clk_i  {rise@0.000ns fall@5.000ns period=10.000ns})
  Destination:            hmatch_best_dist_q_reg[8]/CE
                            (rising edge-triggered cell FDCE clocked by clk_i  {rise@0.000ns fall@5.000ns period=10.000ns})
  Path Group:             clk_i
  Path Type:              Setup (Max at Slow Process Corner)
  Requirement:            10.000ns  (clk_i rise@10.000ns - clk_i rise@0.000ns)
  Data Path Delay:        6.430ns  (logic 3.216ns (50.016%)  route 3.214ns (49.984%))
  Logic Levels:           9  (CARRY4=4 LUT3=2 LUT4=2 LUT6=1)
  Clock Path Skew:        -0.039ns (DCD - SCD + CPR)
    Destination Clock Delay (DCD):    0.748ns = ( 10.748 - 10.000 ) 
    Source Clock Delay      (SCD):    0.787ns
    Clock Pessimism Removal (CPR):    0.000ns
  Clock Uncertainty:      0.035ns  ((TSJ^2 + TIJ^2)^1/2 + DJ) / 2 + PE
    Total System Jitter     (TSJ):    0.071ns
    Total Input Jitter      (TIJ):    0.000ns
    Discrete Jitter          (DJ):    0.000ns
    Phase Error              (PE):    0.000ns

    Location             Delay type                Incr(ns)  Path(ns)    Netlist Resource(s)
  -------------------------------------------------------------------    -------------------
                         (clock clk_i rise edge)      0.000     0.000 r  
                                                      0.000     0.000 r  clk_i (IN)
                         net (fo=2875, unset)         0.787     0.787    clk_i
                         FDCE                                         r  hsim_total_q_reg[0]/C
  -------------------------------------------------------------------    -------------------
                         FDCE (Prop_fdce_C_Q)         0.433     1.220 r  hsim_total_q_reg[0]/Q
                         net (fo=3, unplaced)         0.617     1.837    hsim_total_q[0]
                         LUT3 (Prop_lut3_I0_O)        0.232     2.069 r  hsim_total_q[7]_i_21/O
                         net (fo=2, unplaced)         0.548     2.617    hsim_total_q[7]_i_21_n_0
                         CARRY4 (Prop_carry4_DI[1]_O[3])
                                                      0.519     3.136 r  hsim_total_q_reg[7]_i_11/O[3]
                         net (fo=2, unplaced)         0.530     3.666    hsim_total_q_reg[7]_i_11_n_4
                         LUT3 (Prop_lut3_I2_O)        0.250     3.916 r  hsim_total_q[7]_i_6/O
                         net (fo=2, unplaced)         0.358     4.274    hsim_total_q[7]_i_6_n_0
                         LUT4 (Prop_lut4_I3_O)        0.105     4.379 r  hsim_total_q[7]_i_10/O
                         net (fo=1, unplaced)         0.000     4.379    hsim_total_q[7]_i_10_n_0
                         CARRY4 (Prop_carry4_S[0]_CO[3])
                                                      0.423     4.802 r  hsim_total_q_reg[7]_i_2/CO[3]
                         net (fo=1, unplaced)         0.000     4.802    hsim_total_q_reg[7]_i_2_n_0
                         CARRY4 (Prop_carry4_CI_O[1])
                                                      0.269     5.071 f  hsim_total_q_reg[10]_i_3/O[1]
                         net (fo=4, unplaced)         0.496     5.567    in172[9]
                         LUT4 (Prop_lut4_I0_O)        0.265     5.832 r  hmatch_best_dist_q[10]_i_7/O
                         net (fo=1, unplaced)         0.000     5.832    hmatch_best_dist_q[10]_i_7_n_0
                         CARRY4 (Prop_carry4_DI[0]_CO[1])
                                                      0.443     6.275 r  hmatch_best_dist_q_reg[10]_i_3/CO[1]
                         net (fo=1, unplaced)         0.240     6.515    hmatch_best_dist_q_reg[10]_i_3_n_2
                         LUT6 (Prop_lut6_I3_O)        0.277     6.792 r  hmatch_best_dist_q[10]_i_1/O
                         net (fo=19, unplaced)        0.425     7.217    hmatch_best_dist_q[10]_i_1_n_0
                         FDCE                                         r  hmatch_best_dist_q_reg[8]/CE
  -------------------------------------------------------------------    -------------------

                         (clock clk_i rise edge)     10.000    10.000 r  
                                                      0.000    10.000 r  clk_i (IN)
                         net (fo=2875, unset)         0.748    10.748    clk_i
                         FDCE                                         r  hmatch_best_dist_q_reg[8]/C
                         clock pessimism              0.000    10.748    
                         clock uncertainty           -0.035    10.712    
                         FDCE (Setup_fdce_C_CE)      -0.136    10.576    hmatch_best_dist_q_reg[8]
  -------------------------------------------------------------------
                         required time                         10.576    
                         arrival time                          -7.217    
  -------------------------------------------------------------------
                         slack                                  3.359    




