pattern|cell|ref_name|q_net|fanout
# pattern=*p2_lane_ctrl_q_reg* count=0
# pattern=*uop_p2_q_reg* count=71
*uop_p2_q_reg*|uop_p2_q_reg[arch_op][0]|FDCE|uop_p2_q_reg[arch_op][0]|1
*uop_p2_q_reg*|uop_p2_q_reg[arch_op][1]|FDCE|uop_p2_q_reg[arch_op][1]|1
*uop_p2_q_reg*|uop_p2_q_reg[arch_op][2]|FDCE|uop_p2_q_reg[arch_op][2]|1
*uop_p2_q_reg*|uop_p2_q_reg[arch_op][3]|FDCE|uop_p2_q_reg[arch_op][3]|1
*uop_p2_q_reg*|uop_p2_q_reg[chunk_idx][0]|FDCE|uop_p2_q_reg[chunk_idx][0]|1
*uop_p2_q_reg*|uop_p2_q_reg[chunk_idx][1]|FDCE|uop_p2_q_reg[chunk_idx][1]|1
*uop_p2_q_reg*|uop_p2_q_reg[class_count][0]|FDCE|uop_p2_q_reg[class_count][0]|1
*uop_p2_q_reg*|uop_p2_q_reg[class_count][1]|FDCE|uop_p2_q_reg[class_count][1]|1
*uop_p2_q_reg*|uop_p2_q_reg[class_count][2]|FDCE|uop_p2_q_reg[class_count][2]|1
*uop_p2_q_reg*|uop_p2_q_reg[class_count][3]|FDCE|uop_p2_q_reg[class_count][3]|1
*uop_p2_q_reg*|uop_p2_q_reg[class_count][4]|FDCE|uop_p2_q_reg[class_count][4]|1
*uop_p2_q_reg*|uop_p2_q_reg[class_count][5]|FDCE|uop_p2_q_reg[class_count][5]|1
*uop_p2_q_reg*|uop_p2_q_reg[class_count][6]|FDCE|uop_p2_q_reg[class_count][6]|1
*uop_p2_q_reg*|uop_p2_q_reg[class_count][7]|FDCE|uop_p2_q_reg[class_count][7]|1
*uop_p2_q_reg*|uop_p2_q_reg[class_idx][0]|FDCE|uop_p2_q_reg[class_idx][0]|1
*uop_p2_q_reg*|uop_p2_q_reg[class_idx][1]|FDCE|uop_p2_q_reg[class_idx][1]|1
*uop_p2_q_reg*|uop_p2_q_reg[class_idx][2]|FDCE|uop_p2_q_reg[class_idx][2]|1
*uop_p2_q_reg*|uop_p2_q_reg[class_idx][3]|FDCE|uop_p2_q_reg[class_idx][3]|1
*uop_p2_q_reg*|uop_p2_q_reg[class_idx][4]|FDCE|uop_p2_q_reg[class_idx][4]|1
*uop_p2_q_reg*|uop_p2_q_reg[class_idx][5]|FDCE|uop_p2_q_reg[class_idx][5]|1
*uop_p2_q_reg*|uop_p2_q_reg[class_idx][6]|FDCE|uop_p2_q_reg[class_idx][6]|1
*uop_p2_q_reg*|uop_p2_q_reg[class_idx][7]|FDCE|uop_p2_q_reg[class_idx][7]|1
*uop_p2_q_reg*|uop_p2_q_reg[dst_addr][0]|FDCE|uop_p2_q_reg[dst_addr][0]|1
*uop_p2_q_reg*|uop_p2_q_reg[dst_addr][1]|FDCE|uop_p2_q_reg[dst_addr][1]|1
*uop_p2_q_reg*|uop_p2_q_reg[dst_addr][2]|FDCE|uop_p2_q_reg[dst_addr][2]|1
*uop_p2_q_reg*|uop_p2_q_reg[dst_addr][3]|FDCE|uop_p2_q_reg[dst_addr][3]|1
*uop_p2_q_reg*|uop_p2_q_reg[dst_addr][4]|FDCE|uop_p2_q_reg[dst_addr][4]|1
*uop_p2_q_reg*|uop_p2_q_reg[dst_addr][5]|FDCE|uop_p2_q_reg[dst_addr][5]|1
*uop_p2_q_reg*|uop_p2_q_reg[dst_base][2]|FDCE|uop_p2_q_reg[dst_base][2]|1
*uop_p2_q_reg*|uop_p2_q_reg[dst_base][3]|FDCE|uop_p2_q_reg[dst_base][3]|1
*uop_p2_q_reg*|uop_p2_q_reg[dst_base][4]|FDCE|uop_p2_q_reg[dst_base][4]|1
*uop_p2_q_reg*|uop_p2_q_reg[dst_base][5]|FDCE|uop_p2_q_reg[dst_base][5]|1
*uop_p2_q_reg*|uop_p2_q_reg[is_last_class]|FDCE|uop_p2_q_reg[is_last_class]__0|1
*uop_p2_q_reg*|uop_p2_q_reg[op_type][0]|FDCE|uop_p2_q_reg[op_type_n_0_][0]|1
*uop_p2_q_reg*|uop_p2_q_reg[op_type][1]|FDCE|uop_p2_q_reg[op_type_n_0_][1]|1
*uop_p2_q_reg*|uop_p2_q_reg[op_type][2]|FDCE|uop_p2_q_reg[op_type_n_0_][2]|1
*uop_p2_q_reg*|uop_p2_q_reg[perm_nibble][0]|FDCE|uop_p2_q_reg[perm_nibble_n_0_][0]|6
*uop_p2_q_reg*|uop_p2_q_reg[perm_nibble][1]|FDCE|uop_p2_q_reg[perm_nibble_n_0_][1]|4
*uop_p2_q_reg*|uop_p2_q_reg[perm_nibble][2]|FDCE|uop_p2_q_reg[perm_nibble_n_0_][2]|2
*uop_p2_q_reg*|uop_p2_q_reg[perm_nibble][3]|FDCE|uop_p2_q_reg[perm_nibble_n_0_][3]|2
*uop_p2_q_reg*|uop_p2_q_reg[src0_addr][0]|FDCE|uop_p2_q_reg[src0_addr][0]|1
*uop_p2_q_reg*|uop_p2_q_reg[src0_addr][1]|FDCE|uop_p2_q_reg[src0_addr][1]|1
*uop_p2_q_reg*|uop_p2_q_reg[src0_addr][2]|FDCE|uop_p2_q_reg[src0_addr][2]|1
*uop_p2_q_reg*|uop_p2_q_reg[src0_addr][3]|FDCE|uop_p2_q_reg[src0_addr][3]|1
*uop_p2_q_reg*|uop_p2_q_reg[src0_addr][4]|FDCE|uop_p2_q_reg[src0_addr][4]|1
*uop_p2_q_reg*|uop_p2_q_reg[src0_addr][5]|FDCE|uop_p2_q_reg[src0_addr][5]|1
*uop_p2_q_reg*|uop_p2_q_reg[src0_base][2]|FDCE|uop_p2_q_reg[src0_base][2]|1
*uop_p2_q_reg*|uop_p2_q_reg[src0_base][3]|FDCE|uop_p2_q_reg[src0_base][3]|1
*uop_p2_q_reg*|uop_p2_q_reg[src0_base][4]|FDCE|uop_p2_q_reg[src0_base][4]|1
*uop_p2_q_reg*|uop_p2_q_reg[src0_base][5]|FDCE|uop_p2_q_reg[src0_base][5]|1
*uop_p2_q_reg*|uop_p2_q_reg[src1_addr][0]|FDCE|uop_p2_q_reg[src1_addr][0]|1
*uop_p2_q_reg*|uop_p2_q_reg[src1_addr][1]|FDCE|uop_p2_q_reg[src1_addr][1]|1
*uop_p2_q_reg*|uop_p2_q_reg[src1_addr][2]|FDCE|uop_p2_q_reg[src1_addr][2]|1
*uop_p2_q_reg*|uop_p2_q_reg[src1_addr][3]|FDCE|uop_p2_q_reg[src1_addr][3]|1
*uop_p2_q_reg*|uop_p2_q_reg[src1_addr][4]|FDCE|uop_p2_q_reg[src1_addr][4]|1
*uop_p2_q_reg*|uop_p2_q_reg[src1_addr][5]|FDCE|uop_p2_q_reg[src1_addr][5]|1
*uop_p2_q_reg*|uop_p2_q_reg[src1_base][2]|FDCE|uop_p2_q_reg[src1_base][2]|1
*uop_p2_q_reg*|uop_p2_q_reg[src1_base][3]|FDCE|uop_p2_q_reg[src1_base][3]|1
*uop_p2_q_reg*|uop_p2_q_reg[src1_base][4]|FDCE|uop_p2_q_reg[src1_base][4]|1
*uop_p2_q_reg*|uop_p2_q_reg[src1_base][5]|FDCE|uop_p2_q_reg[src1_base][5]|1
*uop_p2_q_reg*|uop_p2_q_reg[subgroup_idx][0]|FDCE|uop_p2_q_reg[subgroup_idx][0]|5
*uop_p2_q_reg*|uop_p2_q_reg[subgroup_idx][1]|FDCE|uop_p2_q_reg[subgroup_idx][1]|4
*uop_p2_q_reg*|uop_p2_q_reg[use_clip]|FDCE|uop_p2_q_reg[use_clip]__0|69
*uop_p2_q_reg*|uop_p2_q_reg[use_counter]|FDCE|uop_p2_q_reg[use_counter]__0|5
*uop_p2_q_reg*|uop_p2_q_reg[use_popcount]|FDCE|uop_p2_q_reg[use_popcount]__0|4
*uop_p2_q_reg*|uop_p2_q_reg[use_popcount]_rep|FDCE|uop_p2_q_reg[use_popcount]_rep_n_0|96
*uop_p2_q_reg*|uop_p2_q_reg[use_popcount]_rep__0|FDCE|uop_p2_q_reg[use_popcount]_rep__0_n_0|96
*uop_p2_q_reg*|uop_p2_q_reg[use_popcount]_rep__1|FDCE|uop_p2_q_reg[use_popcount]_rep__1_n_0|96
*uop_p2_q_reg*|uop_p2_q_reg[use_shift]|FDCE|uop_p2_q_reg[use_shift]__0|9
*uop_p2_q_reg*|uop_p2_q_reg[use_xor]|FDCE|uop_p2_q_reg[use_xor]__0|290
*uop_p2_q_reg*|uop_p2_q_reg[valid]|FDCE|uop_p2_q_reg[valid]__0|6
# pattern=*lane_popcnt_q_reg* count=28
*lane_popcnt_q_reg*|lane_popcnt_q_reg[0][0]|FDCE|lane_popcnt_q_reg[0][0]|2
*lane_popcnt_q_reg*|lane_popcnt_q_reg[0][1]|FDCE|lane_popcnt_q_reg[0][1]|2
*lane_popcnt_q_reg*|lane_popcnt_q_reg[0][2]|FDCE|lane_popcnt_q_reg[0][2]|2
*lane_popcnt_q_reg*|lane_popcnt_q_reg[0][3]|FDCE|lane_popcnt_q_reg[0][3]|2
*lane_popcnt_q_reg*|lane_popcnt_q_reg[0][4]|FDCE|lane_popcnt_q_reg[0][4]|2
*lane_popcnt_q_reg*|lane_popcnt_q_reg[0][5]|FDCE|lane_popcnt_q_reg[0][5]|2
*lane_popcnt_q_reg*|lane_popcnt_q_reg[0][6]|FDCE|lane_popcnt_q_reg[0][6]|2
*lane_popcnt_q_reg*|lane_popcnt_q_reg[1][0]|FDCE|lane_popcnt_q_reg[1][0]|2
*lane_popcnt_q_reg*|lane_popcnt_q_reg[1][1]|FDCE|lane_popcnt_q_reg[1][1]|2
*lane_popcnt_q_reg*|lane_popcnt_q_reg[1][2]|FDCE|lane_popcnt_q_reg[1][2]|2
*lane_popcnt_q_reg*|lane_popcnt_q_reg[1][3]|FDCE|lane_popcnt_q_reg[1][3]|2
*lane_popcnt_q_reg*|lane_popcnt_q_reg[1][4]|FDCE|lane_popcnt_q_reg[1][4]|2
*lane_popcnt_q_reg*|lane_popcnt_q_reg[1][5]|FDCE|lane_popcnt_q_reg[1][5]|2
*lane_popcnt_q_reg*|lane_popcnt_q_reg[1][6]|FDCE|lane_popcnt_q_reg[1][6]|2
*lane_popcnt_q_reg*|lane_popcnt_q_reg[2][0]|FDCE|lane_popcnt_q_reg[2][0]|2
*lane_popcnt_q_reg*|lane_popcnt_q_reg[2][1]|FDCE|lane_popcnt_q_reg[2][1]|2
*lane_popcnt_q_reg*|lane_popcnt_q_reg[2][2]|FDCE|lane_popcnt_q_reg[2][2]|2
*lane_popcnt_q_reg*|lane_popcnt_q_reg[2][3]|FDCE|lane_popcnt_q_reg[2][3]|2
*lane_popcnt_q_reg*|lane_popcnt_q_reg[2][4]|FDCE|lane_popcnt_q_reg[2][4]|2
*lane_popcnt_q_reg*|lane_popcnt_q_reg[2][5]|FDCE|lane_popcnt_q_reg[2][5]|2
*lane_popcnt_q_reg*|lane_popcnt_q_reg[2][6]|FDCE|lane_popcnt_q_reg[2][6]|2
*lane_popcnt_q_reg*|lane_popcnt_q_reg[3][0]|FDCE|lane_popcnt_q_reg[3][0]|2
*lane_popcnt_q_reg*|lane_popcnt_q_reg[3][1]|FDCE|lane_popcnt_q_reg[3][1]|2
*lane_popcnt_q_reg*|lane_popcnt_q_reg[3][2]|FDCE|lane_popcnt_q_reg[3][2]|2
*lane_popcnt_q_reg*|lane_popcnt_q_reg[3][3]|FDCE|lane_popcnt_q_reg[3][3]|2
*lane_popcnt_q_reg*|lane_popcnt_q_reg[3][4]|FDCE|lane_popcnt_q_reg[3][4]|2
*lane_popcnt_q_reg*|lane_popcnt_q_reg[3][5]|FDCE|lane_popcnt_q_reg[3][5]|2
*lane_popcnt_q_reg*|lane_popcnt_q_reg[3][6]|FDCE|lane_popcnt_q_reg[3][6]|2
# pattern=*lane_pop7_q* count=0
# pattern=*lane_result_q_reg* count=262
*lane_result_q_reg*|lane_result_q_reg[0][0]|FDCE|lane_result_q_reg[0][0]|1
*lane_result_q_reg*|lane_result_q_reg[0][10]|FDCE|lane_result_q_reg[0][10]|1
*lane_result_q_reg*|lane_result_q_reg[0][11]|FDCE|lane_result_q_reg[0][11]|1
*lane_result_q_reg*|lane_result_q_reg[0][12]|FDCE|lane_result_q_reg[0][12]|1
*lane_result_q_reg*|lane_result_q_reg[0][13]|FDCE|lane_result_q_reg[0][13]|1
*lane_result_q_reg*|lane_result_q_reg[0][14]|FDCE|lane_result_q_reg[0][14]|1
*lane_result_q_reg*|lane_result_q_reg[0][15]|FDCE|lane_result_q_reg[0][15]|1
*lane_result_q_reg*|lane_result_q_reg[0][16]|FDCE|lane_result_q_reg[0][16]|1
*lane_result_q_reg*|lane_result_q_reg[0][17]|FDCE|lane_result_q_reg[0][17]|1
*lane_result_q_reg*|lane_result_q_reg[0][18]|FDCE|lane_result_q_reg[0][18]|1
*lane_result_q_reg*|lane_result_q_reg[0][19]|FDCE|lane_result_q_reg[0][19]|1
*lane_result_q_reg*|lane_result_q_reg[0][1]|FDCE|lane_result_q_reg[0][1]|1
*lane_result_q_reg*|lane_result_q_reg[0][20]|FDCE|lane_result_q_reg[0][20]|1
*lane_result_q_reg*|lane_result_q_reg[0][21]|FDCE|lane_result_q_reg[0][21]|1
*lane_result_q_reg*|lane_result_q_reg[0][22]|FDCE|lane_result_q_reg[0][22]|1
*lane_result_q_reg*|lane_result_q_reg[0][23]|FDCE|lane_result_q_reg[0][23]|1
*lane_result_q_reg*|lane_result_q_reg[0][24]|FDCE|lane_result_q_reg[0][24]|1
*lane_result_q_reg*|lane_result_q_reg[0][25]|FDCE|lane_result_q_reg[0][25]|1
*lane_result_q_reg*|lane_result_q_reg[0][26]|FDCE|lane_result_q_reg[0][26]|1
*lane_result_q_reg*|lane_result_q_reg[0][27]|FDCE|lane_result_q_reg[0][27]|1
*lane_result_q_reg*|lane_result_q_reg[0][28]|FDCE|lane_result_q_reg[0][28]|1
*lane_result_q_reg*|lane_result_q_reg[0][29]|FDCE|lane_result_q_reg[0][29]|1
*lane_result_q_reg*|lane_result_q_reg[0][2]|FDCE|lane_result_q_reg[0][2]|1
*lane_result_q_reg*|lane_result_q_reg[0][30]|FDCE|lane_result_q_reg[0][30]|1
*lane_result_q_reg*|lane_result_q_reg[0][31]|FDCE|lane_result_q_reg[0][31]|1
*lane_result_q_reg*|lane_result_q_reg[0][32]|FDCE|lane_result_q_reg[0][32]|1
*lane_result_q_reg*|lane_result_q_reg[0][33]|FDCE|lane_result_q_reg[0][33]|1
*lane_result_q_reg*|lane_result_q_reg[0][34]|FDCE|lane_result_q_reg[0][34]|1
*lane_result_q_reg*|lane_result_q_reg[0][35]|FDCE|lane_result_q_reg[0][35]|1
*lane_result_q_reg*|lane_result_q_reg[0][36]|FDCE|lane_result_q_reg[0][36]|1
*lane_result_q_reg*|lane_result_q_reg[0][37]|FDCE|lane_result_q_reg[0][37]|1
*lane_result_q_reg*|lane_result_q_reg[0][38]|FDCE|lane_result_q_reg[0][38]|1
*lane_result_q_reg*|lane_result_q_reg[0][39]|FDCE|lane_result_q_reg[0][39]|1
*lane_result_q_reg*|lane_result_q_reg[0][3]|FDCE|lane_result_q_reg[0][3]|1
*lane_result_q_reg*|lane_result_q_reg[0][40]|FDCE|lane_result_q_reg[0][40]|1
*lane_result_q_reg*|lane_result_q_reg[0][41]|FDCE|lane_result_q_reg[0][41]|1
*lane_result_q_reg*|lane_result_q_reg[0][42]|FDCE|lane_result_q_reg[0][42]|1
*lane_result_q_reg*|lane_result_q_reg[0][43]|FDCE|lane_result_q_reg[0][43]|1
*lane_result_q_reg*|lane_result_q_reg[0][44]|FDCE|lane_result_q_reg[0][44]|1
*lane_result_q_reg*|lane_result_q_reg[0][45]|FDCE|lane_result_q_reg[0][45]|1
*lane_result_q_reg*|lane_result_q_reg[0][46]|FDCE|lane_result_q_reg[0][46]|1
*lane_result_q_reg*|lane_result_q_reg[0][47]|FDCE|lane_result_q_reg[0][47]|1
*lane_result_q_reg*|lane_result_q_reg[0][48]|FDCE|lane_result_q_reg[0][48]|1
*lane_result_q_reg*|lane_result_q_reg[0][49]|FDCE|lane_result_q_reg[0][49]|1
*lane_result_q_reg*|lane_result_q_reg[0][4]|FDCE|lane_result_q_reg[0][4]|1
*lane_result_q_reg*|lane_result_q_reg[0][50]|FDCE|lane_result_q_reg[0][50]|1
*lane_result_q_reg*|lane_result_q_reg[0][51]|FDCE|lane_result_q_reg[0][51]|1
*lane_result_q_reg*|lane_result_q_reg[0][52]|FDCE|lane_result_q_reg[0][52]|1
*lane_result_q_reg*|lane_result_q_reg[0][53]|FDCE|lane_result_q_reg[0][53]|1
*lane_result_q_reg*|lane_result_q_reg[0][54]|FDCE|lane_result_q_reg[0][54]|1
*lane_result_q_reg*|lane_result_q_reg[0][55]|FDCE|lane_result_q_reg[0][55]|1
*lane_result_q_reg*|lane_result_q_reg[0][56]|FDCE|lane_result_q_reg[0][56]|1
*lane_result_q_reg*|lane_result_q_reg[0][57]|FDCE|lane_result_q_reg[0][57]|1
*lane_result_q_reg*|lane_result_q_reg[0][58]|FDCE|lane_result_q_reg[0][58]|1
*lane_result_q_reg*|lane_result_q_reg[0][59]|FDCE|lane_result_q_reg[0][59]|1
*lane_result_q_reg*|lane_result_q_reg[0][5]|FDCE|lane_result_q_reg[0][5]|1
*lane_result_q_reg*|lane_result_q_reg[0][60]|FDCE|lane_result_q_reg[0][60]|1
*lane_result_q_reg*|lane_result_q_reg[0][61]|FDCE|lane_result_q_reg[0][61]|1
*lane_result_q_reg*|lane_result_q_reg[0][62]|FDCE|lane_result_q_reg[0][62]|1
*lane_result_q_reg*|lane_result_q_reg[0][63]|FDCE|lane_result_q_reg[0][63]|1
*lane_result_q_reg*|lane_result_q_reg[0][6]|FDCE|lane_result_q_reg[0][6]|1
*lane_result_q_reg*|lane_result_q_reg[0][7]|FDCE|lane_result_q_reg[0][7]|1
*lane_result_q_reg*|lane_result_q_reg[0][8]|FDCE|lane_result_q_reg[0][8]|1
*lane_result_q_reg*|lane_result_q_reg[0][9]|FDCE|lane_result_q_reg[0][9]|1
*lane_result_q_reg*|lane_result_q_reg[1][0]|FDCE|lane_result_q_reg[1][0]|1
*lane_result_q_reg*|lane_result_q_reg[1][10]|FDCE|lane_result_q_reg[1][10]|1
*lane_result_q_reg*|lane_result_q_reg[1][11]|FDCE|lane_result_q_reg[1][11]|1
*lane_result_q_reg*|lane_result_q_reg[1][12]|FDCE|lane_result_q_reg[1][12]|1
*lane_result_q_reg*|lane_result_q_reg[1][13]|FDCE|lane_result_q_reg[1][13]|1
*lane_result_q_reg*|lane_result_q_reg[1][14]|FDCE|lane_result_q_reg[1][14]|1
*lane_result_q_reg*|lane_result_q_reg[1][15]|FDCE|lane_result_q_reg[1][15]|1
*lane_result_q_reg*|lane_result_q_reg[1][16]|FDCE|lane_result_q_reg[1][16]|1
*lane_result_q_reg*|lane_result_q_reg[1][17]|FDCE|lane_result_q_reg[1][17]|1
*lane_result_q_reg*|lane_result_q_reg[1][18]|FDCE|lane_result_q_reg[1][18]|1
*lane_result_q_reg*|lane_result_q_reg[1][19]|FDCE|lane_result_q_reg[1][19]|1
*lane_result_q_reg*|lane_result_q_reg[1][1]|FDCE|lane_result_q_reg[1][1]|1
*lane_result_q_reg*|lane_result_q_reg[1][20]|FDCE|lane_result_q_reg[1][20]|1
*lane_result_q_reg*|lane_result_q_reg[1][21]|FDCE|lane_result_q_reg[1][21]|1
*lane_result_q_reg*|lane_result_q_reg[1][22]|FDCE|lane_result_q_reg[1][22]|1
*lane_result_q_reg*|lane_result_q_reg[1][23]|FDCE|lane_result_q_reg[1][23]|1
*lane_result_q_reg*|lane_result_q_reg[1][24]|FDCE|lane_result_q_reg[1][24]|1
*lane_result_q_reg*|lane_result_q_reg[1][25]|FDCE|lane_result_q_reg[1][25]|1
*lane_result_q_reg*|lane_result_q_reg[1][26]|FDCE|lane_result_q_reg[1][26]|1
*lane_result_q_reg*|lane_result_q_reg[1][27]|FDCE|lane_result_q_reg[1][27]|1
*lane_result_q_reg*|lane_result_q_reg[1][28]|FDCE|lane_result_q_reg[1][28]|1
*lane_result_q_reg*|lane_result_q_reg[1][29]|FDCE|lane_result_q_reg[1][29]|1
*lane_result_q_reg*|lane_result_q_reg[1][2]|FDCE|lane_result_q_reg[1][2]|1
*lane_result_q_reg*|lane_result_q_reg[1][30]|FDCE|lane_result_q_reg[1][30]|1
*lane_result_q_reg*|lane_result_q_reg[1][31]|FDCE|lane_result_q_reg[1][31]|1
*lane_result_q_reg*|lane_result_q_reg[1][32]|FDCE|lane_result_q_reg[1][32]|1
*lane_result_q_reg*|lane_result_q_reg[1][33]|FDCE|lane_result_q_reg[1][33]|1
*lane_result_q_reg*|lane_result_q_reg[1][34]|FDCE|lane_result_q_reg[1][34]|1
*lane_result_q_reg*|lane_result_q_reg[1][35]|FDCE|lane_result_q_reg[1][35]|1
*lane_result_q_reg*|lane_result_q_reg[1][36]|FDCE|lane_result_q_reg[1][36]|1
*lane_result_q_reg*|lane_result_q_reg[1][37]|FDCE|lane_result_q_reg[1][37]|1
*lane_result_q_reg*|lane_result_q_reg[1][38]|FDCE|lane_result_q_reg[1][38]|1
*lane_result_q_reg*|lane_result_q_reg[1][39]|FDCE|lane_result_q_reg[1][39]|1
*lane_result_q_reg*|lane_result_q_reg[1][3]|FDCE|lane_result_q_reg[1][3]|1
*lane_result_q_reg*|lane_result_q_reg[1][40]|FDCE|lane_result_q_reg[1][40]|1
*lane_result_q_reg*|lane_result_q_reg[1][41]|FDCE|lane_result_q_reg[1][41]|1
*lane_result_q_reg*|lane_result_q_reg[1][42]|FDCE|lane_result_q_reg[1][42]|1
*lane_result_q_reg*|lane_result_q_reg[1][43]|FDCE|lane_result_q_reg[1][43]|1
*lane_result_q_reg*|lane_result_q_reg[1][44]|FDCE|lane_result_q_reg[1][44]|1
*lane_result_q_reg*|lane_result_q_reg[1][45]|FDCE|lane_result_q_reg[1][45]|1
*lane_result_q_reg*|lane_result_q_reg[1][46]|FDCE|lane_result_q_reg[1][46]|1
*lane_result_q_reg*|lane_result_q_reg[1][47]|FDCE|lane_result_q_reg[1][47]|1
*lane_result_q_reg*|lane_result_q_reg[1][48]|FDCE|lane_result_q_reg[1][48]|1
*lane_result_q_reg*|lane_result_q_reg[1][49]|FDCE|lane_result_q_reg[1][49]|1
*lane_result_q_reg*|lane_result_q_reg[1][4]|FDCE|lane_result_q_reg[1][4]|1
*lane_result_q_reg*|lane_result_q_reg[1][50]|FDCE|lane_result_q_reg[1][50]|1
*lane_result_q_reg*|lane_result_q_reg[1][51]|FDCE|lane_result_q_reg[1][51]|1
*lane_result_q_reg*|lane_result_q_reg[1][52]|FDCE|lane_result_q_reg[1][52]|1
*lane_result_q_reg*|lane_result_q_reg[1][53]|FDCE|lane_result_q_reg[1][53]|1
*lane_result_q_reg*|lane_result_q_reg[1][54]|FDCE|lane_result_q_reg[1][54]|1
*lane_result_q_reg*|lane_result_q_reg[1][55]|FDCE|lane_result_q_reg[1][55]|1
*lane_result_q_reg*|lane_result_q_reg[1][56]|FDCE|lane_result_q_reg[1][56]|1
*lane_result_q_reg*|lane_result_q_reg[1][57]|FDCE|lane_result_q_reg[1][57]|1
*lane_result_q_reg*|lane_result_q_reg[1][58]|FDCE|lane_result_q_reg[1][58]|1
*lane_result_q_reg*|lane_result_q_reg[1][59]|FDCE|lane_result_q_reg[1][59]|1
*lane_result_q_reg*|lane_result_q_reg[1][5]|FDCE|lane_result_q_reg[1][5]|1
*lane_result_q_reg*|lane_result_q_reg[1][60]|FDCE|lane_result_q_reg[1][60]|1
*lane_result_q_reg*|lane_result_q_reg[1][61]|FDCE|lane_result_q_reg[1][61]|1
*lane_result_q_reg*|lane_result_q_reg[1][62]|FDCE|lane_result_q_reg[1][62]|1
*lane_result_q_reg*|lane_result_q_reg[1][63]|FDCE|lane_result_q_reg[1][63]|1
*lane_result_q_reg*|lane_result_q_reg[1][6]|FDCE|lane_result_q_reg[1][6]|1
*lane_result_q_reg*|lane_result_q_reg[1][7]|FDCE|lane_result_q_reg[1][7]|1
*lane_result_q_reg*|lane_result_q_reg[1][8]|FDCE|lane_result_q_reg[1][8]|1
*lane_result_q_reg*|lane_result_q_reg[1][9]|FDCE|lane_result_q_reg[1][9]|1
*lane_result_q_reg*|lane_result_q_reg[2][0]|FDCE|lane_result_q_reg[2][0]|1
*lane_result_q_reg*|lane_result_q_reg[2][10]|FDCE|lane_result_q_reg[2][10]|1
*lane_result_q_reg*|lane_result_q_reg[2][11]|FDCE|lane_result_q_reg[2][11]|1
*lane_result_q_reg*|lane_result_q_reg[2][12]|FDCE|lane_result_q_reg[2][12]|1
*lane_result_q_reg*|lane_result_q_reg[2][13]|FDCE|lane_result_q_reg[2][13]|1
*lane_result_q_reg*|lane_result_q_reg[2][14]|FDCE|lane_result_q_reg[2][14]|1
*lane_result_q_reg*|lane_result_q_reg[2][15]|FDCE|lane_result_q_reg[2][15]|1
*lane_result_q_reg*|lane_result_q_reg[2][16]|FDCE|lane_result_q_reg[2][16]|1
*lane_result_q_reg*|lane_result_q_reg[2][17]|FDCE|lane_result_q_reg[2][17]|1
*lane_result_q_reg*|lane_result_q_reg[2][18]|FDCE|lane_result_q_reg[2][18]|1
*lane_result_q_reg*|lane_result_q_reg[2][19]|FDCE|lane_result_q_reg[2][19]|1
*lane_result_q_reg*|lane_result_q_reg[2][1]|FDCE|lane_result_q_reg[2][1]|1
*lane_result_q_reg*|lane_result_q_reg[2][20]|FDCE|lane_result_q_reg[2][20]|1
*lane_result_q_reg*|lane_result_q_reg[2][21]|FDCE|lane_result_q_reg[2][21]|1
*lane_result_q_reg*|lane_result_q_reg[2][22]|FDCE|lane_result_q_reg[2][22]|1
*lane_result_q_reg*|lane_result_q_reg[2][23]|FDCE|lane_result_q_reg[2][23]|1
*lane_result_q_reg*|lane_result_q_reg[2][24]|FDCE|lane_result_q_reg[2][24]|1
*lane_result_q_reg*|lane_result_q_reg[2][25]|FDCE|lane_result_q_reg[2][25]|1
*lane_result_q_reg*|lane_result_q_reg[2][26]|FDCE|lane_result_q_reg[2][26]|1
*lane_result_q_reg*|lane_result_q_reg[2][27]|FDCE|lane_result_q_reg[2][27]|1
*lane_result_q_reg*|lane_result_q_reg[2][28]|FDCE|lane_result_q_reg[2][28]|1
*lane_result_q_reg*|lane_result_q_reg[2][29]|FDCE|lane_result_q_reg[2][29]|1
*lane_result_q_reg*|lane_result_q_reg[2][2]|FDCE|lane_result_q_reg[2][2]|1
*lane_result_q_reg*|lane_result_q_reg[2][30]|FDCE|lane_result_q_reg[2][30]|1
*lane_result_q_reg*|lane_result_q_reg[2][31]|FDCE|lane_result_q_reg[2][31]|1
*lane_result_q_reg*|lane_result_q_reg[2][32]|FDCE|lane_result_q_reg[2][32]|1
*lane_result_q_reg*|lane_result_q_reg[2][33]|FDCE|lane_result_q_reg[2][33]|1
*lane_result_q_reg*|lane_result_q_reg[2][34]|FDCE|lane_result_q_reg[2][34]|1
*lane_result_q_reg*|lane_result_q_reg[2][35]|FDCE|lane_result_q_reg[2][35]|1
*lane_result_q_reg*|lane_result_q_reg[2][36]|FDCE|lane_result_q_reg[2][36]|1
*lane_result_q_reg*|lane_result_q_reg[2][37]|FDCE|lane_result_q_reg[2][37]|1
*lane_result_q_reg*|lane_result_q_reg[2][38]|FDCE|lane_result_q_reg[2][38]|1
*lane_result_q_reg*|lane_result_q_reg[2][39]|FDCE|lane_result_q_reg[2][39]|1
*lane_result_q_reg*|lane_result_q_reg[2][3]|FDCE|lane_result_q_reg[2][3]|1
*lane_result_q_reg*|lane_result_q_reg[2][40]|FDCE|lane_result_q_reg[2][40]|1
*lane_result_q_reg*|lane_result_q_reg[2][41]|FDCE|lane_result_q_reg[2][41]|1
*lane_result_q_reg*|lane_result_q_reg[2][42]|FDCE|lane_result_q_reg[2][42]|1
*lane_result_q_reg*|lane_result_q_reg[2][43]|FDCE|lane_result_q_reg[2][43]|1
*lane_result_q_reg*|lane_result_q_reg[2][44]|FDCE|lane_result_q_reg[2][44]|1
*lane_result_q_reg*|lane_result_q_reg[2][45]|FDCE|lane_result_q_reg[2][45]|1
*lane_result_q_reg*|lane_result_q_reg[2][46]|FDCE|lane_result_q_reg[2][46]|1
*lane_result_q_reg*|lane_result_q_reg[2][47]|FDCE|lane_result_q_reg[2][47]|1
*lane_result_q_reg*|lane_result_q_reg[2][48]|FDCE|lane_result_q_reg[2][48]|1
*lane_result_q_reg*|lane_result_q_reg[2][49]|FDCE|lane_result_q_reg[2][49]|1
*lane_result_q_reg*|lane_result_q_reg[2][4]|FDCE|lane_result_q_reg[2][4]|1
*lane_result_q_reg*|lane_result_q_reg[2][50]|FDCE|lane_result_q_reg[2][50]|1
*lane_result_q_reg*|lane_result_q_reg[2][51]|FDCE|lane_result_q_reg[2][51]|1
*lane_result_q_reg*|lane_result_q_reg[2][52]|FDCE|lane_result_q_reg[2][52]|1
*lane_result_q_reg*|lane_result_q_reg[2][53]|FDCE|lane_result_q_reg[2][53]|1
*lane_result_q_reg*|lane_result_q_reg[2][54]|FDCE|lane_result_q_reg[2][54]|1
*lane_result_q_reg*|lane_result_q_reg[2][55]|FDCE|lane_result_q_reg[2][55]|1
*lane_result_q_reg*|lane_result_q_reg[2][56]|FDCE|lane_result_q_reg[2][56]|1
*lane_result_q_reg*|lane_result_q_reg[2][57]|FDCE|lane_result_q_reg[2][57]|1
*lane_result_q_reg*|lane_result_q_reg[2][58]|FDCE|lane_result_q_reg[2][58]|1
*lane_result_q_reg*|lane_result_q_reg[2][59]|FDCE|lane_result_q_reg[2][59]|1
*lane_result_q_reg*|lane_result_q_reg[2][5]|FDCE|lane_result_q_reg[2][5]|1
*lane_result_q_reg*|lane_result_q_reg[2][60]|FDCE|lane_result_q_reg[2][60]|1
*lane_result_q_reg*|lane_result_q_reg[2][61]|FDCE|lane_result_q_reg[2][61]|1
*lane_result_q_reg*|lane_result_q_reg[2][62]|FDCE|lane_result_q_reg[2][62]|1
*lane_result_q_reg*|lane_result_q_reg[2][63]|FDCE|lane_result_q_reg[2][63]|1
*lane_result_q_reg*|lane_result_q_reg[2][6]|FDCE|lane_result_q_reg[2][6]|1
*lane_result_q_reg*|lane_result_q_reg[2][7]|FDCE|lane_result_q_reg[2][7]|1
*lane_result_q_reg*|lane_result_q_reg[2][8]|FDCE|lane_result_q_reg[2][8]|1
*lane_result_q_reg*|lane_result_q_reg[2][9]|FDCE|lane_result_q_reg[2][9]|1
*lane_result_q_reg*|lane_result_q_reg[3][0]|FDCE|lane_result_q_reg[3][0]|1
*lane_result_q_reg*|lane_result_q_reg[3][10]|FDCE|lane_result_q_reg[3][10]|1
*lane_result_q_reg*|lane_result_q_reg[3][11]|FDCE|lane_result_q_reg[3][11]|1
*lane_result_q_reg*|lane_result_q_reg[3][12]|FDCE|lane_result_q_reg[3][12]|1
*lane_result_q_reg*|lane_result_q_reg[3][13]|FDCE|lane_result_q_reg[3][13]|1
*lane_result_q_reg*|lane_result_q_reg[3][14]|FDCE|lane_result_q_reg[3][14]|1
*lane_result_q_reg*|lane_result_q_reg[3][15]|FDCE|lane_result_q_reg[3][15]|1
*lane_result_q_reg*|lane_result_q_reg[3][16]|FDCE|lane_result_q_reg[3][16]|1
*lane_result_q_reg*|lane_result_q_reg[3][17]|FDCE|lane_result_q_reg[3][17]|1
*lane_result_q_reg*|lane_result_q_reg[3][18]|FDCE|lane_result_q_reg[3][18]|1
*lane_result_q_reg*|lane_result_q_reg[3][19]|FDCE|lane_result_q_reg[3][19]|1
*lane_result_q_reg*|lane_result_q_reg[3][1]|FDCE|lane_result_q_reg[3][1]|1
*lane_result_q_reg*|lane_result_q_reg[3][20]|FDCE|lane_result_q_reg[3][20]|1
*lane_result_q_reg*|lane_result_q_reg[3][21]|FDCE|lane_result_q_reg[3][21]|1
*lane_result_q_reg*|lane_result_q_reg[3][22]|FDCE|lane_result_q_reg[3][22]|1
*lane_result_q_reg*|lane_result_q_reg[3][23]|FDCE|lane_result_q_reg[3][23]|1
*lane_result_q_reg*|lane_result_q_reg[3][24]|FDCE|lane_result_q_reg[3][24]|1
*lane_result_q_reg*|lane_result_q_reg[3][25]|FDCE|lane_result_q_reg[3][25]|1
*lane_result_q_reg*|lane_result_q_reg[3][26]|FDCE|lane_result_q_reg[3][26]|1
*lane_result_q_reg*|lane_result_q_reg[3][27]|FDCE|lane_result_q_reg[3][27]|1
*lane_result_q_reg*|lane_result_q_reg[3][28]|FDCE|lane_result_q_reg[3][28]|1
*lane_result_q_reg*|lane_result_q_reg[3][29]|FDCE|lane_result_q_reg[3][29]|1
*lane_result_q_reg*|lane_result_q_reg[3][2]|FDCE|lane_result_q_reg[3][2]|1
*lane_result_q_reg*|lane_result_q_reg[3][30]|FDCE|lane_result_q_reg[3][30]|1
*lane_result_q_reg*|lane_result_q_reg[3][31]|FDCE|lane_result_q_reg[3][31]|1
*lane_result_q_reg*|lane_result_q_reg[3][32]|FDCE|lane_result_q_reg[3][32]|1
*lane_result_q_reg*|lane_result_q_reg[3][33]|FDCE|lane_result_q_reg[3][33]|1
*lane_result_q_reg*|lane_result_q_reg[3][34]|FDCE|lane_result_q_reg[3][34]|1
*lane_result_q_reg*|lane_result_q_reg[3][35]|FDCE|lane_result_q_reg[3][35]|1
*lane_result_q_reg*|lane_result_q_reg[3][36]|FDCE|lane_result_q_reg[3][36]|1
*lane_result_q_reg*|lane_result_q_reg[3][37]|FDCE|lane_result_q_reg[3][37]|1
*lane_result_q_reg*|lane_result_q_reg[3][38]|FDCE|lane_result_q_reg[3][38]|1
*lane_result_q_reg*|lane_result_q_reg[3][39]|FDCE|lane_result_q_reg[3][39]|1
*lane_result_q_reg*|lane_result_q_reg[3][3]|FDCE|lane_result_q_reg[3][3]|1
*lane_result_q_reg*|lane_result_q_reg[3][40]|FDCE|lane_result_q_reg[3][40]|1
*lane_result_q_reg*|lane_result_q_reg[3][41]|FDCE|lane_result_q_reg[3][41]|1
*lane_result_q_reg*|lane_result_q_reg[3][42]|FDCE|lane_result_q_reg[3][42]|1
*lane_result_q_reg*|lane_result_q_reg[3][43]|FDCE|lane_result_q_reg[3][43]|1
*lane_result_q_reg*|lane_result_q_reg[3][44]|FDCE|lane_result_q_reg[3][44]|1
*lane_result_q_reg*|lane_result_q_reg[3][45]|FDCE|lane_result_q_reg[3][45]|1
*lane_result_q_reg*|lane_result_q_reg[3][46]|FDCE|lane_result_q_reg[3][46]|1
*lane_result_q_reg*|lane_result_q_reg[3][47]|FDCE|lane_result_q_reg[3][47]|1
*lane_result_q_reg*|lane_result_q_reg[3][48]|FDCE|lane_result_q_reg[3][48]|1
*lane_result_q_reg*|lane_result_q_reg[3][49]|FDCE|lane_result_q_reg[3][49]|1
*lane_result_q_reg*|lane_result_q_reg[3][4]|FDCE|lane_result_q_reg[3][4]|1
*lane_result_q_reg*|lane_result_q_reg[3][50]|FDCE|lane_result_q_reg[3][50]|1
*lane_result_q_reg*|lane_result_q_reg[3][51]|FDCE|lane_result_q_reg[3][51]|1
*lane_result_q_reg*|lane_result_q_reg[3][52]|FDCE|lane_result_q_reg[3][52]|1
*lane_result_q_reg*|lane_result_q_reg[3][53]|FDCE|lane_result_q_reg[3][53]|1
*lane_result_q_reg*|lane_result_q_reg[3][54]|FDCE|lane_result_q_reg[3][54]|1
*lane_result_q_reg*|lane_result_q_reg[3][55]|FDCE|lane_result_q_reg[3][55]|1
*lane_result_q_reg*|lane_result_q_reg[3][56]|FDCE|lane_result_q_reg[3][56]|1
*lane_result_q_reg*|lane_result_q_reg[3][57]|FDCE|lane_result_q_reg[3][57]|1
*lane_result_q_reg*|lane_result_q_reg[3][58]|FDCE|lane_result_q_reg[3][58]|1
*lane_result_q_reg*|lane_result_q_reg[3][59]|FDCE|lane_result_q_reg[3][59]|1
*lane_result_q_reg*|lane_result_q_reg[3][5]|FDCE|lane_result_q_reg[3][5]|1
*lane_result_q_reg*|lane_result_q_reg[3][60]|FDCE|lane_result_q_reg[3][60]|1
*lane_result_q_reg*|lane_result_q_reg[3][61]|FDCE|lane_result_q_reg[3][61]|1
*lane_result_q_reg*|lane_result_q_reg[3][62]|FDCE|lane_result_q_reg[3][62]|1
*lane_result_q_reg*|lane_result_q_reg[3][63]|FDCE|lane_result_q_reg[3][63]|1
*lane_result_q_reg*|lane_result_q_reg[3][6]|FDCE|lane_result_q_reg[3][6]|1
*lane_result_q_reg*|lane_result_q_reg[3][7]|FDCE|lane_result_q_reg[3][7]|1
*lane_result_q_reg*|lane_result_q_reg[3][8]|FDCE|lane_result_q_reg[3][8]|1
*lane_result_q_reg*|lane_result_q_reg[3][9]|FDCE|lane_result_q_reg[3][9]|1
*lane_result_q_reg*|i_vrf/lane_result_q_reg[0][52]_i_1|MUXF7|i_vrf/D[52]|1
*lane_result_q_reg*|i_vrf/lane_result_q_reg[0][53]_i_1|MUXF7|i_vrf/D[53]|1
*lane_result_q_reg*|i_vrf/lane_result_q_reg[3][20]_i_1|MUXF7|i_vrf/FSM_onehot_st_q_reg[6]_4[20]|1
*lane_result_q_reg*|i_vrf/lane_result_q_reg[3][21]_i_1|MUXF7|i_vrf/FSM_onehot_st_q_reg[6]_4[21]|1
*lane_result_q_reg*|i_vrf/lane_result_q_reg[3][4]_i_1|MUXF7|i_vrf/FSM_onehot_st_q_reg[6]_4[4]|1
*lane_result_q_reg*|i_vrf/lane_result_q_reg[3][5]_i_1|MUXF7|i_vrf/FSM_onehot_st_q_reg[6]_4[5]|1
# pattern=*lane_clip_q_reg* count=64
*lane_clip_q_reg*|lane_clip_q_reg[0][0]|FDCE|lane_clip_q_reg[0][0]|4
*lane_clip_q_reg*|lane_clip_q_reg[0][10]|FDCE|lane_clip_q_reg[0][10]|4
*lane_clip_q_reg*|lane_clip_q_reg[0][11]|FDCE|lane_clip_q_reg[0][11]|4
*lane_clip_q_reg*|lane_clip_q_reg[0][12]|FDCE|lane_clip_q_reg[0][12]|4
*lane_clip_q_reg*|lane_clip_q_reg[0][13]|FDCE|lane_clip_q_reg[0][13]|4
*lane_clip_q_reg*|lane_clip_q_reg[0][14]|FDCE|lane_clip_q_reg[0][14]|4
*lane_clip_q_reg*|lane_clip_q_reg[0][15]|FDCE|lane_clip_q_reg[0][15]|4
*lane_clip_q_reg*|lane_clip_q_reg[0][1]|FDCE|lane_clip_q_reg[0][1]|4
*lane_clip_q_reg*|lane_clip_q_reg[0][2]|FDCE|lane_clip_q_reg[0][2]|4
*lane_clip_q_reg*|lane_clip_q_reg[0][3]|FDCE|lane_clip_q_reg[0][3]|4
*lane_clip_q_reg*|lane_clip_q_reg[0][4]|FDCE|lane_clip_q_reg[0][4]|4
*lane_clip_q_reg*|lane_clip_q_reg[0][5]|FDCE|lane_clip_q_reg[0][5]|4
*lane_clip_q_reg*|lane_clip_q_reg[0][6]|FDCE|lane_clip_q_reg[0][6]|4
*lane_clip_q_reg*|lane_clip_q_reg[0][7]|FDCE|lane_clip_q_reg[0][7]|4
*lane_clip_q_reg*|lane_clip_q_reg[0][8]|FDCE|lane_clip_q_reg[0][8]|4
*lane_clip_q_reg*|lane_clip_q_reg[0][9]|FDCE|lane_clip_q_reg[0][9]|4
*lane_clip_q_reg*|lane_clip_q_reg[1][0]|FDCE|lane_clip_q_reg[1][0]|4
*lane_clip_q_reg*|lane_clip_q_reg[1][10]|FDCE|lane_clip_q_reg[1][10]|4
*lane_clip_q_reg*|lane_clip_q_reg[1][11]|FDCE|lane_clip_q_reg[1][11]|4
*lane_clip_q_reg*|lane_clip_q_reg[1][12]|FDCE|lane_clip_q_reg[1][12]|4
*lane_clip_q_reg*|lane_clip_q_reg[1][13]|FDCE|lane_clip_q_reg[1][13]|4
*lane_clip_q_reg*|lane_clip_q_reg[1][14]|FDCE|lane_clip_q_reg[1][14]|4
*lane_clip_q_reg*|lane_clip_q_reg[1][15]|FDCE|lane_clip_q_reg[1][15]|4
*lane_clip_q_reg*|lane_clip_q_reg[1][1]|FDCE|lane_clip_q_reg[1][1]|4
*lane_clip_q_reg*|lane_clip_q_reg[1][2]|FDCE|lane_clip_q_reg[1][2]|4
*lane_clip_q_reg*|lane_clip_q_reg[1][3]|FDCE|lane_clip_q_reg[1][3]|4
*lane_clip_q_reg*|lane_clip_q_reg[1][4]|FDCE|lane_clip_q_reg[1][4]|4
*lane_clip_q_reg*|lane_clip_q_reg[1][5]|FDCE|lane_clip_q_reg[1][5]|4
*lane_clip_q_reg*|lane_clip_q_reg[1][6]|FDCE|lane_clip_q_reg[1][6]|4
*lane_clip_q_reg*|lane_clip_q_reg[1][7]|FDCE|lane_clip_q_reg[1][7]|4
*lane_clip_q_reg*|lane_clip_q_reg[1][8]|FDCE|lane_clip_q_reg[1][8]|4
*lane_clip_q_reg*|lane_clip_q_reg[1][9]|FDCE|lane_clip_q_reg[1][9]|4
*lane_clip_q_reg*|lane_clip_q_reg[2][0]|FDCE|lane_clip_q_reg[2][0]|4
*lane_clip_q_reg*|lane_clip_q_reg[2][10]|FDCE|lane_clip_q_reg[2][10]|4
*lane_clip_q_reg*|lane_clip_q_reg[2][11]|FDCE|lane_clip_q_reg[2][11]|4
*lane_clip_q_reg*|lane_clip_q_reg[2][12]|FDCE|lane_clip_q_reg[2][12]|4
*lane_clip_q_reg*|lane_clip_q_reg[2][13]|FDCE|lane_clip_q_reg[2][13]|4
*lane_clip_q_reg*|lane_clip_q_reg[2][14]|FDCE|lane_clip_q_reg[2][14]|4
*lane_clip_q_reg*|lane_clip_q_reg[2][15]|FDCE|lane_clip_q_reg[2][15]|4
*lane_clip_q_reg*|lane_clip_q_reg[2][1]|FDCE|lane_clip_q_reg[2][1]|4
*lane_clip_q_reg*|lane_clip_q_reg[2][2]|FDCE|lane_clip_q_reg[2][2]|4
*lane_clip_q_reg*|lane_clip_q_reg[2][3]|FDCE|lane_clip_q_reg[2][3]|4
*lane_clip_q_reg*|lane_clip_q_reg[2][4]|FDCE|lane_clip_q_reg[2][4]|4
*lane_clip_q_reg*|lane_clip_q_reg[2][5]|FDCE|lane_clip_q_reg[2][5]|4
*lane_clip_q_reg*|lane_clip_q_reg[2][6]|FDCE|lane_clip_q_reg[2][6]|4
*lane_clip_q_reg*|lane_clip_q_reg[2][7]|FDCE|lane_clip_q_reg[2][7]|4
*lane_clip_q_reg*|lane_clip_q_reg[2][8]|FDCE|lane_clip_q_reg[2][8]|4
*lane_clip_q_reg*|lane_clip_q_reg[2][9]|FDCE|lane_clip_q_reg[2][9]|4
*lane_clip_q_reg*|lane_clip_q_reg[3][0]|FDCE|lane_clip_q_reg[3][0]|4
*lane_clip_q_reg*|lane_clip_q_reg[3][10]|FDCE|lane_clip_q_reg[3][10]|4
*lane_clip_q_reg*|lane_clip_q_reg[3][11]|FDCE|lane_clip_q_reg[3][11]|4
*lane_clip_q_reg*|lane_clip_q_reg[3][12]|FDCE|lane_clip_q_reg[3][12]|4
*lane_clip_q_reg*|lane_clip_q_reg[3][13]|FDCE|lane_clip_q_reg[3][13]|4
*lane_clip_q_reg*|lane_clip_q_reg[3][14]|FDCE|lane_clip_q_reg[3][14]|4
*lane_clip_q_reg*|lane_clip_q_reg[3][15]|FDCE|lane_clip_q_reg[3][15]|4
*lane_clip_q_reg*|lane_clip_q_reg[3][1]|FDCE|lane_clip_q_reg[3][1]|4
*lane_clip_q_reg*|lane_clip_q_reg[3][2]|FDCE|lane_clip_q_reg[3][2]|4
*lane_clip_q_reg*|lane_clip_q_reg[3][3]|FDCE|lane_clip_q_reg[3][3]|4
*lane_clip_q_reg*|lane_clip_q_reg[3][4]|FDCE|lane_clip_q_reg[3][4]|4
*lane_clip_q_reg*|lane_clip_q_reg[3][5]|FDCE|lane_clip_q_reg[3][5]|4
*lane_clip_q_reg*|lane_clip_q_reg[3][6]|FDCE|lane_clip_q_reg[3][6]|4
*lane_clip_q_reg*|lane_clip_q_reg[3][7]|FDCE|lane_clip_q_reg[3][7]|4
*lane_clip_q_reg*|lane_clip_q_reg[3][8]|FDCE|lane_clip_q_reg[3][8]|4
*lane_clip_q_reg*|lane_clip_q_reg[3][9]|FDCE|lane_clip_q_reg[3][9]|4
