Copyright 1986-2022 Xilinx, Inc. All Rights Reserved. Copyright 2022-2024 Advanced Micro Devices, Inc. All Rights Reserved.
---------------------------------------------------------------------------------------------------------------------------------------------------------------------
| Tool Version : Vivado v.2024.2 (win64) Build 5239630 Fri Nov 08 22:35:27 MST 2024
| Date         : Sun Jun  7 12:03:56 2026
| Host         : WIN-20240824NZS running 64-bit major release  (build 9200)
| Command      : report_high_fanout_nets -max_nets 50 -file E:/HDEC/cva6-vhdc-core/reports/vivado/ooc_hdec_hmatch_countdown_v1_ff838841/200mhz/high_fanout_top50.rpt
| Design       : hdec_top
| Device       : xc7z020
---------------------------------------------------------------------------------------------------------------------------------------------------------------------

High Fan-out Nets Information

1. Summary
----------

+---------------------------------------+--------+-------------+
| Net Name                              | Fanout | Driver Type |
+---------------------------------------+--------+-------------+
| i_vrf/rst_ni_0                        |   2198 | LUT1        |
| uop_p3_n                              |    395 | FDCE        |
| i_vrf/p_0_in[0]                       |    287 | FDCE        |
| i_vrf/init_state_q[0]                 |    282 | FDCE        |
| FSM_onehot_st_q_reg_n_0_[8]           |    282 | FDCE        |
| uop_p3_q_reg[subgroup_idx_n_0_][1]    |    271 | FDCE        |
| i_vrf/lane_result_q[3][63]_i_10_n_0   |    260 | LUT2        |
| i_vrf/lane_result_q[3][63]_i_7_n_0    |    256 | LUT6        |
| src0_n                                |    256 | LUT4        |
| hperm_a_n                             |    256 | LUT4        |
| i_vrf/lane_result_q[3][63]_i_5_n_0    |    256 | LUT3        |
| lane_result_n                         |    256 | LUT6        |
| hcntadd_hv_n                          |    256 | LUT4        |
| i_vrf/p_1_in[5]                       |    216 | LUT5        |
| i_vrf/p_1_in[4]                       |    216 | LUT5        |
| i_vrf/vrf_b0_reg_r1_0_63_0_2_i_10_n_0 |    216 | LUT5        |
| i_vrf/vrf_b0_reg_r1_0_63_0_2_i_11_n_0 |    216 | LUT5        |
| i_vrf/vrf_b0_reg_r1_0_63_0_2_i_13_n_0 |    216 | LUT5        |
| i_vrf/p_1_in[3]                       |    216 | LUT5        |
| i_vrf/p_1_in[2]                       |    216 | LUT5        |
| i_vrf/vrf_b0_reg_r1_0_63_0_2_i_14_n_0 |    216 | LUT5        |
| i_vrf/vrf_b0_reg_r1_0_63_0_2_i_15_n_0 |    216 | LUT5        |
| i_vrf/p_1_in[1]                       |    216 | LUT5        |
| i_vrf/vrf_b1_reg_r1_0_63_0_2_i_15_n_0 |    216 | LUT5        |
| i_vrf/vrf_b1_reg_r1_0_63_0_2_i_14_n_0 |    216 | LUT5        |
| i_vrf/vrf_b1_reg_r1_0_63_0_2_i_13_n_0 |    216 | LUT5        |
| i_vrf/vrf_b1_reg_r1_0_63_0_2_i_12_n_0 |    216 | LUT5        |
| i_vrf/vrf_b1_reg_r1_0_63_0_2_i_11_n_0 |    216 | LUT5        |
| i_vrf/vrf_b1_reg_r1_0_63_0_2_i_10_n_0 |    216 | LUT5        |
| i_vrf/vrf_b2_reg_r1_0_63_0_2_i_15_n_0 |    216 | LUT5        |
| i_vrf/vrf_b2_reg_r1_0_63_0_2_i_14_n_0 |    216 | LUT5        |
| i_vrf/vrf_b2_reg_r1_0_63_0_2_i_13_n_0 |    216 | LUT5        |
| i_vrf/vrf_b2_reg_r1_0_63_0_2_i_12_n_0 |    216 | LUT5        |
| i_vrf/vrf_b2_reg_r1_0_63_0_2_i_11_n_0 |    216 | LUT5        |
| i_vrf/vrf_b0_reg_r1_0_63_0_2_i_12_n_0 |    216 | LUT5        |
| i_vrf/p_1_in[0]                       |    216 | LUT5        |
| i_vrf/vrf_b2_reg_r1_0_63_0_2_i_10_n_0 |    216 | LUT5        |
| i_vrf/lane_result_q[3][63]_i_17_n_0   |    192 | LUT6        |
| i_vrf/lane_result_q[3][63]_i_15_n_0   |    192 | LUT6        |
| hperm_lane_base_q[1]                  |    162 | FDCE        |
| hperm_lane_base_q[0]                  |    162 | FDCE        |
| hperm_lane_base_q_reg[1]_rep__0_n_0   |    158 | FDCE        |
| hperm_lane_base_q_reg[1]_rep_n_0      |    158 | FDCE        |
| hperm_lane_base_q_reg[0]_rep__1_n_0   |    158 | FDCE        |
| hperm_lane_base_q_reg[1]_rep__1_n_0   |    158 | FDCE        |
| hperm_lane_base_q_reg[0]_rep__0_n_0   |    158 | FDCE        |
| hperm_lane_base_q_reg[0]_rep_n_0      |    158 | FDCE        |
| FSM_onehot_st_q_reg_n_0_[2]           |    136 | FDCE        |
| i_vrf/lane_result_q[3][53]_i_7_n_0    |    135 | LUT6        |
| i_vrf/lane_result_q[3][62]_i_19_n_0   |    135 | LUT6        |
+---------------------------------------+--------+-------------+


