Copyright 1986-2022 Xilinx, Inc. All Rights Reserved. Copyright 2022-2024 Advanced Micro Devices, Inc. All Rights Reserved.
----------------------------------------------------------------------------------------------------------------------------------------------------------
| Tool Version : Vivado v.2024.2 (win64) Build 5239630 Fri Nov 08 22:35:27 MST 2024
| Date         : Sat Jun  6 11:51:53 2026
| Host         : WIN-20240824NZS running 64-bit major release  (build 9200)
| Command      : report_timing_summary -file E:/HDEC/cva6-vhdc-core/reports/vivado/ooc_hdec_p2_onehot_compare/baseline_e0925738/175mhz/timing_summary.rpt
| Design       : hdec_top
| Device       : 7z020-clg400
| Speed File   : -2  PRODUCTION 1.12 2019-11-22
| Design State : Synthesized
----------------------------------------------------------------------------------------------------------------------------------------------------------

Timing Summary Report

------------------------------------------------------------------------------------------------
| Timer Settings
| --------------
------------------------------------------------------------------------------------------------

  Enable Multi Corner Analysis               :  Yes
  Enable Pessimism Removal                   :  Yes
  Pessimism Removal Resolution               :  Nearest Common Node
  Enable Input Delay Default Clock           :  No
  Enable Preset / Clear Arcs                 :  No
  Disable Flight Delays                      :  No
  Ignore I/O Paths                           :  No
  Timing Early Launch at Borrowing Latches   :  No
  Borrow Time for Max Delay Exceptions       :  Yes
  Merge Timing Exceptions                    :  Yes
  Inter-SLR Compensation                     :  Conservative

  Corner  Analyze    Analyze    
  Name    Max Paths  Min Paths  
  ------  ---------  ---------  
  Slow    Yes        Yes        
  Fast    Yes        Yes        


------------------------------------------------------------------------------------------------
| Report Methodology
| ------------------
------------------------------------------------------------------------------------------------

No report available as report_methodology has not been run prior. Run report_methodology on the current design for the summary of methodology violations.



check_timing report

Table of Contents
-----------------
1. checking no_clock (0)
2. checking constant_clock (0)
3. checking pulse_width_clock (0)
4. checking unconstrained_internal_endpoints (0)
5. checking no_input_delay (70)
6. checking no_output_delay (66)
7. checking multiple_clock (0)
8. checking generated_clocks (0)
9. checking loops (0)
10. checking partial_input_delay (0)
11. checking partial_output_delay (0)
12. checking latch_loops (0)

1. checking no_clock (0)
------------------------
 There are 0 register/latch pins with no clock.


2. checking constant_clock (0)
------------------------------
 There are 0 register/latch pins with constant_clock.


3. checking pulse_width_clock (0)
---------------------------------
 There are 0 register/latch pins which need pulse_width check


4. checking unconstrained_internal_endpoints (0)
------------------------------------------------
 There are 0 pins that are not constrained for maximum delay.

 There are 0 pins that are not constrained for maximum delay due to constant clock.


5. checking no_input_delay (70)
-------------------------------
 There are 70 input ports with no input delay specified. (HIGH)

 There are 0 input ports with no input delay but user has a false path constraint.


6. checking no_output_delay (66)
--------------------------------
 There are 66 ports with no output delay specified. (HIGH)

 There are 0 ports with no output delay but user has a false path constraint

 There are 0 ports with no output delay but with a timing clock defined on it or propagating through it


7. checking multiple_clock (0)
------------------------------
 There are 0 register/latch pins with multiple clocks.


8. checking generated_clocks (0)
--------------------------------
 There are 0 generated clocks that are not connected to a clock source.


9. checking loops (0)
---------------------
 There are 0 combinational loops in the design.


10. checking partial_input_delay (0)
------------------------------------
 There are 0 input ports with partial input delay specified.


11. checking partial_output_delay (0)
-------------------------------------
 There are 0 ports with partial output delay specified.


12. checking latch_loops (0)
----------------------------
 There are 0 combinational latch loops in the design through latch input



------------------------------------------------------------------------------------------------
| Design Timing Summary
| ---------------------
------------------------------------------------------------------------------------------------

    WNS(ns)      TNS(ns)  TNS Failing Endpoints  TNS Total Endpoints      WHS(ns)      THS(ns)  THS Failing Endpoints  THS Total Endpoints     WPWS(ns)     TPWS(ns)  TPWS Failing Endpoints  TPWS Total Endpoints  
    -------      -------  ---------------------  -------------------      -------      -------  ---------------------  -------------------     --------     --------  ----------------------  --------------------  
     -0.827      -25.291                     35                 8679        0.240        0.000                      0                 8679        1.727        0.000                       0                  2876  


Timing constraints are not met.


------------------------------------------------------------------------------------------------
| Clock Summary
| -------------
------------------------------------------------------------------------------------------------

Clock  Waveform(ns)         Period(ns)      Frequency(MHz)
-----  ------------         ----------      --------------
clk_i  {0.000 2.857}        5.714           175.009         


------------------------------------------------------------------------------------------------
| Intra Clock Table
| -----------------
------------------------------------------------------------------------------------------------

Clock             WNS(ns)      TNS(ns)  TNS Failing Endpoints  TNS Total Endpoints      WHS(ns)      THS(ns)  THS Failing Endpoints  THS Total Endpoints     WPWS(ns)     TPWS(ns)  TPWS Failing Endpoints  TPWS Total Endpoints  
-----             -------      -------  ---------------------  -------------------      -------      -------  ---------------------  -------------------     --------     --------  ----------------------  --------------------  
clk_i              -0.827      -25.291                     35                 8679        0.240        0.000                      0                 8679        1.727        0.000                       0                  2876  


------------------------------------------------------------------------------------------------
| Inter Clock Table
| -----------------
------------------------------------------------------------------------------------------------

From Clock    To Clock          WNS(ns)      TNS(ns)  TNS Failing Endpoints  TNS Total Endpoints      WHS(ns)      THS(ns)  THS Failing Endpoints  THS Total Endpoints  
----------    --------          -------      -------  ---------------------  -------------------      -------      -------  ---------------------  -------------------  


------------------------------------------------------------------------------------------------
| Other Path Groups Table
| -----------------------
------------------------------------------------------------------------------------------------

Path Group    From Clock    To Clock          WNS(ns)      TNS(ns)  TNS Failing Endpoints  TNS Total Endpoints      WHS(ns)      THS(ns)  THS Failing Endpoints  THS Total Endpoints  
----------    ----------    --------          -------      -------  ---------------------  -------------------      -------      -------  ---------------------  -------------------  


------------------------------------------------------------------------------------------------
| Timing Details
| --------------
------------------------------------------------------------------------------------------------


---------------------------------------------------------------------------------------------------
From Clock:  clk_i
  To Clock:  clk_i

Setup :           35  Failing Endpoints,  Worst Slack       -0.827ns,  Total Violation      -25.291ns
Hold  :            0  Failing Endpoints,  Worst Slack        0.240ns,  Total Violation        0.000ns
PW    :            0  Failing Endpoints,  Worst Slack        1.727ns,  Total Violation        0.000ns
---------------------------------------------------------------------------------------------------


Max Delay Paths
--------------------------------------------------------------------------------------
Slack (VIOLATED) :        -0.827ns  (required time - arrival time)
  Source:                 hsim_total_q_reg[0]/C
                            (rising edge-triggered cell FDCE clocked by clk_i  {rise@0.000ns fall@2.857ns period=5.714ns})
  Destination:            hmatch_best_dist_q_reg[0]/CE
                            (rising edge-triggered cell FDCE clocked by clk_i  {rise@0.000ns fall@2.857ns period=5.714ns})
  Path Group:             clk_i
  Path Type:              Setup (Max at Slow Process Corner)
  Requirement:            5.714ns  (clk_i rise@5.714ns - clk_i rise@0.000ns)
  Data Path Delay:        6.330ns  (logic 3.206ns (50.648%)  route 3.124ns (49.352%))
  Logic Levels:           9  (CARRY4=5 LUT3=2 LUT4=1 LUT6=1)
  Clock Path Skew:        -0.039ns (DCD - SCD + CPR)
    Destination Clock Delay (DCD):    0.748ns = ( 6.462 - 5.714 ) 
    Source Clock Delay      (SCD):    0.787ns
    Clock Pessimism Removal (CPR):    0.000ns
  Clock Uncertainty:      0.035ns  ((TSJ^2 + TIJ^2)^1/2 + DJ) / 2 + PE
    Total System Jitter     (TSJ):    0.071ns
    Total Input Jitter      (TIJ):    0.000ns
    Discrete Jitter          (DJ):    0.000ns
    Phase Error              (PE):    0.000ns

    Location             Delay type                Incr(ns)  Path(ns)    Netlist Resource(s)
  -------------------------------------------------------------------    -------------------
                         (clock clk_i rise edge)      0.000     0.000 r  
                                                      0.000     0.000 r  clk_i (IN)
                         net (fo=2875, unset)         0.787     0.787    clk_i
                         FDCE                                         r  hsim_total_q_reg[0]/C
  -------------------------------------------------------------------    -------------------
                         FDCE (Prop_fdce_C_Q)         0.433     1.220 r  hsim_total_q_reg[0]/Q
                         net (fo=4, unplaced)         0.623     1.843    hsim_total_q[0]
                         LUT3 (Prop_lut3_I0_O)        0.232     2.075 r  hsim_total_q[7]_i_21/O
                         net (fo=1, unplaced)         0.537     2.612    hsim_total_q[7]_i_21_n_0
                         CARRY4 (Prop_carry4_DI[1]_CO[3])
                                                      0.430     3.042 r  hsim_total_q_reg[7]_i_11/CO[3]
                         net (fo=1, unplaced)         0.008     3.050    hsim_total_q_reg[7]_i_11_n_0
                         CARRY4 (Prop_carry4_CI_O[0])
                                                      0.189     3.239 r  hsim_total_q_reg[7]_i_3/O[0]
                         net (fo=3, unplaced)         0.258     3.497    hsim_total_q_reg[7]_i_3_n_7
                         LUT3 (Prop_lut3_I2_O)        0.238     3.735 r  hsim_total_q[7]_i_5/O
                         net (fo=1, unplaced)         0.537     4.272    hsim_total_q[7]_i_5_n_0
                         CARRY4 (Prop_carry4_DI[1]_CO[3])
                                                      0.430     4.702 r  hsim_total_q_reg[7]_i_2/CO[3]
                         net (fo=1, unplaced)         0.000     4.702    hsim_total_q_reg[7]_i_2_n_0
                         CARRY4 (Prop_carry4_CI_O[1])
                                                      0.269     4.971 f  hsim_total_q_reg[10]_i_3/O[1]
                         net (fo=4, unplaced)         0.496     5.467    in172[9]
                         LUT4 (Prop_lut4_I0_O)        0.265     5.732 r  hmatch_best_dist_q[10]_i_7/O
                         net (fo=1, unplaced)         0.000     5.732    hmatch_best_dist_q[10]_i_7_n_0
                         CARRY4 (Prop_carry4_DI[0]_CO[1])
                                                      0.443     6.175 r  hmatch_best_dist_q_reg[10]_i_3/CO[1]
                         net (fo=1, unplaced)         0.240     6.415    hmatch_best_dist_q_reg[10]_i_3_n_2
                         LUT6 (Prop_lut6_I3_O)        0.277     6.692 r  hmatch_best_dist_q[10]_i_1/O
                         net (fo=19, unplaced)        0.425     7.117    hmatch_best_dist_q[10]_i_1_n_0
                         FDCE                                         r  hmatch_best_dist_q_reg[0]/CE
  -------------------------------------------------------------------    -------------------

                         (clock clk_i rise edge)      5.714     5.714 r  
                                                      0.000     5.714 r  clk_i (IN)
                         net (fo=2875, unset)         0.748     6.462    clk_i
                         FDCE                                         r  hmatch_best_dist_q_reg[0]/C
                         clock pessimism              0.000     6.462    
                         clock uncertainty           -0.035     6.426    
                         FDCE (Setup_fdce_C_CE)      -0.136     6.290    hmatch_best_dist_q_reg[0]
  -------------------------------------------------------------------
                         required time                          6.290    
                         arrival time                          -7.117    
  -------------------------------------------------------------------
                         slack                                 -0.827    





Min Delay Paths
--------------------------------------------------------------------------------------
Slack (MET) :             0.240ns  (arrival time - required time)
  Source:                 hmatch_best_idx_q_reg[0]/C
                            (rising edge-triggered cell FDCE clocked by clk_i  {rise@0.000ns fall@2.857ns period=5.714ns})
  Destination:            scalar_response_q_reg[11]/D
                            (rising edge-triggered cell FDCE clocked by clk_i  {rise@0.000ns fall@2.857ns period=5.714ns})
  Path Group:             clk_i
  Path Type:              Hold (Min at Fast Process Corner)
  Requirement:            0.000ns  (clk_i rise@0.000ns - clk_i rise@0.000ns)
  Data Path Delay:        0.381ns  (logic 0.262ns (68.763%)  route 0.119ns (31.237%))
  Logic Levels:           1  (LUT5=1)
  Clock Path Skew:        0.021ns (DCD - SCD - CPR)
    Destination Clock Delay (DCD):    0.411ns
    Source Clock Delay      (SCD):    0.390ns
    Clock Pessimism Removal (CPR):    -0.000ns

    Location             Delay type                Incr(ns)  Path(ns)    Netlist Resource(s)
  -------------------------------------------------------------------    -------------------
                         (clock clk_i rise edge)      0.000     0.000 r  
                                                      0.000     0.000 r  clk_i (IN)
                         net (fo=2875, unset)         0.390     0.390    clk_i
                         FDCE                                         r  hmatch_best_idx_q_reg[0]/C
  -------------------------------------------------------------------    -------------------
                         FDCE (Prop_fdce_C_Q)         0.164     0.554 r  hmatch_best_idx_q_reg[0]/Q
                         net (fo=1, unplaced)         0.119     0.673    hmatch_best_idx_q[0]
                         LUT5 (Prop_lut5_I4_O)        0.098     0.771 r  scalar_response_q[11]_i_1/O
                         net (fo=1, unplaced)         0.000     0.771    scalar_response_n0_in[11]
                         FDCE                                         r  scalar_response_q_reg[11]/D
  -------------------------------------------------------------------    -------------------

                         (clock clk_i rise edge)      0.000     0.000 r  
                                                      0.000     0.000 r  clk_i (IN)
                         net (fo=2875, unset)         0.411     0.411    clk_i
                         FDCE                                         r  scalar_response_q_reg[11]/C
                         clock pessimism              0.000     0.411    
                         FDCE (Hold_fdce_C_D)         0.120     0.531    scalar_response_q_reg[11]
  -------------------------------------------------------------------
                         required time                         -0.531    
                         arrival time                           0.771    
  -------------------------------------------------------------------
                         slack                                  0.240    





Pulse Width Checks
--------------------------------------------------------------------------------------
Clock Name:         clk_i
Waveform(ns):       { 0.000 2.857 }
Period(ns):         5.714
Sources:            { clk_i }

Check Type        Corner  Lib Pin      Reference Pin  Required(ns)  Actual(ns)  Slack(ns)  Location  Pin
Min Period        n/a     FDPE/C       n/a            1.000         5.714       4.714                FSM_onehot_st_q_reg[0]/C
Low Pulse Width   Slow    RAMD64E/CLK  n/a            1.130         2.857       1.727                i_vrf/vrf_b0_reg_r1_0_63_0_2/RAMA/CLK
High Pulse Width  Slow    RAMD64E/CLK  n/a            1.130         2.857       1.727                i_vrf/vrf_b0_reg_r1_0_63_0_2/RAMA/CLK



