Copyright 1986-2022 Xilinx, Inc. All Rights Reserved. Copyright 2022-2024 Advanced Micro Devices, Inc. All Rights Reserved.
---------------------------------------------------------------------------------------------------------------------------------------------------------------------------------------
| Tool Version : Vivado v.2024.2 (win64) Build 5239630 Fri Nov 08 22:35:27 MST 2024
| Date         : Mon Jun  8 13:17:57 2026
| Host         : WIN-20240824NZS running 64-bit major release  (build 9200)
| Command      : report_utilization -hierarchical -file E:/HDEC/cva6-vhdc-core/tmp/hdec_ooc_p1_keep_trial/worktree/tmp/hdec_vrf_bram_sram_trial/atlas_200/reports/utilization_hier.rpt
| Design       : hdec_top
| Device       : xc7z020clg400-2
| Speed File   : -2
| Design State : Synthesized
---------------------------------------------------------------------------------------------------------------------------------------------------------------------------------------

Utilization Design Information

Table of Contents
-----------------
1. Utilization by Hierarchy

1. Utilization by Hierarchy
---------------------------

+------------------------------------+---------------------+------------+------------+---------+------+------+--------+--------+------------+
|              Instance              |        Module       | Total LUTs | Logic LUTs | LUTRAMs | SRLs |  FFs | RAMB36 | RAMB18 | DSP Blocks |
+------------------------------------+---------------------+------------+------------+---------+------+------+--------+--------+------------+
| hdec_top                           |               (top) |       4006 |       4006 |       0 |    0 | 1905 |      4 |      0 |          0 |
|   (hdec_top)                       |               (top) |        519 |        519 |       0 |    0 | 1860 |      0 |      0 |          0 |
|   gen_lane[0].i_p2_pop_slice       |   hdec_p2_pop_slice |          2 |          2 |       0 |    0 |    9 |      0 |      0 |          0 |
|   gen_lane[1].i_p2_pop_slice       | hdec_p2_pop_slice_0 |          8 |          8 |       0 |    0 |    9 |      0 |      0 |          0 |
|   gen_lane[2].i_p2_pop_slice       | hdec_p2_pop_slice_1 |         86 |         86 |       0 |    0 |    9 |      0 |      0 |          0 |
|   gen_lane[3].i_p2_pop_slice       | hdec_p2_pop_slice_2 |          5 |          5 |       0 |    0 |    9 |      0 |      0 |          0 |
|   i_vrf                            |     hdec_vrf_64x256 |       3386 |       3386 |       0 |    0 |    9 |      4 |      0 |          0 |
|     (i_vrf)                        |     hdec_vrf_64x256 |          8 |          8 |       0 |    0 |    9 |      0 |      0 |          0 |
|     gen_vrf_bram[0].i_vrf_bank     |   xpm_memory_sdpram |       1292 |       1292 |       0 |    0 |    0 |      1 |      0 |          0 |
|       (gen_vrf_bram[0].i_vrf_bank) |   xpm_memory_sdpram |       1292 |       1292 |       0 |    0 |    0 |      0 |      0 |          0 |
|       xpm_memory_base_inst         |  xpm_memory_base__1 |          0 |          0 |       0 |    0 |    0 |      1 |      0 |          0 |
|     gen_vrf_bram[1].i_vrf_bank     | xpm_memory_sdpram_3 |        913 |        913 |       0 |    0 |    0 |      1 |      0 |          0 |
|       (gen_vrf_bram[1].i_vrf_bank) | xpm_memory_sdpram_3 |        913 |        913 |       0 |    0 |    0 |      0 |      0 |          0 |
|       xpm_memory_base_inst         |  xpm_memory_base__2 |          0 |          0 |       0 |    0 |    0 |      1 |      0 |          0 |
|     gen_vrf_bram[2].i_vrf_bank     | xpm_memory_sdpram_4 |        678 |        678 |       0 |    0 |    0 |      1 |      0 |          0 |
|       (gen_vrf_bram[2].i_vrf_bank) | xpm_memory_sdpram_4 |        678 |        678 |       0 |    0 |    0 |      0 |      0 |          0 |
|       xpm_memory_base_inst         |  xpm_memory_base__3 |          0 |          0 |       0 |    0 |    0 |      1 |      0 |          0 |
|     gen_vrf_bram[3].i_vrf_bank     | xpm_memory_sdpram_5 |        495 |        495 |       0 |    0 |    0 |      1 |      0 |          0 |
|       (gen_vrf_bram[3].i_vrf_bank) | xpm_memory_sdpram_5 |        495 |        495 |       0 |    0 |    0 |      0 |      0 |          0 |
|       xpm_memory_base_inst         |     xpm_memory_base |          0 |          0 |       0 |    0 |    0 |      1 |      0 |          0 |
+------------------------------------+---------------------+------------+------------+---------+------+------+--------+--------+------------+


