Copyright 1986-2022 Xilinx, Inc. All Rights Reserved. Copyright 2022-2024 Advanced Micro Devices, Inc. All Rights Reserved.
-----------------------------------------------------------------------------------------------------------------------------------------------------------------------------------------------------------------------------------------------------------------------------------------------------------------------------------------------------------
| Tool Version : Vivado v.2024.2 (win64) Build 5239630 Fri Nov 08 22:35:27 MST 2024
| Date         : Sun Jun  7 12:04:07 2026
| Host         : WIN-20240824NZS running 64-bit major release  (build 9200)
| Command      : report_timing -delay_type max -sort_by slack -max_paths 20 -nworst 1 -from [get_pins -quiet -of_objects {i_vrf/lane_result_q[3][8]_i_7/I2} -filter {DIRECTION == OUT}] -to {i_vrf/lane_result_q[3][8]_i_7/I2} -file E:/HDEC/cva6-vhdc-core/reports/vivado/ooc_hdec_hmatch_countdown_v1_ff838841/200mhz/groups/02_p1_vrf_capture_to_p2.rpt
| Design       : hdec_top
| Device       : 7z020-clg400
| Speed File   : -2  PRODUCTION 1.12 2019-11-22
| Design State : Synthesized
-----------------------------------------------------------------------------------------------------------------------------------------------------------------------------------------------------------------------------------------------------------------------------------------------------------------------------------------------------------

Timing Report

Slack (MET) :             3.542ns  (required time - arrival time)
  Source:                 uop_p1_q_reg[valid]/C
                            (rising edge-triggered cell FDCE clocked by clk_i  {rise@0.000ns fall@2.500ns period=5.000ns})
  Destination:            uop_p2_q_reg[valid]/D
                            (rising edge-triggered cell FDCE clocked by clk_i  {rise@0.000ns fall@2.500ns period=5.000ns})
  Path Group:             clk_i
  Path Type:              Setup (Max at Slow Process Corner)
  Requirement:            5.000ns  (clk_i rise@5.000ns - clk_i rise@0.000ns)
  Data Path Delay:        1.455ns  (logic 0.665ns (45.704%)  route 0.790ns (54.296%))
  Logic Levels:           1  (LUT6=1)
  Clock Path Skew:        -0.039ns (DCD - SCD + CPR)
    Destination Clock Delay (DCD):    0.748ns = ( 5.748 - 5.000 ) 
    Source Clock Delay      (SCD):    0.787ns
    Clock Pessimism Removal (CPR):    0.000ns
  Clock Uncertainty:      0.035ns  ((TSJ^2 + TIJ^2)^1/2 + DJ) / 2 + PE
    Total System Jitter     (TSJ):    0.071ns
    Total Input Jitter      (TIJ):    0.000ns
    Discrete Jitter          (DJ):    0.000ns
    Phase Error              (PE):    0.000ns

    Location             Delay type                Incr(ns)  Path(ns)    Netlist Resource(s)
  -------------------------------------------------------------------    -------------------
                         (clock clk_i rise edge)      0.000     0.000 r  
                                                      0.000     0.000 r  clk_i (IN)
                         net (fo=2885, unset)         0.787     0.787    clk_i
                         FDCE                                         r  uop_p1_q_reg[valid]/C
  -------------------------------------------------------------------    -------------------
                         FDCE (Prop_fdce_C_Q)         0.433     1.220 r  uop_p1_q_reg[valid]/Q
                         net (fo=2, unplaced)         0.790     2.010    uop_p1_q_reg[valid_n_0_]
                         LUT6 (Prop_lut6_I1_O)        0.232     2.242 r  uop_p2_q[valid]_i_1/O
                         net (fo=1, unplaced)         0.000     2.242    uop_p2_q[valid]_i_1_n_0
                         FDCE                                         r  uop_p2_q_reg[valid]/D
  -------------------------------------------------------------------    -------------------

                         (clock clk_i rise edge)      5.000     5.000 r  
                                                      0.000     5.000 r  clk_i (IN)
                         net (fo=2885, unset)         0.748     5.748    clk_i
                         FDCE                                         r  uop_p2_q_reg[valid]/C
                         clock pessimism              0.000     5.748    
                         clock uncertainty           -0.035     5.712    
                         FDCE (Setup_fdce_C_D)        0.072     5.784    uop_p2_q_reg[valid]
  -------------------------------------------------------------------
                         required time                          5.784    
                         arrival time                          -2.242    
  -------------------------------------------------------------------
                         slack                                  3.542    

Slack (MET) :             3.733ns  (required time - arrival time)
  Source:                 uop_p1_q_reg[class_idx][0]/C
                            (rising edge-triggered cell FDCE clocked by clk_i  {rise@0.000ns fall@2.500ns period=5.000ns})
  Destination:            uop_p2_q_reg[class_idx][0]/D
                            (rising edge-triggered cell FDCE clocked by clk_i  {rise@0.000ns fall@2.500ns period=5.000ns})
  Path Group:             clk_i
  Path Type:              Setup (Max at Slow Process Corner)
  Requirement:            5.000ns  (clk_i rise@5.000ns - clk_i rise@0.000ns)
  Data Path Delay:        1.264ns  (logic 0.665ns (52.611%)  route 0.599ns (47.389%))
  Logic Levels:           1  (LUT4=1)
  Clock Path Skew:        -0.039ns (DCD - SCD + CPR)
    Destination Clock Delay (DCD):    0.748ns = ( 5.748 - 5.000 ) 
    Source Clock Delay      (SCD):    0.787ns
    Clock Pessimism Removal (CPR):    0.000ns
  Clock Uncertainty:      0.035ns  ((TSJ^2 + TIJ^2)^1/2 + DJ) / 2 + PE
    Total System Jitter     (TSJ):    0.071ns
    Total Input Jitter      (TIJ):    0.000ns
    Discrete Jitter          (DJ):    0.000ns
    Phase Error              (PE):    0.000ns

    Location             Delay type                Incr(ns)  Path(ns)    Netlist Resource(s)
  -------------------------------------------------------------------    -------------------
                         (clock clk_i rise edge)      0.000     0.000 r  
                                                      0.000     0.000 r  clk_i (IN)
                         net (fo=2885, unset)         0.787     0.787    clk_i
                         FDCE                                         r  uop_p1_q_reg[class_idx][0]/C
  -------------------------------------------------------------------    -------------------
                         FDCE (Prop_fdce_C_Q)         0.433     1.220 r  uop_p1_q_reg[class_idx][0]/Q
                         net (fo=1, unplaced)         0.599     1.819    uop_p1_q_reg[class_idx][0]
                         LUT4 (Prop_lut4_I1_O)        0.232     2.051 r  uop_p2_q[class_idx][0]_i_1/O
                         net (fo=1, unplaced)         0.000     2.051    uop_p2_q[class_idx][0]_i_1_n_0
                         FDCE                                         r  uop_p2_q_reg[class_idx][0]/D
  -------------------------------------------------------------------    -------------------

                         (clock clk_i rise edge)      5.000     5.000 r  
                                                      0.000     5.000 r  clk_i (IN)
                         net (fo=2885, unset)         0.748     5.748    clk_i
                         FDCE                                         r  uop_p2_q_reg[class_idx][0]/C
                         clock pessimism              0.000     5.748    
                         clock uncertainty           -0.035     5.712    
                         FDCE (Setup_fdce_C_D)        0.072     5.784    uop_p2_q_reg[class_idx][0]
  -------------------------------------------------------------------
                         required time                          5.784    
                         arrival time                          -2.051    
  -------------------------------------------------------------------
                         slack                                  3.733    

Slack (MET) :             3.748ns  (required time - arrival time)
  Source:                 uop_p1_q_reg[op_type][1]/C
                            (rising edge-triggered cell FDCE clocked by clk_i  {rise@0.000ns fall@2.500ns period=5.000ns})
  Destination:            uop_p2_q_reg[op_type][1]/D
                            (rising edge-triggered cell FDCE clocked by clk_i  {rise@0.000ns fall@2.500ns period=5.000ns})
  Path Group:             clk_i
  Path Type:              Setup (Max at Slow Process Corner)
  Requirement:            5.000ns  (clk_i rise@5.000ns - clk_i rise@0.000ns)
  Data Path Delay:        1.249ns  (logic 0.675ns (54.043%)  route 0.574ns (45.957%))
  Logic Levels:           1  (LUT4=1)
  Clock Path Skew:        -0.039ns (DCD - SCD + CPR)
    Destination Clock Delay (DCD):    0.748ns = ( 5.748 - 5.000 ) 
    Source Clock Delay      (SCD):    0.787ns
    Clock Pessimism Removal (CPR):    0.000ns
  Clock Uncertainty:      0.035ns  ((TSJ^2 + TIJ^2)^1/2 + DJ) / 2 + PE
    Total System Jitter     (TSJ):    0.071ns
    Total Input Jitter      (TIJ):    0.000ns
    Discrete Jitter          (DJ):    0.000ns
    Phase Error              (PE):    0.000ns

    Location             Delay type                Incr(ns)  Path(ns)    Netlist Resource(s)
  -------------------------------------------------------------------    -------------------
                         (clock clk_i rise edge)      0.000     0.000 r  
                                                      0.000     0.000 r  clk_i (IN)
                         net (fo=2885, unset)         0.787     0.787    clk_i
                         FDCE                                         r  uop_p1_q_reg[op_type][1]/C
  -------------------------------------------------------------------    -------------------
                         FDCE (Prop_fdce_C_Q)         0.433     1.220 r  uop_p1_q_reg[op_type][1]/Q
                         net (fo=12, unplaced)        0.574     1.794    uop_p1_q_reg[op_type_n_0_][1]
                         LUT4 (Prop_lut4_I0_O)        0.242     2.036 r  uop_p2_q[op_type][1]_i_1/O
                         net (fo=1, unplaced)         0.000     2.036    uop_p2_q[op_type][1]_i_1_n_0
                         FDCE                                         r  uop_p2_q_reg[op_type][1]/D
  -------------------------------------------------------------------    -------------------

                         (clock clk_i rise edge)      5.000     5.000 r  
                                                      0.000     5.000 r  clk_i (IN)
                         net (fo=2885, unset)         0.748     5.748    clk_i
                         FDCE                                         r  uop_p2_q_reg[op_type][1]/C
                         clock pessimism              0.000     5.748    
                         clock uncertainty           -0.035     5.712    
                         FDCE (Setup_fdce_C_D)        0.072     5.784    uop_p2_q_reg[op_type][1]
  -------------------------------------------------------------------
                         required time                          5.784    
                         arrival time                          -2.036    
  -------------------------------------------------------------------
                         slack                                  3.748    

Slack (MET) :             3.748ns  (required time - arrival time)
  Source:                 uop_p1_q_reg[op_type][2]/C
                            (rising edge-triggered cell FDCE clocked by clk_i  {rise@0.000ns fall@2.500ns period=5.000ns})
  Destination:            uop_p2_q_reg[op_type][2]/D
                            (rising edge-triggered cell FDCE clocked by clk_i  {rise@0.000ns fall@2.500ns period=5.000ns})
  Path Group:             clk_i
  Path Type:              Setup (Max at Slow Process Corner)
  Requirement:            5.000ns  (clk_i rise@5.000ns - clk_i rise@0.000ns)
  Data Path Delay:        1.249ns  (logic 0.675ns (54.043%)  route 0.574ns (45.957%))
  Logic Levels:           1  (LUT4=1)
  Clock Path Skew:        -0.039ns (DCD - SCD + CPR)
    Destination Clock Delay (DCD):    0.748ns = ( 5.748 - 5.000 ) 
    Source Clock Delay      (SCD):    0.787ns
    Clock Pessimism Removal (CPR):    0.000ns
  Clock Uncertainty:      0.035ns  ((TSJ^2 + TIJ^2)^1/2 + DJ) / 2 + PE
    Total System Jitter     (TSJ):    0.071ns
    Total Input Jitter      (TIJ):    0.000ns
    Discrete Jitter          (DJ):    0.000ns
    Phase Error              (PE):    0.000ns

    Location             Delay type                Incr(ns)  Path(ns)    Netlist Resource(s)
  -------------------------------------------------------------------    -------------------
                         (clock clk_i rise edge)      0.000     0.000 r  
                                                      0.000     0.000 r  clk_i (IN)
                         net (fo=2885, unset)         0.787     0.787    clk_i
                         FDCE                                         r  uop_p1_q_reg[op_type][2]/C
  -------------------------------------------------------------------    -------------------
                         FDCE (Prop_fdce_C_Q)         0.433     1.220 r  uop_p1_q_reg[op_type][2]/Q
                         net (fo=12, unplaced)        0.574     1.794    uop_p1_q_reg[op_type_n_0_][2]
                         LUT4 (Prop_lut4_I0_O)        0.242     2.036 r  uop_p2_q[op_type][2]_i_1/O
                         net (fo=1, unplaced)         0.000     2.036    uop_p2_q[op_type][2]_i_1_n_0
                         FDCE                                         r  uop_p2_q_reg[op_type][2]/D
  -------------------------------------------------------------------    -------------------

                         (clock clk_i rise edge)      5.000     5.000 r  
                                                      0.000     5.000 r  clk_i (IN)
                         net (fo=2885, unset)         0.748     5.748    clk_i
                         FDCE                                         r  uop_p2_q_reg[op_type][2]/C
                         clock pessimism              0.000     5.748    
                         clock uncertainty           -0.035     5.712    
                         FDCE (Setup_fdce_C_D)        0.072     5.784    uop_p2_q_reg[op_type][2]
  -------------------------------------------------------------------
                         required time                          5.784    
                         arrival time                          -2.036    
  -------------------------------------------------------------------
                         slack                                  3.748    

Slack (MET) :             3.778ns  (required time - arrival time)
  Source:                 uop_p1_q_reg[src1_addr][3]/C
                            (rising edge-triggered cell FDCE clocked by clk_i  {rise@0.000ns fall@2.500ns period=5.000ns})
  Destination:            uop_p2_q_reg[src1_addr][3]/D
                            (rising edge-triggered cell FDCE clocked by clk_i  {rise@0.000ns fall@2.500ns period=5.000ns})
  Path Group:             clk_i
  Path Type:              Setup (Max at Slow Process Corner)
  Requirement:            5.000ns  (clk_i rise@5.000ns - clk_i rise@0.000ns)
  Data Path Delay:        1.219ns  (logic 0.665ns (54.553%)  route 0.554ns (45.447%))
  Logic Levels:           1  (LUT4=1)
  Clock Path Skew:        -0.039ns (DCD - SCD + CPR)
    Destination Clock Delay (DCD):    0.748ns = ( 5.748 - 5.000 ) 
    Source Clock Delay      (SCD):    0.787ns
    Clock Pessimism Removal (CPR):    0.000ns
  Clock Uncertainty:      0.035ns  ((TSJ^2 + TIJ^2)^1/2 + DJ) / 2 + PE
    Total System Jitter     (TSJ):    0.071ns
    Total Input Jitter      (TIJ):    0.000ns
    Discrete Jitter          (DJ):    0.000ns
    Phase Error              (PE):    0.000ns

    Location             Delay type                Incr(ns)  Path(ns)    Netlist Resource(s)
  -------------------------------------------------------------------    -------------------
                         (clock clk_i rise edge)      0.000     0.000 r  
                                                      0.000     0.000 r  clk_i (IN)
                         net (fo=2885, unset)         0.787     0.787    clk_i
                         FDCE                                         r  uop_p1_q_reg[src1_addr][3]/C
  -------------------------------------------------------------------    -------------------
                         FDCE (Prop_fdce_C_Q)         0.433     1.220 r  uop_p1_q_reg[src1_addr][3]/Q
                         net (fo=5, unplaced)         0.554     1.774    uop_p1_q_reg[src1_addr_n_0_][3]
                         LUT4 (Prop_lut4_I0_O)        0.232     2.006 r  uop_p2_q[src1_addr][3]_i_1/O
                         net (fo=1, unplaced)         0.000     2.006    uop_p2_q[src1_addr][3]_i_1_n_0
                         FDCE                                         r  uop_p2_q_reg[src1_addr][3]/D
  -------------------------------------------------------------------    -------------------

                         (clock clk_i rise edge)      5.000     5.000 r  
                                                      0.000     5.000 r  clk_i (IN)
                         net (fo=2885, unset)         0.748     5.748    clk_i
                         FDCE                                         r  uop_p2_q_reg[src1_addr][3]/C
                         clock pessimism              0.000     5.748    
                         clock uncertainty           -0.035     5.712    
                         FDCE (Setup_fdce_C_D)        0.072     5.784    uop_p2_q_reg[src1_addr][3]
  -------------------------------------------------------------------
                         required time                          5.784    
                         arrival time                          -2.006    
  -------------------------------------------------------------------
                         slack                                  3.778    

Slack (MET) :             3.778ns  (required time - arrival time)
  Source:                 uop_p1_q_reg[src1_addr][4]/C
                            (rising edge-triggered cell FDCE clocked by clk_i  {rise@0.000ns fall@2.500ns period=5.000ns})
  Destination:            uop_p2_q_reg[src1_addr][4]/D
                            (rising edge-triggered cell FDCE clocked by clk_i  {rise@0.000ns fall@2.500ns period=5.000ns})
  Path Group:             clk_i
  Path Type:              Setup (Max at Slow Process Corner)
  Requirement:            5.000ns  (clk_i rise@5.000ns - clk_i rise@0.000ns)
  Data Path Delay:        1.219ns  (logic 0.665ns (54.553%)  route 0.554ns (45.447%))
  Logic Levels:           1  (LUT4=1)
  Clock Path Skew:        -0.039ns (DCD - SCD + CPR)
    Destination Clock Delay (DCD):    0.748ns = ( 5.748 - 5.000 ) 
    Source Clock Delay      (SCD):    0.787ns
    Clock Pessimism Removal (CPR):    0.000ns
  Clock Uncertainty:      0.035ns  ((TSJ^2 + TIJ^2)^1/2 + DJ) / 2 + PE
    Total System Jitter     (TSJ):    0.071ns
    Total Input Jitter      (TIJ):    0.000ns
    Discrete Jitter          (DJ):    0.000ns
    Phase Error              (PE):    0.000ns

    Location             Delay type                Incr(ns)  Path(ns)    Netlist Resource(s)
  -------------------------------------------------------------------    -------------------
                         (clock clk_i rise edge)      0.000     0.000 r  
                                                      0.000     0.000 r  clk_i (IN)
                         net (fo=2885, unset)         0.787     0.787    clk_i
                         FDCE                                         r  uop_p1_q_reg[src1_addr][4]/C
  -------------------------------------------------------------------    -------------------
                         FDCE (Prop_fdce_C_Q)         0.433     1.220 r  uop_p1_q_reg[src1_addr][4]/Q
                         net (fo=5, unplaced)         0.554     1.774    uop_p1_q_reg[src1_addr_n_0_][4]
                         LUT4 (Prop_lut4_I0_O)        0.232     2.006 r  uop_p2_q[src1_addr][4]_i_1/O
                         net (fo=1, unplaced)         0.000     2.006    uop_p2_q[src1_addr][4]_i_1_n_0
                         FDCE                                         r  uop_p2_q_reg[src1_addr][4]/D
  -------------------------------------------------------------------    -------------------

                         (clock clk_i rise edge)      5.000     5.000 r  
                                                      0.000     5.000 r  clk_i (IN)
                         net (fo=2885, unset)         0.748     5.748    clk_i
                         FDCE                                         r  uop_p2_q_reg[src1_addr][4]/C
                         clock pessimism              0.000     5.748    
                         clock uncertainty           -0.035     5.712    
                         FDCE (Setup_fdce_C_D)        0.072     5.784    uop_p2_q_reg[src1_addr][4]
  -------------------------------------------------------------------
                         required time                          5.784    
                         arrival time                          -2.006    
  -------------------------------------------------------------------
                         slack                                  3.778    

Slack (MET) :             3.795ns  (required time - arrival time)
  Source:                 uop_p1_q_reg[src0_addr][1]/C
                            (rising edge-triggered cell FDCE clocked by clk_i  {rise@0.000ns fall@2.500ns period=5.000ns})
  Destination:            uop_p2_q_reg[src0_addr][1]/D
                            (rising edge-triggered cell FDCE clocked by clk_i  {rise@0.000ns fall@2.500ns period=5.000ns})
  Path Group:             clk_i
  Path Type:              Setup (Max at Slow Process Corner)
  Requirement:            5.000ns  (clk_i rise@5.000ns - clk_i rise@0.000ns)
  Data Path Delay:        1.202ns  (logic 0.665ns (55.324%)  route 0.537ns (44.676%))
  Logic Levels:           1  (LUT4=1)
  Clock Path Skew:        -0.039ns (DCD - SCD + CPR)
    Destination Clock Delay (DCD):    0.748ns = ( 5.748 - 5.000 ) 
    Source Clock Delay      (SCD):    0.787ns
    Clock Pessimism Removal (CPR):    0.000ns
  Clock Uncertainty:      0.035ns  ((TSJ^2 + TIJ^2)^1/2 + DJ) / 2 + PE
    Total System Jitter     (TSJ):    0.071ns
    Total Input Jitter      (TIJ):    0.000ns
    Discrete Jitter          (DJ):    0.000ns
    Phase Error              (PE):    0.000ns

    Location             Delay type                Incr(ns)  Path(ns)    Netlist Resource(s)
  -------------------------------------------------------------------    -------------------
                         (clock clk_i rise edge)      0.000     0.000 r  
                                                      0.000     0.000 r  clk_i (IN)
                         net (fo=2885, unset)         0.787     0.787    clk_i
                         FDCE                                         r  uop_p1_q_reg[src0_addr][1]/C
  -------------------------------------------------------------------    -------------------
                         FDCE (Prop_fdce_C_Q)         0.433     1.220 r  uop_p1_q_reg[src0_addr][1]/Q
                         net (fo=2, unplaced)         0.537     1.757    uop_p1_q_reg[src0_addr_n_0_][1]
                         LUT4 (Prop_lut4_I0_O)        0.232     1.989 r  uop_p2_q[src0_addr][1]_i_1/O
                         net (fo=1, unplaced)         0.000     1.989    uop_p2_q[src0_addr][1]_i_1_n_0
                         FDCE                                         r  uop_p2_q_reg[src0_addr][1]/D
  -------------------------------------------------------------------    -------------------

                         (clock clk_i rise edge)      5.000     5.000 r  
                                                      0.000     5.000 r  clk_i (IN)
                         net (fo=2885, unset)         0.748     5.748    clk_i
                         FDCE                                         r  uop_p2_q_reg[src0_addr][1]/C
                         clock pessimism              0.000     5.748    
                         clock uncertainty           -0.035     5.712    
                         FDCE (Setup_fdce_C_D)        0.072     5.784    uop_p2_q_reg[src0_addr][1]
  -------------------------------------------------------------------
                         required time                          5.784    
                         arrival time                          -1.989    
  -------------------------------------------------------------------
                         slack                                  3.795    

Slack (MET) :             3.795ns  (required time - arrival time)
  Source:                 uop_p1_q_reg[src0_addr][3]/C
                            (rising edge-triggered cell FDCE clocked by clk_i  {rise@0.000ns fall@2.500ns period=5.000ns})
  Destination:            uop_p2_q_reg[src0_addr][3]/D
                            (rising edge-triggered cell FDCE clocked by clk_i  {rise@0.000ns fall@2.500ns period=5.000ns})
  Path Group:             clk_i
  Path Type:              Setup (Max at Slow Process Corner)
  Requirement:            5.000ns  (clk_i rise@5.000ns - clk_i rise@0.000ns)
  Data Path Delay:        1.202ns  (logic 0.665ns (55.324%)  route 0.537ns (44.676%))
  Logic Levels:           1  (LUT4=1)
  Clock Path Skew:        -0.039ns (DCD - SCD + CPR)
    Destination Clock Delay (DCD):    0.748ns = ( 5.748 - 5.000 ) 
    Source Clock Delay      (SCD):    0.787ns
    Clock Pessimism Removal (CPR):    0.000ns
  Clock Uncertainty:      0.035ns  ((TSJ^2 + TIJ^2)^1/2 + DJ) / 2 + PE
    Total System Jitter     (TSJ):    0.071ns
    Total Input Jitter      (TIJ):    0.000ns
    Discrete Jitter          (DJ):    0.000ns
    Phase Error              (PE):    0.000ns

    Location             Delay type                Incr(ns)  Path(ns)    Netlist Resource(s)
  -------------------------------------------------------------------    -------------------
                         (clock clk_i rise edge)      0.000     0.000 r  
                                                      0.000     0.000 r  clk_i (IN)
                         net (fo=2885, unset)         0.787     0.787    clk_i
                         FDCE                                         r  uop_p1_q_reg[src0_addr][3]/C
  -------------------------------------------------------------------    -------------------
                         FDCE (Prop_fdce_C_Q)         0.433     1.220 r  uop_p1_q_reg[src0_addr][3]/Q
                         net (fo=2, unplaced)         0.537     1.757    uop_p1_q_reg[src0_addr_n_0_][3]
                         LUT4 (Prop_lut4_I0_O)        0.232     1.989 r  uop_p2_q[src0_addr][3]_i_1/O
                         net (fo=1, unplaced)         0.000     1.989    uop_p2_q[src0_addr][3]_i_1_n_0
                         FDCE                                         r  uop_p2_q_reg[src0_addr][3]/D
  -------------------------------------------------------------------    -------------------

                         (clock clk_i rise edge)      5.000     5.000 r  
                                                      0.000     5.000 r  clk_i (IN)
                         net (fo=2885, unset)         0.748     5.748    clk_i
                         FDCE                                         r  uop_p2_q_reg[src0_addr][3]/C
                         clock pessimism              0.000     5.748    
                         clock uncertainty           -0.035     5.712    
                         FDCE (Setup_fdce_C_D)        0.072     5.784    uop_p2_q_reg[src0_addr][3]
  -------------------------------------------------------------------
                         required time                          5.784    
                         arrival time                          -1.989    
  -------------------------------------------------------------------
                         slack                                  3.795    

Slack (MET) :             3.795ns  (required time - arrival time)
  Source:                 uop_p1_q_reg[src0_addr][4]/C
                            (rising edge-triggered cell FDCE clocked by clk_i  {rise@0.000ns fall@2.500ns period=5.000ns})
  Destination:            uop_p2_q_reg[src0_addr][4]/D
                            (rising edge-triggered cell FDCE clocked by clk_i  {rise@0.000ns fall@2.500ns period=5.000ns})
  Path Group:             clk_i
  Path Type:              Setup (Max at Slow Process Corner)
  Requirement:            5.000ns  (clk_i rise@5.000ns - clk_i rise@0.000ns)
  Data Path Delay:        1.202ns  (logic 0.665ns (55.324%)  route 0.537ns (44.676%))
  Logic Levels:           1  (LUT4=1)
  Clock Path Skew:        -0.039ns (DCD - SCD + CPR)
    Destination Clock Delay (DCD):    0.748ns = ( 5.748 - 5.000 ) 
    Source Clock Delay      (SCD):    0.787ns
    Clock Pessimism Removal (CPR):    0.000ns
  Clock Uncertainty:      0.035ns  ((TSJ^2 + TIJ^2)^1/2 + DJ) / 2 + PE
    Total System Jitter     (TSJ):    0.071ns
    Total Input Jitter      (TIJ):    0.000ns
    Discrete Jitter          (DJ):    0.000ns
    Phase Error              (PE):    0.000ns

    Location             Delay type                Incr(ns)  Path(ns)    Netlist Resource(s)
  -------------------------------------------------------------------    -------------------
                         (clock clk_i rise edge)      0.000     0.000 r  
                                                      0.000     0.000 r  clk_i (IN)
                         net (fo=2885, unset)         0.787     0.787    clk_i
                         FDCE                                         r  uop_p1_q_reg[src0_addr][4]/C
  -------------------------------------------------------------------    -------------------
                         FDCE (Prop_fdce_C_Q)         0.433     1.220 r  uop_p1_q_reg[src0_addr][4]/Q
                         net (fo=2, unplaced)         0.537     1.757    uop_p1_q_reg[src0_addr_n_0_][4]
                         LUT4 (Prop_lut4_I0_O)        0.232     1.989 r  uop_p2_q[src0_addr][4]_i_1/O
                         net (fo=1, unplaced)         0.000     1.989    uop_p2_q[src0_addr][4]_i_1_n_0
                         FDCE                                         r  uop_p2_q_reg[src0_addr][4]/D
  -------------------------------------------------------------------    -------------------

                         (clock clk_i rise edge)      5.000     5.000 r  
                                                      0.000     5.000 r  clk_i (IN)
                         net (fo=2885, unset)         0.748     5.748    clk_i
                         FDCE                                         r  uop_p2_q_reg[src0_addr][4]/C
                         clock pessimism              0.000     5.748    
                         clock uncertainty           -0.035     5.712    
                         FDCE (Setup_fdce_C_D)        0.072     5.784    uop_p2_q_reg[src0_addr][4]
  -------------------------------------------------------------------
                         required time                          5.784    
                         arrival time                          -1.989    
  -------------------------------------------------------------------
                         slack                                  3.795    

Slack (MET) :             3.795ns  (required time - arrival time)
  Source:                 uop_p1_q_reg[src1_addr][2]/C
                            (rising edge-triggered cell FDCE clocked by clk_i  {rise@0.000ns fall@2.500ns period=5.000ns})
  Destination:            uop_p2_q_reg[src1_addr][2]/D
                            (rising edge-triggered cell FDCE clocked by clk_i  {rise@0.000ns fall@2.500ns period=5.000ns})
  Path Group:             clk_i
  Path Type:              Setup (Max at Slow Process Corner)
  Requirement:            5.000ns  (clk_i rise@5.000ns - clk_i rise@0.000ns)
  Data Path Delay:        1.202ns  (logic 0.665ns (55.324%)  route 0.537ns (44.676%))
  Logic Levels:           1  (LUT4=1)
  Clock Path Skew:        -0.039ns (DCD - SCD + CPR)
    Destination Clock Delay (DCD):    0.748ns = ( 5.748 - 5.000 ) 
    Source Clock Delay      (SCD):    0.787ns
    Clock Pessimism Removal (CPR):    0.000ns
  Clock Uncertainty:      0.035ns  ((TSJ^2 + TIJ^2)^1/2 + DJ) / 2 + PE
    Total System Jitter     (TSJ):    0.071ns
    Total Input Jitter      (TIJ):    0.000ns
    Discrete Jitter          (DJ):    0.000ns
    Phase Error              (PE):    0.000ns

    Location             Delay type                Incr(ns)  Path(ns)    Netlist Resource(s)
  -------------------------------------------------------------------    -------------------
                         (clock clk_i rise edge)      0.000     0.000 r  
                                                      0.000     0.000 r  clk_i (IN)
                         net (fo=2885, unset)         0.787     0.787    clk_i
                         FDCE                                         r  uop_p1_q_reg[src1_addr][2]/C
  -------------------------------------------------------------------    -------------------
                         FDCE (Prop_fdce_C_Q)         0.433     1.220 r  uop_p1_q_reg[src1_addr][2]/Q
                         net (fo=2, unplaced)         0.537     1.757    uop_p1_q_reg[src1_addr_n_0_][2]
                         LUT4 (Prop_lut4_I0_O)        0.232     1.989 r  uop_p2_q[src1_addr][2]_i_1/O
                         net (fo=1, unplaced)         0.000     1.989    uop_p2_q[src1_addr][2]_i_1_n_0
                         FDCE                                         r  uop_p2_q_reg[src1_addr][2]/D
  -------------------------------------------------------------------    -------------------

                         (clock clk_i rise edge)      5.000     5.000 r  
                                                      0.000     5.000 r  clk_i (IN)
                         net (fo=2885, unset)         0.748     5.748    clk_i
                         FDCE                                         r  uop_p2_q_reg[src1_addr][2]/C
                         clock pessimism              0.000     5.748    
                         clock uncertainty           -0.035     5.712    
                         FDCE (Setup_fdce_C_D)        0.072     5.784    uop_p2_q_reg[src1_addr][2]
  -------------------------------------------------------------------
                         required time                          5.784    
                         arrival time                          -1.989    
  -------------------------------------------------------------------
                         slack                                  3.795    

Slack (MET) :             3.795ns  (required time - arrival time)
  Source:                 uop_p1_q_reg[src1_addr][5]/C
                            (rising edge-triggered cell FDCE clocked by clk_i  {rise@0.000ns fall@2.500ns period=5.000ns})
  Destination:            uop_p2_q_reg[src1_addr][5]/D
                            (rising edge-triggered cell FDCE clocked by clk_i  {rise@0.000ns fall@2.500ns period=5.000ns})
  Path Group:             clk_i
  Path Type:              Setup (Max at Slow Process Corner)
  Requirement:            5.000ns  (clk_i rise@5.000ns - clk_i rise@0.000ns)
  Data Path Delay:        1.202ns  (logic 0.665ns (55.324%)  route 0.537ns (44.676%))
  Logic Levels:           1  (LUT4=1)
  Clock Path Skew:        -0.039ns (DCD - SCD + CPR)
    Destination Clock Delay (DCD):    0.748ns = ( 5.748 - 5.000 ) 
    Source Clock Delay      (SCD):    0.787ns
    Clock Pessimism Removal (CPR):    0.000ns
  Clock Uncertainty:      0.035ns  ((TSJ^2 + TIJ^2)^1/2 + DJ) / 2 + PE
    Total System Jitter     (TSJ):    0.071ns
    Total Input Jitter      (TIJ):    0.000ns
    Discrete Jitter          (DJ):    0.000ns
    Phase Error              (PE):    0.000ns

    Location             Delay type                Incr(ns)  Path(ns)    Netlist Resource(s)
  -------------------------------------------------------------------    -------------------
                         (clock clk_i rise edge)      0.000     0.000 r  
                                                      0.000     0.000 r  clk_i (IN)
                         net (fo=2885, unset)         0.787     0.787    clk_i
                         FDCE                                         r  uop_p1_q_reg[src1_addr][5]/C
  -------------------------------------------------------------------    -------------------
                         FDCE (Prop_fdce_C_Q)         0.433     1.220 r  uop_p1_q_reg[src1_addr][5]/Q
                         net (fo=2, unplaced)         0.537     1.757    uop_p1_q_reg[src1_addr_n_0_][5]
                         LUT4 (Prop_lut4_I0_O)        0.232     1.989 r  uop_p2_q[src1_addr][5]_i_1/O
                         net (fo=1, unplaced)         0.000     1.989    uop_p2_q[src1_addr][5]_i_1_n_0
                         FDCE                                         r  uop_p2_q_reg[src1_addr][5]/D
  -------------------------------------------------------------------    -------------------

                         (clock clk_i rise edge)      5.000     5.000 r  
                                                      0.000     5.000 r  clk_i (IN)
                         net (fo=2885, unset)         0.748     5.748    clk_i
                         FDCE                                         r  uop_p2_q_reg[src1_addr][5]/C
                         clock pessimism              0.000     5.748    
                         clock uncertainty           -0.035     5.712    
                         FDCE (Setup_fdce_C_D)        0.072     5.784    uop_p2_q_reg[src1_addr][5]
  -------------------------------------------------------------------
                         required time                          5.784    
                         arrival time                          -1.989    
  -------------------------------------------------------------------
                         slack                                  3.795    

Slack (MET) :             3.806ns  (required time - arrival time)
  Source:                 uop_p1_q_reg[arch_op][0]/C
                            (rising edge-triggered cell FDCE clocked by clk_i  {rise@0.000ns fall@2.500ns period=5.000ns})
  Destination:            uop_p2_q_reg[arch_op][0]/D
                            (rising edge-triggered cell FDCE clocked by clk_i  {rise@0.000ns fall@2.500ns period=5.000ns})
  Path Group:             clk_i
  Path Type:              Setup (Max at Slow Process Corner)
  Requirement:            5.000ns  (clk_i rise@5.000ns - clk_i rise@0.000ns)
  Data Path Delay:        1.191ns  (logic 0.665ns (55.835%)  route 0.526ns (44.165%))
  Logic Levels:           1  (LUT4=1)
  Clock Path Skew:        -0.039ns (DCD - SCD + CPR)
    Destination Clock Delay (DCD):    0.748ns = ( 5.748 - 5.000 ) 
    Source Clock Delay      (SCD):    0.787ns
    Clock Pessimism Removal (CPR):    0.000ns
  Clock Uncertainty:      0.035ns  ((TSJ^2 + TIJ^2)^1/2 + DJ) / 2 + PE
    Total System Jitter     (TSJ):    0.071ns
    Total Input Jitter      (TIJ):    0.000ns
    Discrete Jitter          (DJ):    0.000ns
    Phase Error              (PE):    0.000ns

    Location             Delay type                Incr(ns)  Path(ns)    Netlist Resource(s)
  -------------------------------------------------------------------    -------------------
                         (clock clk_i rise edge)      0.000     0.000 r  
                                                      0.000     0.000 r  clk_i (IN)
                         net (fo=2885, unset)         0.787     0.787    clk_i
                         FDCE                                         r  uop_p1_q_reg[arch_op][0]/C
  -------------------------------------------------------------------    -------------------
                         FDCE (Prop_fdce_C_Q)         0.433     1.220 r  uop_p1_q_reg[arch_op][0]/Q
                         net (fo=1, unplaced)         0.526     1.746    uop_p1_q_reg[arch_op_n_0_][0]
                         LUT4 (Prop_lut4_I0_O)        0.232     1.978 r  uop_p2_q[arch_op][0]_i_1/O
                         net (fo=1, unplaced)         0.000     1.978    uop_p2_q[arch_op][0]_i_1_n_0
                         FDCE                                         r  uop_p2_q_reg[arch_op][0]/D
  -------------------------------------------------------------------    -------------------

                         (clock clk_i rise edge)      5.000     5.000 r  
                                                      0.000     5.000 r  clk_i (IN)
                         net (fo=2885, unset)         0.748     5.748    clk_i
                         FDCE                                         r  uop_p2_q_reg[arch_op][0]/C
                         clock pessimism              0.000     5.748    
                         clock uncertainty           -0.035     5.712    
                         FDCE (Setup_fdce_C_D)        0.072     5.784    uop_p2_q_reg[arch_op][0]
  -------------------------------------------------------------------
                         required time                          5.784    
                         arrival time                          -1.978    
  -------------------------------------------------------------------
                         slack                                  3.806    

Slack (MET) :             3.806ns  (required time - arrival time)
  Source:                 uop_p1_q_reg[arch_op][1]/C
                            (rising edge-triggered cell FDCE clocked by clk_i  {rise@0.000ns fall@2.500ns period=5.000ns})
  Destination:            uop_p2_q_reg[arch_op][1]/D
                            (rising edge-triggered cell FDCE clocked by clk_i  {rise@0.000ns fall@2.500ns period=5.000ns})
  Path Group:             clk_i
  Path Type:              Setup (Max at Slow Process Corner)
  Requirement:            5.000ns  (clk_i rise@5.000ns - clk_i rise@0.000ns)
  Data Path Delay:        1.191ns  (logic 0.665ns (55.835%)  route 0.526ns (44.165%))
  Logic Levels:           1  (LUT4=1)
  Clock Path Skew:        -0.039ns (DCD - SCD + CPR)
    Destination Clock Delay (DCD):    0.748ns = ( 5.748 - 5.000 ) 
    Source Clock Delay      (SCD):    0.787ns
    Clock Pessimism Removal (CPR):    0.000ns
  Clock Uncertainty:      0.035ns  ((TSJ^2 + TIJ^2)^1/2 + DJ) / 2 + PE
    Total System Jitter     (TSJ):    0.071ns
    Total Input Jitter      (TIJ):    0.000ns
    Discrete Jitter          (DJ):    0.000ns
    Phase Error              (PE):    0.000ns

    Location             Delay type                Incr(ns)  Path(ns)    Netlist Resource(s)
  -------------------------------------------------------------------    -------------------
                         (clock clk_i rise edge)      0.000     0.000 r  
                                                      0.000     0.000 r  clk_i (IN)
                         net (fo=2885, unset)         0.787     0.787    clk_i
                         FDCE                                         r  uop_p1_q_reg[arch_op][1]/C
  -------------------------------------------------------------------    -------------------
                         FDCE (Prop_fdce_C_Q)         0.433     1.220 r  uop_p1_q_reg[arch_op][1]/Q
                         net (fo=1, unplaced)         0.526     1.746    uop_p1_q_reg[arch_op_n_0_][1]
                         LUT4 (Prop_lut4_I0_O)        0.232     1.978 r  uop_p2_q[arch_op][1]_i_1/O
                         net (fo=1, unplaced)         0.000     1.978    uop_p2_q[arch_op][1]_i_1_n_0
                         FDCE                                         r  uop_p2_q_reg[arch_op][1]/D
  -------------------------------------------------------------------    -------------------

                         (clock clk_i rise edge)      5.000     5.000 r  
                                                      0.000     5.000 r  clk_i (IN)
                         net (fo=2885, unset)         0.748     5.748    clk_i
                         FDCE                                         r  uop_p2_q_reg[arch_op][1]/C
                         clock pessimism              0.000     5.748    
                         clock uncertainty           -0.035     5.712    
                         FDCE (Setup_fdce_C_D)        0.072     5.784    uop_p2_q_reg[arch_op][1]
  -------------------------------------------------------------------
                         required time                          5.784    
                         arrival time                          -1.978    
  -------------------------------------------------------------------
                         slack                                  3.806    

Slack (MET) :             3.806ns  (required time - arrival time)
  Source:                 uop_p1_q_reg[arch_op][2]/C
                            (rising edge-triggered cell FDCE clocked by clk_i  {rise@0.000ns fall@2.500ns period=5.000ns})
  Destination:            uop_p2_q_reg[arch_op][2]/D
                            (rising edge-triggered cell FDCE clocked by clk_i  {rise@0.000ns fall@2.500ns period=5.000ns})
  Path Group:             clk_i
  Path Type:              Setup (Max at Slow Process Corner)
  Requirement:            5.000ns  (clk_i rise@5.000ns - clk_i rise@0.000ns)
  Data Path Delay:        1.191ns  (logic 0.665ns (55.835%)  route 0.526ns (44.165%))
  Logic Levels:           1  (LUT4=1)
  Clock Path Skew:        -0.039ns (DCD - SCD + CPR)
    Destination Clock Delay (DCD):    0.748ns = ( 5.748 - 5.000 ) 
    Source Clock Delay      (SCD):    0.787ns
    Clock Pessimism Removal (CPR):    0.000ns
  Clock Uncertainty:      0.035ns  ((TSJ^2 + TIJ^2)^1/2 + DJ) / 2 + PE
    Total System Jitter     (TSJ):    0.071ns
    Total Input Jitter      (TIJ):    0.000ns
    Discrete Jitter          (DJ):    0.000ns
    Phase Error              (PE):    0.000ns

    Location             Delay type                Incr(ns)  Path(ns)    Netlist Resource(s)
  -------------------------------------------------------------------    -------------------
                         (clock clk_i rise edge)      0.000     0.000 r  
                                                      0.000     0.000 r  clk_i (IN)
                         net (fo=2885, unset)         0.787     0.787    clk_i
                         FDCE                                         r  uop_p1_q_reg[arch_op][2]/C
  -------------------------------------------------------------------    -------------------
                         FDCE (Prop_fdce_C_Q)         0.433     1.220 r  uop_p1_q_reg[arch_op][2]/Q
                         net (fo=1, unplaced)         0.526     1.746    uop_p1_q_reg[arch_op_n_0_][2]
                         LUT4 (Prop_lut4_I0_O)        0.232     1.978 r  uop_p2_q[arch_op][2]_i_1/O
                         net (fo=1, unplaced)         0.000     1.978    uop_p2_q[arch_op][2]_i_1_n_0
                         FDCE                                         r  uop_p2_q_reg[arch_op][2]/D
  -------------------------------------------------------------------    -------------------

                         (clock clk_i rise edge)      5.000     5.000 r  
                                                      0.000     5.000 r  clk_i (IN)
                         net (fo=2885, unset)         0.748     5.748    clk_i
                         FDCE                                         r  uop_p2_q_reg[arch_op][2]/C
                         clock pessimism              0.000     5.748    
                         clock uncertainty           -0.035     5.712    
                         FDCE (Setup_fdce_C_D)        0.072     5.784    uop_p2_q_reg[arch_op][2]
  -------------------------------------------------------------------
                         required time                          5.784    
                         arrival time                          -1.978    
  -------------------------------------------------------------------
                         slack                                  3.806    

Slack (MET) :             3.806ns  (required time - arrival time)
  Source:                 uop_p1_q_reg[chunk_idx][0]/C
                            (rising edge-triggered cell FDCE clocked by clk_i  {rise@0.000ns fall@2.500ns period=5.000ns})
  Destination:            uop_p2_q_reg[chunk_idx][0]/D
                            (rising edge-triggered cell FDCE clocked by clk_i  {rise@0.000ns fall@2.500ns period=5.000ns})
  Path Group:             clk_i
  Path Type:              Setup (Max at Slow Process Corner)
  Requirement:            5.000ns  (clk_i rise@5.000ns - clk_i rise@0.000ns)
  Data Path Delay:        1.191ns  (logic 0.665ns (55.835%)  route 0.526ns (44.165%))
  Logic Levels:           1  (LUT4=1)
  Clock Path Skew:        -0.039ns (DCD - SCD + CPR)
    Destination Clock Delay (DCD):    0.748ns = ( 5.748 - 5.000 ) 
    Source Clock Delay      (SCD):    0.787ns
    Clock Pessimism Removal (CPR):    0.000ns
  Clock Uncertainty:      0.035ns  ((TSJ^2 + TIJ^2)^1/2 + DJ) / 2 + PE
    Total System Jitter     (TSJ):    0.071ns
    Total Input Jitter      (TIJ):    0.000ns
    Discrete Jitter          (DJ):    0.000ns
    Phase Error              (PE):    0.000ns

    Location             Delay type                Incr(ns)  Path(ns)    Netlist Resource(s)
  -------------------------------------------------------------------    -------------------
                         (clock clk_i rise edge)      0.000     0.000 r  
                                                      0.000     0.000 r  clk_i (IN)
                         net (fo=2885, unset)         0.787     0.787    clk_i
                         FDCE                                         r  uop_p1_q_reg[chunk_idx][0]/C
  -------------------------------------------------------------------    -------------------
                         FDCE (Prop_fdce_C_Q)         0.433     1.220 r  uop_p1_q_reg[chunk_idx][0]/Q
                         net (fo=1, unplaced)         0.526     1.746    uop_p1_q_reg[chunk_idx][0]
                         LUT4 (Prop_lut4_I0_O)        0.232     1.978 r  uop_p2_q[chunk_idx][0]_i_1/O
                         net (fo=1, unplaced)         0.000     1.978    uop_p2_q[chunk_idx][0]_i_1_n_0
                         FDCE                                         r  uop_p2_q_reg[chunk_idx][0]/D
  -------------------------------------------------------------------    -------------------

                         (clock clk_i rise edge)      5.000     5.000 r  
                                                      0.000     5.000 r  clk_i (IN)
                         net (fo=2885, unset)         0.748     5.748    clk_i
                         FDCE                                         r  uop_p2_q_reg[chunk_idx][0]/C
                         clock pessimism              0.000     5.748    
                         clock uncertainty           -0.035     5.712    
                         FDCE (Setup_fdce_C_D)        0.072     5.784    uop_p2_q_reg[chunk_idx][0]
  -------------------------------------------------------------------
                         required time                          5.784    
                         arrival time                          -1.978    
  -------------------------------------------------------------------
                         slack                                  3.806    

Slack (MET) :             3.806ns  (required time - arrival time)
  Source:                 uop_p1_q_reg[chunk_idx][1]/C
                            (rising edge-triggered cell FDCE clocked by clk_i  {rise@0.000ns fall@2.500ns period=5.000ns})
  Destination:            uop_p2_q_reg[chunk_idx][1]/D
                            (rising edge-triggered cell FDCE clocked by clk_i  {rise@0.000ns fall@2.500ns period=5.000ns})
  Path Group:             clk_i
  Path Type:              Setup (Max at Slow Process Corner)
  Requirement:            5.000ns  (clk_i rise@5.000ns - clk_i rise@0.000ns)
  Data Path Delay:        1.191ns  (logic 0.665ns (55.835%)  route 0.526ns (44.165%))
  Logic Levels:           1  (LUT4=1)
  Clock Path Skew:        -0.039ns (DCD - SCD + CPR)
    Destination Clock Delay (DCD):    0.748ns = ( 5.748 - 5.000 ) 
    Source Clock Delay      (SCD):    0.787ns
    Clock Pessimism Removal (CPR):    0.000ns
  Clock Uncertainty:      0.035ns  ((TSJ^2 + TIJ^2)^1/2 + DJ) / 2 + PE
    Total System Jitter     (TSJ):    0.071ns
    Total Input Jitter      (TIJ):    0.000ns
    Discrete Jitter          (DJ):    0.000ns
    Phase Error              (PE):    0.000ns

    Location             Delay type                Incr(ns)  Path(ns)    Netlist Resource(s)
  -------------------------------------------------------------------    -------------------
                         (clock clk_i rise edge)      0.000     0.000 r  
                                                      0.000     0.000 r  clk_i (IN)
                         net (fo=2885, unset)         0.787     0.787    clk_i
                         FDCE                                         r  uop_p1_q_reg[chunk_idx][1]/C
  -------------------------------------------------------------------    -------------------
                         FDCE (Prop_fdce_C_Q)         0.433     1.220 r  uop_p1_q_reg[chunk_idx][1]/Q
                         net (fo=1, unplaced)         0.526     1.746    uop_p1_q_reg[chunk_idx][1]
                         LUT4 (Prop_lut4_I0_O)        0.232     1.978 r  uop_p2_q[chunk_idx][1]_i_1/O
                         net (fo=1, unplaced)         0.000     1.978    uop_p2_q[chunk_idx][1]_i_1_n_0
                         FDCE                                         r  uop_p2_q_reg[chunk_idx][1]/D
  -------------------------------------------------------------------    -------------------

                         (clock clk_i rise edge)      5.000     5.000 r  
                                                      0.000     5.000 r  clk_i (IN)
                         net (fo=2885, unset)         0.748     5.748    clk_i
                         FDCE                                         r  uop_p2_q_reg[chunk_idx][1]/C
                         clock pessimism              0.000     5.748    
                         clock uncertainty           -0.035     5.712    
                         FDCE (Setup_fdce_C_D)        0.072     5.784    uop_p2_q_reg[chunk_idx][1]
  -------------------------------------------------------------------
                         required time                          5.784    
                         arrival time                          -1.978    
  -------------------------------------------------------------------
                         slack                                  3.806    

Slack (MET) :             3.806ns  (required time - arrival time)
  Source:                 uop_p1_q_reg[dst_addr][1]/C
                            (rising edge-triggered cell FDCE clocked by clk_i  {rise@0.000ns fall@2.500ns period=5.000ns})
  Destination:            uop_p2_q_reg[dst_addr][1]/D
                            (rising edge-triggered cell FDCE clocked by clk_i  {rise@0.000ns fall@2.500ns period=5.000ns})
  Path Group:             clk_i
  Path Type:              Setup (Max at Slow Process Corner)
  Requirement:            5.000ns  (clk_i rise@5.000ns - clk_i rise@0.000ns)
  Data Path Delay:        1.191ns  (logic 0.665ns (55.835%)  route 0.526ns (44.165%))
  Logic Levels:           1  (LUT4=1)
  Clock Path Skew:        -0.039ns (DCD - SCD + CPR)
    Destination Clock Delay (DCD):    0.748ns = ( 5.748 - 5.000 ) 
    Source Clock Delay      (SCD):    0.787ns
    Clock Pessimism Removal (CPR):    0.000ns
  Clock Uncertainty:      0.035ns  ((TSJ^2 + TIJ^2)^1/2 + DJ) / 2 + PE
    Total System Jitter     (TSJ):    0.071ns
    Total Input Jitter      (TIJ):    0.000ns
    Discrete Jitter          (DJ):    0.000ns
    Phase Error              (PE):    0.000ns

    Location             Delay type                Incr(ns)  Path(ns)    Netlist Resource(s)
  -------------------------------------------------------------------    -------------------
                         (clock clk_i rise edge)      0.000     0.000 r  
                                                      0.000     0.000 r  clk_i (IN)
                         net (fo=2885, unset)         0.787     0.787    clk_i
                         FDCE                                         r  uop_p1_q_reg[dst_addr][1]/C
  -------------------------------------------------------------------    -------------------
                         FDCE (Prop_fdce_C_Q)         0.433     1.220 r  uop_p1_q_reg[dst_addr][1]/Q
                         net (fo=1, unplaced)         0.526     1.746    uop_p1_q_reg[dst_addr_n_0_][1]
                         LUT4 (Prop_lut4_I0_O)        0.232     1.978 r  uop_p2_q[dst_addr][1]_i_1/O
                         net (fo=1, unplaced)         0.000     1.978    uop_p2_q[dst_addr][1]_i_1_n_0
                         FDCE                                         r  uop_p2_q_reg[dst_addr][1]/D
  -------------------------------------------------------------------    -------------------

                         (clock clk_i rise edge)      5.000     5.000 r  
                                                      0.000     5.000 r  clk_i (IN)
                         net (fo=2885, unset)         0.748     5.748    clk_i
                         FDCE                                         r  uop_p2_q_reg[dst_addr][1]/C
                         clock pessimism              0.000     5.748    
                         clock uncertainty           -0.035     5.712    
                         FDCE (Setup_fdce_C_D)        0.072     5.784    uop_p2_q_reg[dst_addr][1]
  -------------------------------------------------------------------
                         required time                          5.784    
                         arrival time                          -1.978    
  -------------------------------------------------------------------
                         slack                                  3.806    

Slack (MET) :             3.806ns  (required time - arrival time)
  Source:                 uop_p1_q_reg[dst_addr][2]/C
                            (rising edge-triggered cell FDCE clocked by clk_i  {rise@0.000ns fall@2.500ns period=5.000ns})
  Destination:            uop_p2_q_reg[dst_addr][2]/D
                            (rising edge-triggered cell FDCE clocked by clk_i  {rise@0.000ns fall@2.500ns period=5.000ns})
  Path Group:             clk_i
  Path Type:              Setup (Max at Slow Process Corner)
  Requirement:            5.000ns  (clk_i rise@5.000ns - clk_i rise@0.000ns)
  Data Path Delay:        1.191ns  (logic 0.665ns (55.835%)  route 0.526ns (44.165%))
  Logic Levels:           1  (LUT4=1)
  Clock Path Skew:        -0.039ns (DCD - SCD + CPR)
    Destination Clock Delay (DCD):    0.748ns = ( 5.748 - 5.000 ) 
    Source Clock Delay      (SCD):    0.787ns
    Clock Pessimism Removal (CPR):    0.000ns
  Clock Uncertainty:      0.035ns  ((TSJ^2 + TIJ^2)^1/2 + DJ) / 2 + PE
    Total System Jitter     (TSJ):    0.071ns
    Total Input Jitter      (TIJ):    0.000ns
    Discrete Jitter          (DJ):    0.000ns
    Phase Error              (PE):    0.000ns

    Location             Delay type                Incr(ns)  Path(ns)    Netlist Resource(s)
  -------------------------------------------------------------------    -------------------
                         (clock clk_i rise edge)      0.000     0.000 r  
                                                      0.000     0.000 r  clk_i (IN)
                         net (fo=2885, unset)         0.787     0.787    clk_i
                         FDCE                                         r  uop_p1_q_reg[dst_addr][2]/C
  -------------------------------------------------------------------    -------------------
                         FDCE (Prop_fdce_C_Q)         0.433     1.220 r  uop_p1_q_reg[dst_addr][2]/Q
                         net (fo=1, unplaced)         0.526     1.746    uop_p1_q_reg[dst_addr_n_0_][2]
                         LUT4 (Prop_lut4_I0_O)        0.232     1.978 r  uop_p2_q[dst_addr][2]_i_1/O
                         net (fo=1, unplaced)         0.000     1.978    uop_p2_q[dst_addr][2]_i_1_n_0
                         FDCE                                         r  uop_p2_q_reg[dst_addr][2]/D
  -------------------------------------------------------------------    -------------------

                         (clock clk_i rise edge)      5.000     5.000 r  
                                                      0.000     5.000 r  clk_i (IN)
                         net (fo=2885, unset)         0.748     5.748    clk_i
                         FDCE                                         r  uop_p2_q_reg[dst_addr][2]/C
                         clock pessimism              0.000     5.748    
                         clock uncertainty           -0.035     5.712    
                         FDCE (Setup_fdce_C_D)        0.072     5.784    uop_p2_q_reg[dst_addr][2]
  -------------------------------------------------------------------
                         required time                          5.784    
                         arrival time                          -1.978    
  -------------------------------------------------------------------
                         slack                                  3.806    

Slack (MET) :             3.806ns  (required time - arrival time)
  Source:                 uop_p1_q_reg[dst_addr][3]/C
                            (rising edge-triggered cell FDCE clocked by clk_i  {rise@0.000ns fall@2.500ns period=5.000ns})
  Destination:            uop_p2_q_reg[dst_addr][3]/D
                            (rising edge-triggered cell FDCE clocked by clk_i  {rise@0.000ns fall@2.500ns period=5.000ns})
  Path Group:             clk_i
  Path Type:              Setup (Max at Slow Process Corner)
  Requirement:            5.000ns  (clk_i rise@5.000ns - clk_i rise@0.000ns)
  Data Path Delay:        1.191ns  (logic 0.665ns (55.835%)  route 0.526ns (44.165%))
  Logic Levels:           1  (LUT4=1)
  Clock Path Skew:        -0.039ns (DCD - SCD + CPR)
    Destination Clock Delay (DCD):    0.748ns = ( 5.748 - 5.000 ) 
    Source Clock Delay      (SCD):    0.787ns
    Clock Pessimism Removal (CPR):    0.000ns
  Clock Uncertainty:      0.035ns  ((TSJ^2 + TIJ^2)^1/2 + DJ) / 2 + PE
    Total System Jitter     (TSJ):    0.071ns
    Total Input Jitter      (TIJ):    0.000ns
    Discrete Jitter          (DJ):    0.000ns
    Phase Error              (PE):    0.000ns

    Location             Delay type                Incr(ns)  Path(ns)    Netlist Resource(s)
  -------------------------------------------------------------------    -------------------
                         (clock clk_i rise edge)      0.000     0.000 r  
                                                      0.000     0.000 r  clk_i (IN)
                         net (fo=2885, unset)         0.787     0.787    clk_i
                         FDCE                                         r  uop_p1_q_reg[dst_addr][3]/C
  -------------------------------------------------------------------    -------------------
                         FDCE (Prop_fdce_C_Q)         0.433     1.220 r  uop_p1_q_reg[dst_addr][3]/Q
                         net (fo=1, unplaced)         0.526     1.746    uop_p1_q_reg[dst_addr_n_0_][3]
                         LUT4 (Prop_lut4_I0_O)        0.232     1.978 r  uop_p2_q[dst_addr][3]_i_1/O
                         net (fo=1, unplaced)         0.000     1.978    uop_p2_q[dst_addr][3]_i_1_n_0
                         FDCE                                         r  uop_p2_q_reg[dst_addr][3]/D
  -------------------------------------------------------------------    -------------------

                         (clock clk_i rise edge)      5.000     5.000 r  
                                                      0.000     5.000 r  clk_i (IN)
                         net (fo=2885, unset)         0.748     5.748    clk_i
                         FDCE                                         r  uop_p2_q_reg[dst_addr][3]/C
                         clock pessimism              0.000     5.748    
                         clock uncertainty           -0.035     5.712    
                         FDCE (Setup_fdce_C_D)        0.072     5.784    uop_p2_q_reg[dst_addr][3]
  -------------------------------------------------------------------
                         required time                          5.784    
                         arrival time                          -1.978    
  -------------------------------------------------------------------
                         slack                                  3.806    

Slack (MET) :             3.806ns  (required time - arrival time)
  Source:                 uop_p1_q_reg[dst_addr][4]/C
                            (rising edge-triggered cell FDCE clocked by clk_i  {rise@0.000ns fall@2.500ns period=5.000ns})
  Destination:            uop_p2_q_reg[dst_addr][4]/D
                            (rising edge-triggered cell FDCE clocked by clk_i  {rise@0.000ns fall@2.500ns period=5.000ns})
  Path Group:             clk_i
  Path Type:              Setup (Max at Slow Process Corner)
  Requirement:            5.000ns  (clk_i rise@5.000ns - clk_i rise@0.000ns)
  Data Path Delay:        1.191ns  (logic 0.665ns (55.835%)  route 0.526ns (44.165%))
  Logic Levels:           1  (LUT4=1)
  Clock Path Skew:        -0.039ns (DCD - SCD + CPR)
    Destination Clock Delay (DCD):    0.748ns = ( 5.748 - 5.000 ) 
    Source Clock Delay      (SCD):    0.787ns
    Clock Pessimism Removal (CPR):    0.000ns
  Clock Uncertainty:      0.035ns  ((TSJ^2 + TIJ^2)^1/2 + DJ) / 2 + PE
    Total System Jitter     (TSJ):    0.071ns
    Total Input Jitter      (TIJ):    0.000ns
    Discrete Jitter          (DJ):    0.000ns
    Phase Error              (PE):    0.000ns

    Location             Delay type                Incr(ns)  Path(ns)    Netlist Resource(s)
  -------------------------------------------------------------------    -------------------
                         (clock clk_i rise edge)      0.000     0.000 r  
                                                      0.000     0.000 r  clk_i (IN)
                         net (fo=2885, unset)         0.787     0.787    clk_i
                         FDCE                                         r  uop_p1_q_reg[dst_addr][4]/C
  -------------------------------------------------------------------    -------------------
                         FDCE (Prop_fdce_C_Q)         0.433     1.220 r  uop_p1_q_reg[dst_addr][4]/Q
                         net (fo=1, unplaced)         0.526     1.746    uop_p1_q_reg[dst_addr_n_0_][4]
                         LUT4 (Prop_lut4_I0_O)        0.232     1.978 r  uop_p2_q[dst_addr][4]_i_1/O
                         net (fo=1, unplaced)         0.000     1.978    uop_p2_q[dst_addr][4]_i_1_n_0
                         FDCE                                         r  uop_p2_q_reg[dst_addr][4]/D
  -------------------------------------------------------------------    -------------------

                         (clock clk_i rise edge)      5.000     5.000 r  
                                                      0.000     5.000 r  clk_i (IN)
                         net (fo=2885, unset)         0.748     5.748    clk_i
                         FDCE                                         r  uop_p2_q_reg[dst_addr][4]/C
                         clock pessimism              0.000     5.748    
                         clock uncertainty           -0.035     5.712    
                         FDCE (Setup_fdce_C_D)        0.072     5.784    uop_p2_q_reg[dst_addr][4]
  -------------------------------------------------------------------
                         required time                          5.784    
                         arrival time                          -1.978    
  -------------------------------------------------------------------
                         slack                                  3.806    




