Copyright 1986-2022 Xilinx, Inc. All Rights Reserved. Copyright 2022-2024 Advanced Micro Devices, Inc. All Rights Reserved.
---------------------------------------------------------------------------------------------------------------------------------------------------------------------------------------------------------------------------------------------------------------------------------------------------------------------------------------------------------
| Tool Version : Vivado v.2024.2 (win64) Build 5239630 Fri Nov 08 22:35:27 MST 2024
| Date         : Sun Jun  7 12:04:07 2026
| Host         : WIN-20240824NZS running 64-bit major release  (build 9200)
| Command      : report_timing -delay_type max -sort_by slack -max_paths 20 -nworst 1 -from [get_pins -quiet -of_objects {i_vrf/lane_result_q[3][8]_i_7/I2} -filter {DIRECTION == OUT}] -to {i_vrf/lane_result_q[3][8]_i_7/I2} -file E:/HDEC/cva6-vhdc-core/reports/vivado/ooc_hdec_hmatch_countdown_v1_ff838841/200mhz/groups/03a_p2_to_lane_result.rpt
| Design       : hdec_top
| Device       : 7z020-clg400
| Speed File   : -2  PRODUCTION 1.12 2019-11-22
| Design State : Synthesized
---------------------------------------------------------------------------------------------------------------------------------------------------------------------------------------------------------------------------------------------------------------------------------------------------------------------------------------------------------

Timing Report

Slack (MET) :             0.871ns  (required time - arrival time)
  Source:                 uop_p2_q_reg[use_shift]/C
                            (rising edge-triggered cell FDCE clocked by clk_i  {rise@0.000ns fall@2.500ns period=5.000ns})
  Destination:            lane_result_q_reg[1][11]/D
                            (rising edge-triggered cell FDCE clocked by clk_i  {rise@0.000ns fall@2.500ns period=5.000ns})
  Path Group:             clk_i
  Path Type:              Setup (Max at Slow Process Corner)
  Requirement:            5.000ns  (clk_i rise@5.000ns - clk_i rise@0.000ns)
  Data Path Delay:        4.126ns  (logic 1.085ns (26.297%)  route 3.041ns (73.703%))
  Logic Levels:           5  (LUT2=1 LUT5=1 LUT6=3)
  Clock Path Skew:        -0.039ns (DCD - SCD + CPR)
    Destination Clock Delay (DCD):    0.748ns = ( 5.748 - 5.000 ) 
    Source Clock Delay      (SCD):    0.787ns
    Clock Pessimism Removal (CPR):    0.000ns
  Clock Uncertainty:      0.035ns  ((TSJ^2 + TIJ^2)^1/2 + DJ) / 2 + PE
    Total System Jitter     (TSJ):    0.071ns
    Total Input Jitter      (TIJ):    0.000ns
    Discrete Jitter          (DJ):    0.000ns
    Phase Error              (PE):    0.000ns

    Location             Delay type                Incr(ns)  Path(ns)    Netlist Resource(s)
  -------------------------------------------------------------------    -------------------
                         (clock clk_i rise edge)      0.000     0.000 r  
                                                      0.000     0.000 r  clk_i (IN)
                         net (fo=2885, unset)         0.787     0.787    clk_i
                         FDCE                                         r  uop_p2_q_reg[use_shift]/C
  -------------------------------------------------------------------    -------------------
                         FDCE (Prop_fdce_C_Q)         0.433     1.220 r  uop_p2_q_reg[use_shift]/Q
                         net (fo=24, unplaced)        0.426     1.646    i_vrf/uop_p2_q_reg[use_shift]__0
                         LUT2 (Prop_lut2_I0_O)        0.232     1.878 r  i_vrf/lane_result_q[3][63]_i_62/O
                         net (fo=126, unplaced)       0.452     2.330    i_vrf/lane_result_q[3][63]_i_62_n_0
                         LUT5 (Prop_lut5_I0_O)        0.105     2.435 r  i_vrf/lane_result_q[1][31]_i_7/O
                         net (fo=3, unplaced)         0.956     3.391    i_vrf/lane_result_q[1][31]_i_7_n_0
                         LUT6 (Prop_lut6_I0_O)        0.105     3.496 r  i_vrf/lane_result_q[1][27]_i_6/O
                         net (fo=6, unplaced)         0.614     4.110    i_vrf/lane_result_q[1][27]_i_6_n_0
                         LUT6 (Prop_lut6_I1_O)        0.105     4.215 r  i_vrf/lane_result_q[1][11]_i_3/O
                         net (fo=2, unplaced)         0.593     4.808    i_vrf/lane_result_q[1][11]_i_3_n_0
                         LUT6 (Prop_lut6_I2_O)        0.105     4.913 r  i_vrf/lane_result_q[1][11]_i_1/O
                         net (fo=1, unplaced)         0.000     4.913    i_vrf_n_180
                         FDCE                                         r  lane_result_q_reg[1][11]/D
  -------------------------------------------------------------------    -------------------

                         (clock clk_i rise edge)      5.000     5.000 r  
                                                      0.000     5.000 r  clk_i (IN)
                         net (fo=2885, unset)         0.748     5.748    clk_i
                         FDCE                                         r  lane_result_q_reg[1][11]/C
                         clock pessimism              0.000     5.748    
                         clock uncertainty           -0.035     5.712    
                         FDCE (Setup_fdce_C_D)        0.072     5.784    lane_result_q_reg[1][11]
  -------------------------------------------------------------------
                         required time                          5.784    
                         arrival time                          -4.913    
  -------------------------------------------------------------------
                         slack                                  0.871    

Slack (MET) :             0.871ns  (required time - arrival time)
  Source:                 uop_p2_q_reg[use_shift]/C
                            (rising edge-triggered cell FDCE clocked by clk_i  {rise@0.000ns fall@2.500ns period=5.000ns})
  Destination:            lane_result_q_reg[2][11]/D
                            (rising edge-triggered cell FDCE clocked by clk_i  {rise@0.000ns fall@2.500ns period=5.000ns})
  Path Group:             clk_i
  Path Type:              Setup (Max at Slow Process Corner)
  Requirement:            5.000ns  (clk_i rise@5.000ns - clk_i rise@0.000ns)
  Data Path Delay:        4.126ns  (logic 1.085ns (26.297%)  route 3.041ns (73.703%))
  Logic Levels:           5  (LUT2=1 LUT5=1 LUT6=3)
  Clock Path Skew:        -0.039ns (DCD - SCD + CPR)
    Destination Clock Delay (DCD):    0.748ns = ( 5.748 - 5.000 ) 
    Source Clock Delay      (SCD):    0.787ns
    Clock Pessimism Removal (CPR):    0.000ns
  Clock Uncertainty:      0.035ns  ((TSJ^2 + TIJ^2)^1/2 + DJ) / 2 + PE
    Total System Jitter     (TSJ):    0.071ns
    Total Input Jitter      (TIJ):    0.000ns
    Discrete Jitter          (DJ):    0.000ns
    Phase Error              (PE):    0.000ns

    Location             Delay type                Incr(ns)  Path(ns)    Netlist Resource(s)
  -------------------------------------------------------------------    -------------------
                         (clock clk_i rise edge)      0.000     0.000 r  
                                                      0.000     0.000 r  clk_i (IN)
                         net (fo=2885, unset)         0.787     0.787    clk_i
                         FDCE                                         r  uop_p2_q_reg[use_shift]/C
  -------------------------------------------------------------------    -------------------
                         FDCE (Prop_fdce_C_Q)         0.433     1.220 r  uop_p2_q_reg[use_shift]/Q
                         net (fo=24, unplaced)        0.426     1.646    i_vrf/uop_p2_q_reg[use_shift]__0
                         LUT2 (Prop_lut2_I0_O)        0.232     1.878 r  i_vrf/lane_result_q[3][63]_i_62/O
                         net (fo=126, unplaced)       0.452     2.330    i_vrf/lane_result_q[3][63]_i_62_n_0
                         LUT5 (Prop_lut5_I0_O)        0.105     2.435 r  i_vrf/lane_result_q[2][31]_i_7/O
                         net (fo=3, unplaced)         0.956     3.391    i_vrf/lane_result_q[2][31]_i_7_n_0
                         LUT6 (Prop_lut6_I0_O)        0.105     3.496 r  i_vrf/lane_result_q[2][27]_i_6/O
                         net (fo=6, unplaced)         0.614     4.110    i_vrf/lane_result_q[2][27]_i_6_n_0
                         LUT6 (Prop_lut6_I1_O)        0.105     4.215 r  i_vrf/lane_result_q[2][11]_i_3/O
                         net (fo=2, unplaced)         0.593     4.808    i_vrf/lane_result_q[2][11]_i_3_n_0
                         LUT6 (Prop_lut6_I2_O)        0.105     4.913 r  i_vrf/lane_result_q[2][11]_i_1/O
                         net (fo=1, unplaced)         0.000     4.913    i_vrf_n_308
                         FDCE                                         r  lane_result_q_reg[2][11]/D
  -------------------------------------------------------------------    -------------------

                         (clock clk_i rise edge)      5.000     5.000 r  
                                                      0.000     5.000 r  clk_i (IN)
                         net (fo=2885, unset)         0.748     5.748    clk_i
                         FDCE                                         r  lane_result_q_reg[2][11]/C
                         clock pessimism              0.000     5.748    
                         clock uncertainty           -0.035     5.712    
                         FDCE (Setup_fdce_C_D)        0.072     5.784    lane_result_q_reg[2][11]
  -------------------------------------------------------------------
                         required time                          5.784    
                         arrival time                          -4.913    
  -------------------------------------------------------------------
                         slack                                  0.871    

Slack (MET) :             0.871ns  (required time - arrival time)
  Source:                 uop_p2_q_reg[use_shift]/C
                            (rising edge-triggered cell FDCE clocked by clk_i  {rise@0.000ns fall@2.500ns period=5.000ns})
  Destination:            lane_result_q_reg[3][11]/D
                            (rising edge-triggered cell FDCE clocked by clk_i  {rise@0.000ns fall@2.500ns period=5.000ns})
  Path Group:             clk_i
  Path Type:              Setup (Max at Slow Process Corner)
  Requirement:            5.000ns  (clk_i rise@5.000ns - clk_i rise@0.000ns)
  Data Path Delay:        4.126ns  (logic 1.085ns (26.297%)  route 3.041ns (73.703%))
  Logic Levels:           5  (LUT2=1 LUT5=1 LUT6=3)
  Clock Path Skew:        -0.039ns (DCD - SCD + CPR)
    Destination Clock Delay (DCD):    0.748ns = ( 5.748 - 5.000 ) 
    Source Clock Delay      (SCD):    0.787ns
    Clock Pessimism Removal (CPR):    0.000ns
  Clock Uncertainty:      0.035ns  ((TSJ^2 + TIJ^2)^1/2 + DJ) / 2 + PE
    Total System Jitter     (TSJ):    0.071ns
    Total Input Jitter      (TIJ):    0.000ns
    Discrete Jitter          (DJ):    0.000ns
    Phase Error              (PE):    0.000ns

    Location             Delay type                Incr(ns)  Path(ns)    Netlist Resource(s)
  -------------------------------------------------------------------    -------------------
                         (clock clk_i rise edge)      0.000     0.000 r  
                                                      0.000     0.000 r  clk_i (IN)
                         net (fo=2885, unset)         0.787     0.787    clk_i
                         FDCE                                         r  uop_p2_q_reg[use_shift]/C
  -------------------------------------------------------------------    -------------------
                         FDCE (Prop_fdce_C_Q)         0.433     1.220 r  uop_p2_q_reg[use_shift]/Q
                         net (fo=24, unplaced)        0.426     1.646    i_vrf/uop_p2_q_reg[use_shift]__0
                         LUT2 (Prop_lut2_I0_O)        0.232     1.878 r  i_vrf/lane_result_q[3][63]_i_62/O
                         net (fo=126, unplaced)       0.452     2.330    i_vrf/lane_result_q[3][63]_i_62_n_0
                         LUT5 (Prop_lut5_I0_O)        0.105     2.435 r  i_vrf/lane_result_q[3][31]_i_7/O
                         net (fo=3, unplaced)         0.956     3.391    i_vrf/lane_result_q[3][31]_i_7_n_0
                         LUT6 (Prop_lut6_I0_O)        0.105     3.496 r  i_vrf/lane_result_q[3][27]_i_6/O
                         net (fo=6, unplaced)         0.614     4.110    i_vrf/lane_result_q[3][27]_i_6_n_0
                         LUT6 (Prop_lut6_I1_O)        0.105     4.215 r  i_vrf/lane_result_q[3][11]_i_3/O
                         net (fo=2, unplaced)         0.593     4.808    i_vrf/lane_result_q[3][11]_i_3_n_0
                         LUT6 (Prop_lut6_I2_O)        0.105     4.913 r  i_vrf/lane_result_q[3][11]_i_1/O
                         net (fo=1, unplaced)         0.000     4.913    i_vrf_n_436
                         FDCE                                         r  lane_result_q_reg[3][11]/D
  -------------------------------------------------------------------    -------------------

                         (clock clk_i rise edge)      5.000     5.000 r  
                                                      0.000     5.000 r  clk_i (IN)
                         net (fo=2885, unset)         0.748     5.748    clk_i
                         FDCE                                         r  lane_result_q_reg[3][11]/C
                         clock pessimism              0.000     5.748    
                         clock uncertainty           -0.035     5.712    
                         FDCE (Setup_fdce_C_D)        0.072     5.784    lane_result_q_reg[3][11]
  -------------------------------------------------------------------
                         required time                          5.784    
                         arrival time                          -4.913    
  -------------------------------------------------------------------
                         slack                                  0.871    

Slack (MET) :             0.873ns  (required time - arrival time)
  Source:                 uop_p2_q_reg[use_shift]/C
                            (rising edge-triggered cell FDCE clocked by clk_i  {rise@0.000ns fall@2.500ns period=5.000ns})
  Destination:            lane_result_q_reg[1][34]/D
                            (rising edge-triggered cell FDCE clocked by clk_i  {rise@0.000ns fall@2.500ns period=5.000ns})
  Path Group:             clk_i
  Path Type:              Setup (Max at Slow Process Corner)
  Requirement:            5.000ns  (clk_i rise@5.000ns - clk_i rise@0.000ns)
  Data Path Delay:        4.124ns  (logic 1.085ns (26.309%)  route 3.039ns (73.691%))
  Logic Levels:           5  (LUT2=1 LUT5=1 LUT6=3)
  Clock Path Skew:        -0.039ns (DCD - SCD + CPR)
    Destination Clock Delay (DCD):    0.748ns = ( 5.748 - 5.000 ) 
    Source Clock Delay      (SCD):    0.787ns
    Clock Pessimism Removal (CPR):    0.000ns
  Clock Uncertainty:      0.035ns  ((TSJ^2 + TIJ^2)^1/2 + DJ) / 2 + PE
    Total System Jitter     (TSJ):    0.071ns
    Total Input Jitter      (TIJ):    0.000ns
    Discrete Jitter          (DJ):    0.000ns
    Phase Error              (PE):    0.000ns

    Location             Delay type                Incr(ns)  Path(ns)    Netlist Resource(s)
  -------------------------------------------------------------------    -------------------
                         (clock clk_i rise edge)      0.000     0.000 r  
                                                      0.000     0.000 r  clk_i (IN)
                         net (fo=2885, unset)         0.787     0.787    clk_i
                         FDCE                                         r  uop_p2_q_reg[use_shift]/C
  -------------------------------------------------------------------    -------------------
                         FDCE (Prop_fdce_C_Q)         0.433     1.220 r  uop_p2_q_reg[use_shift]/Q
                         net (fo=24, unplaced)        0.426     1.646    i_vrf/uop_p2_q_reg[use_shift]__0
                         LUT2 (Prop_lut2_I0_O)        0.232     1.878 r  i_vrf/lane_result_q[3][62]_i_51/O
                         net (fo=123, unplaced)       0.452     2.330    i_vrf/lane_result_q[3][62]_i_51_n_0
                         LUT5 (Prop_lut5_I0_O)        0.105     2.435 r  i_vrf/lane_result_q[1][54]_i_8/O
                         net (fo=4, unplaced)         0.962     3.397    i_vrf/lane_result_q[1][54]_i_8_n_0
                         LUT6 (Prop_lut6_I0_O)        0.105     3.502 r  i_vrf/lane_result_q[1][50]_i_5/O
                         net (fo=4, unplaced)         0.606     4.108    i_vrf/lane_result_q[1][50]_i_5_n_0
                         LUT6 (Prop_lut6_I1_O)        0.105     4.213 r  i_vrf/lane_result_q[1][34]_i_3/O
                         net (fo=2, unplaced)         0.593     4.806    i_vrf/lane_result_q[1][34]_i_3_n_0
                         LUT6 (Prop_lut6_I2_O)        0.105     4.911 r  i_vrf/lane_result_q[1][34]_i_1/O
                         net (fo=1, unplaced)         0.000     4.911    i_vrf_n_157
                         FDCE                                         r  lane_result_q_reg[1][34]/D
  -------------------------------------------------------------------    -------------------

                         (clock clk_i rise edge)      5.000     5.000 r  
                                                      0.000     5.000 r  clk_i (IN)
                         net (fo=2885, unset)         0.748     5.748    clk_i
                         FDCE                                         r  lane_result_q_reg[1][34]/C
                         clock pessimism              0.000     5.748    
                         clock uncertainty           -0.035     5.712    
                         FDCE (Setup_fdce_C_D)        0.072     5.784    lane_result_q_reg[1][34]
  -------------------------------------------------------------------
                         required time                          5.784    
                         arrival time                          -4.911    
  -------------------------------------------------------------------
                         slack                                  0.873    

Slack (MET) :             0.873ns  (required time - arrival time)
  Source:                 uop_p2_q_reg[use_shift]/C
                            (rising edge-triggered cell FDCE clocked by clk_i  {rise@0.000ns fall@2.500ns period=5.000ns})
  Destination:            lane_result_q_reg[1][35]/D
                            (rising edge-triggered cell FDCE clocked by clk_i  {rise@0.000ns fall@2.500ns period=5.000ns})
  Path Group:             clk_i
  Path Type:              Setup (Max at Slow Process Corner)
  Requirement:            5.000ns  (clk_i rise@5.000ns - clk_i rise@0.000ns)
  Data Path Delay:        4.124ns  (logic 1.085ns (26.309%)  route 3.039ns (73.691%))
  Logic Levels:           5  (LUT2=1 LUT5=1 LUT6=3)
  Clock Path Skew:        -0.039ns (DCD - SCD + CPR)
    Destination Clock Delay (DCD):    0.748ns = ( 5.748 - 5.000 ) 
    Source Clock Delay      (SCD):    0.787ns
    Clock Pessimism Removal (CPR):    0.000ns
  Clock Uncertainty:      0.035ns  ((TSJ^2 + TIJ^2)^1/2 + DJ) / 2 + PE
    Total System Jitter     (TSJ):    0.071ns
    Total Input Jitter      (TIJ):    0.000ns
    Discrete Jitter          (DJ):    0.000ns
    Phase Error              (PE):    0.000ns

    Location             Delay type                Incr(ns)  Path(ns)    Netlist Resource(s)
  -------------------------------------------------------------------    -------------------
                         (clock clk_i rise edge)      0.000     0.000 r  
                                                      0.000     0.000 r  clk_i (IN)
                         net (fo=2885, unset)         0.787     0.787    clk_i
                         FDCE                                         r  uop_p2_q_reg[use_shift]/C
  -------------------------------------------------------------------    -------------------
                         FDCE (Prop_fdce_C_Q)         0.433     1.220 r  uop_p2_q_reg[use_shift]/Q
                         net (fo=24, unplaced)        0.426     1.646    i_vrf/uop_p2_q_reg[use_shift]__0
                         LUT2 (Prop_lut2_I0_O)        0.232     1.878 r  i_vrf/lane_result_q[3][63]_i_62/O
                         net (fo=126, unplaced)       0.452     2.330    i_vrf/lane_result_q[3][63]_i_62_n_0
                         LUT5 (Prop_lut5_I0_O)        0.105     2.435 r  i_vrf/lane_result_q[1][55]_i_10/O
                         net (fo=4, unplaced)         0.962     3.397    i_vrf/lane_result_q[1][55]_i_10_n_0
                         LUT6 (Prop_lut6_I0_O)        0.105     3.502 r  i_vrf/lane_result_q[1][51]_i_5/O
                         net (fo=4, unplaced)         0.606     4.108    i_vrf/lane_result_q[1][51]_i_5_n_0
                         LUT6 (Prop_lut6_I1_O)        0.105     4.213 r  i_vrf/lane_result_q[1][35]_i_3/O
                         net (fo=2, unplaced)         0.593     4.806    i_vrf/lane_result_q[1][35]_i_3_n_0
                         LUT6 (Prop_lut6_I2_O)        0.105     4.911 r  i_vrf/lane_result_q[1][35]_i_1/O
                         net (fo=1, unplaced)         0.000     4.911    i_vrf_n_156
                         FDCE                                         r  lane_result_q_reg[1][35]/D
  -------------------------------------------------------------------    -------------------

                         (clock clk_i rise edge)      5.000     5.000 r  
                                                      0.000     5.000 r  clk_i (IN)
                         net (fo=2885, unset)         0.748     5.748    clk_i
                         FDCE                                         r  lane_result_q_reg[1][35]/C
                         clock pessimism              0.000     5.748    
                         clock uncertainty           -0.035     5.712    
                         FDCE (Setup_fdce_C_D)        0.072     5.784    lane_result_q_reg[1][35]
  -------------------------------------------------------------------
                         required time                          5.784    
                         arrival time                          -4.911    
  -------------------------------------------------------------------
                         slack                                  0.873    

Slack (MET) :             0.873ns  (required time - arrival time)
  Source:                 uop_p2_q_reg[use_shift]/C
                            (rising edge-triggered cell FDCE clocked by clk_i  {rise@0.000ns fall@2.500ns period=5.000ns})
  Destination:            lane_result_q_reg[2][34]/D
                            (rising edge-triggered cell FDCE clocked by clk_i  {rise@0.000ns fall@2.500ns period=5.000ns})
  Path Group:             clk_i
  Path Type:              Setup (Max at Slow Process Corner)
  Requirement:            5.000ns  (clk_i rise@5.000ns - clk_i rise@0.000ns)
  Data Path Delay:        4.124ns  (logic 1.085ns (26.309%)  route 3.039ns (73.691%))
  Logic Levels:           5  (LUT2=1 LUT5=1 LUT6=3)
  Clock Path Skew:        -0.039ns (DCD - SCD + CPR)
    Destination Clock Delay (DCD):    0.748ns = ( 5.748 - 5.000 ) 
    Source Clock Delay      (SCD):    0.787ns
    Clock Pessimism Removal (CPR):    0.000ns
  Clock Uncertainty:      0.035ns  ((TSJ^2 + TIJ^2)^1/2 + DJ) / 2 + PE
    Total System Jitter     (TSJ):    0.071ns
    Total Input Jitter      (TIJ):    0.000ns
    Discrete Jitter          (DJ):    0.000ns
    Phase Error              (PE):    0.000ns

    Location             Delay type                Incr(ns)  Path(ns)    Netlist Resource(s)
  -------------------------------------------------------------------    -------------------
                         (clock clk_i rise edge)      0.000     0.000 r  
                                                      0.000     0.000 r  clk_i (IN)
                         net (fo=2885, unset)         0.787     0.787    clk_i
                         FDCE                                         r  uop_p2_q_reg[use_shift]/C
  -------------------------------------------------------------------    -------------------
                         FDCE (Prop_fdce_C_Q)         0.433     1.220 r  uop_p2_q_reg[use_shift]/Q
                         net (fo=24, unplaced)        0.426     1.646    i_vrf/uop_p2_q_reg[use_shift]__0
                         LUT2 (Prop_lut2_I0_O)        0.232     1.878 r  i_vrf/lane_result_q[3][62]_i_51/O
                         net (fo=123, unplaced)       0.452     2.330    i_vrf/lane_result_q[3][62]_i_51_n_0
                         LUT5 (Prop_lut5_I0_O)        0.105     2.435 r  i_vrf/lane_result_q[2][54]_i_8/O
                         net (fo=4, unplaced)         0.962     3.397    i_vrf/lane_result_q[2][54]_i_8_n_0
                         LUT6 (Prop_lut6_I0_O)        0.105     3.502 r  i_vrf/lane_result_q[2][50]_i_5/O
                         net (fo=4, unplaced)         0.606     4.108    i_vrf/lane_result_q[2][50]_i_5_n_0
                         LUT6 (Prop_lut6_I1_O)        0.105     4.213 r  i_vrf/lane_result_q[2][34]_i_3/O
                         net (fo=2, unplaced)         0.593     4.806    i_vrf/lane_result_q[2][34]_i_3_n_0
                         LUT6 (Prop_lut6_I2_O)        0.105     4.911 r  i_vrf/lane_result_q[2][34]_i_1/O
                         net (fo=1, unplaced)         0.000     4.911    i_vrf_n_285
                         FDCE                                         r  lane_result_q_reg[2][34]/D
  -------------------------------------------------------------------    -------------------

                         (clock clk_i rise edge)      5.000     5.000 r  
                                                      0.000     5.000 r  clk_i (IN)
                         net (fo=2885, unset)         0.748     5.748    clk_i
                         FDCE                                         r  lane_result_q_reg[2][34]/C
                         clock pessimism              0.000     5.748    
                         clock uncertainty           -0.035     5.712    
                         FDCE (Setup_fdce_C_D)        0.072     5.784    lane_result_q_reg[2][34]
  -------------------------------------------------------------------
                         required time                          5.784    
                         arrival time                          -4.911    
  -------------------------------------------------------------------
                         slack                                  0.873    

Slack (MET) :             0.873ns  (required time - arrival time)
  Source:                 uop_p2_q_reg[use_shift]/C
                            (rising edge-triggered cell FDCE clocked by clk_i  {rise@0.000ns fall@2.500ns period=5.000ns})
  Destination:            lane_result_q_reg[2][35]/D
                            (rising edge-triggered cell FDCE clocked by clk_i  {rise@0.000ns fall@2.500ns period=5.000ns})
  Path Group:             clk_i
  Path Type:              Setup (Max at Slow Process Corner)
  Requirement:            5.000ns  (clk_i rise@5.000ns - clk_i rise@0.000ns)
  Data Path Delay:        4.124ns  (logic 1.085ns (26.309%)  route 3.039ns (73.691%))
  Logic Levels:           5  (LUT2=1 LUT5=1 LUT6=3)
  Clock Path Skew:        -0.039ns (DCD - SCD + CPR)
    Destination Clock Delay (DCD):    0.748ns = ( 5.748 - 5.000 ) 
    Source Clock Delay      (SCD):    0.787ns
    Clock Pessimism Removal (CPR):    0.000ns
  Clock Uncertainty:      0.035ns  ((TSJ^2 + TIJ^2)^1/2 + DJ) / 2 + PE
    Total System Jitter     (TSJ):    0.071ns
    Total Input Jitter      (TIJ):    0.000ns
    Discrete Jitter          (DJ):    0.000ns
    Phase Error              (PE):    0.000ns

    Location             Delay type                Incr(ns)  Path(ns)    Netlist Resource(s)
  -------------------------------------------------------------------    -------------------
                         (clock clk_i rise edge)      0.000     0.000 r  
                                                      0.000     0.000 r  clk_i (IN)
                         net (fo=2885, unset)         0.787     0.787    clk_i
                         FDCE                                         r  uop_p2_q_reg[use_shift]/C
  -------------------------------------------------------------------    -------------------
                         FDCE (Prop_fdce_C_Q)         0.433     1.220 r  uop_p2_q_reg[use_shift]/Q
                         net (fo=24, unplaced)        0.426     1.646    i_vrf/uop_p2_q_reg[use_shift]__0
                         LUT2 (Prop_lut2_I0_O)        0.232     1.878 r  i_vrf/lane_result_q[3][63]_i_62/O
                         net (fo=126, unplaced)       0.452     2.330    i_vrf/lane_result_q[3][63]_i_62_n_0
                         LUT5 (Prop_lut5_I0_O)        0.105     2.435 r  i_vrf/lane_result_q[2][55]_i_10/O
                         net (fo=4, unplaced)         0.962     3.397    i_vrf/lane_result_q[2][55]_i_10_n_0
                         LUT6 (Prop_lut6_I0_O)        0.105     3.502 r  i_vrf/lane_result_q[2][51]_i_5/O
                         net (fo=4, unplaced)         0.606     4.108    i_vrf/lane_result_q[2][51]_i_5_n_0
                         LUT6 (Prop_lut6_I1_O)        0.105     4.213 r  i_vrf/lane_result_q[2][35]_i_3/O
                         net (fo=2, unplaced)         0.593     4.806    i_vrf/lane_result_q[2][35]_i_3_n_0
                         LUT6 (Prop_lut6_I2_O)        0.105     4.911 r  i_vrf/lane_result_q[2][35]_i_1/O
                         net (fo=1, unplaced)         0.000     4.911    i_vrf_n_284
                         FDCE                                         r  lane_result_q_reg[2][35]/D
  -------------------------------------------------------------------    -------------------

                         (clock clk_i rise edge)      5.000     5.000 r  
                                                      0.000     5.000 r  clk_i (IN)
                         net (fo=2885, unset)         0.748     5.748    clk_i
                         FDCE                                         r  lane_result_q_reg[2][35]/C
                         clock pessimism              0.000     5.748    
                         clock uncertainty           -0.035     5.712    
                         FDCE (Setup_fdce_C_D)        0.072     5.784    lane_result_q_reg[2][35]
  -------------------------------------------------------------------
                         required time                          5.784    
                         arrival time                          -4.911    
  -------------------------------------------------------------------
                         slack                                  0.873    

Slack (MET) :             0.873ns  (required time - arrival time)
  Source:                 uop_p2_q_reg[use_shift]/C
                            (rising edge-triggered cell FDCE clocked by clk_i  {rise@0.000ns fall@2.500ns period=5.000ns})
  Destination:            lane_result_q_reg[3][34]/D
                            (rising edge-triggered cell FDCE clocked by clk_i  {rise@0.000ns fall@2.500ns period=5.000ns})
  Path Group:             clk_i
  Path Type:              Setup (Max at Slow Process Corner)
  Requirement:            5.000ns  (clk_i rise@5.000ns - clk_i rise@0.000ns)
  Data Path Delay:        4.124ns  (logic 1.085ns (26.309%)  route 3.039ns (73.691%))
  Logic Levels:           5  (LUT2=1 LUT5=1 LUT6=3)
  Clock Path Skew:        -0.039ns (DCD - SCD + CPR)
    Destination Clock Delay (DCD):    0.748ns = ( 5.748 - 5.000 ) 
    Source Clock Delay      (SCD):    0.787ns
    Clock Pessimism Removal (CPR):    0.000ns
  Clock Uncertainty:      0.035ns  ((TSJ^2 + TIJ^2)^1/2 + DJ) / 2 + PE
    Total System Jitter     (TSJ):    0.071ns
    Total Input Jitter      (TIJ):    0.000ns
    Discrete Jitter          (DJ):    0.000ns
    Phase Error              (PE):    0.000ns

    Location             Delay type                Incr(ns)  Path(ns)    Netlist Resource(s)
  -------------------------------------------------------------------    -------------------
                         (clock clk_i rise edge)      0.000     0.000 r  
                                                      0.000     0.000 r  clk_i (IN)
                         net (fo=2885, unset)         0.787     0.787    clk_i
                         FDCE                                         r  uop_p2_q_reg[use_shift]/C
  -------------------------------------------------------------------    -------------------
                         FDCE (Prop_fdce_C_Q)         0.433     1.220 r  uop_p2_q_reg[use_shift]/Q
                         net (fo=24, unplaced)        0.426     1.646    i_vrf/uop_p2_q_reg[use_shift]__0
                         LUT2 (Prop_lut2_I0_O)        0.232     1.878 r  i_vrf/lane_result_q[2][13]_i_9/O
                         net (fo=123, unplaced)       0.452     2.330    i_vrf/lane_result_q[2][13]_i_9_n_0
                         LUT5 (Prop_lut5_I0_O)        0.105     2.435 r  i_vrf/lane_result_q[3][54]_i_8/O
                         net (fo=4, unplaced)         0.962     3.397    i_vrf/lane_result_q[3][54]_i_8_n_0
                         LUT6 (Prop_lut6_I0_O)        0.105     3.502 r  i_vrf/lane_result_q[3][50]_i_6/O
                         net (fo=4, unplaced)         0.606     4.108    i_vrf/lane_result_q[3][50]_i_6_n_0
                         LUT6 (Prop_lut6_I1_O)        0.105     4.213 r  i_vrf/lane_result_q[3][34]_i_3/O
                         net (fo=2, unplaced)         0.593     4.806    i_vrf/lane_result_q[3][34]_i_3_n_0
                         LUT6 (Prop_lut6_I2_O)        0.105     4.911 r  i_vrf/lane_result_q[3][34]_i_1/O
                         net (fo=1, unplaced)         0.000     4.911    i_vrf_n_413
                         FDCE                                         r  lane_result_q_reg[3][34]/D
  -------------------------------------------------------------------    -------------------

                         (clock clk_i rise edge)      5.000     5.000 r  
                                                      0.000     5.000 r  clk_i (IN)
                         net (fo=2885, unset)         0.748     5.748    clk_i
                         FDCE                                         r  lane_result_q_reg[3][34]/C
                         clock pessimism              0.000     5.748    
                         clock uncertainty           -0.035     5.712    
                         FDCE (Setup_fdce_C_D)        0.072     5.784    lane_result_q_reg[3][34]
  -------------------------------------------------------------------
                         required time                          5.784    
                         arrival time                          -4.911    
  -------------------------------------------------------------------
                         slack                                  0.873    

Slack (MET) :             0.873ns  (required time - arrival time)
  Source:                 uop_p2_q_reg[use_shift]/C
                            (rising edge-triggered cell FDCE clocked by clk_i  {rise@0.000ns fall@2.500ns period=5.000ns})
  Destination:            lane_result_q_reg[3][35]/D
                            (rising edge-triggered cell FDCE clocked by clk_i  {rise@0.000ns fall@2.500ns period=5.000ns})
  Path Group:             clk_i
  Path Type:              Setup (Max at Slow Process Corner)
  Requirement:            5.000ns  (clk_i rise@5.000ns - clk_i rise@0.000ns)
  Data Path Delay:        4.124ns  (logic 1.085ns (26.309%)  route 3.039ns (73.691%))
  Logic Levels:           5  (LUT2=1 LUT5=1 LUT6=3)
  Clock Path Skew:        -0.039ns (DCD - SCD + CPR)
    Destination Clock Delay (DCD):    0.748ns = ( 5.748 - 5.000 ) 
    Source Clock Delay      (SCD):    0.787ns
    Clock Pessimism Removal (CPR):    0.000ns
  Clock Uncertainty:      0.035ns  ((TSJ^2 + TIJ^2)^1/2 + DJ) / 2 + PE
    Total System Jitter     (TSJ):    0.071ns
    Total Input Jitter      (TIJ):    0.000ns
    Discrete Jitter          (DJ):    0.000ns
    Phase Error              (PE):    0.000ns

    Location             Delay type                Incr(ns)  Path(ns)    Netlist Resource(s)
  -------------------------------------------------------------------    -------------------
                         (clock clk_i rise edge)      0.000     0.000 r  
                                                      0.000     0.000 r  clk_i (IN)
                         net (fo=2885, unset)         0.787     0.787    clk_i
                         FDCE                                         r  uop_p2_q_reg[use_shift]/C
  -------------------------------------------------------------------    -------------------
                         FDCE (Prop_fdce_C_Q)         0.433     1.220 r  uop_p2_q_reg[use_shift]/Q
                         net (fo=24, unplaced)        0.426     1.646    i_vrf/uop_p2_q_reg[use_shift]__0
                         LUT2 (Prop_lut2_I0_O)        0.232     1.878 r  i_vrf/lane_result_q[3][63]_i_62/O
                         net (fo=126, unplaced)       0.452     2.330    i_vrf/lane_result_q[3][63]_i_62_n_0
                         LUT5 (Prop_lut5_I0_O)        0.105     2.435 r  i_vrf/lane_result_q[3][55]_i_10/O
                         net (fo=4, unplaced)         0.962     3.397    i_vrf/lane_result_q[3][55]_i_10_n_0
                         LUT6 (Prop_lut6_I0_O)        0.105     3.502 r  i_vrf/lane_result_q[3][51]_i_6/O
                         net (fo=4, unplaced)         0.606     4.108    i_vrf/lane_result_q[3][51]_i_6_n_0
                         LUT6 (Prop_lut6_I1_O)        0.105     4.213 r  i_vrf/lane_result_q[3][35]_i_3/O
                         net (fo=2, unplaced)         0.593     4.806    i_vrf/lane_result_q[3][35]_i_3_n_0
                         LUT6 (Prop_lut6_I2_O)        0.105     4.911 r  i_vrf/lane_result_q[3][35]_i_1/O
                         net (fo=1, unplaced)         0.000     4.911    i_vrf_n_412
                         FDCE                                         r  lane_result_q_reg[3][35]/D
  -------------------------------------------------------------------    -------------------

                         (clock clk_i rise edge)      5.000     5.000 r  
                                                      0.000     5.000 r  clk_i (IN)
                         net (fo=2885, unset)         0.748     5.748    clk_i
                         FDCE                                         r  lane_result_q_reg[3][35]/C
                         clock pessimism              0.000     5.748    
                         clock uncertainty           -0.035     5.712    
                         FDCE (Setup_fdce_C_D)        0.072     5.784    lane_result_q_reg[3][35]
  -------------------------------------------------------------------
                         required time                          5.784    
                         arrival time                          -4.911    
  -------------------------------------------------------------------
                         slack                                  0.873    

Slack (MET) :             0.878ns  (required time - arrival time)
  Source:                 uop_p2_q_reg[use_shift]/C
                            (rising edge-triggered cell FDCE clocked by clk_i  {rise@0.000ns fall@2.500ns period=5.000ns})
  Destination:            lane_result_q_reg[0][63]/D
                            (rising edge-triggered cell FDCE clocked by clk_i  {rise@0.000ns fall@2.500ns period=5.000ns})
  Path Group:             clk_i
  Path Type:              Setup (Max at Slow Process Corner)
  Requirement:            5.000ns  (clk_i rise@5.000ns - clk_i rise@0.000ns)
  Data Path Delay:        4.119ns  (logic 1.085ns (26.341%)  route 3.034ns (73.659%))
  Logic Levels:           5  (LUT2=1 LUT5=1 LUT6=3)
  Clock Path Skew:        -0.039ns (DCD - SCD + CPR)
    Destination Clock Delay (DCD):    0.748ns = ( 5.748 - 5.000 ) 
    Source Clock Delay      (SCD):    0.787ns
    Clock Pessimism Removal (CPR):    0.000ns
  Clock Uncertainty:      0.035ns  ((TSJ^2 + TIJ^2)^1/2 + DJ) / 2 + PE
    Total System Jitter     (TSJ):    0.071ns
    Total Input Jitter      (TIJ):    0.000ns
    Discrete Jitter          (DJ):    0.000ns
    Phase Error              (PE):    0.000ns

    Location             Delay type                Incr(ns)  Path(ns)    Netlist Resource(s)
  -------------------------------------------------------------------    -------------------
                         (clock clk_i rise edge)      0.000     0.000 r  
                                                      0.000     0.000 r  clk_i (IN)
                         net (fo=2885, unset)         0.787     0.787    clk_i
                         FDCE                                         r  uop_p2_q_reg[use_shift]/C
  -------------------------------------------------------------------    -------------------
                         FDCE (Prop_fdce_C_Q)         0.433     1.220 r  uop_p2_q_reg[use_shift]/Q
                         net (fo=24, unplaced)        0.426     1.646    i_vrf/uop_p2_q_reg[use_shift]__0
                         LUT2 (Prop_lut2_I0_O)        0.232     1.878 r  i_vrf/lane_result_q[3][63]_i_62/O
                         net (fo=126, unplaced)       0.452     2.330    i_vrf/lane_result_q[3][63]_i_62_n_0
                         LUT5 (Prop_lut5_I0_O)        0.105     2.435 r  i_vrf/lane_result_q[1][19]_i_9/O
                         net (fo=2, unplaced)         0.949     3.384    i_vrf/lane_result_q[1][19]_i_9_n_0
                         LUT6 (Prop_lut6_I0_O)        0.105     3.489 r  i_vrf/lane_result_q[1][15]_i_6/O
                         net (fo=6, unplaced)         0.614     4.103    i_vrf/lane_result_q[1][15]_i_6_n_0
                         LUT6 (Prop_lut6_I1_O)        0.105     4.208 r  i_vrf/lane_result_q[0][63]_i_3/O
                         net (fo=2, unplaced)         0.593     4.801    i_vrf/lane_result_q[0][63]_i_3_n_0
                         LUT6 (Prop_lut6_I2_O)        0.105     4.906 r  i_vrf/lane_result_q[0][63]_i_1/O
                         net (fo=1, unplaced)         0.000     4.906    i_vrf_n_0
                         FDCE                                         r  lane_result_q_reg[0][63]/D
  -------------------------------------------------------------------    -------------------

                         (clock clk_i rise edge)      5.000     5.000 r  
                                                      0.000     5.000 r  clk_i (IN)
                         net (fo=2885, unset)         0.748     5.748    clk_i
                         FDCE                                         r  lane_result_q_reg[0][63]/C
                         clock pessimism              0.000     5.748    
                         clock uncertainty           -0.035     5.712    
                         FDCE (Setup_fdce_C_D)        0.072     5.784    lane_result_q_reg[0][63]
  -------------------------------------------------------------------
                         required time                          5.784    
                         arrival time                          -4.906    
  -------------------------------------------------------------------
                         slack                                  0.878    

Slack (MET) :             0.878ns  (required time - arrival time)
  Source:                 uop_p2_q_reg[use_shift]/C
                            (rising edge-triggered cell FDCE clocked by clk_i  {rise@0.000ns fall@2.500ns period=5.000ns})
  Destination:            lane_result_q_reg[1][10]/D
                            (rising edge-triggered cell FDCE clocked by clk_i  {rise@0.000ns fall@2.500ns period=5.000ns})
  Path Group:             clk_i
  Path Type:              Setup (Max at Slow Process Corner)
  Requirement:            5.000ns  (clk_i rise@5.000ns - clk_i rise@0.000ns)
  Data Path Delay:        4.119ns  (logic 1.085ns (26.341%)  route 3.034ns (73.659%))
  Logic Levels:           5  (LUT2=1 LUT5=1 LUT6=3)
  Clock Path Skew:        -0.039ns (DCD - SCD + CPR)
    Destination Clock Delay (DCD):    0.748ns = ( 5.748 - 5.000 ) 
    Source Clock Delay      (SCD):    0.787ns
    Clock Pessimism Removal (CPR):    0.000ns
  Clock Uncertainty:      0.035ns  ((TSJ^2 + TIJ^2)^1/2 + DJ) / 2 + PE
    Total System Jitter     (TSJ):    0.071ns
    Total Input Jitter      (TIJ):    0.000ns
    Discrete Jitter          (DJ):    0.000ns
    Phase Error              (PE):    0.000ns

    Location             Delay type                Incr(ns)  Path(ns)    Netlist Resource(s)
  -------------------------------------------------------------------    -------------------
                         (clock clk_i rise edge)      0.000     0.000 r  
                                                      0.000     0.000 r  clk_i (IN)
                         net (fo=2885, unset)         0.787     0.787    clk_i
                         FDCE                                         r  uop_p2_q_reg[use_shift]/C
  -------------------------------------------------------------------    -------------------
                         FDCE (Prop_fdce_C_Q)         0.433     1.220 r  uop_p2_q_reg[use_shift]/Q
                         net (fo=24, unplaced)        0.426     1.646    i_vrf/uop_p2_q_reg[use_shift]__0
                         LUT2 (Prop_lut2_I0_O)        0.232     1.878 r  i_vrf/lane_result_q[3][62]_i_51/O
                         net (fo=123, unplaced)       0.452     2.330    i_vrf/lane_result_q[3][62]_i_51_n_0
                         LUT5 (Prop_lut5_I0_O)        0.105     2.435 r  i_vrf/lane_result_q[1][30]_i_7/O
                         net (fo=2, unplaced)         0.949     3.384    i_vrf/lane_result_q[1][30]_i_7_n_0
                         LUT6 (Prop_lut6_I0_O)        0.105     3.489 r  i_vrf/lane_result_q[1][26]_i_6/O
                         net (fo=6, unplaced)         0.614     4.103    i_vrf/lane_result_q[1][26]_i_6_n_0
                         LUT6 (Prop_lut6_I1_O)        0.105     4.208 r  i_vrf/lane_result_q[1][10]_i_3/O
                         net (fo=2, unplaced)         0.593     4.801    i_vrf/lane_result_q[1][10]_i_3_n_0
                         LUT6 (Prop_lut6_I2_O)        0.105     4.906 r  i_vrf/lane_result_q[1][10]_i_1/O
                         net (fo=1, unplaced)         0.000     4.906    i_vrf_n_181
                         FDCE                                         r  lane_result_q_reg[1][10]/D
  -------------------------------------------------------------------    -------------------

                         (clock clk_i rise edge)      5.000     5.000 r  
                                                      0.000     5.000 r  clk_i (IN)
                         net (fo=2885, unset)         0.748     5.748    clk_i
                         FDCE                                         r  lane_result_q_reg[1][10]/C
                         clock pessimism              0.000     5.748    
                         clock uncertainty           -0.035     5.712    
                         FDCE (Setup_fdce_C_D)        0.072     5.784    lane_result_q_reg[1][10]
  -------------------------------------------------------------------
                         required time                          5.784    
                         arrival time                          -4.906    
  -------------------------------------------------------------------
                         slack                                  0.878    

Slack (MET) :             0.878ns  (required time - arrival time)
  Source:                 uop_p2_q_reg[use_shift]/C
                            (rising edge-triggered cell FDCE clocked by clk_i  {rise@0.000ns fall@2.500ns period=5.000ns})
  Destination:            lane_result_q_reg[1][14]/D
                            (rising edge-triggered cell FDCE clocked by clk_i  {rise@0.000ns fall@2.500ns period=5.000ns})
  Path Group:             clk_i
  Path Type:              Setup (Max at Slow Process Corner)
  Requirement:            5.000ns  (clk_i rise@5.000ns - clk_i rise@0.000ns)
  Data Path Delay:        4.119ns  (logic 1.085ns (26.341%)  route 3.034ns (73.659%))
  Logic Levels:           5  (LUT2=1 LUT5=1 LUT6=3)
  Clock Path Skew:        -0.039ns (DCD - SCD + CPR)
    Destination Clock Delay (DCD):    0.748ns = ( 5.748 - 5.000 ) 
    Source Clock Delay      (SCD):    0.787ns
    Clock Pessimism Removal (CPR):    0.000ns
  Clock Uncertainty:      0.035ns  ((TSJ^2 + TIJ^2)^1/2 + DJ) / 2 + PE
    Total System Jitter     (TSJ):    0.071ns
    Total Input Jitter      (TIJ):    0.000ns
    Discrete Jitter          (DJ):    0.000ns
    Phase Error              (PE):    0.000ns

    Location             Delay type                Incr(ns)  Path(ns)    Netlist Resource(s)
  -------------------------------------------------------------------    -------------------
                         (clock clk_i rise edge)      0.000     0.000 r  
                                                      0.000     0.000 r  clk_i (IN)
                         net (fo=2885, unset)         0.787     0.787    clk_i
                         FDCE                                         r  uop_p2_q_reg[use_shift]/C
  -------------------------------------------------------------------    -------------------
                         FDCE (Prop_fdce_C_Q)         0.433     1.220 r  uop_p2_q_reg[use_shift]/Q
                         net (fo=24, unplaced)        0.426     1.646    i_vrf/uop_p2_q_reg[use_shift]__0
                         LUT2 (Prop_lut2_I0_O)        0.232     1.878 r  i_vrf/lane_result_q[3][62]_i_51/O
                         net (fo=123, unplaced)       0.452     2.330    i_vrf/lane_result_q[3][62]_i_51_n_0
                         LUT5 (Prop_lut5_I0_O)        0.105     2.435 r  i_vrf/lane_result_q[1][34]_i_8/O
                         net (fo=2, unplaced)         0.949     3.384    i_vrf/lane_result_q[1][34]_i_8_n_0
                         LUT6 (Prop_lut6_I0_O)        0.105     3.489 r  i_vrf/lane_result_q[1][30]_i_6/O
                         net (fo=6, unplaced)         0.614     4.103    i_vrf/lane_result_q[1][30]_i_6_n_0
                         LUT6 (Prop_lut6_I1_O)        0.105     4.208 r  i_vrf/lane_result_q[1][14]_i_3/O
                         net (fo=2, unplaced)         0.593     4.801    i_vrf/lane_result_q[1][14]_i_3_n_0
                         LUT6 (Prop_lut6_I2_O)        0.105     4.906 r  i_vrf/lane_result_q[1][14]_i_1/O
                         net (fo=1, unplaced)         0.000     4.906    i_vrf_n_177
                         FDCE                                         r  lane_result_q_reg[1][14]/D
  -------------------------------------------------------------------    -------------------

                         (clock clk_i rise edge)      5.000     5.000 r  
                                                      0.000     5.000 r  clk_i (IN)
                         net (fo=2885, unset)         0.748     5.748    clk_i
                         FDCE                                         r  lane_result_q_reg[1][14]/C
                         clock pessimism              0.000     5.748    
                         clock uncertainty           -0.035     5.712    
                         FDCE (Setup_fdce_C_D)        0.072     5.784    lane_result_q_reg[1][14]
  -------------------------------------------------------------------
                         required time                          5.784    
                         arrival time                          -4.906    
  -------------------------------------------------------------------
                         slack                                  0.878    

Slack (MET) :             0.878ns  (required time - arrival time)
  Source:                 uop_p2_q_reg[use_shift]/C
                            (rising edge-triggered cell FDCE clocked by clk_i  {rise@0.000ns fall@2.500ns period=5.000ns})
  Destination:            lane_result_q_reg[1][63]/D
                            (rising edge-triggered cell FDCE clocked by clk_i  {rise@0.000ns fall@2.500ns period=5.000ns})
  Path Group:             clk_i
  Path Type:              Setup (Max at Slow Process Corner)
  Requirement:            5.000ns  (clk_i rise@5.000ns - clk_i rise@0.000ns)
  Data Path Delay:        4.119ns  (logic 1.085ns (26.341%)  route 3.034ns (73.659%))
  Logic Levels:           5  (LUT2=1 LUT5=1 LUT6=3)
  Clock Path Skew:        -0.039ns (DCD - SCD + CPR)
    Destination Clock Delay (DCD):    0.748ns = ( 5.748 - 5.000 ) 
    Source Clock Delay      (SCD):    0.787ns
    Clock Pessimism Removal (CPR):    0.000ns
  Clock Uncertainty:      0.035ns  ((TSJ^2 + TIJ^2)^1/2 + DJ) / 2 + PE
    Total System Jitter     (TSJ):    0.071ns
    Total Input Jitter      (TIJ):    0.000ns
    Discrete Jitter          (DJ):    0.000ns
    Phase Error              (PE):    0.000ns

    Location             Delay type                Incr(ns)  Path(ns)    Netlist Resource(s)
  -------------------------------------------------------------------    -------------------
                         (clock clk_i rise edge)      0.000     0.000 r  
                                                      0.000     0.000 r  clk_i (IN)
                         net (fo=2885, unset)         0.787     0.787    clk_i
                         FDCE                                         r  uop_p2_q_reg[use_shift]/C
  -------------------------------------------------------------------    -------------------
                         FDCE (Prop_fdce_C_Q)         0.433     1.220 r  uop_p2_q_reg[use_shift]/Q
                         net (fo=24, unplaced)        0.426     1.646    i_vrf/uop_p2_q_reg[use_shift]__0
                         LUT2 (Prop_lut2_I0_O)        0.232     1.878 r  i_vrf/lane_result_q[3][63]_i_62/O
                         net (fo=126, unplaced)       0.452     2.330    i_vrf/lane_result_q[3][63]_i_62_n_0
                         LUT5 (Prop_lut5_I0_O)        0.105     2.435 r  i_vrf/lane_result_q[2][19]_i_9/O
                         net (fo=2, unplaced)         0.949     3.384    i_vrf/lane_result_q[2][19]_i_9_n_0
                         LUT6 (Prop_lut6_I0_O)        0.105     3.489 r  i_vrf/lane_result_q[2][15]_i_6/O
                         net (fo=6, unplaced)         0.614     4.103    i_vrf/lane_result_q[2][15]_i_6_n_0
                         LUT6 (Prop_lut6_I1_O)        0.105     4.208 r  i_vrf/lane_result_q[1][63]_i_3/O
                         net (fo=2, unplaced)         0.593     4.801    i_vrf/lane_result_q[1][63]_i_3_n_0
                         LUT6 (Prop_lut6_I2_O)        0.105     4.906 r  i_vrf/lane_result_q[1][63]_i_1/O
                         net (fo=1, unplaced)         0.000     4.906    i_vrf_n_128
                         FDCE                                         r  lane_result_q_reg[1][63]/D
  -------------------------------------------------------------------    -------------------

                         (clock clk_i rise edge)      5.000     5.000 r  
                                                      0.000     5.000 r  clk_i (IN)
                         net (fo=2885, unset)         0.748     5.748    clk_i
                         FDCE                                         r  lane_result_q_reg[1][63]/C
                         clock pessimism              0.000     5.748    
                         clock uncertainty           -0.035     5.712    
                         FDCE (Setup_fdce_C_D)        0.072     5.784    lane_result_q_reg[1][63]
  -------------------------------------------------------------------
                         required time                          5.784    
                         arrival time                          -4.906    
  -------------------------------------------------------------------
                         slack                                  0.878    

Slack (MET) :             0.878ns  (required time - arrival time)
  Source:                 uop_p2_q_reg[use_shift]/C
                            (rising edge-triggered cell FDCE clocked by clk_i  {rise@0.000ns fall@2.500ns period=5.000ns})
  Destination:            lane_result_q_reg[2][10]/D
                            (rising edge-triggered cell FDCE clocked by clk_i  {rise@0.000ns fall@2.500ns period=5.000ns})
  Path Group:             clk_i
  Path Type:              Setup (Max at Slow Process Corner)
  Requirement:            5.000ns  (clk_i rise@5.000ns - clk_i rise@0.000ns)
  Data Path Delay:        4.119ns  (logic 1.085ns (26.341%)  route 3.034ns (73.659%))
  Logic Levels:           5  (LUT2=1 LUT5=1 LUT6=3)
  Clock Path Skew:        -0.039ns (DCD - SCD + CPR)
    Destination Clock Delay (DCD):    0.748ns = ( 5.748 - 5.000 ) 
    Source Clock Delay      (SCD):    0.787ns
    Clock Pessimism Removal (CPR):    0.000ns
  Clock Uncertainty:      0.035ns  ((TSJ^2 + TIJ^2)^1/2 + DJ) / 2 + PE
    Total System Jitter     (TSJ):    0.071ns
    Total Input Jitter      (TIJ):    0.000ns
    Discrete Jitter          (DJ):    0.000ns
    Phase Error              (PE):    0.000ns

    Location             Delay type                Incr(ns)  Path(ns)    Netlist Resource(s)
  -------------------------------------------------------------------    -------------------
                         (clock clk_i rise edge)      0.000     0.000 r  
                                                      0.000     0.000 r  clk_i (IN)
                         net (fo=2885, unset)         0.787     0.787    clk_i
                         FDCE                                         r  uop_p2_q_reg[use_shift]/C
  -------------------------------------------------------------------    -------------------
                         FDCE (Prop_fdce_C_Q)         0.433     1.220 r  uop_p2_q_reg[use_shift]/Q
                         net (fo=24, unplaced)        0.426     1.646    i_vrf/uop_p2_q_reg[use_shift]__0
                         LUT2 (Prop_lut2_I0_O)        0.232     1.878 r  i_vrf/lane_result_q[3][62]_i_51/O
                         net (fo=123, unplaced)       0.452     2.330    i_vrf/lane_result_q[3][62]_i_51_n_0
                         LUT5 (Prop_lut5_I0_O)        0.105     2.435 r  i_vrf/lane_result_q[2][30]_i_7/O
                         net (fo=2, unplaced)         0.949     3.384    i_vrf/lane_result_q[2][30]_i_7_n_0
                         LUT6 (Prop_lut6_I0_O)        0.105     3.489 r  i_vrf/lane_result_q[2][26]_i_6/O
                         net (fo=6, unplaced)         0.614     4.103    i_vrf/lane_result_q[2][26]_i_6_n_0
                         LUT6 (Prop_lut6_I1_O)        0.105     4.208 r  i_vrf/lane_result_q[2][10]_i_3/O
                         net (fo=2, unplaced)         0.593     4.801    i_vrf/lane_result_q[2][10]_i_3_n_0
                         LUT6 (Prop_lut6_I2_O)        0.105     4.906 r  i_vrf/lane_result_q[2][10]_i_1/O
                         net (fo=1, unplaced)         0.000     4.906    i_vrf_n_309
                         FDCE                                         r  lane_result_q_reg[2][10]/D
  -------------------------------------------------------------------    -------------------

                         (clock clk_i rise edge)      5.000     5.000 r  
                                                      0.000     5.000 r  clk_i (IN)
                         net (fo=2885, unset)         0.748     5.748    clk_i
                         FDCE                                         r  lane_result_q_reg[2][10]/C
                         clock pessimism              0.000     5.748    
                         clock uncertainty           -0.035     5.712    
                         FDCE (Setup_fdce_C_D)        0.072     5.784    lane_result_q_reg[2][10]
  -------------------------------------------------------------------
                         required time                          5.784    
                         arrival time                          -4.906    
  -------------------------------------------------------------------
                         slack                                  0.878    

Slack (MET) :             0.878ns  (required time - arrival time)
  Source:                 uop_p2_q_reg[use_shift]/C
                            (rising edge-triggered cell FDCE clocked by clk_i  {rise@0.000ns fall@2.500ns period=5.000ns})
  Destination:            lane_result_q_reg[2][14]/D
                            (rising edge-triggered cell FDCE clocked by clk_i  {rise@0.000ns fall@2.500ns period=5.000ns})
  Path Group:             clk_i
  Path Type:              Setup (Max at Slow Process Corner)
  Requirement:            5.000ns  (clk_i rise@5.000ns - clk_i rise@0.000ns)
  Data Path Delay:        4.119ns  (logic 1.085ns (26.341%)  route 3.034ns (73.659%))
  Logic Levels:           5  (LUT2=1 LUT5=1 LUT6=3)
  Clock Path Skew:        -0.039ns (DCD - SCD + CPR)
    Destination Clock Delay (DCD):    0.748ns = ( 5.748 - 5.000 ) 
    Source Clock Delay      (SCD):    0.787ns
    Clock Pessimism Removal (CPR):    0.000ns
  Clock Uncertainty:      0.035ns  ((TSJ^2 + TIJ^2)^1/2 + DJ) / 2 + PE
    Total System Jitter     (TSJ):    0.071ns
    Total Input Jitter      (TIJ):    0.000ns
    Discrete Jitter          (DJ):    0.000ns
    Phase Error              (PE):    0.000ns

    Location             Delay type                Incr(ns)  Path(ns)    Netlist Resource(s)
  -------------------------------------------------------------------    -------------------
                         (clock clk_i rise edge)      0.000     0.000 r  
                                                      0.000     0.000 r  clk_i (IN)
                         net (fo=2885, unset)         0.787     0.787    clk_i
                         FDCE                                         r  uop_p2_q_reg[use_shift]/C
  -------------------------------------------------------------------    -------------------
                         FDCE (Prop_fdce_C_Q)         0.433     1.220 r  uop_p2_q_reg[use_shift]/Q
                         net (fo=24, unplaced)        0.426     1.646    i_vrf/uop_p2_q_reg[use_shift]__0
                         LUT2 (Prop_lut2_I0_O)        0.232     1.878 r  i_vrf/lane_result_q[3][62]_i_51/O
                         net (fo=123, unplaced)       0.452     2.330    i_vrf/lane_result_q[3][62]_i_51_n_0
                         LUT5 (Prop_lut5_I0_O)        0.105     2.435 r  i_vrf/lane_result_q[2][34]_i_8/O
                         net (fo=2, unplaced)         0.949     3.384    i_vrf/lane_result_q[2][34]_i_8_n_0
                         LUT6 (Prop_lut6_I0_O)        0.105     3.489 r  i_vrf/lane_result_q[2][30]_i_6/O
                         net (fo=6, unplaced)         0.614     4.103    i_vrf/lane_result_q[2][30]_i_6_n_0
                         LUT6 (Prop_lut6_I1_O)        0.105     4.208 r  i_vrf/lane_result_q[2][14]_i_3/O
                         net (fo=2, unplaced)         0.593     4.801    i_vrf/lane_result_q[2][14]_i_3_n_0
                         LUT6 (Prop_lut6_I2_O)        0.105     4.906 r  i_vrf/lane_result_q[2][14]_i_1/O
                         net (fo=1, unplaced)         0.000     4.906    i_vrf_n_305
                         FDCE                                         r  lane_result_q_reg[2][14]/D
  -------------------------------------------------------------------    -------------------

                         (clock clk_i rise edge)      5.000     5.000 r  
                                                      0.000     5.000 r  clk_i (IN)
                         net (fo=2885, unset)         0.748     5.748    clk_i
                         FDCE                                         r  lane_result_q_reg[2][14]/C
                         clock pessimism              0.000     5.748    
                         clock uncertainty           -0.035     5.712    
                         FDCE (Setup_fdce_C_D)        0.072     5.784    lane_result_q_reg[2][14]
  -------------------------------------------------------------------
                         required time                          5.784    
                         arrival time                          -4.906    
  -------------------------------------------------------------------
                         slack                                  0.878    

Slack (MET) :             0.878ns  (required time - arrival time)
  Source:                 uop_p2_q_reg[use_shift]/C
                            (rising edge-triggered cell FDCE clocked by clk_i  {rise@0.000ns fall@2.500ns period=5.000ns})
  Destination:            lane_result_q_reg[2][63]/D
                            (rising edge-triggered cell FDCE clocked by clk_i  {rise@0.000ns fall@2.500ns period=5.000ns})
  Path Group:             clk_i
  Path Type:              Setup (Max at Slow Process Corner)
  Requirement:            5.000ns  (clk_i rise@5.000ns - clk_i rise@0.000ns)
  Data Path Delay:        4.119ns  (logic 1.085ns (26.341%)  route 3.034ns (73.659%))
  Logic Levels:           5  (LUT2=1 LUT5=1 LUT6=3)
  Clock Path Skew:        -0.039ns (DCD - SCD + CPR)
    Destination Clock Delay (DCD):    0.748ns = ( 5.748 - 5.000 ) 
    Source Clock Delay      (SCD):    0.787ns
    Clock Pessimism Removal (CPR):    0.000ns
  Clock Uncertainty:      0.035ns  ((TSJ^2 + TIJ^2)^1/2 + DJ) / 2 + PE
    Total System Jitter     (TSJ):    0.071ns
    Total Input Jitter      (TIJ):    0.000ns
    Discrete Jitter          (DJ):    0.000ns
    Phase Error              (PE):    0.000ns

    Location             Delay type                Incr(ns)  Path(ns)    Netlist Resource(s)
  -------------------------------------------------------------------    -------------------
                         (clock clk_i rise edge)      0.000     0.000 r  
                                                      0.000     0.000 r  clk_i (IN)
                         net (fo=2885, unset)         0.787     0.787    clk_i
                         FDCE                                         r  uop_p2_q_reg[use_shift]/C
  -------------------------------------------------------------------    -------------------
                         FDCE (Prop_fdce_C_Q)         0.433     1.220 r  uop_p2_q_reg[use_shift]/Q
                         net (fo=24, unplaced)        0.426     1.646    i_vrf/uop_p2_q_reg[use_shift]__0
                         LUT2 (Prop_lut2_I0_O)        0.232     1.878 r  i_vrf/lane_result_q[3][63]_i_62/O
                         net (fo=126, unplaced)       0.452     2.330    i_vrf/lane_result_q[3][63]_i_62_n_0
                         LUT5 (Prop_lut5_I0_O)        0.105     2.435 r  i_vrf/lane_result_q[3][19]_i_9/O
                         net (fo=2, unplaced)         0.949     3.384    i_vrf/lane_result_q[3][19]_i_9_n_0
                         LUT6 (Prop_lut6_I0_O)        0.105     3.489 r  i_vrf/lane_result_q[3][15]_i_6/O
                         net (fo=6, unplaced)         0.614     4.103    i_vrf/lane_result_q[3][15]_i_6_n_0
                         LUT6 (Prop_lut6_I1_O)        0.105     4.208 r  i_vrf/lane_result_q[2][63]_i_3/O
                         net (fo=2, unplaced)         0.593     4.801    i_vrf/lane_result_q[2][63]_i_3_n_0
                         LUT6 (Prop_lut6_I2_O)        0.105     4.906 r  i_vrf/lane_result_q[2][63]_i_1/O
                         net (fo=1, unplaced)         0.000     4.906    i_vrf_n_256
                         FDCE                                         r  lane_result_q_reg[2][63]/D
  -------------------------------------------------------------------    -------------------

                         (clock clk_i rise edge)      5.000     5.000 r  
                                                      0.000     5.000 r  clk_i (IN)
                         net (fo=2885, unset)         0.748     5.748    clk_i
                         FDCE                                         r  lane_result_q_reg[2][63]/C
                         clock pessimism              0.000     5.748    
                         clock uncertainty           -0.035     5.712    
                         FDCE (Setup_fdce_C_D)        0.072     5.784    lane_result_q_reg[2][63]
  -------------------------------------------------------------------
                         required time                          5.784    
                         arrival time                          -4.906    
  -------------------------------------------------------------------
                         slack                                  0.878    

Slack (MET) :             0.878ns  (required time - arrival time)
  Source:                 uop_p2_q_reg[use_shift]/C
                            (rising edge-triggered cell FDCE clocked by clk_i  {rise@0.000ns fall@2.500ns period=5.000ns})
  Destination:            lane_result_q_reg[3][10]/D
                            (rising edge-triggered cell FDCE clocked by clk_i  {rise@0.000ns fall@2.500ns period=5.000ns})
  Path Group:             clk_i
  Path Type:              Setup (Max at Slow Process Corner)
  Requirement:            5.000ns  (clk_i rise@5.000ns - clk_i rise@0.000ns)
  Data Path Delay:        4.119ns  (logic 1.085ns (26.341%)  route 3.034ns (73.659%))
  Logic Levels:           5  (LUT2=1 LUT5=1 LUT6=3)
  Clock Path Skew:        -0.039ns (DCD - SCD + CPR)
    Destination Clock Delay (DCD):    0.748ns = ( 5.748 - 5.000 ) 
    Source Clock Delay      (SCD):    0.787ns
    Clock Pessimism Removal (CPR):    0.000ns
  Clock Uncertainty:      0.035ns  ((TSJ^2 + TIJ^2)^1/2 + DJ) / 2 + PE
    Total System Jitter     (TSJ):    0.071ns
    Total Input Jitter      (TIJ):    0.000ns
    Discrete Jitter          (DJ):    0.000ns
    Phase Error              (PE):    0.000ns

    Location             Delay type                Incr(ns)  Path(ns)    Netlist Resource(s)
  -------------------------------------------------------------------    -------------------
                         (clock clk_i rise edge)      0.000     0.000 r  
                                                      0.000     0.000 r  clk_i (IN)
                         net (fo=2885, unset)         0.787     0.787    clk_i
                         FDCE                                         r  uop_p2_q_reg[use_shift]/C
  -------------------------------------------------------------------    -------------------
                         FDCE (Prop_fdce_C_Q)         0.433     1.220 r  uop_p2_q_reg[use_shift]/Q
                         net (fo=24, unplaced)        0.426     1.646    i_vrf/uop_p2_q_reg[use_shift]__0
                         LUT2 (Prop_lut2_I0_O)        0.232     1.878 r  i_vrf/lane_result_q[2][13]_i_9/O
                         net (fo=123, unplaced)       0.452     2.330    i_vrf/lane_result_q[2][13]_i_9_n_0
                         LUT5 (Prop_lut5_I0_O)        0.105     2.435 r  i_vrf/lane_result_q[3][30]_i_7/O
                         net (fo=2, unplaced)         0.949     3.384    i_vrf/lane_result_q[3][30]_i_7_n_0
                         LUT6 (Prop_lut6_I0_O)        0.105     3.489 r  i_vrf/lane_result_q[3][26]_i_6/O
                         net (fo=6, unplaced)         0.614     4.103    i_vrf/lane_result_q[3][26]_i_6_n_0
                         LUT6 (Prop_lut6_I1_O)        0.105     4.208 r  i_vrf/lane_result_q[3][10]_i_3/O
                         net (fo=2, unplaced)         0.593     4.801    i_vrf/lane_result_q[3][10]_i_3_n_0
                         LUT6 (Prop_lut6_I2_O)        0.105     4.906 r  i_vrf/lane_result_q[3][10]_i_1/O
                         net (fo=1, unplaced)         0.000     4.906    i_vrf_n_437
                         FDCE                                         r  lane_result_q_reg[3][10]/D
  -------------------------------------------------------------------    -------------------

                         (clock clk_i rise edge)      5.000     5.000 r  
                                                      0.000     5.000 r  clk_i (IN)
                         net (fo=2885, unset)         0.748     5.748    clk_i
                         FDCE                                         r  lane_result_q_reg[3][10]/C
                         clock pessimism              0.000     5.748    
                         clock uncertainty           -0.035     5.712    
                         FDCE (Setup_fdce_C_D)        0.072     5.784    lane_result_q_reg[3][10]
  -------------------------------------------------------------------
                         required time                          5.784    
                         arrival time                          -4.906    
  -------------------------------------------------------------------
                         slack                                  0.878    

Slack (MET) :             0.878ns  (required time - arrival time)
  Source:                 uop_p2_q_reg[use_shift]/C
                            (rising edge-triggered cell FDCE clocked by clk_i  {rise@0.000ns fall@2.500ns period=5.000ns})
  Destination:            lane_result_q_reg[3][14]/D
                            (rising edge-triggered cell FDCE clocked by clk_i  {rise@0.000ns fall@2.500ns period=5.000ns})
  Path Group:             clk_i
  Path Type:              Setup (Max at Slow Process Corner)
  Requirement:            5.000ns  (clk_i rise@5.000ns - clk_i rise@0.000ns)
  Data Path Delay:        4.119ns  (logic 1.085ns (26.341%)  route 3.034ns (73.659%))
  Logic Levels:           5  (LUT2=1 LUT5=1 LUT6=3)
  Clock Path Skew:        -0.039ns (DCD - SCD + CPR)
    Destination Clock Delay (DCD):    0.748ns = ( 5.748 - 5.000 ) 
    Source Clock Delay      (SCD):    0.787ns
    Clock Pessimism Removal (CPR):    0.000ns
  Clock Uncertainty:      0.035ns  ((TSJ^2 + TIJ^2)^1/2 + DJ) / 2 + PE
    Total System Jitter     (TSJ):    0.071ns
    Total Input Jitter      (TIJ):    0.000ns
    Discrete Jitter          (DJ):    0.000ns
    Phase Error              (PE):    0.000ns

    Location             Delay type                Incr(ns)  Path(ns)    Netlist Resource(s)
  -------------------------------------------------------------------    -------------------
                         (clock clk_i rise edge)      0.000     0.000 r  
                                                      0.000     0.000 r  clk_i (IN)
                         net (fo=2885, unset)         0.787     0.787    clk_i
                         FDCE                                         r  uop_p2_q_reg[use_shift]/C
  -------------------------------------------------------------------    -------------------
                         FDCE (Prop_fdce_C_Q)         0.433     1.220 r  uop_p2_q_reg[use_shift]/Q
                         net (fo=24, unplaced)        0.426     1.646    i_vrf/uop_p2_q_reg[use_shift]__0
                         LUT2 (Prop_lut2_I0_O)        0.232     1.878 r  i_vrf/lane_result_q[2][13]_i_9/O
                         net (fo=123, unplaced)       0.452     2.330    i_vrf/lane_result_q[2][13]_i_9_n_0
                         LUT5 (Prop_lut5_I0_O)        0.105     2.435 r  i_vrf/lane_result_q[3][34]_i_8/O
                         net (fo=2, unplaced)         0.949     3.384    i_vrf/lane_result_q[3][34]_i_8_n_0
                         LUT6 (Prop_lut6_I0_O)        0.105     3.489 r  i_vrf/lane_result_q[3][30]_i_6/O
                         net (fo=6, unplaced)         0.614     4.103    i_vrf/lane_result_q[3][30]_i_6_n_0
                         LUT6 (Prop_lut6_I1_O)        0.105     4.208 r  i_vrf/lane_result_q[3][14]_i_3/O
                         net (fo=2, unplaced)         0.593     4.801    i_vrf/lane_result_q[3][14]_i_3_n_0
                         LUT6 (Prop_lut6_I2_O)        0.105     4.906 r  i_vrf/lane_result_q[3][14]_i_1/O
                         net (fo=1, unplaced)         0.000     4.906    i_vrf_n_433
                         FDCE                                         r  lane_result_q_reg[3][14]/D
  -------------------------------------------------------------------    -------------------

                         (clock clk_i rise edge)      5.000     5.000 r  
                                                      0.000     5.000 r  clk_i (IN)
                         net (fo=2885, unset)         0.748     5.748    clk_i
                         FDCE                                         r  lane_result_q_reg[3][14]/C
                         clock pessimism              0.000     5.748    
                         clock uncertainty           -0.035     5.712    
                         FDCE (Setup_fdce_C_D)        0.072     5.784    lane_result_q_reg[3][14]
  -------------------------------------------------------------------
                         required time                          5.784    
                         arrival time                          -4.906    
  -------------------------------------------------------------------
                         slack                                  0.878    

Slack (MET) :             0.879ns  (required time - arrival time)
  Source:                 uop_p2_q_reg[use_shift]/C
                            (rising edge-triggered cell FDCE clocked by clk_i  {rise@0.000ns fall@2.500ns period=5.000ns})
  Destination:            lane_result_q_reg[0][46]/D
                            (rising edge-triggered cell FDCE clocked by clk_i  {rise@0.000ns fall@2.500ns period=5.000ns})
  Path Group:             clk_i
  Path Type:              Setup (Max at Slow Process Corner)
  Requirement:            5.000ns  (clk_i rise@5.000ns - clk_i rise@0.000ns)
  Data Path Delay:        4.118ns  (logic 1.085ns (26.348%)  route 3.033ns (73.652%))
  Logic Levels:           5  (LUT2=1 LUT5=1 LUT6=3)
  Clock Path Skew:        -0.039ns (DCD - SCD + CPR)
    Destination Clock Delay (DCD):    0.748ns = ( 5.748 - 5.000 ) 
    Source Clock Delay      (SCD):    0.787ns
    Clock Pessimism Removal (CPR):    0.000ns
  Clock Uncertainty:      0.035ns  ((TSJ^2 + TIJ^2)^1/2 + DJ) / 2 + PE
    Total System Jitter     (TSJ):    0.071ns
    Total Input Jitter      (TIJ):    0.000ns
    Discrete Jitter          (DJ):    0.000ns
    Phase Error              (PE):    0.000ns

    Location             Delay type                Incr(ns)  Path(ns)    Netlist Resource(s)
  -------------------------------------------------------------------    -------------------
                         (clock clk_i rise edge)      0.000     0.000 r  
                                                      0.000     0.000 r  clk_i (IN)
                         net (fo=2885, unset)         0.787     0.787    clk_i
                         FDCE                                         r  uop_p2_q_reg[use_shift]/C
  -------------------------------------------------------------------    -------------------
                         FDCE (Prop_fdce_C_Q)         0.433     1.220 r  uop_p2_q_reg[use_shift]/Q
                         net (fo=24, unplaced)        0.426     1.646    i_vrf/uop_p2_q_reg[use_shift]__0
                         LUT2 (Prop_lut2_I0_O)        0.232     1.878 r  i_vrf/lane_result_q[3][62]_i_51/O
                         net (fo=123, unplaced)       0.452     2.330    i_vrf/lane_result_q[3][62]_i_51_n_0
                         LUT5 (Prop_lut5_I0_O)        0.105     2.435 r  i_vrf/lane_result_q[1][2]_i_6/O
                         net (fo=3, unplaced)         0.956     3.391    i_vrf/lane_result_q[1][2]_i_6_n_0
                         LUT6 (Prop_lut6_I0_O)        0.105     3.496 r  i_vrf/lane_result_q[0][62]_i_8/O
                         net (fo=4, unplaced)         0.606     4.102    i_vrf/lane_result_q[0][62]_i_8_n_0
                         LUT6 (Prop_lut6_I1_O)        0.105     4.207 r  i_vrf/lane_result_q[0][46]_i_3/O
                         net (fo=2, unplaced)         0.593     4.800    i_vrf/lane_result_q[0][46]_i_3_n_0
                         LUT6 (Prop_lut6_I2_O)        0.105     4.905 r  i_vrf/lane_result_q[0][46]_i_1/O
                         net (fo=1, unplaced)         0.000     4.905    i_vrf_n_17
                         FDCE                                         r  lane_result_q_reg[0][46]/D
  -------------------------------------------------------------------    -------------------

                         (clock clk_i rise edge)      5.000     5.000 r  
                                                      0.000     5.000 r  clk_i (IN)
                         net (fo=2885, unset)         0.748     5.748    clk_i
                         FDCE                                         r  lane_result_q_reg[0][46]/C
                         clock pessimism              0.000     5.748    
                         clock uncertainty           -0.035     5.712    
                         FDCE (Setup_fdce_C_D)        0.072     5.784    lane_result_q_reg[0][46]
  -------------------------------------------------------------------
                         required time                          5.784    
                         arrival time                          -4.905    
  -------------------------------------------------------------------
                         slack                                  0.879    

Slack (MET) :             0.879ns  (required time - arrival time)
  Source:                 uop_p2_q_reg[use_shift]/C
                            (rising edge-triggered cell FDCE clocked by clk_i  {rise@0.000ns fall@2.500ns period=5.000ns})
  Destination:            lane_result_q_reg[0][47]/D
                            (rising edge-triggered cell FDCE clocked by clk_i  {rise@0.000ns fall@2.500ns period=5.000ns})
  Path Group:             clk_i
  Path Type:              Setup (Max at Slow Process Corner)
  Requirement:            5.000ns  (clk_i rise@5.000ns - clk_i rise@0.000ns)
  Data Path Delay:        4.118ns  (logic 1.085ns (26.348%)  route 3.033ns (73.652%))
  Logic Levels:           5  (LUT2=1 LUT5=1 LUT6=3)
  Clock Path Skew:        -0.039ns (DCD - SCD + CPR)
    Destination Clock Delay (DCD):    0.748ns = ( 5.748 - 5.000 ) 
    Source Clock Delay      (SCD):    0.787ns
    Clock Pessimism Removal (CPR):    0.000ns
  Clock Uncertainty:      0.035ns  ((TSJ^2 + TIJ^2)^1/2 + DJ) / 2 + PE
    Total System Jitter     (TSJ):    0.071ns
    Total Input Jitter      (TIJ):    0.000ns
    Discrete Jitter          (DJ):    0.000ns
    Phase Error              (PE):    0.000ns

    Location             Delay type                Incr(ns)  Path(ns)    Netlist Resource(s)
  -------------------------------------------------------------------    -------------------
                         (clock clk_i rise edge)      0.000     0.000 r  
                                                      0.000     0.000 r  clk_i (IN)
                         net (fo=2885, unset)         0.787     0.787    clk_i
                         FDCE                                         r  uop_p2_q_reg[use_shift]/C
  -------------------------------------------------------------------    -------------------
                         FDCE (Prop_fdce_C_Q)         0.433     1.220 r  uop_p2_q_reg[use_shift]/Q
                         net (fo=24, unplaced)        0.426     1.646    i_vrf/uop_p2_q_reg[use_shift]__0
                         LUT2 (Prop_lut2_I0_O)        0.232     1.878 r  i_vrf/lane_result_q[3][63]_i_62/O
                         net (fo=126, unplaced)       0.452     2.330    i_vrf/lane_result_q[3][63]_i_62_n_0
                         LUT5 (Prop_lut5_I0_O)        0.105     2.435 r  i_vrf/lane_result_q[1][3]_i_7/O
                         net (fo=3, unplaced)         0.956     3.391    i_vrf/lane_result_q[1][3]_i_7_n_0
                         LUT6 (Prop_lut6_I0_O)        0.105     3.496 r  i_vrf/lane_result_q[0][63]_i_8/O
                         net (fo=4, unplaced)         0.606     4.102    i_vrf/lane_result_q[0][63]_i_8_n_0
                         LUT6 (Prop_lut6_I1_O)        0.105     4.207 r  i_vrf/lane_result_q[0][47]_i_3/O
                         net (fo=2, unplaced)         0.593     4.800    i_vrf/lane_result_q[0][47]_i_3_n_0
                         LUT6 (Prop_lut6_I2_O)        0.105     4.905 r  i_vrf/lane_result_q[0][47]_i_1/O
                         net (fo=1, unplaced)         0.000     4.905    i_vrf_n_16
                         FDCE                                         r  lane_result_q_reg[0][47]/D
  -------------------------------------------------------------------    -------------------

                         (clock clk_i rise edge)      5.000     5.000 r  
                                                      0.000     5.000 r  clk_i (IN)
                         net (fo=2885, unset)         0.748     5.748    clk_i
                         FDCE                                         r  lane_result_q_reg[0][47]/C
                         clock pessimism              0.000     5.748    
                         clock uncertainty           -0.035     5.712    
                         FDCE (Setup_fdce_C_D)        0.072     5.784    lane_result_q_reg[0][47]
  -------------------------------------------------------------------
                         required time                          5.784    
                         arrival time                          -4.905    
  -------------------------------------------------------------------
                         slack                                  0.879    




