Copyright 1986-2022 Xilinx, Inc. All Rights Reserved. Copyright 2022-2024 Advanced Micro Devices, Inc. All Rights Reserved.
----------------------------------------------------------------------------------------------------------------------------------------------------------------------------------------------------------
| Tool Version : Vivado v.2024.2 (win64) Build 5239630 Fri Nov 08 22:35:27 MST 2024
| Date         : Thu Jun 18 10:18:33 2026
| Host         : WIN-20240824NZS running 64-bit major release  (build 9200)
| Command      : report_utilization -hierarchical -file E:/HDEC/cva6-vhdc-core/tmp/hdec_v15_pointmul_worktree/reports/hdec/v47_stage3_combo_all_a_2026_06_18/ooc_combo_all_a/reports/utilization_hier.rpt
| Design       : hdec_top
| Device       : xc7z020clg400-2
| Speed File   : -2
| Design State : Synthesized
----------------------------------------------------------------------------------------------------------------------------------------------------------------------------------------------------------

Utilization Design Information

Table of Contents
-----------------
1. Utilization by Hierarchy

1. Utilization by Hierarchy
---------------------------

+----------------------+--------------------------------+------------+------------+---------+------+------+--------+--------+------------+
|       Instance       |             Module             | Total LUTs | Logic LUTs | LUTRAMs | SRLs |  FFs | RAMB36 | RAMB18 | DSP Blocks |
+----------------------+--------------------------------+------------+------------+---------+------+------+--------+--------+------------+
| hdec_top             |                          (top) |       5604 |       5476 |     128 |    0 | 1719 |      4 |      0 |          0 |
|   (hdec_top)         |                          (top) |       1702 |       1574 |     128 |    0 | 1414 |      0 |      0 |          0 |
|   gen_lane[0].i_lane |                 hdec_lane_4x64 |        202 |        202 |       0 |    0 |   77 |      0 |      0 |          0 |
|   gen_lane[1].i_lane | hdec_lane_4x64__parameterized0 |        186 |        186 |       0 |    0 |   76 |      0 |      0 |          0 |
|   gen_lane[2].i_lane | hdec_lane_4x64__parameterized1 |        194 |        194 |       0 |    0 |   76 |      0 |      0 |          0 |
|   gen_lane[3].i_lane | hdec_lane_4x64__parameterized2 |        183 |        183 |       0 |    0 |   76 |      0 |      0 |          0 |
|   i_vrf              |                hdec_vrf_64x256 |       3137 |       3137 |       0 |    0 |    0 |      4 |      0 |          0 |
+----------------------+--------------------------------+------------+------------+---------+------+------+--------+--------+------------+


