Copyright 1986-2022 Xilinx, Inc. All Rights Reserved. Copyright 2022-2024 Advanced Micro Devices, Inc. All Rights Reserved.
---------------------------------------------------------------------------------------------------------------------------------------------------------------------------------------------------------------------------------------------------------------------------------------------------------------------------------------------------------------------
| Tool Version : Vivado v.2024.2 (win64) Build 5239630 Fri Nov 08 22:35:27 MST 2024
| Date         : Sun Jun  7 11:55:32 2026
| Host         : WIN-20240824NZS running 64-bit major release  (build 9200)
| Command      : report_timing -delay_type max -sort_by slack -max_paths 50 -nworst 1 -from [get_pins -quiet -of_objects {i_vrf/lane_result_q[3][8]_i_7/I2} -filter {DIRECTION == OUT}] -to {i_vrf/lane_result_q[3][8]_i_7/I2} -file E:/HDEC/cva6-vhdc-core/reports/vivado/ooc_hdec_hmatch_countdown_v1_ff838841/150mhz/fixed_paths/fixed_06_lane_popcnt_to_hsim.rpt
| Design       : hdec_top
| Device       : 7z020-clg400
| Speed File   : -2  PRODUCTION 1.12 2019-11-22
| Design State : Synthesized
---------------------------------------------------------------------------------------------------------------------------------------------------------------------------------------------------------------------------------------------------------------------------------------------------------------------------------------------------------------------

Timing Report

Slack (MET) :             1.924ns  (required time - arrival time)
  Source:                 lane_popcnt_q_reg[3][4]/C
                            (rising edge-triggered cell FDCE clocked by clk_i  {rise@0.000ns fall@3.333ns period=6.667ns})
  Destination:            hsim_total_q_reg[10]/D
                            (rising edge-triggered cell FDCE clocked by clk_i  {rise@0.000ns fall@3.333ns period=6.667ns})
  Path Group:             clk_i
  Path Type:              Setup (Max at Slow Process Corner)
  Requirement:            6.667ns  (clk_i rise@6.667ns - clk_i rise@0.000ns)
  Data Path Delay:        4.740ns  (logic 2.331ns (49.177%)  route 2.409ns (50.823%))
  Logic Levels:           7  (CARRY4=3 LUT2=1 LUT3=1 LUT5=2)
  Clock Path Skew:        -0.039ns (DCD - SCD + CPR)
    Destination Clock Delay (DCD):    0.748ns = ( 7.415 - 6.667 ) 
    Source Clock Delay      (SCD):    0.787ns
    Clock Pessimism Removal (CPR):    0.000ns
  Clock Uncertainty:      0.035ns  ((TSJ^2 + TIJ^2)^1/2 + DJ) / 2 + PE
    Total System Jitter     (TSJ):    0.071ns
    Total Input Jitter      (TIJ):    0.000ns
    Discrete Jitter          (DJ):    0.000ns
    Phase Error              (PE):    0.000ns

    Location             Delay type                Incr(ns)  Path(ns)    Netlist Resource(s)
  -------------------------------------------------------------------    -------------------
                         (clock clk_i rise edge)      0.000     0.000 r  
                                                      0.000     0.000 r  clk_i (IN)
                         net (fo=2885, unset)         0.787     0.787    clk_i
                         FDCE                                         r  lane_popcnt_q_reg[3][4]/C
  -------------------------------------------------------------------    -------------------
                         FDCE (Prop_fdce_C_Q)         0.433     1.220 r  lane_popcnt_q_reg[3][4]/Q
                         net (fo=3, unplaced)         0.617     1.837    lane_popcnt_q_reg[3][4]
                         LUT3 (Prop_lut3_I0_O)        0.252     2.089 r  hmatch_best_dist_q[7]_i_18/O
                         net (fo=1, unplaced)         0.347     2.436    hmatch_best_dist_q[7]_i_18_n_0
                         LUT5 (Prop_lut5_I1_O)        0.105     2.541 r  hmatch_best_dist_q[7]_i_10/O
                         net (fo=2, unplaced)         0.548     3.089    hmatch_best_dist_q[7]_i_10_n_0
                         CARRY4 (Prop_carry4_DI[1]_O[3])
                                                      0.519     3.608 r  hmatch_best_dist_q_reg[7]_i_7/O[3]
                         net (fo=2, unplaced)         0.530     4.138    hmatch_best_dist_q_reg[7]_i_7_n_4
                         LUT2 (Prop_lut2_I1_O)        0.250     4.388 r  hmatch_best_dist_q[7]_i_3/O
                         net (fo=1, unplaced)         0.000     4.388    hmatch_best_dist_q[7]_i_3_n_0
                         CARRY4 (Prop_carry4_S[3]_CO[3])
                                                      0.314     4.702 r  hmatch_best_dist_q_reg[7]_i_2/CO[3]
                         net (fo=1, unplaced)         0.000     4.702    hmatch_best_dist_q_reg[7]_i_2_n_0
                         CARRY4 (Prop_carry4_CI_O[2])
                                                      0.214     4.916 r  hmatch_best_dist_q_reg[10]_i_4/O[2]
                         net (fo=3, unplaced)         0.367     5.283    hmatch_best_dist_q_reg[10]_i_4_n_5
                         LUT5 (Prop_lut5_I4_O)        0.244     5.527 r  hsim_total_q[10]_i_2/O
                         net (fo=1, unplaced)         0.000     5.527    hsim_total_q[10]_i_2_n_0
                         FDCE                                         r  hsim_total_q_reg[10]/D
  -------------------------------------------------------------------    -------------------

                         (clock clk_i rise edge)      6.667     6.667 r  
                                                      0.000     6.667 r  clk_i (IN)
                         net (fo=2885, unset)         0.748     7.415    clk_i
                         FDCE                                         r  hsim_total_q_reg[10]/C
                         clock pessimism              0.000     7.415    
                         clock uncertainty           -0.035     7.379    
                         FDCE (Setup_fdce_C_D)        0.072     7.451    hsim_total_q_reg[10]
  -------------------------------------------------------------------
                         required time                          7.451    
                         arrival time                          -5.527    
  -------------------------------------------------------------------
                         slack                                  1.924    

Slack (MET) :             1.977ns  (required time - arrival time)
  Source:                 lane_popcnt_q_reg[3][4]/C
                            (rising edge-triggered cell FDCE clocked by clk_i  {rise@0.000ns fall@3.333ns period=6.667ns})
  Destination:            hsim_total_q_reg[9]/D
                            (rising edge-triggered cell FDCE clocked by clk_i  {rise@0.000ns fall@3.333ns period=6.667ns})
  Path Group:             clk_i
  Path Type:              Setup (Max at Slow Process Corner)
  Requirement:            6.667ns  (clk_i rise@6.667ns - clk_i rise@0.000ns)
  Data Path Delay:        4.687ns  (logic 2.387ns (50.928%)  route 2.300ns (49.072%))
  Logic Levels:           7  (CARRY4=3 LUT2=1 LUT3=1 LUT5=2)
  Clock Path Skew:        -0.039ns (DCD - SCD + CPR)
    Destination Clock Delay (DCD):    0.748ns = ( 7.415 - 6.667 ) 
    Source Clock Delay      (SCD):    0.787ns
    Clock Pessimism Removal (CPR):    0.000ns
  Clock Uncertainty:      0.035ns  ((TSJ^2 + TIJ^2)^1/2 + DJ) / 2 + PE
    Total System Jitter     (TSJ):    0.071ns
    Total Input Jitter      (TIJ):    0.000ns
    Discrete Jitter          (DJ):    0.000ns
    Phase Error              (PE):    0.000ns

    Location             Delay type                Incr(ns)  Path(ns)    Netlist Resource(s)
  -------------------------------------------------------------------    -------------------
                         (clock clk_i rise edge)      0.000     0.000 r  
                                                      0.000     0.000 r  clk_i (IN)
                         net (fo=2885, unset)         0.787     0.787    clk_i
                         FDCE                                         r  lane_popcnt_q_reg[3][4]/C
  -------------------------------------------------------------------    -------------------
                         FDCE (Prop_fdce_C_Q)         0.433     1.220 r  lane_popcnt_q_reg[3][4]/Q
                         net (fo=3, unplaced)         0.617     1.837    lane_popcnt_q_reg[3][4]
                         LUT3 (Prop_lut3_I0_O)        0.252     2.089 r  hmatch_best_dist_q[7]_i_18/O
                         net (fo=1, unplaced)         0.347     2.436    hmatch_best_dist_q[7]_i_18_n_0
                         LUT5 (Prop_lut5_I1_O)        0.105     2.541 r  hmatch_best_dist_q[7]_i_10/O
                         net (fo=2, unplaced)         0.548     3.089    hmatch_best_dist_q[7]_i_10_n_0
                         CARRY4 (Prop_carry4_DI[1]_O[3])
                                                      0.519     3.608 r  hmatch_best_dist_q_reg[7]_i_7/O[3]
                         net (fo=2, unplaced)         0.530     4.138    hmatch_best_dist_q_reg[7]_i_7_n_4
                         LUT2 (Prop_lut2_I1_O)        0.250     4.388 r  hmatch_best_dist_q[7]_i_3/O
                         net (fo=1, unplaced)         0.000     4.388    hmatch_best_dist_q[7]_i_3_n_0
                         CARRY4 (Prop_carry4_S[3]_CO[3])
                                                      0.314     4.702 r  hmatch_best_dist_q_reg[7]_i_2/CO[3]
                         net (fo=1, unplaced)         0.000     4.702    hmatch_best_dist_q_reg[7]_i_2_n_0
                         CARRY4 (Prop_carry4_CI_O[1])
                                                      0.269     4.971 r  hmatch_best_dist_q_reg[10]_i_4/O[1]
                         net (fo=3, unplaced)         0.258     5.229    hmatch_best_dist_q_reg[10]_i_4_n_6
                         LUT5 (Prop_lut5_I4_O)        0.245     5.474 r  hsim_total_q[9]_i_1/O
                         net (fo=1, unplaced)         0.000     5.474    hsim_total_q[9]_i_1_n_0
                         FDCE                                         r  hsim_total_q_reg[9]/D
  -------------------------------------------------------------------    -------------------

                         (clock clk_i rise edge)      6.667     6.667 r  
                                                      0.000     6.667 r  clk_i (IN)
                         net (fo=2885, unset)         0.748     7.415    clk_i
                         FDCE                                         r  hsim_total_q_reg[9]/C
                         clock pessimism              0.000     7.415    
                         clock uncertainty           -0.035     7.379    
                         FDCE (Setup_fdce_C_D)        0.072     7.451    hsim_total_q_reg[9]
  -------------------------------------------------------------------
                         required time                          7.451    
                         arrival time                          -5.474    
  -------------------------------------------------------------------
                         slack                                  1.977    

Slack (MET) :             2.001ns  (required time - arrival time)
  Source:                 lane_popcnt_q_reg[3][2]/C
                            (rising edge-triggered cell FDCE clocked by clk_i  {rise@0.000ns fall@3.333ns period=6.667ns})
  Destination:            hsim_total_q_reg[7]/D
                            (rising edge-triggered cell FDCE clocked by clk_i  {rise@0.000ns fall@3.333ns period=6.667ns})
  Path Group:             clk_i
  Path Type:              Setup (Max at Slow Process Corner)
  Requirement:            6.667ns  (clk_i rise@6.667ns - clk_i rise@0.000ns)
  Data Path Delay:        4.663ns  (logic 2.245ns (48.145%)  route 2.418ns (51.855%))
  Logic Levels:           7  (CARRY4=3 LUT2=1 LUT3=1 LUT5=2)
  Clock Path Skew:        -0.039ns (DCD - SCD + CPR)
    Destination Clock Delay (DCD):    0.748ns = ( 7.415 - 6.667 ) 
    Source Clock Delay      (SCD):    0.787ns
    Clock Pessimism Removal (CPR):    0.000ns
  Clock Uncertainty:      0.035ns  ((TSJ^2 + TIJ^2)^1/2 + DJ) / 2 + PE
    Total System Jitter     (TSJ):    0.071ns
    Total Input Jitter      (TIJ):    0.000ns
    Discrete Jitter          (DJ):    0.000ns
    Phase Error              (PE):    0.000ns

    Location             Delay type                Incr(ns)  Path(ns)    Netlist Resource(s)
  -------------------------------------------------------------------    -------------------
                         (clock clk_i rise edge)      0.000     0.000 r  
                                                      0.000     0.000 r  clk_i (IN)
                         net (fo=2885, unset)         0.787     0.787    clk_i
                         FDCE                                         r  lane_popcnt_q_reg[3][2]/C
  -------------------------------------------------------------------    -------------------
                         FDCE (Prop_fdce_C_Q)         0.433     1.220 r  lane_popcnt_q_reg[3][2]/Q
                         net (fo=2, unplaced)         0.610     1.830    lane_popcnt_q_reg[3][2]
                         LUT3 (Prop_lut3_I0_O)        0.232     2.062 r  hmatch_best_dist_q[3]_i_15/O
                         net (fo=3, unplaced)         0.365     2.427    hmatch_best_dist_q[3]_i_15_n_0
                         LUT5 (Prop_lut5_I3_O)        0.105     2.532 r  hmatch_best_dist_q[3]_i_9/O
                         net (fo=1, unplaced)         0.368     2.900    hmatch_best_dist_q[3]_i_9_n_0
                         CARRY4 (Prop_carry4_DI[2]_O[3])
                                                      0.384     3.284 r  hmatch_best_dist_q_reg[3]_i_7/O[3]
                         net (fo=2, unplaced)         0.530     3.814    hmatch_best_dist_q_reg[3]_i_7_n_4
                         LUT2 (Prop_lut2_I1_O)        0.250     4.064 r  hmatch_best_dist_q[3]_i_3/O
                         net (fo=1, unplaced)         0.000     4.064    hmatch_best_dist_q[3]_i_3_n_0
                         CARRY4 (Prop_carry4_S[3]_CO[3])
                                                      0.314     4.378 r  hmatch_best_dist_q_reg[3]_i_2/CO[3]
                         net (fo=1, unplaced)         0.008     4.386    hmatch_best_dist_q_reg[3]_i_2_n_0
                         CARRY4 (Prop_carry4_CI_O[3])
                                                      0.277     4.663 r  hmatch_best_dist_q_reg[7]_i_2/O[3]
                         net (fo=3, unplaced)         0.537     5.200    hmatch_best_dist_q_reg[7]_i_2_n_4
                         LUT5 (Prop_lut5_I4_O)        0.250     5.450 r  hsim_total_q[7]_i_1/O
                         net (fo=1, unplaced)         0.000     5.450    hsim_total_q[7]_i_1_n_0
                         FDCE                                         r  hsim_total_q_reg[7]/D
  -------------------------------------------------------------------    -------------------

                         (clock clk_i rise edge)      6.667     6.667 r  
                                                      0.000     6.667 r  clk_i (IN)
                         net (fo=2885, unset)         0.748     7.415    clk_i
                         FDCE                                         r  hsim_total_q_reg[7]/C
                         clock pessimism              0.000     7.415    
                         clock uncertainty           -0.035     7.379    
                         FDCE (Setup_fdce_C_D)        0.072     7.451    hsim_total_q_reg[7]
  -------------------------------------------------------------------
                         required time                          7.451    
                         arrival time                          -5.450    
  -------------------------------------------------------------------
                         slack                                  2.001    

Slack (MET) :             2.064ns  (required time - arrival time)
  Source:                 lane_popcnt_q_reg[3][4]/C
                            (rising edge-triggered cell FDCE clocked by clk_i  {rise@0.000ns fall@3.333ns period=6.667ns})
  Destination:            hsim_total_q_reg[8]/D
                            (rising edge-triggered cell FDCE clocked by clk_i  {rise@0.000ns fall@3.333ns period=6.667ns})
  Path Group:             clk_i
  Path Type:              Setup (Max at Slow Process Corner)
  Requirement:            6.667ns  (clk_i rise@6.667ns - clk_i rise@0.000ns)
  Data Path Delay:        4.600ns  (logic 2.300ns (50.000%)  route 2.300ns (50.000%))
  Logic Levels:           7  (CARRY4=3 LUT2=1 LUT3=1 LUT5=2)
  Clock Path Skew:        -0.039ns (DCD - SCD + CPR)
    Destination Clock Delay (DCD):    0.748ns = ( 7.415 - 6.667 ) 
    Source Clock Delay      (SCD):    0.787ns
    Clock Pessimism Removal (CPR):    0.000ns
  Clock Uncertainty:      0.035ns  ((TSJ^2 + TIJ^2)^1/2 + DJ) / 2 + PE
    Total System Jitter     (TSJ):    0.071ns
    Total Input Jitter      (TIJ):    0.000ns
    Discrete Jitter          (DJ):    0.000ns
    Phase Error              (PE):    0.000ns

    Location             Delay type                Incr(ns)  Path(ns)    Netlist Resource(s)
  -------------------------------------------------------------------    -------------------
                         (clock clk_i rise edge)      0.000     0.000 r  
                                                      0.000     0.000 r  clk_i (IN)
                         net (fo=2885, unset)         0.787     0.787    clk_i
                         FDCE                                         r  lane_popcnt_q_reg[3][4]/C
  -------------------------------------------------------------------    -------------------
                         FDCE (Prop_fdce_C_Q)         0.433     1.220 r  lane_popcnt_q_reg[3][4]/Q
                         net (fo=3, unplaced)         0.617     1.837    lane_popcnt_q_reg[3][4]
                         LUT3 (Prop_lut3_I0_O)        0.252     2.089 r  hmatch_best_dist_q[7]_i_18/O
                         net (fo=1, unplaced)         0.347     2.436    hmatch_best_dist_q[7]_i_18_n_0
                         LUT5 (Prop_lut5_I1_O)        0.105     2.541 r  hmatch_best_dist_q[7]_i_10/O
                         net (fo=2, unplaced)         0.548     3.089    hmatch_best_dist_q[7]_i_10_n_0
                         CARRY4 (Prop_carry4_DI[1]_O[3])
                                                      0.519     3.608 r  hmatch_best_dist_q_reg[7]_i_7/O[3]
                         net (fo=2, unplaced)         0.530     4.138    hmatch_best_dist_q_reg[7]_i_7_n_4
                         LUT2 (Prop_lut2_I1_O)        0.250     4.388 r  hmatch_best_dist_q[7]_i_3/O
                         net (fo=1, unplaced)         0.000     4.388    hmatch_best_dist_q[7]_i_3_n_0
                         CARRY4 (Prop_carry4_S[3]_CO[3])
                                                      0.314     4.702 r  hmatch_best_dist_q_reg[7]_i_2/CO[3]
                         net (fo=1, unplaced)         0.000     4.702    hmatch_best_dist_q_reg[7]_i_2_n_0
                         CARRY4 (Prop_carry4_CI_O[0])
                                                      0.189     4.891 r  hmatch_best_dist_q_reg[10]_i_4/O[0]
                         net (fo=3, unplaced)         0.258     5.149    hmatch_best_dist_q_reg[10]_i_4_n_7
                         LUT5 (Prop_lut5_I4_O)        0.238     5.387 r  hsim_total_q[8]_i_1/O
                         net (fo=1, unplaced)         0.000     5.387    hsim_total_q[8]_i_1_n_0
                         FDCE                                         r  hsim_total_q_reg[8]/D
  -------------------------------------------------------------------    -------------------

                         (clock clk_i rise edge)      6.667     6.667 r  
                                                      0.000     6.667 r  clk_i (IN)
                         net (fo=2885, unset)         0.748     7.415    clk_i
                         FDCE                                         r  hsim_total_q_reg[8]/C
                         clock pessimism              0.000     7.415    
                         clock uncertainty           -0.035     7.379    
                         FDCE (Setup_fdce_C_D)        0.072     7.451    hsim_total_q_reg[8]
  -------------------------------------------------------------------
                         required time                          7.451    
                         arrival time                          -5.387    
  -------------------------------------------------------------------
                         slack                                  2.064    

Slack (MET) :             2.240ns  (required time - arrival time)
  Source:                 lane_popcnt_q_reg[3][2]/C
                            (rising edge-triggered cell FDCE clocked by clk_i  {rise@0.000ns fall@3.333ns period=6.667ns})
  Destination:            hsim_total_q_reg[6]/D
                            (rising edge-triggered cell FDCE clocked by clk_i  {rise@0.000ns fall@3.333ns period=6.667ns})
  Path Group:             clk_i
  Path Type:              Setup (Max at Slow Process Corner)
  Requirement:            6.667ns  (clk_i rise@6.667ns - clk_i rise@0.000ns)
  Data Path Delay:        4.424ns  (logic 2.176ns (49.186%)  route 2.248ns (50.814%))
  Logic Levels:           7  (CARRY4=3 LUT2=1 LUT3=1 LUT5=2)
  Clock Path Skew:        -0.039ns (DCD - SCD + CPR)
    Destination Clock Delay (DCD):    0.748ns = ( 7.415 - 6.667 ) 
    Source Clock Delay      (SCD):    0.787ns
    Clock Pessimism Removal (CPR):    0.000ns
  Clock Uncertainty:      0.035ns  ((TSJ^2 + TIJ^2)^1/2 + DJ) / 2 + PE
    Total System Jitter     (TSJ):    0.071ns
    Total Input Jitter      (TIJ):    0.000ns
    Discrete Jitter          (DJ):    0.000ns
    Phase Error              (PE):    0.000ns

    Location             Delay type                Incr(ns)  Path(ns)    Netlist Resource(s)
  -------------------------------------------------------------------    -------------------
                         (clock clk_i rise edge)      0.000     0.000 r  
                                                      0.000     0.000 r  clk_i (IN)
                         net (fo=2885, unset)         0.787     0.787    clk_i
                         FDCE                                         r  lane_popcnt_q_reg[3][2]/C
  -------------------------------------------------------------------    -------------------
                         FDCE (Prop_fdce_C_Q)         0.433     1.220 r  lane_popcnt_q_reg[3][2]/Q
                         net (fo=2, unplaced)         0.610     1.830    lane_popcnt_q_reg[3][2]
                         LUT3 (Prop_lut3_I0_O)        0.232     2.062 r  hmatch_best_dist_q[3]_i_15/O
                         net (fo=3, unplaced)         0.365     2.427    hmatch_best_dist_q[3]_i_15_n_0
                         LUT5 (Prop_lut5_I3_O)        0.105     2.532 r  hmatch_best_dist_q[3]_i_9/O
                         net (fo=1, unplaced)         0.368     2.900    hmatch_best_dist_q[3]_i_9_n_0
                         CARRY4 (Prop_carry4_DI[2]_O[3])
                                                      0.384     3.284 r  hmatch_best_dist_q_reg[3]_i_7/O[3]
                         net (fo=2, unplaced)         0.530     3.814    hmatch_best_dist_q_reg[3]_i_7_n_4
                         LUT2 (Prop_lut2_I1_O)        0.250     4.064 r  hmatch_best_dist_q[3]_i_3/O
                         net (fo=1, unplaced)         0.000     4.064    hmatch_best_dist_q[3]_i_3_n_0
                         CARRY4 (Prop_carry4_S[3]_CO[3])
                                                      0.314     4.378 r  hmatch_best_dist_q_reg[3]_i_2/CO[3]
                         net (fo=1, unplaced)         0.008     4.386    hmatch_best_dist_q_reg[3]_i_2_n_0
                         CARRY4 (Prop_carry4_CI_O[2])
                                                      0.214     4.600 r  hmatch_best_dist_q_reg[7]_i_2/O[2]
                         net (fo=3, unplaced)         0.367     4.967    hmatch_best_dist_q_reg[7]_i_2_n_5
                         LUT5 (Prop_lut5_I4_O)        0.244     5.211 r  hsim_total_q[6]_i_1/O
                         net (fo=1, unplaced)         0.000     5.211    hsim_total_q[6]_i_1_n_0
                         FDCE                                         r  hsim_total_q_reg[6]/D
  -------------------------------------------------------------------    -------------------

                         (clock clk_i rise edge)      6.667     6.667 r  
                                                      0.000     6.667 r  clk_i (IN)
                         net (fo=2885, unset)         0.748     7.415    clk_i
                         FDCE                                         r  hsim_total_q_reg[6]/C
                         clock pessimism              0.000     7.415    
                         clock uncertainty           -0.035     7.379    
                         FDCE (Setup_fdce_C_D)        0.072     7.451    hsim_total_q_reg[6]
  -------------------------------------------------------------------
                         required time                          7.451    
                         arrival time                          -5.211    
  -------------------------------------------------------------------
                         slack                                  2.240    

Slack (MET) :             2.293ns  (required time - arrival time)
  Source:                 lane_popcnt_q_reg[3][2]/C
                            (rising edge-triggered cell FDCE clocked by clk_i  {rise@0.000ns fall@3.333ns period=6.667ns})
  Destination:            hsim_total_q_reg[5]/D
                            (rising edge-triggered cell FDCE clocked by clk_i  {rise@0.000ns fall@3.333ns period=6.667ns})
  Path Group:             clk_i
  Path Type:              Setup (Max at Slow Process Corner)
  Requirement:            6.667ns  (clk_i rise@6.667ns - clk_i rise@0.000ns)
  Data Path Delay:        4.371ns  (logic 2.232ns (51.064%)  route 2.139ns (48.936%))
  Logic Levels:           7  (CARRY4=3 LUT2=1 LUT3=1 LUT5=2)
  Clock Path Skew:        -0.039ns (DCD - SCD + CPR)
    Destination Clock Delay (DCD):    0.748ns = ( 7.415 - 6.667 ) 
    Source Clock Delay      (SCD):    0.787ns
    Clock Pessimism Removal (CPR):    0.000ns
  Clock Uncertainty:      0.035ns  ((TSJ^2 + TIJ^2)^1/2 + DJ) / 2 + PE
    Total System Jitter     (TSJ):    0.071ns
    Total Input Jitter      (TIJ):    0.000ns
    Discrete Jitter          (DJ):    0.000ns
    Phase Error              (PE):    0.000ns

    Location             Delay type                Incr(ns)  Path(ns)    Netlist Resource(s)
  -------------------------------------------------------------------    -------------------
                         (clock clk_i rise edge)      0.000     0.000 r  
                                                      0.000     0.000 r  clk_i (IN)
                         net (fo=2885, unset)         0.787     0.787    clk_i
                         FDCE                                         r  lane_popcnt_q_reg[3][2]/C
  -------------------------------------------------------------------    -------------------
                         FDCE (Prop_fdce_C_Q)         0.433     1.220 r  lane_popcnt_q_reg[3][2]/Q
                         net (fo=2, unplaced)         0.610     1.830    lane_popcnt_q_reg[3][2]
                         LUT3 (Prop_lut3_I0_O)        0.232     2.062 r  hmatch_best_dist_q[3]_i_15/O
                         net (fo=3, unplaced)         0.365     2.427    hmatch_best_dist_q[3]_i_15_n_0
                         LUT5 (Prop_lut5_I3_O)        0.105     2.532 r  hmatch_best_dist_q[3]_i_9/O
                         net (fo=1, unplaced)         0.368     2.900    hmatch_best_dist_q[3]_i_9_n_0
                         CARRY4 (Prop_carry4_DI[2]_O[3])
                                                      0.384     3.284 r  hmatch_best_dist_q_reg[3]_i_7/O[3]
                         net (fo=2, unplaced)         0.530     3.814    hmatch_best_dist_q_reg[3]_i_7_n_4
                         LUT2 (Prop_lut2_I1_O)        0.250     4.064 r  hmatch_best_dist_q[3]_i_3/O
                         net (fo=1, unplaced)         0.000     4.064    hmatch_best_dist_q[3]_i_3_n_0
                         CARRY4 (Prop_carry4_S[3]_CO[3])
                                                      0.314     4.378 r  hmatch_best_dist_q_reg[3]_i_2/CO[3]
                         net (fo=1, unplaced)         0.008     4.386    hmatch_best_dist_q_reg[3]_i_2_n_0
                         CARRY4 (Prop_carry4_CI_O[1])
                                                      0.269     4.655 r  hmatch_best_dist_q_reg[7]_i_2/O[1]
                         net (fo=3, unplaced)         0.258     4.913    hmatch_best_dist_q_reg[7]_i_2_n_6
                         LUT5 (Prop_lut5_I4_O)        0.245     5.158 r  hsim_total_q[5]_i_1/O
                         net (fo=1, unplaced)         0.000     5.158    hsim_total_q[5]_i_1_n_0
                         FDCE                                         r  hsim_total_q_reg[5]/D
  -------------------------------------------------------------------    -------------------

                         (clock clk_i rise edge)      6.667     6.667 r  
                                                      0.000     6.667 r  clk_i (IN)
                         net (fo=2885, unset)         0.748     7.415    clk_i
                         FDCE                                         r  hsim_total_q_reg[5]/C
                         clock pessimism              0.000     7.415    
                         clock uncertainty           -0.035     7.379    
                         FDCE (Setup_fdce_C_D)        0.072     7.451    hsim_total_q_reg[5]
  -------------------------------------------------------------------
                         required time                          7.451    
                         arrival time                          -5.158    
  -------------------------------------------------------------------
                         slack                                  2.293    

Slack (MET) :             2.380ns  (required time - arrival time)
  Source:                 lane_popcnt_q_reg[3][2]/C
                            (rising edge-triggered cell FDCE clocked by clk_i  {rise@0.000ns fall@3.333ns period=6.667ns})
  Destination:            hsim_total_q_reg[4]/D
                            (rising edge-triggered cell FDCE clocked by clk_i  {rise@0.000ns fall@3.333ns period=6.667ns})
  Path Group:             clk_i
  Path Type:              Setup (Max at Slow Process Corner)
  Requirement:            6.667ns  (clk_i rise@6.667ns - clk_i rise@0.000ns)
  Data Path Delay:        4.284ns  (logic 2.145ns (50.070%)  route 2.139ns (49.930%))
  Logic Levels:           7  (CARRY4=3 LUT2=1 LUT3=1 LUT5=2)
  Clock Path Skew:        -0.039ns (DCD - SCD + CPR)
    Destination Clock Delay (DCD):    0.748ns = ( 7.415 - 6.667 ) 
    Source Clock Delay      (SCD):    0.787ns
    Clock Pessimism Removal (CPR):    0.000ns
  Clock Uncertainty:      0.035ns  ((TSJ^2 + TIJ^2)^1/2 + DJ) / 2 + PE
    Total System Jitter     (TSJ):    0.071ns
    Total Input Jitter      (TIJ):    0.000ns
    Discrete Jitter          (DJ):    0.000ns
    Phase Error              (PE):    0.000ns

    Location             Delay type                Incr(ns)  Path(ns)    Netlist Resource(s)
  -------------------------------------------------------------------    -------------------
                         (clock clk_i rise edge)      0.000     0.000 r  
                                                      0.000     0.000 r  clk_i (IN)
                         net (fo=2885, unset)         0.787     0.787    clk_i
                         FDCE                                         r  lane_popcnt_q_reg[3][2]/C
  -------------------------------------------------------------------    -------------------
                         FDCE (Prop_fdce_C_Q)         0.433     1.220 r  lane_popcnt_q_reg[3][2]/Q
                         net (fo=2, unplaced)         0.610     1.830    lane_popcnt_q_reg[3][2]
                         LUT3 (Prop_lut3_I0_O)        0.232     2.062 r  hmatch_best_dist_q[3]_i_15/O
                         net (fo=3, unplaced)         0.365     2.427    hmatch_best_dist_q[3]_i_15_n_0
                         LUT5 (Prop_lut5_I3_O)        0.105     2.532 r  hmatch_best_dist_q[3]_i_9/O
                         net (fo=1, unplaced)         0.368     2.900    hmatch_best_dist_q[3]_i_9_n_0
                         CARRY4 (Prop_carry4_DI[2]_O[3])
                                                      0.384     3.284 r  hmatch_best_dist_q_reg[3]_i_7/O[3]
                         net (fo=2, unplaced)         0.530     3.814    hmatch_best_dist_q_reg[3]_i_7_n_4
                         LUT2 (Prop_lut2_I1_O)        0.250     4.064 r  hmatch_best_dist_q[3]_i_3/O
                         net (fo=1, unplaced)         0.000     4.064    hmatch_best_dist_q[3]_i_3_n_0
                         CARRY4 (Prop_carry4_S[3]_CO[3])
                                                      0.314     4.378 r  hmatch_best_dist_q_reg[3]_i_2/CO[3]
                         net (fo=1, unplaced)         0.008     4.386    hmatch_best_dist_q_reg[3]_i_2_n_0
                         CARRY4 (Prop_carry4_CI_O[0])
                                                      0.189     4.575 r  hmatch_best_dist_q_reg[7]_i_2/O[0]
                         net (fo=3, unplaced)         0.258     4.833    hmatch_best_dist_q_reg[7]_i_2_n_7
                         LUT5 (Prop_lut5_I4_O)        0.238     5.071 r  hsim_total_q[4]_i_1/O
                         net (fo=1, unplaced)         0.000     5.071    hsim_total_q[4]_i_1_n_0
                         FDCE                                         r  hsim_total_q_reg[4]/D
  -------------------------------------------------------------------    -------------------

                         (clock clk_i rise edge)      6.667     6.667 r  
                                                      0.000     6.667 r  clk_i (IN)
                         net (fo=2885, unset)         0.748     7.415    clk_i
                         FDCE                                         r  hsim_total_q_reg[4]/C
                         clock pessimism              0.000     7.415    
                         clock uncertainty           -0.035     7.379    
                         FDCE (Setup_fdce_C_D)        0.072     7.451    hsim_total_q_reg[4]
  -------------------------------------------------------------------
                         required time                          7.451    
                         arrival time                          -5.071    
  -------------------------------------------------------------------
                         slack                                  2.380    

Slack (MET) :             2.389ns  (required time - arrival time)
  Source:                 lane_popcnt_q_reg[3][2]/C
                            (rising edge-triggered cell FDCE clocked by clk_i  {rise@0.000ns fall@3.333ns period=6.667ns})
  Destination:            hsim_total_q_reg[3]/D
                            (rising edge-triggered cell FDCE clocked by clk_i  {rise@0.000ns fall@3.333ns period=6.667ns})
  Path Group:             clk_i
  Path Type:              Setup (Max at Slow Process Corner)
  Requirement:            6.667ns  (clk_i rise@6.667ns - clk_i rise@0.000ns)
  Data Path Delay:        4.275ns  (logic 1.865ns (43.626%)  route 2.410ns (56.374%))
  Logic Levels:           6  (CARRY4=2 LUT2=1 LUT3=1 LUT5=2)
  Clock Path Skew:        -0.039ns (DCD - SCD + CPR)
    Destination Clock Delay (DCD):    0.748ns = ( 7.415 - 6.667 ) 
    Source Clock Delay      (SCD):    0.787ns
    Clock Pessimism Removal (CPR):    0.000ns
  Clock Uncertainty:      0.035ns  ((TSJ^2 + TIJ^2)^1/2 + DJ) / 2 + PE
    Total System Jitter     (TSJ):    0.071ns
    Total Input Jitter      (TIJ):    0.000ns
    Discrete Jitter          (DJ):    0.000ns
    Phase Error              (PE):    0.000ns

    Location             Delay type                Incr(ns)  Path(ns)    Netlist Resource(s)
  -------------------------------------------------------------------    -------------------
                         (clock clk_i rise edge)      0.000     0.000 r  
                                                      0.000     0.000 r  clk_i (IN)
                         net (fo=2885, unset)         0.787     0.787    clk_i
                         FDCE                                         r  lane_popcnt_q_reg[3][2]/C
  -------------------------------------------------------------------    -------------------
                         FDCE (Prop_fdce_C_Q)         0.433     1.220 r  lane_popcnt_q_reg[3][2]/Q
                         net (fo=2, unplaced)         0.610     1.830    lane_popcnt_q_reg[3][2]
                         LUT3 (Prop_lut3_I0_O)        0.232     2.062 r  hmatch_best_dist_q[3]_i_15/O
                         net (fo=3, unplaced)         0.365     2.427    hmatch_best_dist_q[3]_i_15_n_0
                         LUT5 (Prop_lut5_I3_O)        0.105     2.532 r  hmatch_best_dist_q[3]_i_9/O
                         net (fo=1, unplaced)         0.368     2.900    hmatch_best_dist_q[3]_i_9_n_0
                         CARRY4 (Prop_carry4_DI[2]_O[3])
                                                      0.384     3.284 r  hmatch_best_dist_q_reg[3]_i_7/O[3]
                         net (fo=2, unplaced)         0.530     3.814    hmatch_best_dist_q_reg[3]_i_7_n_4
                         LUT2 (Prop_lut2_I1_O)        0.250     4.064 r  hmatch_best_dist_q[3]_i_3/O
                         net (fo=1, unplaced)         0.000     4.064    hmatch_best_dist_q[3]_i_3_n_0
                         CARRY4 (Prop_carry4_S[3]_O[3])
                                                      0.211     4.275 r  hmatch_best_dist_q_reg[3]_i_2/O[3]
                         net (fo=3, unplaced)         0.537     4.812    hmatch_best_dist_q_reg[3]_i_2_n_4
                         LUT5 (Prop_lut5_I4_O)        0.250     5.062 r  hsim_total_q[3]_i_1/O
                         net (fo=1, unplaced)         0.000     5.062    hsim_total_q[3]_i_1_n_0
                         FDCE                                         r  hsim_total_q_reg[3]/D
  -------------------------------------------------------------------    -------------------

                         (clock clk_i rise edge)      6.667     6.667 r  
                                                      0.000     6.667 r  clk_i (IN)
                         net (fo=2885, unset)         0.748     7.415    clk_i
                         FDCE                                         r  hsim_total_q_reg[3]/C
                         clock pessimism              0.000     7.415    
                         clock uncertainty           -0.035     7.379    
                         FDCE (Setup_fdce_C_D)        0.072     7.451    hsim_total_q_reg[3]
  -------------------------------------------------------------------
                         required time                          7.451    
                         arrival time                          -5.062    
  -------------------------------------------------------------------
                         slack                                  2.389    

Slack (MET) :             2.940ns  (required time - arrival time)
  Source:                 lane_popcnt_q_reg[1][1]/C
                            (rising edge-triggered cell FDCE clocked by clk_i  {rise@0.000ns fall@3.333ns period=6.667ns})
  Destination:            hsim_total_q_reg[2]/D
                            (rising edge-triggered cell FDCE clocked by clk_i  {rise@0.000ns fall@3.333ns period=6.667ns})
  Path Group:             clk_i
  Path Type:              Setup (Max at Slow Process Corner)
  Requirement:            6.667ns  (clk_i rise@6.667ns - clk_i rise@0.000ns)
  Data Path Delay:        3.724ns  (logic 1.826ns (49.033%)  route 1.898ns (50.967%))
  Logic Levels:           5  (CARRY4=2 LUT2=1 LUT4=1 LUT5=1)
  Clock Path Skew:        -0.039ns (DCD - SCD + CPR)
    Destination Clock Delay (DCD):    0.748ns = ( 7.415 - 6.667 ) 
    Source Clock Delay      (SCD):    0.787ns
    Clock Pessimism Removal (CPR):    0.000ns
  Clock Uncertainty:      0.035ns  ((TSJ^2 + TIJ^2)^1/2 + DJ) / 2 + PE
    Total System Jitter     (TSJ):    0.071ns
    Total Input Jitter      (TIJ):    0.000ns
    Discrete Jitter          (DJ):    0.000ns
    Phase Error              (PE):    0.000ns

    Location             Delay type                Incr(ns)  Path(ns)    Netlist Resource(s)
  -------------------------------------------------------------------    -------------------
                         (clock clk_i rise edge)      0.000     0.000 r  
                                                      0.000     0.000 r  clk_i (IN)
                         net (fo=2885, unset)         0.787     0.787    clk_i
                         FDCE                                         r  lane_popcnt_q_reg[1][1]/C
  -------------------------------------------------------------------    -------------------
                         FDCE (Prop_fdce_C_Q)         0.433     1.220 r  lane_popcnt_q_reg[1][1]/Q
                         net (fo=4, unplaced)         0.623     1.843    lane_popcnt_q_reg[1][1]
                         LUT4 (Prop_lut4_I1_O)        0.232     2.075 r  hmatch_best_dist_q[3]_i_10/O
                         net (fo=2, unplaced)         0.548     2.623    hmatch_best_dist_q[3]_i_10_n_0
                         CARRY4 (Prop_carry4_DI[1]_O[2])
                                                      0.466     3.089 r  hmatch_best_dist_q_reg[3]_i_7/O[2]
                         net (fo=2, unplaced)         0.360     3.449    hmatch_best_dist_q_reg[3]_i_7_n_5
                         LUT2 (Prop_lut2_I1_O)        0.244     3.693 r  hmatch_best_dist_q[3]_i_4/O
                         net (fo=1, unplaced)         0.000     3.693    hmatch_best_dist_q[3]_i_4_n_0
                         CARRY4 (Prop_carry4_S[2]_O[2])
                                                      0.207     3.900 r  hmatch_best_dist_q_reg[3]_i_2/O[2]
                         net (fo=3, unplaced)         0.367     4.267    hmatch_best_dist_q_reg[3]_i_2_n_5
                         LUT5 (Prop_lut5_I4_O)        0.244     4.511 r  hsim_total_q[2]_i_1/O
                         net (fo=1, unplaced)         0.000     4.511    hsim_total_q[2]_i_1_n_0
                         FDCE                                         r  hsim_total_q_reg[2]/D
  -------------------------------------------------------------------    -------------------

                         (clock clk_i rise edge)      6.667     6.667 r  
                                                      0.000     6.667 r  clk_i (IN)
                         net (fo=2885, unset)         0.748     7.415    clk_i
                         FDCE                                         r  hsim_total_q_reg[2]/C
                         clock pessimism              0.000     7.415    
                         clock uncertainty           -0.035     7.379    
                         FDCE (Setup_fdce_C_D)        0.072     7.451    hsim_total_q_reg[2]
  -------------------------------------------------------------------
                         required time                          7.451    
                         arrival time                          -4.511    
  -------------------------------------------------------------------
                         slack                                  2.940    

Slack (MET) :             3.532ns  (required time - arrival time)
  Source:                 lane_popcnt_q_reg[1][1]/C
                            (rising edge-triggered cell FDCE clocked by clk_i  {rise@0.000ns fall@3.333ns period=6.667ns})
  Destination:            hsim_total_q_reg[1]/D
                            (rising edge-triggered cell FDCE clocked by clk_i  {rise@0.000ns fall@3.333ns period=6.667ns})
  Path Group:             clk_i
  Path Type:              Setup (Max at Slow Process Corner)
  Requirement:            6.667ns  (clk_i rise@6.667ns - clk_i rise@0.000ns)
  Data Path Delay:        3.132ns  (logic 1.642ns (52.427%)  route 1.490ns (47.573%))
  Logic Levels:           6  (CARRY4=2 LUT2=1 LUT4=2 LUT5=1)
  Clock Path Skew:        -0.039ns (DCD - SCD + CPR)
    Destination Clock Delay (DCD):    0.748ns = ( 7.415 - 6.667 ) 
    Source Clock Delay      (SCD):    0.787ns
    Clock Pessimism Removal (CPR):    0.000ns
  Clock Uncertainty:      0.035ns  ((TSJ^2 + TIJ^2)^1/2 + DJ) / 2 + PE
    Total System Jitter     (TSJ):    0.071ns
    Total Input Jitter      (TIJ):    0.000ns
    Discrete Jitter          (DJ):    0.000ns
    Phase Error              (PE):    0.000ns

    Location             Delay type                Incr(ns)  Path(ns)    Netlist Resource(s)
  -------------------------------------------------------------------    -------------------
                         (clock clk_i rise edge)      0.000     0.000 r  
                                                      0.000     0.000 r  clk_i (IN)
                         net (fo=2885, unset)         0.787     0.787    clk_i
                         FDCE                                         r  lane_popcnt_q_reg[1][1]/C
  -------------------------------------------------------------------    -------------------
                         FDCE (Prop_fdce_C_Q)         0.433     1.220 r  lane_popcnt_q_reg[1][1]/Q
                         net (fo=4, unplaced)         0.623     1.843    lane_popcnt_q_reg[1][1]
                         LUT4 (Prop_lut4_I1_O)        0.232     2.075 r  hmatch_best_dist_q[3]_i_10/O
                         net (fo=2, unplaced)         0.358     2.433    hmatch_best_dist_q[3]_i_10_n_0
                         LUT4 (Prop_lut4_I0_O)        0.105     2.538 r  hmatch_best_dist_q[3]_i_13/O
                         net (fo=1, unplaced)         0.000     2.538    hmatch_best_dist_q[3]_i_13_n_0
                         CARRY4 (Prop_carry4_S[1]_O[1])
                                                      0.191     2.729 r  hmatch_best_dist_q_reg[3]_i_7/O[1]
                         net (fo=2, unplaced)         0.251     2.980    hmatch_best_dist_q_reg[3]_i_7_n_6
                         LUT2 (Prop_lut2_I1_O)        0.245     3.225 r  hmatch_best_dist_q[3]_i_5/O
                         net (fo=1, unplaced)         0.000     3.225    hmatch_best_dist_q[3]_i_5_n_0
                         CARRY4 (Prop_carry4_S[1]_O[1])
                                                      0.191     3.416 r  hmatch_best_dist_q_reg[3]_i_2/O[1]
                         net (fo=3, unplaced)         0.258     3.674    hmatch_best_dist_q_reg[3]_i_2_n_6
                         LUT5 (Prop_lut5_I4_O)        0.245     3.919 r  hsim_total_q[1]_i_1/O
                         net (fo=1, unplaced)         0.000     3.919    hsim_total_q[1]_i_1_n_0
                         FDCE                                         r  hsim_total_q_reg[1]/D
  -------------------------------------------------------------------    -------------------

                         (clock clk_i rise edge)      6.667     6.667 r  
                                                      0.000     6.667 r  clk_i (IN)
                         net (fo=2885, unset)         0.748     7.415    clk_i
                         FDCE                                         r  hsim_total_q_reg[1]/C
                         clock pessimism              0.000     7.415    
                         clock uncertainty           -0.035     7.379    
                         FDCE (Setup_fdce_C_D)        0.072     7.451    hsim_total_q_reg[1]
  -------------------------------------------------------------------
                         required time                          7.451    
                         arrival time                          -3.919    
  -------------------------------------------------------------------
                         slack                                  3.532    

Slack (MET) :             3.984ns  (required time - arrival time)
  Source:                 lane_popcnt_q_reg[1][0]/C
                            (rising edge-triggered cell FDCE clocked by clk_i  {rise@0.000ns fall@3.333ns period=6.667ns})
  Destination:            hsim_total_q_reg[0]/D
                            (rising edge-triggered cell FDCE clocked by clk_i  {rise@0.000ns fall@3.333ns period=6.667ns})
  Path Group:             clk_i
  Path Type:              Setup (Max at Slow Process Corner)
  Requirement:            6.667ns  (clk_i rise@6.667ns - clk_i rise@0.000ns)
  Data Path Delay:        2.680ns  (logic 1.561ns (58.246%)  route 1.119ns (41.754%))
  Logic Levels:           5  (CARRY4=2 LUT2=1 LUT4=1 LUT5=1)
  Clock Path Skew:        -0.039ns (DCD - SCD + CPR)
    Destination Clock Delay (DCD):    0.748ns = ( 7.415 - 6.667 ) 
    Source Clock Delay      (SCD):    0.787ns
    Clock Pessimism Removal (CPR):    0.000ns
  Clock Uncertainty:      0.035ns  ((TSJ^2 + TIJ^2)^1/2 + DJ) / 2 + PE
    Total System Jitter     (TSJ):    0.071ns
    Total Input Jitter      (TIJ):    0.000ns
    Discrete Jitter          (DJ):    0.000ns
    Phase Error              (PE):    0.000ns

    Location             Delay type                Incr(ns)  Path(ns)    Netlist Resource(s)
  -------------------------------------------------------------------    -------------------
                         (clock clk_i rise edge)      0.000     0.000 r  
                                                      0.000     0.000 r  clk_i (IN)
                         net (fo=2885, unset)         0.787     0.787    clk_i
                         FDCE                                         r  lane_popcnt_q_reg[1][0]/C
  -------------------------------------------------------------------    -------------------
                         FDCE (Prop_fdce_C_Q)         0.433     1.220 r  lane_popcnt_q_reg[1][0]/Q
                         net (fo=2, unplaced)         0.610     1.830    lane_popcnt_q_reg[1][0]
                         LUT4 (Prop_lut4_I1_O)        0.232     2.062 r  hmatch_best_dist_q[3]_i_14/O
                         net (fo=1, unplaced)         0.000     2.062    hmatch_best_dist_q[3]_i_14_n_0
                         CARRY4 (Prop_carry4_S[0]_O[0])
                                                      0.210     2.272 r  hmatch_best_dist_q_reg[3]_i_7/O[0]
                         net (fo=2, unplaced)         0.251     2.523    hmatch_best_dist_q_reg[3]_i_7_n_7
                         LUT2 (Prop_lut2_I1_O)        0.238     2.761 r  hmatch_best_dist_q[3]_i_6/O
                         net (fo=1, unplaced)         0.000     2.761    hmatch_best_dist_q[3]_i_6_n_0
                         CARRY4 (Prop_carry4_S[0]_O[0])
                                                      0.210     2.971 r  hmatch_best_dist_q_reg[3]_i_2/O[0]
                         net (fo=3, unplaced)         0.258     3.229    hmatch_best_dist_q_reg[3]_i_2_n_7
                         LUT5 (Prop_lut5_I4_O)        0.238     3.467 r  hsim_total_q[0]_i_1/O
                         net (fo=1, unplaced)         0.000     3.467    hsim_total_q[0]_i_1_n_0
                         FDCE                                         r  hsim_total_q_reg[0]/D
  -------------------------------------------------------------------    -------------------

                         (clock clk_i rise edge)      6.667     6.667 r  
                                                      0.000     6.667 r  clk_i (IN)
                         net (fo=2885, unset)         0.748     7.415    clk_i
                         FDCE                                         r  hsim_total_q_reg[0]/C
                         clock pessimism              0.000     7.415    
                         clock uncertainty           -0.035     7.379    
                         FDCE (Setup_fdce_C_D)        0.072     7.451    hsim_total_q_reg[0]
  -------------------------------------------------------------------
                         required time                          7.451    
                         arrival time                          -3.467    
  -------------------------------------------------------------------
                         slack                                  3.984    




