Copyright 1986-2022 Xilinx, Inc. All Rights Reserved. Copyright 2022-2024 Advanced Micro Devices, Inc. All Rights Reserved.
-----------------------------------------------------------------------------------------------------------------------------------------------------------------------------------------------------------------------------------------------------------------------------------------------------------------------------------------------------------------
| Tool Version : Vivado v.2024.2 (win64) Build 5239630 Fri Nov 08 22:35:27 MST 2024
| Date         : Sun Jun  7 11:55:34 2026
| Host         : WIN-20240824NZS running 64-bit major release  (build 9200)
| Command      : report_timing -delay_type max -sort_by slack -max_paths 50 -nworst 1 -from [get_pins -quiet -of_objects {i_vrf/lane_result_q[3][8]_i_7/I2} -filter {DIRECTION == OUT}] -to {i_vrf/lane_result_q[3][8]_i_7/I2} -file E:/HDEC/cva6-vhdc-core/reports/vivado/ooc_hdec_hmatch_countdown_v1_ff838841/150mhz/fixed_paths/fixed_12_budget_feedback.rpt
| Design       : hdec_top
| Device       : 7z020-clg400
| Speed File   : -2  PRODUCTION 1.12 2019-11-22
| Design State : Synthesized
-----------------------------------------------------------------------------------------------------------------------------------------------------------------------------------------------------------------------------------------------------------------------------------------------------------------------------------------------------------------

Timing Report

Slack (MET) :             2.456ns  (required time - arrival time)
  Source:                 hmatch_budget_q_reg[1]/C
                            (rising edge-triggered cell FDCE clocked by clk_i  {rise@0.000ns fall@3.333ns period=6.667ns})
  Destination:            hmatch_budget_q_reg[0]/D
                            (rising edge-triggered cell FDCE clocked by clk_i  {rise@0.000ns fall@3.333ns period=6.667ns})
  Path Group:             clk_i
  Path Type:              Setup (Max at Slow Process Corner)
  Requirement:            6.667ns  (clk_i rise@6.667ns - clk_i rise@0.000ns)
  Data Path Delay:        4.208ns  (logic 1.882ns (44.724%)  route 2.326ns (55.276%))
  Logic Levels:           7  (CARRY4=2 LUT2=1 LUT4=1 LUT5=1 LUT6=2)
  Clock Path Skew:        -0.039ns (DCD - SCD + CPR)
    Destination Clock Delay (DCD):    0.748ns = ( 7.415 - 6.667 ) 
    Source Clock Delay      (SCD):    0.787ns
    Clock Pessimism Removal (CPR):    0.000ns
  Clock Uncertainty:      0.035ns  ((TSJ^2 + TIJ^2)^1/2 + DJ) / 2 + PE
    Total System Jitter     (TSJ):    0.071ns
    Total Input Jitter      (TIJ):    0.000ns
    Discrete Jitter          (DJ):    0.000ns
    Phase Error              (PE):    0.000ns

    Location             Delay type                Incr(ns)  Path(ns)    Netlist Resource(s)
  -------------------------------------------------------------------    -------------------
                         (clock clk_i rise edge)      0.000     0.000 r  
                                                      0.000     0.000 r  clk_i (IN)
                         net (fo=2885, unset)         0.787     0.787    clk_i
                         FDCE                                         r  hmatch_budget_q_reg[1]/C
  -------------------------------------------------------------------    -------------------
                         FDCE (Prop_fdce_C_Q)         0.433     1.220 r  hmatch_budget_q_reg[1]/Q
                         net (fo=2, unplaced)         0.373     1.593    hmatch_budget_q[1]
                         LUT2 (Prop_lut2_I0_O)        0.232     1.825 r  hmatch_budget_q[3]_i_5/O
                         net (fo=1, unplaced)         0.000     1.825    hmatch_budget_q[3]_i_5_n_0
                         CARRY4 (Prop_carry4_S[1]_CO[3])
                                                      0.444     2.269 r  hmatch_budget_q_reg[3]_i_2/CO[3]
                         net (fo=1, unplaced)         0.008     2.277    hmatch_budget_q_reg[3]_i_2_n_0
                         CARRY4 (Prop_carry4_CI_O[2])
                                                      0.214     2.491 r  hmatch_budget_q_reg[7]_i_2/O[2]
                         net (fo=2, unplaced)         0.595     3.086    update_best2[6]
                         LUT4 (Prop_lut4_I0_O)        0.244     3.330 f  hmatch_best_idx_q[7]_i_5/O
                         net (fo=1, unplaced)         0.582     3.912    hmatch_best_idx_q[7]_i_5_n_0
                         LUT6 (Prop_lut6_I4_O)        0.105     4.017 f  hmatch_best_idx_q[7]_i_3/O
                         net (fo=4, unplaced)         0.371     4.388    hmatch_best_idx_q[7]_i_3_n_0
                         LUT5 (Prop_lut5_I0_O)        0.105     4.493 r  hmatch_best_dist_q[10]_i_5/O
                         net (fo=13, unplaced)        0.397     4.890    hmatch_best_dist_q[10]_i_5_n_0
                         LUT6 (Prop_lut6_I3_O)        0.105     4.995 r  hmatch_budget_q[0]_i_1/O
                         net (fo=1, unplaced)         0.000     4.995    hmatch_budget_q[0]_i_1_n_0
                         FDCE                                         r  hmatch_budget_q_reg[0]/D
  -------------------------------------------------------------------    -------------------

                         (clock clk_i rise edge)      6.667     6.667 r  
                                                      0.000     6.667 r  clk_i (IN)
                         net (fo=2885, unset)         0.748     7.415    clk_i
                         FDCE                                         r  hmatch_budget_q_reg[0]/C
                         clock pessimism              0.000     7.415    
                         clock uncertainty           -0.035     7.379    
                         FDCE (Setup_fdce_C_D)        0.072     7.451    hmatch_budget_q_reg[0]
  -------------------------------------------------------------------
                         required time                          7.451    
                         arrival time                          -4.995    
  -------------------------------------------------------------------
                         slack                                  2.456    

Slack (MET) :             2.456ns  (required time - arrival time)
  Source:                 hmatch_budget_q_reg[1]/C
                            (rising edge-triggered cell FDCE clocked by clk_i  {rise@0.000ns fall@3.333ns period=6.667ns})
  Destination:            hmatch_budget_q_reg[10]/D
                            (rising edge-triggered cell FDCE clocked by clk_i  {rise@0.000ns fall@3.333ns period=6.667ns})
  Path Group:             clk_i
  Path Type:              Setup (Max at Slow Process Corner)
  Requirement:            6.667ns  (clk_i rise@6.667ns - clk_i rise@0.000ns)
  Data Path Delay:        4.208ns  (logic 1.882ns (44.724%)  route 2.326ns (55.276%))
  Logic Levels:           7  (CARRY4=2 LUT2=1 LUT4=1 LUT5=1 LUT6=2)
  Clock Path Skew:        -0.039ns (DCD - SCD + CPR)
    Destination Clock Delay (DCD):    0.748ns = ( 7.415 - 6.667 ) 
    Source Clock Delay      (SCD):    0.787ns
    Clock Pessimism Removal (CPR):    0.000ns
  Clock Uncertainty:      0.035ns  ((TSJ^2 + TIJ^2)^1/2 + DJ) / 2 + PE
    Total System Jitter     (TSJ):    0.071ns
    Total Input Jitter      (TIJ):    0.000ns
    Discrete Jitter          (DJ):    0.000ns
    Phase Error              (PE):    0.000ns

    Location             Delay type                Incr(ns)  Path(ns)    Netlist Resource(s)
  -------------------------------------------------------------------    -------------------
                         (clock clk_i rise edge)      0.000     0.000 r  
                                                      0.000     0.000 r  clk_i (IN)
                         net (fo=2885, unset)         0.787     0.787    clk_i
                         FDCE                                         r  hmatch_budget_q_reg[1]/C
  -------------------------------------------------------------------    -------------------
                         FDCE (Prop_fdce_C_Q)         0.433     1.220 r  hmatch_budget_q_reg[1]/Q
                         net (fo=2, unplaced)         0.373     1.593    hmatch_budget_q[1]
                         LUT2 (Prop_lut2_I0_O)        0.232     1.825 r  hmatch_budget_q[3]_i_5/O
                         net (fo=1, unplaced)         0.000     1.825    hmatch_budget_q[3]_i_5_n_0
                         CARRY4 (Prop_carry4_S[1]_CO[3])
                                                      0.444     2.269 r  hmatch_budget_q_reg[3]_i_2/CO[3]
                         net (fo=1, unplaced)         0.008     2.277    hmatch_budget_q_reg[3]_i_2_n_0
                         CARRY4 (Prop_carry4_CI_O[2])
                                                      0.214     2.491 r  hmatch_budget_q_reg[7]_i_2/O[2]
                         net (fo=2, unplaced)         0.595     3.086    update_best2[6]
                         LUT4 (Prop_lut4_I0_O)        0.244     3.330 f  hmatch_best_idx_q[7]_i_5/O
                         net (fo=1, unplaced)         0.582     3.912    hmatch_best_idx_q[7]_i_5_n_0
                         LUT6 (Prop_lut6_I4_O)        0.105     4.017 f  hmatch_best_idx_q[7]_i_3/O
                         net (fo=4, unplaced)         0.371     4.388    hmatch_best_idx_q[7]_i_3_n_0
                         LUT5 (Prop_lut5_I0_O)        0.105     4.493 r  hmatch_best_dist_q[10]_i_5/O
                         net (fo=13, unplaced)        0.397     4.890    hmatch_best_dist_q[10]_i_5_n_0
                         LUT6 (Prop_lut6_I3_O)        0.105     4.995 r  hmatch_budget_q[10]_i_2/O
                         net (fo=1, unplaced)         0.000     4.995    hmatch_budget_q[10]_i_2_n_0
                         FDCE                                         r  hmatch_budget_q_reg[10]/D
  -------------------------------------------------------------------    -------------------

                         (clock clk_i rise edge)      6.667     6.667 r  
                                                      0.000     6.667 r  clk_i (IN)
                         net (fo=2885, unset)         0.748     7.415    clk_i
                         FDCE                                         r  hmatch_budget_q_reg[10]/C
                         clock pessimism              0.000     7.415    
                         clock uncertainty           -0.035     7.379    
                         FDCE (Setup_fdce_C_D)        0.072     7.451    hmatch_budget_q_reg[10]
  -------------------------------------------------------------------
                         required time                          7.451    
                         arrival time                          -4.995    
  -------------------------------------------------------------------
                         slack                                  2.456    

Slack (MET) :             2.465ns  (required time - arrival time)
  Source:                 hmatch_budget_q_reg[1]/C
                            (rising edge-triggered cell FDCE clocked by clk_i  {rise@0.000ns fall@3.333ns period=6.667ns})
  Destination:            hmatch_budget_q_reg[1]/D
                            (rising edge-triggered cell FDCE clocked by clk_i  {rise@0.000ns fall@3.333ns period=6.667ns})
  Path Group:             clk_i
  Path Type:              Setup (Max at Slow Process Corner)
  Requirement:            6.667ns  (clk_i rise@6.667ns - clk_i rise@0.000ns)
  Data Path Delay:        4.199ns  (logic 1.882ns (44.820%)  route 2.317ns (55.180%))
  Logic Levels:           7  (CARRY4=2 LUT2=1 LUT4=2 LUT6=2)
  Clock Path Skew:        -0.039ns (DCD - SCD + CPR)
    Destination Clock Delay (DCD):    0.748ns = ( 7.415 - 6.667 ) 
    Source Clock Delay      (SCD):    0.787ns
    Clock Pessimism Removal (CPR):    0.000ns
  Clock Uncertainty:      0.035ns  ((TSJ^2 + TIJ^2)^1/2 + DJ) / 2 + PE
    Total System Jitter     (TSJ):    0.071ns
    Total Input Jitter      (TIJ):    0.000ns
    Discrete Jitter          (DJ):    0.000ns
    Phase Error              (PE):    0.000ns

    Location             Delay type                Incr(ns)  Path(ns)    Netlist Resource(s)
  -------------------------------------------------------------------    -------------------
                         (clock clk_i rise edge)      0.000     0.000 r  
                                                      0.000     0.000 r  clk_i (IN)
                         net (fo=2885, unset)         0.787     0.787    clk_i
                         FDCE                                         r  hmatch_budget_q_reg[1]/C
  -------------------------------------------------------------------    -------------------
                         FDCE (Prop_fdce_C_Q)         0.433     1.220 r  hmatch_budget_q_reg[1]/Q
                         net (fo=2, unplaced)         0.373     1.593    hmatch_budget_q[1]
                         LUT2 (Prop_lut2_I0_O)        0.232     1.825 r  hmatch_budget_q[3]_i_5/O
                         net (fo=1, unplaced)         0.000     1.825    hmatch_budget_q[3]_i_5_n_0
                         CARRY4 (Prop_carry4_S[1]_CO[3])
                                                      0.444     2.269 r  hmatch_budget_q_reg[3]_i_2/CO[3]
                         net (fo=1, unplaced)         0.008     2.277    hmatch_budget_q_reg[3]_i_2_n_0
                         CARRY4 (Prop_carry4_CI_O[2])
                                                      0.214     2.491 r  hmatch_budget_q_reg[7]_i_2/O[2]
                         net (fo=2, unplaced)         0.595     3.086    update_best2[6]
                         LUT4 (Prop_lut4_I0_O)        0.244     3.330 f  hmatch_best_idx_q[7]_i_5/O
                         net (fo=1, unplaced)         0.582     3.912    hmatch_best_idx_q[7]_i_5_n_0
                         LUT6 (Prop_lut6_I4_O)        0.105     4.017 f  hmatch_best_idx_q[7]_i_3/O
                         net (fo=4, unplaced)         0.371     4.388    hmatch_best_idx_q[7]_i_3_n_0
                         LUT4 (Prop_lut4_I3_O)        0.105     4.493 r  hmatch_budget_q[9]_i_3/O
                         net (fo=9, unplaced)         0.388     4.881    hmatch_budget_q[9]_i_3_n_0
                         LUT6 (Prop_lut6_I4_O)        0.105     4.986 r  hmatch_budget_q[1]_i_1/O
                         net (fo=1, unplaced)         0.000     4.986    hmatch_budget_q[1]_i_1_n_0
                         FDCE                                         r  hmatch_budget_q_reg[1]/D
  -------------------------------------------------------------------    -------------------

                         (clock clk_i rise edge)      6.667     6.667 r  
                                                      0.000     6.667 r  clk_i (IN)
                         net (fo=2885, unset)         0.748     7.415    clk_i
                         FDCE                                         r  hmatch_budget_q_reg[1]/C
                         clock pessimism              0.000     7.415    
                         clock uncertainty           -0.035     7.379    
                         FDCE (Setup_fdce_C_D)        0.072     7.451    hmatch_budget_q_reg[1]
  -------------------------------------------------------------------
                         required time                          7.451    
                         arrival time                          -4.986    
  -------------------------------------------------------------------
                         slack                                  2.465    

Slack (MET) :             2.465ns  (required time - arrival time)
  Source:                 hmatch_budget_q_reg[1]/C
                            (rising edge-triggered cell FDCE clocked by clk_i  {rise@0.000ns fall@3.333ns period=6.667ns})
  Destination:            hmatch_budget_q_reg[2]/D
                            (rising edge-triggered cell FDCE clocked by clk_i  {rise@0.000ns fall@3.333ns period=6.667ns})
  Path Group:             clk_i
  Path Type:              Setup (Max at Slow Process Corner)
  Requirement:            6.667ns  (clk_i rise@6.667ns - clk_i rise@0.000ns)
  Data Path Delay:        4.199ns  (logic 1.882ns (44.820%)  route 2.317ns (55.180%))
  Logic Levels:           7  (CARRY4=2 LUT2=1 LUT4=2 LUT6=2)
  Clock Path Skew:        -0.039ns (DCD - SCD + CPR)
    Destination Clock Delay (DCD):    0.748ns = ( 7.415 - 6.667 ) 
    Source Clock Delay      (SCD):    0.787ns
    Clock Pessimism Removal (CPR):    0.000ns
  Clock Uncertainty:      0.035ns  ((TSJ^2 + TIJ^2)^1/2 + DJ) / 2 + PE
    Total System Jitter     (TSJ):    0.071ns
    Total Input Jitter      (TIJ):    0.000ns
    Discrete Jitter          (DJ):    0.000ns
    Phase Error              (PE):    0.000ns

    Location             Delay type                Incr(ns)  Path(ns)    Netlist Resource(s)
  -------------------------------------------------------------------    -------------------
                         (clock clk_i rise edge)      0.000     0.000 r  
                                                      0.000     0.000 r  clk_i (IN)
                         net (fo=2885, unset)         0.787     0.787    clk_i
                         FDCE                                         r  hmatch_budget_q_reg[1]/C
  -------------------------------------------------------------------    -------------------
                         FDCE (Prop_fdce_C_Q)         0.433     1.220 r  hmatch_budget_q_reg[1]/Q
                         net (fo=2, unplaced)         0.373     1.593    hmatch_budget_q[1]
                         LUT2 (Prop_lut2_I0_O)        0.232     1.825 r  hmatch_budget_q[3]_i_5/O
                         net (fo=1, unplaced)         0.000     1.825    hmatch_budget_q[3]_i_5_n_0
                         CARRY4 (Prop_carry4_S[1]_CO[3])
                                                      0.444     2.269 r  hmatch_budget_q_reg[3]_i_2/CO[3]
                         net (fo=1, unplaced)         0.008     2.277    hmatch_budget_q_reg[3]_i_2_n_0
                         CARRY4 (Prop_carry4_CI_O[2])
                                                      0.214     2.491 r  hmatch_budget_q_reg[7]_i_2/O[2]
                         net (fo=2, unplaced)         0.595     3.086    update_best2[6]
                         LUT4 (Prop_lut4_I0_O)        0.244     3.330 f  hmatch_best_idx_q[7]_i_5/O
                         net (fo=1, unplaced)         0.582     3.912    hmatch_best_idx_q[7]_i_5_n_0
                         LUT6 (Prop_lut6_I4_O)        0.105     4.017 f  hmatch_best_idx_q[7]_i_3/O
                         net (fo=4, unplaced)         0.371     4.388    hmatch_best_idx_q[7]_i_3_n_0
                         LUT4 (Prop_lut4_I3_O)        0.105     4.493 r  hmatch_budget_q[9]_i_3/O
                         net (fo=9, unplaced)         0.388     4.881    hmatch_budget_q[9]_i_3_n_0
                         LUT6 (Prop_lut6_I4_O)        0.105     4.986 r  hmatch_budget_q[2]_i_1/O
                         net (fo=1, unplaced)         0.000     4.986    hmatch_budget_q[2]_i_1_n_0
                         FDCE                                         r  hmatch_budget_q_reg[2]/D
  -------------------------------------------------------------------    -------------------

                         (clock clk_i rise edge)      6.667     6.667 r  
                                                      0.000     6.667 r  clk_i (IN)
                         net (fo=2885, unset)         0.748     7.415    clk_i
                         FDCE                                         r  hmatch_budget_q_reg[2]/C
                         clock pessimism              0.000     7.415    
                         clock uncertainty           -0.035     7.379    
                         FDCE (Setup_fdce_C_D)        0.072     7.451    hmatch_budget_q_reg[2]
  -------------------------------------------------------------------
                         required time                          7.451    
                         arrival time                          -4.986    
  -------------------------------------------------------------------
                         slack                                  2.465    

Slack (MET) :             2.465ns  (required time - arrival time)
  Source:                 hmatch_budget_q_reg[1]/C
                            (rising edge-triggered cell FDCE clocked by clk_i  {rise@0.000ns fall@3.333ns period=6.667ns})
  Destination:            hmatch_budget_q_reg[3]/D
                            (rising edge-triggered cell FDCE clocked by clk_i  {rise@0.000ns fall@3.333ns period=6.667ns})
  Path Group:             clk_i
  Path Type:              Setup (Max at Slow Process Corner)
  Requirement:            6.667ns  (clk_i rise@6.667ns - clk_i rise@0.000ns)
  Data Path Delay:        4.199ns  (logic 1.882ns (44.820%)  route 2.317ns (55.180%))
  Logic Levels:           7  (CARRY4=2 LUT2=1 LUT4=2 LUT6=2)
  Clock Path Skew:        -0.039ns (DCD - SCD + CPR)
    Destination Clock Delay (DCD):    0.748ns = ( 7.415 - 6.667 ) 
    Source Clock Delay      (SCD):    0.787ns
    Clock Pessimism Removal (CPR):    0.000ns
  Clock Uncertainty:      0.035ns  ((TSJ^2 + TIJ^2)^1/2 + DJ) / 2 + PE
    Total System Jitter     (TSJ):    0.071ns
    Total Input Jitter      (TIJ):    0.000ns
    Discrete Jitter          (DJ):    0.000ns
    Phase Error              (PE):    0.000ns

    Location             Delay type                Incr(ns)  Path(ns)    Netlist Resource(s)
  -------------------------------------------------------------------    -------------------
                         (clock clk_i rise edge)      0.000     0.000 r  
                                                      0.000     0.000 r  clk_i (IN)
                         net (fo=2885, unset)         0.787     0.787    clk_i
                         FDCE                                         r  hmatch_budget_q_reg[1]/C
  -------------------------------------------------------------------    -------------------
                         FDCE (Prop_fdce_C_Q)         0.433     1.220 r  hmatch_budget_q_reg[1]/Q
                         net (fo=2, unplaced)         0.373     1.593    hmatch_budget_q[1]
                         LUT2 (Prop_lut2_I0_O)        0.232     1.825 r  hmatch_budget_q[3]_i_5/O
                         net (fo=1, unplaced)         0.000     1.825    hmatch_budget_q[3]_i_5_n_0
                         CARRY4 (Prop_carry4_S[1]_CO[3])
                                                      0.444     2.269 r  hmatch_budget_q_reg[3]_i_2/CO[3]
                         net (fo=1, unplaced)         0.008     2.277    hmatch_budget_q_reg[3]_i_2_n_0
                         CARRY4 (Prop_carry4_CI_O[2])
                                                      0.214     2.491 r  hmatch_budget_q_reg[7]_i_2/O[2]
                         net (fo=2, unplaced)         0.595     3.086    update_best2[6]
                         LUT4 (Prop_lut4_I0_O)        0.244     3.330 f  hmatch_best_idx_q[7]_i_5/O
                         net (fo=1, unplaced)         0.582     3.912    hmatch_best_idx_q[7]_i_5_n_0
                         LUT6 (Prop_lut6_I4_O)        0.105     4.017 f  hmatch_best_idx_q[7]_i_3/O
                         net (fo=4, unplaced)         0.371     4.388    hmatch_best_idx_q[7]_i_3_n_0
                         LUT4 (Prop_lut4_I3_O)        0.105     4.493 r  hmatch_budget_q[9]_i_3/O
                         net (fo=9, unplaced)         0.388     4.881    hmatch_budget_q[9]_i_3_n_0
                         LUT6 (Prop_lut6_I4_O)        0.105     4.986 r  hmatch_budget_q[3]_i_1/O
                         net (fo=1, unplaced)         0.000     4.986    hmatch_budget_q[3]_i_1_n_0
                         FDCE                                         r  hmatch_budget_q_reg[3]/D
  -------------------------------------------------------------------    -------------------

                         (clock clk_i rise edge)      6.667     6.667 r  
                                                      0.000     6.667 r  clk_i (IN)
                         net (fo=2885, unset)         0.748     7.415    clk_i
                         FDCE                                         r  hmatch_budget_q_reg[3]/C
                         clock pessimism              0.000     7.415    
                         clock uncertainty           -0.035     7.379    
                         FDCE (Setup_fdce_C_D)        0.072     7.451    hmatch_budget_q_reg[3]
  -------------------------------------------------------------------
                         required time                          7.451    
                         arrival time                          -4.986    
  -------------------------------------------------------------------
                         slack                                  2.465    

Slack (MET) :             2.465ns  (required time - arrival time)
  Source:                 hmatch_budget_q_reg[1]/C
                            (rising edge-triggered cell FDCE clocked by clk_i  {rise@0.000ns fall@3.333ns period=6.667ns})
  Destination:            hmatch_budget_q_reg[4]/D
                            (rising edge-triggered cell FDCE clocked by clk_i  {rise@0.000ns fall@3.333ns period=6.667ns})
  Path Group:             clk_i
  Path Type:              Setup (Max at Slow Process Corner)
  Requirement:            6.667ns  (clk_i rise@6.667ns - clk_i rise@0.000ns)
  Data Path Delay:        4.199ns  (logic 1.882ns (44.820%)  route 2.317ns (55.180%))
  Logic Levels:           7  (CARRY4=2 LUT2=1 LUT4=2 LUT6=2)
  Clock Path Skew:        -0.039ns (DCD - SCD + CPR)
    Destination Clock Delay (DCD):    0.748ns = ( 7.415 - 6.667 ) 
    Source Clock Delay      (SCD):    0.787ns
    Clock Pessimism Removal (CPR):    0.000ns
  Clock Uncertainty:      0.035ns  ((TSJ^2 + TIJ^2)^1/2 + DJ) / 2 + PE
    Total System Jitter     (TSJ):    0.071ns
    Total Input Jitter      (TIJ):    0.000ns
    Discrete Jitter          (DJ):    0.000ns
    Phase Error              (PE):    0.000ns

    Location             Delay type                Incr(ns)  Path(ns)    Netlist Resource(s)
  -------------------------------------------------------------------    -------------------
                         (clock clk_i rise edge)      0.000     0.000 r  
                                                      0.000     0.000 r  clk_i (IN)
                         net (fo=2885, unset)         0.787     0.787    clk_i
                         FDCE                                         r  hmatch_budget_q_reg[1]/C
  -------------------------------------------------------------------    -------------------
                         FDCE (Prop_fdce_C_Q)         0.433     1.220 r  hmatch_budget_q_reg[1]/Q
                         net (fo=2, unplaced)         0.373     1.593    hmatch_budget_q[1]
                         LUT2 (Prop_lut2_I0_O)        0.232     1.825 r  hmatch_budget_q[3]_i_5/O
                         net (fo=1, unplaced)         0.000     1.825    hmatch_budget_q[3]_i_5_n_0
                         CARRY4 (Prop_carry4_S[1]_CO[3])
                                                      0.444     2.269 r  hmatch_budget_q_reg[3]_i_2/CO[3]
                         net (fo=1, unplaced)         0.008     2.277    hmatch_budget_q_reg[3]_i_2_n_0
                         CARRY4 (Prop_carry4_CI_O[2])
                                                      0.214     2.491 r  hmatch_budget_q_reg[7]_i_2/O[2]
                         net (fo=2, unplaced)         0.595     3.086    update_best2[6]
                         LUT4 (Prop_lut4_I0_O)        0.244     3.330 f  hmatch_best_idx_q[7]_i_5/O
                         net (fo=1, unplaced)         0.582     3.912    hmatch_best_idx_q[7]_i_5_n_0
                         LUT6 (Prop_lut6_I4_O)        0.105     4.017 f  hmatch_best_idx_q[7]_i_3/O
                         net (fo=4, unplaced)         0.371     4.388    hmatch_best_idx_q[7]_i_3_n_0
                         LUT4 (Prop_lut4_I3_O)        0.105     4.493 r  hmatch_budget_q[9]_i_3/O
                         net (fo=9, unplaced)         0.388     4.881    hmatch_budget_q[9]_i_3_n_0
                         LUT6 (Prop_lut6_I4_O)        0.105     4.986 r  hmatch_budget_q[4]_i_1/O
                         net (fo=1, unplaced)         0.000     4.986    hmatch_budget_q[4]_i_1_n_0
                         FDCE                                         r  hmatch_budget_q_reg[4]/D
  -------------------------------------------------------------------    -------------------

                         (clock clk_i rise edge)      6.667     6.667 r  
                                                      0.000     6.667 r  clk_i (IN)
                         net (fo=2885, unset)         0.748     7.415    clk_i
                         FDCE                                         r  hmatch_budget_q_reg[4]/C
                         clock pessimism              0.000     7.415    
                         clock uncertainty           -0.035     7.379    
                         FDCE (Setup_fdce_C_D)        0.072     7.451    hmatch_budget_q_reg[4]
  -------------------------------------------------------------------
                         required time                          7.451    
                         arrival time                          -4.986    
  -------------------------------------------------------------------
                         slack                                  2.465    

Slack (MET) :             2.465ns  (required time - arrival time)
  Source:                 hmatch_budget_q_reg[1]/C
                            (rising edge-triggered cell FDCE clocked by clk_i  {rise@0.000ns fall@3.333ns period=6.667ns})
  Destination:            hmatch_budget_q_reg[5]/D
                            (rising edge-triggered cell FDCE clocked by clk_i  {rise@0.000ns fall@3.333ns period=6.667ns})
  Path Group:             clk_i
  Path Type:              Setup (Max at Slow Process Corner)
  Requirement:            6.667ns  (clk_i rise@6.667ns - clk_i rise@0.000ns)
  Data Path Delay:        4.199ns  (logic 1.882ns (44.820%)  route 2.317ns (55.180%))
  Logic Levels:           7  (CARRY4=2 LUT2=1 LUT4=2 LUT6=2)
  Clock Path Skew:        -0.039ns (DCD - SCD + CPR)
    Destination Clock Delay (DCD):    0.748ns = ( 7.415 - 6.667 ) 
    Source Clock Delay      (SCD):    0.787ns
    Clock Pessimism Removal (CPR):    0.000ns
  Clock Uncertainty:      0.035ns  ((TSJ^2 + TIJ^2)^1/2 + DJ) / 2 + PE
    Total System Jitter     (TSJ):    0.071ns
    Total Input Jitter      (TIJ):    0.000ns
    Discrete Jitter          (DJ):    0.000ns
    Phase Error              (PE):    0.000ns

    Location             Delay type                Incr(ns)  Path(ns)    Netlist Resource(s)
  -------------------------------------------------------------------    -------------------
                         (clock clk_i rise edge)      0.000     0.000 r  
                                                      0.000     0.000 r  clk_i (IN)
                         net (fo=2885, unset)         0.787     0.787    clk_i
                         FDCE                                         r  hmatch_budget_q_reg[1]/C
  -------------------------------------------------------------------    -------------------
                         FDCE (Prop_fdce_C_Q)         0.433     1.220 r  hmatch_budget_q_reg[1]/Q
                         net (fo=2, unplaced)         0.373     1.593    hmatch_budget_q[1]
                         LUT2 (Prop_lut2_I0_O)        0.232     1.825 r  hmatch_budget_q[3]_i_5/O
                         net (fo=1, unplaced)         0.000     1.825    hmatch_budget_q[3]_i_5_n_0
                         CARRY4 (Prop_carry4_S[1]_CO[3])
                                                      0.444     2.269 r  hmatch_budget_q_reg[3]_i_2/CO[3]
                         net (fo=1, unplaced)         0.008     2.277    hmatch_budget_q_reg[3]_i_2_n_0
                         CARRY4 (Prop_carry4_CI_O[2])
                                                      0.214     2.491 r  hmatch_budget_q_reg[7]_i_2/O[2]
                         net (fo=2, unplaced)         0.595     3.086    update_best2[6]
                         LUT4 (Prop_lut4_I0_O)        0.244     3.330 f  hmatch_best_idx_q[7]_i_5/O
                         net (fo=1, unplaced)         0.582     3.912    hmatch_best_idx_q[7]_i_5_n_0
                         LUT6 (Prop_lut6_I4_O)        0.105     4.017 f  hmatch_best_idx_q[7]_i_3/O
                         net (fo=4, unplaced)         0.371     4.388    hmatch_best_idx_q[7]_i_3_n_0
                         LUT4 (Prop_lut4_I3_O)        0.105     4.493 r  hmatch_budget_q[9]_i_3/O
                         net (fo=9, unplaced)         0.388     4.881    hmatch_budget_q[9]_i_3_n_0
                         LUT6 (Prop_lut6_I4_O)        0.105     4.986 r  hmatch_budget_q[5]_i_1/O
                         net (fo=1, unplaced)         0.000     4.986    hmatch_budget_q[5]_i_1_n_0
                         FDCE                                         r  hmatch_budget_q_reg[5]/D
  -------------------------------------------------------------------    -------------------

                         (clock clk_i rise edge)      6.667     6.667 r  
                                                      0.000     6.667 r  clk_i (IN)
                         net (fo=2885, unset)         0.748     7.415    clk_i
                         FDCE                                         r  hmatch_budget_q_reg[5]/C
                         clock pessimism              0.000     7.415    
                         clock uncertainty           -0.035     7.379    
                         FDCE (Setup_fdce_C_D)        0.072     7.451    hmatch_budget_q_reg[5]
  -------------------------------------------------------------------
                         required time                          7.451    
                         arrival time                          -4.986    
  -------------------------------------------------------------------
                         slack                                  2.465    

Slack (MET) :             2.465ns  (required time - arrival time)
  Source:                 hmatch_budget_q_reg[1]/C
                            (rising edge-triggered cell FDCE clocked by clk_i  {rise@0.000ns fall@3.333ns period=6.667ns})
  Destination:            hmatch_budget_q_reg[6]/D
                            (rising edge-triggered cell FDCE clocked by clk_i  {rise@0.000ns fall@3.333ns period=6.667ns})
  Path Group:             clk_i
  Path Type:              Setup (Max at Slow Process Corner)
  Requirement:            6.667ns  (clk_i rise@6.667ns - clk_i rise@0.000ns)
  Data Path Delay:        4.199ns  (logic 1.882ns (44.820%)  route 2.317ns (55.180%))
  Logic Levels:           7  (CARRY4=2 LUT2=1 LUT4=2 LUT6=2)
  Clock Path Skew:        -0.039ns (DCD - SCD + CPR)
    Destination Clock Delay (DCD):    0.748ns = ( 7.415 - 6.667 ) 
    Source Clock Delay      (SCD):    0.787ns
    Clock Pessimism Removal (CPR):    0.000ns
  Clock Uncertainty:      0.035ns  ((TSJ^2 + TIJ^2)^1/2 + DJ) / 2 + PE
    Total System Jitter     (TSJ):    0.071ns
    Total Input Jitter      (TIJ):    0.000ns
    Discrete Jitter          (DJ):    0.000ns
    Phase Error              (PE):    0.000ns

    Location             Delay type                Incr(ns)  Path(ns)    Netlist Resource(s)
  -------------------------------------------------------------------    -------------------
                         (clock clk_i rise edge)      0.000     0.000 r  
                                                      0.000     0.000 r  clk_i (IN)
                         net (fo=2885, unset)         0.787     0.787    clk_i
                         FDCE                                         r  hmatch_budget_q_reg[1]/C
  -------------------------------------------------------------------    -------------------
                         FDCE (Prop_fdce_C_Q)         0.433     1.220 r  hmatch_budget_q_reg[1]/Q
                         net (fo=2, unplaced)         0.373     1.593    hmatch_budget_q[1]
                         LUT2 (Prop_lut2_I0_O)        0.232     1.825 r  hmatch_budget_q[3]_i_5/O
                         net (fo=1, unplaced)         0.000     1.825    hmatch_budget_q[3]_i_5_n_0
                         CARRY4 (Prop_carry4_S[1]_CO[3])
                                                      0.444     2.269 r  hmatch_budget_q_reg[3]_i_2/CO[3]
                         net (fo=1, unplaced)         0.008     2.277    hmatch_budget_q_reg[3]_i_2_n_0
                         CARRY4 (Prop_carry4_CI_O[2])
                                                      0.214     2.491 r  hmatch_budget_q_reg[7]_i_2/O[2]
                         net (fo=2, unplaced)         0.595     3.086    update_best2[6]
                         LUT4 (Prop_lut4_I0_O)        0.244     3.330 f  hmatch_best_idx_q[7]_i_5/O
                         net (fo=1, unplaced)         0.582     3.912    hmatch_best_idx_q[7]_i_5_n_0
                         LUT6 (Prop_lut6_I4_O)        0.105     4.017 f  hmatch_best_idx_q[7]_i_3/O
                         net (fo=4, unplaced)         0.371     4.388    hmatch_best_idx_q[7]_i_3_n_0
                         LUT4 (Prop_lut4_I3_O)        0.105     4.493 r  hmatch_budget_q[9]_i_3/O
                         net (fo=9, unplaced)         0.388     4.881    hmatch_budget_q[9]_i_3_n_0
                         LUT6 (Prop_lut6_I4_O)        0.105     4.986 r  hmatch_budget_q[6]_i_1/O
                         net (fo=1, unplaced)         0.000     4.986    hmatch_budget_q[6]_i_1_n_0
                         FDCE                                         r  hmatch_budget_q_reg[6]/D
  -------------------------------------------------------------------    -------------------

                         (clock clk_i rise edge)      6.667     6.667 r  
                                                      0.000     6.667 r  clk_i (IN)
                         net (fo=2885, unset)         0.748     7.415    clk_i
                         FDCE                                         r  hmatch_budget_q_reg[6]/C
                         clock pessimism              0.000     7.415    
                         clock uncertainty           -0.035     7.379    
                         FDCE (Setup_fdce_C_D)        0.072     7.451    hmatch_budget_q_reg[6]
  -------------------------------------------------------------------
                         required time                          7.451    
                         arrival time                          -4.986    
  -------------------------------------------------------------------
                         slack                                  2.465    

Slack (MET) :             2.465ns  (required time - arrival time)
  Source:                 hmatch_budget_q_reg[1]/C
                            (rising edge-triggered cell FDCE clocked by clk_i  {rise@0.000ns fall@3.333ns period=6.667ns})
  Destination:            hmatch_budget_q_reg[7]/D
                            (rising edge-triggered cell FDCE clocked by clk_i  {rise@0.000ns fall@3.333ns period=6.667ns})
  Path Group:             clk_i
  Path Type:              Setup (Max at Slow Process Corner)
  Requirement:            6.667ns  (clk_i rise@6.667ns - clk_i rise@0.000ns)
  Data Path Delay:        4.199ns  (logic 1.882ns (44.820%)  route 2.317ns (55.180%))
  Logic Levels:           7  (CARRY4=2 LUT2=1 LUT4=2 LUT6=2)
  Clock Path Skew:        -0.039ns (DCD - SCD + CPR)
    Destination Clock Delay (DCD):    0.748ns = ( 7.415 - 6.667 ) 
    Source Clock Delay      (SCD):    0.787ns
    Clock Pessimism Removal (CPR):    0.000ns
  Clock Uncertainty:      0.035ns  ((TSJ^2 + TIJ^2)^1/2 + DJ) / 2 + PE
    Total System Jitter     (TSJ):    0.071ns
    Total Input Jitter      (TIJ):    0.000ns
    Discrete Jitter          (DJ):    0.000ns
    Phase Error              (PE):    0.000ns

    Location             Delay type                Incr(ns)  Path(ns)    Netlist Resource(s)
  -------------------------------------------------------------------    -------------------
                         (clock clk_i rise edge)      0.000     0.000 r  
                                                      0.000     0.000 r  clk_i (IN)
                         net (fo=2885, unset)         0.787     0.787    clk_i
                         FDCE                                         r  hmatch_budget_q_reg[1]/C
  -------------------------------------------------------------------    -------------------
                         FDCE (Prop_fdce_C_Q)         0.433     1.220 r  hmatch_budget_q_reg[1]/Q
                         net (fo=2, unplaced)         0.373     1.593    hmatch_budget_q[1]
                         LUT2 (Prop_lut2_I0_O)        0.232     1.825 r  hmatch_budget_q[3]_i_5/O
                         net (fo=1, unplaced)         0.000     1.825    hmatch_budget_q[3]_i_5_n_0
                         CARRY4 (Prop_carry4_S[1]_CO[3])
                                                      0.444     2.269 r  hmatch_budget_q_reg[3]_i_2/CO[3]
                         net (fo=1, unplaced)         0.008     2.277    hmatch_budget_q_reg[3]_i_2_n_0
                         CARRY4 (Prop_carry4_CI_O[2])
                                                      0.214     2.491 r  hmatch_budget_q_reg[7]_i_2/O[2]
                         net (fo=2, unplaced)         0.595     3.086    update_best2[6]
                         LUT4 (Prop_lut4_I0_O)        0.244     3.330 f  hmatch_best_idx_q[7]_i_5/O
                         net (fo=1, unplaced)         0.582     3.912    hmatch_best_idx_q[7]_i_5_n_0
                         LUT6 (Prop_lut6_I4_O)        0.105     4.017 f  hmatch_best_idx_q[7]_i_3/O
                         net (fo=4, unplaced)         0.371     4.388    hmatch_best_idx_q[7]_i_3_n_0
                         LUT4 (Prop_lut4_I3_O)        0.105     4.493 r  hmatch_budget_q[9]_i_3/O
                         net (fo=9, unplaced)         0.388     4.881    hmatch_budget_q[9]_i_3_n_0
                         LUT6 (Prop_lut6_I4_O)        0.105     4.986 r  hmatch_budget_q[7]_i_1/O
                         net (fo=1, unplaced)         0.000     4.986    hmatch_budget_q[7]_i_1_n_0
                         FDCE                                         r  hmatch_budget_q_reg[7]/D
  -------------------------------------------------------------------    -------------------

                         (clock clk_i rise edge)      6.667     6.667 r  
                                                      0.000     6.667 r  clk_i (IN)
                         net (fo=2885, unset)         0.748     7.415    clk_i
                         FDCE                                         r  hmatch_budget_q_reg[7]/C
                         clock pessimism              0.000     7.415    
                         clock uncertainty           -0.035     7.379    
                         FDCE (Setup_fdce_C_D)        0.072     7.451    hmatch_budget_q_reg[7]
  -------------------------------------------------------------------
                         required time                          7.451    
                         arrival time                          -4.986    
  -------------------------------------------------------------------
                         slack                                  2.465    

Slack (MET) :             2.465ns  (required time - arrival time)
  Source:                 hmatch_budget_q_reg[1]/C
                            (rising edge-triggered cell FDCE clocked by clk_i  {rise@0.000ns fall@3.333ns period=6.667ns})
  Destination:            hmatch_budget_q_reg[8]/D
                            (rising edge-triggered cell FDCE clocked by clk_i  {rise@0.000ns fall@3.333ns period=6.667ns})
  Path Group:             clk_i
  Path Type:              Setup (Max at Slow Process Corner)
  Requirement:            6.667ns  (clk_i rise@6.667ns - clk_i rise@0.000ns)
  Data Path Delay:        4.199ns  (logic 1.882ns (44.820%)  route 2.317ns (55.180%))
  Logic Levels:           7  (CARRY4=2 LUT2=1 LUT4=2 LUT6=2)
  Clock Path Skew:        -0.039ns (DCD - SCD + CPR)
    Destination Clock Delay (DCD):    0.748ns = ( 7.415 - 6.667 ) 
    Source Clock Delay      (SCD):    0.787ns
    Clock Pessimism Removal (CPR):    0.000ns
  Clock Uncertainty:      0.035ns  ((TSJ^2 + TIJ^2)^1/2 + DJ) / 2 + PE
    Total System Jitter     (TSJ):    0.071ns
    Total Input Jitter      (TIJ):    0.000ns
    Discrete Jitter          (DJ):    0.000ns
    Phase Error              (PE):    0.000ns

    Location             Delay type                Incr(ns)  Path(ns)    Netlist Resource(s)
  -------------------------------------------------------------------    -------------------
                         (clock clk_i rise edge)      0.000     0.000 r  
                                                      0.000     0.000 r  clk_i (IN)
                         net (fo=2885, unset)         0.787     0.787    clk_i
                         FDCE                                         r  hmatch_budget_q_reg[1]/C
  -------------------------------------------------------------------    -------------------
                         FDCE (Prop_fdce_C_Q)         0.433     1.220 r  hmatch_budget_q_reg[1]/Q
                         net (fo=2, unplaced)         0.373     1.593    hmatch_budget_q[1]
                         LUT2 (Prop_lut2_I0_O)        0.232     1.825 r  hmatch_budget_q[3]_i_5/O
                         net (fo=1, unplaced)         0.000     1.825    hmatch_budget_q[3]_i_5_n_0
                         CARRY4 (Prop_carry4_S[1]_CO[3])
                                                      0.444     2.269 r  hmatch_budget_q_reg[3]_i_2/CO[3]
                         net (fo=1, unplaced)         0.008     2.277    hmatch_budget_q_reg[3]_i_2_n_0
                         CARRY4 (Prop_carry4_CI_O[2])
                                                      0.214     2.491 r  hmatch_budget_q_reg[7]_i_2/O[2]
                         net (fo=2, unplaced)         0.595     3.086    update_best2[6]
                         LUT4 (Prop_lut4_I0_O)        0.244     3.330 f  hmatch_best_idx_q[7]_i_5/O
                         net (fo=1, unplaced)         0.582     3.912    hmatch_best_idx_q[7]_i_5_n_0
                         LUT6 (Prop_lut6_I4_O)        0.105     4.017 f  hmatch_best_idx_q[7]_i_3/O
                         net (fo=4, unplaced)         0.371     4.388    hmatch_best_idx_q[7]_i_3_n_0
                         LUT4 (Prop_lut4_I3_O)        0.105     4.493 r  hmatch_budget_q[9]_i_3/O
                         net (fo=9, unplaced)         0.388     4.881    hmatch_budget_q[9]_i_3_n_0
                         LUT6 (Prop_lut6_I4_O)        0.105     4.986 r  hmatch_budget_q[8]_i_1/O
                         net (fo=1, unplaced)         0.000     4.986    hmatch_budget_q[8]_i_1_n_0
                         FDCE                                         r  hmatch_budget_q_reg[8]/D
  -------------------------------------------------------------------    -------------------

                         (clock clk_i rise edge)      6.667     6.667 r  
                                                      0.000     6.667 r  clk_i (IN)
                         net (fo=2885, unset)         0.748     7.415    clk_i
                         FDCE                                         r  hmatch_budget_q_reg[8]/C
                         clock pessimism              0.000     7.415    
                         clock uncertainty           -0.035     7.379    
                         FDCE (Setup_fdce_C_D)        0.072     7.451    hmatch_budget_q_reg[8]
  -------------------------------------------------------------------
                         required time                          7.451    
                         arrival time                          -4.986    
  -------------------------------------------------------------------
                         slack                                  2.465    

Slack (MET) :             2.465ns  (required time - arrival time)
  Source:                 hmatch_budget_q_reg[1]/C
                            (rising edge-triggered cell FDCE clocked by clk_i  {rise@0.000ns fall@3.333ns period=6.667ns})
  Destination:            hmatch_budget_q_reg[9]/D
                            (rising edge-triggered cell FDCE clocked by clk_i  {rise@0.000ns fall@3.333ns period=6.667ns})
  Path Group:             clk_i
  Path Type:              Setup (Max at Slow Process Corner)
  Requirement:            6.667ns  (clk_i rise@6.667ns - clk_i rise@0.000ns)
  Data Path Delay:        4.199ns  (logic 1.882ns (44.820%)  route 2.317ns (55.180%))
  Logic Levels:           7  (CARRY4=2 LUT2=1 LUT4=2 LUT6=2)
  Clock Path Skew:        -0.039ns (DCD - SCD + CPR)
    Destination Clock Delay (DCD):    0.748ns = ( 7.415 - 6.667 ) 
    Source Clock Delay      (SCD):    0.787ns
    Clock Pessimism Removal (CPR):    0.000ns
  Clock Uncertainty:      0.035ns  ((TSJ^2 + TIJ^2)^1/2 + DJ) / 2 + PE
    Total System Jitter     (TSJ):    0.071ns
    Total Input Jitter      (TIJ):    0.000ns
    Discrete Jitter          (DJ):    0.000ns
    Phase Error              (PE):    0.000ns

    Location             Delay type                Incr(ns)  Path(ns)    Netlist Resource(s)
  -------------------------------------------------------------------    -------------------
                         (clock clk_i rise edge)      0.000     0.000 r  
                                                      0.000     0.000 r  clk_i (IN)
                         net (fo=2885, unset)         0.787     0.787    clk_i
                         FDCE                                         r  hmatch_budget_q_reg[1]/C
  -------------------------------------------------------------------    -------------------
                         FDCE (Prop_fdce_C_Q)         0.433     1.220 r  hmatch_budget_q_reg[1]/Q
                         net (fo=2, unplaced)         0.373     1.593    hmatch_budget_q[1]
                         LUT2 (Prop_lut2_I0_O)        0.232     1.825 r  hmatch_budget_q[3]_i_5/O
                         net (fo=1, unplaced)         0.000     1.825    hmatch_budget_q[3]_i_5_n_0
                         CARRY4 (Prop_carry4_S[1]_CO[3])
                                                      0.444     2.269 r  hmatch_budget_q_reg[3]_i_2/CO[3]
                         net (fo=1, unplaced)         0.008     2.277    hmatch_budget_q_reg[3]_i_2_n_0
                         CARRY4 (Prop_carry4_CI_O[2])
                                                      0.214     2.491 r  hmatch_budget_q_reg[7]_i_2/O[2]
                         net (fo=2, unplaced)         0.595     3.086    update_best2[6]
                         LUT4 (Prop_lut4_I0_O)        0.244     3.330 f  hmatch_best_idx_q[7]_i_5/O
                         net (fo=1, unplaced)         0.582     3.912    hmatch_best_idx_q[7]_i_5_n_0
                         LUT6 (Prop_lut6_I4_O)        0.105     4.017 f  hmatch_best_idx_q[7]_i_3/O
                         net (fo=4, unplaced)         0.371     4.388    hmatch_best_idx_q[7]_i_3_n_0
                         LUT4 (Prop_lut4_I3_O)        0.105     4.493 r  hmatch_budget_q[9]_i_3/O
                         net (fo=9, unplaced)         0.388     4.881    hmatch_budget_q[9]_i_3_n_0
                         LUT6 (Prop_lut6_I4_O)        0.105     4.986 r  hmatch_budget_q[9]_i_1/O
                         net (fo=1, unplaced)         0.000     4.986    hmatch_budget_q[9]_i_1_n_0
                         FDCE                                         r  hmatch_budget_q_reg[9]/D
  -------------------------------------------------------------------    -------------------

                         (clock clk_i rise edge)      6.667     6.667 r  
                                                      0.000     6.667 r  clk_i (IN)
                         net (fo=2885, unset)         0.748     7.415    clk_i
                         FDCE                                         r  hmatch_budget_q_reg[9]/C
                         clock pessimism              0.000     7.415    
                         clock uncertainty           -0.035     7.379    
                         FDCE (Setup_fdce_C_D)        0.072     7.451    hmatch_budget_q_reg[9]
  -------------------------------------------------------------------
                         required time                          7.451    
                         arrival time                          -4.986    
  -------------------------------------------------------------------
                         slack                                  2.465    

Slack (MET) :             4.017ns  (required time - arrival time)
  Source:                 hmatch_budget_q_reg[1]/C
                            (rising edge-triggered cell FDCE clocked by clk_i  {rise@0.000ns fall@3.333ns period=6.667ns})
  Destination:            hmatch_budget_q_reg[11]_inv/D
                            (rising edge-triggered cell FDPE clocked by clk_i  {rise@0.000ns fall@3.333ns period=6.667ns})
  Path Group:             clk_i
  Path Type:              Setup (Max at Slow Process Corner)
  Requirement:            6.667ns  (clk_i rise@6.667ns - clk_i rise@0.000ns)
  Data Path Delay:        2.647ns  (logic 1.736ns (65.584%)  route 0.911ns (34.416%))
  Logic Levels:           5  (CARRY4=3 LUT2=1 LUT5=1)
  Clock Path Skew:        -0.039ns (DCD - SCD + CPR)
    Destination Clock Delay (DCD):    0.748ns = ( 7.415 - 6.667 ) 
    Source Clock Delay      (SCD):    0.787ns
    Clock Pessimism Removal (CPR):    0.000ns
  Clock Uncertainty:      0.035ns  ((TSJ^2 + TIJ^2)^1/2 + DJ) / 2 + PE
    Total System Jitter     (TSJ):    0.071ns
    Total Input Jitter      (TIJ):    0.000ns
    Discrete Jitter          (DJ):    0.000ns
    Phase Error              (PE):    0.000ns

    Location             Delay type                Incr(ns)  Path(ns)    Netlist Resource(s)
  -------------------------------------------------------------------    -------------------
                         (clock clk_i rise edge)      0.000     0.000 r  
                                                      0.000     0.000 r  clk_i (IN)
                         net (fo=2885, unset)         0.787     0.787    clk_i
                         FDCE                                         r  hmatch_budget_q_reg[1]/C
  -------------------------------------------------------------------    -------------------
                         FDCE (Prop_fdce_C_Q)         0.433     1.220 r  hmatch_budget_q_reg[1]/Q
                         net (fo=2, unplaced)         0.373     1.593    hmatch_budget_q[1]
                         LUT2 (Prop_lut2_I0_O)        0.232     1.825 r  hmatch_budget_q[3]_i_5/O
                         net (fo=1, unplaced)         0.000     1.825    hmatch_budget_q[3]_i_5_n_0
                         CARRY4 (Prop_carry4_S[1]_CO[3])
                                                      0.444     2.269 r  hmatch_budget_q_reg[3]_i_2/CO[3]
                         net (fo=1, unplaced)         0.008     2.277    hmatch_budget_q_reg[3]_i_2_n_0
                         CARRY4 (Prop_carry4_CI_CO[3])
                                                      0.100     2.377 r  hmatch_budget_q_reg[7]_i_2/CO[3]
                         net (fo=1, unplaced)         0.000     2.377    hmatch_budget_q_reg[7]_i_2_n_0
                         CARRY4 (Prop_carry4_CI_O[3])
                                                      0.277     2.654 f  hmatch_budget_q_reg[9]_i_2/O[3]
                         net (fo=2, unplaced)         0.530     3.184    update_best2[11]
                         LUT5 (Prop_lut5_I4_O)        0.250     3.434 r  hmatch_budget_q[11]_inv_i_1/O
                         net (fo=1, unplaced)         0.000     3.434    hmatch_budget_q[11]_inv_i_1_n_0
                         FDPE                                         r  hmatch_budget_q_reg[11]_inv/D
  -------------------------------------------------------------------    -------------------

                         (clock clk_i rise edge)      6.667     6.667 r  
                                                      0.000     6.667 r  clk_i (IN)
                         net (fo=2885, unset)         0.748     7.415    clk_i
                         FDPE                                         r  hmatch_budget_q_reg[11]_inv/C
                         clock pessimism              0.000     7.415    
                         clock uncertainty           -0.035     7.379    
                         FDPE (Setup_fdpe_C_D)        0.072     7.451    hmatch_budget_q_reg[11]_inv
  -------------------------------------------------------------------
                         required time                          7.451    
                         arrival time                          -3.434    
  -------------------------------------------------------------------
                         slack                                  4.017    




