Copyright 1986-2022 Xilinx, Inc. All Rights Reserved. Copyright 2022-2024 Advanced Micro Devices, Inc. All Rights Reserved.
---------------------------------------------------------------------------------------------------------------------------------------------------------------------------------------------------------------------------------
| Tool Version : Vivado v.2024.2 (win64) Build 5239630 Fri Nov 08 22:35:27 MST 2024
| Date         : Wed Jun 17 11:44:37 2026
| Host         : WIN-20240824NZS running 64-bit major release  (build 9200)
| Command      : report_timing -delay_type max -max_paths 5 -sort_by slack -input_pins -nets -file E:/HDEC/cva6-vhdc-core/tmp/hdec_v15_pointmul_worktree/reports/hdec/v43_final_2026_06_17/ooc_v43_final/reports/timing_top5.rpt
| Design       : hdec_top
| Device       : 7z020-clg400
| Speed File   : -2  PRODUCTION 1.12 2019-11-22
| Design State : Synthesized
---------------------------------------------------------------------------------------------------------------------------------------------------------------------------------------------------------------------------------

Timing Report

Slack (MET) :             0.250ns  (required time - arrival time)
  Source:                 p2_lane_compute_q_reg/C
                            (rising edge-triggered cell FDCE clocked by clk_i  {rise@0.000ns fall@2.500ns period=5.000ns})
  Destination:            lane_result_q_reg[0][14]/D
                            (rising edge-triggered cell FDCE clocked by clk_i  {rise@0.000ns fall@2.500ns period=5.000ns})
  Path Group:             clk_i
  Path Type:              Setup (Max at Slow Process Corner)
  Requirement:            5.000ns  (clk_i rise@5.000ns - clk_i rise@0.000ns)
  Data Path Delay:        4.747ns  (logic 1.085ns (22.857%)  route 3.662ns (77.143%))
  Logic Levels:           5  (LUT5=1 LUT6=4)
  Clock Path Skew:        -0.039ns (DCD - SCD + CPR)
    Destination Clock Delay (DCD):    0.748ns = ( 5.748 - 5.000 ) 
    Source Clock Delay      (SCD):    0.787ns
    Clock Pessimism Removal (CPR):    0.000ns
  Clock Uncertainty:      0.035ns  ((TSJ^2 + TIJ^2)^1/2 + DJ) / 2 + PE
    Total System Jitter     (TSJ):    0.071ns
    Total Input Jitter      (TIJ):    0.000ns
    Discrete Jitter          (DJ):    0.000ns
    Phase Error              (PE):    0.000ns

    Location             Delay type                Incr(ns)  Path(ns)    Netlist Resource(s)
  -------------------------------------------------------------------    -------------------
                         (clock clk_i rise edge)      0.000     0.000 r  
                                                      0.000     0.000 r  clk_i (IN)
                         net (fo=2480, unset)         0.787     0.787    clk_i
                         FDCE                                         r  p2_lane_compute_q_reg/C
  -------------------------------------------------------------------    -------------------
                         FDCE (Prop_fdce_C_Q)         0.433     1.220 r  p2_lane_compute_q_reg/Q
                         net (fo=6, unplaced)         0.689     1.909    gen_lane[0].i_lane/i_shift_align/p2_lane_compute_q
                                                                      r  gen_lane[0].i_lane/i_shift_align/lane_result_q[0][63]_i_56/I0
                         LUT5 (Prop_lut5_I0_O)        0.232     2.141 r  gen_lane[0].i_lane/i_shift_align/lane_result_q[0][63]_i_56/O
                         net (fo=146, unplaced)       1.047     3.188    gen_lane[0].i_lane/i_shift_align/p2_lane_compute_q_reg
                                                                      r  gen_lane[0].i_lane/i_shift_align/lane_result_q[0][24]_i_5/I1
                         LUT6 (Prop_lut6_I1_O)        0.105     3.293 r  gen_lane[0].i_lane/i_shift_align/lane_result_q[0][24]_i_5/O
                         net (fo=4, unplaced)         0.962     4.255    gen_lane[0].i_lane/i_shift_align/lane_result_q[0][24]_i_5_n_0
                                                                      r  gen_lane[0].i_lane/i_shift_align/lane_result_q[0][16]_i_4/I1
                         LUT6 (Prop_lut6_I1_O)        0.105     4.360 r  gen_lane[0].i_lane/i_shift_align/lane_result_q[0][16]_i_4/O
                         net (fo=4, unplaced)         0.606     4.966    gen_lane[0].i_lane/i_shift_align/lane_result_q[0][16]_i_4_n_0
                                                                      r  gen_lane[0].i_lane/i_shift_align/lane_result_q[0][14]_i_2/I1
                         LUT6 (Prop_lut6_I1_O)        0.105     5.071 r  gen_lane[0].i_lane/i_shift_align/lane_result_q[0][14]_i_2/O
                         net (fo=2, unplaced)         0.358     5.429    i_vrf/lane_result_q_reg[0][13]
                                                                      r  i_vrf/lane_result_q[0][14]_i_1/I2
                         LUT6 (Prop_lut6_I2_O)        0.105     5.534 r  i_vrf/lane_result_q[0][14]_i_1/O
                         net (fo=1, unplaced)         0.000     5.534    i_vrf_n_49
                         FDCE                                         r  lane_result_q_reg[0][14]/D
  -------------------------------------------------------------------    -------------------

                         (clock clk_i rise edge)      5.000     5.000 r  
                                                      0.000     5.000 r  clk_i (IN)
                         net (fo=2480, unset)         0.748     5.748    clk_i
                         FDCE                                         r  lane_result_q_reg[0][14]/C
                         clock pessimism              0.000     5.748    
                         clock uncertainty           -0.035     5.712    
                         FDCE (Setup_fdce_C_D)        0.072     5.784    lane_result_q_reg[0][14]
  -------------------------------------------------------------------
                         required time                          5.784    
                         arrival time                          -5.534    
  -------------------------------------------------------------------
                         slack                                  0.250    

Slack (MET) :             0.250ns  (required time - arrival time)
  Source:                 p2_lane_compute_q_reg/C
                            (rising edge-triggered cell FDCE clocked by clk_i  {rise@0.000ns fall@2.500ns period=5.000ns})
  Destination:            lane_result_q_reg[0][15]/D
                            (rising edge-triggered cell FDCE clocked by clk_i  {rise@0.000ns fall@2.500ns period=5.000ns})
  Path Group:             clk_i
  Path Type:              Setup (Max at Slow Process Corner)
  Requirement:            5.000ns  (clk_i rise@5.000ns - clk_i rise@0.000ns)
  Data Path Delay:        4.747ns  (logic 1.085ns (22.857%)  route 3.662ns (77.143%))
  Logic Levels:           5  (LUT5=2 LUT6=3)
  Clock Path Skew:        -0.039ns (DCD - SCD + CPR)
    Destination Clock Delay (DCD):    0.748ns = ( 5.748 - 5.000 ) 
    Source Clock Delay      (SCD):    0.787ns
    Clock Pessimism Removal (CPR):    0.000ns
  Clock Uncertainty:      0.035ns  ((TSJ^2 + TIJ^2)^1/2 + DJ) / 2 + PE
    Total System Jitter     (TSJ):    0.071ns
    Total Input Jitter      (TIJ):    0.000ns
    Discrete Jitter          (DJ):    0.000ns
    Phase Error              (PE):    0.000ns

    Location             Delay type                Incr(ns)  Path(ns)    Netlist Resource(s)
  -------------------------------------------------------------------    -------------------
                         (clock clk_i rise edge)      0.000     0.000 r  
                                                      0.000     0.000 r  clk_i (IN)
                         net (fo=2480, unset)         0.787     0.787    clk_i
                         FDCE                                         r  p2_lane_compute_q_reg/C
  -------------------------------------------------------------------    -------------------
                         FDCE (Prop_fdce_C_Q)         0.433     1.220 r  p2_lane_compute_q_reg/Q
                         net (fo=6, unplaced)         0.689     1.909    gen_lane[3].i_lane/i_shift_align/p2_lane_compute_q
                                                                      r  gen_lane[3].i_lane/i_shift_align/lane_result_q[0][63]_i_14/I0
                         LUT5 (Prop_lut5_I0_O)        0.232     2.141 r  gen_lane[3].i_lane/i_shift_align/lane_result_q[0][63]_i_14/O
                         net (fo=148, unplaced)       1.047     3.188    gen_lane[0].i_lane/i_shift_align/lane_result_q[0][5]_i_4_0
                                                                      r  gen_lane[0].i_lane/i_shift_align/lane_result_q[0][25]_i_5/I1
                         LUT6 (Prop_lut6_I1_O)        0.105     3.293 r  gen_lane[0].i_lane/i_shift_align/lane_result_q[0][25]_i_5/O
                         net (fo=4, unplaced)         0.962     4.255    gen_lane[0].i_lane/i_shift_align/lane_result_q[0][25]_i_5_n_0
                                                                      r  gen_lane[0].i_lane/i_shift_align/lane_result_q[0][17]_i_4/I1
                         LUT6 (Prop_lut6_I1_O)        0.105     4.360 r  gen_lane[0].i_lane/i_shift_align/lane_result_q[0][17]_i_4/O
                         net (fo=4, unplaced)         0.606     4.966    gen_lane[0].i_lane/i_shift_align/lane_result_q[0][17]_i_4_n_0
                                                                      r  gen_lane[0].i_lane/i_shift_align/lane_result_q[0][15]_i_2/I1
                         LUT6 (Prop_lut6_I1_O)        0.105     5.071 r  gen_lane[0].i_lane/i_shift_align/lane_result_q[0][15]_i_2/O
                         net (fo=2, unplaced)         0.358     5.429    i_vrf/lane_result_q_reg[0][14]
                                                                      r  i_vrf/lane_result_q[0][15]_i_1/I2
                         LUT5 (Prop_lut5_I2_O)        0.105     5.534 r  i_vrf/lane_result_q[0][15]_i_1/O
                         net (fo=1, unplaced)         0.000     5.534    i_vrf_n_48
                         FDCE                                         r  lane_result_q_reg[0][15]/D
  -------------------------------------------------------------------    -------------------

                         (clock clk_i rise edge)      5.000     5.000 r  
                                                      0.000     5.000 r  clk_i (IN)
                         net (fo=2480, unset)         0.748     5.748    clk_i
                         FDCE                                         r  lane_result_q_reg[0][15]/C
                         clock pessimism              0.000     5.748    
                         clock uncertainty           -0.035     5.712    
                         FDCE (Setup_fdce_C_D)        0.072     5.784    lane_result_q_reg[0][15]
  -------------------------------------------------------------------
                         required time                          5.784    
                         arrival time                          -5.534    
  -------------------------------------------------------------------
                         slack                                  0.250    

Slack (MET) :             0.250ns  (required time - arrival time)
  Source:                 p2_lane_compute_q_reg/C
                            (rising edge-triggered cell FDCE clocked by clk_i  {rise@0.000ns fall@2.500ns period=5.000ns})
  Destination:            lane_result_q_reg[0][16]/D
                            (rising edge-triggered cell FDCE clocked by clk_i  {rise@0.000ns fall@2.500ns period=5.000ns})
  Path Group:             clk_i
  Path Type:              Setup (Max at Slow Process Corner)
  Requirement:            5.000ns  (clk_i rise@5.000ns - clk_i rise@0.000ns)
  Data Path Delay:        4.747ns  (logic 1.085ns (22.857%)  route 3.662ns (77.143%))
  Logic Levels:           5  (LUT5=1 LUT6=4)
  Clock Path Skew:        -0.039ns (DCD - SCD + CPR)
    Destination Clock Delay (DCD):    0.748ns = ( 5.748 - 5.000 ) 
    Source Clock Delay      (SCD):    0.787ns
    Clock Pessimism Removal (CPR):    0.000ns
  Clock Uncertainty:      0.035ns  ((TSJ^2 + TIJ^2)^1/2 + DJ) / 2 + PE
    Total System Jitter     (TSJ):    0.071ns
    Total Input Jitter      (TIJ):    0.000ns
    Discrete Jitter          (DJ):    0.000ns
    Phase Error              (PE):    0.000ns

    Location             Delay type                Incr(ns)  Path(ns)    Netlist Resource(s)
  -------------------------------------------------------------------    -------------------
                         (clock clk_i rise edge)      0.000     0.000 r  
                                                      0.000     0.000 r  clk_i (IN)
                         net (fo=2480, unset)         0.787     0.787    clk_i
                         FDCE                                         r  p2_lane_compute_q_reg/C
  -------------------------------------------------------------------    -------------------
                         FDCE (Prop_fdce_C_Q)         0.433     1.220 r  p2_lane_compute_q_reg/Q
                         net (fo=6, unplaced)         0.689     1.909    gen_lane[0].i_lane/i_shift_align/p2_lane_compute_q
                                                                      r  gen_lane[0].i_lane/i_shift_align/lane_result_q[0][63]_i_56/I0
                         LUT5 (Prop_lut5_I0_O)        0.232     2.141 r  gen_lane[0].i_lane/i_shift_align/lane_result_q[0][63]_i_56/O
                         net (fo=146, unplaced)       1.047     3.188    gen_lane[0].i_lane/i_shift_align/p2_lane_compute_q_reg
                                                                      r  gen_lane[0].i_lane/i_shift_align/lane_result_q[0][26]_i_5/I1
                         LUT6 (Prop_lut6_I1_O)        0.105     3.293 r  gen_lane[0].i_lane/i_shift_align/lane_result_q[0][26]_i_5/O
                         net (fo=4, unplaced)         0.962     4.255    gen_lane[0].i_lane/i_shift_align/lane_result_q[0][26]_i_5_n_0
                                                                      r  gen_lane[0].i_lane/i_shift_align/lane_result_q[0][18]_i_4/I1
                         LUT6 (Prop_lut6_I1_O)        0.105     4.360 r  gen_lane[0].i_lane/i_shift_align/lane_result_q[0][18]_i_4/O
                         net (fo=4, unplaced)         0.606     4.966    gen_lane[0].i_lane/i_shift_align/lane_result_q[0][18]_i_4_n_0
                                                                      r  gen_lane[0].i_lane/i_shift_align/lane_result_q[0][16]_i_2/I1
                         LUT6 (Prop_lut6_I1_O)        0.105     5.071 r  gen_lane[0].i_lane/i_shift_align/lane_result_q[0][16]_i_2/O
                         net (fo=2, unplaced)         0.358     5.429    i_vrf/lane_result_q_reg[0][15]
                                                                      r  i_vrf/lane_result_q[0][16]_i_1/I2
                         LUT6 (Prop_lut6_I2_O)        0.105     5.534 r  i_vrf/lane_result_q[0][16]_i_1/O
                         net (fo=1, unplaced)         0.000     5.534    i_vrf_n_47
                         FDCE                                         r  lane_result_q_reg[0][16]/D
  -------------------------------------------------------------------    -------------------

                         (clock clk_i rise edge)      5.000     5.000 r  
                                                      0.000     5.000 r  clk_i (IN)
                         net (fo=2480, unset)         0.748     5.748    clk_i
                         FDCE                                         r  lane_result_q_reg[0][16]/C
                         clock pessimism              0.000     5.748    
                         clock uncertainty           -0.035     5.712    
                         FDCE (Setup_fdce_C_D)        0.072     5.784    lane_result_q_reg[0][16]
  -------------------------------------------------------------------
                         required time                          5.784    
                         arrival time                          -5.534    
  -------------------------------------------------------------------
                         slack                                  0.250    

Slack (MET) :             0.250ns  (required time - arrival time)
  Source:                 p2_lane_compute_q_reg/C
                            (rising edge-triggered cell FDCE clocked by clk_i  {rise@0.000ns fall@2.500ns period=5.000ns})
  Destination:            lane_result_q_reg[0][17]/D
                            (rising edge-triggered cell FDCE clocked by clk_i  {rise@0.000ns fall@2.500ns period=5.000ns})
  Path Group:             clk_i
  Path Type:              Setup (Max at Slow Process Corner)
  Requirement:            5.000ns  (clk_i rise@5.000ns - clk_i rise@0.000ns)
  Data Path Delay:        4.747ns  (logic 1.085ns (22.857%)  route 3.662ns (77.143%))
  Logic Levels:           5  (LUT5=1 LUT6=4)
  Clock Path Skew:        -0.039ns (DCD - SCD + CPR)
    Destination Clock Delay (DCD):    0.748ns = ( 5.748 - 5.000 ) 
    Source Clock Delay      (SCD):    0.787ns
    Clock Pessimism Removal (CPR):    0.000ns
  Clock Uncertainty:      0.035ns  ((TSJ^2 + TIJ^2)^1/2 + DJ) / 2 + PE
    Total System Jitter     (TSJ):    0.071ns
    Total Input Jitter      (TIJ):    0.000ns
    Discrete Jitter          (DJ):    0.000ns
    Phase Error              (PE):    0.000ns

    Location             Delay type                Incr(ns)  Path(ns)    Netlist Resource(s)
  -------------------------------------------------------------------    -------------------
                         (clock clk_i rise edge)      0.000     0.000 r  
                                                      0.000     0.000 r  clk_i (IN)
                         net (fo=2480, unset)         0.787     0.787    clk_i
                         FDCE                                         r  p2_lane_compute_q_reg/C
  -------------------------------------------------------------------    -------------------
                         FDCE (Prop_fdce_C_Q)         0.433     1.220 r  p2_lane_compute_q_reg/Q
                         net (fo=6, unplaced)         0.689     1.909    gen_lane[3].i_lane/i_shift_align/p2_lane_compute_q
                                                                      r  gen_lane[3].i_lane/i_shift_align/lane_result_q[0][63]_i_14/I0
                         LUT5 (Prop_lut5_I0_O)        0.232     2.141 r  gen_lane[3].i_lane/i_shift_align/lane_result_q[0][63]_i_14/O
                         net (fo=148, unplaced)       1.047     3.188    gen_lane[0].i_lane/i_shift_align/lane_result_q[0][5]_i_4_0
                                                                      r  gen_lane[0].i_lane/i_shift_align/lane_result_q[0][27]_i_6/I1
                         LUT6 (Prop_lut6_I1_O)        0.105     3.293 r  gen_lane[0].i_lane/i_shift_align/lane_result_q[0][27]_i_6/O
                         net (fo=4, unplaced)         0.962     4.255    gen_lane[0].i_lane/i_shift_align/lane_result_q[0][27]_i_6_n_0
                                                                      r  gen_lane[0].i_lane/i_shift_align/lane_result_q[0][19]_i_4/I1
                         LUT6 (Prop_lut6_I1_O)        0.105     4.360 r  gen_lane[0].i_lane/i_shift_align/lane_result_q[0][19]_i_4/O
                         net (fo=4, unplaced)         0.606     4.966    gen_lane[0].i_lane/i_shift_align/lane_result_q[0][19]_i_4_n_0
                                                                      r  gen_lane[0].i_lane/i_shift_align/lane_result_q[0][17]_i_2/I1
                         LUT6 (Prop_lut6_I1_O)        0.105     5.071 r  gen_lane[0].i_lane/i_shift_align/lane_result_q[0][17]_i_2/O
                         net (fo=2, unplaced)         0.358     5.429    i_vrf/lane_result_q_reg[0][16]
                                                                      r  i_vrf/lane_result_q[0][17]_i_1/I2
                         LUT6 (Prop_lut6_I2_O)        0.105     5.534 r  i_vrf/lane_result_q[0][17]_i_1/O
                         net (fo=1, unplaced)         0.000     5.534    i_vrf_n_46
                         FDCE                                         r  lane_result_q_reg[0][17]/D
  -------------------------------------------------------------------    -------------------

                         (clock clk_i rise edge)      5.000     5.000 r  
                                                      0.000     5.000 r  clk_i (IN)
                         net (fo=2480, unset)         0.748     5.748    clk_i
                         FDCE                                         r  lane_result_q_reg[0][17]/C
                         clock pessimism              0.000     5.748    
                         clock uncertainty           -0.035     5.712    
                         FDCE (Setup_fdce_C_D)        0.072     5.784    lane_result_q_reg[0][17]
  -------------------------------------------------------------------
                         required time                          5.784    
                         arrival time                          -5.534    
  -------------------------------------------------------------------
                         slack                                  0.250    

Slack (MET) :             0.250ns  (required time - arrival time)
  Source:                 p2_lane_compute_q_reg/C
                            (rising edge-triggered cell FDCE clocked by clk_i  {rise@0.000ns fall@2.500ns period=5.000ns})
  Destination:            lane_result_q_reg[0][18]/D
                            (rising edge-triggered cell FDCE clocked by clk_i  {rise@0.000ns fall@2.500ns period=5.000ns})
  Path Group:             clk_i
  Path Type:              Setup (Max at Slow Process Corner)
  Requirement:            5.000ns  (clk_i rise@5.000ns - clk_i rise@0.000ns)
  Data Path Delay:        4.747ns  (logic 1.085ns (22.857%)  route 3.662ns (77.143%))
  Logic Levels:           5  (LUT5=1 LUT6=4)
  Clock Path Skew:        -0.039ns (DCD - SCD + CPR)
    Destination Clock Delay (DCD):    0.748ns = ( 5.748 - 5.000 ) 
    Source Clock Delay      (SCD):    0.787ns
    Clock Pessimism Removal (CPR):    0.000ns
  Clock Uncertainty:      0.035ns  ((TSJ^2 + TIJ^2)^1/2 + DJ) / 2 + PE
    Total System Jitter     (TSJ):    0.071ns
    Total Input Jitter      (TIJ):    0.000ns
    Discrete Jitter          (DJ):    0.000ns
    Phase Error              (PE):    0.000ns

    Location             Delay type                Incr(ns)  Path(ns)    Netlist Resource(s)
  -------------------------------------------------------------------    -------------------
                         (clock clk_i rise edge)      0.000     0.000 r  
                                                      0.000     0.000 r  clk_i (IN)
                         net (fo=2480, unset)         0.787     0.787    clk_i
                         FDCE                                         r  p2_lane_compute_q_reg/C
  -------------------------------------------------------------------    -------------------
                         FDCE (Prop_fdce_C_Q)         0.433     1.220 r  p2_lane_compute_q_reg/Q
                         net (fo=6, unplaced)         0.689     1.909    gen_lane[0].i_lane/i_shift_align/p2_lane_compute_q
                                                                      r  gen_lane[0].i_lane/i_shift_align/lane_result_q[0][63]_i_56/I0
                         LUT5 (Prop_lut5_I0_O)        0.232     2.141 r  gen_lane[0].i_lane/i_shift_align/lane_result_q[0][63]_i_56/O
                         net (fo=146, unplaced)       1.047     3.188    gen_lane[0].i_lane/i_shift_align/p2_lane_compute_q_reg
                                                                      r  gen_lane[0].i_lane/i_shift_align/lane_result_q[0][28]_i_5/I1
                         LUT6 (Prop_lut6_I1_O)        0.105     3.293 r  gen_lane[0].i_lane/i_shift_align/lane_result_q[0][28]_i_5/O
                         net (fo=4, unplaced)         0.962     4.255    gen_lane[0].i_lane/i_shift_align/lane_result_q[0][28]_i_5_n_0
                                                                      r  gen_lane[0].i_lane/i_shift_align/lane_result_q[0][20]_i_4/I1
                         LUT6 (Prop_lut6_I1_O)        0.105     4.360 r  gen_lane[0].i_lane/i_shift_align/lane_result_q[0][20]_i_4/O
                         net (fo=4, unplaced)         0.606     4.966    gen_lane[0].i_lane/i_shift_align/lane_result_q[0][20]_i_4_n_0
                                                                      r  gen_lane[0].i_lane/i_shift_align/lane_result_q[0][18]_i_2/I1
                         LUT6 (Prop_lut6_I1_O)        0.105     5.071 r  gen_lane[0].i_lane/i_shift_align/lane_result_q[0][18]_i_2/O
                         net (fo=2, unplaced)         0.358     5.429    i_vrf/lane_result_q_reg[0][17]
                                                                      r  i_vrf/lane_result_q[0][18]_i_1/I2
                         LUT6 (Prop_lut6_I2_O)        0.105     5.534 r  i_vrf/lane_result_q[0][18]_i_1/O
                         net (fo=1, unplaced)         0.000     5.534    i_vrf_n_45
                         FDCE                                         r  lane_result_q_reg[0][18]/D
  -------------------------------------------------------------------    -------------------

                         (clock clk_i rise edge)      5.000     5.000 r  
                                                      0.000     5.000 r  clk_i (IN)
                         net (fo=2480, unset)         0.748     5.748    clk_i
                         FDCE                                         r  lane_result_q_reg[0][18]/C
                         clock pessimism              0.000     5.748    
                         clock uncertainty           -0.035     5.712    
                         FDCE (Setup_fdce_C_D)        0.072     5.784    lane_result_q_reg[0][18]
  -------------------------------------------------------------------
                         required time                          5.784    
                         arrival time                          -5.534    
  -------------------------------------------------------------------
                         slack                                  0.250    




