#-----------------------------------------------------------
# xsim v2024.2 (64-bit)
# SW Build 5239630 on Fri Nov 08 22:35:27 MST 2024
# IP Build 5239520 on Sun Nov 10 16:12:51 MST 2024
# SharedData Build 5239561 on Fri Nov 08 14:39:27 MST 2024
# Start of session at: Wed Jun 10 23:31:19 2026
# Process ID         : 13464
# Current directory  : E:/HDEC/cva6-vhdc-core/tmp/hdec_v15_pointmul_worktree/tmp/hdec_v19_opt/round04_xsim_pmul/xsim_ecc_pmul_v18
# Command line       : xsim.exe -mode tcl -source {xsim.dir/tb_hdec_ecc_pmul_v18/xsim_script.tcl}
# Log file           : E:/HDEC/cva6-vhdc-core/tmp/hdec_v15_pointmul_worktree/tmp/hdec_v19_opt/round04_xsim_pmul/xsim_ecc_pmul_v18/xsim.log
# Journal file       : E:/HDEC/cva6-vhdc-core/tmp/hdec_v15_pointmul_worktree/tmp/hdec_v19_opt/round04_xsim_pmul/xsim_ecc_pmul_v18\xsim.jou
# Running On         : WIN-20240824NZS
# Platform           : Windows Server 2016 or Windows 10
# Operating System   : 26100
# Processor Detail   : 12th Gen Intel(R) Core(TM) i5-12600KF
# CPU Frequency      : 3686 MHz
# CPU Physical cores : 10
# CPU Logical cores  : 16
# Host memory        : 34125 MB
# Swap memory        : 4831 MB
# Total Virtual      : 38957 MB
# Available Virtual  : 25892 MB
#-----------------------------------------------------------
source xsim.dir/tb_hdec_ecc_pmul_v18/xsim_script.tcl
# xsim {tb_hdec_ecc_pmul_v18} -autoloadwcfg -tclbatch {E:/HDEC/cva6-vhdc-core/tmp/hdec_v15_pointmul_worktree/tmp/hdec_v19_opt/round04_xsim_pmul/xsim_ecc_pmul_v18/run_all.tcl}
Time resolution is 1 ps
source E:/HDEC/cva6-vhdc-core/tmp/hdec_v15_pointmul_worktree/tmp/hdec_v19_opt/round04_xsim_pmul/xsim_ecc_pmul_v18/run_all.tcl
## run all
PMUL_CYCLES=13676
[HDEC_ECC_PMUL_V18] PASS
$finish called at time : 69678500 ps : File "E:/HDEC/cva6-vhdc-core/tmp/hdec_v15_pointmul_worktree/verif/hdec/tb_hdec_ecc_pmul_v18.sv" Line 171
## quit
INFO: [Common 17-206] Exiting xsim at Wed Jun 10 23:31:21 2026...
