Copyright 1986-2022 Xilinx, Inc. All Rights Reserved. Copyright 2022-2024 Advanced Micro Devices, Inc. All Rights Reserved.
-----------------------------------------------------------------------------------------------------------------------------------------------------------------------------------------------------------------------------------------------------------------------------------------------------------------------------------------------------------------
| Tool Version : Vivado v.2024.2 (win64) Build 5239630 Fri Nov 08 22:35:27 MST 2024
| Date         : Sun Jun  7 12:02:24 2026
| Host         : WIN-20240824NZS running 64-bit major release  (build 9200)
| Command      : report_timing -delay_type max -sort_by slack -max_paths 20 -nworst 1 -from [get_pins -quiet -of_objects {i_vrf/lane_result_q[3][8]_i_7/I2} -filter {DIRECTION == OUT}] -to {i_vrf/lane_result_q[3][8]_i_7/I2} -file E:/HDEC/cva6-vhdc-core/reports/vivado/ooc_hdec_hmatch_countdown_v1_ff838841/175mhz/groups/04a_lane_popcnt_to_hsim_total.rpt
| Design       : hdec_top
| Device       : 7z020-clg400
| Speed File   : -2  PRODUCTION 1.12 2019-11-22
| Design State : Synthesized
-----------------------------------------------------------------------------------------------------------------------------------------------------------------------------------------------------------------------------------------------------------------------------------------------------------------------------------------------------------------

Timing Report

Slack (MET) :             0.985ns  (required time - arrival time)
  Source:                 lane_popcnt_q_reg[3][2]/C
                            (rising edge-triggered cell FDCE clocked by clk_i  {rise@0.000ns fall@2.857ns period=5.714ns})
  Destination:            hsim_total_q_reg[10]/D
                            (rising edge-triggered cell FDCE clocked by clk_i  {rise@0.000ns fall@2.857ns period=5.714ns})
  Path Group:             clk_i
  Path Type:              Setup (Max at Slow Process Corner)
  Requirement:            5.714ns  (clk_i rise@5.714ns - clk_i rise@0.000ns)
  Data Path Delay:        4.726ns  (logic 2.488ns (52.645%)  route 2.238ns (47.355%))
  Logic Levels:           9  (CARRY4=4 LUT2=1 LUT3=1 LUT5=2 LUT6=1)
  Clock Path Skew:        -0.039ns (DCD - SCD + CPR)
    Destination Clock Delay (DCD):    0.748ns = ( 6.462 - 5.714 ) 
    Source Clock Delay      (SCD):    0.787ns
    Clock Pessimism Removal (CPR):    0.000ns
  Clock Uncertainty:      0.035ns  ((TSJ^2 + TIJ^2)^1/2 + DJ) / 2 + PE
    Total System Jitter     (TSJ):    0.071ns
    Total Input Jitter      (TIJ):    0.000ns
    Discrete Jitter          (DJ):    0.000ns
    Phase Error              (PE):    0.000ns

    Location             Delay type                Incr(ns)  Path(ns)    Netlist Resource(s)
  -------------------------------------------------------------------    -------------------
                         (clock clk_i rise edge)      0.000     0.000 r  
                                                      0.000     0.000 r  clk_i (IN)
                         net (fo=2885, unset)         0.787     0.787    clk_i
                         FDCE                                         r  lane_popcnt_q_reg[3][2]/C
  -------------------------------------------------------------------    -------------------
                         FDCE (Prop_fdce_C_Q)         0.433     1.220 r  lane_popcnt_q_reg[3][2]/Q
                         net (fo=2, unplaced)         0.610     1.830    lane_popcnt_q_reg[3][2]
                         LUT3 (Prop_lut3_I0_O)        0.232     2.062 r  hmatch_best_dist_q[3]_i_15/O
                         net (fo=3, unplaced)         0.365     2.427    hmatch_best_dist_q[3]_i_15_n_0
                         LUT5 (Prop_lut5_I3_O)        0.105     2.532 r  hmatch_best_dist_q[3]_i_8/O
                         net (fo=2, unplaced)         0.358     2.890    hmatch_best_dist_q[3]_i_8_n_0
                         LUT6 (Prop_lut6_I0_O)        0.105     2.995 r  hmatch_best_dist_q[3]_i_11/O
                         net (fo=1, unplaced)         0.000     2.995    hmatch_best_dist_q[3]_i_11_n_0
                         CARRY4 (Prop_carry4_S[3]_CO[3])
                                                      0.314     3.309 r  hmatch_best_dist_q_reg[3]_i_7/CO[3]
                         net (fo=1, unplaced)         0.008     3.317    hmatch_best_dist_q_reg[3]_i_7_n_0
                         CARRY4 (Prop_carry4_CI_O[3])
                                                      0.277     3.594 r  hmatch_best_dist_q_reg[7]_i_7/O[3]
                         net (fo=2, unplaced)         0.530     4.124    hmatch_best_dist_q_reg[7]_i_7_n_4
                         LUT2 (Prop_lut2_I1_O)        0.250     4.374 r  hmatch_best_dist_q[7]_i_3/O
                         net (fo=1, unplaced)         0.000     4.374    hmatch_best_dist_q[7]_i_3_n_0
                         CARRY4 (Prop_carry4_S[3]_CO[3])
                                                      0.314     4.688 r  hmatch_best_dist_q_reg[7]_i_2/CO[3]
                         net (fo=1, unplaced)         0.000     4.688    hmatch_best_dist_q_reg[7]_i_2_n_0
                         CARRY4 (Prop_carry4_CI_O[2])
                                                      0.214     4.902 r  hmatch_best_dist_q_reg[10]_i_4/O[2]
                         net (fo=3, unplaced)         0.367     5.269    hmatch_best_dist_q_reg[10]_i_4_n_5
                         LUT5 (Prop_lut5_I4_O)        0.244     5.513 r  hsim_total_q[10]_i_2/O
                         net (fo=1, unplaced)         0.000     5.513    hsim_total_q[10]_i_2_n_0
                         FDCE                                         r  hsim_total_q_reg[10]/D
  -------------------------------------------------------------------    -------------------

                         (clock clk_i rise edge)      5.714     5.714 r  
                                                      0.000     5.714 r  clk_i (IN)
                         net (fo=2885, unset)         0.748     6.462    clk_i
                         FDCE                                         r  hsim_total_q_reg[10]/C
                         clock pessimism              0.000     6.462    
                         clock uncertainty           -0.035     6.426    
                         FDCE (Setup_fdce_C_D)        0.072     6.498    hsim_total_q_reg[10]
  -------------------------------------------------------------------
                         required time                          6.498    
                         arrival time                          -5.513    
  -------------------------------------------------------------------
                         slack                                  0.985    

Slack (MET) :             1.038ns  (required time - arrival time)
  Source:                 lane_popcnt_q_reg[3][2]/C
                            (rising edge-triggered cell FDCE clocked by clk_i  {rise@0.000ns fall@2.857ns period=5.714ns})
  Destination:            hsim_total_q_reg[9]/D
                            (rising edge-triggered cell FDCE clocked by clk_i  {rise@0.000ns fall@2.857ns period=5.714ns})
  Path Group:             clk_i
  Path Type:              Setup (Max at Slow Process Corner)
  Requirement:            5.714ns  (clk_i rise@5.714ns - clk_i rise@0.000ns)
  Data Path Delay:        4.673ns  (logic 2.544ns (54.440%)  route 2.129ns (45.560%))
  Logic Levels:           9  (CARRY4=4 LUT2=1 LUT3=1 LUT5=2 LUT6=1)
  Clock Path Skew:        -0.039ns (DCD - SCD + CPR)
    Destination Clock Delay (DCD):    0.748ns = ( 6.462 - 5.714 ) 
    Source Clock Delay      (SCD):    0.787ns
    Clock Pessimism Removal (CPR):    0.000ns
  Clock Uncertainty:      0.035ns  ((TSJ^2 + TIJ^2)^1/2 + DJ) / 2 + PE
    Total System Jitter     (TSJ):    0.071ns
    Total Input Jitter      (TIJ):    0.000ns
    Discrete Jitter          (DJ):    0.000ns
    Phase Error              (PE):    0.000ns

    Location             Delay type                Incr(ns)  Path(ns)    Netlist Resource(s)
  -------------------------------------------------------------------    -------------------
                         (clock clk_i rise edge)      0.000     0.000 r  
                                                      0.000     0.000 r  clk_i (IN)
                         net (fo=2885, unset)         0.787     0.787    clk_i
                         FDCE                                         r  lane_popcnt_q_reg[3][2]/C
  -------------------------------------------------------------------    -------------------
                         FDCE (Prop_fdce_C_Q)         0.433     1.220 r  lane_popcnt_q_reg[3][2]/Q
                         net (fo=2, unplaced)         0.610     1.830    lane_popcnt_q_reg[3][2]
                         LUT3 (Prop_lut3_I0_O)        0.232     2.062 r  hmatch_best_dist_q[3]_i_15/O
                         net (fo=3, unplaced)         0.365     2.427    hmatch_best_dist_q[3]_i_15_n_0
                         LUT5 (Prop_lut5_I3_O)        0.105     2.532 r  hmatch_best_dist_q[3]_i_8/O
                         net (fo=2, unplaced)         0.358     2.890    hmatch_best_dist_q[3]_i_8_n_0
                         LUT6 (Prop_lut6_I0_O)        0.105     2.995 r  hmatch_best_dist_q[3]_i_11/O
                         net (fo=1, unplaced)         0.000     2.995    hmatch_best_dist_q[3]_i_11_n_0
                         CARRY4 (Prop_carry4_S[3]_CO[3])
                                                      0.314     3.309 r  hmatch_best_dist_q_reg[3]_i_7/CO[3]
                         net (fo=1, unplaced)         0.008     3.317    hmatch_best_dist_q_reg[3]_i_7_n_0
                         CARRY4 (Prop_carry4_CI_O[3])
                                                      0.277     3.594 r  hmatch_best_dist_q_reg[7]_i_7/O[3]
                         net (fo=2, unplaced)         0.530     4.124    hmatch_best_dist_q_reg[7]_i_7_n_4
                         LUT2 (Prop_lut2_I1_O)        0.250     4.374 r  hmatch_best_dist_q[7]_i_3/O
                         net (fo=1, unplaced)         0.000     4.374    hmatch_best_dist_q[7]_i_3_n_0
                         CARRY4 (Prop_carry4_S[3]_CO[3])
                                                      0.314     4.688 r  hmatch_best_dist_q_reg[7]_i_2/CO[3]
                         net (fo=1, unplaced)         0.000     4.688    hmatch_best_dist_q_reg[7]_i_2_n_0
                         CARRY4 (Prop_carry4_CI_O[1])
                                                      0.269     4.957 r  hmatch_best_dist_q_reg[10]_i_4/O[1]
                         net (fo=3, unplaced)         0.258     5.215    hmatch_best_dist_q_reg[10]_i_4_n_6
                         LUT5 (Prop_lut5_I4_O)        0.245     5.460 r  hsim_total_q[9]_i_1/O
                         net (fo=1, unplaced)         0.000     5.460    hsim_total_q[9]_i_1_n_0
                         FDCE                                         r  hsim_total_q_reg[9]/D
  -------------------------------------------------------------------    -------------------

                         (clock clk_i rise edge)      5.714     5.714 r  
                                                      0.000     5.714 r  clk_i (IN)
                         net (fo=2885, unset)         0.748     6.462    clk_i
                         FDCE                                         r  hsim_total_q_reg[9]/C
                         clock pessimism              0.000     6.462    
                         clock uncertainty           -0.035     6.426    
                         FDCE (Setup_fdce_C_D)        0.072     6.498    hsim_total_q_reg[9]
  -------------------------------------------------------------------
                         required time                          6.498    
                         arrival time                          -5.460    
  -------------------------------------------------------------------
                         slack                                  1.038    

Slack (MET) :             1.048ns  (required time - arrival time)
  Source:                 lane_popcnt_q_reg[3][2]/C
                            (rising edge-triggered cell FDCE clocked by clk_i  {rise@0.000ns fall@2.857ns period=5.714ns})
  Destination:            hsim_total_q_reg[7]/D
                            (rising edge-triggered cell FDCE clocked by clk_i  {rise@0.000ns fall@2.857ns period=5.714ns})
  Path Group:             clk_i
  Path Type:              Setup (Max at Slow Process Corner)
  Requirement:            5.714ns  (clk_i rise@5.714ns - clk_i rise@0.000ns)
  Data Path Delay:        4.663ns  (logic 2.245ns (48.145%)  route 2.418ns (51.855%))
  Logic Levels:           7  (CARRY4=3 LUT2=1 LUT3=1 LUT5=2)
  Clock Path Skew:        -0.039ns (DCD - SCD + CPR)
    Destination Clock Delay (DCD):    0.748ns = ( 6.462 - 5.714 ) 
    Source Clock Delay      (SCD):    0.787ns
    Clock Pessimism Removal (CPR):    0.000ns
  Clock Uncertainty:      0.035ns  ((TSJ^2 + TIJ^2)^1/2 + DJ) / 2 + PE
    Total System Jitter     (TSJ):    0.071ns
    Total Input Jitter      (TIJ):    0.000ns
    Discrete Jitter          (DJ):    0.000ns
    Phase Error              (PE):    0.000ns

    Location             Delay type                Incr(ns)  Path(ns)    Netlist Resource(s)
  -------------------------------------------------------------------    -------------------
                         (clock clk_i rise edge)      0.000     0.000 r  
                                                      0.000     0.000 r  clk_i (IN)
                         net (fo=2885, unset)         0.787     0.787    clk_i
                         FDCE                                         r  lane_popcnt_q_reg[3][2]/C
  -------------------------------------------------------------------    -------------------
                         FDCE (Prop_fdce_C_Q)         0.433     1.220 r  lane_popcnt_q_reg[3][2]/Q
                         net (fo=2, unplaced)         0.610     1.830    lane_popcnt_q_reg[3][2]
                         LUT3 (Prop_lut3_I0_O)        0.232     2.062 r  hmatch_best_dist_q[3]_i_15/O
                         net (fo=3, unplaced)         0.365     2.427    hmatch_best_dist_q[3]_i_15_n_0
                         LUT5 (Prop_lut5_I3_O)        0.105     2.532 r  hmatch_best_dist_q[3]_i_9/O
                         net (fo=1, unplaced)         0.368     2.900    hmatch_best_dist_q[3]_i_9_n_0
                         CARRY4 (Prop_carry4_DI[2]_O[3])
                                                      0.384     3.284 r  hmatch_best_dist_q_reg[3]_i_7/O[3]
                         net (fo=2, unplaced)         0.530     3.814    hmatch_best_dist_q_reg[3]_i_7_n_4
                         LUT2 (Prop_lut2_I1_O)        0.250     4.064 r  hmatch_best_dist_q[3]_i_3/O
                         net (fo=1, unplaced)         0.000     4.064    hmatch_best_dist_q[3]_i_3_n_0
                         CARRY4 (Prop_carry4_S[3]_CO[3])
                                                      0.314     4.378 r  hmatch_best_dist_q_reg[3]_i_2/CO[3]
                         net (fo=1, unplaced)         0.008     4.386    hmatch_best_dist_q_reg[3]_i_2_n_0
                         CARRY4 (Prop_carry4_CI_O[3])
                                                      0.277     4.663 r  hmatch_best_dist_q_reg[7]_i_2/O[3]
                         net (fo=3, unplaced)         0.537     5.200    hmatch_best_dist_q_reg[7]_i_2_n_4
                         LUT5 (Prop_lut5_I4_O)        0.250     5.450 r  hsim_total_q[7]_i_1/O
                         net (fo=1, unplaced)         0.000     5.450    hsim_total_q[7]_i_1_n_0
                         FDCE                                         r  hsim_total_q_reg[7]/D
  -------------------------------------------------------------------    -------------------

                         (clock clk_i rise edge)      5.714     5.714 r  
                                                      0.000     5.714 r  clk_i (IN)
                         net (fo=2885, unset)         0.748     6.462    clk_i
                         FDCE                                         r  hsim_total_q_reg[7]/C
                         clock pessimism              0.000     6.462    
                         clock uncertainty           -0.035     6.426    
                         FDCE (Setup_fdce_C_D)        0.072     6.498    hsim_total_q_reg[7]
  -------------------------------------------------------------------
                         required time                          6.498    
                         arrival time                          -5.450    
  -------------------------------------------------------------------
                         slack                                  1.048    

Slack (MET) :             1.125ns  (required time - arrival time)
  Source:                 lane_popcnt_q_reg[3][2]/C
                            (rising edge-triggered cell FDCE clocked by clk_i  {rise@0.000ns fall@2.857ns period=5.714ns})
  Destination:            hsim_total_q_reg[8]/D
                            (rising edge-triggered cell FDCE clocked by clk_i  {rise@0.000ns fall@2.857ns period=5.714ns})
  Path Group:             clk_i
  Path Type:              Setup (Max at Slow Process Corner)
  Requirement:            5.714ns  (clk_i rise@5.714ns - clk_i rise@0.000ns)
  Data Path Delay:        4.586ns  (logic 2.457ns (53.576%)  route 2.129ns (46.424%))
  Logic Levels:           9  (CARRY4=4 LUT2=1 LUT3=1 LUT5=2 LUT6=1)
  Clock Path Skew:        -0.039ns (DCD - SCD + CPR)
    Destination Clock Delay (DCD):    0.748ns = ( 6.462 - 5.714 ) 
    Source Clock Delay      (SCD):    0.787ns
    Clock Pessimism Removal (CPR):    0.000ns
  Clock Uncertainty:      0.035ns  ((TSJ^2 + TIJ^2)^1/2 + DJ) / 2 + PE
    Total System Jitter     (TSJ):    0.071ns
    Total Input Jitter      (TIJ):    0.000ns
    Discrete Jitter          (DJ):    0.000ns
    Phase Error              (PE):    0.000ns

    Location             Delay type                Incr(ns)  Path(ns)    Netlist Resource(s)
  -------------------------------------------------------------------    -------------------
                         (clock clk_i rise edge)      0.000     0.000 r  
                                                      0.000     0.000 r  clk_i (IN)
                         net (fo=2885, unset)         0.787     0.787    clk_i
                         FDCE                                         r  lane_popcnt_q_reg[3][2]/C
  -------------------------------------------------------------------    -------------------
                         FDCE (Prop_fdce_C_Q)         0.433     1.220 r  lane_popcnt_q_reg[3][2]/Q
                         net (fo=2, unplaced)         0.610     1.830    lane_popcnt_q_reg[3][2]
                         LUT3 (Prop_lut3_I0_O)        0.232     2.062 r  hmatch_best_dist_q[3]_i_15/O
                         net (fo=3, unplaced)         0.365     2.427    hmatch_best_dist_q[3]_i_15_n_0
                         LUT5 (Prop_lut5_I3_O)        0.105     2.532 r  hmatch_best_dist_q[3]_i_8/O
                         net (fo=2, unplaced)         0.358     2.890    hmatch_best_dist_q[3]_i_8_n_0
                         LUT6 (Prop_lut6_I0_O)        0.105     2.995 r  hmatch_best_dist_q[3]_i_11/O
                         net (fo=1, unplaced)         0.000     2.995    hmatch_best_dist_q[3]_i_11_n_0
                         CARRY4 (Prop_carry4_S[3]_CO[3])
                                                      0.314     3.309 r  hmatch_best_dist_q_reg[3]_i_7/CO[3]
                         net (fo=1, unplaced)         0.008     3.317    hmatch_best_dist_q_reg[3]_i_7_n_0
                         CARRY4 (Prop_carry4_CI_O[3])
                                                      0.277     3.594 r  hmatch_best_dist_q_reg[7]_i_7/O[3]
                         net (fo=2, unplaced)         0.530     4.124    hmatch_best_dist_q_reg[7]_i_7_n_4
                         LUT2 (Prop_lut2_I1_O)        0.250     4.374 r  hmatch_best_dist_q[7]_i_3/O
                         net (fo=1, unplaced)         0.000     4.374    hmatch_best_dist_q[7]_i_3_n_0
                         CARRY4 (Prop_carry4_S[3]_CO[3])
                                                      0.314     4.688 r  hmatch_best_dist_q_reg[7]_i_2/CO[3]
                         net (fo=1, unplaced)         0.000     4.688    hmatch_best_dist_q_reg[7]_i_2_n_0
                         CARRY4 (Prop_carry4_CI_O[0])
                                                      0.189     4.877 r  hmatch_best_dist_q_reg[10]_i_4/O[0]
                         net (fo=3, unplaced)         0.258     5.135    hmatch_best_dist_q_reg[10]_i_4_n_7
                         LUT5 (Prop_lut5_I4_O)        0.238     5.373 r  hsim_total_q[8]_i_1/O
                         net (fo=1, unplaced)         0.000     5.373    hsim_total_q[8]_i_1_n_0
                         FDCE                                         r  hsim_total_q_reg[8]/D
  -------------------------------------------------------------------    -------------------

                         (clock clk_i rise edge)      5.714     5.714 r  
                                                      0.000     5.714 r  clk_i (IN)
                         net (fo=2885, unset)         0.748     6.462    clk_i
                         FDCE                                         r  hsim_total_q_reg[8]/C
                         clock pessimism              0.000     6.462    
                         clock uncertainty           -0.035     6.426    
                         FDCE (Setup_fdce_C_D)        0.072     6.498    hsim_total_q_reg[8]
  -------------------------------------------------------------------
                         required time                          6.498    
                         arrival time                          -5.373    
  -------------------------------------------------------------------
                         slack                                  1.125    

Slack (MET) :             1.287ns  (required time - arrival time)
  Source:                 lane_popcnt_q_reg[3][2]/C
                            (rising edge-triggered cell FDCE clocked by clk_i  {rise@0.000ns fall@2.857ns period=5.714ns})
  Destination:            hsim_total_q_reg[6]/D
                            (rising edge-triggered cell FDCE clocked by clk_i  {rise@0.000ns fall@2.857ns period=5.714ns})
  Path Group:             clk_i
  Path Type:              Setup (Max at Slow Process Corner)
  Requirement:            5.714ns  (clk_i rise@5.714ns - clk_i rise@0.000ns)
  Data Path Delay:        4.424ns  (logic 2.176ns (49.186%)  route 2.248ns (50.814%))
  Logic Levels:           7  (CARRY4=3 LUT2=1 LUT3=1 LUT5=2)
  Clock Path Skew:        -0.039ns (DCD - SCD + CPR)
    Destination Clock Delay (DCD):    0.748ns = ( 6.462 - 5.714 ) 
    Source Clock Delay      (SCD):    0.787ns
    Clock Pessimism Removal (CPR):    0.000ns
  Clock Uncertainty:      0.035ns  ((TSJ^2 + TIJ^2)^1/2 + DJ) / 2 + PE
    Total System Jitter     (TSJ):    0.071ns
    Total Input Jitter      (TIJ):    0.000ns
    Discrete Jitter          (DJ):    0.000ns
    Phase Error              (PE):    0.000ns

    Location             Delay type                Incr(ns)  Path(ns)    Netlist Resource(s)
  -------------------------------------------------------------------    -------------------
                         (clock clk_i rise edge)      0.000     0.000 r  
                                                      0.000     0.000 r  clk_i (IN)
                         net (fo=2885, unset)         0.787     0.787    clk_i
                         FDCE                                         r  lane_popcnt_q_reg[3][2]/C
  -------------------------------------------------------------------    -------------------
                         FDCE (Prop_fdce_C_Q)         0.433     1.220 r  lane_popcnt_q_reg[3][2]/Q
                         net (fo=2, unplaced)         0.610     1.830    lane_popcnt_q_reg[3][2]
                         LUT3 (Prop_lut3_I0_O)        0.232     2.062 r  hmatch_best_dist_q[3]_i_15/O
                         net (fo=3, unplaced)         0.365     2.427    hmatch_best_dist_q[3]_i_15_n_0
                         LUT5 (Prop_lut5_I3_O)        0.105     2.532 r  hmatch_best_dist_q[3]_i_9/O
                         net (fo=1, unplaced)         0.368     2.900    hmatch_best_dist_q[3]_i_9_n_0
                         CARRY4 (Prop_carry4_DI[2]_O[3])
                                                      0.384     3.284 r  hmatch_best_dist_q_reg[3]_i_7/O[3]
                         net (fo=2, unplaced)         0.530     3.814    hmatch_best_dist_q_reg[3]_i_7_n_4
                         LUT2 (Prop_lut2_I1_O)        0.250     4.064 r  hmatch_best_dist_q[3]_i_3/O
                         net (fo=1, unplaced)         0.000     4.064    hmatch_best_dist_q[3]_i_3_n_0
                         CARRY4 (Prop_carry4_S[3]_CO[3])
                                                      0.314     4.378 r  hmatch_best_dist_q_reg[3]_i_2/CO[3]
                         net (fo=1, unplaced)         0.008     4.386    hmatch_best_dist_q_reg[3]_i_2_n_0
                         CARRY4 (Prop_carry4_CI_O[2])
                                                      0.214     4.600 r  hmatch_best_dist_q_reg[7]_i_2/O[2]
                         net (fo=3, unplaced)         0.367     4.967    hmatch_best_dist_q_reg[7]_i_2_n_5
                         LUT5 (Prop_lut5_I4_O)        0.244     5.211 r  hsim_total_q[6]_i_1/O
                         net (fo=1, unplaced)         0.000     5.211    hsim_total_q[6]_i_1_n_0
                         FDCE                                         r  hsim_total_q_reg[6]/D
  -------------------------------------------------------------------    -------------------

                         (clock clk_i rise edge)      5.714     5.714 r  
                                                      0.000     5.714 r  clk_i (IN)
                         net (fo=2885, unset)         0.748     6.462    clk_i
                         FDCE                                         r  hsim_total_q_reg[6]/C
                         clock pessimism              0.000     6.462    
                         clock uncertainty           -0.035     6.426    
                         FDCE (Setup_fdce_C_D)        0.072     6.498    hsim_total_q_reg[6]
  -------------------------------------------------------------------
                         required time                          6.498    
                         arrival time                          -5.211    
  -------------------------------------------------------------------
                         slack                                  1.287    

Slack (MET) :             1.340ns  (required time - arrival time)
  Source:                 lane_popcnt_q_reg[3][2]/C
                            (rising edge-triggered cell FDCE clocked by clk_i  {rise@0.000ns fall@2.857ns period=5.714ns})
  Destination:            hsim_total_q_reg[5]/D
                            (rising edge-triggered cell FDCE clocked by clk_i  {rise@0.000ns fall@2.857ns period=5.714ns})
  Path Group:             clk_i
  Path Type:              Setup (Max at Slow Process Corner)
  Requirement:            5.714ns  (clk_i rise@5.714ns - clk_i rise@0.000ns)
  Data Path Delay:        4.371ns  (logic 2.232ns (51.064%)  route 2.139ns (48.936%))
  Logic Levels:           7  (CARRY4=3 LUT2=1 LUT3=1 LUT5=2)
  Clock Path Skew:        -0.039ns (DCD - SCD + CPR)
    Destination Clock Delay (DCD):    0.748ns = ( 6.462 - 5.714 ) 
    Source Clock Delay      (SCD):    0.787ns
    Clock Pessimism Removal (CPR):    0.000ns
  Clock Uncertainty:      0.035ns  ((TSJ^2 + TIJ^2)^1/2 + DJ) / 2 + PE
    Total System Jitter     (TSJ):    0.071ns
    Total Input Jitter      (TIJ):    0.000ns
    Discrete Jitter          (DJ):    0.000ns
    Phase Error              (PE):    0.000ns

    Location             Delay type                Incr(ns)  Path(ns)    Netlist Resource(s)
  -------------------------------------------------------------------    -------------------
                         (clock clk_i rise edge)      0.000     0.000 r  
                                                      0.000     0.000 r  clk_i (IN)
                         net (fo=2885, unset)         0.787     0.787    clk_i
                         FDCE                                         r  lane_popcnt_q_reg[3][2]/C
  -------------------------------------------------------------------    -------------------
                         FDCE (Prop_fdce_C_Q)         0.433     1.220 r  lane_popcnt_q_reg[3][2]/Q
                         net (fo=2, unplaced)         0.610     1.830    lane_popcnt_q_reg[3][2]
                         LUT3 (Prop_lut3_I0_O)        0.232     2.062 r  hmatch_best_dist_q[3]_i_15/O
                         net (fo=3, unplaced)         0.365     2.427    hmatch_best_dist_q[3]_i_15_n_0
                         LUT5 (Prop_lut5_I3_O)        0.105     2.532 r  hmatch_best_dist_q[3]_i_9/O
                         net (fo=1, unplaced)         0.368     2.900    hmatch_best_dist_q[3]_i_9_n_0
                         CARRY4 (Prop_carry4_DI[2]_O[3])
                                                      0.384     3.284 r  hmatch_best_dist_q_reg[3]_i_7/O[3]
                         net (fo=2, unplaced)         0.530     3.814    hmatch_best_dist_q_reg[3]_i_7_n_4
                         LUT2 (Prop_lut2_I1_O)        0.250     4.064 r  hmatch_best_dist_q[3]_i_3/O
                         net (fo=1, unplaced)         0.000     4.064    hmatch_best_dist_q[3]_i_3_n_0
                         CARRY4 (Prop_carry4_S[3]_CO[3])
                                                      0.314     4.378 r  hmatch_best_dist_q_reg[3]_i_2/CO[3]
                         net (fo=1, unplaced)         0.008     4.386    hmatch_best_dist_q_reg[3]_i_2_n_0
                         CARRY4 (Prop_carry4_CI_O[1])
                                                      0.269     4.655 r  hmatch_best_dist_q_reg[7]_i_2/O[1]
                         net (fo=3, unplaced)         0.258     4.913    hmatch_best_dist_q_reg[7]_i_2_n_6
                         LUT5 (Prop_lut5_I4_O)        0.245     5.158 r  hsim_total_q[5]_i_1/O
                         net (fo=1, unplaced)         0.000     5.158    hsim_total_q[5]_i_1_n_0
                         FDCE                                         r  hsim_total_q_reg[5]/D
  -------------------------------------------------------------------    -------------------

                         (clock clk_i rise edge)      5.714     5.714 r  
                                                      0.000     5.714 r  clk_i (IN)
                         net (fo=2885, unset)         0.748     6.462    clk_i
                         FDCE                                         r  hsim_total_q_reg[5]/C
                         clock pessimism              0.000     6.462    
                         clock uncertainty           -0.035     6.426    
                         FDCE (Setup_fdce_C_D)        0.072     6.498    hsim_total_q_reg[5]
  -------------------------------------------------------------------
                         required time                          6.498    
                         arrival time                          -5.158    
  -------------------------------------------------------------------
                         slack                                  1.340    

Slack (MET) :             1.427ns  (required time - arrival time)
  Source:                 lane_popcnt_q_reg[3][2]/C
                            (rising edge-triggered cell FDCE clocked by clk_i  {rise@0.000ns fall@2.857ns period=5.714ns})
  Destination:            hsim_total_q_reg[4]/D
                            (rising edge-triggered cell FDCE clocked by clk_i  {rise@0.000ns fall@2.857ns period=5.714ns})
  Path Group:             clk_i
  Path Type:              Setup (Max at Slow Process Corner)
  Requirement:            5.714ns  (clk_i rise@5.714ns - clk_i rise@0.000ns)
  Data Path Delay:        4.284ns  (logic 2.145ns (50.070%)  route 2.139ns (49.930%))
  Logic Levels:           7  (CARRY4=3 LUT2=1 LUT3=1 LUT5=2)
  Clock Path Skew:        -0.039ns (DCD - SCD + CPR)
    Destination Clock Delay (DCD):    0.748ns = ( 6.462 - 5.714 ) 
    Source Clock Delay      (SCD):    0.787ns
    Clock Pessimism Removal (CPR):    0.000ns
  Clock Uncertainty:      0.035ns  ((TSJ^2 + TIJ^2)^1/2 + DJ) / 2 + PE
    Total System Jitter     (TSJ):    0.071ns
    Total Input Jitter      (TIJ):    0.000ns
    Discrete Jitter          (DJ):    0.000ns
    Phase Error              (PE):    0.000ns

    Location             Delay type                Incr(ns)  Path(ns)    Netlist Resource(s)
  -------------------------------------------------------------------    -------------------
                         (clock clk_i rise edge)      0.000     0.000 r  
                                                      0.000     0.000 r  clk_i (IN)
                         net (fo=2885, unset)         0.787     0.787    clk_i
                         FDCE                                         r  lane_popcnt_q_reg[3][2]/C
  -------------------------------------------------------------------    -------------------
                         FDCE (Prop_fdce_C_Q)         0.433     1.220 r  lane_popcnt_q_reg[3][2]/Q
                         net (fo=2, unplaced)         0.610     1.830    lane_popcnt_q_reg[3][2]
                         LUT3 (Prop_lut3_I0_O)        0.232     2.062 r  hmatch_best_dist_q[3]_i_15/O
                         net (fo=3, unplaced)         0.365     2.427    hmatch_best_dist_q[3]_i_15_n_0
                         LUT5 (Prop_lut5_I3_O)        0.105     2.532 r  hmatch_best_dist_q[3]_i_9/O
                         net (fo=1, unplaced)         0.368     2.900    hmatch_best_dist_q[3]_i_9_n_0
                         CARRY4 (Prop_carry4_DI[2]_O[3])
                                                      0.384     3.284 r  hmatch_best_dist_q_reg[3]_i_7/O[3]
                         net (fo=2, unplaced)         0.530     3.814    hmatch_best_dist_q_reg[3]_i_7_n_4
                         LUT2 (Prop_lut2_I1_O)        0.250     4.064 r  hmatch_best_dist_q[3]_i_3/O
                         net (fo=1, unplaced)         0.000     4.064    hmatch_best_dist_q[3]_i_3_n_0
                         CARRY4 (Prop_carry4_S[3]_CO[3])
                                                      0.314     4.378 r  hmatch_best_dist_q_reg[3]_i_2/CO[3]
                         net (fo=1, unplaced)         0.008     4.386    hmatch_best_dist_q_reg[3]_i_2_n_0
                         CARRY4 (Prop_carry4_CI_O[0])
                                                      0.189     4.575 r  hmatch_best_dist_q_reg[7]_i_2/O[0]
                         net (fo=3, unplaced)         0.258     4.833    hmatch_best_dist_q_reg[7]_i_2_n_7
                         LUT5 (Prop_lut5_I4_O)        0.238     5.071 r  hsim_total_q[4]_i_1/O
                         net (fo=1, unplaced)         0.000     5.071    hsim_total_q[4]_i_1_n_0
                         FDCE                                         r  hsim_total_q_reg[4]/D
  -------------------------------------------------------------------    -------------------

                         (clock clk_i rise edge)      5.714     5.714 r  
                                                      0.000     5.714 r  clk_i (IN)
                         net (fo=2885, unset)         0.748     6.462    clk_i
                         FDCE                                         r  hsim_total_q_reg[4]/C
                         clock pessimism              0.000     6.462    
                         clock uncertainty           -0.035     6.426    
                         FDCE (Setup_fdce_C_D)        0.072     6.498    hsim_total_q_reg[4]
  -------------------------------------------------------------------
                         required time                          6.498    
                         arrival time                          -5.071    
  -------------------------------------------------------------------
                         slack                                  1.427    

Slack (MET) :             1.436ns  (required time - arrival time)
  Source:                 lane_popcnt_q_reg[3][2]/C
                            (rising edge-triggered cell FDCE clocked by clk_i  {rise@0.000ns fall@2.857ns period=5.714ns})
  Destination:            hsim_total_q_reg[3]/D
                            (rising edge-triggered cell FDCE clocked by clk_i  {rise@0.000ns fall@2.857ns period=5.714ns})
  Path Group:             clk_i
  Path Type:              Setup (Max at Slow Process Corner)
  Requirement:            5.714ns  (clk_i rise@5.714ns - clk_i rise@0.000ns)
  Data Path Delay:        4.275ns  (logic 1.865ns (43.626%)  route 2.410ns (56.374%))
  Logic Levels:           6  (CARRY4=2 LUT2=1 LUT3=1 LUT5=2)
  Clock Path Skew:        -0.039ns (DCD - SCD + CPR)
    Destination Clock Delay (DCD):    0.748ns = ( 6.462 - 5.714 ) 
    Source Clock Delay      (SCD):    0.787ns
    Clock Pessimism Removal (CPR):    0.000ns
  Clock Uncertainty:      0.035ns  ((TSJ^2 + TIJ^2)^1/2 + DJ) / 2 + PE
    Total System Jitter     (TSJ):    0.071ns
    Total Input Jitter      (TIJ):    0.000ns
    Discrete Jitter          (DJ):    0.000ns
    Phase Error              (PE):    0.000ns

    Location             Delay type                Incr(ns)  Path(ns)    Netlist Resource(s)
  -------------------------------------------------------------------    -------------------
                         (clock clk_i rise edge)      0.000     0.000 r  
                                                      0.000     0.000 r  clk_i (IN)
                         net (fo=2885, unset)         0.787     0.787    clk_i
                         FDCE                                         r  lane_popcnt_q_reg[3][2]/C
  -------------------------------------------------------------------    -------------------
                         FDCE (Prop_fdce_C_Q)         0.433     1.220 r  lane_popcnt_q_reg[3][2]/Q
                         net (fo=2, unplaced)         0.610     1.830    lane_popcnt_q_reg[3][2]
                         LUT3 (Prop_lut3_I0_O)        0.232     2.062 r  hmatch_best_dist_q[3]_i_15/O
                         net (fo=3, unplaced)         0.365     2.427    hmatch_best_dist_q[3]_i_15_n_0
                         LUT5 (Prop_lut5_I3_O)        0.105     2.532 r  hmatch_best_dist_q[3]_i_9/O
                         net (fo=1, unplaced)         0.368     2.900    hmatch_best_dist_q[3]_i_9_n_0
                         CARRY4 (Prop_carry4_DI[2]_O[3])
                                                      0.384     3.284 r  hmatch_best_dist_q_reg[3]_i_7/O[3]
                         net (fo=2, unplaced)         0.530     3.814    hmatch_best_dist_q_reg[3]_i_7_n_4
                         LUT2 (Prop_lut2_I1_O)        0.250     4.064 r  hmatch_best_dist_q[3]_i_3/O
                         net (fo=1, unplaced)         0.000     4.064    hmatch_best_dist_q[3]_i_3_n_0
                         CARRY4 (Prop_carry4_S[3]_O[3])
                                                      0.211     4.275 r  hmatch_best_dist_q_reg[3]_i_2/O[3]
                         net (fo=3, unplaced)         0.537     4.812    hmatch_best_dist_q_reg[3]_i_2_n_4
                         LUT5 (Prop_lut5_I4_O)        0.250     5.062 r  hsim_total_q[3]_i_1/O
                         net (fo=1, unplaced)         0.000     5.062    hsim_total_q[3]_i_1_n_0
                         FDCE                                         r  hsim_total_q_reg[3]/D
  -------------------------------------------------------------------    -------------------

                         (clock clk_i rise edge)      5.714     5.714 r  
                                                      0.000     5.714 r  clk_i (IN)
                         net (fo=2885, unset)         0.748     6.462    clk_i
                         FDCE                                         r  hsim_total_q_reg[3]/C
                         clock pessimism              0.000     6.462    
                         clock uncertainty           -0.035     6.426    
                         FDCE (Setup_fdce_C_D)        0.072     6.498    hsim_total_q_reg[3]
  -------------------------------------------------------------------
                         required time                          6.498    
                         arrival time                          -5.062    
  -------------------------------------------------------------------
                         slack                                  1.436    

Slack (MET) :             1.987ns  (required time - arrival time)
  Source:                 lane_popcnt_q_reg[1][1]/C
                            (rising edge-triggered cell FDCE clocked by clk_i  {rise@0.000ns fall@2.857ns period=5.714ns})
  Destination:            hsim_total_q_reg[2]/D
                            (rising edge-triggered cell FDCE clocked by clk_i  {rise@0.000ns fall@2.857ns period=5.714ns})
  Path Group:             clk_i
  Path Type:              Setup (Max at Slow Process Corner)
  Requirement:            5.714ns  (clk_i rise@5.714ns - clk_i rise@0.000ns)
  Data Path Delay:        3.724ns  (logic 1.826ns (49.033%)  route 1.898ns (50.967%))
  Logic Levels:           5  (CARRY4=2 LUT2=1 LUT4=1 LUT5=1)
  Clock Path Skew:        -0.039ns (DCD - SCD + CPR)
    Destination Clock Delay (DCD):    0.748ns = ( 6.462 - 5.714 ) 
    Source Clock Delay      (SCD):    0.787ns
    Clock Pessimism Removal (CPR):    0.000ns
  Clock Uncertainty:      0.035ns  ((TSJ^2 + TIJ^2)^1/2 + DJ) / 2 + PE
    Total System Jitter     (TSJ):    0.071ns
    Total Input Jitter      (TIJ):    0.000ns
    Discrete Jitter          (DJ):    0.000ns
    Phase Error              (PE):    0.000ns

    Location             Delay type                Incr(ns)  Path(ns)    Netlist Resource(s)
  -------------------------------------------------------------------    -------------------
                         (clock clk_i rise edge)      0.000     0.000 r  
                                                      0.000     0.000 r  clk_i (IN)
                         net (fo=2885, unset)         0.787     0.787    clk_i
                         FDCE                                         r  lane_popcnt_q_reg[1][1]/C
  -------------------------------------------------------------------    -------------------
                         FDCE (Prop_fdce_C_Q)         0.433     1.220 r  lane_popcnt_q_reg[1][1]/Q
                         net (fo=4, unplaced)         0.623     1.843    lane_popcnt_q_reg[1][1]
                         LUT4 (Prop_lut4_I1_O)        0.232     2.075 r  hmatch_best_dist_q[3]_i_10/O
                         net (fo=2, unplaced)         0.548     2.623    hmatch_best_dist_q[3]_i_10_n_0
                         CARRY4 (Prop_carry4_DI[1]_O[2])
                                                      0.466     3.089 r  hmatch_best_dist_q_reg[3]_i_7/O[2]
                         net (fo=2, unplaced)         0.360     3.449    hmatch_best_dist_q_reg[3]_i_7_n_5
                         LUT2 (Prop_lut2_I1_O)        0.244     3.693 r  hmatch_best_dist_q[3]_i_4/O
                         net (fo=1, unplaced)         0.000     3.693    hmatch_best_dist_q[3]_i_4_n_0
                         CARRY4 (Prop_carry4_S[2]_O[2])
                                                      0.207     3.900 r  hmatch_best_dist_q_reg[3]_i_2/O[2]
                         net (fo=3, unplaced)         0.367     4.267    hmatch_best_dist_q_reg[3]_i_2_n_5
                         LUT5 (Prop_lut5_I4_O)        0.244     4.511 r  hsim_total_q[2]_i_1/O
                         net (fo=1, unplaced)         0.000     4.511    hsim_total_q[2]_i_1_n_0
                         FDCE                                         r  hsim_total_q_reg[2]/D
  -------------------------------------------------------------------    -------------------

                         (clock clk_i rise edge)      5.714     5.714 r  
                                                      0.000     5.714 r  clk_i (IN)
                         net (fo=2885, unset)         0.748     6.462    clk_i
                         FDCE                                         r  hsim_total_q_reg[2]/C
                         clock pessimism              0.000     6.462    
                         clock uncertainty           -0.035     6.426    
                         FDCE (Setup_fdce_C_D)        0.072     6.498    hsim_total_q_reg[2]
  -------------------------------------------------------------------
                         required time                          6.498    
                         arrival time                          -4.511    
  -------------------------------------------------------------------
                         slack                                  1.987    

Slack (MET) :             2.579ns  (required time - arrival time)
  Source:                 lane_popcnt_q_reg[1][1]/C
                            (rising edge-triggered cell FDCE clocked by clk_i  {rise@0.000ns fall@2.857ns period=5.714ns})
  Destination:            hsim_total_q_reg[1]/D
                            (rising edge-triggered cell FDCE clocked by clk_i  {rise@0.000ns fall@2.857ns period=5.714ns})
  Path Group:             clk_i
  Path Type:              Setup (Max at Slow Process Corner)
  Requirement:            5.714ns  (clk_i rise@5.714ns - clk_i rise@0.000ns)
  Data Path Delay:        3.132ns  (logic 1.642ns (52.427%)  route 1.490ns (47.573%))
  Logic Levels:           6  (CARRY4=2 LUT2=1 LUT4=2 LUT5=1)
  Clock Path Skew:        -0.039ns (DCD - SCD + CPR)
    Destination Clock Delay (DCD):    0.748ns = ( 6.462 - 5.714 ) 
    Source Clock Delay      (SCD):    0.787ns
    Clock Pessimism Removal (CPR):    0.000ns
  Clock Uncertainty:      0.035ns  ((TSJ^2 + TIJ^2)^1/2 + DJ) / 2 + PE
    Total System Jitter     (TSJ):    0.071ns
    Total Input Jitter      (TIJ):    0.000ns
    Discrete Jitter          (DJ):    0.000ns
    Phase Error              (PE):    0.000ns

    Location             Delay type                Incr(ns)  Path(ns)    Netlist Resource(s)
  -------------------------------------------------------------------    -------------------
                         (clock clk_i rise edge)      0.000     0.000 r  
                                                      0.000     0.000 r  clk_i (IN)
                         net (fo=2885, unset)         0.787     0.787    clk_i
                         FDCE                                         r  lane_popcnt_q_reg[1][1]/C
  -------------------------------------------------------------------    -------------------
                         FDCE (Prop_fdce_C_Q)         0.433     1.220 r  lane_popcnt_q_reg[1][1]/Q
                         net (fo=4, unplaced)         0.623     1.843    lane_popcnt_q_reg[1][1]
                         LUT4 (Prop_lut4_I1_O)        0.232     2.075 r  hmatch_best_dist_q[3]_i_10/O
                         net (fo=2, unplaced)         0.358     2.433    hmatch_best_dist_q[3]_i_10_n_0
                         LUT4 (Prop_lut4_I0_O)        0.105     2.538 r  hmatch_best_dist_q[3]_i_13/O
                         net (fo=1, unplaced)         0.000     2.538    hmatch_best_dist_q[3]_i_13_n_0
                         CARRY4 (Prop_carry4_S[1]_O[1])
                                                      0.191     2.729 r  hmatch_best_dist_q_reg[3]_i_7/O[1]
                         net (fo=2, unplaced)         0.251     2.980    hmatch_best_dist_q_reg[3]_i_7_n_6
                         LUT2 (Prop_lut2_I1_O)        0.245     3.225 r  hmatch_best_dist_q[3]_i_5/O
                         net (fo=1, unplaced)         0.000     3.225    hmatch_best_dist_q[3]_i_5_n_0
                         CARRY4 (Prop_carry4_S[1]_O[1])
                                                      0.191     3.416 r  hmatch_best_dist_q_reg[3]_i_2/O[1]
                         net (fo=3, unplaced)         0.258     3.674    hmatch_best_dist_q_reg[3]_i_2_n_6
                         LUT5 (Prop_lut5_I4_O)        0.245     3.919 r  hsim_total_q[1]_i_1/O
                         net (fo=1, unplaced)         0.000     3.919    hsim_total_q[1]_i_1_n_0
                         FDCE                                         r  hsim_total_q_reg[1]/D
  -------------------------------------------------------------------    -------------------

                         (clock clk_i rise edge)      5.714     5.714 r  
                                                      0.000     5.714 r  clk_i (IN)
                         net (fo=2885, unset)         0.748     6.462    clk_i
                         FDCE                                         r  hsim_total_q_reg[1]/C
                         clock pessimism              0.000     6.462    
                         clock uncertainty           -0.035     6.426    
                         FDCE (Setup_fdce_C_D)        0.072     6.498    hsim_total_q_reg[1]
  -------------------------------------------------------------------
                         required time                          6.498    
                         arrival time                          -3.919    
  -------------------------------------------------------------------
                         slack                                  2.579    

Slack (MET) :             3.031ns  (required time - arrival time)
  Source:                 lane_popcnt_q_reg[1][0]/C
                            (rising edge-triggered cell FDCE clocked by clk_i  {rise@0.000ns fall@2.857ns period=5.714ns})
  Destination:            hsim_total_q_reg[0]/D
                            (rising edge-triggered cell FDCE clocked by clk_i  {rise@0.000ns fall@2.857ns period=5.714ns})
  Path Group:             clk_i
  Path Type:              Setup (Max at Slow Process Corner)
  Requirement:            5.714ns  (clk_i rise@5.714ns - clk_i rise@0.000ns)
  Data Path Delay:        2.680ns  (logic 1.561ns (58.246%)  route 1.119ns (41.754%))
  Logic Levels:           5  (CARRY4=2 LUT2=1 LUT4=1 LUT5=1)
  Clock Path Skew:        -0.039ns (DCD - SCD + CPR)
    Destination Clock Delay (DCD):    0.748ns = ( 6.462 - 5.714 ) 
    Source Clock Delay      (SCD):    0.787ns
    Clock Pessimism Removal (CPR):    0.000ns
  Clock Uncertainty:      0.035ns  ((TSJ^2 + TIJ^2)^1/2 + DJ) / 2 + PE
    Total System Jitter     (TSJ):    0.071ns
    Total Input Jitter      (TIJ):    0.000ns
    Discrete Jitter          (DJ):    0.000ns
    Phase Error              (PE):    0.000ns

    Location             Delay type                Incr(ns)  Path(ns)    Netlist Resource(s)
  -------------------------------------------------------------------    -------------------
                         (clock clk_i rise edge)      0.000     0.000 r  
                                                      0.000     0.000 r  clk_i (IN)
                         net (fo=2885, unset)         0.787     0.787    clk_i
                         FDCE                                         r  lane_popcnt_q_reg[1][0]/C
  -------------------------------------------------------------------    -------------------
                         FDCE (Prop_fdce_C_Q)         0.433     1.220 r  lane_popcnt_q_reg[1][0]/Q
                         net (fo=2, unplaced)         0.610     1.830    lane_popcnt_q_reg[1][0]
                         LUT4 (Prop_lut4_I1_O)        0.232     2.062 r  hmatch_best_dist_q[3]_i_14/O
                         net (fo=1, unplaced)         0.000     2.062    hmatch_best_dist_q[3]_i_14_n_0
                         CARRY4 (Prop_carry4_S[0]_O[0])
                                                      0.210     2.272 r  hmatch_best_dist_q_reg[3]_i_7/O[0]
                         net (fo=2, unplaced)         0.251     2.523    hmatch_best_dist_q_reg[3]_i_7_n_7
                         LUT2 (Prop_lut2_I1_O)        0.238     2.761 r  hmatch_best_dist_q[3]_i_6/O
                         net (fo=1, unplaced)         0.000     2.761    hmatch_best_dist_q[3]_i_6_n_0
                         CARRY4 (Prop_carry4_S[0]_O[0])
                                                      0.210     2.971 r  hmatch_best_dist_q_reg[3]_i_2/O[0]
                         net (fo=3, unplaced)         0.258     3.229    hmatch_best_dist_q_reg[3]_i_2_n_7
                         LUT5 (Prop_lut5_I4_O)        0.238     3.467 r  hsim_total_q[0]_i_1/O
                         net (fo=1, unplaced)         0.000     3.467    hsim_total_q[0]_i_1_n_0
                         FDCE                                         r  hsim_total_q_reg[0]/D
  -------------------------------------------------------------------    -------------------

                         (clock clk_i rise edge)      5.714     5.714 r  
                                                      0.000     5.714 r  clk_i (IN)
                         net (fo=2885, unset)         0.748     6.462    clk_i
                         FDCE                                         r  hsim_total_q_reg[0]/C
                         clock pessimism              0.000     6.462    
                         clock uncertainty           -0.035     6.426    
                         FDCE (Setup_fdce_C_D)        0.072     6.498    hsim_total_q_reg[0]
  -------------------------------------------------------------------
                         required time                          6.498    
                         arrival time                          -3.467    
  -------------------------------------------------------------------
                         slack                                  3.031    




