Copyright 1986-2022 Xilinx, Inc. All Rights Reserved. Copyright 2022-2024 Advanced Micro Devices, Inc. All Rights Reserved.
----------------------------------------------------------------------------------------------------------------------------------------------------------------------------------------------------------------------------------------------------------------------------------------------------------------------------------------------------------
| Tool Version : Vivado v.2024.2 (win64) Build 5239630 Fri Nov 08 22:35:27 MST 2024
| Date         : Sun Jun  7 12:02:24 2026
| Host         : WIN-20240824NZS running 64-bit major release  (build 9200)
| Command      : report_timing -delay_type max -sort_by slack -max_paths 20 -nworst 1 -from [get_pins -quiet -of_objects {i_vrf/lane_result_q[3][8]_i_7/I2} -filter {DIRECTION == OUT}] -to {i_vrf/lane_result_q[3][8]_i_7/I2} -file E:/HDEC/cva6-vhdc-core/reports/vivado/ooc_hdec_hmatch_countdown_v1_ff838841/175mhz/groups/05a_hmatch_best_dist_D.rpt
| Design       : hdec_top
| Device       : 7z020-clg400
| Speed File   : -2  PRODUCTION 1.12 2019-11-22
| Design State : Synthesized
----------------------------------------------------------------------------------------------------------------------------------------------------------------------------------------------------------------------------------------------------------------------------------------------------------------------------------------------------------

Timing Report

Slack (VIOLATED) :        -0.673ns  (required time - arrival time)
  Source:                 lane_popcnt_q_reg[3][2]/C
                            (rising edge-triggered cell FDCE clocked by clk_i  {rise@0.000ns fall@2.857ns period=5.714ns})
  Destination:            hmatch_best_dist_q_reg[0]/D
                            (rising edge-triggered cell FDCE clocked by clk_i  {rise@0.000ns fall@2.857ns period=5.714ns})
  Path Group:             clk_i
  Path Type:              Setup (Max at Slow Process Corner)
  Requirement:            5.714ns  (clk_i rise@5.714ns - clk_i rise@0.000ns)
  Data Path Delay:        6.384ns  (logic 2.803ns (43.907%)  route 3.581ns (56.093%))
  Logic Levels:           12  (CARRY4=4 LUT2=1 LUT3=1 LUT4=1 LUT5=3 LUT6=2)
  Clock Path Skew:        -0.039ns (DCD - SCD + CPR)
    Destination Clock Delay (DCD):    0.748ns = ( 6.462 - 5.714 ) 
    Source Clock Delay      (SCD):    0.787ns
    Clock Pessimism Removal (CPR):    0.000ns
  Clock Uncertainty:      0.035ns  ((TSJ^2 + TIJ^2)^1/2 + DJ) / 2 + PE
    Total System Jitter     (TSJ):    0.071ns
    Total Input Jitter      (TIJ):    0.000ns
    Discrete Jitter          (DJ):    0.000ns
    Phase Error              (PE):    0.000ns

    Location             Delay type                Incr(ns)  Path(ns)    Netlist Resource(s)
  -------------------------------------------------------------------    -------------------
                         (clock clk_i rise edge)      0.000     0.000 r  
                                                      0.000     0.000 r  clk_i (IN)
                         net (fo=2885, unset)         0.787     0.787    clk_i
                         FDCE                                         r  lane_popcnt_q_reg[3][2]/C
  -------------------------------------------------------------------    -------------------
                         FDCE (Prop_fdce_C_Q)         0.433     1.220 r  lane_popcnt_q_reg[3][2]/Q
                         net (fo=2, unplaced)         0.610     1.830    lane_popcnt_q_reg[3][2]
                         LUT3 (Prop_lut3_I0_O)        0.232     2.062 r  hmatch_best_dist_q[3]_i_15/O
                         net (fo=3, unplaced)         0.365     2.427    hmatch_best_dist_q[3]_i_15_n_0
                         LUT5 (Prop_lut5_I3_O)        0.105     2.532 r  hmatch_best_dist_q[3]_i_8/O
                         net (fo=2, unplaced)         0.358     2.890    hmatch_best_dist_q[3]_i_8_n_0
                         LUT6 (Prop_lut6_I0_O)        0.105     2.995 r  hmatch_best_dist_q[3]_i_11/O
                         net (fo=1, unplaced)         0.000     2.995    hmatch_best_dist_q[3]_i_11_n_0
                         CARRY4 (Prop_carry4_S[3]_CO[3])
                                                      0.314     3.309 r  hmatch_best_dist_q_reg[3]_i_7/CO[3]
                         net (fo=1, unplaced)         0.008     3.317    hmatch_best_dist_q_reg[3]_i_7_n_0
                         CARRY4 (Prop_carry4_CI_O[3])
                                                      0.277     3.594 r  hmatch_best_dist_q_reg[7]_i_7/O[3]
                         net (fo=2, unplaced)         0.530     4.124    hmatch_best_dist_q_reg[7]_i_7_n_4
                         LUT2 (Prop_lut2_I1_O)        0.250     4.374 r  hmatch_budget_q[7]_i_3/O
                         net (fo=1, unplaced)         0.000     4.374    hmatch_budget_q[7]_i_3_n_0
                         CARRY4 (Prop_carry4_S[3]_CO[3])
                                                      0.314     4.688 r  hmatch_budget_q_reg[7]_i_2/CO[3]
                         net (fo=1, unplaced)         0.000     4.688    hmatch_budget_q_reg[7]_i_2_n_0
                         CARRY4 (Prop_carry4_CI_O[2])
                                                      0.214     4.902 r  hmatch_budget_q_reg[9]_i_2/O[2]
                         net (fo=2, unplaced)         0.595     5.497    update_best2[10]
                         LUT4 (Prop_lut4_I0_O)        0.244     5.741 f  hmatch_best_idx_q[7]_i_4/O
                         net (fo=1, unplaced)         0.347     6.088    hmatch_best_idx_q[7]_i_4_n_0
                         LUT6 (Prop_lut6_I3_O)        0.105     6.193 f  hmatch_best_idx_q[7]_i_3/O
                         net (fo=4, unplaced)         0.371     6.564    hmatch_best_idx_q[7]_i_3_n_0
                         LUT5 (Prop_lut5_I0_O)        0.105     6.669 r  hmatch_best_dist_q[10]_i_5/O
                         net (fo=13, unplaced)        0.397     7.066    hmatch_best_dist_q[10]_i_5_n_0
                         LUT5 (Prop_lut5_I4_O)        0.105     7.171 r  hmatch_best_dist_q[0]_i_1/O
                         net (fo=1, unplaced)         0.000     7.171    hmatch_best_dist_q[0]_i_1_n_0
                         FDCE                                         r  hmatch_best_dist_q_reg[0]/D
  -------------------------------------------------------------------    -------------------

                         (clock clk_i rise edge)      5.714     5.714 r  
                                                      0.000     5.714 r  clk_i (IN)
                         net (fo=2885, unset)         0.748     6.462    clk_i
                         FDCE                                         r  hmatch_best_dist_q_reg[0]/C
                         clock pessimism              0.000     6.462    
                         clock uncertainty           -0.035     6.426    
                         FDCE (Setup_fdce_C_D)        0.072     6.498    hmatch_best_dist_q_reg[0]
  -------------------------------------------------------------------
                         required time                          6.498    
                         arrival time                          -7.171    
  -------------------------------------------------------------------
                         slack                                 -0.673    

Slack (VIOLATED) :        -0.673ns  (required time - arrival time)
  Source:                 lane_popcnt_q_reg[3][2]/C
                            (rising edge-triggered cell FDCE clocked by clk_i  {rise@0.000ns fall@2.857ns period=5.714ns})
  Destination:            hmatch_best_dist_q_reg[10]/D
                            (rising edge-triggered cell FDCE clocked by clk_i  {rise@0.000ns fall@2.857ns period=5.714ns})
  Path Group:             clk_i
  Path Type:              Setup (Max at Slow Process Corner)
  Requirement:            5.714ns  (clk_i rise@5.714ns - clk_i rise@0.000ns)
  Data Path Delay:        6.384ns  (logic 2.803ns (43.907%)  route 3.581ns (56.093%))
  Logic Levels:           12  (CARRY4=4 LUT2=1 LUT3=1 LUT4=1 LUT5=3 LUT6=2)
  Clock Path Skew:        -0.039ns (DCD - SCD + CPR)
    Destination Clock Delay (DCD):    0.748ns = ( 6.462 - 5.714 ) 
    Source Clock Delay      (SCD):    0.787ns
    Clock Pessimism Removal (CPR):    0.000ns
  Clock Uncertainty:      0.035ns  ((TSJ^2 + TIJ^2)^1/2 + DJ) / 2 + PE
    Total System Jitter     (TSJ):    0.071ns
    Total Input Jitter      (TIJ):    0.000ns
    Discrete Jitter          (DJ):    0.000ns
    Phase Error              (PE):    0.000ns

    Location             Delay type                Incr(ns)  Path(ns)    Netlist Resource(s)
  -------------------------------------------------------------------    -------------------
                         (clock clk_i rise edge)      0.000     0.000 r  
                                                      0.000     0.000 r  clk_i (IN)
                         net (fo=2885, unset)         0.787     0.787    clk_i
                         FDCE                                         r  lane_popcnt_q_reg[3][2]/C
  -------------------------------------------------------------------    -------------------
                         FDCE (Prop_fdce_C_Q)         0.433     1.220 r  lane_popcnt_q_reg[3][2]/Q
                         net (fo=2, unplaced)         0.610     1.830    lane_popcnt_q_reg[3][2]
                         LUT3 (Prop_lut3_I0_O)        0.232     2.062 r  hmatch_best_dist_q[3]_i_15/O
                         net (fo=3, unplaced)         0.365     2.427    hmatch_best_dist_q[3]_i_15_n_0
                         LUT5 (Prop_lut5_I3_O)        0.105     2.532 r  hmatch_best_dist_q[3]_i_8/O
                         net (fo=2, unplaced)         0.358     2.890    hmatch_best_dist_q[3]_i_8_n_0
                         LUT6 (Prop_lut6_I0_O)        0.105     2.995 r  hmatch_best_dist_q[3]_i_11/O
                         net (fo=1, unplaced)         0.000     2.995    hmatch_best_dist_q[3]_i_11_n_0
                         CARRY4 (Prop_carry4_S[3]_CO[3])
                                                      0.314     3.309 r  hmatch_best_dist_q_reg[3]_i_7/CO[3]
                         net (fo=1, unplaced)         0.008     3.317    hmatch_best_dist_q_reg[3]_i_7_n_0
                         CARRY4 (Prop_carry4_CI_O[3])
                                                      0.277     3.594 r  hmatch_best_dist_q_reg[7]_i_7/O[3]
                         net (fo=2, unplaced)         0.530     4.124    hmatch_best_dist_q_reg[7]_i_7_n_4
                         LUT2 (Prop_lut2_I1_O)        0.250     4.374 r  hmatch_budget_q[7]_i_3/O
                         net (fo=1, unplaced)         0.000     4.374    hmatch_budget_q[7]_i_3_n_0
                         CARRY4 (Prop_carry4_S[3]_CO[3])
                                                      0.314     4.688 r  hmatch_budget_q_reg[7]_i_2/CO[3]
                         net (fo=1, unplaced)         0.000     4.688    hmatch_budget_q_reg[7]_i_2_n_0
                         CARRY4 (Prop_carry4_CI_O[2])
                                                      0.214     4.902 r  hmatch_budget_q_reg[9]_i_2/O[2]
                         net (fo=2, unplaced)         0.595     5.497    update_best2[10]
                         LUT4 (Prop_lut4_I0_O)        0.244     5.741 f  hmatch_best_idx_q[7]_i_4/O
                         net (fo=1, unplaced)         0.347     6.088    hmatch_best_idx_q[7]_i_4_n_0
                         LUT6 (Prop_lut6_I3_O)        0.105     6.193 f  hmatch_best_idx_q[7]_i_3/O
                         net (fo=4, unplaced)         0.371     6.564    hmatch_best_idx_q[7]_i_3_n_0
                         LUT5 (Prop_lut5_I0_O)        0.105     6.669 r  hmatch_best_dist_q[10]_i_5/O
                         net (fo=13, unplaced)        0.397     7.066    hmatch_best_dist_q[10]_i_5_n_0
                         LUT5 (Prop_lut5_I4_O)        0.105     7.171 r  hmatch_best_dist_q[10]_i_2/O
                         net (fo=1, unplaced)         0.000     7.171    hmatch_best_dist_q[10]_i_2_n_0
                         FDCE                                         r  hmatch_best_dist_q_reg[10]/D
  -------------------------------------------------------------------    -------------------

                         (clock clk_i rise edge)      5.714     5.714 r  
                                                      0.000     5.714 r  clk_i (IN)
                         net (fo=2885, unset)         0.748     6.462    clk_i
                         FDCE                                         r  hmatch_best_dist_q_reg[10]/C
                         clock pessimism              0.000     6.462    
                         clock uncertainty           -0.035     6.426    
                         FDCE (Setup_fdce_C_D)        0.072     6.498    hmatch_best_dist_q_reg[10]
  -------------------------------------------------------------------
                         required time                          6.498    
                         arrival time                          -7.171    
  -------------------------------------------------------------------
                         slack                                 -0.673    

Slack (VIOLATED) :        -0.673ns  (required time - arrival time)
  Source:                 lane_popcnt_q_reg[3][2]/C
                            (rising edge-triggered cell FDCE clocked by clk_i  {rise@0.000ns fall@2.857ns period=5.714ns})
  Destination:            hmatch_best_dist_q_reg[1]/D
                            (rising edge-triggered cell FDCE clocked by clk_i  {rise@0.000ns fall@2.857ns period=5.714ns})
  Path Group:             clk_i
  Path Type:              Setup (Max at Slow Process Corner)
  Requirement:            5.714ns  (clk_i rise@5.714ns - clk_i rise@0.000ns)
  Data Path Delay:        6.384ns  (logic 2.803ns (43.907%)  route 3.581ns (56.093%))
  Logic Levels:           12  (CARRY4=4 LUT2=1 LUT3=1 LUT4=2 LUT5=2 LUT6=2)
  Clock Path Skew:        -0.039ns (DCD - SCD + CPR)
    Destination Clock Delay (DCD):    0.748ns = ( 6.462 - 5.714 ) 
    Source Clock Delay      (SCD):    0.787ns
    Clock Pessimism Removal (CPR):    0.000ns
  Clock Uncertainty:      0.035ns  ((TSJ^2 + TIJ^2)^1/2 + DJ) / 2 + PE
    Total System Jitter     (TSJ):    0.071ns
    Total Input Jitter      (TIJ):    0.000ns
    Discrete Jitter          (DJ):    0.000ns
    Phase Error              (PE):    0.000ns

    Location             Delay type                Incr(ns)  Path(ns)    Netlist Resource(s)
  -------------------------------------------------------------------    -------------------
                         (clock clk_i rise edge)      0.000     0.000 r  
                                                      0.000     0.000 r  clk_i (IN)
                         net (fo=2885, unset)         0.787     0.787    clk_i
                         FDCE                                         r  lane_popcnt_q_reg[3][2]/C
  -------------------------------------------------------------------    -------------------
                         FDCE (Prop_fdce_C_Q)         0.433     1.220 r  lane_popcnt_q_reg[3][2]/Q
                         net (fo=2, unplaced)         0.610     1.830    lane_popcnt_q_reg[3][2]
                         LUT3 (Prop_lut3_I0_O)        0.232     2.062 r  hmatch_best_dist_q[3]_i_15/O
                         net (fo=3, unplaced)         0.365     2.427    hmatch_best_dist_q[3]_i_15_n_0
                         LUT5 (Prop_lut5_I3_O)        0.105     2.532 r  hmatch_best_dist_q[3]_i_8/O
                         net (fo=2, unplaced)         0.358     2.890    hmatch_best_dist_q[3]_i_8_n_0
                         LUT6 (Prop_lut6_I0_O)        0.105     2.995 r  hmatch_best_dist_q[3]_i_11/O
                         net (fo=1, unplaced)         0.000     2.995    hmatch_best_dist_q[3]_i_11_n_0
                         CARRY4 (Prop_carry4_S[3]_CO[3])
                                                      0.314     3.309 r  hmatch_best_dist_q_reg[3]_i_7/CO[3]
                         net (fo=1, unplaced)         0.008     3.317    hmatch_best_dist_q_reg[3]_i_7_n_0
                         CARRY4 (Prop_carry4_CI_O[3])
                                                      0.277     3.594 r  hmatch_best_dist_q_reg[7]_i_7/O[3]
                         net (fo=2, unplaced)         0.530     4.124    hmatch_best_dist_q_reg[7]_i_7_n_4
                         LUT2 (Prop_lut2_I1_O)        0.250     4.374 r  hmatch_budget_q[7]_i_3/O
                         net (fo=1, unplaced)         0.000     4.374    hmatch_budget_q[7]_i_3_n_0
                         CARRY4 (Prop_carry4_S[3]_CO[3])
                                                      0.314     4.688 r  hmatch_budget_q_reg[7]_i_2/CO[3]
                         net (fo=1, unplaced)         0.000     4.688    hmatch_budget_q_reg[7]_i_2_n_0
                         CARRY4 (Prop_carry4_CI_O[2])
                                                      0.214     4.902 f  hmatch_budget_q_reg[9]_i_2/O[2]
                         net (fo=2, unplaced)         0.595     5.497    update_best2[10]
                         LUT4 (Prop_lut4_I0_O)        0.244     5.741 r  hmatch_best_idx_q[7]_i_4/O
                         net (fo=1, unplaced)         0.347     6.088    hmatch_best_idx_q[7]_i_4_n_0
                         LUT6 (Prop_lut6_I3_O)        0.105     6.193 r  hmatch_best_idx_q[7]_i_3/O
                         net (fo=4, unplaced)         0.371     6.564    hmatch_best_idx_q[7]_i_3_n_0
                         LUT5 (Prop_lut5_I1_O)        0.105     6.669 r  hmatch_best_dist_q[10]_i_3/O
                         net (fo=13, unplaced)        0.397     7.066    hmatch_best_dist_q[10]_i_3_n_0
                         LUT4 (Prop_lut4_I3_O)        0.105     7.171 r  hmatch_best_dist_q[1]_i_1/O
                         net (fo=1, unplaced)         0.000     7.171    hmatch_best_dist_q[1]_i_1_n_0
                         FDCE                                         r  hmatch_best_dist_q_reg[1]/D
  -------------------------------------------------------------------    -------------------

                         (clock clk_i rise edge)      5.714     5.714 r  
                                                      0.000     5.714 r  clk_i (IN)
                         net (fo=2885, unset)         0.748     6.462    clk_i
                         FDCE                                         r  hmatch_best_dist_q_reg[1]/C
                         clock pessimism              0.000     6.462    
                         clock uncertainty           -0.035     6.426    
                         FDCE (Setup_fdce_C_D)        0.072     6.498    hmatch_best_dist_q_reg[1]
  -------------------------------------------------------------------
                         required time                          6.498    
                         arrival time                          -7.171    
  -------------------------------------------------------------------
                         slack                                 -0.673    

Slack (VIOLATED) :        -0.673ns  (required time - arrival time)
  Source:                 lane_popcnt_q_reg[3][2]/C
                            (rising edge-triggered cell FDCE clocked by clk_i  {rise@0.000ns fall@2.857ns period=5.714ns})
  Destination:            hmatch_best_dist_q_reg[2]/D
                            (rising edge-triggered cell FDCE clocked by clk_i  {rise@0.000ns fall@2.857ns period=5.714ns})
  Path Group:             clk_i
  Path Type:              Setup (Max at Slow Process Corner)
  Requirement:            5.714ns  (clk_i rise@5.714ns - clk_i rise@0.000ns)
  Data Path Delay:        6.384ns  (logic 2.803ns (43.907%)  route 3.581ns (56.093%))
  Logic Levels:           12  (CARRY4=4 LUT2=1 LUT3=1 LUT4=2 LUT5=2 LUT6=2)
  Clock Path Skew:        -0.039ns (DCD - SCD + CPR)
    Destination Clock Delay (DCD):    0.748ns = ( 6.462 - 5.714 ) 
    Source Clock Delay      (SCD):    0.787ns
    Clock Pessimism Removal (CPR):    0.000ns
  Clock Uncertainty:      0.035ns  ((TSJ^2 + TIJ^2)^1/2 + DJ) / 2 + PE
    Total System Jitter     (TSJ):    0.071ns
    Total Input Jitter      (TIJ):    0.000ns
    Discrete Jitter          (DJ):    0.000ns
    Phase Error              (PE):    0.000ns

    Location             Delay type                Incr(ns)  Path(ns)    Netlist Resource(s)
  -------------------------------------------------------------------    -------------------
                         (clock clk_i rise edge)      0.000     0.000 r  
                                                      0.000     0.000 r  clk_i (IN)
                         net (fo=2885, unset)         0.787     0.787    clk_i
                         FDCE                                         r  lane_popcnt_q_reg[3][2]/C
  -------------------------------------------------------------------    -------------------
                         FDCE (Prop_fdce_C_Q)         0.433     1.220 r  lane_popcnt_q_reg[3][2]/Q
                         net (fo=2, unplaced)         0.610     1.830    lane_popcnt_q_reg[3][2]
                         LUT3 (Prop_lut3_I0_O)        0.232     2.062 r  hmatch_best_dist_q[3]_i_15/O
                         net (fo=3, unplaced)         0.365     2.427    hmatch_best_dist_q[3]_i_15_n_0
                         LUT5 (Prop_lut5_I3_O)        0.105     2.532 r  hmatch_best_dist_q[3]_i_8/O
                         net (fo=2, unplaced)         0.358     2.890    hmatch_best_dist_q[3]_i_8_n_0
                         LUT6 (Prop_lut6_I0_O)        0.105     2.995 r  hmatch_best_dist_q[3]_i_11/O
                         net (fo=1, unplaced)         0.000     2.995    hmatch_best_dist_q[3]_i_11_n_0
                         CARRY4 (Prop_carry4_S[3]_CO[3])
                                                      0.314     3.309 r  hmatch_best_dist_q_reg[3]_i_7/CO[3]
                         net (fo=1, unplaced)         0.008     3.317    hmatch_best_dist_q_reg[3]_i_7_n_0
                         CARRY4 (Prop_carry4_CI_O[3])
                                                      0.277     3.594 r  hmatch_best_dist_q_reg[7]_i_7/O[3]
                         net (fo=2, unplaced)         0.530     4.124    hmatch_best_dist_q_reg[7]_i_7_n_4
                         LUT2 (Prop_lut2_I1_O)        0.250     4.374 r  hmatch_budget_q[7]_i_3/O
                         net (fo=1, unplaced)         0.000     4.374    hmatch_budget_q[7]_i_3_n_0
                         CARRY4 (Prop_carry4_S[3]_CO[3])
                                                      0.314     4.688 r  hmatch_budget_q_reg[7]_i_2/CO[3]
                         net (fo=1, unplaced)         0.000     4.688    hmatch_budget_q_reg[7]_i_2_n_0
                         CARRY4 (Prop_carry4_CI_O[2])
                                                      0.214     4.902 f  hmatch_budget_q_reg[9]_i_2/O[2]
                         net (fo=2, unplaced)         0.595     5.497    update_best2[10]
                         LUT4 (Prop_lut4_I0_O)        0.244     5.741 r  hmatch_best_idx_q[7]_i_4/O
                         net (fo=1, unplaced)         0.347     6.088    hmatch_best_idx_q[7]_i_4_n_0
                         LUT6 (Prop_lut6_I3_O)        0.105     6.193 r  hmatch_best_idx_q[7]_i_3/O
                         net (fo=4, unplaced)         0.371     6.564    hmatch_best_idx_q[7]_i_3_n_0
                         LUT5 (Prop_lut5_I1_O)        0.105     6.669 r  hmatch_best_dist_q[10]_i_3/O
                         net (fo=13, unplaced)        0.397     7.066    hmatch_best_dist_q[10]_i_3_n_0
                         LUT4 (Prop_lut4_I3_O)        0.105     7.171 r  hmatch_best_dist_q[2]_i_1/O
                         net (fo=1, unplaced)         0.000     7.171    hmatch_best_dist_q[2]_i_1_n_0
                         FDCE                                         r  hmatch_best_dist_q_reg[2]/D
  -------------------------------------------------------------------    -------------------

                         (clock clk_i rise edge)      5.714     5.714 r  
                                                      0.000     5.714 r  clk_i (IN)
                         net (fo=2885, unset)         0.748     6.462    clk_i
                         FDCE                                         r  hmatch_best_dist_q_reg[2]/C
                         clock pessimism              0.000     6.462    
                         clock uncertainty           -0.035     6.426    
                         FDCE (Setup_fdce_C_D)        0.072     6.498    hmatch_best_dist_q_reg[2]
  -------------------------------------------------------------------
                         required time                          6.498    
                         arrival time                          -7.171    
  -------------------------------------------------------------------
                         slack                                 -0.673    

Slack (VIOLATED) :        -0.673ns  (required time - arrival time)
  Source:                 lane_popcnt_q_reg[3][2]/C
                            (rising edge-triggered cell FDCE clocked by clk_i  {rise@0.000ns fall@2.857ns period=5.714ns})
  Destination:            hmatch_best_dist_q_reg[3]/D
                            (rising edge-triggered cell FDCE clocked by clk_i  {rise@0.000ns fall@2.857ns period=5.714ns})
  Path Group:             clk_i
  Path Type:              Setup (Max at Slow Process Corner)
  Requirement:            5.714ns  (clk_i rise@5.714ns - clk_i rise@0.000ns)
  Data Path Delay:        6.384ns  (logic 2.803ns (43.907%)  route 3.581ns (56.093%))
  Logic Levels:           12  (CARRY4=4 LUT2=1 LUT3=1 LUT4=2 LUT5=2 LUT6=2)
  Clock Path Skew:        -0.039ns (DCD - SCD + CPR)
    Destination Clock Delay (DCD):    0.748ns = ( 6.462 - 5.714 ) 
    Source Clock Delay      (SCD):    0.787ns
    Clock Pessimism Removal (CPR):    0.000ns
  Clock Uncertainty:      0.035ns  ((TSJ^2 + TIJ^2)^1/2 + DJ) / 2 + PE
    Total System Jitter     (TSJ):    0.071ns
    Total Input Jitter      (TIJ):    0.000ns
    Discrete Jitter          (DJ):    0.000ns
    Phase Error              (PE):    0.000ns

    Location             Delay type                Incr(ns)  Path(ns)    Netlist Resource(s)
  -------------------------------------------------------------------    -------------------
                         (clock clk_i rise edge)      0.000     0.000 r  
                                                      0.000     0.000 r  clk_i (IN)
                         net (fo=2885, unset)         0.787     0.787    clk_i
                         FDCE                                         r  lane_popcnt_q_reg[3][2]/C
  -------------------------------------------------------------------    -------------------
                         FDCE (Prop_fdce_C_Q)         0.433     1.220 r  lane_popcnt_q_reg[3][2]/Q
                         net (fo=2, unplaced)         0.610     1.830    lane_popcnt_q_reg[3][2]
                         LUT3 (Prop_lut3_I0_O)        0.232     2.062 r  hmatch_best_dist_q[3]_i_15/O
                         net (fo=3, unplaced)         0.365     2.427    hmatch_best_dist_q[3]_i_15_n_0
                         LUT5 (Prop_lut5_I3_O)        0.105     2.532 r  hmatch_best_dist_q[3]_i_8/O
                         net (fo=2, unplaced)         0.358     2.890    hmatch_best_dist_q[3]_i_8_n_0
                         LUT6 (Prop_lut6_I0_O)        0.105     2.995 r  hmatch_best_dist_q[3]_i_11/O
                         net (fo=1, unplaced)         0.000     2.995    hmatch_best_dist_q[3]_i_11_n_0
                         CARRY4 (Prop_carry4_S[3]_CO[3])
                                                      0.314     3.309 r  hmatch_best_dist_q_reg[3]_i_7/CO[3]
                         net (fo=1, unplaced)         0.008     3.317    hmatch_best_dist_q_reg[3]_i_7_n_0
                         CARRY4 (Prop_carry4_CI_O[3])
                                                      0.277     3.594 r  hmatch_best_dist_q_reg[7]_i_7/O[3]
                         net (fo=2, unplaced)         0.530     4.124    hmatch_best_dist_q_reg[7]_i_7_n_4
                         LUT2 (Prop_lut2_I1_O)        0.250     4.374 r  hmatch_budget_q[7]_i_3/O
                         net (fo=1, unplaced)         0.000     4.374    hmatch_budget_q[7]_i_3_n_0
                         CARRY4 (Prop_carry4_S[3]_CO[3])
                                                      0.314     4.688 r  hmatch_budget_q_reg[7]_i_2/CO[3]
                         net (fo=1, unplaced)         0.000     4.688    hmatch_budget_q_reg[7]_i_2_n_0
                         CARRY4 (Prop_carry4_CI_O[2])
                                                      0.214     4.902 f  hmatch_budget_q_reg[9]_i_2/O[2]
                         net (fo=2, unplaced)         0.595     5.497    update_best2[10]
                         LUT4 (Prop_lut4_I0_O)        0.244     5.741 r  hmatch_best_idx_q[7]_i_4/O
                         net (fo=1, unplaced)         0.347     6.088    hmatch_best_idx_q[7]_i_4_n_0
                         LUT6 (Prop_lut6_I3_O)        0.105     6.193 r  hmatch_best_idx_q[7]_i_3/O
                         net (fo=4, unplaced)         0.371     6.564    hmatch_best_idx_q[7]_i_3_n_0
                         LUT5 (Prop_lut5_I1_O)        0.105     6.669 r  hmatch_best_dist_q[10]_i_3/O
                         net (fo=13, unplaced)        0.397     7.066    hmatch_best_dist_q[10]_i_3_n_0
                         LUT4 (Prop_lut4_I3_O)        0.105     7.171 r  hmatch_best_dist_q[3]_i_1/O
                         net (fo=1, unplaced)         0.000     7.171    hmatch_best_dist_q[3]_i_1_n_0
                         FDCE                                         r  hmatch_best_dist_q_reg[3]/D
  -------------------------------------------------------------------    -------------------

                         (clock clk_i rise edge)      5.714     5.714 r  
                                                      0.000     5.714 r  clk_i (IN)
                         net (fo=2885, unset)         0.748     6.462    clk_i
                         FDCE                                         r  hmatch_best_dist_q_reg[3]/C
                         clock pessimism              0.000     6.462    
                         clock uncertainty           -0.035     6.426    
                         FDCE (Setup_fdce_C_D)        0.072     6.498    hmatch_best_dist_q_reg[3]
  -------------------------------------------------------------------
                         required time                          6.498    
                         arrival time                          -7.171    
  -------------------------------------------------------------------
                         slack                                 -0.673    

Slack (VIOLATED) :        -0.673ns  (required time - arrival time)
  Source:                 lane_popcnt_q_reg[3][2]/C
                            (rising edge-triggered cell FDCE clocked by clk_i  {rise@0.000ns fall@2.857ns period=5.714ns})
  Destination:            hmatch_best_dist_q_reg[4]/D
                            (rising edge-triggered cell FDCE clocked by clk_i  {rise@0.000ns fall@2.857ns period=5.714ns})
  Path Group:             clk_i
  Path Type:              Setup (Max at Slow Process Corner)
  Requirement:            5.714ns  (clk_i rise@5.714ns - clk_i rise@0.000ns)
  Data Path Delay:        6.384ns  (logic 2.803ns (43.907%)  route 3.581ns (56.093%))
  Logic Levels:           12  (CARRY4=4 LUT2=1 LUT3=1 LUT4=2 LUT5=2 LUT6=2)
  Clock Path Skew:        -0.039ns (DCD - SCD + CPR)
    Destination Clock Delay (DCD):    0.748ns = ( 6.462 - 5.714 ) 
    Source Clock Delay      (SCD):    0.787ns
    Clock Pessimism Removal (CPR):    0.000ns
  Clock Uncertainty:      0.035ns  ((TSJ^2 + TIJ^2)^1/2 + DJ) / 2 + PE
    Total System Jitter     (TSJ):    0.071ns
    Total Input Jitter      (TIJ):    0.000ns
    Discrete Jitter          (DJ):    0.000ns
    Phase Error              (PE):    0.000ns

    Location             Delay type                Incr(ns)  Path(ns)    Netlist Resource(s)
  -------------------------------------------------------------------    -------------------
                         (clock clk_i rise edge)      0.000     0.000 r  
                                                      0.000     0.000 r  clk_i (IN)
                         net (fo=2885, unset)         0.787     0.787    clk_i
                         FDCE                                         r  lane_popcnt_q_reg[3][2]/C
  -------------------------------------------------------------------    -------------------
                         FDCE (Prop_fdce_C_Q)         0.433     1.220 r  lane_popcnt_q_reg[3][2]/Q
                         net (fo=2, unplaced)         0.610     1.830    lane_popcnt_q_reg[3][2]
                         LUT3 (Prop_lut3_I0_O)        0.232     2.062 r  hmatch_best_dist_q[3]_i_15/O
                         net (fo=3, unplaced)         0.365     2.427    hmatch_best_dist_q[3]_i_15_n_0
                         LUT5 (Prop_lut5_I3_O)        0.105     2.532 r  hmatch_best_dist_q[3]_i_8/O
                         net (fo=2, unplaced)         0.358     2.890    hmatch_best_dist_q[3]_i_8_n_0
                         LUT6 (Prop_lut6_I0_O)        0.105     2.995 r  hmatch_best_dist_q[3]_i_11/O
                         net (fo=1, unplaced)         0.000     2.995    hmatch_best_dist_q[3]_i_11_n_0
                         CARRY4 (Prop_carry4_S[3]_CO[3])
                                                      0.314     3.309 r  hmatch_best_dist_q_reg[3]_i_7/CO[3]
                         net (fo=1, unplaced)         0.008     3.317    hmatch_best_dist_q_reg[3]_i_7_n_0
                         CARRY4 (Prop_carry4_CI_O[3])
                                                      0.277     3.594 r  hmatch_best_dist_q_reg[7]_i_7/O[3]
                         net (fo=2, unplaced)         0.530     4.124    hmatch_best_dist_q_reg[7]_i_7_n_4
                         LUT2 (Prop_lut2_I1_O)        0.250     4.374 r  hmatch_budget_q[7]_i_3/O
                         net (fo=1, unplaced)         0.000     4.374    hmatch_budget_q[7]_i_3_n_0
                         CARRY4 (Prop_carry4_S[3]_CO[3])
                                                      0.314     4.688 r  hmatch_budget_q_reg[7]_i_2/CO[3]
                         net (fo=1, unplaced)         0.000     4.688    hmatch_budget_q_reg[7]_i_2_n_0
                         CARRY4 (Prop_carry4_CI_O[2])
                                                      0.214     4.902 f  hmatch_budget_q_reg[9]_i_2/O[2]
                         net (fo=2, unplaced)         0.595     5.497    update_best2[10]
                         LUT4 (Prop_lut4_I0_O)        0.244     5.741 r  hmatch_best_idx_q[7]_i_4/O
                         net (fo=1, unplaced)         0.347     6.088    hmatch_best_idx_q[7]_i_4_n_0
                         LUT6 (Prop_lut6_I3_O)        0.105     6.193 r  hmatch_best_idx_q[7]_i_3/O
                         net (fo=4, unplaced)         0.371     6.564    hmatch_best_idx_q[7]_i_3_n_0
                         LUT5 (Prop_lut5_I1_O)        0.105     6.669 r  hmatch_best_dist_q[10]_i_3/O
                         net (fo=13, unplaced)        0.397     7.066    hmatch_best_dist_q[10]_i_3_n_0
                         LUT4 (Prop_lut4_I3_O)        0.105     7.171 r  hmatch_best_dist_q[4]_i_1/O
                         net (fo=1, unplaced)         0.000     7.171    hmatch_best_dist_q[4]_i_1_n_0
                         FDCE                                         r  hmatch_best_dist_q_reg[4]/D
  -------------------------------------------------------------------    -------------------

                         (clock clk_i rise edge)      5.714     5.714 r  
                                                      0.000     5.714 r  clk_i (IN)
                         net (fo=2885, unset)         0.748     6.462    clk_i
                         FDCE                                         r  hmatch_best_dist_q_reg[4]/C
                         clock pessimism              0.000     6.462    
                         clock uncertainty           -0.035     6.426    
                         FDCE (Setup_fdce_C_D)        0.072     6.498    hmatch_best_dist_q_reg[4]
  -------------------------------------------------------------------
                         required time                          6.498    
                         arrival time                          -7.171    
  -------------------------------------------------------------------
                         slack                                 -0.673    

Slack (VIOLATED) :        -0.673ns  (required time - arrival time)
  Source:                 lane_popcnt_q_reg[3][2]/C
                            (rising edge-triggered cell FDCE clocked by clk_i  {rise@0.000ns fall@2.857ns period=5.714ns})
  Destination:            hmatch_best_dist_q_reg[5]/D
                            (rising edge-triggered cell FDCE clocked by clk_i  {rise@0.000ns fall@2.857ns period=5.714ns})
  Path Group:             clk_i
  Path Type:              Setup (Max at Slow Process Corner)
  Requirement:            5.714ns  (clk_i rise@5.714ns - clk_i rise@0.000ns)
  Data Path Delay:        6.384ns  (logic 2.803ns (43.907%)  route 3.581ns (56.093%))
  Logic Levels:           12  (CARRY4=4 LUT2=1 LUT3=1 LUT4=2 LUT5=2 LUT6=2)
  Clock Path Skew:        -0.039ns (DCD - SCD + CPR)
    Destination Clock Delay (DCD):    0.748ns = ( 6.462 - 5.714 ) 
    Source Clock Delay      (SCD):    0.787ns
    Clock Pessimism Removal (CPR):    0.000ns
  Clock Uncertainty:      0.035ns  ((TSJ^2 + TIJ^2)^1/2 + DJ) / 2 + PE
    Total System Jitter     (TSJ):    0.071ns
    Total Input Jitter      (TIJ):    0.000ns
    Discrete Jitter          (DJ):    0.000ns
    Phase Error              (PE):    0.000ns

    Location             Delay type                Incr(ns)  Path(ns)    Netlist Resource(s)
  -------------------------------------------------------------------    -------------------
                         (clock clk_i rise edge)      0.000     0.000 r  
                                                      0.000     0.000 r  clk_i (IN)
                         net (fo=2885, unset)         0.787     0.787    clk_i
                         FDCE                                         r  lane_popcnt_q_reg[3][2]/C
  -------------------------------------------------------------------    -------------------
                         FDCE (Prop_fdce_C_Q)         0.433     1.220 r  lane_popcnt_q_reg[3][2]/Q
                         net (fo=2, unplaced)         0.610     1.830    lane_popcnt_q_reg[3][2]
                         LUT3 (Prop_lut3_I0_O)        0.232     2.062 r  hmatch_best_dist_q[3]_i_15/O
                         net (fo=3, unplaced)         0.365     2.427    hmatch_best_dist_q[3]_i_15_n_0
                         LUT5 (Prop_lut5_I3_O)        0.105     2.532 r  hmatch_best_dist_q[3]_i_8/O
                         net (fo=2, unplaced)         0.358     2.890    hmatch_best_dist_q[3]_i_8_n_0
                         LUT6 (Prop_lut6_I0_O)        0.105     2.995 r  hmatch_best_dist_q[3]_i_11/O
                         net (fo=1, unplaced)         0.000     2.995    hmatch_best_dist_q[3]_i_11_n_0
                         CARRY4 (Prop_carry4_S[3]_CO[3])
                                                      0.314     3.309 r  hmatch_best_dist_q_reg[3]_i_7/CO[3]
                         net (fo=1, unplaced)         0.008     3.317    hmatch_best_dist_q_reg[3]_i_7_n_0
                         CARRY4 (Prop_carry4_CI_O[3])
                                                      0.277     3.594 r  hmatch_best_dist_q_reg[7]_i_7/O[3]
                         net (fo=2, unplaced)         0.530     4.124    hmatch_best_dist_q_reg[7]_i_7_n_4
                         LUT2 (Prop_lut2_I1_O)        0.250     4.374 r  hmatch_budget_q[7]_i_3/O
                         net (fo=1, unplaced)         0.000     4.374    hmatch_budget_q[7]_i_3_n_0
                         CARRY4 (Prop_carry4_S[3]_CO[3])
                                                      0.314     4.688 r  hmatch_budget_q_reg[7]_i_2/CO[3]
                         net (fo=1, unplaced)         0.000     4.688    hmatch_budget_q_reg[7]_i_2_n_0
                         CARRY4 (Prop_carry4_CI_O[2])
                                                      0.214     4.902 f  hmatch_budget_q_reg[9]_i_2/O[2]
                         net (fo=2, unplaced)         0.595     5.497    update_best2[10]
                         LUT4 (Prop_lut4_I0_O)        0.244     5.741 r  hmatch_best_idx_q[7]_i_4/O
                         net (fo=1, unplaced)         0.347     6.088    hmatch_best_idx_q[7]_i_4_n_0
                         LUT6 (Prop_lut6_I3_O)        0.105     6.193 r  hmatch_best_idx_q[7]_i_3/O
                         net (fo=4, unplaced)         0.371     6.564    hmatch_best_idx_q[7]_i_3_n_0
                         LUT5 (Prop_lut5_I1_O)        0.105     6.669 r  hmatch_best_dist_q[10]_i_3/O
                         net (fo=13, unplaced)        0.397     7.066    hmatch_best_dist_q[10]_i_3_n_0
                         LUT4 (Prop_lut4_I3_O)        0.105     7.171 r  hmatch_best_dist_q[5]_i_1/O
                         net (fo=1, unplaced)         0.000     7.171    hmatch_best_dist_q[5]_i_1_n_0
                         FDCE                                         r  hmatch_best_dist_q_reg[5]/D
  -------------------------------------------------------------------    -------------------

                         (clock clk_i rise edge)      5.714     5.714 r  
                                                      0.000     5.714 r  clk_i (IN)
                         net (fo=2885, unset)         0.748     6.462    clk_i
                         FDCE                                         r  hmatch_best_dist_q_reg[5]/C
                         clock pessimism              0.000     6.462    
                         clock uncertainty           -0.035     6.426    
                         FDCE (Setup_fdce_C_D)        0.072     6.498    hmatch_best_dist_q_reg[5]
  -------------------------------------------------------------------
                         required time                          6.498    
                         arrival time                          -7.171    
  -------------------------------------------------------------------
                         slack                                 -0.673    

Slack (VIOLATED) :        -0.673ns  (required time - arrival time)
  Source:                 lane_popcnt_q_reg[3][2]/C
                            (rising edge-triggered cell FDCE clocked by clk_i  {rise@0.000ns fall@2.857ns period=5.714ns})
  Destination:            hmatch_best_dist_q_reg[6]/D
                            (rising edge-triggered cell FDCE clocked by clk_i  {rise@0.000ns fall@2.857ns period=5.714ns})
  Path Group:             clk_i
  Path Type:              Setup (Max at Slow Process Corner)
  Requirement:            5.714ns  (clk_i rise@5.714ns - clk_i rise@0.000ns)
  Data Path Delay:        6.384ns  (logic 2.803ns (43.907%)  route 3.581ns (56.093%))
  Logic Levels:           12  (CARRY4=4 LUT2=1 LUT3=1 LUT4=2 LUT5=2 LUT6=2)
  Clock Path Skew:        -0.039ns (DCD - SCD + CPR)
    Destination Clock Delay (DCD):    0.748ns = ( 6.462 - 5.714 ) 
    Source Clock Delay      (SCD):    0.787ns
    Clock Pessimism Removal (CPR):    0.000ns
  Clock Uncertainty:      0.035ns  ((TSJ^2 + TIJ^2)^1/2 + DJ) / 2 + PE
    Total System Jitter     (TSJ):    0.071ns
    Total Input Jitter      (TIJ):    0.000ns
    Discrete Jitter          (DJ):    0.000ns
    Phase Error              (PE):    0.000ns

    Location             Delay type                Incr(ns)  Path(ns)    Netlist Resource(s)
  -------------------------------------------------------------------    -------------------
                         (clock clk_i rise edge)      0.000     0.000 r  
                                                      0.000     0.000 r  clk_i (IN)
                         net (fo=2885, unset)         0.787     0.787    clk_i
                         FDCE                                         r  lane_popcnt_q_reg[3][2]/C
  -------------------------------------------------------------------    -------------------
                         FDCE (Prop_fdce_C_Q)         0.433     1.220 r  lane_popcnt_q_reg[3][2]/Q
                         net (fo=2, unplaced)         0.610     1.830    lane_popcnt_q_reg[3][2]
                         LUT3 (Prop_lut3_I0_O)        0.232     2.062 r  hmatch_best_dist_q[3]_i_15/O
                         net (fo=3, unplaced)         0.365     2.427    hmatch_best_dist_q[3]_i_15_n_0
                         LUT5 (Prop_lut5_I3_O)        0.105     2.532 r  hmatch_best_dist_q[3]_i_8/O
                         net (fo=2, unplaced)         0.358     2.890    hmatch_best_dist_q[3]_i_8_n_0
                         LUT6 (Prop_lut6_I0_O)        0.105     2.995 r  hmatch_best_dist_q[3]_i_11/O
                         net (fo=1, unplaced)         0.000     2.995    hmatch_best_dist_q[3]_i_11_n_0
                         CARRY4 (Prop_carry4_S[3]_CO[3])
                                                      0.314     3.309 r  hmatch_best_dist_q_reg[3]_i_7/CO[3]
                         net (fo=1, unplaced)         0.008     3.317    hmatch_best_dist_q_reg[3]_i_7_n_0
                         CARRY4 (Prop_carry4_CI_O[3])
                                                      0.277     3.594 r  hmatch_best_dist_q_reg[7]_i_7/O[3]
                         net (fo=2, unplaced)         0.530     4.124    hmatch_best_dist_q_reg[7]_i_7_n_4
                         LUT2 (Prop_lut2_I1_O)        0.250     4.374 r  hmatch_budget_q[7]_i_3/O
                         net (fo=1, unplaced)         0.000     4.374    hmatch_budget_q[7]_i_3_n_0
                         CARRY4 (Prop_carry4_S[3]_CO[3])
                                                      0.314     4.688 r  hmatch_budget_q_reg[7]_i_2/CO[3]
                         net (fo=1, unplaced)         0.000     4.688    hmatch_budget_q_reg[7]_i_2_n_0
                         CARRY4 (Prop_carry4_CI_O[2])
                                                      0.214     4.902 f  hmatch_budget_q_reg[9]_i_2/O[2]
                         net (fo=2, unplaced)         0.595     5.497    update_best2[10]
                         LUT4 (Prop_lut4_I0_O)        0.244     5.741 r  hmatch_best_idx_q[7]_i_4/O
                         net (fo=1, unplaced)         0.347     6.088    hmatch_best_idx_q[7]_i_4_n_0
                         LUT6 (Prop_lut6_I3_O)        0.105     6.193 r  hmatch_best_idx_q[7]_i_3/O
                         net (fo=4, unplaced)         0.371     6.564    hmatch_best_idx_q[7]_i_3_n_0
                         LUT5 (Prop_lut5_I1_O)        0.105     6.669 r  hmatch_best_dist_q[10]_i_3/O
                         net (fo=13, unplaced)        0.397     7.066    hmatch_best_dist_q[10]_i_3_n_0
                         LUT4 (Prop_lut4_I3_O)        0.105     7.171 r  hmatch_best_dist_q[6]_i_1/O
                         net (fo=1, unplaced)         0.000     7.171    hmatch_best_dist_q[6]_i_1_n_0
                         FDCE                                         r  hmatch_best_dist_q_reg[6]/D
  -------------------------------------------------------------------    -------------------

                         (clock clk_i rise edge)      5.714     5.714 r  
                                                      0.000     5.714 r  clk_i (IN)
                         net (fo=2885, unset)         0.748     6.462    clk_i
                         FDCE                                         r  hmatch_best_dist_q_reg[6]/C
                         clock pessimism              0.000     6.462    
                         clock uncertainty           -0.035     6.426    
                         FDCE (Setup_fdce_C_D)        0.072     6.498    hmatch_best_dist_q_reg[6]
  -------------------------------------------------------------------
                         required time                          6.498    
                         arrival time                          -7.171    
  -------------------------------------------------------------------
                         slack                                 -0.673    

Slack (VIOLATED) :        -0.673ns  (required time - arrival time)
  Source:                 lane_popcnt_q_reg[3][2]/C
                            (rising edge-triggered cell FDCE clocked by clk_i  {rise@0.000ns fall@2.857ns period=5.714ns})
  Destination:            hmatch_best_dist_q_reg[7]/D
                            (rising edge-triggered cell FDCE clocked by clk_i  {rise@0.000ns fall@2.857ns period=5.714ns})
  Path Group:             clk_i
  Path Type:              Setup (Max at Slow Process Corner)
  Requirement:            5.714ns  (clk_i rise@5.714ns - clk_i rise@0.000ns)
  Data Path Delay:        6.384ns  (logic 2.803ns (43.907%)  route 3.581ns (56.093%))
  Logic Levels:           12  (CARRY4=4 LUT2=1 LUT3=1 LUT4=2 LUT5=2 LUT6=2)
  Clock Path Skew:        -0.039ns (DCD - SCD + CPR)
    Destination Clock Delay (DCD):    0.748ns = ( 6.462 - 5.714 ) 
    Source Clock Delay      (SCD):    0.787ns
    Clock Pessimism Removal (CPR):    0.000ns
  Clock Uncertainty:      0.035ns  ((TSJ^2 + TIJ^2)^1/2 + DJ) / 2 + PE
    Total System Jitter     (TSJ):    0.071ns
    Total Input Jitter      (TIJ):    0.000ns
    Discrete Jitter          (DJ):    0.000ns
    Phase Error              (PE):    0.000ns

    Location             Delay type                Incr(ns)  Path(ns)    Netlist Resource(s)
  -------------------------------------------------------------------    -------------------
                         (clock clk_i rise edge)      0.000     0.000 r  
                                                      0.000     0.000 r  clk_i (IN)
                         net (fo=2885, unset)         0.787     0.787    clk_i
                         FDCE                                         r  lane_popcnt_q_reg[3][2]/C
  -------------------------------------------------------------------    -------------------
                         FDCE (Prop_fdce_C_Q)         0.433     1.220 r  lane_popcnt_q_reg[3][2]/Q
                         net (fo=2, unplaced)         0.610     1.830    lane_popcnt_q_reg[3][2]
                         LUT3 (Prop_lut3_I0_O)        0.232     2.062 r  hmatch_best_dist_q[3]_i_15/O
                         net (fo=3, unplaced)         0.365     2.427    hmatch_best_dist_q[3]_i_15_n_0
                         LUT5 (Prop_lut5_I3_O)        0.105     2.532 r  hmatch_best_dist_q[3]_i_8/O
                         net (fo=2, unplaced)         0.358     2.890    hmatch_best_dist_q[3]_i_8_n_0
                         LUT6 (Prop_lut6_I0_O)        0.105     2.995 r  hmatch_best_dist_q[3]_i_11/O
                         net (fo=1, unplaced)         0.000     2.995    hmatch_best_dist_q[3]_i_11_n_0
                         CARRY4 (Prop_carry4_S[3]_CO[3])
                                                      0.314     3.309 r  hmatch_best_dist_q_reg[3]_i_7/CO[3]
                         net (fo=1, unplaced)         0.008     3.317    hmatch_best_dist_q_reg[3]_i_7_n_0
                         CARRY4 (Prop_carry4_CI_O[3])
                                                      0.277     3.594 r  hmatch_best_dist_q_reg[7]_i_7/O[3]
                         net (fo=2, unplaced)         0.530     4.124    hmatch_best_dist_q_reg[7]_i_7_n_4
                         LUT2 (Prop_lut2_I1_O)        0.250     4.374 r  hmatch_budget_q[7]_i_3/O
                         net (fo=1, unplaced)         0.000     4.374    hmatch_budget_q[7]_i_3_n_0
                         CARRY4 (Prop_carry4_S[3]_CO[3])
                                                      0.314     4.688 r  hmatch_budget_q_reg[7]_i_2/CO[3]
                         net (fo=1, unplaced)         0.000     4.688    hmatch_budget_q_reg[7]_i_2_n_0
                         CARRY4 (Prop_carry4_CI_O[2])
                                                      0.214     4.902 f  hmatch_budget_q_reg[9]_i_2/O[2]
                         net (fo=2, unplaced)         0.595     5.497    update_best2[10]
                         LUT4 (Prop_lut4_I0_O)        0.244     5.741 r  hmatch_best_idx_q[7]_i_4/O
                         net (fo=1, unplaced)         0.347     6.088    hmatch_best_idx_q[7]_i_4_n_0
                         LUT6 (Prop_lut6_I3_O)        0.105     6.193 r  hmatch_best_idx_q[7]_i_3/O
                         net (fo=4, unplaced)         0.371     6.564    hmatch_best_idx_q[7]_i_3_n_0
                         LUT5 (Prop_lut5_I1_O)        0.105     6.669 r  hmatch_best_dist_q[10]_i_3/O
                         net (fo=13, unplaced)        0.397     7.066    hmatch_best_dist_q[10]_i_3_n_0
                         LUT4 (Prop_lut4_I3_O)        0.105     7.171 r  hmatch_best_dist_q[7]_i_1/O
                         net (fo=1, unplaced)         0.000     7.171    hmatch_best_dist_q[7]_i_1_n_0
                         FDCE                                         r  hmatch_best_dist_q_reg[7]/D
  -------------------------------------------------------------------    -------------------

                         (clock clk_i rise edge)      5.714     5.714 r  
                                                      0.000     5.714 r  clk_i (IN)
                         net (fo=2885, unset)         0.748     6.462    clk_i
                         FDCE                                         r  hmatch_best_dist_q_reg[7]/C
                         clock pessimism              0.000     6.462    
                         clock uncertainty           -0.035     6.426    
                         FDCE (Setup_fdce_C_D)        0.072     6.498    hmatch_best_dist_q_reg[7]
  -------------------------------------------------------------------
                         required time                          6.498    
                         arrival time                          -7.171    
  -------------------------------------------------------------------
                         slack                                 -0.673    

Slack (VIOLATED) :        -0.673ns  (required time - arrival time)
  Source:                 lane_popcnt_q_reg[3][2]/C
                            (rising edge-triggered cell FDCE clocked by clk_i  {rise@0.000ns fall@2.857ns period=5.714ns})
  Destination:            hmatch_best_dist_q_reg[8]/D
                            (rising edge-triggered cell FDCE clocked by clk_i  {rise@0.000ns fall@2.857ns period=5.714ns})
  Path Group:             clk_i
  Path Type:              Setup (Max at Slow Process Corner)
  Requirement:            5.714ns  (clk_i rise@5.714ns - clk_i rise@0.000ns)
  Data Path Delay:        6.384ns  (logic 2.803ns (43.907%)  route 3.581ns (56.093%))
  Logic Levels:           12  (CARRY4=4 LUT2=1 LUT3=1 LUT4=2 LUT5=2 LUT6=2)
  Clock Path Skew:        -0.039ns (DCD - SCD + CPR)
    Destination Clock Delay (DCD):    0.748ns = ( 6.462 - 5.714 ) 
    Source Clock Delay      (SCD):    0.787ns
    Clock Pessimism Removal (CPR):    0.000ns
  Clock Uncertainty:      0.035ns  ((TSJ^2 + TIJ^2)^1/2 + DJ) / 2 + PE
    Total System Jitter     (TSJ):    0.071ns
    Total Input Jitter      (TIJ):    0.000ns
    Discrete Jitter          (DJ):    0.000ns
    Phase Error              (PE):    0.000ns

    Location             Delay type                Incr(ns)  Path(ns)    Netlist Resource(s)
  -------------------------------------------------------------------    -------------------
                         (clock clk_i rise edge)      0.000     0.000 r  
                                                      0.000     0.000 r  clk_i (IN)
                         net (fo=2885, unset)         0.787     0.787    clk_i
                         FDCE                                         r  lane_popcnt_q_reg[3][2]/C
  -------------------------------------------------------------------    -------------------
                         FDCE (Prop_fdce_C_Q)         0.433     1.220 r  lane_popcnt_q_reg[3][2]/Q
                         net (fo=2, unplaced)         0.610     1.830    lane_popcnt_q_reg[3][2]
                         LUT3 (Prop_lut3_I0_O)        0.232     2.062 r  hmatch_best_dist_q[3]_i_15/O
                         net (fo=3, unplaced)         0.365     2.427    hmatch_best_dist_q[3]_i_15_n_0
                         LUT5 (Prop_lut5_I3_O)        0.105     2.532 r  hmatch_best_dist_q[3]_i_8/O
                         net (fo=2, unplaced)         0.358     2.890    hmatch_best_dist_q[3]_i_8_n_0
                         LUT6 (Prop_lut6_I0_O)        0.105     2.995 r  hmatch_best_dist_q[3]_i_11/O
                         net (fo=1, unplaced)         0.000     2.995    hmatch_best_dist_q[3]_i_11_n_0
                         CARRY4 (Prop_carry4_S[3]_CO[3])
                                                      0.314     3.309 r  hmatch_best_dist_q_reg[3]_i_7/CO[3]
                         net (fo=1, unplaced)         0.008     3.317    hmatch_best_dist_q_reg[3]_i_7_n_0
                         CARRY4 (Prop_carry4_CI_O[3])
                                                      0.277     3.594 r  hmatch_best_dist_q_reg[7]_i_7/O[3]
                         net (fo=2, unplaced)         0.530     4.124    hmatch_best_dist_q_reg[7]_i_7_n_4
                         LUT2 (Prop_lut2_I1_O)        0.250     4.374 r  hmatch_budget_q[7]_i_3/O
                         net (fo=1, unplaced)         0.000     4.374    hmatch_budget_q[7]_i_3_n_0
                         CARRY4 (Prop_carry4_S[3]_CO[3])
                                                      0.314     4.688 r  hmatch_budget_q_reg[7]_i_2/CO[3]
                         net (fo=1, unplaced)         0.000     4.688    hmatch_budget_q_reg[7]_i_2_n_0
                         CARRY4 (Prop_carry4_CI_O[2])
                                                      0.214     4.902 f  hmatch_budget_q_reg[9]_i_2/O[2]
                         net (fo=2, unplaced)         0.595     5.497    update_best2[10]
                         LUT4 (Prop_lut4_I0_O)        0.244     5.741 r  hmatch_best_idx_q[7]_i_4/O
                         net (fo=1, unplaced)         0.347     6.088    hmatch_best_idx_q[7]_i_4_n_0
                         LUT6 (Prop_lut6_I3_O)        0.105     6.193 r  hmatch_best_idx_q[7]_i_3/O
                         net (fo=4, unplaced)         0.371     6.564    hmatch_best_idx_q[7]_i_3_n_0
                         LUT5 (Prop_lut5_I1_O)        0.105     6.669 r  hmatch_best_dist_q[10]_i_3/O
                         net (fo=13, unplaced)        0.397     7.066    hmatch_best_dist_q[10]_i_3_n_0
                         LUT4 (Prop_lut4_I3_O)        0.105     7.171 r  hmatch_best_dist_q[8]_i_1/O
                         net (fo=1, unplaced)         0.000     7.171    hmatch_best_dist_q[8]_i_1_n_0
                         FDCE                                         r  hmatch_best_dist_q_reg[8]/D
  -------------------------------------------------------------------    -------------------

                         (clock clk_i rise edge)      5.714     5.714 r  
                                                      0.000     5.714 r  clk_i (IN)
                         net (fo=2885, unset)         0.748     6.462    clk_i
                         FDCE                                         r  hmatch_best_dist_q_reg[8]/C
                         clock pessimism              0.000     6.462    
                         clock uncertainty           -0.035     6.426    
                         FDCE (Setup_fdce_C_D)        0.072     6.498    hmatch_best_dist_q_reg[8]
  -------------------------------------------------------------------
                         required time                          6.498    
                         arrival time                          -7.171    
  -------------------------------------------------------------------
                         slack                                 -0.673    

Slack (VIOLATED) :        -0.673ns  (required time - arrival time)
  Source:                 lane_popcnt_q_reg[3][2]/C
                            (rising edge-triggered cell FDCE clocked by clk_i  {rise@0.000ns fall@2.857ns period=5.714ns})
  Destination:            hmatch_best_dist_q_reg[9]/D
                            (rising edge-triggered cell FDCE clocked by clk_i  {rise@0.000ns fall@2.857ns period=5.714ns})
  Path Group:             clk_i
  Path Type:              Setup (Max at Slow Process Corner)
  Requirement:            5.714ns  (clk_i rise@5.714ns - clk_i rise@0.000ns)
  Data Path Delay:        6.384ns  (logic 2.803ns (43.907%)  route 3.581ns (56.093%))
  Logic Levels:           12  (CARRY4=4 LUT2=1 LUT3=1 LUT4=2 LUT5=2 LUT6=2)
  Clock Path Skew:        -0.039ns (DCD - SCD + CPR)
    Destination Clock Delay (DCD):    0.748ns = ( 6.462 - 5.714 ) 
    Source Clock Delay      (SCD):    0.787ns
    Clock Pessimism Removal (CPR):    0.000ns
  Clock Uncertainty:      0.035ns  ((TSJ^2 + TIJ^2)^1/2 + DJ) / 2 + PE
    Total System Jitter     (TSJ):    0.071ns
    Total Input Jitter      (TIJ):    0.000ns
    Discrete Jitter          (DJ):    0.000ns
    Phase Error              (PE):    0.000ns

    Location             Delay type                Incr(ns)  Path(ns)    Netlist Resource(s)
  -------------------------------------------------------------------    -------------------
                         (clock clk_i rise edge)      0.000     0.000 r  
                                                      0.000     0.000 r  clk_i (IN)
                         net (fo=2885, unset)         0.787     0.787    clk_i
                         FDCE                                         r  lane_popcnt_q_reg[3][2]/C
  -------------------------------------------------------------------    -------------------
                         FDCE (Prop_fdce_C_Q)         0.433     1.220 r  lane_popcnt_q_reg[3][2]/Q
                         net (fo=2, unplaced)         0.610     1.830    lane_popcnt_q_reg[3][2]
                         LUT3 (Prop_lut3_I0_O)        0.232     2.062 r  hmatch_best_dist_q[3]_i_15/O
                         net (fo=3, unplaced)         0.365     2.427    hmatch_best_dist_q[3]_i_15_n_0
                         LUT5 (Prop_lut5_I3_O)        0.105     2.532 r  hmatch_best_dist_q[3]_i_8/O
                         net (fo=2, unplaced)         0.358     2.890    hmatch_best_dist_q[3]_i_8_n_0
                         LUT6 (Prop_lut6_I0_O)        0.105     2.995 r  hmatch_best_dist_q[3]_i_11/O
                         net (fo=1, unplaced)         0.000     2.995    hmatch_best_dist_q[3]_i_11_n_0
                         CARRY4 (Prop_carry4_S[3]_CO[3])
                                                      0.314     3.309 r  hmatch_best_dist_q_reg[3]_i_7/CO[3]
                         net (fo=1, unplaced)         0.008     3.317    hmatch_best_dist_q_reg[3]_i_7_n_0
                         CARRY4 (Prop_carry4_CI_O[3])
                                                      0.277     3.594 r  hmatch_best_dist_q_reg[7]_i_7/O[3]
                         net (fo=2, unplaced)         0.530     4.124    hmatch_best_dist_q_reg[7]_i_7_n_4
                         LUT2 (Prop_lut2_I1_O)        0.250     4.374 r  hmatch_budget_q[7]_i_3/O
                         net (fo=1, unplaced)         0.000     4.374    hmatch_budget_q[7]_i_3_n_0
                         CARRY4 (Prop_carry4_S[3]_CO[3])
                                                      0.314     4.688 r  hmatch_budget_q_reg[7]_i_2/CO[3]
                         net (fo=1, unplaced)         0.000     4.688    hmatch_budget_q_reg[7]_i_2_n_0
                         CARRY4 (Prop_carry4_CI_O[2])
                                                      0.214     4.902 f  hmatch_budget_q_reg[9]_i_2/O[2]
                         net (fo=2, unplaced)         0.595     5.497    update_best2[10]
                         LUT4 (Prop_lut4_I0_O)        0.244     5.741 r  hmatch_best_idx_q[7]_i_4/O
                         net (fo=1, unplaced)         0.347     6.088    hmatch_best_idx_q[7]_i_4_n_0
                         LUT6 (Prop_lut6_I3_O)        0.105     6.193 r  hmatch_best_idx_q[7]_i_3/O
                         net (fo=4, unplaced)         0.371     6.564    hmatch_best_idx_q[7]_i_3_n_0
                         LUT5 (Prop_lut5_I1_O)        0.105     6.669 r  hmatch_best_dist_q[10]_i_3/O
                         net (fo=13, unplaced)        0.397     7.066    hmatch_best_dist_q[10]_i_3_n_0
                         LUT4 (Prop_lut4_I3_O)        0.105     7.171 r  hmatch_best_dist_q[9]_i_1/O
                         net (fo=1, unplaced)         0.000     7.171    hmatch_best_dist_q[9]_i_1_n_0
                         FDCE                                         r  hmatch_best_dist_q_reg[9]/D
  -------------------------------------------------------------------    -------------------

                         (clock clk_i rise edge)      5.714     5.714 r  
                                                      0.000     5.714 r  clk_i (IN)
                         net (fo=2885, unset)         0.748     6.462    clk_i
                         FDCE                                         r  hmatch_best_dist_q_reg[9]/C
                         clock pessimism              0.000     6.462    
                         clock uncertainty           -0.035     6.426    
                         FDCE (Setup_fdce_C_D)        0.072     6.498    hmatch_best_dist_q_reg[9]
  -------------------------------------------------------------------
                         required time                          6.498    
                         arrival time                          -7.171    
  -------------------------------------------------------------------
                         slack                                 -0.673    




