Copyright 1986-2022 Xilinx, Inc. All Rights Reserved. Copyright 2022-2024 Advanced Micro Devices, Inc. All Rights Reserved.
-------------------------------------------------------------------------------------------------------------------------------------------------------------------------------------------------------------------------------------------------------
| Tool Version : Vivado v.2024.2 (win64) Build 5239630 Fri Nov 08 22:35:27 MST 2024
| Date         : Sun Jun  7 12:02:24 2026
| Host         : WIN-20240824NZS running 64-bit major release  (build 9200)
| Command      : report_timing -delay_type max -sort_by slack -max_paths 20 -nworst 1 -to {i_vrf/lane_result_q[3][8]_i_7/I2} -file E:/HDEC/cva6-vhdc-core/reports/vivado/ooc_hdec_hmatch_countdown_v1_ff838841/175mhz/groups/05c_hmatch_best_idx_D.rpt
| Design       : hdec_top
| Device       : 7z020-clg400
| Speed File   : -2  PRODUCTION 1.12 2019-11-22
| Design State : Synthesized
-------------------------------------------------------------------------------------------------------------------------------------------------------------------------------------------------------------------------------------------------------

Timing Report

Slack (MET) :             4.586ns  (required time - arrival time)
  Source:                 FSM_onehot_st_q_reg[7]/C
                            (rising edge-triggered cell FDCE clocked by clk_i  {rise@0.000ns fall@2.857ns period=5.714ns})
  Destination:            hmatch_best_idx_q_reg[1]/D
                            (rising edge-triggered cell FDCE clocked by clk_i  {rise@0.000ns fall@2.857ns period=5.714ns})
  Path Group:             clk_i
  Path Type:              Setup (Max at Slow Process Corner)
  Requirement:            5.714ns  (clk_i rise@5.714ns - clk_i rise@0.000ns)
  Data Path Delay:        1.125ns  (logic 0.685ns (60.889%)  route 0.440ns (39.111%))
  Logic Levels:           1  (LUT2=1)
  Clock Path Skew:        -0.039ns (DCD - SCD + CPR)
    Destination Clock Delay (DCD):    0.748ns = ( 6.462 - 5.714 ) 
    Source Clock Delay      (SCD):    0.787ns
    Clock Pessimism Removal (CPR):    0.000ns
  Clock Uncertainty:      0.035ns  ((TSJ^2 + TIJ^2)^1/2 + DJ) / 2 + PE
    Total System Jitter     (TSJ):    0.071ns
    Total Input Jitter      (TIJ):    0.000ns
    Discrete Jitter          (DJ):    0.000ns
    Phase Error              (PE):    0.000ns

    Location             Delay type                Incr(ns)  Path(ns)    Netlist Resource(s)
  -------------------------------------------------------------------    -------------------
                         (clock clk_i rise edge)      0.000     0.000 r  
                                                      0.000     0.000 r  clk_i (IN)
                         net (fo=2885, unset)         0.787     0.787    clk_i
                         FDCE                                         r  FSM_onehot_st_q_reg[7]/C
  -------------------------------------------------------------------    -------------------
                         FDCE (Prop_fdce_C_Q)         0.433     1.220 r  FSM_onehot_st_q_reg[7]/Q
                         net (fo=42, unplaced)        0.440     1.660    FSM_onehot_st_q_reg_n_0_[7]
                         LUT2 (Prop_lut2_I0_O)        0.252     1.912 r  hmatch_best_idx_q[1]_i_1/O
                         net (fo=1, unplaced)         0.000     1.912    hmatch_best_idx_q[1]_i_1_n_0
                         FDCE                                         r  hmatch_best_idx_q_reg[1]/D
  -------------------------------------------------------------------    -------------------

                         (clock clk_i rise edge)      5.714     5.714 r  
                                                      0.000     5.714 r  clk_i (IN)
                         net (fo=2885, unset)         0.748     6.462    clk_i
                         FDCE                                         r  hmatch_best_idx_q_reg[1]/C
                         clock pessimism              0.000     6.462    
                         clock uncertainty           -0.035     6.426    
                         FDCE (Setup_fdce_C_D)        0.072     6.498    hmatch_best_idx_q_reg[1]
  -------------------------------------------------------------------
                         required time                          6.498    
                         arrival time                          -1.912    
  -------------------------------------------------------------------
                         slack                                  4.586    

Slack (MET) :             4.586ns  (required time - arrival time)
  Source:                 FSM_onehot_st_q_reg[7]/C
                            (rising edge-triggered cell FDCE clocked by clk_i  {rise@0.000ns fall@2.857ns period=5.714ns})
  Destination:            hmatch_best_idx_q_reg[3]/D
                            (rising edge-triggered cell FDCE clocked by clk_i  {rise@0.000ns fall@2.857ns period=5.714ns})
  Path Group:             clk_i
  Path Type:              Setup (Max at Slow Process Corner)
  Requirement:            5.714ns  (clk_i rise@5.714ns - clk_i rise@0.000ns)
  Data Path Delay:        1.125ns  (logic 0.685ns (60.889%)  route 0.440ns (39.111%))
  Logic Levels:           1  (LUT2=1)
  Clock Path Skew:        -0.039ns (DCD - SCD + CPR)
    Destination Clock Delay (DCD):    0.748ns = ( 6.462 - 5.714 ) 
    Source Clock Delay      (SCD):    0.787ns
    Clock Pessimism Removal (CPR):    0.000ns
  Clock Uncertainty:      0.035ns  ((TSJ^2 + TIJ^2)^1/2 + DJ) / 2 + PE
    Total System Jitter     (TSJ):    0.071ns
    Total Input Jitter      (TIJ):    0.000ns
    Discrete Jitter          (DJ):    0.000ns
    Phase Error              (PE):    0.000ns

    Location             Delay type                Incr(ns)  Path(ns)    Netlist Resource(s)
  -------------------------------------------------------------------    -------------------
                         (clock clk_i rise edge)      0.000     0.000 r  
                                                      0.000     0.000 r  clk_i (IN)
                         net (fo=2885, unset)         0.787     0.787    clk_i
                         FDCE                                         r  FSM_onehot_st_q_reg[7]/C
  -------------------------------------------------------------------    -------------------
                         FDCE (Prop_fdce_C_Q)         0.433     1.220 r  FSM_onehot_st_q_reg[7]/Q
                         net (fo=42, unplaced)        0.440     1.660    FSM_onehot_st_q_reg_n_0_[7]
                         LUT2 (Prop_lut2_I0_O)        0.252     1.912 r  hmatch_best_idx_q[3]_i_1/O
                         net (fo=1, unplaced)         0.000     1.912    hmatch_best_idx_q[3]_i_1_n_0
                         FDCE                                         r  hmatch_best_idx_q_reg[3]/D
  -------------------------------------------------------------------    -------------------

                         (clock clk_i rise edge)      5.714     5.714 r  
                                                      0.000     5.714 r  clk_i (IN)
                         net (fo=2885, unset)         0.748     6.462    clk_i
                         FDCE                                         r  hmatch_best_idx_q_reg[3]/C
                         clock pessimism              0.000     6.462    
                         clock uncertainty           -0.035     6.426    
                         FDCE (Setup_fdce_C_D)        0.072     6.498    hmatch_best_idx_q_reg[3]
  -------------------------------------------------------------------
                         required time                          6.498    
                         arrival time                          -1.912    
  -------------------------------------------------------------------
                         slack                                  4.586    

Slack (MET) :             4.586ns  (required time - arrival time)
  Source:                 FSM_onehot_st_q_reg[7]/C
                            (rising edge-triggered cell FDCE clocked by clk_i  {rise@0.000ns fall@2.857ns period=5.714ns})
  Destination:            hmatch_best_idx_q_reg[5]/D
                            (rising edge-triggered cell FDCE clocked by clk_i  {rise@0.000ns fall@2.857ns period=5.714ns})
  Path Group:             clk_i
  Path Type:              Setup (Max at Slow Process Corner)
  Requirement:            5.714ns  (clk_i rise@5.714ns - clk_i rise@0.000ns)
  Data Path Delay:        1.125ns  (logic 0.685ns (60.889%)  route 0.440ns (39.111%))
  Logic Levels:           1  (LUT2=1)
  Clock Path Skew:        -0.039ns (DCD - SCD + CPR)
    Destination Clock Delay (DCD):    0.748ns = ( 6.462 - 5.714 ) 
    Source Clock Delay      (SCD):    0.787ns
    Clock Pessimism Removal (CPR):    0.000ns
  Clock Uncertainty:      0.035ns  ((TSJ^2 + TIJ^2)^1/2 + DJ) / 2 + PE
    Total System Jitter     (TSJ):    0.071ns
    Total Input Jitter      (TIJ):    0.000ns
    Discrete Jitter          (DJ):    0.000ns
    Phase Error              (PE):    0.000ns

    Location             Delay type                Incr(ns)  Path(ns)    Netlist Resource(s)
  -------------------------------------------------------------------    -------------------
                         (clock clk_i rise edge)      0.000     0.000 r  
                                                      0.000     0.000 r  clk_i (IN)
                         net (fo=2885, unset)         0.787     0.787    clk_i
                         FDCE                                         r  FSM_onehot_st_q_reg[7]/C
  -------------------------------------------------------------------    -------------------
                         FDCE (Prop_fdce_C_Q)         0.433     1.220 r  FSM_onehot_st_q_reg[7]/Q
                         net (fo=42, unplaced)        0.440     1.660    FSM_onehot_st_q_reg_n_0_[7]
                         LUT2 (Prop_lut2_I0_O)        0.252     1.912 r  hmatch_best_idx_q[5]_i_1/O
                         net (fo=1, unplaced)         0.000     1.912    hmatch_best_idx_q[5]_i_1_n_0
                         FDCE                                         r  hmatch_best_idx_q_reg[5]/D
  -------------------------------------------------------------------    -------------------

                         (clock clk_i rise edge)      5.714     5.714 r  
                                                      0.000     5.714 r  clk_i (IN)
                         net (fo=2885, unset)         0.748     6.462    clk_i
                         FDCE                                         r  hmatch_best_idx_q_reg[5]/C
                         clock pessimism              0.000     6.462    
                         clock uncertainty           -0.035     6.426    
                         FDCE (Setup_fdce_C_D)        0.072     6.498    hmatch_best_idx_q_reg[5]
  -------------------------------------------------------------------
                         required time                          6.498    
                         arrival time                          -1.912    
  -------------------------------------------------------------------
                         slack                                  4.586    

Slack (MET) :             4.586ns  (required time - arrival time)
  Source:                 FSM_onehot_st_q_reg[7]/C
                            (rising edge-triggered cell FDCE clocked by clk_i  {rise@0.000ns fall@2.857ns period=5.714ns})
  Destination:            hmatch_best_idx_q_reg[7]/D
                            (rising edge-triggered cell FDCE clocked by clk_i  {rise@0.000ns fall@2.857ns period=5.714ns})
  Path Group:             clk_i
  Path Type:              Setup (Max at Slow Process Corner)
  Requirement:            5.714ns  (clk_i rise@5.714ns - clk_i rise@0.000ns)
  Data Path Delay:        1.125ns  (logic 0.685ns (60.889%)  route 0.440ns (39.111%))
  Logic Levels:           1  (LUT2=1)
  Clock Path Skew:        -0.039ns (DCD - SCD + CPR)
    Destination Clock Delay (DCD):    0.748ns = ( 6.462 - 5.714 ) 
    Source Clock Delay      (SCD):    0.787ns
    Clock Pessimism Removal (CPR):    0.000ns
  Clock Uncertainty:      0.035ns  ((TSJ^2 + TIJ^2)^1/2 + DJ) / 2 + PE
    Total System Jitter     (TSJ):    0.071ns
    Total Input Jitter      (TIJ):    0.000ns
    Discrete Jitter          (DJ):    0.000ns
    Phase Error              (PE):    0.000ns

    Location             Delay type                Incr(ns)  Path(ns)    Netlist Resource(s)
  -------------------------------------------------------------------    -------------------
                         (clock clk_i rise edge)      0.000     0.000 r  
                                                      0.000     0.000 r  clk_i (IN)
                         net (fo=2885, unset)         0.787     0.787    clk_i
                         FDCE                                         r  FSM_onehot_st_q_reg[7]/C
  -------------------------------------------------------------------    -------------------
                         FDCE (Prop_fdce_C_Q)         0.433     1.220 r  FSM_onehot_st_q_reg[7]/Q
                         net (fo=42, unplaced)        0.440     1.660    FSM_onehot_st_q_reg_n_0_[7]
                         LUT2 (Prop_lut2_I0_O)        0.252     1.912 r  hmatch_best_idx_q[7]_i_2/O
                         net (fo=1, unplaced)         0.000     1.912    hmatch_best_idx_q[7]_i_2_n_0
                         FDCE                                         r  hmatch_best_idx_q_reg[7]/D
  -------------------------------------------------------------------    -------------------

                         (clock clk_i rise edge)      5.714     5.714 r  
                                                      0.000     5.714 r  clk_i (IN)
                         net (fo=2885, unset)         0.748     6.462    clk_i
                         FDCE                                         r  hmatch_best_idx_q_reg[7]/C
                         clock pessimism              0.000     6.462    
                         clock uncertainty           -0.035     6.426    
                         FDCE (Setup_fdce_C_D)        0.072     6.498    hmatch_best_idx_q_reg[7]
  -------------------------------------------------------------------
                         required time                          6.498    
                         arrival time                          -1.912    
  -------------------------------------------------------------------
                         slack                                  4.586    

Slack (MET) :             4.606ns  (required time - arrival time)
  Source:                 FSM_onehot_st_q_reg[7]/C
                            (rising edge-triggered cell FDCE clocked by clk_i  {rise@0.000ns fall@2.857ns period=5.714ns})
  Destination:            hmatch_best_idx_q_reg[2]/D
                            (rising edge-triggered cell FDCE clocked by clk_i  {rise@0.000ns fall@2.857ns period=5.714ns})
  Path Group:             clk_i
  Path Type:              Setup (Max at Slow Process Corner)
  Requirement:            5.714ns  (clk_i rise@5.714ns - clk_i rise@0.000ns)
  Data Path Delay:        1.105ns  (logic 0.665ns (60.181%)  route 0.440ns (39.819%))
  Logic Levels:           1  (LUT2=1)
  Clock Path Skew:        -0.039ns (DCD - SCD + CPR)
    Destination Clock Delay (DCD):    0.748ns = ( 6.462 - 5.714 ) 
    Source Clock Delay      (SCD):    0.787ns
    Clock Pessimism Removal (CPR):    0.000ns
  Clock Uncertainty:      0.035ns  ((TSJ^2 + TIJ^2)^1/2 + DJ) / 2 + PE
    Total System Jitter     (TSJ):    0.071ns
    Total Input Jitter      (TIJ):    0.000ns
    Discrete Jitter          (DJ):    0.000ns
    Phase Error              (PE):    0.000ns

    Location             Delay type                Incr(ns)  Path(ns)    Netlist Resource(s)
  -------------------------------------------------------------------    -------------------
                         (clock clk_i rise edge)      0.000     0.000 r  
                                                      0.000     0.000 r  clk_i (IN)
                         net (fo=2885, unset)         0.787     0.787    clk_i
                         FDCE                                         r  FSM_onehot_st_q_reg[7]/C
  -------------------------------------------------------------------    -------------------
                         FDCE (Prop_fdce_C_Q)         0.433     1.220 r  FSM_onehot_st_q_reg[7]/Q
                         net (fo=42, unplaced)        0.440     1.660    FSM_onehot_st_q_reg_n_0_[7]
                         LUT2 (Prop_lut2_I0_O)        0.232     1.892 r  hmatch_best_idx_q[2]_i_1/O
                         net (fo=1, unplaced)         0.000     1.892    hmatch_best_idx_q[2]_i_1_n_0
                         FDCE                                         r  hmatch_best_idx_q_reg[2]/D
  -------------------------------------------------------------------    -------------------

                         (clock clk_i rise edge)      5.714     5.714 r  
                                                      0.000     5.714 r  clk_i (IN)
                         net (fo=2885, unset)         0.748     6.462    clk_i
                         FDCE                                         r  hmatch_best_idx_q_reg[2]/C
                         clock pessimism              0.000     6.462    
                         clock uncertainty           -0.035     6.426    
                         FDCE (Setup_fdce_C_D)        0.072     6.498    hmatch_best_idx_q_reg[2]
  -------------------------------------------------------------------
                         required time                          6.498    
                         arrival time                          -1.892    
  -------------------------------------------------------------------
                         slack                                  4.606    

Slack (MET) :             4.606ns  (required time - arrival time)
  Source:                 FSM_onehot_st_q_reg[7]/C
                            (rising edge-triggered cell FDCE clocked by clk_i  {rise@0.000ns fall@2.857ns period=5.714ns})
  Destination:            hmatch_best_idx_q_reg[4]/D
                            (rising edge-triggered cell FDCE clocked by clk_i  {rise@0.000ns fall@2.857ns period=5.714ns})
  Path Group:             clk_i
  Path Type:              Setup (Max at Slow Process Corner)
  Requirement:            5.714ns  (clk_i rise@5.714ns - clk_i rise@0.000ns)
  Data Path Delay:        1.105ns  (logic 0.665ns (60.181%)  route 0.440ns (39.819%))
  Logic Levels:           1  (LUT2=1)
  Clock Path Skew:        -0.039ns (DCD - SCD + CPR)
    Destination Clock Delay (DCD):    0.748ns = ( 6.462 - 5.714 ) 
    Source Clock Delay      (SCD):    0.787ns
    Clock Pessimism Removal (CPR):    0.000ns
  Clock Uncertainty:      0.035ns  ((TSJ^2 + TIJ^2)^1/2 + DJ) / 2 + PE
    Total System Jitter     (TSJ):    0.071ns
    Total Input Jitter      (TIJ):    0.000ns
    Discrete Jitter          (DJ):    0.000ns
    Phase Error              (PE):    0.000ns

    Location             Delay type                Incr(ns)  Path(ns)    Netlist Resource(s)
  -------------------------------------------------------------------    -------------------
                         (clock clk_i rise edge)      0.000     0.000 r  
                                                      0.000     0.000 r  clk_i (IN)
                         net (fo=2885, unset)         0.787     0.787    clk_i
                         FDCE                                         r  FSM_onehot_st_q_reg[7]/C
  -------------------------------------------------------------------    -------------------
                         FDCE (Prop_fdce_C_Q)         0.433     1.220 r  FSM_onehot_st_q_reg[7]/Q
                         net (fo=42, unplaced)        0.440     1.660    FSM_onehot_st_q_reg_n_0_[7]
                         LUT2 (Prop_lut2_I0_O)        0.232     1.892 r  hmatch_best_idx_q[4]_i_1/O
                         net (fo=1, unplaced)         0.000     1.892    hmatch_best_idx_q[4]_i_1_n_0
                         FDCE                                         r  hmatch_best_idx_q_reg[4]/D
  -------------------------------------------------------------------    -------------------

                         (clock clk_i rise edge)      5.714     5.714 r  
                                                      0.000     5.714 r  clk_i (IN)
                         net (fo=2885, unset)         0.748     6.462    clk_i
                         FDCE                                         r  hmatch_best_idx_q_reg[4]/C
                         clock pessimism              0.000     6.462    
                         clock uncertainty           -0.035     6.426    
                         FDCE (Setup_fdce_C_D)        0.072     6.498    hmatch_best_idx_q_reg[4]
  -------------------------------------------------------------------
                         required time                          6.498    
                         arrival time                          -1.892    
  -------------------------------------------------------------------
                         slack                                  4.606    

Slack (MET) :             4.606ns  (required time - arrival time)
  Source:                 FSM_onehot_st_q_reg[7]/C
                            (rising edge-triggered cell FDCE clocked by clk_i  {rise@0.000ns fall@2.857ns period=5.714ns})
  Destination:            hmatch_best_idx_q_reg[6]/D
                            (rising edge-triggered cell FDCE clocked by clk_i  {rise@0.000ns fall@2.857ns period=5.714ns})
  Path Group:             clk_i
  Path Type:              Setup (Max at Slow Process Corner)
  Requirement:            5.714ns  (clk_i rise@5.714ns - clk_i rise@0.000ns)
  Data Path Delay:        1.105ns  (logic 0.665ns (60.181%)  route 0.440ns (39.819%))
  Logic Levels:           1  (LUT2=1)
  Clock Path Skew:        -0.039ns (DCD - SCD + CPR)
    Destination Clock Delay (DCD):    0.748ns = ( 6.462 - 5.714 ) 
    Source Clock Delay      (SCD):    0.787ns
    Clock Pessimism Removal (CPR):    0.000ns
  Clock Uncertainty:      0.035ns  ((TSJ^2 + TIJ^2)^1/2 + DJ) / 2 + PE
    Total System Jitter     (TSJ):    0.071ns
    Total Input Jitter      (TIJ):    0.000ns
    Discrete Jitter          (DJ):    0.000ns
    Phase Error              (PE):    0.000ns

    Location             Delay type                Incr(ns)  Path(ns)    Netlist Resource(s)
  -------------------------------------------------------------------    -------------------
                         (clock clk_i rise edge)      0.000     0.000 r  
                                                      0.000     0.000 r  clk_i (IN)
                         net (fo=2885, unset)         0.787     0.787    clk_i
                         FDCE                                         r  FSM_onehot_st_q_reg[7]/C
  -------------------------------------------------------------------    -------------------
                         FDCE (Prop_fdce_C_Q)         0.433     1.220 r  FSM_onehot_st_q_reg[7]/Q
                         net (fo=42, unplaced)        0.440     1.660    FSM_onehot_st_q_reg_n_0_[7]
                         LUT2 (Prop_lut2_I0_O)        0.232     1.892 r  hmatch_best_idx_q[6]_i_1/O
                         net (fo=1, unplaced)         0.000     1.892    hmatch_best_idx_q[6]_i_1_n_0
                         FDCE                                         r  hmatch_best_idx_q_reg[6]/D
  -------------------------------------------------------------------    -------------------

                         (clock clk_i rise edge)      5.714     5.714 r  
                                                      0.000     5.714 r  clk_i (IN)
                         net (fo=2885, unset)         0.748     6.462    clk_i
                         FDCE                                         r  hmatch_best_idx_q_reg[6]/C
                         clock pessimism              0.000     6.462    
                         clock uncertainty           -0.035     6.426    
                         FDCE (Setup_fdce_C_D)        0.072     6.498    hmatch_best_idx_q_reg[6]
  -------------------------------------------------------------------
                         required time                          6.498    
                         arrival time                          -1.892    
  -------------------------------------------------------------------
                         slack                                  4.606    

Slack (MET) :             4.636ns  (required time - arrival time)
  Source:                 uop_p3_q_reg[class_idx][0]/C
                            (rising edge-triggered cell FDCE clocked by clk_i  {rise@0.000ns fall@2.857ns period=5.714ns})
  Destination:            hmatch_best_idx_q_reg[0]/D
                            (rising edge-triggered cell FDCE clocked by clk_i  {rise@0.000ns fall@2.857ns period=5.714ns})
  Path Group:             clk_i
  Path Type:              Setup (Max at Slow Process Corner)
  Requirement:            5.714ns  (clk_i rise@5.714ns - clk_i rise@0.000ns)
  Data Path Delay:        1.075ns  (logic 0.665ns (61.860%)  route 0.410ns (38.140%))
  Logic Levels:           1  (LUT2=1)
  Clock Path Skew:        -0.039ns (DCD - SCD + CPR)
    Destination Clock Delay (DCD):    0.748ns = ( 6.462 - 5.714 ) 
    Source Clock Delay      (SCD):    0.787ns
    Clock Pessimism Removal (CPR):    0.000ns
  Clock Uncertainty:      0.035ns  ((TSJ^2 + TIJ^2)^1/2 + DJ) / 2 + PE
    Total System Jitter     (TSJ):    0.071ns
    Total Input Jitter      (TIJ):    0.000ns
    Discrete Jitter          (DJ):    0.000ns
    Phase Error              (PE):    0.000ns

    Location             Delay type                Incr(ns)  Path(ns)    Netlist Resource(s)
  -------------------------------------------------------------------    -------------------
                         (clock clk_i rise edge)      0.000     0.000 r  
                                                      0.000     0.000 r  clk_i (IN)
                         net (fo=2885, unset)         0.787     0.787    clk_i
                         FDCE                                         r  uop_p3_q_reg[class_idx][0]/C
  -------------------------------------------------------------------    -------------------
                         FDCE (Prop_fdce_C_Q)         0.433     1.220 r  uop_p3_q_reg[class_idx][0]/Q
                         net (fo=12, unplaced)        0.410     1.630    uop_p3_q_reg[class_idx][0]
                         LUT2 (Prop_lut2_I0_O)        0.232     1.862 r  hmatch_best_idx_q[0]_i_1/O
                         net (fo=1, unplaced)         0.000     1.862    hmatch_best_idx_q[0]_i_1_n_0
                         FDCE                                         r  hmatch_best_idx_q_reg[0]/D
  -------------------------------------------------------------------    -------------------

                         (clock clk_i rise edge)      5.714     5.714 r  
                                                      0.000     5.714 r  clk_i (IN)
                         net (fo=2885, unset)         0.748     6.462    clk_i
                         FDCE                                         r  hmatch_best_idx_q_reg[0]/C
                         clock pessimism              0.000     6.462    
                         clock uncertainty           -0.035     6.426    
                         FDCE (Setup_fdce_C_D)        0.072     6.498    hmatch_best_idx_q_reg[0]
  -------------------------------------------------------------------
                         required time                          6.498    
                         arrival time                          -1.862    
  -------------------------------------------------------------------
                         slack                                  4.636    




