Copyright 1986-2022 Xilinx, Inc. All Rights Reserved. Copyright 2022-2024 Advanced Micro Devices, Inc. All Rights Reserved.
----------------------------------------------------------------------------------------------------------------------------------------------------------------------------------------------------------------------------------------------------------------------------------------------------------------------------------------------------------------
| Tool Version : Vivado v.2024.2 (win64) Build 5239630 Fri Nov 08 22:35:27 MST 2024
| Date         : Sun Jun  7 12:02:24 2026
| Host         : WIN-20240824NZS running 64-bit major release  (build 9200)
| Command      : report_timing -delay_type max -sort_by slack -max_paths 20 -nworst 1 -from [get_pins -quiet -of_objects {i_vrf/lane_result_q[3][8]_i_7/I2} -filter {DIRECTION == OUT}] -to {i_vrf/lane_result_q[3][8]_i_7/I2} -file E:/HDEC/cva6-vhdc-core/reports/vivado/ooc_hdec_hmatch_countdown_v1_ff838841/175mhz/groups/05e_hmatch_budget_to_best_CE.rpt
| Design       : hdec_top
| Device       : 7z020-clg400
| Speed File   : -2  PRODUCTION 1.12 2019-11-22
| Design State : Synthesized
----------------------------------------------------------------------------------------------------------------------------------------------------------------------------------------------------------------------------------------------------------------------------------------------------------------------------------------------------------------

Timing Report

Slack (MET) :             1.393ns  (required time - arrival time)
  Source:                 hmatch_budget_q_reg[1]/C
                            (rising edge-triggered cell FDCE clocked by clk_i  {rise@0.000ns fall@2.857ns period=5.714ns})
  Destination:            hmatch_best_idx_q_reg[0]/CE
                            (rising edge-triggered cell FDCE clocked by clk_i  {rise@0.000ns fall@2.857ns period=5.714ns})
  Path Group:             clk_i
  Path Type:              Setup (Max at Slow Process Corner)
  Requirement:            5.714ns  (clk_i rise@5.714ns - clk_i rise@0.000ns)
  Data Path Delay:        4.110ns  (logic 1.777ns (43.236%)  route 2.333ns (56.764%))
  Logic Levels:           6  (CARRY4=2 LUT2=1 LUT4=1 LUT5=1 LUT6=1)
  Clock Path Skew:        -0.039ns (DCD - SCD + CPR)
    Destination Clock Delay (DCD):    0.748ns = ( 6.462 - 5.714 ) 
    Source Clock Delay      (SCD):    0.787ns
    Clock Pessimism Removal (CPR):    0.000ns
  Clock Uncertainty:      0.035ns  ((TSJ^2 + TIJ^2)^1/2 + DJ) / 2 + PE
    Total System Jitter     (TSJ):    0.071ns
    Total Input Jitter      (TIJ):    0.000ns
    Discrete Jitter          (DJ):    0.000ns
    Phase Error              (PE):    0.000ns

    Location             Delay type                Incr(ns)  Path(ns)    Netlist Resource(s)
  -------------------------------------------------------------------    -------------------
                         (clock clk_i rise edge)      0.000     0.000 r  
                                                      0.000     0.000 r  clk_i (IN)
                         net (fo=2885, unset)         0.787     0.787    clk_i
                         FDCE                                         r  hmatch_budget_q_reg[1]/C
  -------------------------------------------------------------------    -------------------
                         FDCE (Prop_fdce_C_Q)         0.433     1.220 r  hmatch_budget_q_reg[1]/Q
                         net (fo=2, unplaced)         0.373     1.593    hmatch_budget_q[1]
                         LUT2 (Prop_lut2_I0_O)        0.232     1.825 r  hmatch_budget_q[3]_i_5/O
                         net (fo=1, unplaced)         0.000     1.825    hmatch_budget_q[3]_i_5_n_0
                         CARRY4 (Prop_carry4_S[1]_CO[3])
                                                      0.444     2.269 r  hmatch_budget_q_reg[3]_i_2/CO[3]
                         net (fo=1, unplaced)         0.008     2.277    hmatch_budget_q_reg[3]_i_2_n_0
                         CARRY4 (Prop_carry4_CI_O[2])
                                                      0.214     2.491 r  hmatch_budget_q_reg[7]_i_2/O[2]
                         net (fo=2, unplaced)         0.595     3.086    update_best2[6]
                         LUT4 (Prop_lut4_I0_O)        0.244     3.330 f  hmatch_best_idx_q[7]_i_5/O
                         net (fo=1, unplaced)         0.582     3.912    hmatch_best_idx_q[7]_i_5_n_0
                         LUT6 (Prop_lut6_I4_O)        0.105     4.017 f  hmatch_best_idx_q[7]_i_3/O
                         net (fo=4, unplaced)         0.371     4.388    hmatch_best_idx_q[7]_i_3_n_0
                         LUT5 (Prop_lut5_I0_O)        0.105     4.493 r  hmatch_best_idx_q[7]_i_1/O
                         net (fo=8, unplaced)         0.404     4.897    hmatch_best_idx_q[7]_i_1_n_0
                         FDCE                                         r  hmatch_best_idx_q_reg[0]/CE
  -------------------------------------------------------------------    -------------------

                         (clock clk_i rise edge)      5.714     5.714 r  
                                                      0.000     5.714 r  clk_i (IN)
                         net (fo=2885, unset)         0.748     6.462    clk_i
                         FDCE                                         r  hmatch_best_idx_q_reg[0]/C
                         clock pessimism              0.000     6.462    
                         clock uncertainty           -0.035     6.426    
                         FDCE (Setup_fdce_C_CE)      -0.136     6.290    hmatch_best_idx_q_reg[0]
  -------------------------------------------------------------------
                         required time                          6.290    
                         arrival time                          -4.897    
  -------------------------------------------------------------------
                         slack                                  1.393    

Slack (MET) :             1.393ns  (required time - arrival time)
  Source:                 hmatch_budget_q_reg[1]/C
                            (rising edge-triggered cell FDCE clocked by clk_i  {rise@0.000ns fall@2.857ns period=5.714ns})
  Destination:            hmatch_best_idx_q_reg[1]/CE
                            (rising edge-triggered cell FDCE clocked by clk_i  {rise@0.000ns fall@2.857ns period=5.714ns})
  Path Group:             clk_i
  Path Type:              Setup (Max at Slow Process Corner)
  Requirement:            5.714ns  (clk_i rise@5.714ns - clk_i rise@0.000ns)
  Data Path Delay:        4.110ns  (logic 1.777ns (43.236%)  route 2.333ns (56.764%))
  Logic Levels:           6  (CARRY4=2 LUT2=1 LUT4=1 LUT5=1 LUT6=1)
  Clock Path Skew:        -0.039ns (DCD - SCD + CPR)
    Destination Clock Delay (DCD):    0.748ns = ( 6.462 - 5.714 ) 
    Source Clock Delay      (SCD):    0.787ns
    Clock Pessimism Removal (CPR):    0.000ns
  Clock Uncertainty:      0.035ns  ((TSJ^2 + TIJ^2)^1/2 + DJ) / 2 + PE
    Total System Jitter     (TSJ):    0.071ns
    Total Input Jitter      (TIJ):    0.000ns
    Discrete Jitter          (DJ):    0.000ns
    Phase Error              (PE):    0.000ns

    Location             Delay type                Incr(ns)  Path(ns)    Netlist Resource(s)
  -------------------------------------------------------------------    -------------------
                         (clock clk_i rise edge)      0.000     0.000 r  
                                                      0.000     0.000 r  clk_i (IN)
                         net (fo=2885, unset)         0.787     0.787    clk_i
                         FDCE                                         r  hmatch_budget_q_reg[1]/C
  -------------------------------------------------------------------    -------------------
                         FDCE (Prop_fdce_C_Q)         0.433     1.220 r  hmatch_budget_q_reg[1]/Q
                         net (fo=2, unplaced)         0.373     1.593    hmatch_budget_q[1]
                         LUT2 (Prop_lut2_I0_O)        0.232     1.825 r  hmatch_budget_q[3]_i_5/O
                         net (fo=1, unplaced)         0.000     1.825    hmatch_budget_q[3]_i_5_n_0
                         CARRY4 (Prop_carry4_S[1]_CO[3])
                                                      0.444     2.269 r  hmatch_budget_q_reg[3]_i_2/CO[3]
                         net (fo=1, unplaced)         0.008     2.277    hmatch_budget_q_reg[3]_i_2_n_0
                         CARRY4 (Prop_carry4_CI_O[2])
                                                      0.214     2.491 r  hmatch_budget_q_reg[7]_i_2/O[2]
                         net (fo=2, unplaced)         0.595     3.086    update_best2[6]
                         LUT4 (Prop_lut4_I0_O)        0.244     3.330 f  hmatch_best_idx_q[7]_i_5/O
                         net (fo=1, unplaced)         0.582     3.912    hmatch_best_idx_q[7]_i_5_n_0
                         LUT6 (Prop_lut6_I4_O)        0.105     4.017 f  hmatch_best_idx_q[7]_i_3/O
                         net (fo=4, unplaced)         0.371     4.388    hmatch_best_idx_q[7]_i_3_n_0
                         LUT5 (Prop_lut5_I0_O)        0.105     4.493 r  hmatch_best_idx_q[7]_i_1/O
                         net (fo=8, unplaced)         0.404     4.897    hmatch_best_idx_q[7]_i_1_n_0
                         FDCE                                         r  hmatch_best_idx_q_reg[1]/CE
  -------------------------------------------------------------------    -------------------

                         (clock clk_i rise edge)      5.714     5.714 r  
                                                      0.000     5.714 r  clk_i (IN)
                         net (fo=2885, unset)         0.748     6.462    clk_i
                         FDCE                                         r  hmatch_best_idx_q_reg[1]/C
                         clock pessimism              0.000     6.462    
                         clock uncertainty           -0.035     6.426    
                         FDCE (Setup_fdce_C_CE)      -0.136     6.290    hmatch_best_idx_q_reg[1]
  -------------------------------------------------------------------
                         required time                          6.290    
                         arrival time                          -4.897    
  -------------------------------------------------------------------
                         slack                                  1.393    

Slack (MET) :             1.393ns  (required time - arrival time)
  Source:                 hmatch_budget_q_reg[1]/C
                            (rising edge-triggered cell FDCE clocked by clk_i  {rise@0.000ns fall@2.857ns period=5.714ns})
  Destination:            hmatch_best_idx_q_reg[2]/CE
                            (rising edge-triggered cell FDCE clocked by clk_i  {rise@0.000ns fall@2.857ns period=5.714ns})
  Path Group:             clk_i
  Path Type:              Setup (Max at Slow Process Corner)
  Requirement:            5.714ns  (clk_i rise@5.714ns - clk_i rise@0.000ns)
  Data Path Delay:        4.110ns  (logic 1.777ns (43.236%)  route 2.333ns (56.764%))
  Logic Levels:           6  (CARRY4=2 LUT2=1 LUT4=1 LUT5=1 LUT6=1)
  Clock Path Skew:        -0.039ns (DCD - SCD + CPR)
    Destination Clock Delay (DCD):    0.748ns = ( 6.462 - 5.714 ) 
    Source Clock Delay      (SCD):    0.787ns
    Clock Pessimism Removal (CPR):    0.000ns
  Clock Uncertainty:      0.035ns  ((TSJ^2 + TIJ^2)^1/2 + DJ) / 2 + PE
    Total System Jitter     (TSJ):    0.071ns
    Total Input Jitter      (TIJ):    0.000ns
    Discrete Jitter          (DJ):    0.000ns
    Phase Error              (PE):    0.000ns

    Location             Delay type                Incr(ns)  Path(ns)    Netlist Resource(s)
  -------------------------------------------------------------------    -------------------
                         (clock clk_i rise edge)      0.000     0.000 r  
                                                      0.000     0.000 r  clk_i (IN)
                         net (fo=2885, unset)         0.787     0.787    clk_i
                         FDCE                                         r  hmatch_budget_q_reg[1]/C
  -------------------------------------------------------------------    -------------------
                         FDCE (Prop_fdce_C_Q)         0.433     1.220 r  hmatch_budget_q_reg[1]/Q
                         net (fo=2, unplaced)         0.373     1.593    hmatch_budget_q[1]
                         LUT2 (Prop_lut2_I0_O)        0.232     1.825 r  hmatch_budget_q[3]_i_5/O
                         net (fo=1, unplaced)         0.000     1.825    hmatch_budget_q[3]_i_5_n_0
                         CARRY4 (Prop_carry4_S[1]_CO[3])
                                                      0.444     2.269 r  hmatch_budget_q_reg[3]_i_2/CO[3]
                         net (fo=1, unplaced)         0.008     2.277    hmatch_budget_q_reg[3]_i_2_n_0
                         CARRY4 (Prop_carry4_CI_O[2])
                                                      0.214     2.491 r  hmatch_budget_q_reg[7]_i_2/O[2]
                         net (fo=2, unplaced)         0.595     3.086    update_best2[6]
                         LUT4 (Prop_lut4_I0_O)        0.244     3.330 f  hmatch_best_idx_q[7]_i_5/O
                         net (fo=1, unplaced)         0.582     3.912    hmatch_best_idx_q[7]_i_5_n_0
                         LUT6 (Prop_lut6_I4_O)        0.105     4.017 f  hmatch_best_idx_q[7]_i_3/O
                         net (fo=4, unplaced)         0.371     4.388    hmatch_best_idx_q[7]_i_3_n_0
                         LUT5 (Prop_lut5_I0_O)        0.105     4.493 r  hmatch_best_idx_q[7]_i_1/O
                         net (fo=8, unplaced)         0.404     4.897    hmatch_best_idx_q[7]_i_1_n_0
                         FDCE                                         r  hmatch_best_idx_q_reg[2]/CE
  -------------------------------------------------------------------    -------------------

                         (clock clk_i rise edge)      5.714     5.714 r  
                                                      0.000     5.714 r  clk_i (IN)
                         net (fo=2885, unset)         0.748     6.462    clk_i
                         FDCE                                         r  hmatch_best_idx_q_reg[2]/C
                         clock pessimism              0.000     6.462    
                         clock uncertainty           -0.035     6.426    
                         FDCE (Setup_fdce_C_CE)      -0.136     6.290    hmatch_best_idx_q_reg[2]
  -------------------------------------------------------------------
                         required time                          6.290    
                         arrival time                          -4.897    
  -------------------------------------------------------------------
                         slack                                  1.393    

Slack (MET) :             1.393ns  (required time - arrival time)
  Source:                 hmatch_budget_q_reg[1]/C
                            (rising edge-triggered cell FDCE clocked by clk_i  {rise@0.000ns fall@2.857ns period=5.714ns})
  Destination:            hmatch_best_idx_q_reg[3]/CE
                            (rising edge-triggered cell FDCE clocked by clk_i  {rise@0.000ns fall@2.857ns period=5.714ns})
  Path Group:             clk_i
  Path Type:              Setup (Max at Slow Process Corner)
  Requirement:            5.714ns  (clk_i rise@5.714ns - clk_i rise@0.000ns)
  Data Path Delay:        4.110ns  (logic 1.777ns (43.236%)  route 2.333ns (56.764%))
  Logic Levels:           6  (CARRY4=2 LUT2=1 LUT4=1 LUT5=1 LUT6=1)
  Clock Path Skew:        -0.039ns (DCD - SCD + CPR)
    Destination Clock Delay (DCD):    0.748ns = ( 6.462 - 5.714 ) 
    Source Clock Delay      (SCD):    0.787ns
    Clock Pessimism Removal (CPR):    0.000ns
  Clock Uncertainty:      0.035ns  ((TSJ^2 + TIJ^2)^1/2 + DJ) / 2 + PE
    Total System Jitter     (TSJ):    0.071ns
    Total Input Jitter      (TIJ):    0.000ns
    Discrete Jitter          (DJ):    0.000ns
    Phase Error              (PE):    0.000ns

    Location             Delay type                Incr(ns)  Path(ns)    Netlist Resource(s)
  -------------------------------------------------------------------    -------------------
                         (clock clk_i rise edge)      0.000     0.000 r  
                                                      0.000     0.000 r  clk_i (IN)
                         net (fo=2885, unset)         0.787     0.787    clk_i
                         FDCE                                         r  hmatch_budget_q_reg[1]/C
  -------------------------------------------------------------------    -------------------
                         FDCE (Prop_fdce_C_Q)         0.433     1.220 r  hmatch_budget_q_reg[1]/Q
                         net (fo=2, unplaced)         0.373     1.593    hmatch_budget_q[1]
                         LUT2 (Prop_lut2_I0_O)        0.232     1.825 r  hmatch_budget_q[3]_i_5/O
                         net (fo=1, unplaced)         0.000     1.825    hmatch_budget_q[3]_i_5_n_0
                         CARRY4 (Prop_carry4_S[1]_CO[3])
                                                      0.444     2.269 r  hmatch_budget_q_reg[3]_i_2/CO[3]
                         net (fo=1, unplaced)         0.008     2.277    hmatch_budget_q_reg[3]_i_2_n_0
                         CARRY4 (Prop_carry4_CI_O[2])
                                                      0.214     2.491 r  hmatch_budget_q_reg[7]_i_2/O[2]
                         net (fo=2, unplaced)         0.595     3.086    update_best2[6]
                         LUT4 (Prop_lut4_I0_O)        0.244     3.330 f  hmatch_best_idx_q[7]_i_5/O
                         net (fo=1, unplaced)         0.582     3.912    hmatch_best_idx_q[7]_i_5_n_0
                         LUT6 (Prop_lut6_I4_O)        0.105     4.017 f  hmatch_best_idx_q[7]_i_3/O
                         net (fo=4, unplaced)         0.371     4.388    hmatch_best_idx_q[7]_i_3_n_0
                         LUT5 (Prop_lut5_I0_O)        0.105     4.493 r  hmatch_best_idx_q[7]_i_1/O
                         net (fo=8, unplaced)         0.404     4.897    hmatch_best_idx_q[7]_i_1_n_0
                         FDCE                                         r  hmatch_best_idx_q_reg[3]/CE
  -------------------------------------------------------------------    -------------------

                         (clock clk_i rise edge)      5.714     5.714 r  
                                                      0.000     5.714 r  clk_i (IN)
                         net (fo=2885, unset)         0.748     6.462    clk_i
                         FDCE                                         r  hmatch_best_idx_q_reg[3]/C
                         clock pessimism              0.000     6.462    
                         clock uncertainty           -0.035     6.426    
                         FDCE (Setup_fdce_C_CE)      -0.136     6.290    hmatch_best_idx_q_reg[3]
  -------------------------------------------------------------------
                         required time                          6.290    
                         arrival time                          -4.897    
  -------------------------------------------------------------------
                         slack                                  1.393    

Slack (MET) :             1.393ns  (required time - arrival time)
  Source:                 hmatch_budget_q_reg[1]/C
                            (rising edge-triggered cell FDCE clocked by clk_i  {rise@0.000ns fall@2.857ns period=5.714ns})
  Destination:            hmatch_best_idx_q_reg[4]/CE
                            (rising edge-triggered cell FDCE clocked by clk_i  {rise@0.000ns fall@2.857ns period=5.714ns})
  Path Group:             clk_i
  Path Type:              Setup (Max at Slow Process Corner)
  Requirement:            5.714ns  (clk_i rise@5.714ns - clk_i rise@0.000ns)
  Data Path Delay:        4.110ns  (logic 1.777ns (43.236%)  route 2.333ns (56.764%))
  Logic Levels:           6  (CARRY4=2 LUT2=1 LUT4=1 LUT5=1 LUT6=1)
  Clock Path Skew:        -0.039ns (DCD - SCD + CPR)
    Destination Clock Delay (DCD):    0.748ns = ( 6.462 - 5.714 ) 
    Source Clock Delay      (SCD):    0.787ns
    Clock Pessimism Removal (CPR):    0.000ns
  Clock Uncertainty:      0.035ns  ((TSJ^2 + TIJ^2)^1/2 + DJ) / 2 + PE
    Total System Jitter     (TSJ):    0.071ns
    Total Input Jitter      (TIJ):    0.000ns
    Discrete Jitter          (DJ):    0.000ns
    Phase Error              (PE):    0.000ns

    Location             Delay type                Incr(ns)  Path(ns)    Netlist Resource(s)
  -------------------------------------------------------------------    -------------------
                         (clock clk_i rise edge)      0.000     0.000 r  
                                                      0.000     0.000 r  clk_i (IN)
                         net (fo=2885, unset)         0.787     0.787    clk_i
                         FDCE                                         r  hmatch_budget_q_reg[1]/C
  -------------------------------------------------------------------    -------------------
                         FDCE (Prop_fdce_C_Q)         0.433     1.220 r  hmatch_budget_q_reg[1]/Q
                         net (fo=2, unplaced)         0.373     1.593    hmatch_budget_q[1]
                         LUT2 (Prop_lut2_I0_O)        0.232     1.825 r  hmatch_budget_q[3]_i_5/O
                         net (fo=1, unplaced)         0.000     1.825    hmatch_budget_q[3]_i_5_n_0
                         CARRY4 (Prop_carry4_S[1]_CO[3])
                                                      0.444     2.269 r  hmatch_budget_q_reg[3]_i_2/CO[3]
                         net (fo=1, unplaced)         0.008     2.277    hmatch_budget_q_reg[3]_i_2_n_0
                         CARRY4 (Prop_carry4_CI_O[2])
                                                      0.214     2.491 r  hmatch_budget_q_reg[7]_i_2/O[2]
                         net (fo=2, unplaced)         0.595     3.086    update_best2[6]
                         LUT4 (Prop_lut4_I0_O)        0.244     3.330 f  hmatch_best_idx_q[7]_i_5/O
                         net (fo=1, unplaced)         0.582     3.912    hmatch_best_idx_q[7]_i_5_n_0
                         LUT6 (Prop_lut6_I4_O)        0.105     4.017 f  hmatch_best_idx_q[7]_i_3/O
                         net (fo=4, unplaced)         0.371     4.388    hmatch_best_idx_q[7]_i_3_n_0
                         LUT5 (Prop_lut5_I0_O)        0.105     4.493 r  hmatch_best_idx_q[7]_i_1/O
                         net (fo=8, unplaced)         0.404     4.897    hmatch_best_idx_q[7]_i_1_n_0
                         FDCE                                         r  hmatch_best_idx_q_reg[4]/CE
  -------------------------------------------------------------------    -------------------

                         (clock clk_i rise edge)      5.714     5.714 r  
                                                      0.000     5.714 r  clk_i (IN)
                         net (fo=2885, unset)         0.748     6.462    clk_i
                         FDCE                                         r  hmatch_best_idx_q_reg[4]/C
                         clock pessimism              0.000     6.462    
                         clock uncertainty           -0.035     6.426    
                         FDCE (Setup_fdce_C_CE)      -0.136     6.290    hmatch_best_idx_q_reg[4]
  -------------------------------------------------------------------
                         required time                          6.290    
                         arrival time                          -4.897    
  -------------------------------------------------------------------
                         slack                                  1.393    

Slack (MET) :             1.393ns  (required time - arrival time)
  Source:                 hmatch_budget_q_reg[1]/C
                            (rising edge-triggered cell FDCE clocked by clk_i  {rise@0.000ns fall@2.857ns period=5.714ns})
  Destination:            hmatch_best_idx_q_reg[5]/CE
                            (rising edge-triggered cell FDCE clocked by clk_i  {rise@0.000ns fall@2.857ns period=5.714ns})
  Path Group:             clk_i
  Path Type:              Setup (Max at Slow Process Corner)
  Requirement:            5.714ns  (clk_i rise@5.714ns - clk_i rise@0.000ns)
  Data Path Delay:        4.110ns  (logic 1.777ns (43.236%)  route 2.333ns (56.764%))
  Logic Levels:           6  (CARRY4=2 LUT2=1 LUT4=1 LUT5=1 LUT6=1)
  Clock Path Skew:        -0.039ns (DCD - SCD + CPR)
    Destination Clock Delay (DCD):    0.748ns = ( 6.462 - 5.714 ) 
    Source Clock Delay      (SCD):    0.787ns
    Clock Pessimism Removal (CPR):    0.000ns
  Clock Uncertainty:      0.035ns  ((TSJ^2 + TIJ^2)^1/2 + DJ) / 2 + PE
    Total System Jitter     (TSJ):    0.071ns
    Total Input Jitter      (TIJ):    0.000ns
    Discrete Jitter          (DJ):    0.000ns
    Phase Error              (PE):    0.000ns

    Location             Delay type                Incr(ns)  Path(ns)    Netlist Resource(s)
  -------------------------------------------------------------------    -------------------
                         (clock clk_i rise edge)      0.000     0.000 r  
                                                      0.000     0.000 r  clk_i (IN)
                         net (fo=2885, unset)         0.787     0.787    clk_i
                         FDCE                                         r  hmatch_budget_q_reg[1]/C
  -------------------------------------------------------------------    -------------------
                         FDCE (Prop_fdce_C_Q)         0.433     1.220 r  hmatch_budget_q_reg[1]/Q
                         net (fo=2, unplaced)         0.373     1.593    hmatch_budget_q[1]
                         LUT2 (Prop_lut2_I0_O)        0.232     1.825 r  hmatch_budget_q[3]_i_5/O
                         net (fo=1, unplaced)         0.000     1.825    hmatch_budget_q[3]_i_5_n_0
                         CARRY4 (Prop_carry4_S[1]_CO[3])
                                                      0.444     2.269 r  hmatch_budget_q_reg[3]_i_2/CO[3]
                         net (fo=1, unplaced)         0.008     2.277    hmatch_budget_q_reg[3]_i_2_n_0
                         CARRY4 (Prop_carry4_CI_O[2])
                                                      0.214     2.491 r  hmatch_budget_q_reg[7]_i_2/O[2]
                         net (fo=2, unplaced)         0.595     3.086    update_best2[6]
                         LUT4 (Prop_lut4_I0_O)        0.244     3.330 f  hmatch_best_idx_q[7]_i_5/O
                         net (fo=1, unplaced)         0.582     3.912    hmatch_best_idx_q[7]_i_5_n_0
                         LUT6 (Prop_lut6_I4_O)        0.105     4.017 f  hmatch_best_idx_q[7]_i_3/O
                         net (fo=4, unplaced)         0.371     4.388    hmatch_best_idx_q[7]_i_3_n_0
                         LUT5 (Prop_lut5_I0_O)        0.105     4.493 r  hmatch_best_idx_q[7]_i_1/O
                         net (fo=8, unplaced)         0.404     4.897    hmatch_best_idx_q[7]_i_1_n_0
                         FDCE                                         r  hmatch_best_idx_q_reg[5]/CE
  -------------------------------------------------------------------    -------------------

                         (clock clk_i rise edge)      5.714     5.714 r  
                                                      0.000     5.714 r  clk_i (IN)
                         net (fo=2885, unset)         0.748     6.462    clk_i
                         FDCE                                         r  hmatch_best_idx_q_reg[5]/C
                         clock pessimism              0.000     6.462    
                         clock uncertainty           -0.035     6.426    
                         FDCE (Setup_fdce_C_CE)      -0.136     6.290    hmatch_best_idx_q_reg[5]
  -------------------------------------------------------------------
                         required time                          6.290    
                         arrival time                          -4.897    
  -------------------------------------------------------------------
                         slack                                  1.393    

Slack (MET) :             1.393ns  (required time - arrival time)
  Source:                 hmatch_budget_q_reg[1]/C
                            (rising edge-triggered cell FDCE clocked by clk_i  {rise@0.000ns fall@2.857ns period=5.714ns})
  Destination:            hmatch_best_idx_q_reg[6]/CE
                            (rising edge-triggered cell FDCE clocked by clk_i  {rise@0.000ns fall@2.857ns period=5.714ns})
  Path Group:             clk_i
  Path Type:              Setup (Max at Slow Process Corner)
  Requirement:            5.714ns  (clk_i rise@5.714ns - clk_i rise@0.000ns)
  Data Path Delay:        4.110ns  (logic 1.777ns (43.236%)  route 2.333ns (56.764%))
  Logic Levels:           6  (CARRY4=2 LUT2=1 LUT4=1 LUT5=1 LUT6=1)
  Clock Path Skew:        -0.039ns (DCD - SCD + CPR)
    Destination Clock Delay (DCD):    0.748ns = ( 6.462 - 5.714 ) 
    Source Clock Delay      (SCD):    0.787ns
    Clock Pessimism Removal (CPR):    0.000ns
  Clock Uncertainty:      0.035ns  ((TSJ^2 + TIJ^2)^1/2 + DJ) / 2 + PE
    Total System Jitter     (TSJ):    0.071ns
    Total Input Jitter      (TIJ):    0.000ns
    Discrete Jitter          (DJ):    0.000ns
    Phase Error              (PE):    0.000ns

    Location             Delay type                Incr(ns)  Path(ns)    Netlist Resource(s)
  -------------------------------------------------------------------    -------------------
                         (clock clk_i rise edge)      0.000     0.000 r  
                                                      0.000     0.000 r  clk_i (IN)
                         net (fo=2885, unset)         0.787     0.787    clk_i
                         FDCE                                         r  hmatch_budget_q_reg[1]/C
  -------------------------------------------------------------------    -------------------
                         FDCE (Prop_fdce_C_Q)         0.433     1.220 r  hmatch_budget_q_reg[1]/Q
                         net (fo=2, unplaced)         0.373     1.593    hmatch_budget_q[1]
                         LUT2 (Prop_lut2_I0_O)        0.232     1.825 r  hmatch_budget_q[3]_i_5/O
                         net (fo=1, unplaced)         0.000     1.825    hmatch_budget_q[3]_i_5_n_0
                         CARRY4 (Prop_carry4_S[1]_CO[3])
                                                      0.444     2.269 r  hmatch_budget_q_reg[3]_i_2/CO[3]
                         net (fo=1, unplaced)         0.008     2.277    hmatch_budget_q_reg[3]_i_2_n_0
                         CARRY4 (Prop_carry4_CI_O[2])
                                                      0.214     2.491 r  hmatch_budget_q_reg[7]_i_2/O[2]
                         net (fo=2, unplaced)         0.595     3.086    update_best2[6]
                         LUT4 (Prop_lut4_I0_O)        0.244     3.330 f  hmatch_best_idx_q[7]_i_5/O
                         net (fo=1, unplaced)         0.582     3.912    hmatch_best_idx_q[7]_i_5_n_0
                         LUT6 (Prop_lut6_I4_O)        0.105     4.017 f  hmatch_best_idx_q[7]_i_3/O
                         net (fo=4, unplaced)         0.371     4.388    hmatch_best_idx_q[7]_i_3_n_0
                         LUT5 (Prop_lut5_I0_O)        0.105     4.493 r  hmatch_best_idx_q[7]_i_1/O
                         net (fo=8, unplaced)         0.404     4.897    hmatch_best_idx_q[7]_i_1_n_0
                         FDCE                                         r  hmatch_best_idx_q_reg[6]/CE
  -------------------------------------------------------------------    -------------------

                         (clock clk_i rise edge)      5.714     5.714 r  
                                                      0.000     5.714 r  clk_i (IN)
                         net (fo=2885, unset)         0.748     6.462    clk_i
                         FDCE                                         r  hmatch_best_idx_q_reg[6]/C
                         clock pessimism              0.000     6.462    
                         clock uncertainty           -0.035     6.426    
                         FDCE (Setup_fdce_C_CE)      -0.136     6.290    hmatch_best_idx_q_reg[6]
  -------------------------------------------------------------------
                         required time                          6.290    
                         arrival time                          -4.897    
  -------------------------------------------------------------------
                         slack                                  1.393    

Slack (MET) :             1.393ns  (required time - arrival time)
  Source:                 hmatch_budget_q_reg[1]/C
                            (rising edge-triggered cell FDCE clocked by clk_i  {rise@0.000ns fall@2.857ns period=5.714ns})
  Destination:            hmatch_best_idx_q_reg[7]/CE
                            (rising edge-triggered cell FDCE clocked by clk_i  {rise@0.000ns fall@2.857ns period=5.714ns})
  Path Group:             clk_i
  Path Type:              Setup (Max at Slow Process Corner)
  Requirement:            5.714ns  (clk_i rise@5.714ns - clk_i rise@0.000ns)
  Data Path Delay:        4.110ns  (logic 1.777ns (43.236%)  route 2.333ns (56.764%))
  Logic Levels:           6  (CARRY4=2 LUT2=1 LUT4=1 LUT5=1 LUT6=1)
  Clock Path Skew:        -0.039ns (DCD - SCD + CPR)
    Destination Clock Delay (DCD):    0.748ns = ( 6.462 - 5.714 ) 
    Source Clock Delay      (SCD):    0.787ns
    Clock Pessimism Removal (CPR):    0.000ns
  Clock Uncertainty:      0.035ns  ((TSJ^2 + TIJ^2)^1/2 + DJ) / 2 + PE
    Total System Jitter     (TSJ):    0.071ns
    Total Input Jitter      (TIJ):    0.000ns
    Discrete Jitter          (DJ):    0.000ns
    Phase Error              (PE):    0.000ns

    Location             Delay type                Incr(ns)  Path(ns)    Netlist Resource(s)
  -------------------------------------------------------------------    -------------------
                         (clock clk_i rise edge)      0.000     0.000 r  
                                                      0.000     0.000 r  clk_i (IN)
                         net (fo=2885, unset)         0.787     0.787    clk_i
                         FDCE                                         r  hmatch_budget_q_reg[1]/C
  -------------------------------------------------------------------    -------------------
                         FDCE (Prop_fdce_C_Q)         0.433     1.220 r  hmatch_budget_q_reg[1]/Q
                         net (fo=2, unplaced)         0.373     1.593    hmatch_budget_q[1]
                         LUT2 (Prop_lut2_I0_O)        0.232     1.825 r  hmatch_budget_q[3]_i_5/O
                         net (fo=1, unplaced)         0.000     1.825    hmatch_budget_q[3]_i_5_n_0
                         CARRY4 (Prop_carry4_S[1]_CO[3])
                                                      0.444     2.269 r  hmatch_budget_q_reg[3]_i_2/CO[3]
                         net (fo=1, unplaced)         0.008     2.277    hmatch_budget_q_reg[3]_i_2_n_0
                         CARRY4 (Prop_carry4_CI_O[2])
                                                      0.214     2.491 r  hmatch_budget_q_reg[7]_i_2/O[2]
                         net (fo=2, unplaced)         0.595     3.086    update_best2[6]
                         LUT4 (Prop_lut4_I0_O)        0.244     3.330 f  hmatch_best_idx_q[7]_i_5/O
                         net (fo=1, unplaced)         0.582     3.912    hmatch_best_idx_q[7]_i_5_n_0
                         LUT6 (Prop_lut6_I4_O)        0.105     4.017 f  hmatch_best_idx_q[7]_i_3/O
                         net (fo=4, unplaced)         0.371     4.388    hmatch_best_idx_q[7]_i_3_n_0
                         LUT5 (Prop_lut5_I0_O)        0.105     4.493 r  hmatch_best_idx_q[7]_i_1/O
                         net (fo=8, unplaced)         0.404     4.897    hmatch_best_idx_q[7]_i_1_n_0
                         FDCE                                         r  hmatch_best_idx_q_reg[7]/CE
  -------------------------------------------------------------------    -------------------

                         (clock clk_i rise edge)      5.714     5.714 r  
                                                      0.000     5.714 r  clk_i (IN)
                         net (fo=2885, unset)         0.748     6.462    clk_i
                         FDCE                                         r  hmatch_best_idx_q_reg[7]/C
                         clock pessimism              0.000     6.462    
                         clock uncertainty           -0.035     6.426    
                         FDCE (Setup_fdce_C_CE)      -0.136     6.290    hmatch_best_idx_q_reg[7]
  -------------------------------------------------------------------
                         required time                          6.290    
                         arrival time                          -4.897    
  -------------------------------------------------------------------
                         slack                                  1.393    




