Copyright 1986-2022 Xilinx, Inc. All Rights Reserved. Copyright 2022-2024 Advanced Micro Devices, Inc. All Rights Reserved.
------------------------------------------------------------------------------------------------------------------------------------------------------------------------------------------------------------------------------------------------------------------------------------------------------------------------------------------------------
| Tool Version : Vivado v.2024.2 (win64) Build 5239630 Fri Nov 08 22:35:27 MST 2024
| Date         : Sun Jun  7 12:02:26 2026
| Host         : WIN-20240824NZS running 64-bit major release  (build 9200)
| Command      : report_timing -delay_type max -sort_by slack -max_paths 20 -nworst 1 -from [get_pins -quiet -of_objects {i_vrf/lane_result_q[3][8]_i_7/I2} -filter {DIRECTION == OUT}] -to {i_vrf/lane_result_q[3][8]_i_7/I2} -file E:/HDEC/cva6-vhdc-core/reports/vivado/ooc_hdec_hmatch_countdown_v1_ff838841/175mhz/groups/07_scalar_response.rpt
| Design       : hdec_top
| Device       : 7z020-clg400
| Speed File   : -2  PRODUCTION 1.12 2019-11-22
| Design State : Synthesized
------------------------------------------------------------------------------------------------------------------------------------------------------------------------------------------------------------------------------------------------------------------------------------------------------------------------------------------------------

Timing Report

Slack (MET) :             3.439ns  (required time - arrival time)
  Source:                 bk_q_reg[0]/C
                            (rising edge-triggered cell FDCE clocked by clk_i  {rise@0.000ns fall@2.857ns period=5.714ns})
  Destination:            res_q_reg[1]/D
                            (rising edge-triggered cell FDCE clocked by clk_i  {rise@0.000ns fall@2.857ns period=5.714ns})
  Path Group:             clk_i
  Path Type:              Setup (Max at Slow Process Corner)
  Requirement:            5.714ns  (clk_i rise@5.714ns - clk_i rise@0.000ns)
  Data Path Delay:        2.272ns  (logic 0.875ns (38.512%)  route 1.397ns (61.488%))
  Logic Levels:           3  (LUT3=1 LUT6=2)
  Clock Path Skew:        -0.039ns (DCD - SCD + CPR)
    Destination Clock Delay (DCD):    0.748ns = ( 6.462 - 5.714 ) 
    Source Clock Delay      (SCD):    0.787ns
    Clock Pessimism Removal (CPR):    0.000ns
  Clock Uncertainty:      0.035ns  ((TSJ^2 + TIJ^2)^1/2 + DJ) / 2 + PE
    Total System Jitter     (TSJ):    0.071ns
    Total Input Jitter      (TIJ):    0.000ns
    Discrete Jitter          (DJ):    0.000ns
    Phase Error              (PE):    0.000ns

    Location             Delay type                Incr(ns)  Path(ns)    Netlist Resource(s)
  -------------------------------------------------------------------    -------------------
                         (clock clk_i rise edge)      0.000     0.000 r  
                                                      0.000     0.000 r  clk_i (IN)
                         net (fo=2885, unset)         0.787     0.787    clk_i
                         FDCE                                         r  bk_q_reg[0]/C
  -------------------------------------------------------------------    -------------------
                         FDCE (Prop_fdce_C_Q)         0.433     1.220 r  bk_q_reg[0]/Q
                         net (fo=130, unplaced)       0.468     1.688    i_vrf/bk_q[0]
                         LUT3 (Prop_lut3_I1_O)        0.232     1.920 r  i_vrf/res_q[1]_i_4/O
                         net (fo=1, unplaced)         0.582     2.502    i_vrf/res_q[1]_i_4_n_0
                         LUT6 (Prop_lut6_I2_O)        0.105     2.607 r  i_vrf/res_q[1]_i_2/O
                         net (fo=1, unplaced)         0.347     2.954    i_vrf/res_q[1]_i_2_n_0
                         LUT6 (Prop_lut6_I0_O)        0.105     3.059 r  i_vrf/res_q[1]_i_1/O
                         net (fo=1, unplaced)         0.000     3.059    i_vrf_n_763
                         FDCE                                         r  res_q_reg[1]/D
  -------------------------------------------------------------------    -------------------

                         (clock clk_i rise edge)      5.714     5.714 r  
                                                      0.000     5.714 r  clk_i (IN)
                         net (fo=2885, unset)         0.748     6.462    clk_i
                         FDCE                                         r  res_q_reg[1]/C
                         clock pessimism              0.000     6.462    
                         clock uncertainty           -0.035     6.426    
                         FDCE (Setup_fdce_C_D)        0.072     6.498    res_q_reg[1]
  -------------------------------------------------------------------
                         required time                          6.498    
                         arrival time                          -3.059    
  -------------------------------------------------------------------
                         slack                                  3.439    

Slack (MET) :             3.767ns  (required time - arrival time)
  Source:                 i_vrf/bank_ra_data_o_reg[2][0]/C
                            (rising edge-triggered cell FDCE clocked by clk_i  {rise@0.000ns fall@2.857ns period=5.714ns})
  Destination:            res_q_reg[0]/D
                            (rising edge-triggered cell FDCE clocked by clk_i  {rise@0.000ns fall@2.857ns period=5.714ns})
  Path Group:             clk_i
  Path Type:              Setup (Max at Slow Process Corner)
  Requirement:            5.714ns  (clk_i rise@5.714ns - clk_i rise@0.000ns)
  Data Path Delay:        1.944ns  (logic 0.770ns (39.609%)  route 1.174ns (60.391%))
  Logic Levels:           2  (LUT6=2)
  Clock Path Skew:        -0.039ns (DCD - SCD + CPR)
    Destination Clock Delay (DCD):    0.748ns = ( 6.462 - 5.714 ) 
    Source Clock Delay      (SCD):    0.787ns
    Clock Pessimism Removal (CPR):    0.000ns
  Clock Uncertainty:      0.035ns  ((TSJ^2 + TIJ^2)^1/2 + DJ) / 2 + PE
    Total System Jitter     (TSJ):    0.071ns
    Total Input Jitter      (TIJ):    0.000ns
    Discrete Jitter          (DJ):    0.000ns
    Phase Error              (PE):    0.000ns

    Location             Delay type                Incr(ns)  Path(ns)    Netlist Resource(s)
  -------------------------------------------------------------------    -------------------
                         (clock clk_i rise edge)      0.000     0.000 r  
                                                      0.000     0.000 r  clk_i (IN)
                         net (fo=2885, unset)         0.787     0.787    i_vrf/clk_i
                         FDCE                                         r  i_vrf/bank_ra_data_o_reg[2][0]/C
  -------------------------------------------------------------------    -------------------
                         FDCE (Prop_fdce_C_Q)         0.433     1.220 r  i_vrf/bank_ra_data_o_reg[2][0]/Q
                         net (fo=12, unplaced)        0.827     2.047    i_vrf/bank_ra_data_o[2][0]
                         LUT6 (Prop_lut6_I1_O)        0.232     2.279 r  i_vrf/res_q[0]_i_2/O
                         net (fo=1, unplaced)         0.347     2.626    i_vrf/res_q[0]_i_2_n_0
                         LUT6 (Prop_lut6_I0_O)        0.105     2.731 r  i_vrf/res_q[0]_i_1/O
                         net (fo=1, unplaced)         0.000     2.731    i_vrf_n_764
                         FDCE                                         r  res_q_reg[0]/D
  -------------------------------------------------------------------    -------------------

                         (clock clk_i rise edge)      5.714     5.714 r  
                                                      0.000     5.714 r  clk_i (IN)
                         net (fo=2885, unset)         0.748     6.462    clk_i
                         FDCE                                         r  res_q_reg[0]/C
                         clock pessimism              0.000     6.462    
                         clock uncertainty           -0.035     6.426    
                         FDCE (Setup_fdce_C_D)        0.072     6.498    res_q_reg[0]
  -------------------------------------------------------------------
                         required time                          6.498    
                         arrival time                          -2.731    
  -------------------------------------------------------------------
                         slack                                  3.767    

Slack (MET) :             3.881ns  (required time - arrival time)
  Source:                 i_vrf/bank_ra_data_o_reg[3][2]/C
                            (rising edge-triggered cell FDCE clocked by clk_i  {rise@0.000ns fall@2.857ns period=5.714ns})
  Destination:            res_q_reg[2]/D
                            (rising edge-triggered cell FDCE clocked by clk_i  {rise@0.000ns fall@2.857ns period=5.714ns})
  Path Group:             clk_i
  Path Type:              Setup (Max at Slow Process Corner)
  Requirement:            5.714ns  (clk_i rise@5.714ns - clk_i rise@0.000ns)
  Data Path Delay:        1.830ns  (logic 0.783ns (42.787%)  route 1.047ns (57.213%))
  Logic Levels:           2  (LUT5=1 LUT6=1)
  Clock Path Skew:        -0.039ns (DCD - SCD + CPR)
    Destination Clock Delay (DCD):    0.748ns = ( 6.462 - 5.714 ) 
    Source Clock Delay      (SCD):    0.787ns
    Clock Pessimism Removal (CPR):    0.000ns
  Clock Uncertainty:      0.035ns  ((TSJ^2 + TIJ^2)^1/2 + DJ) / 2 + PE
    Total System Jitter     (TSJ):    0.071ns
    Total Input Jitter      (TIJ):    0.000ns
    Discrete Jitter          (DJ):    0.000ns
    Phase Error              (PE):    0.000ns

    Location             Delay type                Incr(ns)  Path(ns)    Netlist Resource(s)
  -------------------------------------------------------------------    -------------------
                         (clock clk_i rise edge)      0.000     0.000 r  
                                                      0.000     0.000 r  clk_i (IN)
                         net (fo=2885, unset)         0.787     0.787    i_vrf/clk_i
                         FDCE                                         r  i_vrf/bank_ra_data_o_reg[3][2]/C
  -------------------------------------------------------------------    -------------------
                         FDCE (Prop_fdce_C_Q)         0.433     1.220 r  i_vrf/bank_ra_data_o_reg[3][2]/Q
                         net (fo=10, unplaced)        0.700     1.920    i_vrf/bank_ra_data_o[3][2]
                         LUT5 (Prop_lut5_I0_O)        0.245     2.165 r  i_vrf/res_q[2]_i_2/O
                         net (fo=1, unplaced)         0.347     2.512    i_vrf/res_q[2]_i_2_n_0
                         LUT6 (Prop_lut6_I5_O)        0.105     2.617 r  i_vrf/res_q[2]_i_1/O
                         net (fo=1, unplaced)         0.000     2.617    i_vrf_n_762
                         FDCE                                         r  res_q_reg[2]/D
  -------------------------------------------------------------------    -------------------

                         (clock clk_i rise edge)      5.714     5.714 r  
                                                      0.000     5.714 r  clk_i (IN)
                         net (fo=2885, unset)         0.748     6.462    clk_i
                         FDCE                                         r  res_q_reg[2]/C
                         clock pessimism              0.000     6.462    
                         clock uncertainty           -0.035     6.426    
                         FDCE (Setup_fdce_C_D)        0.072     6.498    res_q_reg[2]
  -------------------------------------------------------------------
                         required time                          6.498    
                         arrival time                          -2.617    
  -------------------------------------------------------------------
                         slack                                  3.881    

Slack (MET) :             3.881ns  (required time - arrival time)
  Source:                 i_vrf/bank_ra_data_o_reg[3][3]/C
                            (rising edge-triggered cell FDCE clocked by clk_i  {rise@0.000ns fall@2.857ns period=5.714ns})
  Destination:            res_q_reg[3]/D
                            (rising edge-triggered cell FDCE clocked by clk_i  {rise@0.000ns fall@2.857ns period=5.714ns})
  Path Group:             clk_i
  Path Type:              Setup (Max at Slow Process Corner)
  Requirement:            5.714ns  (clk_i rise@5.714ns - clk_i rise@0.000ns)
  Data Path Delay:        1.830ns  (logic 0.783ns (42.787%)  route 1.047ns (57.213%))
  Logic Levels:           2  (LUT5=1 LUT6=1)
  Clock Path Skew:        -0.039ns (DCD - SCD + CPR)
    Destination Clock Delay (DCD):    0.748ns = ( 6.462 - 5.714 ) 
    Source Clock Delay      (SCD):    0.787ns
    Clock Pessimism Removal (CPR):    0.000ns
  Clock Uncertainty:      0.035ns  ((TSJ^2 + TIJ^2)^1/2 + DJ) / 2 + PE
    Total System Jitter     (TSJ):    0.071ns
    Total Input Jitter      (TIJ):    0.000ns
    Discrete Jitter          (DJ):    0.000ns
    Phase Error              (PE):    0.000ns

    Location             Delay type                Incr(ns)  Path(ns)    Netlist Resource(s)
  -------------------------------------------------------------------    -------------------
                         (clock clk_i rise edge)      0.000     0.000 r  
                                                      0.000     0.000 r  clk_i (IN)
                         net (fo=2885, unset)         0.787     0.787    i_vrf/clk_i
                         FDCE                                         r  i_vrf/bank_ra_data_o_reg[3][3]/C
  -------------------------------------------------------------------    -------------------
                         FDCE (Prop_fdce_C_Q)         0.433     1.220 r  i_vrf/bank_ra_data_o_reg[3][3]/Q
                         net (fo=10, unplaced)        0.700     1.920    i_vrf/bank_ra_data_o[3][3]
                         LUT5 (Prop_lut5_I0_O)        0.245     2.165 r  i_vrf/res_q[3]_i_2/O
                         net (fo=1, unplaced)         0.347     2.512    i_vrf/res_q[3]_i_2_n_0
                         LUT6 (Prop_lut6_I5_O)        0.105     2.617 r  i_vrf/res_q[3]_i_1/O
                         net (fo=1, unplaced)         0.000     2.617    i_vrf_n_761
                         FDCE                                         r  res_q_reg[3]/D
  -------------------------------------------------------------------    -------------------

                         (clock clk_i rise edge)      5.714     5.714 r  
                                                      0.000     5.714 r  clk_i (IN)
                         net (fo=2885, unset)         0.748     6.462    clk_i
                         FDCE                                         r  res_q_reg[3]/C
                         clock pessimism              0.000     6.462    
                         clock uncertainty           -0.035     6.426    
                         FDCE (Setup_fdce_C_D)        0.072     6.498    res_q_reg[3]
  -------------------------------------------------------------------
                         required time                          6.498    
                         arrival time                          -2.617    
  -------------------------------------------------------------------
                         slack                                  3.881    

Slack (MET) :             3.891ns  (required time - arrival time)
  Source:                 i_vrf/bank_ra_data_o_reg[3][12]/C
                            (rising edge-triggered cell FDCE clocked by clk_i  {rise@0.000ns fall@2.857ns period=5.714ns})
  Destination:            res_q_reg[12]/D
                            (rising edge-triggered cell FDCE clocked by clk_i  {rise@0.000ns fall@2.857ns period=5.714ns})
  Path Group:             clk_i
  Path Type:              Setup (Max at Slow Process Corner)
  Requirement:            5.714ns  (clk_i rise@5.714ns - clk_i rise@0.000ns)
  Data Path Delay:        1.820ns  (logic 0.770ns (42.308%)  route 1.050ns (57.692%))
  Logic Levels:           2  (LUT5=1 LUT6=1)
  Clock Path Skew:        -0.039ns (DCD - SCD + CPR)
    Destination Clock Delay (DCD):    0.748ns = ( 6.462 - 5.714 ) 
    Source Clock Delay      (SCD):    0.787ns
    Clock Pessimism Removal (CPR):    0.000ns
  Clock Uncertainty:      0.035ns  ((TSJ^2 + TIJ^2)^1/2 + DJ) / 2 + PE
    Total System Jitter     (TSJ):    0.071ns
    Total Input Jitter      (TIJ):    0.000ns
    Discrete Jitter          (DJ):    0.000ns
    Phase Error              (PE):    0.000ns

    Location             Delay type                Incr(ns)  Path(ns)    Netlist Resource(s)
  -------------------------------------------------------------------    -------------------
                         (clock clk_i rise edge)      0.000     0.000 r  
                                                      0.000     0.000 r  clk_i (IN)
                         net (fo=2885, unset)         0.787     0.787    i_vrf/clk_i
                         FDCE                                         r  i_vrf/bank_ra_data_o_reg[3][12]/C
  -------------------------------------------------------------------    -------------------
                         FDCE (Prop_fdce_C_Q)         0.433     1.220 r  i_vrf/bank_ra_data_o_reg[3][12]/Q
                         net (fo=11, unplaced)        0.703     1.923    i_vrf/bank_ra_data_o[3][12]
                         LUT5 (Prop_lut5_I0_O)        0.232     2.155 r  i_vrf/res_q[12]_i_2/O
                         net (fo=1, unplaced)         0.347     2.502    i_vrf/res_q[12]_i_2_n_0
                         LUT6 (Prop_lut6_I5_O)        0.105     2.607 r  i_vrf/res_q[12]_i_1/O
                         net (fo=1, unplaced)         0.000     2.607    i_vrf_n_752
                         FDCE                                         r  res_q_reg[12]/D
  -------------------------------------------------------------------    -------------------

                         (clock clk_i rise edge)      5.714     5.714 r  
                                                      0.000     5.714 r  clk_i (IN)
                         net (fo=2885, unset)         0.748     6.462    clk_i
                         FDCE                                         r  res_q_reg[12]/C
                         clock pessimism              0.000     6.462    
                         clock uncertainty           -0.035     6.426    
                         FDCE (Setup_fdce_C_D)        0.072     6.498    res_q_reg[12]
  -------------------------------------------------------------------
                         required time                          6.498    
                         arrival time                          -2.607    
  -------------------------------------------------------------------
                         slack                                  3.891    

Slack (MET) :             3.891ns  (required time - arrival time)
  Source:                 i_vrf/bank_ra_data_o_reg[3][16]/C
                            (rising edge-triggered cell FDCE clocked by clk_i  {rise@0.000ns fall@2.857ns period=5.714ns})
  Destination:            res_q_reg[16]/D
                            (rising edge-triggered cell FDCE clocked by clk_i  {rise@0.000ns fall@2.857ns period=5.714ns})
  Path Group:             clk_i
  Path Type:              Setup (Max at Slow Process Corner)
  Requirement:            5.714ns  (clk_i rise@5.714ns - clk_i rise@0.000ns)
  Data Path Delay:        1.820ns  (logic 0.770ns (42.308%)  route 1.050ns (57.692%))
  Logic Levels:           2  (LUT5=1 LUT6=1)
  Clock Path Skew:        -0.039ns (DCD - SCD + CPR)
    Destination Clock Delay (DCD):    0.748ns = ( 6.462 - 5.714 ) 
    Source Clock Delay      (SCD):    0.787ns
    Clock Pessimism Removal (CPR):    0.000ns
  Clock Uncertainty:      0.035ns  ((TSJ^2 + TIJ^2)^1/2 + DJ) / 2 + PE
    Total System Jitter     (TSJ):    0.071ns
    Total Input Jitter      (TIJ):    0.000ns
    Discrete Jitter          (DJ):    0.000ns
    Phase Error              (PE):    0.000ns

    Location             Delay type                Incr(ns)  Path(ns)    Netlist Resource(s)
  -------------------------------------------------------------------    -------------------
                         (clock clk_i rise edge)      0.000     0.000 r  
                                                      0.000     0.000 r  clk_i (IN)
                         net (fo=2885, unset)         0.787     0.787    i_vrf/clk_i
                         FDCE                                         r  i_vrf/bank_ra_data_o_reg[3][16]/C
  -------------------------------------------------------------------    -------------------
                         FDCE (Prop_fdce_C_Q)         0.433     1.220 r  i_vrf/bank_ra_data_o_reg[3][16]/Q
                         net (fo=11, unplaced)        0.703     1.923    i_vrf/bank_ra_data_o[3][16]
                         LUT5 (Prop_lut5_I0_O)        0.232     2.155 r  i_vrf/res_q[16]_i_2/O
                         net (fo=1, unplaced)         0.347     2.502    i_vrf/res_q[16]_i_2_n_0
                         LUT6 (Prop_lut6_I5_O)        0.105     2.607 r  i_vrf/res_q[16]_i_1/O
                         net (fo=1, unplaced)         0.000     2.607    i_vrf_n_748
                         FDCE                                         r  res_q_reg[16]/D
  -------------------------------------------------------------------    -------------------

                         (clock clk_i rise edge)      5.714     5.714 r  
                                                      0.000     5.714 r  clk_i (IN)
                         net (fo=2885, unset)         0.748     6.462    clk_i
                         FDCE                                         r  res_q_reg[16]/C
                         clock pessimism              0.000     6.462    
                         clock uncertainty           -0.035     6.426    
                         FDCE (Setup_fdce_C_D)        0.072     6.498    res_q_reg[16]
  -------------------------------------------------------------------
                         required time                          6.498    
                         arrival time                          -2.607    
  -------------------------------------------------------------------
                         slack                                  3.891    

Slack (MET) :             3.891ns  (required time - arrival time)
  Source:                 i_vrf/bank_ra_data_o_reg[3][20]/C
                            (rising edge-triggered cell FDCE clocked by clk_i  {rise@0.000ns fall@2.857ns period=5.714ns})
  Destination:            res_q_reg[20]/D
                            (rising edge-triggered cell FDCE clocked by clk_i  {rise@0.000ns fall@2.857ns period=5.714ns})
  Path Group:             clk_i
  Path Type:              Setup (Max at Slow Process Corner)
  Requirement:            5.714ns  (clk_i rise@5.714ns - clk_i rise@0.000ns)
  Data Path Delay:        1.820ns  (logic 0.770ns (42.308%)  route 1.050ns (57.692%))
  Logic Levels:           2  (LUT5=1 LUT6=1)
  Clock Path Skew:        -0.039ns (DCD - SCD + CPR)
    Destination Clock Delay (DCD):    0.748ns = ( 6.462 - 5.714 ) 
    Source Clock Delay      (SCD):    0.787ns
    Clock Pessimism Removal (CPR):    0.000ns
  Clock Uncertainty:      0.035ns  ((TSJ^2 + TIJ^2)^1/2 + DJ) / 2 + PE
    Total System Jitter     (TSJ):    0.071ns
    Total Input Jitter      (TIJ):    0.000ns
    Discrete Jitter          (DJ):    0.000ns
    Phase Error              (PE):    0.000ns

    Location             Delay type                Incr(ns)  Path(ns)    Netlist Resource(s)
  -------------------------------------------------------------------    -------------------
                         (clock clk_i rise edge)      0.000     0.000 r  
                                                      0.000     0.000 r  clk_i (IN)
                         net (fo=2885, unset)         0.787     0.787    i_vrf/clk_i
                         FDCE                                         r  i_vrf/bank_ra_data_o_reg[3][20]/C
  -------------------------------------------------------------------    -------------------
                         FDCE (Prop_fdce_C_Q)         0.433     1.220 r  i_vrf/bank_ra_data_o_reg[3][20]/Q
                         net (fo=11, unplaced)        0.703     1.923    i_vrf/bank_ra_data_o[3][20]
                         LUT5 (Prop_lut5_I0_O)        0.232     2.155 r  i_vrf/res_q[20]_i_2/O
                         net (fo=1, unplaced)         0.347     2.502    i_vrf/res_q[20]_i_2_n_0
                         LUT6 (Prop_lut6_I5_O)        0.105     2.607 r  i_vrf/res_q[20]_i_1/O
                         net (fo=1, unplaced)         0.000     2.607    i_vrf_n_744
                         FDCE                                         r  res_q_reg[20]/D
  -------------------------------------------------------------------    -------------------

                         (clock clk_i rise edge)      5.714     5.714 r  
                                                      0.000     5.714 r  clk_i (IN)
                         net (fo=2885, unset)         0.748     6.462    clk_i
                         FDCE                                         r  res_q_reg[20]/C
                         clock pessimism              0.000     6.462    
                         clock uncertainty           -0.035     6.426    
                         FDCE (Setup_fdce_C_D)        0.072     6.498    res_q_reg[20]
  -------------------------------------------------------------------
                         required time                          6.498    
                         arrival time                          -2.607    
  -------------------------------------------------------------------
                         slack                                  3.891    

Slack (MET) :             3.891ns  (required time - arrival time)
  Source:                 i_vrf/bank_ra_data_o_reg[3][24]/C
                            (rising edge-triggered cell FDCE clocked by clk_i  {rise@0.000ns fall@2.857ns period=5.714ns})
  Destination:            res_q_reg[24]/D
                            (rising edge-triggered cell FDCE clocked by clk_i  {rise@0.000ns fall@2.857ns period=5.714ns})
  Path Group:             clk_i
  Path Type:              Setup (Max at Slow Process Corner)
  Requirement:            5.714ns  (clk_i rise@5.714ns - clk_i rise@0.000ns)
  Data Path Delay:        1.820ns  (logic 0.770ns (42.308%)  route 1.050ns (57.692%))
  Logic Levels:           2  (LUT5=1 LUT6=1)
  Clock Path Skew:        -0.039ns (DCD - SCD + CPR)
    Destination Clock Delay (DCD):    0.748ns = ( 6.462 - 5.714 ) 
    Source Clock Delay      (SCD):    0.787ns
    Clock Pessimism Removal (CPR):    0.000ns
  Clock Uncertainty:      0.035ns  ((TSJ^2 + TIJ^2)^1/2 + DJ) / 2 + PE
    Total System Jitter     (TSJ):    0.071ns
    Total Input Jitter      (TIJ):    0.000ns
    Discrete Jitter          (DJ):    0.000ns
    Phase Error              (PE):    0.000ns

    Location             Delay type                Incr(ns)  Path(ns)    Netlist Resource(s)
  -------------------------------------------------------------------    -------------------
                         (clock clk_i rise edge)      0.000     0.000 r  
                                                      0.000     0.000 r  clk_i (IN)
                         net (fo=2885, unset)         0.787     0.787    i_vrf/clk_i
                         FDCE                                         r  i_vrf/bank_ra_data_o_reg[3][24]/C
  -------------------------------------------------------------------    -------------------
                         FDCE (Prop_fdce_C_Q)         0.433     1.220 r  i_vrf/bank_ra_data_o_reg[3][24]/Q
                         net (fo=11, unplaced)        0.703     1.923    i_vrf/bank_ra_data_o[3][24]
                         LUT5 (Prop_lut5_I0_O)        0.232     2.155 r  i_vrf/res_q[24]_i_2/O
                         net (fo=1, unplaced)         0.347     2.502    i_vrf/res_q[24]_i_2_n_0
                         LUT6 (Prop_lut6_I5_O)        0.105     2.607 r  i_vrf/res_q[24]_i_1/O
                         net (fo=1, unplaced)         0.000     2.607    i_vrf_n_740
                         FDCE                                         r  res_q_reg[24]/D
  -------------------------------------------------------------------    -------------------

                         (clock clk_i rise edge)      5.714     5.714 r  
                                                      0.000     5.714 r  clk_i (IN)
                         net (fo=2885, unset)         0.748     6.462    clk_i
                         FDCE                                         r  res_q_reg[24]/C
                         clock pessimism              0.000     6.462    
                         clock uncertainty           -0.035     6.426    
                         FDCE (Setup_fdce_C_D)        0.072     6.498    res_q_reg[24]
  -------------------------------------------------------------------
                         required time                          6.498    
                         arrival time                          -2.607    
  -------------------------------------------------------------------
                         slack                                  3.891    

Slack (MET) :             3.891ns  (required time - arrival time)
  Source:                 i_vrf/bank_ra_data_o_reg[3][28]/C
                            (rising edge-triggered cell FDCE clocked by clk_i  {rise@0.000ns fall@2.857ns period=5.714ns})
  Destination:            res_q_reg[28]/D
                            (rising edge-triggered cell FDCE clocked by clk_i  {rise@0.000ns fall@2.857ns period=5.714ns})
  Path Group:             clk_i
  Path Type:              Setup (Max at Slow Process Corner)
  Requirement:            5.714ns  (clk_i rise@5.714ns - clk_i rise@0.000ns)
  Data Path Delay:        1.820ns  (logic 0.770ns (42.308%)  route 1.050ns (57.692%))
  Logic Levels:           2  (LUT5=1 LUT6=1)
  Clock Path Skew:        -0.039ns (DCD - SCD + CPR)
    Destination Clock Delay (DCD):    0.748ns = ( 6.462 - 5.714 ) 
    Source Clock Delay      (SCD):    0.787ns
    Clock Pessimism Removal (CPR):    0.000ns
  Clock Uncertainty:      0.035ns  ((TSJ^2 + TIJ^2)^1/2 + DJ) / 2 + PE
    Total System Jitter     (TSJ):    0.071ns
    Total Input Jitter      (TIJ):    0.000ns
    Discrete Jitter          (DJ):    0.000ns
    Phase Error              (PE):    0.000ns

    Location             Delay type                Incr(ns)  Path(ns)    Netlist Resource(s)
  -------------------------------------------------------------------    -------------------
                         (clock clk_i rise edge)      0.000     0.000 r  
                                                      0.000     0.000 r  clk_i (IN)
                         net (fo=2885, unset)         0.787     0.787    i_vrf/clk_i
                         FDCE                                         r  i_vrf/bank_ra_data_o_reg[3][28]/C
  -------------------------------------------------------------------    -------------------
                         FDCE (Prop_fdce_C_Q)         0.433     1.220 r  i_vrf/bank_ra_data_o_reg[3][28]/Q
                         net (fo=11, unplaced)        0.703     1.923    i_vrf/bank_ra_data_o[3][28]
                         LUT5 (Prop_lut5_I0_O)        0.232     2.155 r  i_vrf/res_q[28]_i_2/O
                         net (fo=1, unplaced)         0.347     2.502    i_vrf/res_q[28]_i_2_n_0
                         LUT6 (Prop_lut6_I5_O)        0.105     2.607 r  i_vrf/res_q[28]_i_1/O
                         net (fo=1, unplaced)         0.000     2.607    i_vrf_n_736
                         FDCE                                         r  res_q_reg[28]/D
  -------------------------------------------------------------------    -------------------

                         (clock clk_i rise edge)      5.714     5.714 r  
                                                      0.000     5.714 r  clk_i (IN)
                         net (fo=2885, unset)         0.748     6.462    clk_i
                         FDCE                                         r  res_q_reg[28]/C
                         clock pessimism              0.000     6.462    
                         clock uncertainty           -0.035     6.426    
                         FDCE (Setup_fdce_C_D)        0.072     6.498    res_q_reg[28]
  -------------------------------------------------------------------
                         required time                          6.498    
                         arrival time                          -2.607    
  -------------------------------------------------------------------
                         slack                                  3.891    

Slack (MET) :             3.891ns  (required time - arrival time)
  Source:                 i_vrf/bank_ra_data_o_reg[3][32]/C
                            (rising edge-triggered cell FDCE clocked by clk_i  {rise@0.000ns fall@2.857ns period=5.714ns})
  Destination:            res_q_reg[32]/D
                            (rising edge-triggered cell FDCE clocked by clk_i  {rise@0.000ns fall@2.857ns period=5.714ns})
  Path Group:             clk_i
  Path Type:              Setup (Max at Slow Process Corner)
  Requirement:            5.714ns  (clk_i rise@5.714ns - clk_i rise@0.000ns)
  Data Path Delay:        1.820ns  (logic 0.770ns (42.308%)  route 1.050ns (57.692%))
  Logic Levels:           2  (LUT5=1 LUT6=1)
  Clock Path Skew:        -0.039ns (DCD - SCD + CPR)
    Destination Clock Delay (DCD):    0.748ns = ( 6.462 - 5.714 ) 
    Source Clock Delay      (SCD):    0.787ns
    Clock Pessimism Removal (CPR):    0.000ns
  Clock Uncertainty:      0.035ns  ((TSJ^2 + TIJ^2)^1/2 + DJ) / 2 + PE
    Total System Jitter     (TSJ):    0.071ns
    Total Input Jitter      (TIJ):    0.000ns
    Discrete Jitter          (DJ):    0.000ns
    Phase Error              (PE):    0.000ns

    Location             Delay type                Incr(ns)  Path(ns)    Netlist Resource(s)
  -------------------------------------------------------------------    -------------------
                         (clock clk_i rise edge)      0.000     0.000 r  
                                                      0.000     0.000 r  clk_i (IN)
                         net (fo=2885, unset)         0.787     0.787    i_vrf/clk_i
                         FDCE                                         r  i_vrf/bank_ra_data_o_reg[3][32]/C
  -------------------------------------------------------------------    -------------------
                         FDCE (Prop_fdce_C_Q)         0.433     1.220 r  i_vrf/bank_ra_data_o_reg[3][32]/Q
                         net (fo=11, unplaced)        0.703     1.923    i_vrf/bank_ra_data_o[3][32]
                         LUT5 (Prop_lut5_I0_O)        0.232     2.155 r  i_vrf/res_q[32]_i_2/O
                         net (fo=1, unplaced)         0.347     2.502    i_vrf/res_q[32]_i_2_n_0
                         LUT6 (Prop_lut6_I5_O)        0.105     2.607 r  i_vrf/res_q[32]_i_1/O
                         net (fo=1, unplaced)         0.000     2.607    i_vrf_n_732
                         FDCE                                         r  res_q_reg[32]/D
  -------------------------------------------------------------------    -------------------

                         (clock clk_i rise edge)      5.714     5.714 r  
                                                      0.000     5.714 r  clk_i (IN)
                         net (fo=2885, unset)         0.748     6.462    clk_i
                         FDCE                                         r  res_q_reg[32]/C
                         clock pessimism              0.000     6.462    
                         clock uncertainty           -0.035     6.426    
                         FDCE (Setup_fdce_C_D)        0.072     6.498    res_q_reg[32]
  -------------------------------------------------------------------
                         required time                          6.498    
                         arrival time                          -2.607    
  -------------------------------------------------------------------
                         slack                                  3.891    

Slack (MET) :             3.891ns  (required time - arrival time)
  Source:                 i_vrf/bank_ra_data_o_reg[3][36]/C
                            (rising edge-triggered cell FDCE clocked by clk_i  {rise@0.000ns fall@2.857ns period=5.714ns})
  Destination:            res_q_reg[36]/D
                            (rising edge-triggered cell FDCE clocked by clk_i  {rise@0.000ns fall@2.857ns period=5.714ns})
  Path Group:             clk_i
  Path Type:              Setup (Max at Slow Process Corner)
  Requirement:            5.714ns  (clk_i rise@5.714ns - clk_i rise@0.000ns)
  Data Path Delay:        1.820ns  (logic 0.770ns (42.308%)  route 1.050ns (57.692%))
  Logic Levels:           2  (LUT5=1 LUT6=1)
  Clock Path Skew:        -0.039ns (DCD - SCD + CPR)
    Destination Clock Delay (DCD):    0.748ns = ( 6.462 - 5.714 ) 
    Source Clock Delay      (SCD):    0.787ns
    Clock Pessimism Removal (CPR):    0.000ns
  Clock Uncertainty:      0.035ns  ((TSJ^2 + TIJ^2)^1/2 + DJ) / 2 + PE
    Total System Jitter     (TSJ):    0.071ns
    Total Input Jitter      (TIJ):    0.000ns
    Discrete Jitter          (DJ):    0.000ns
    Phase Error              (PE):    0.000ns

    Location             Delay type                Incr(ns)  Path(ns)    Netlist Resource(s)
  -------------------------------------------------------------------    -------------------
                         (clock clk_i rise edge)      0.000     0.000 r  
                                                      0.000     0.000 r  clk_i (IN)
                         net (fo=2885, unset)         0.787     0.787    i_vrf/clk_i
                         FDCE                                         r  i_vrf/bank_ra_data_o_reg[3][36]/C
  -------------------------------------------------------------------    -------------------
                         FDCE (Prop_fdce_C_Q)         0.433     1.220 r  i_vrf/bank_ra_data_o_reg[3][36]/Q
                         net (fo=11, unplaced)        0.703     1.923    i_vrf/bank_ra_data_o[3][36]
                         LUT5 (Prop_lut5_I0_O)        0.232     2.155 r  i_vrf/res_q[36]_i_2/O
                         net (fo=1, unplaced)         0.347     2.502    i_vrf/res_q[36]_i_2_n_0
                         LUT6 (Prop_lut6_I5_O)        0.105     2.607 r  i_vrf/res_q[36]_i_1/O
                         net (fo=1, unplaced)         0.000     2.607    i_vrf_n_728
                         FDCE                                         r  res_q_reg[36]/D
  -------------------------------------------------------------------    -------------------

                         (clock clk_i rise edge)      5.714     5.714 r  
                                                      0.000     5.714 r  clk_i (IN)
                         net (fo=2885, unset)         0.748     6.462    clk_i
                         FDCE                                         r  res_q_reg[36]/C
                         clock pessimism              0.000     6.462    
                         clock uncertainty           -0.035     6.426    
                         FDCE (Setup_fdce_C_D)        0.072     6.498    res_q_reg[36]
  -------------------------------------------------------------------
                         required time                          6.498    
                         arrival time                          -2.607    
  -------------------------------------------------------------------
                         slack                                  3.891    

Slack (MET) :             3.891ns  (required time - arrival time)
  Source:                 i_vrf/bank_ra_data_o_reg[3][40]/C
                            (rising edge-triggered cell FDCE clocked by clk_i  {rise@0.000ns fall@2.857ns period=5.714ns})
  Destination:            res_q_reg[40]/D
                            (rising edge-triggered cell FDCE clocked by clk_i  {rise@0.000ns fall@2.857ns period=5.714ns})
  Path Group:             clk_i
  Path Type:              Setup (Max at Slow Process Corner)
  Requirement:            5.714ns  (clk_i rise@5.714ns - clk_i rise@0.000ns)
  Data Path Delay:        1.820ns  (logic 0.770ns (42.308%)  route 1.050ns (57.692%))
  Logic Levels:           2  (LUT5=1 LUT6=1)
  Clock Path Skew:        -0.039ns (DCD - SCD + CPR)
    Destination Clock Delay (DCD):    0.748ns = ( 6.462 - 5.714 ) 
    Source Clock Delay      (SCD):    0.787ns
    Clock Pessimism Removal (CPR):    0.000ns
  Clock Uncertainty:      0.035ns  ((TSJ^2 + TIJ^2)^1/2 + DJ) / 2 + PE
    Total System Jitter     (TSJ):    0.071ns
    Total Input Jitter      (TIJ):    0.000ns
    Discrete Jitter          (DJ):    0.000ns
    Phase Error              (PE):    0.000ns

    Location             Delay type                Incr(ns)  Path(ns)    Netlist Resource(s)
  -------------------------------------------------------------------    -------------------
                         (clock clk_i rise edge)      0.000     0.000 r  
                                                      0.000     0.000 r  clk_i (IN)
                         net (fo=2885, unset)         0.787     0.787    i_vrf/clk_i
                         FDCE                                         r  i_vrf/bank_ra_data_o_reg[3][40]/C
  -------------------------------------------------------------------    -------------------
                         FDCE (Prop_fdce_C_Q)         0.433     1.220 r  i_vrf/bank_ra_data_o_reg[3][40]/Q
                         net (fo=11, unplaced)        0.703     1.923    i_vrf/bank_ra_data_o[3][40]
                         LUT5 (Prop_lut5_I0_O)        0.232     2.155 r  i_vrf/res_q[40]_i_2/O
                         net (fo=1, unplaced)         0.347     2.502    i_vrf/res_q[40]_i_2_n_0
                         LUT6 (Prop_lut6_I5_O)        0.105     2.607 r  i_vrf/res_q[40]_i_1/O
                         net (fo=1, unplaced)         0.000     2.607    i_vrf_n_724
                         FDCE                                         r  res_q_reg[40]/D
  -------------------------------------------------------------------    -------------------

                         (clock clk_i rise edge)      5.714     5.714 r  
                                                      0.000     5.714 r  clk_i (IN)
                         net (fo=2885, unset)         0.748     6.462    clk_i
                         FDCE                                         r  res_q_reg[40]/C
                         clock pessimism              0.000     6.462    
                         clock uncertainty           -0.035     6.426    
                         FDCE (Setup_fdce_C_D)        0.072     6.498    res_q_reg[40]
  -------------------------------------------------------------------
                         required time                          6.498    
                         arrival time                          -2.607    
  -------------------------------------------------------------------
                         slack                                  3.891    

Slack (MET) :             3.891ns  (required time - arrival time)
  Source:                 i_vrf/bank_ra_data_o_reg[3][44]/C
                            (rising edge-triggered cell FDCE clocked by clk_i  {rise@0.000ns fall@2.857ns period=5.714ns})
  Destination:            res_q_reg[44]/D
                            (rising edge-triggered cell FDCE clocked by clk_i  {rise@0.000ns fall@2.857ns period=5.714ns})
  Path Group:             clk_i
  Path Type:              Setup (Max at Slow Process Corner)
  Requirement:            5.714ns  (clk_i rise@5.714ns - clk_i rise@0.000ns)
  Data Path Delay:        1.820ns  (logic 0.770ns (42.308%)  route 1.050ns (57.692%))
  Logic Levels:           2  (LUT5=1 LUT6=1)
  Clock Path Skew:        -0.039ns (DCD - SCD + CPR)
    Destination Clock Delay (DCD):    0.748ns = ( 6.462 - 5.714 ) 
    Source Clock Delay      (SCD):    0.787ns
    Clock Pessimism Removal (CPR):    0.000ns
  Clock Uncertainty:      0.035ns  ((TSJ^2 + TIJ^2)^1/2 + DJ) / 2 + PE
    Total System Jitter     (TSJ):    0.071ns
    Total Input Jitter      (TIJ):    0.000ns
    Discrete Jitter          (DJ):    0.000ns
    Phase Error              (PE):    0.000ns

    Location             Delay type                Incr(ns)  Path(ns)    Netlist Resource(s)
  -------------------------------------------------------------------    -------------------
                         (clock clk_i rise edge)      0.000     0.000 r  
                                                      0.000     0.000 r  clk_i (IN)
                         net (fo=2885, unset)         0.787     0.787    i_vrf/clk_i
                         FDCE                                         r  i_vrf/bank_ra_data_o_reg[3][44]/C
  -------------------------------------------------------------------    -------------------
                         FDCE (Prop_fdce_C_Q)         0.433     1.220 r  i_vrf/bank_ra_data_o_reg[3][44]/Q
                         net (fo=11, unplaced)        0.703     1.923    i_vrf/bank_ra_data_o[3][44]
                         LUT5 (Prop_lut5_I0_O)        0.232     2.155 r  i_vrf/res_q[44]_i_2/O
                         net (fo=1, unplaced)         0.347     2.502    i_vrf/res_q[44]_i_2_n_0
                         LUT6 (Prop_lut6_I5_O)        0.105     2.607 r  i_vrf/res_q[44]_i_1/O
                         net (fo=1, unplaced)         0.000     2.607    i_vrf_n_720
                         FDCE                                         r  res_q_reg[44]/D
  -------------------------------------------------------------------    -------------------

                         (clock clk_i rise edge)      5.714     5.714 r  
                                                      0.000     5.714 r  clk_i (IN)
                         net (fo=2885, unset)         0.748     6.462    clk_i
                         FDCE                                         r  res_q_reg[44]/C
                         clock pessimism              0.000     6.462    
                         clock uncertainty           -0.035     6.426    
                         FDCE (Setup_fdce_C_D)        0.072     6.498    res_q_reg[44]
  -------------------------------------------------------------------
                         required time                          6.498    
                         arrival time                          -2.607    
  -------------------------------------------------------------------
                         slack                                  3.891    

Slack (MET) :             3.891ns  (required time - arrival time)
  Source:                 i_vrf/bank_ra_data_o_reg[3][48]/C
                            (rising edge-triggered cell FDCE clocked by clk_i  {rise@0.000ns fall@2.857ns period=5.714ns})
  Destination:            res_q_reg[48]/D
                            (rising edge-triggered cell FDCE clocked by clk_i  {rise@0.000ns fall@2.857ns period=5.714ns})
  Path Group:             clk_i
  Path Type:              Setup (Max at Slow Process Corner)
  Requirement:            5.714ns  (clk_i rise@5.714ns - clk_i rise@0.000ns)
  Data Path Delay:        1.820ns  (logic 0.770ns (42.308%)  route 1.050ns (57.692%))
  Logic Levels:           2  (LUT5=1 LUT6=1)
  Clock Path Skew:        -0.039ns (DCD - SCD + CPR)
    Destination Clock Delay (DCD):    0.748ns = ( 6.462 - 5.714 ) 
    Source Clock Delay      (SCD):    0.787ns
    Clock Pessimism Removal (CPR):    0.000ns
  Clock Uncertainty:      0.035ns  ((TSJ^2 + TIJ^2)^1/2 + DJ) / 2 + PE
    Total System Jitter     (TSJ):    0.071ns
    Total Input Jitter      (TIJ):    0.000ns
    Discrete Jitter          (DJ):    0.000ns
    Phase Error              (PE):    0.000ns

    Location             Delay type                Incr(ns)  Path(ns)    Netlist Resource(s)
  -------------------------------------------------------------------    -------------------
                         (clock clk_i rise edge)      0.000     0.000 r  
                                                      0.000     0.000 r  clk_i (IN)
                         net (fo=2885, unset)         0.787     0.787    i_vrf/clk_i
                         FDCE                                         r  i_vrf/bank_ra_data_o_reg[3][48]/C
  -------------------------------------------------------------------    -------------------
                         FDCE (Prop_fdce_C_Q)         0.433     1.220 r  i_vrf/bank_ra_data_o_reg[3][48]/Q
                         net (fo=11, unplaced)        0.703     1.923    i_vrf/bank_ra_data_o[3][48]
                         LUT5 (Prop_lut5_I0_O)        0.232     2.155 r  i_vrf/res_q[48]_i_2/O
                         net (fo=1, unplaced)         0.347     2.502    i_vrf/res_q[48]_i_2_n_0
                         LUT6 (Prop_lut6_I5_O)        0.105     2.607 r  i_vrf/res_q[48]_i_1/O
                         net (fo=1, unplaced)         0.000     2.607    i_vrf_n_716
                         FDCE                                         r  res_q_reg[48]/D
  -------------------------------------------------------------------    -------------------

                         (clock clk_i rise edge)      5.714     5.714 r  
                                                      0.000     5.714 r  clk_i (IN)
                         net (fo=2885, unset)         0.748     6.462    clk_i
                         FDCE                                         r  res_q_reg[48]/C
                         clock pessimism              0.000     6.462    
                         clock uncertainty           -0.035     6.426    
                         FDCE (Setup_fdce_C_D)        0.072     6.498    res_q_reg[48]
  -------------------------------------------------------------------
                         required time                          6.498    
                         arrival time                          -2.607    
  -------------------------------------------------------------------
                         slack                                  3.891    

Slack (MET) :             3.891ns  (required time - arrival time)
  Source:                 i_vrf/bank_ra_data_o_reg[3][4]/C
                            (rising edge-triggered cell FDCE clocked by clk_i  {rise@0.000ns fall@2.857ns period=5.714ns})
  Destination:            res_q_reg[4]/D
                            (rising edge-triggered cell FDCE clocked by clk_i  {rise@0.000ns fall@2.857ns period=5.714ns})
  Path Group:             clk_i
  Path Type:              Setup (Max at Slow Process Corner)
  Requirement:            5.714ns  (clk_i rise@5.714ns - clk_i rise@0.000ns)
  Data Path Delay:        1.820ns  (logic 0.770ns (42.308%)  route 1.050ns (57.692%))
  Logic Levels:           2  (LUT5=1 LUT6=1)
  Clock Path Skew:        -0.039ns (DCD - SCD + CPR)
    Destination Clock Delay (DCD):    0.748ns = ( 6.462 - 5.714 ) 
    Source Clock Delay      (SCD):    0.787ns
    Clock Pessimism Removal (CPR):    0.000ns
  Clock Uncertainty:      0.035ns  ((TSJ^2 + TIJ^2)^1/2 + DJ) / 2 + PE
    Total System Jitter     (TSJ):    0.071ns
    Total Input Jitter      (TIJ):    0.000ns
    Discrete Jitter          (DJ):    0.000ns
    Phase Error              (PE):    0.000ns

    Location             Delay type                Incr(ns)  Path(ns)    Netlist Resource(s)
  -------------------------------------------------------------------    -------------------
                         (clock clk_i rise edge)      0.000     0.000 r  
                                                      0.000     0.000 r  clk_i (IN)
                         net (fo=2885, unset)         0.787     0.787    i_vrf/clk_i
                         FDCE                                         r  i_vrf/bank_ra_data_o_reg[3][4]/C
  -------------------------------------------------------------------    -------------------
                         FDCE (Prop_fdce_C_Q)         0.433     1.220 r  i_vrf/bank_ra_data_o_reg[3][4]/Q
                         net (fo=11, unplaced)        0.703     1.923    i_vrf/bank_ra_data_o[3][4]
                         LUT5 (Prop_lut5_I0_O)        0.232     2.155 r  i_vrf/res_q[4]_i_2/O
                         net (fo=1, unplaced)         0.347     2.502    i_vrf/res_q[4]_i_2_n_0
                         LUT6 (Prop_lut6_I5_O)        0.105     2.607 r  i_vrf/res_q[4]_i_1/O
                         net (fo=1, unplaced)         0.000     2.607    i_vrf_n_760
                         FDCE                                         r  res_q_reg[4]/D
  -------------------------------------------------------------------    -------------------

                         (clock clk_i rise edge)      5.714     5.714 r  
                                                      0.000     5.714 r  clk_i (IN)
                         net (fo=2885, unset)         0.748     6.462    clk_i
                         FDCE                                         r  res_q_reg[4]/C
                         clock pessimism              0.000     6.462    
                         clock uncertainty           -0.035     6.426    
                         FDCE (Setup_fdce_C_D)        0.072     6.498    res_q_reg[4]
  -------------------------------------------------------------------
                         required time                          6.498    
                         arrival time                          -2.607    
  -------------------------------------------------------------------
                         slack                                  3.891    

Slack (MET) :             3.891ns  (required time - arrival time)
  Source:                 i_vrf/bank_ra_data_o_reg[3][52]/C
                            (rising edge-triggered cell FDCE clocked by clk_i  {rise@0.000ns fall@2.857ns period=5.714ns})
  Destination:            res_q_reg[52]/D
                            (rising edge-triggered cell FDCE clocked by clk_i  {rise@0.000ns fall@2.857ns period=5.714ns})
  Path Group:             clk_i
  Path Type:              Setup (Max at Slow Process Corner)
  Requirement:            5.714ns  (clk_i rise@5.714ns - clk_i rise@0.000ns)
  Data Path Delay:        1.820ns  (logic 0.770ns (42.308%)  route 1.050ns (57.692%))
  Logic Levels:           2  (LUT5=1 LUT6=1)
  Clock Path Skew:        -0.039ns (DCD - SCD + CPR)
    Destination Clock Delay (DCD):    0.748ns = ( 6.462 - 5.714 ) 
    Source Clock Delay      (SCD):    0.787ns
    Clock Pessimism Removal (CPR):    0.000ns
  Clock Uncertainty:      0.035ns  ((TSJ^2 + TIJ^2)^1/2 + DJ) / 2 + PE
    Total System Jitter     (TSJ):    0.071ns
    Total Input Jitter      (TIJ):    0.000ns
    Discrete Jitter          (DJ):    0.000ns
    Phase Error              (PE):    0.000ns

    Location             Delay type                Incr(ns)  Path(ns)    Netlist Resource(s)
  -------------------------------------------------------------------    -------------------
                         (clock clk_i rise edge)      0.000     0.000 r  
                                                      0.000     0.000 r  clk_i (IN)
                         net (fo=2885, unset)         0.787     0.787    i_vrf/clk_i
                         FDCE                                         r  i_vrf/bank_ra_data_o_reg[3][52]/C
  -------------------------------------------------------------------    -------------------
                         FDCE (Prop_fdce_C_Q)         0.433     1.220 r  i_vrf/bank_ra_data_o_reg[3][52]/Q
                         net (fo=11, unplaced)        0.703     1.923    i_vrf/bank_ra_data_o[3][52]
                         LUT5 (Prop_lut5_I0_O)        0.232     2.155 r  i_vrf/res_q[52]_i_2/O
                         net (fo=1, unplaced)         0.347     2.502    i_vrf/res_q[52]_i_2_n_0
                         LUT6 (Prop_lut6_I5_O)        0.105     2.607 r  i_vrf/res_q[52]_i_1/O
                         net (fo=1, unplaced)         0.000     2.607    i_vrf_n_712
                         FDCE                                         r  res_q_reg[52]/D
  -------------------------------------------------------------------    -------------------

                         (clock clk_i rise edge)      5.714     5.714 r  
                                                      0.000     5.714 r  clk_i (IN)
                         net (fo=2885, unset)         0.748     6.462    clk_i
                         FDCE                                         r  res_q_reg[52]/C
                         clock pessimism              0.000     6.462    
                         clock uncertainty           -0.035     6.426    
                         FDCE (Setup_fdce_C_D)        0.072     6.498    res_q_reg[52]
  -------------------------------------------------------------------
                         required time                          6.498    
                         arrival time                          -2.607    
  -------------------------------------------------------------------
                         slack                                  3.891    

Slack (MET) :             3.891ns  (required time - arrival time)
  Source:                 i_vrf/bank_ra_data_o_reg[3][56]/C
                            (rising edge-triggered cell FDCE clocked by clk_i  {rise@0.000ns fall@2.857ns period=5.714ns})
  Destination:            res_q_reg[56]/D
                            (rising edge-triggered cell FDCE clocked by clk_i  {rise@0.000ns fall@2.857ns period=5.714ns})
  Path Group:             clk_i
  Path Type:              Setup (Max at Slow Process Corner)
  Requirement:            5.714ns  (clk_i rise@5.714ns - clk_i rise@0.000ns)
  Data Path Delay:        1.820ns  (logic 0.770ns (42.308%)  route 1.050ns (57.692%))
  Logic Levels:           2  (LUT5=1 LUT6=1)
  Clock Path Skew:        -0.039ns (DCD - SCD + CPR)
    Destination Clock Delay (DCD):    0.748ns = ( 6.462 - 5.714 ) 
    Source Clock Delay      (SCD):    0.787ns
    Clock Pessimism Removal (CPR):    0.000ns
  Clock Uncertainty:      0.035ns  ((TSJ^2 + TIJ^2)^1/2 + DJ) / 2 + PE
    Total System Jitter     (TSJ):    0.071ns
    Total Input Jitter      (TIJ):    0.000ns
    Discrete Jitter          (DJ):    0.000ns
    Phase Error              (PE):    0.000ns

    Location             Delay type                Incr(ns)  Path(ns)    Netlist Resource(s)
  -------------------------------------------------------------------    -------------------
                         (clock clk_i rise edge)      0.000     0.000 r  
                                                      0.000     0.000 r  clk_i (IN)
                         net (fo=2885, unset)         0.787     0.787    i_vrf/clk_i
                         FDCE                                         r  i_vrf/bank_ra_data_o_reg[3][56]/C
  -------------------------------------------------------------------    -------------------
                         FDCE (Prop_fdce_C_Q)         0.433     1.220 r  i_vrf/bank_ra_data_o_reg[3][56]/Q
                         net (fo=11, unplaced)        0.703     1.923    i_vrf/bank_ra_data_o[3][56]
                         LUT5 (Prop_lut5_I0_O)        0.232     2.155 r  i_vrf/res_q[56]_i_2/O
                         net (fo=1, unplaced)         0.347     2.502    i_vrf/res_q[56]_i_2_n_0
                         LUT6 (Prop_lut6_I5_O)        0.105     2.607 r  i_vrf/res_q[56]_i_1/O
                         net (fo=1, unplaced)         0.000     2.607    i_vrf_n_708
                         FDCE                                         r  res_q_reg[56]/D
  -------------------------------------------------------------------    -------------------

                         (clock clk_i rise edge)      5.714     5.714 r  
                                                      0.000     5.714 r  clk_i (IN)
                         net (fo=2885, unset)         0.748     6.462    clk_i
                         FDCE                                         r  res_q_reg[56]/C
                         clock pessimism              0.000     6.462    
                         clock uncertainty           -0.035     6.426    
                         FDCE (Setup_fdce_C_D)        0.072     6.498    res_q_reg[56]
  -------------------------------------------------------------------
                         required time                          6.498    
                         arrival time                          -2.607    
  -------------------------------------------------------------------
                         slack                                  3.891    

Slack (MET) :             3.891ns  (required time - arrival time)
  Source:                 i_vrf/bank_ra_data_o_reg[3][8]/C
                            (rising edge-triggered cell FDCE clocked by clk_i  {rise@0.000ns fall@2.857ns period=5.714ns})
  Destination:            res_q_reg[8]/D
                            (rising edge-triggered cell FDCE clocked by clk_i  {rise@0.000ns fall@2.857ns period=5.714ns})
  Path Group:             clk_i
  Path Type:              Setup (Max at Slow Process Corner)
  Requirement:            5.714ns  (clk_i rise@5.714ns - clk_i rise@0.000ns)
  Data Path Delay:        1.820ns  (logic 0.770ns (42.308%)  route 1.050ns (57.692%))
  Logic Levels:           2  (LUT5=1 LUT6=1)
  Clock Path Skew:        -0.039ns (DCD - SCD + CPR)
    Destination Clock Delay (DCD):    0.748ns = ( 6.462 - 5.714 ) 
    Source Clock Delay      (SCD):    0.787ns
    Clock Pessimism Removal (CPR):    0.000ns
  Clock Uncertainty:      0.035ns  ((TSJ^2 + TIJ^2)^1/2 + DJ) / 2 + PE
    Total System Jitter     (TSJ):    0.071ns
    Total Input Jitter      (TIJ):    0.000ns
    Discrete Jitter          (DJ):    0.000ns
    Phase Error              (PE):    0.000ns

    Location             Delay type                Incr(ns)  Path(ns)    Netlist Resource(s)
  -------------------------------------------------------------------    -------------------
                         (clock clk_i rise edge)      0.000     0.000 r  
                                                      0.000     0.000 r  clk_i (IN)
                         net (fo=2885, unset)         0.787     0.787    i_vrf/clk_i
                         FDCE                                         r  i_vrf/bank_ra_data_o_reg[3][8]/C
  -------------------------------------------------------------------    -------------------
                         FDCE (Prop_fdce_C_Q)         0.433     1.220 r  i_vrf/bank_ra_data_o_reg[3][8]/Q
                         net (fo=11, unplaced)        0.703     1.923    i_vrf/bank_ra_data_o[3][8]
                         LUT5 (Prop_lut5_I0_O)        0.232     2.155 r  i_vrf/res_q[8]_i_2/O
                         net (fo=1, unplaced)         0.347     2.502    i_vrf/res_q[8]_i_2_n_0
                         LUT6 (Prop_lut6_I5_O)        0.105     2.607 r  i_vrf/res_q[8]_i_1/O
                         net (fo=1, unplaced)         0.000     2.607    i_vrf_n_756
                         FDCE                                         r  res_q_reg[8]/D
  -------------------------------------------------------------------    -------------------

                         (clock clk_i rise edge)      5.714     5.714 r  
                                                      0.000     5.714 r  clk_i (IN)
                         net (fo=2885, unset)         0.748     6.462    clk_i
                         FDCE                                         r  res_q_reg[8]/C
                         clock pessimism              0.000     6.462    
                         clock uncertainty           -0.035     6.426    
                         FDCE (Setup_fdce_C_D)        0.072     6.498    res_q_reg[8]
  -------------------------------------------------------------------
                         required time                          6.498    
                         arrival time                          -2.607    
  -------------------------------------------------------------------
                         slack                                  3.891    

Slack (MET) :             3.894ns  (required time - arrival time)
  Source:                 i_vrf/bank_ra_data_o_reg[3][10]/C
                            (rising edge-triggered cell FDCE clocked by clk_i  {rise@0.000ns fall@2.857ns period=5.714ns})
  Destination:            res_q_reg[10]/D
                            (rising edge-triggered cell FDCE clocked by clk_i  {rise@0.000ns fall@2.857ns period=5.714ns})
  Path Group:             clk_i
  Path Type:              Setup (Max at Slow Process Corner)
  Requirement:            5.714ns  (clk_i rise@5.714ns - clk_i rise@0.000ns)
  Data Path Delay:        1.817ns  (logic 0.770ns (42.378%)  route 1.047ns (57.622%))
  Logic Levels:           2  (LUT5=1 LUT6=1)
  Clock Path Skew:        -0.039ns (DCD - SCD + CPR)
    Destination Clock Delay (DCD):    0.748ns = ( 6.462 - 5.714 ) 
    Source Clock Delay      (SCD):    0.787ns
    Clock Pessimism Removal (CPR):    0.000ns
  Clock Uncertainty:      0.035ns  ((TSJ^2 + TIJ^2)^1/2 + DJ) / 2 + PE
    Total System Jitter     (TSJ):    0.071ns
    Total Input Jitter      (TIJ):    0.000ns
    Discrete Jitter          (DJ):    0.000ns
    Phase Error              (PE):    0.000ns

    Location             Delay type                Incr(ns)  Path(ns)    Netlist Resource(s)
  -------------------------------------------------------------------    -------------------
                         (clock clk_i rise edge)      0.000     0.000 r  
                                                      0.000     0.000 r  clk_i (IN)
                         net (fo=2885, unset)         0.787     0.787    i_vrf/clk_i
                         FDCE                                         r  i_vrf/bank_ra_data_o_reg[3][10]/C
  -------------------------------------------------------------------    -------------------
                         FDCE (Prop_fdce_C_Q)         0.433     1.220 r  i_vrf/bank_ra_data_o_reg[3][10]/Q
                         net (fo=10, unplaced)        0.700     1.920    i_vrf/bank_ra_data_o[3][10]
                         LUT5 (Prop_lut5_I0_O)        0.232     2.152 r  i_vrf/res_q[10]_i_2/O
                         net (fo=1, unplaced)         0.347     2.499    i_vrf/res_q[10]_i_2_n_0
                         LUT6 (Prop_lut6_I5_O)        0.105     2.604 r  i_vrf/res_q[10]_i_1/O
                         net (fo=1, unplaced)         0.000     2.604    i_vrf_n_754
                         FDCE                                         r  res_q_reg[10]/D
  -------------------------------------------------------------------    -------------------

                         (clock clk_i rise edge)      5.714     5.714 r  
                                                      0.000     5.714 r  clk_i (IN)
                         net (fo=2885, unset)         0.748     6.462    clk_i
                         FDCE                                         r  res_q_reg[10]/C
                         clock pessimism              0.000     6.462    
                         clock uncertainty           -0.035     6.426    
                         FDCE (Setup_fdce_C_D)        0.072     6.498    res_q_reg[10]
  -------------------------------------------------------------------
                         required time                          6.498    
                         arrival time                          -2.604    
  -------------------------------------------------------------------
                         slack                                  3.894    

Slack (MET) :             3.894ns  (required time - arrival time)
  Source:                 i_vrf/bank_ra_data_o_reg[3][11]/C
                            (rising edge-triggered cell FDCE clocked by clk_i  {rise@0.000ns fall@2.857ns period=5.714ns})
  Destination:            res_q_reg[11]/D
                            (rising edge-triggered cell FDCE clocked by clk_i  {rise@0.000ns fall@2.857ns period=5.714ns})
  Path Group:             clk_i
  Path Type:              Setup (Max at Slow Process Corner)
  Requirement:            5.714ns  (clk_i rise@5.714ns - clk_i rise@0.000ns)
  Data Path Delay:        1.817ns  (logic 0.770ns (42.378%)  route 1.047ns (57.622%))
  Logic Levels:           2  (LUT5=1 LUT6=1)
  Clock Path Skew:        -0.039ns (DCD - SCD + CPR)
    Destination Clock Delay (DCD):    0.748ns = ( 6.462 - 5.714 ) 
    Source Clock Delay      (SCD):    0.787ns
    Clock Pessimism Removal (CPR):    0.000ns
  Clock Uncertainty:      0.035ns  ((TSJ^2 + TIJ^2)^1/2 + DJ) / 2 + PE
    Total System Jitter     (TSJ):    0.071ns
    Total Input Jitter      (TIJ):    0.000ns
    Discrete Jitter          (DJ):    0.000ns
    Phase Error              (PE):    0.000ns

    Location             Delay type                Incr(ns)  Path(ns)    Netlist Resource(s)
  -------------------------------------------------------------------    -------------------
                         (clock clk_i rise edge)      0.000     0.000 r  
                                                      0.000     0.000 r  clk_i (IN)
                         net (fo=2885, unset)         0.787     0.787    i_vrf/clk_i
                         FDCE                                         r  i_vrf/bank_ra_data_o_reg[3][11]/C
  -------------------------------------------------------------------    -------------------
                         FDCE (Prop_fdce_C_Q)         0.433     1.220 r  i_vrf/bank_ra_data_o_reg[3][11]/Q
                         net (fo=10, unplaced)        0.700     1.920    i_vrf/bank_ra_data_o[3][11]
                         LUT5 (Prop_lut5_I0_O)        0.232     2.152 r  i_vrf/res_q[11]_i_2/O
                         net (fo=1, unplaced)         0.347     2.499    i_vrf/res_q[11]_i_2_n_0
                         LUT6 (Prop_lut6_I5_O)        0.105     2.604 r  i_vrf/res_q[11]_i_1/O
                         net (fo=1, unplaced)         0.000     2.604    i_vrf_n_753
                         FDCE                                         r  res_q_reg[11]/D
  -------------------------------------------------------------------    -------------------

                         (clock clk_i rise edge)      5.714     5.714 r  
                                                      0.000     5.714 r  clk_i (IN)
                         net (fo=2885, unset)         0.748     6.462    clk_i
                         FDCE                                         r  res_q_reg[11]/C
                         clock pessimism              0.000     6.462    
                         clock uncertainty           -0.035     6.426    
                         FDCE (Setup_fdce_C_D)        0.072     6.498    res_q_reg[11]
  -------------------------------------------------------------------
                         required time                          6.498    
                         arrival time                          -2.604    
  -------------------------------------------------------------------
                         slack                                  3.894    




