Copyright 1986-2022 Xilinx, Inc. All Rights Reserved. Copyright 2022-2024 Advanced Micro Devices, Inc. All Rights Reserved.
----------------------------------------------------------------------------------------------------------------------------------------------------------------------------------------------------------------------
| Tool Version : Vivado v.2024.2 (win64) Build 5239630 Fri Nov 08 22:35:27 MST 2024
| Date         : Tue Jun  9 22:38:10 2026
| Host         : WIN-20240824NZS running 64-bit major release  (build 9200)
| Command      : report_utilization -hierarchical -file E:/HDEC/cva6-vhdc-core/tmp/hdec_ooc_p1_keep_trial/worktree/docs/hdec/ooc/ecc_kpd32_v8_structural_ppa/round03_vrf_no_init/ooc_200/reports/utilization_hier.rpt
| Design       : hdec_top
| Device       : xc7z020clg400-2
| Speed File   : -2
| Design State : Synthesized
----------------------------------------------------------------------------------------------------------------------------------------------------------------------------------------------------------------------

Utilization Design Information

Table of Contents
-----------------
1. Utilization by Hierarchy

1. Utilization by Hierarchy
---------------------------

+------------------------------+---------------------+------------+------------+---------+------+------+--------+--------+------------+
|           Instance           |        Module       | Total LUTs | Logic LUTs | LUTRAMs | SRLs |  FFs | RAMB36 | RAMB18 | DSP Blocks |
+------------------------------+---------------------+------------+------------+---------+------+------+--------+--------+------------+
| hdec_top                     |               (top) |       5766 |       5166 |     600 |    0 | 2809 |      0 |      0 |          0 |
|   (hdec_top)                 |               (top) |       1119 |        863 |     256 |    0 | 2241 |      0 |      0 |          0 |
|   gen_lane[0].i_p2_pop_slice |   hdec_p2_pop_slice |        377 |        377 |       0 |    0 |   78 |      0 |      0 |          0 |
|   gen_lane[1].i_p2_pop_slice | hdec_p2_pop_slice_0 |        381 |        381 |       0 |    0 |   78 |      0 |      0 |          0 |
|   gen_lane[2].i_p2_pop_slice | hdec_p2_pop_slice_1 |        398 |        398 |       0 |    0 |   78 |      0 |      0 |          0 |
|   gen_lane[3].i_p2_pop_slice | hdec_p2_pop_slice_2 |        432 |        432 |       0 |    0 |   78 |      0 |      0 |          0 |
|   i_vrf                      |     hdec_vrf_64x256 |       3059 |       2715 |     344 |    0 |  256 |      0 |      0 |          0 |
+------------------------------+---------------------+------------+------------+---------+------+------+--------+--------+------------+


