Copyright 1986-2022 Xilinx, Inc. All Rights Reserved. Copyright 2022-2024 Advanced Micro Devices, Inc. All Rights Reserved.
-----------------------------------------------------------------------------------------------------------------------------------------------------------------------------------------------------------------------------------------------------------------------------------------------------------------------------------------------------------
| Tool Version : Vivado v.2024.2 (win64) Build 5239630 Fri Nov 08 22:35:27 MST 2024
| Date         : Sat Jun  6 17:16:23 2026
| Host         : WIN-20240824NZS running 64-bit major release  (build 9200)
| Command      : report_timing -delay_type max -sort_by slack -max_paths 20 -nworst 1 -from [get_pins -quiet -of_objects {i_vrf/lane_result_q[3][62]_i_6/I4} -filter {DIRECTION == OUT}] -to {i_vrf/lane_result_q[3][62]_i_6/I4} -file E:/HDEC/cva6-vhdc-core/reports/vivado/ooc_hdec_timing_atlas_e0925738/150mhz/groups/04b_hsim_total_to_hsim_total.rpt
| Design       : hdec_top
| Device       : 7z020-clg400
| Speed File   : -2  PRODUCTION 1.12 2019-11-22
| Design State : Synthesized
-----------------------------------------------------------------------------------------------------------------------------------------------------------------------------------------------------------------------------------------------------------------------------------------------------------------------------------------------------------

Timing Report

Slack (MET) :             1.867ns  (required time - arrival time)
  Source:                 hsim_total_q_reg[0]/C
                            (rising edge-triggered cell FDCE clocked by clk_i  {rise@0.000ns fall@3.333ns period=6.667ns})
  Destination:            hsim_total_q_reg[7]/D
                            (rising edge-triggered cell FDCE clocked by clk_i  {rise@0.000ns fall@3.333ns period=6.667ns})
  Path Group:             clk_i
  Path Type:              Setup (Max at Slow Process Corner)
  Requirement:            6.667ns  (clk_i rise@6.667ns - clk_i rise@0.000ns)
  Data Path Delay:        4.797ns  (logic 2.291ns (47.759%)  route 2.506ns (52.241%))
  Logic Levels:           6  (CARRY4=3 LUT3=3)
  Clock Path Skew:        -0.039ns (DCD - SCD + CPR)
    Destination Clock Delay (DCD):    0.748ns = ( 7.415 - 6.667 ) 
    Source Clock Delay      (SCD):    0.787ns
    Clock Pessimism Removal (CPR):    0.000ns
  Clock Uncertainty:      0.035ns  ((TSJ^2 + TIJ^2)^1/2 + DJ) / 2 + PE
    Total System Jitter     (TSJ):    0.071ns
    Total Input Jitter      (TIJ):    0.000ns
    Discrete Jitter          (DJ):    0.000ns
    Phase Error              (PE):    0.000ns

    Location             Delay type                Incr(ns)  Path(ns)    Netlist Resource(s)
  -------------------------------------------------------------------    -------------------
                         (clock clk_i rise edge)      0.000     0.000 r  
                                                      0.000     0.000 r  clk_i (IN)
                         net (fo=2875, unset)         0.787     0.787    clk_i
                         FDCE                                         r  hsim_total_q_reg[0]/C
  -------------------------------------------------------------------    -------------------
                         FDCE (Prop_fdce_C_Q)         0.433     1.220 r  hsim_total_q_reg[0]/Q
                         net (fo=4, unplaced)         0.623     1.843    hsim_total_q[0]
                         LUT3 (Prop_lut3_I0_O)        0.232     2.075 r  hsim_total_q[7]_i_21/O
                         net (fo=1, unplaced)         0.537     2.612    hsim_total_q[7]_i_21_n_0
                         CARRY4 (Prop_carry4_DI[1]_CO[3])
                                                      0.430     3.042 r  hsim_total_q_reg[7]_i_11/CO[3]
                         net (fo=1, unplaced)         0.008     3.050    hsim_total_q_reg[7]_i_11_n_0
                         CARRY4 (Prop_carry4_CI_O[0])
                                                      0.189     3.239 r  hsim_total_q_reg[7]_i_3/O[0]
                         net (fo=3, unplaced)         0.258     3.497    hsim_total_q_reg[7]_i_3_n_7
                         LUT3 (Prop_lut3_I2_O)        0.238     3.735 r  hsim_total_q[7]_i_5/O
                         net (fo=1, unplaced)         0.537     4.272    hsim_total_q[7]_i_5_n_0
                         CARRY4 (Prop_carry4_DI[1]_O[3])
                                                      0.519     4.791 r  hsim_total_q_reg[7]_i_2/O[3]
                         net (fo=4, unplaced)         0.543     5.334    in172[7]
                         LUT3 (Prop_lut3_I1_O)        0.250     5.584 r  hsim_total_q[7]_i_1/O
                         net (fo=1, unplaced)         0.000     5.584    hsim_total_q[7]_i_1_n_0
                         FDCE                                         r  hsim_total_q_reg[7]/D
  -------------------------------------------------------------------    -------------------

                         (clock clk_i rise edge)      6.667     6.667 r  
                                                      0.000     6.667 r  clk_i (IN)
                         net (fo=2875, unset)         0.748     7.415    clk_i
                         FDCE                                         r  hsim_total_q_reg[7]/C
                         clock pessimism              0.000     7.415    
                         clock uncertainty           -0.035     7.379    
                         FDCE (Setup_fdce_C_D)        0.072     7.451    hsim_total_q_reg[7]
  -------------------------------------------------------------------
                         required time                          7.451    
                         arrival time                          -5.584    
  -------------------------------------------------------------------
                         slack                                  1.867    

Slack (MET) :             1.918ns  (required time - arrival time)
  Source:                 hsim_total_q_reg[0]/C
                            (rising edge-triggered cell FDCE clocked by clk_i  {rise@0.000ns fall@3.333ns period=6.667ns})
  Destination:            hsim_total_q_reg[10]/D
                            (rising edge-triggered cell FDCE clocked by clk_i  {rise@0.000ns fall@3.333ns period=6.667ns})
  Path Group:             clk_i
  Path Type:              Setup (Max at Slow Process Corner)
  Requirement:            6.667ns  (clk_i rise@6.667ns - clk_i rise@0.000ns)
  Data Path Delay:        4.746ns  (logic 2.410ns (50.780%)  route 2.336ns (49.220%))
  Logic Levels:           7  (CARRY4=4 LUT3=3)
  Clock Path Skew:        -0.039ns (DCD - SCD + CPR)
    Destination Clock Delay (DCD):    0.748ns = ( 7.415 - 6.667 ) 
    Source Clock Delay      (SCD):    0.787ns
    Clock Pessimism Removal (CPR):    0.000ns
  Clock Uncertainty:      0.035ns  ((TSJ^2 + TIJ^2)^1/2 + DJ) / 2 + PE
    Total System Jitter     (TSJ):    0.071ns
    Total Input Jitter      (TIJ):    0.000ns
    Discrete Jitter          (DJ):    0.000ns
    Phase Error              (PE):    0.000ns

    Location             Delay type                Incr(ns)  Path(ns)    Netlist Resource(s)
  -------------------------------------------------------------------    -------------------
                         (clock clk_i rise edge)      0.000     0.000 r  
                                                      0.000     0.000 r  clk_i (IN)
                         net (fo=2875, unset)         0.787     0.787    clk_i
                         FDCE                                         r  hsim_total_q_reg[0]/C
  -------------------------------------------------------------------    -------------------
                         FDCE (Prop_fdce_C_Q)         0.433     1.220 r  hsim_total_q_reg[0]/Q
                         net (fo=4, unplaced)         0.623     1.843    hsim_total_q[0]
                         LUT3 (Prop_lut3_I0_O)        0.232     2.075 r  hsim_total_q[7]_i_21/O
                         net (fo=1, unplaced)         0.537     2.612    hsim_total_q[7]_i_21_n_0
                         CARRY4 (Prop_carry4_DI[1]_CO[3])
                                                      0.430     3.042 r  hsim_total_q_reg[7]_i_11/CO[3]
                         net (fo=1, unplaced)         0.008     3.050    hsim_total_q_reg[7]_i_11_n_0
                         CARRY4 (Prop_carry4_CI_O[0])
                                                      0.189     3.239 r  hsim_total_q_reg[7]_i_3/O[0]
                         net (fo=3, unplaced)         0.258     3.497    hsim_total_q_reg[7]_i_3_n_7
                         LUT3 (Prop_lut3_I2_O)        0.238     3.735 r  hsim_total_q[7]_i_5/O
                         net (fo=1, unplaced)         0.537     4.272    hsim_total_q[7]_i_5_n_0
                         CARRY4 (Prop_carry4_DI[1]_CO[3])
                                                      0.430     4.702 r  hsim_total_q_reg[7]_i_2/CO[3]
                         net (fo=1, unplaced)         0.000     4.702    hsim_total_q_reg[7]_i_2_n_0
                         CARRY4 (Prop_carry4_CI_O[2])
                                                      0.214     4.916 r  hsim_total_q_reg[10]_i_3/O[2]
                         net (fo=4, unplaced)         0.373     5.289    in172[10]
                         LUT3 (Prop_lut3_I1_O)        0.244     5.533 r  hsim_total_q[10]_i_2/O
                         net (fo=1, unplaced)         0.000     5.533    hsim_total_q[10]_i_2_n_0
                         FDCE                                         r  hsim_total_q_reg[10]/D
  -------------------------------------------------------------------    -------------------

                         (clock clk_i rise edge)      6.667     6.667 r  
                                                      0.000     6.667 r  clk_i (IN)
                         net (fo=2875, unset)         0.748     7.415    clk_i
                         FDCE                                         r  hsim_total_q_reg[10]/C
                         clock pessimism              0.000     7.415    
                         clock uncertainty           -0.035     7.379    
                         FDCE (Setup_fdce_C_D)        0.072     7.451    hsim_total_q_reg[10]
  -------------------------------------------------------------------
                         required time                          7.451    
                         arrival time                          -5.533    
  -------------------------------------------------------------------
                         slack                                  1.918    

Slack (MET) :             1.971ns  (required time - arrival time)
  Source:                 hsim_total_q_reg[0]/C
                            (rising edge-triggered cell FDCE clocked by clk_i  {rise@0.000ns fall@3.333ns period=6.667ns})
  Destination:            hsim_total_q_reg[9]/D
                            (rising edge-triggered cell FDCE clocked by clk_i  {rise@0.000ns fall@3.333ns period=6.667ns})
  Path Group:             clk_i
  Path Type:              Setup (Max at Slow Process Corner)
  Requirement:            6.667ns  (clk_i rise@6.667ns - clk_i rise@0.000ns)
  Data Path Delay:        4.693ns  (logic 2.466ns (52.546%)  route 2.227ns (47.454%))
  Logic Levels:           7  (CARRY4=4 LUT3=3)
  Clock Path Skew:        -0.039ns (DCD - SCD + CPR)
    Destination Clock Delay (DCD):    0.748ns = ( 7.415 - 6.667 ) 
    Source Clock Delay      (SCD):    0.787ns
    Clock Pessimism Removal (CPR):    0.000ns
  Clock Uncertainty:      0.035ns  ((TSJ^2 + TIJ^2)^1/2 + DJ) / 2 + PE
    Total System Jitter     (TSJ):    0.071ns
    Total Input Jitter      (TIJ):    0.000ns
    Discrete Jitter          (DJ):    0.000ns
    Phase Error              (PE):    0.000ns

    Location             Delay type                Incr(ns)  Path(ns)    Netlist Resource(s)
  -------------------------------------------------------------------    -------------------
                         (clock clk_i rise edge)      0.000     0.000 r  
                                                      0.000     0.000 r  clk_i (IN)
                         net (fo=2875, unset)         0.787     0.787    clk_i
                         FDCE                                         r  hsim_total_q_reg[0]/C
  -------------------------------------------------------------------    -------------------
                         FDCE (Prop_fdce_C_Q)         0.433     1.220 r  hsim_total_q_reg[0]/Q
                         net (fo=4, unplaced)         0.623     1.843    hsim_total_q[0]
                         LUT3 (Prop_lut3_I0_O)        0.232     2.075 r  hsim_total_q[7]_i_21/O
                         net (fo=1, unplaced)         0.537     2.612    hsim_total_q[7]_i_21_n_0
                         CARRY4 (Prop_carry4_DI[1]_CO[3])
                                                      0.430     3.042 r  hsim_total_q_reg[7]_i_11/CO[3]
                         net (fo=1, unplaced)         0.008     3.050    hsim_total_q_reg[7]_i_11_n_0
                         CARRY4 (Prop_carry4_CI_O[0])
                                                      0.189     3.239 r  hsim_total_q_reg[7]_i_3/O[0]
                         net (fo=3, unplaced)         0.258     3.497    hsim_total_q_reg[7]_i_3_n_7
                         LUT3 (Prop_lut3_I2_O)        0.238     3.735 r  hsim_total_q[7]_i_5/O
                         net (fo=1, unplaced)         0.537     4.272    hsim_total_q[7]_i_5_n_0
                         CARRY4 (Prop_carry4_DI[1]_CO[3])
                                                      0.430     4.702 r  hsim_total_q_reg[7]_i_2/CO[3]
                         net (fo=1, unplaced)         0.000     4.702    hsim_total_q_reg[7]_i_2_n_0
                         CARRY4 (Prop_carry4_CI_O[1])
                                                      0.269     4.971 r  hsim_total_q_reg[10]_i_3/O[1]
                         net (fo=4, unplaced)         0.264     5.235    in172[9]
                         LUT3 (Prop_lut3_I1_O)        0.245     5.480 r  hsim_total_q[9]_i_1/O
                         net (fo=1, unplaced)         0.000     5.480    hsim_total_q[9]_i_1_n_0
                         FDCE                                         r  hsim_total_q_reg[9]/D
  -------------------------------------------------------------------    -------------------

                         (clock clk_i rise edge)      6.667     6.667 r  
                                                      0.000     6.667 r  clk_i (IN)
                         net (fo=2875, unset)         0.748     7.415    clk_i
                         FDCE                                         r  hsim_total_q_reg[9]/C
                         clock pessimism              0.000     7.415    
                         clock uncertainty           -0.035     7.379    
                         FDCE (Setup_fdce_C_D)        0.072     7.451    hsim_total_q_reg[9]
  -------------------------------------------------------------------
                         required time                          7.451    
                         arrival time                          -5.480    
  -------------------------------------------------------------------
                         slack                                  1.971    

Slack (MET) :             2.058ns  (required time - arrival time)
  Source:                 hsim_total_q_reg[0]/C
                            (rising edge-triggered cell FDCE clocked by clk_i  {rise@0.000ns fall@3.333ns period=6.667ns})
  Destination:            hsim_total_q_reg[8]/D
                            (rising edge-triggered cell FDCE clocked by clk_i  {rise@0.000ns fall@3.333ns period=6.667ns})
  Path Group:             clk_i
  Path Type:              Setup (Max at Slow Process Corner)
  Requirement:            6.667ns  (clk_i rise@6.667ns - clk_i rise@0.000ns)
  Data Path Delay:        4.606ns  (logic 2.379ns (51.650%)  route 2.227ns (48.350%))
  Logic Levels:           7  (CARRY4=4 LUT3=3)
  Clock Path Skew:        -0.039ns (DCD - SCD + CPR)
    Destination Clock Delay (DCD):    0.748ns = ( 7.415 - 6.667 ) 
    Source Clock Delay      (SCD):    0.787ns
    Clock Pessimism Removal (CPR):    0.000ns
  Clock Uncertainty:      0.035ns  ((TSJ^2 + TIJ^2)^1/2 + DJ) / 2 + PE
    Total System Jitter     (TSJ):    0.071ns
    Total Input Jitter      (TIJ):    0.000ns
    Discrete Jitter          (DJ):    0.000ns
    Phase Error              (PE):    0.000ns

    Location             Delay type                Incr(ns)  Path(ns)    Netlist Resource(s)
  -------------------------------------------------------------------    -------------------
                         (clock clk_i rise edge)      0.000     0.000 r  
                                                      0.000     0.000 r  clk_i (IN)
                         net (fo=2875, unset)         0.787     0.787    clk_i
                         FDCE                                         r  hsim_total_q_reg[0]/C
  -------------------------------------------------------------------    -------------------
                         FDCE (Prop_fdce_C_Q)         0.433     1.220 r  hsim_total_q_reg[0]/Q
                         net (fo=4, unplaced)         0.623     1.843    hsim_total_q[0]
                         LUT3 (Prop_lut3_I0_O)        0.232     2.075 r  hsim_total_q[7]_i_21/O
                         net (fo=1, unplaced)         0.537     2.612    hsim_total_q[7]_i_21_n_0
                         CARRY4 (Prop_carry4_DI[1]_CO[3])
                                                      0.430     3.042 r  hsim_total_q_reg[7]_i_11/CO[3]
                         net (fo=1, unplaced)         0.008     3.050    hsim_total_q_reg[7]_i_11_n_0
                         CARRY4 (Prop_carry4_CI_O[0])
                                                      0.189     3.239 r  hsim_total_q_reg[7]_i_3/O[0]
                         net (fo=3, unplaced)         0.258     3.497    hsim_total_q_reg[7]_i_3_n_7
                         LUT3 (Prop_lut3_I2_O)        0.238     3.735 r  hsim_total_q[7]_i_5/O
                         net (fo=1, unplaced)         0.537     4.272    hsim_total_q[7]_i_5_n_0
                         CARRY4 (Prop_carry4_DI[1]_CO[3])
                                                      0.430     4.702 r  hsim_total_q_reg[7]_i_2/CO[3]
                         net (fo=1, unplaced)         0.000     4.702    hsim_total_q_reg[7]_i_2_n_0
                         CARRY4 (Prop_carry4_CI_O[0])
                                                      0.189     4.891 r  hsim_total_q_reg[10]_i_3/O[0]
                         net (fo=4, unplaced)         0.264     5.155    in172[8]
                         LUT3 (Prop_lut3_I1_O)        0.238     5.393 r  hsim_total_q[8]_i_1/O
                         net (fo=1, unplaced)         0.000     5.393    hsim_total_q[8]_i_1_n_0
                         FDCE                                         r  hsim_total_q_reg[8]/D
  -------------------------------------------------------------------    -------------------

                         (clock clk_i rise edge)      6.667     6.667 r  
                                                      0.000     6.667 r  clk_i (IN)
                         net (fo=2875, unset)         0.748     7.415    clk_i
                         FDCE                                         r  hsim_total_q_reg[8]/C
                         clock pessimism              0.000     7.415    
                         clock uncertainty           -0.035     7.379    
                         FDCE (Setup_fdce_C_D)        0.072     7.451    hsim_total_q_reg[8]
  -------------------------------------------------------------------
                         required time                          7.451    
                         arrival time                          -5.393    
  -------------------------------------------------------------------
                         slack                                  2.058    

Slack (MET) :             2.096ns  (required time - arrival time)
  Source:                 hsim_total_q_reg[0]/C
                            (rising edge-triggered cell FDCE clocked by clk_i  {rise@0.000ns fall@3.333ns period=6.667ns})
  Destination:            hsim_total_q_reg[6]/D
                            (rising edge-triggered cell FDCE clocked by clk_i  {rise@0.000ns fall@3.333ns period=6.667ns})
  Path Group:             clk_i
  Path Type:              Setup (Max at Slow Process Corner)
  Requirement:            6.667ns  (clk_i rise@6.667ns - clk_i rise@0.000ns)
  Data Path Delay:        4.568ns  (logic 2.232ns (48.862%)  route 2.336ns (51.138%))
  Logic Levels:           6  (CARRY4=3 LUT3=3)
  Clock Path Skew:        -0.039ns (DCD - SCD + CPR)
    Destination Clock Delay (DCD):    0.748ns = ( 7.415 - 6.667 ) 
    Source Clock Delay      (SCD):    0.787ns
    Clock Pessimism Removal (CPR):    0.000ns
  Clock Uncertainty:      0.035ns  ((TSJ^2 + TIJ^2)^1/2 + DJ) / 2 + PE
    Total System Jitter     (TSJ):    0.071ns
    Total Input Jitter      (TIJ):    0.000ns
    Discrete Jitter          (DJ):    0.000ns
    Phase Error              (PE):    0.000ns

    Location             Delay type                Incr(ns)  Path(ns)    Netlist Resource(s)
  -------------------------------------------------------------------    -------------------
                         (clock clk_i rise edge)      0.000     0.000 r  
                                                      0.000     0.000 r  clk_i (IN)
                         net (fo=2875, unset)         0.787     0.787    clk_i
                         FDCE                                         r  hsim_total_q_reg[0]/C
  -------------------------------------------------------------------    -------------------
                         FDCE (Prop_fdce_C_Q)         0.433     1.220 r  hsim_total_q_reg[0]/Q
                         net (fo=4, unplaced)         0.623     1.843    hsim_total_q[0]
                         LUT3 (Prop_lut3_I0_O)        0.232     2.075 r  hsim_total_q[7]_i_21/O
                         net (fo=1, unplaced)         0.537     2.612    hsim_total_q[7]_i_21_n_0
                         CARRY4 (Prop_carry4_DI[1]_CO[3])
                                                      0.430     3.042 r  hsim_total_q_reg[7]_i_11/CO[3]
                         net (fo=1, unplaced)         0.008     3.050    hsim_total_q_reg[7]_i_11_n_0
                         CARRY4 (Prop_carry4_CI_O[0])
                                                      0.189     3.239 r  hsim_total_q_reg[7]_i_3/O[0]
                         net (fo=3, unplaced)         0.258     3.497    hsim_total_q_reg[7]_i_3_n_7
                         LUT3 (Prop_lut3_I2_O)        0.238     3.735 r  hsim_total_q[7]_i_5/O
                         net (fo=1, unplaced)         0.537     4.272    hsim_total_q[7]_i_5_n_0
                         CARRY4 (Prop_carry4_DI[1]_O[2])
                                                      0.466     4.738 r  hsim_total_q_reg[7]_i_2/O[2]
                         net (fo=4, unplaced)         0.373     5.111    in172[6]
                         LUT3 (Prop_lut3_I1_O)        0.244     5.355 r  hsim_total_q[6]_i_1/O
                         net (fo=1, unplaced)         0.000     5.355    hsim_total_q[6]_i_1_n_0
                         FDCE                                         r  hsim_total_q_reg[6]/D
  -------------------------------------------------------------------    -------------------

                         (clock clk_i rise edge)      6.667     6.667 r  
                                                      0.000     6.667 r  clk_i (IN)
                         net (fo=2875, unset)         0.748     7.415    clk_i
                         FDCE                                         r  hsim_total_q_reg[6]/C
                         clock pessimism              0.000     7.415    
                         clock uncertainty           -0.035     7.379    
                         FDCE (Setup_fdce_C_D)        0.072     7.451    hsim_total_q_reg[6]
  -------------------------------------------------------------------
                         required time                          7.451    
                         arrival time                          -5.355    
  -------------------------------------------------------------------
                         slack                                  2.096    

Slack (MET) :             2.282ns  (required time - arrival time)
  Source:                 hsim_total_q_reg[0]/C
                            (rising edge-triggered cell FDCE clocked by clk_i  {rise@0.000ns fall@3.333ns period=6.667ns})
  Destination:            hsim_total_q_reg[5]/D
                            (rising edge-triggered cell FDCE clocked by clk_i  {rise@0.000ns fall@3.333ns period=6.667ns})
  Path Group:             clk_i
  Path Type:              Setup (Max at Slow Process Corner)
  Requirement:            6.667ns  (clk_i rise@6.667ns - clk_i rise@0.000ns)
  Data Path Delay:        4.382ns  (logic 2.216ns (50.571%)  route 2.166ns (49.429%))
  Logic Levels:           6  (CARRY4=3 LUT3=3)
  Clock Path Skew:        -0.039ns (DCD - SCD + CPR)
    Destination Clock Delay (DCD):    0.748ns = ( 7.415 - 6.667 ) 
    Source Clock Delay      (SCD):    0.787ns
    Clock Pessimism Removal (CPR):    0.000ns
  Clock Uncertainty:      0.035ns  ((TSJ^2 + TIJ^2)^1/2 + DJ) / 2 + PE
    Total System Jitter     (TSJ):    0.071ns
    Total Input Jitter      (TIJ):    0.000ns
    Discrete Jitter          (DJ):    0.000ns
    Phase Error              (PE):    0.000ns

    Location             Delay type                Incr(ns)  Path(ns)    Netlist Resource(s)
  -------------------------------------------------------------------    -------------------
                         (clock clk_i rise edge)      0.000     0.000 r  
                                                      0.000     0.000 r  clk_i (IN)
                         net (fo=2875, unset)         0.787     0.787    clk_i
                         FDCE                                         r  hsim_total_q_reg[0]/C
  -------------------------------------------------------------------    -------------------
                         FDCE (Prop_fdce_C_Q)         0.433     1.220 r  hsim_total_q_reg[0]/Q
                         net (fo=4, unplaced)         0.623     1.843    hsim_total_q[0]
                         LUT3 (Prop_lut3_I0_O)        0.232     2.075 r  hsim_total_q[7]_i_21/O
                         net (fo=1, unplaced)         0.537     2.612    hsim_total_q[7]_i_21_n_0
                         CARRY4 (Prop_carry4_DI[1]_O[2])
                                                      0.466     3.078 r  hsim_total_q_reg[7]_i_11/O[2]
                         net (fo=3, unplaced)         0.367     3.445    hsim_total_q_reg[7]_i_11_n_5
                         LUT3 (Prop_lut3_I2_O)        0.244     3.689 r  hsim_total_q[3]_i_3/O
                         net (fo=1, unplaced)         0.367     4.056    hsim_total_q[3]_i_3_n_0
                         CARRY4 (Prop_carry4_DI[3]_CO[3])
                                                      0.327     4.383 r  hsim_total_q_reg[3]_i_2/CO[3]
                         net (fo=1, unplaced)         0.008     4.391    hsim_total_q_reg[3]_i_2_n_0
                         CARRY4 (Prop_carry4_CI_O[1])
                                                      0.269     4.660 r  hsim_total_q_reg[7]_i_2/O[1]
                         net (fo=4, unplaced)         0.264     4.924    in172[5]
                         LUT3 (Prop_lut3_I1_O)        0.245     5.169 r  hsim_total_q[5]_i_1/O
                         net (fo=1, unplaced)         0.000     5.169    hsim_total_q[5]_i_1_n_0
                         FDCE                                         r  hsim_total_q_reg[5]/D
  -------------------------------------------------------------------    -------------------

                         (clock clk_i rise edge)      6.667     6.667 r  
                                                      0.000     6.667 r  clk_i (IN)
                         net (fo=2875, unset)         0.748     7.415    clk_i
                         FDCE                                         r  hsim_total_q_reg[5]/C
                         clock pessimism              0.000     7.415    
                         clock uncertainty           -0.035     7.379    
                         FDCE (Setup_fdce_C_D)        0.072     7.451    hsim_total_q_reg[5]
  -------------------------------------------------------------------
                         required time                          7.451    
                         arrival time                          -5.169    
  -------------------------------------------------------------------
                         slack                                  2.282    

Slack (MET) :             2.369ns  (required time - arrival time)
  Source:                 hsim_total_q_reg[0]/C
                            (rising edge-triggered cell FDCE clocked by clk_i  {rise@0.000ns fall@3.333ns period=6.667ns})
  Destination:            hsim_total_q_reg[4]/D
                            (rising edge-triggered cell FDCE clocked by clk_i  {rise@0.000ns fall@3.333ns period=6.667ns})
  Path Group:             clk_i
  Path Type:              Setup (Max at Slow Process Corner)
  Requirement:            6.667ns  (clk_i rise@6.667ns - clk_i rise@0.000ns)
  Data Path Delay:        4.295ns  (logic 2.129ns (49.569%)  route 2.166ns (50.431%))
  Logic Levels:           6  (CARRY4=3 LUT3=3)
  Clock Path Skew:        -0.039ns (DCD - SCD + CPR)
    Destination Clock Delay (DCD):    0.748ns = ( 7.415 - 6.667 ) 
    Source Clock Delay      (SCD):    0.787ns
    Clock Pessimism Removal (CPR):    0.000ns
  Clock Uncertainty:      0.035ns  ((TSJ^2 + TIJ^2)^1/2 + DJ) / 2 + PE
    Total System Jitter     (TSJ):    0.071ns
    Total Input Jitter      (TIJ):    0.000ns
    Discrete Jitter          (DJ):    0.000ns
    Phase Error              (PE):    0.000ns

    Location             Delay type                Incr(ns)  Path(ns)    Netlist Resource(s)
  -------------------------------------------------------------------    -------------------
                         (clock clk_i rise edge)      0.000     0.000 r  
                                                      0.000     0.000 r  clk_i (IN)
                         net (fo=2875, unset)         0.787     0.787    clk_i
                         FDCE                                         r  hsim_total_q_reg[0]/C
  -------------------------------------------------------------------    -------------------
                         FDCE (Prop_fdce_C_Q)         0.433     1.220 r  hsim_total_q_reg[0]/Q
                         net (fo=4, unplaced)         0.623     1.843    hsim_total_q[0]
                         LUT3 (Prop_lut3_I0_O)        0.232     2.075 r  hsim_total_q[7]_i_21/O
                         net (fo=1, unplaced)         0.537     2.612    hsim_total_q[7]_i_21_n_0
                         CARRY4 (Prop_carry4_DI[1]_O[2])
                                                      0.466     3.078 r  hsim_total_q_reg[7]_i_11/O[2]
                         net (fo=3, unplaced)         0.367     3.445    hsim_total_q_reg[7]_i_11_n_5
                         LUT3 (Prop_lut3_I2_O)        0.244     3.689 r  hsim_total_q[3]_i_3/O
                         net (fo=1, unplaced)         0.367     4.056    hsim_total_q[3]_i_3_n_0
                         CARRY4 (Prop_carry4_DI[3]_CO[3])
                                                      0.327     4.383 r  hsim_total_q_reg[3]_i_2/CO[3]
                         net (fo=1, unplaced)         0.008     4.391    hsim_total_q_reg[3]_i_2_n_0
                         CARRY4 (Prop_carry4_CI_O[0])
                                                      0.189     4.580 r  hsim_total_q_reg[7]_i_2/O[0]
                         net (fo=4, unplaced)         0.264     4.844    in172[4]
                         LUT3 (Prop_lut3_I1_O)        0.238     5.082 r  hsim_total_q[4]_i_1/O
                         net (fo=1, unplaced)         0.000     5.082    hsim_total_q[4]_i_1_n_0
                         FDCE                                         r  hsim_total_q_reg[4]/D
  -------------------------------------------------------------------    -------------------

                         (clock clk_i rise edge)      6.667     6.667 r  
                                                      0.000     6.667 r  clk_i (IN)
                         net (fo=2875, unset)         0.748     7.415    clk_i
                         FDCE                                         r  hsim_total_q_reg[4]/C
                         clock pessimism              0.000     7.415    
                         clock uncertainty           -0.035     7.379    
                         FDCE (Setup_fdce_C_D)        0.072     7.451    hsim_total_q_reg[4]
  -------------------------------------------------------------------
                         required time                          7.451    
                         arrival time                          -5.082    
  -------------------------------------------------------------------
                         slack                                  2.369    

Slack (MET) :             2.529ns  (required time - arrival time)
  Source:                 hsim_total_q_reg[0]/C
                            (rising edge-triggered cell FDCE clocked by clk_i  {rise@0.000ns fall@3.333ns period=6.667ns})
  Destination:            hsim_total_q_reg[3]/D
                            (rising edge-triggered cell FDCE clocked by clk_i  {rise@0.000ns fall@3.333ns period=6.667ns})
  Path Group:             clk_i
  Path Type:              Setup (Max at Slow Process Corner)
  Requirement:            6.667ns  (clk_i rise@6.667ns - clk_i rise@0.000ns)
  Data Path Delay:        4.135ns  (logic 1.895ns (45.828%)  route 2.240ns (54.172%))
  Logic Levels:           5  (CARRY4=2 LUT3=2 LUT6=1)
  Clock Path Skew:        -0.039ns (DCD - SCD + CPR)
    Destination Clock Delay (DCD):    0.748ns = ( 7.415 - 6.667 ) 
    Source Clock Delay      (SCD):    0.787ns
    Clock Pessimism Removal (CPR):    0.000ns
  Clock Uncertainty:      0.035ns  ((TSJ^2 + TIJ^2)^1/2 + DJ) / 2 + PE
    Total System Jitter     (TSJ):    0.071ns
    Total Input Jitter      (TIJ):    0.000ns
    Discrete Jitter          (DJ):    0.000ns
    Phase Error              (PE):    0.000ns

    Location             Delay type                Incr(ns)  Path(ns)    Netlist Resource(s)
  -------------------------------------------------------------------    -------------------
                         (clock clk_i rise edge)      0.000     0.000 r  
                                                      0.000     0.000 r  clk_i (IN)
                         net (fo=2875, unset)         0.787     0.787    clk_i
                         FDCE                                         r  hsim_total_q_reg[0]/C
  -------------------------------------------------------------------    -------------------
                         FDCE (Prop_fdce_C_Q)         0.433     1.220 r  hsim_total_q_reg[0]/Q
                         net (fo=4, unplaced)         0.623     1.843    hsim_total_q[0]
                         LUT3 (Prop_lut3_I0_O)        0.232     2.075 r  hsim_total_q[7]_i_21/O
                         net (fo=1, unplaced)         0.537     2.612    hsim_total_q[7]_i_21_n_0
                         CARRY4 (Prop_carry4_DI[1]_O[3])
                                                      0.519     3.131 r  hsim_total_q_reg[7]_i_11/O[3]
                         net (fo=3, unplaced)         0.537     3.668    hsim_total_q_reg[7]_i_11_n_4
                         LUT6 (Prop_lut6_I4_O)        0.250     3.918 r  hsim_total_q[3]_i_6/O
                         net (fo=1, unplaced)         0.000     3.918    hsim_total_q[3]_i_6_n_0
                         CARRY4 (Prop_carry4_S[3]_O[3])
                                                      0.211     4.129 r  hsim_total_q_reg[3]_i_2/O[3]
                         net (fo=4, unplaced)         0.543     4.672    in172[3]
                         LUT3 (Prop_lut3_I1_O)        0.250     4.922 r  hsim_total_q[3]_i_1/O
                         net (fo=1, unplaced)         0.000     4.922    hsim_total_q[3]_i_1_n_0
                         FDCE                                         r  hsim_total_q_reg[3]/D
  -------------------------------------------------------------------    -------------------

                         (clock clk_i rise edge)      6.667     6.667 r  
                                                      0.000     6.667 r  clk_i (IN)
                         net (fo=2875, unset)         0.748     7.415    clk_i
                         FDCE                                         r  hsim_total_q_reg[3]/C
                         clock pessimism              0.000     7.415    
                         clock uncertainty           -0.035     7.379    
                         FDCE (Setup_fdce_C_D)        0.072     7.451    hsim_total_q_reg[3]
  -------------------------------------------------------------------
                         required time                          7.451    
                         arrival time                          -4.922    
  -------------------------------------------------------------------
                         slack                                  2.529    

Slack (MET) :             2.938ns  (required time - arrival time)
  Source:                 hsim_total_q_reg[0]/C
                            (rising edge-triggered cell FDCE clocked by clk_i  {rise@0.000ns fall@3.333ns period=6.667ns})
  Destination:            hsim_total_q_reg[2]/D
                            (rising edge-triggered cell FDCE clocked by clk_i  {rise@0.000ns fall@3.333ns period=6.667ns})
  Path Group:             clk_i
  Path Type:              Setup (Max at Slow Process Corner)
  Requirement:            6.667ns  (clk_i rise@6.667ns - clk_i rise@0.000ns)
  Data Path Delay:        3.726ns  (logic 1.826ns (49.007%)  route 1.900ns (50.993%))
  Logic Levels:           5  (CARRY4=2 LUT3=2 LUT6=1)
  Clock Path Skew:        -0.039ns (DCD - SCD + CPR)
    Destination Clock Delay (DCD):    0.748ns = ( 7.415 - 6.667 ) 
    Source Clock Delay      (SCD):    0.787ns
    Clock Pessimism Removal (CPR):    0.000ns
  Clock Uncertainty:      0.035ns  ((TSJ^2 + TIJ^2)^1/2 + DJ) / 2 + PE
    Total System Jitter     (TSJ):    0.071ns
    Total Input Jitter      (TIJ):    0.000ns
    Discrete Jitter          (DJ):    0.000ns
    Phase Error              (PE):    0.000ns

    Location             Delay type                Incr(ns)  Path(ns)    Netlist Resource(s)
  -------------------------------------------------------------------    -------------------
                         (clock clk_i rise edge)      0.000     0.000 r  
                                                      0.000     0.000 r  clk_i (IN)
                         net (fo=2875, unset)         0.787     0.787    clk_i
                         FDCE                                         r  hsim_total_q_reg[0]/C
  -------------------------------------------------------------------    -------------------
                         FDCE (Prop_fdce_C_Q)         0.433     1.220 r  hsim_total_q_reg[0]/Q
                         net (fo=4, unplaced)         0.623     1.843    hsim_total_q[0]
                         LUT3 (Prop_lut3_I0_O)        0.232     2.075 r  hsim_total_q[7]_i_21/O
                         net (fo=1, unplaced)         0.537     2.612    hsim_total_q[7]_i_21_n_0
                         CARRY4 (Prop_carry4_DI[1]_O[2])
                                                      0.466     3.078 r  hsim_total_q_reg[7]_i_11/O[2]
                         net (fo=3, unplaced)         0.367     3.445    hsim_total_q_reg[7]_i_11_n_5
                         LUT6 (Prop_lut6_I4_O)        0.244     3.689 r  hsim_total_q[3]_i_7/O
                         net (fo=1, unplaced)         0.000     3.689    hsim_total_q[3]_i_7_n_0
                         CARRY4 (Prop_carry4_S[2]_O[2])
                                                      0.207     3.896 r  hsim_total_q_reg[3]_i_2/O[2]
                         net (fo=4, unplaced)         0.373     4.269    in172[2]
                         LUT3 (Prop_lut3_I1_O)        0.244     4.513 r  hsim_total_q[2]_i_1/O
                         net (fo=1, unplaced)         0.000     4.513    hsim_total_q[2]_i_1_n_0
                         FDCE                                         r  hsim_total_q_reg[2]/D
  -------------------------------------------------------------------    -------------------

                         (clock clk_i rise edge)      6.667     6.667 r  
                                                      0.000     6.667 r  clk_i (IN)
                         net (fo=2875, unset)         0.748     7.415    clk_i
                         FDCE                                         r  hsim_total_q_reg[2]/C
                         clock pessimism              0.000     7.415    
                         clock uncertainty           -0.035     7.379    
                         FDCE (Setup_fdce_C_D)        0.072     7.451    hsim_total_q_reg[2]
  -------------------------------------------------------------------
                         required time                          7.451    
                         arrival time                          -4.513    
  -------------------------------------------------------------------
                         slack                                  2.938    

Slack (MET) :             3.576ns  (required time - arrival time)
  Source:                 hsim_total_q_reg[0]/C
                            (rising edge-triggered cell FDCE clocked by clk_i  {rise@0.000ns fall@3.333ns period=6.667ns})
  Destination:            hsim_total_q_reg[1]/D
                            (rising edge-triggered cell FDCE clocked by clk_i  {rise@0.000ns fall@3.333ns period=6.667ns})
  Path Group:             clk_i
  Path Type:              Setup (Max at Slow Process Corner)
  Requirement:            6.667ns  (clk_i rise@6.667ns - clk_i rise@0.000ns)
  Data Path Delay:        3.088ns  (logic 1.813ns (58.711%)  route 1.275ns (41.289%))
  Logic Levels:           6  (CARRY4=2 LUT3=3 LUT4=1)
  Clock Path Skew:        -0.039ns (DCD - SCD + CPR)
    Destination Clock Delay (DCD):    0.748ns = ( 7.415 - 6.667 ) 
    Source Clock Delay      (SCD):    0.787ns
    Clock Pessimism Removal (CPR):    0.000ns
  Clock Uncertainty:      0.035ns  ((TSJ^2 + TIJ^2)^1/2 + DJ) / 2 + PE
    Total System Jitter     (TSJ):    0.071ns
    Total Input Jitter      (TIJ):    0.000ns
    Discrete Jitter          (DJ):    0.000ns
    Phase Error              (PE):    0.000ns

    Location             Delay type                Incr(ns)  Path(ns)    Netlist Resource(s)
  -------------------------------------------------------------------    -------------------
                         (clock clk_i rise edge)      0.000     0.000 r  
                                                      0.000     0.000 r  clk_i (IN)
                         net (fo=2875, unset)         0.787     0.787    clk_i
                         FDCE                                         r  hsim_total_q_reg[0]/C
  -------------------------------------------------------------------    -------------------
                         FDCE (Prop_fdce_C_Q)         0.433     1.220 r  hsim_total_q_reg[0]/Q
                         net (fo=4, unplaced)         0.623     1.843    hsim_total_q[0]
                         LUT3 (Prop_lut3_I0_O)        0.232     2.075 r  hsim_total_q[7]_i_25/O
                         net (fo=1, unplaced)         0.000     2.075    hsim_total_q[7]_i_25_n_0
                         CARRY4 (Prop_carry4_S[0]_O[0])
                                                      0.210     2.285 r  hsim_total_q_reg[7]_i_11/O[0]
                         net (fo=2, unplaced)         0.251     2.536    hsim_total_q_reg[7]_i_11_n_7
                         LUT3 (Prop_lut3_I2_O)        0.238     2.774 r  hsim_total_q[3]_i_5/O
                         net (fo=2, unplaced)         0.137     2.911    hsim_total_q[3]_i_5_n_0
                         LUT4 (Prop_lut4_I0_O)        0.264     3.175 r  hsim_total_q[3]_i_8/O
                         net (fo=1, unplaced)         0.000     3.175    hsim_total_q[3]_i_8_n_0
                         CARRY4 (Prop_carry4_S[1]_O[1])
                                                      0.191     3.366 r  hsim_total_q_reg[3]_i_2/O[1]
                         net (fo=4, unplaced)         0.264     3.630    in172[1]
                         LUT3 (Prop_lut3_I1_O)        0.245     3.875 r  hsim_total_q[1]_i_1/O
                         net (fo=1, unplaced)         0.000     3.875    hsim_total_q[1]_i_1_n_0
                         FDCE                                         r  hsim_total_q_reg[1]/D
  -------------------------------------------------------------------    -------------------

                         (clock clk_i rise edge)      6.667     6.667 r  
                                                      0.000     6.667 r  clk_i (IN)
                         net (fo=2875, unset)         0.748     7.415    clk_i
                         FDCE                                         r  hsim_total_q_reg[1]/C
                         clock pessimism              0.000     7.415    
                         clock uncertainty           -0.035     7.379    
                         FDCE (Setup_fdce_C_D)        0.072     7.451    hsim_total_q_reg[1]
  -------------------------------------------------------------------
                         required time                          7.451    
                         arrival time                          -3.875    
  -------------------------------------------------------------------
                         slack                                  3.576    

Slack (MET) :             3.965ns  (required time - arrival time)
  Source:                 hsim_total_q_reg[0]/C
                            (rising edge-triggered cell FDCE clocked by clk_i  {rise@0.000ns fall@3.333ns period=6.667ns})
  Destination:            hsim_total_q_reg[0]/D
                            (rising edge-triggered cell FDCE clocked by clk_i  {rise@0.000ns fall@3.333ns period=6.667ns})
  Path Group:             clk_i
  Path Type:              Setup (Max at Slow Process Corner)
  Requirement:            6.667ns  (clk_i rise@6.667ns - clk_i rise@0.000ns)
  Data Path Delay:        2.699ns  (logic 1.561ns (57.836%)  route 1.138ns (42.164%))
  Logic Levels:           5  (CARRY4=2 LUT3=3)
  Clock Path Skew:        -0.039ns (DCD - SCD + CPR)
    Destination Clock Delay (DCD):    0.748ns = ( 7.415 - 6.667 ) 
    Source Clock Delay      (SCD):    0.787ns
    Clock Pessimism Removal (CPR):    0.000ns
  Clock Uncertainty:      0.035ns  ((TSJ^2 + TIJ^2)^1/2 + DJ) / 2 + PE
    Total System Jitter     (TSJ):    0.071ns
    Total Input Jitter      (TIJ):    0.000ns
    Discrete Jitter          (DJ):    0.000ns
    Phase Error              (PE):    0.000ns

    Location             Delay type                Incr(ns)  Path(ns)    Netlist Resource(s)
  -------------------------------------------------------------------    -------------------
                         (clock clk_i rise edge)      0.000     0.000 r  
                                                      0.000     0.000 r  clk_i (IN)
                         net (fo=2875, unset)         0.787     0.787    clk_i
                         FDCE                                         r  hsim_total_q_reg[0]/C
  -------------------------------------------------------------------    -------------------
                         FDCE (Prop_fdce_C_Q)         0.433     1.220 r  hsim_total_q_reg[0]/Q
                         net (fo=4, unplaced)         0.623     1.843    hsim_total_q[0]
                         LUT3 (Prop_lut3_I0_O)        0.232     2.075 r  hsim_total_q[7]_i_25/O
                         net (fo=1, unplaced)         0.000     2.075    hsim_total_q[7]_i_25_n_0
                         CARRY4 (Prop_carry4_S[0]_O[0])
                                                      0.210     2.285 r  hsim_total_q_reg[7]_i_11/O[0]
                         net (fo=2, unplaced)         0.251     2.536    hsim_total_q_reg[7]_i_11_n_7
                         LUT3 (Prop_lut3_I2_O)        0.238     2.774 r  hsim_total_q[3]_i_9/O
                         net (fo=1, unplaced)         0.000     2.774    hsim_total_q[3]_i_9_n_0
                         CARRY4 (Prop_carry4_S[0]_O[0])
                                                      0.210     2.984 r  hsim_total_q_reg[3]_i_2/O[0]
                         net (fo=4, unplaced)         0.264     3.248    in172[0]
                         LUT3 (Prop_lut3_I1_O)        0.238     3.486 r  hsim_total_q[0]_i_1/O
                         net (fo=1, unplaced)         0.000     3.486    hsim_total_q[0]_i_1_n_0
                         FDCE                                         r  hsim_total_q_reg[0]/D
  -------------------------------------------------------------------    -------------------

                         (clock clk_i rise edge)      6.667     6.667 r  
                                                      0.000     6.667 r  clk_i (IN)
                         net (fo=2875, unset)         0.748     7.415    clk_i
                         FDCE                                         r  hsim_total_q_reg[0]/C
                         clock pessimism              0.000     7.415    
                         clock uncertainty           -0.035     7.379    
                         FDCE (Setup_fdce_C_D)        0.072     7.451    hsim_total_q_reg[0]
  -------------------------------------------------------------------
                         required time                          7.451    
                         arrival time                          -3.486    
  -------------------------------------------------------------------
                         slack                                  3.965    




