Copyright 1986-2022 Xilinx, Inc. All Rights Reserved. Copyright 2022-2024 Advanced Micro Devices, Inc. All Rights Reserved.
-----------------------------------------------------------------------------------------------------------------------------------------------------------------------------------------------------------------------------------------------------------------------------------------------------------------------------------------------
| Tool Version : Vivado v.2024.2 (win64) Build 5239630 Fri Nov 08 22:35:27 MST 2024
| Date         : Sat Jun  6 17:16:24 2026
| Host         : WIN-20240824NZS running 64-bit major release  (build 9200)
| Command      : report_timing -delay_type max -sort_by slack -max_paths 20 -nworst 1 -from [get_pins -quiet -of_objects {i_vrf/lane_result_q[3][62]_i_6/I4} -filter {DIRECTION == OUT}] -to {i_vrf/lane_result_q[3][62]_i_6/I4} -file E:/HDEC/cva6-vhdc-core/reports/vivado/ooc_hdec_timing_atlas_e0925738/150mhz/groups/06_vrf_writeback.rpt
| Design       : hdec_top
| Device       : 7z020-clg400
| Speed File   : -2  PRODUCTION 1.12 2019-11-22
| Design State : Synthesized
-----------------------------------------------------------------------------------------------------------------------------------------------------------------------------------------------------------------------------------------------------------------------------------------------------------------------------------------------

Timing Report

Slack (MET) :             1.581ns  (required time - arrival time)
  Source:                 uop_p3_q_reg[op_type][2]/C
                            (rising edge-triggered cell FDCE clocked by clk_i  {rise@0.000ns fall@3.333ns period=6.667ns})
  Destination:            i_vrf/bank_ra_data_o_reg[0][0]/D
                            (rising edge-triggered cell FDCE clocked by clk_i  {rise@0.000ns fall@3.333ns period=6.667ns})
  Path Group:             clk_i
  Path Type:              Setup (Max at Slow Process Corner)
  Requirement:            6.667ns  (clk_i rise@6.667ns - clk_i rise@0.000ns)
  Data Path Delay:        5.083ns  (logic 1.085ns (21.346%)  route 3.998ns (78.654%))
  Logic Levels:           5  (LUT5=3 LUT6=1 RAMD64E=1)
  Clock Path Skew:        -0.039ns (DCD - SCD + CPR)
    Destination Clock Delay (DCD):    0.748ns = ( 7.415 - 6.667 ) 
    Source Clock Delay      (SCD):    0.787ns
    Clock Pessimism Removal (CPR):    0.000ns
  Clock Uncertainty:      0.035ns  ((TSJ^2 + TIJ^2)^1/2 + DJ) / 2 + PE
    Total System Jitter     (TSJ):    0.071ns
    Total Input Jitter      (TIJ):    0.000ns
    Discrete Jitter          (DJ):    0.000ns
    Phase Error              (PE):    0.000ns

    Location             Delay type                Incr(ns)  Path(ns)    Netlist Resource(s)
  -------------------------------------------------------------------    -------------------
                         (clock clk_i rise edge)      0.000     0.000 r  
                                                      0.000     0.000 r  clk_i (IN)
                         net (fo=2875, unset)         0.787     0.787    clk_i
                         FDCE                                         r  uop_p3_q_reg[op_type][2]/C
  -------------------------------------------------------------------    -------------------
                         FDCE (Prop_fdce_C_Q)         0.433     1.220 r  uop_p3_q_reg[op_type][2]/Q
                         net (fo=60, unplaced)        0.686     1.906    i_vrf/FSM_onehot_st_q_reg[6]_72[2]
                         LUT5 (Prop_lut5_I2_O)        0.232     2.138 f  i_vrf/FSM_onehot_st_q[6]_i_2/O
                         net (fo=8, unplaced)         0.976     3.114    i_vrf/FSM_onehot_st_q_reg[7]_rep__4
                         LUT6 (Prop_lut6_I1_O)        0.105     3.219 r  i_vrf/vrf_b3_reg_r2_0_63_0_2_i_12/O
                         net (fo=4, unplaced)         0.371     3.590    i_vrf/vrf_b3_reg_r2_0_63_0_2_i_12_n_0
                         LUT5 (Prop_lut5_I0_O)        0.105     3.695 r  i_vrf/vrf_b0_reg_r2_0_63_0_2_i_5/O
                         net (fo=65, unplaced)        1.027     4.722    i_vrf/vrf_b0_reg_r2_0_63_0_2/ADDRA1
                         RAMD64E (Prop_ramd64e_RADR1_O)
                                                      0.105     4.827 r  i_vrf/vrf_b0_reg_r2_0_63_0_2/RAMA/O
                         net (fo=1, unplaced)         0.938     5.765    i_vrf/vrf_b0_reg_r2_0_63_0_2_n_0
                         LUT5 (Prop_lut5_I4_O)        0.105     5.870 r  i_vrf/bank_ra_data_o[0][0]_i_1/O
                         net (fo=1, unplaced)         0.000     5.870    i_vrf/bank_ra_data_o[0][0]_i_1_n_0
                         FDCE                                         r  i_vrf/bank_ra_data_o_reg[0][0]/D
  -------------------------------------------------------------------    -------------------

                         (clock clk_i rise edge)      6.667     6.667 r  
                                                      0.000     6.667 r  clk_i (IN)
                         net (fo=2875, unset)         0.748     7.415    i_vrf/clk_i
                         FDCE                                         r  i_vrf/bank_ra_data_o_reg[0][0]/C
                         clock pessimism              0.000     7.415    
                         clock uncertainty           -0.035     7.379    
                         FDCE (Setup_fdce_C_D)        0.072     7.451    i_vrf/bank_ra_data_o_reg[0][0]
  -------------------------------------------------------------------
                         required time                          7.451    
                         arrival time                          -5.870    
  -------------------------------------------------------------------
                         slack                                  1.581    

Slack (MET) :             1.581ns  (required time - arrival time)
  Source:                 uop_p3_q_reg[op_type][2]/C
                            (rising edge-triggered cell FDCE clocked by clk_i  {rise@0.000ns fall@3.333ns period=6.667ns})
  Destination:            i_vrf/bank_ra_data_o_reg[0][10]/D
                            (rising edge-triggered cell FDCE clocked by clk_i  {rise@0.000ns fall@3.333ns period=6.667ns})
  Path Group:             clk_i
  Path Type:              Setup (Max at Slow Process Corner)
  Requirement:            6.667ns  (clk_i rise@6.667ns - clk_i rise@0.000ns)
  Data Path Delay:        5.083ns  (logic 1.085ns (21.346%)  route 3.998ns (78.654%))
  Logic Levels:           5  (LUT5=3 LUT6=1 RAMD64E=1)
  Clock Path Skew:        -0.039ns (DCD - SCD + CPR)
    Destination Clock Delay (DCD):    0.748ns = ( 7.415 - 6.667 ) 
    Source Clock Delay      (SCD):    0.787ns
    Clock Pessimism Removal (CPR):    0.000ns
  Clock Uncertainty:      0.035ns  ((TSJ^2 + TIJ^2)^1/2 + DJ) / 2 + PE
    Total System Jitter     (TSJ):    0.071ns
    Total Input Jitter      (TIJ):    0.000ns
    Discrete Jitter          (DJ):    0.000ns
    Phase Error              (PE):    0.000ns

    Location             Delay type                Incr(ns)  Path(ns)    Netlist Resource(s)
  -------------------------------------------------------------------    -------------------
                         (clock clk_i rise edge)      0.000     0.000 r  
                                                      0.000     0.000 r  clk_i (IN)
                         net (fo=2875, unset)         0.787     0.787    clk_i
                         FDCE                                         r  uop_p3_q_reg[op_type][2]/C
  -------------------------------------------------------------------    -------------------
                         FDCE (Prop_fdce_C_Q)         0.433     1.220 r  uop_p3_q_reg[op_type][2]/Q
                         net (fo=60, unplaced)        0.686     1.906    i_vrf/FSM_onehot_st_q_reg[6]_72[2]
                         LUT5 (Prop_lut5_I2_O)        0.232     2.138 f  i_vrf/FSM_onehot_st_q[6]_i_2/O
                         net (fo=8, unplaced)         0.976     3.114    i_vrf/FSM_onehot_st_q_reg[7]_rep__4
                         LUT6 (Prop_lut6_I1_O)        0.105     3.219 r  i_vrf/vrf_b3_reg_r2_0_63_0_2_i_12/O
                         net (fo=4, unplaced)         0.371     3.590    i_vrf/vrf_b3_reg_r2_0_63_0_2_i_12_n_0
                         LUT5 (Prop_lut5_I0_O)        0.105     3.695 r  i_vrf/vrf_b0_reg_r2_0_63_0_2_i_5/O
                         net (fo=65, unplaced)        1.027     4.722    i_vrf/vrf_b0_reg_r2_0_63_9_11/ADDRB1
                         RAMD64E (Prop_ramd64e_RADR1_O)
                                                      0.105     4.827 r  i_vrf/vrf_b0_reg_r2_0_63_9_11/RAMB/O
                         net (fo=1, unplaced)         0.938     5.765    i_vrf/vrf_b0_reg_r2_0_63_9_11_n_1
                         LUT5 (Prop_lut5_I4_O)        0.105     5.870 r  i_vrf/bank_ra_data_o[0][10]_i_1/O
                         net (fo=1, unplaced)         0.000     5.870    i_vrf/bank_ra_data_o[0][10]_i_1_n_0
                         FDCE                                         r  i_vrf/bank_ra_data_o_reg[0][10]/D
  -------------------------------------------------------------------    -------------------

                         (clock clk_i rise edge)      6.667     6.667 r  
                                                      0.000     6.667 r  clk_i (IN)
                         net (fo=2875, unset)         0.748     7.415    i_vrf/clk_i
                         FDCE                                         r  i_vrf/bank_ra_data_o_reg[0][10]/C
                         clock pessimism              0.000     7.415    
                         clock uncertainty           -0.035     7.379    
                         FDCE (Setup_fdce_C_D)        0.072     7.451    i_vrf/bank_ra_data_o_reg[0][10]
  -------------------------------------------------------------------
                         required time                          7.451    
                         arrival time                          -5.870    
  -------------------------------------------------------------------
                         slack                                  1.581    

Slack (MET) :             1.581ns  (required time - arrival time)
  Source:                 uop_p3_q_reg[op_type][2]/C
                            (rising edge-triggered cell FDCE clocked by clk_i  {rise@0.000ns fall@3.333ns period=6.667ns})
  Destination:            i_vrf/bank_ra_data_o_reg[0][11]/D
                            (rising edge-triggered cell FDCE clocked by clk_i  {rise@0.000ns fall@3.333ns period=6.667ns})
  Path Group:             clk_i
  Path Type:              Setup (Max at Slow Process Corner)
  Requirement:            6.667ns  (clk_i rise@6.667ns - clk_i rise@0.000ns)
  Data Path Delay:        5.083ns  (logic 1.085ns (21.346%)  route 3.998ns (78.654%))
  Logic Levels:           5  (LUT5=3 LUT6=1 RAMD64E=1)
  Clock Path Skew:        -0.039ns (DCD - SCD + CPR)
    Destination Clock Delay (DCD):    0.748ns = ( 7.415 - 6.667 ) 
    Source Clock Delay      (SCD):    0.787ns
    Clock Pessimism Removal (CPR):    0.000ns
  Clock Uncertainty:      0.035ns  ((TSJ^2 + TIJ^2)^1/2 + DJ) / 2 + PE
    Total System Jitter     (TSJ):    0.071ns
    Total Input Jitter      (TIJ):    0.000ns
    Discrete Jitter          (DJ):    0.000ns
    Phase Error              (PE):    0.000ns

    Location             Delay type                Incr(ns)  Path(ns)    Netlist Resource(s)
  -------------------------------------------------------------------    -------------------
                         (clock clk_i rise edge)      0.000     0.000 r  
                                                      0.000     0.000 r  clk_i (IN)
                         net (fo=2875, unset)         0.787     0.787    clk_i
                         FDCE                                         r  uop_p3_q_reg[op_type][2]/C
  -------------------------------------------------------------------    -------------------
                         FDCE (Prop_fdce_C_Q)         0.433     1.220 r  uop_p3_q_reg[op_type][2]/Q
                         net (fo=60, unplaced)        0.686     1.906    i_vrf/FSM_onehot_st_q_reg[6]_72[2]
                         LUT5 (Prop_lut5_I2_O)        0.232     2.138 f  i_vrf/FSM_onehot_st_q[6]_i_2/O
                         net (fo=8, unplaced)         0.976     3.114    i_vrf/FSM_onehot_st_q_reg[7]_rep__4
                         LUT6 (Prop_lut6_I1_O)        0.105     3.219 r  i_vrf/vrf_b3_reg_r2_0_63_0_2_i_12/O
                         net (fo=4, unplaced)         0.371     3.590    i_vrf/vrf_b3_reg_r2_0_63_0_2_i_12_n_0
                         LUT5 (Prop_lut5_I0_O)        0.105     3.695 r  i_vrf/vrf_b0_reg_r2_0_63_0_2_i_5/O
                         net (fo=65, unplaced)        1.027     4.722    i_vrf/vrf_b0_reg_r2_0_63_9_11/ADDRC1
                         RAMD64E (Prop_ramd64e_RADR1_O)
                                                      0.105     4.827 r  i_vrf/vrf_b0_reg_r2_0_63_9_11/RAMC/O
                         net (fo=1, unplaced)         0.938     5.765    i_vrf/vrf_b0_reg_r2_0_63_9_11_n_2
                         LUT5 (Prop_lut5_I4_O)        0.105     5.870 r  i_vrf/bank_ra_data_o[0][11]_i_1/O
                         net (fo=1, unplaced)         0.000     5.870    i_vrf/bank_ra_data_o[0][11]_i_1_n_0
                         FDCE                                         r  i_vrf/bank_ra_data_o_reg[0][11]/D
  -------------------------------------------------------------------    -------------------

                         (clock clk_i rise edge)      6.667     6.667 r  
                                                      0.000     6.667 r  clk_i (IN)
                         net (fo=2875, unset)         0.748     7.415    i_vrf/clk_i
                         FDCE                                         r  i_vrf/bank_ra_data_o_reg[0][11]/C
                         clock pessimism              0.000     7.415    
                         clock uncertainty           -0.035     7.379    
                         FDCE (Setup_fdce_C_D)        0.072     7.451    i_vrf/bank_ra_data_o_reg[0][11]
  -------------------------------------------------------------------
                         required time                          7.451    
                         arrival time                          -5.870    
  -------------------------------------------------------------------
                         slack                                  1.581    

Slack (MET) :             1.581ns  (required time - arrival time)
  Source:                 uop_p3_q_reg[op_type][2]/C
                            (rising edge-triggered cell FDCE clocked by clk_i  {rise@0.000ns fall@3.333ns period=6.667ns})
  Destination:            i_vrf/bank_ra_data_o_reg[0][12]/D
                            (rising edge-triggered cell FDCE clocked by clk_i  {rise@0.000ns fall@3.333ns period=6.667ns})
  Path Group:             clk_i
  Path Type:              Setup (Max at Slow Process Corner)
  Requirement:            6.667ns  (clk_i rise@6.667ns - clk_i rise@0.000ns)
  Data Path Delay:        5.083ns  (logic 1.085ns (21.346%)  route 3.998ns (78.654%))
  Logic Levels:           5  (LUT5=3 LUT6=1 RAMD64E=1)
  Clock Path Skew:        -0.039ns (DCD - SCD + CPR)
    Destination Clock Delay (DCD):    0.748ns = ( 7.415 - 6.667 ) 
    Source Clock Delay      (SCD):    0.787ns
    Clock Pessimism Removal (CPR):    0.000ns
  Clock Uncertainty:      0.035ns  ((TSJ^2 + TIJ^2)^1/2 + DJ) / 2 + PE
    Total System Jitter     (TSJ):    0.071ns
    Total Input Jitter      (TIJ):    0.000ns
    Discrete Jitter          (DJ):    0.000ns
    Phase Error              (PE):    0.000ns

    Location             Delay type                Incr(ns)  Path(ns)    Netlist Resource(s)
  -------------------------------------------------------------------    -------------------
                         (clock clk_i rise edge)      0.000     0.000 r  
                                                      0.000     0.000 r  clk_i (IN)
                         net (fo=2875, unset)         0.787     0.787    clk_i
                         FDCE                                         r  uop_p3_q_reg[op_type][2]/C
  -------------------------------------------------------------------    -------------------
                         FDCE (Prop_fdce_C_Q)         0.433     1.220 r  uop_p3_q_reg[op_type][2]/Q
                         net (fo=60, unplaced)        0.686     1.906    i_vrf/FSM_onehot_st_q_reg[6]_72[2]
                         LUT5 (Prop_lut5_I2_O)        0.232     2.138 f  i_vrf/FSM_onehot_st_q[6]_i_2/O
                         net (fo=8, unplaced)         0.976     3.114    i_vrf/FSM_onehot_st_q_reg[7]_rep__4
                         LUT6 (Prop_lut6_I1_O)        0.105     3.219 r  i_vrf/vrf_b3_reg_r2_0_63_0_2_i_12/O
                         net (fo=4, unplaced)         0.371     3.590    i_vrf/vrf_b3_reg_r2_0_63_0_2_i_12_n_0
                         LUT5 (Prop_lut5_I0_O)        0.105     3.695 r  i_vrf/vrf_b0_reg_r2_0_63_0_2_i_5/O
                         net (fo=65, unplaced)        1.027     4.722    i_vrf/vrf_b0_reg_r2_0_63_12_14/ADDRA1
                         RAMD64E (Prop_ramd64e_RADR1_O)
                                                      0.105     4.827 r  i_vrf/vrf_b0_reg_r2_0_63_12_14/RAMA/O
                         net (fo=1, unplaced)         0.938     5.765    i_vrf/vrf_b0_reg_r2_0_63_12_14_n_0
                         LUT5 (Prop_lut5_I4_O)        0.105     5.870 r  i_vrf/bank_ra_data_o[0][12]_i_1/O
                         net (fo=1, unplaced)         0.000     5.870    i_vrf/bank_ra_data_o[0][12]_i_1_n_0
                         FDCE                                         r  i_vrf/bank_ra_data_o_reg[0][12]/D
  -------------------------------------------------------------------    -------------------

                         (clock clk_i rise edge)      6.667     6.667 r  
                                                      0.000     6.667 r  clk_i (IN)
                         net (fo=2875, unset)         0.748     7.415    i_vrf/clk_i
                         FDCE                                         r  i_vrf/bank_ra_data_o_reg[0][12]/C
                         clock pessimism              0.000     7.415    
                         clock uncertainty           -0.035     7.379    
                         FDCE (Setup_fdce_C_D)        0.072     7.451    i_vrf/bank_ra_data_o_reg[0][12]
  -------------------------------------------------------------------
                         required time                          7.451    
                         arrival time                          -5.870    
  -------------------------------------------------------------------
                         slack                                  1.581    

Slack (MET) :             1.581ns  (required time - arrival time)
  Source:                 uop_p3_q_reg[op_type][2]/C
                            (rising edge-triggered cell FDCE clocked by clk_i  {rise@0.000ns fall@3.333ns period=6.667ns})
  Destination:            i_vrf/bank_ra_data_o_reg[0][13]/D
                            (rising edge-triggered cell FDCE clocked by clk_i  {rise@0.000ns fall@3.333ns period=6.667ns})
  Path Group:             clk_i
  Path Type:              Setup (Max at Slow Process Corner)
  Requirement:            6.667ns  (clk_i rise@6.667ns - clk_i rise@0.000ns)
  Data Path Delay:        5.083ns  (logic 1.085ns (21.346%)  route 3.998ns (78.654%))
  Logic Levels:           5  (LUT5=3 LUT6=1 RAMD64E=1)
  Clock Path Skew:        -0.039ns (DCD - SCD + CPR)
    Destination Clock Delay (DCD):    0.748ns = ( 7.415 - 6.667 ) 
    Source Clock Delay      (SCD):    0.787ns
    Clock Pessimism Removal (CPR):    0.000ns
  Clock Uncertainty:      0.035ns  ((TSJ^2 + TIJ^2)^1/2 + DJ) / 2 + PE
    Total System Jitter     (TSJ):    0.071ns
    Total Input Jitter      (TIJ):    0.000ns
    Discrete Jitter          (DJ):    0.000ns
    Phase Error              (PE):    0.000ns

    Location             Delay type                Incr(ns)  Path(ns)    Netlist Resource(s)
  -------------------------------------------------------------------    -------------------
                         (clock clk_i rise edge)      0.000     0.000 r  
                                                      0.000     0.000 r  clk_i (IN)
                         net (fo=2875, unset)         0.787     0.787    clk_i
                         FDCE                                         r  uop_p3_q_reg[op_type][2]/C
  -------------------------------------------------------------------    -------------------
                         FDCE (Prop_fdce_C_Q)         0.433     1.220 r  uop_p3_q_reg[op_type][2]/Q
                         net (fo=60, unplaced)        0.686     1.906    i_vrf/FSM_onehot_st_q_reg[6]_72[2]
                         LUT5 (Prop_lut5_I2_O)        0.232     2.138 f  i_vrf/FSM_onehot_st_q[6]_i_2/O
                         net (fo=8, unplaced)         0.976     3.114    i_vrf/FSM_onehot_st_q_reg[7]_rep__4
                         LUT6 (Prop_lut6_I1_O)        0.105     3.219 r  i_vrf/vrf_b3_reg_r2_0_63_0_2_i_12/O
                         net (fo=4, unplaced)         0.371     3.590    i_vrf/vrf_b3_reg_r2_0_63_0_2_i_12_n_0
                         LUT5 (Prop_lut5_I0_O)        0.105     3.695 r  i_vrf/vrf_b0_reg_r2_0_63_0_2_i_5/O
                         net (fo=65, unplaced)        1.027     4.722    i_vrf/vrf_b0_reg_r2_0_63_12_14/ADDRB1
                         RAMD64E (Prop_ramd64e_RADR1_O)
                                                      0.105     4.827 r  i_vrf/vrf_b0_reg_r2_0_63_12_14/RAMB/O
                         net (fo=1, unplaced)         0.938     5.765    i_vrf/vrf_b0_reg_r2_0_63_12_14_n_1
                         LUT5 (Prop_lut5_I4_O)        0.105     5.870 r  i_vrf/bank_ra_data_o[0][13]_i_1/O
                         net (fo=1, unplaced)         0.000     5.870    i_vrf/bank_ra_data_o[0][13]_i_1_n_0
                         FDCE                                         r  i_vrf/bank_ra_data_o_reg[0][13]/D
  -------------------------------------------------------------------    -------------------

                         (clock clk_i rise edge)      6.667     6.667 r  
                                                      0.000     6.667 r  clk_i (IN)
                         net (fo=2875, unset)         0.748     7.415    i_vrf/clk_i
                         FDCE                                         r  i_vrf/bank_ra_data_o_reg[0][13]/C
                         clock pessimism              0.000     7.415    
                         clock uncertainty           -0.035     7.379    
                         FDCE (Setup_fdce_C_D)        0.072     7.451    i_vrf/bank_ra_data_o_reg[0][13]
  -------------------------------------------------------------------
                         required time                          7.451    
                         arrival time                          -5.870    
  -------------------------------------------------------------------
                         slack                                  1.581    

Slack (MET) :             1.581ns  (required time - arrival time)
  Source:                 uop_p3_q_reg[op_type][2]/C
                            (rising edge-triggered cell FDCE clocked by clk_i  {rise@0.000ns fall@3.333ns period=6.667ns})
  Destination:            i_vrf/bank_ra_data_o_reg[0][14]/D
                            (rising edge-triggered cell FDCE clocked by clk_i  {rise@0.000ns fall@3.333ns period=6.667ns})
  Path Group:             clk_i
  Path Type:              Setup (Max at Slow Process Corner)
  Requirement:            6.667ns  (clk_i rise@6.667ns - clk_i rise@0.000ns)
  Data Path Delay:        5.083ns  (logic 1.085ns (21.346%)  route 3.998ns (78.654%))
  Logic Levels:           5  (LUT5=3 LUT6=1 RAMD64E=1)
  Clock Path Skew:        -0.039ns (DCD - SCD + CPR)
    Destination Clock Delay (DCD):    0.748ns = ( 7.415 - 6.667 ) 
    Source Clock Delay      (SCD):    0.787ns
    Clock Pessimism Removal (CPR):    0.000ns
  Clock Uncertainty:      0.035ns  ((TSJ^2 + TIJ^2)^1/2 + DJ) / 2 + PE
    Total System Jitter     (TSJ):    0.071ns
    Total Input Jitter      (TIJ):    0.000ns
    Discrete Jitter          (DJ):    0.000ns
    Phase Error              (PE):    0.000ns

    Location             Delay type                Incr(ns)  Path(ns)    Netlist Resource(s)
  -------------------------------------------------------------------    -------------------
                         (clock clk_i rise edge)      0.000     0.000 r  
                                                      0.000     0.000 r  clk_i (IN)
                         net (fo=2875, unset)         0.787     0.787    clk_i
                         FDCE                                         r  uop_p3_q_reg[op_type][2]/C
  -------------------------------------------------------------------    -------------------
                         FDCE (Prop_fdce_C_Q)         0.433     1.220 r  uop_p3_q_reg[op_type][2]/Q
                         net (fo=60, unplaced)        0.686     1.906    i_vrf/FSM_onehot_st_q_reg[6]_72[2]
                         LUT5 (Prop_lut5_I2_O)        0.232     2.138 f  i_vrf/FSM_onehot_st_q[6]_i_2/O
                         net (fo=8, unplaced)         0.976     3.114    i_vrf/FSM_onehot_st_q_reg[7]_rep__4
                         LUT6 (Prop_lut6_I1_O)        0.105     3.219 r  i_vrf/vrf_b3_reg_r2_0_63_0_2_i_12/O
                         net (fo=4, unplaced)         0.371     3.590    i_vrf/vrf_b3_reg_r2_0_63_0_2_i_12_n_0
                         LUT5 (Prop_lut5_I0_O)        0.105     3.695 r  i_vrf/vrf_b0_reg_r2_0_63_0_2_i_5/O
                         net (fo=65, unplaced)        1.027     4.722    i_vrf/vrf_b0_reg_r2_0_63_12_14/ADDRC1
                         RAMD64E (Prop_ramd64e_RADR1_O)
                                                      0.105     4.827 r  i_vrf/vrf_b0_reg_r2_0_63_12_14/RAMC/O
                         net (fo=1, unplaced)         0.938     5.765    i_vrf/vrf_b0_reg_r2_0_63_12_14_n_2
                         LUT5 (Prop_lut5_I4_O)        0.105     5.870 r  i_vrf/bank_ra_data_o[0][14]_i_1/O
                         net (fo=1, unplaced)         0.000     5.870    i_vrf/bank_ra_data_o[0][14]_i_1_n_0
                         FDCE                                         r  i_vrf/bank_ra_data_o_reg[0][14]/D
  -------------------------------------------------------------------    -------------------

                         (clock clk_i rise edge)      6.667     6.667 r  
                                                      0.000     6.667 r  clk_i (IN)
                         net (fo=2875, unset)         0.748     7.415    i_vrf/clk_i
                         FDCE                                         r  i_vrf/bank_ra_data_o_reg[0][14]/C
                         clock pessimism              0.000     7.415    
                         clock uncertainty           -0.035     7.379    
                         FDCE (Setup_fdce_C_D)        0.072     7.451    i_vrf/bank_ra_data_o_reg[0][14]
  -------------------------------------------------------------------
                         required time                          7.451    
                         arrival time                          -5.870    
  -------------------------------------------------------------------
                         slack                                  1.581    

Slack (MET) :             1.581ns  (required time - arrival time)
  Source:                 uop_p3_q_reg[op_type][2]/C
                            (rising edge-triggered cell FDCE clocked by clk_i  {rise@0.000ns fall@3.333ns period=6.667ns})
  Destination:            i_vrf/bank_ra_data_o_reg[0][15]/D
                            (rising edge-triggered cell FDCE clocked by clk_i  {rise@0.000ns fall@3.333ns period=6.667ns})
  Path Group:             clk_i
  Path Type:              Setup (Max at Slow Process Corner)
  Requirement:            6.667ns  (clk_i rise@6.667ns - clk_i rise@0.000ns)
  Data Path Delay:        5.083ns  (logic 1.085ns (21.346%)  route 3.998ns (78.654%))
  Logic Levels:           5  (LUT5=3 LUT6=1 RAMD64E=1)
  Clock Path Skew:        -0.039ns (DCD - SCD + CPR)
    Destination Clock Delay (DCD):    0.748ns = ( 7.415 - 6.667 ) 
    Source Clock Delay      (SCD):    0.787ns
    Clock Pessimism Removal (CPR):    0.000ns
  Clock Uncertainty:      0.035ns  ((TSJ^2 + TIJ^2)^1/2 + DJ) / 2 + PE
    Total System Jitter     (TSJ):    0.071ns
    Total Input Jitter      (TIJ):    0.000ns
    Discrete Jitter          (DJ):    0.000ns
    Phase Error              (PE):    0.000ns

    Location             Delay type                Incr(ns)  Path(ns)    Netlist Resource(s)
  -------------------------------------------------------------------    -------------------
                         (clock clk_i rise edge)      0.000     0.000 r  
                                                      0.000     0.000 r  clk_i (IN)
                         net (fo=2875, unset)         0.787     0.787    clk_i
                         FDCE                                         r  uop_p3_q_reg[op_type][2]/C
  -------------------------------------------------------------------    -------------------
                         FDCE (Prop_fdce_C_Q)         0.433     1.220 r  uop_p3_q_reg[op_type][2]/Q
                         net (fo=60, unplaced)        0.686     1.906    i_vrf/FSM_onehot_st_q_reg[6]_72[2]
                         LUT5 (Prop_lut5_I2_O)        0.232     2.138 f  i_vrf/FSM_onehot_st_q[6]_i_2/O
                         net (fo=8, unplaced)         0.976     3.114    i_vrf/FSM_onehot_st_q_reg[7]_rep__4
                         LUT6 (Prop_lut6_I1_O)        0.105     3.219 r  i_vrf/vrf_b3_reg_r2_0_63_0_2_i_12/O
                         net (fo=4, unplaced)         0.371     3.590    i_vrf/vrf_b3_reg_r2_0_63_0_2_i_12_n_0
                         LUT5 (Prop_lut5_I0_O)        0.105     3.695 r  i_vrf/vrf_b0_reg_r2_0_63_0_2_i_5/O
                         net (fo=65, unplaced)        1.027     4.722    i_vrf/vrf_b0_reg_r2_0_63_15_17/ADDRA1
                         RAMD64E (Prop_ramd64e_RADR1_O)
                                                      0.105     4.827 r  i_vrf/vrf_b0_reg_r2_0_63_15_17/RAMA/O
                         net (fo=1, unplaced)         0.938     5.765    i_vrf/vrf_b0_reg_r2_0_63_15_17_n_0
                         LUT5 (Prop_lut5_I4_O)        0.105     5.870 r  i_vrf/bank_ra_data_o[0][15]_i_1/O
                         net (fo=1, unplaced)         0.000     5.870    i_vrf/bank_ra_data_o[0][15]_i_1_n_0
                         FDCE                                         r  i_vrf/bank_ra_data_o_reg[0][15]/D
  -------------------------------------------------------------------    -------------------

                         (clock clk_i rise edge)      6.667     6.667 r  
                                                      0.000     6.667 r  clk_i (IN)
                         net (fo=2875, unset)         0.748     7.415    i_vrf/clk_i
                         FDCE                                         r  i_vrf/bank_ra_data_o_reg[0][15]/C
                         clock pessimism              0.000     7.415    
                         clock uncertainty           -0.035     7.379    
                         FDCE (Setup_fdce_C_D)        0.072     7.451    i_vrf/bank_ra_data_o_reg[0][15]
  -------------------------------------------------------------------
                         required time                          7.451    
                         arrival time                          -5.870    
  -------------------------------------------------------------------
                         slack                                  1.581    

Slack (MET) :             1.581ns  (required time - arrival time)
  Source:                 uop_p3_q_reg[op_type][2]/C
                            (rising edge-triggered cell FDCE clocked by clk_i  {rise@0.000ns fall@3.333ns period=6.667ns})
  Destination:            i_vrf/bank_ra_data_o_reg[0][16]/D
                            (rising edge-triggered cell FDCE clocked by clk_i  {rise@0.000ns fall@3.333ns period=6.667ns})
  Path Group:             clk_i
  Path Type:              Setup (Max at Slow Process Corner)
  Requirement:            6.667ns  (clk_i rise@6.667ns - clk_i rise@0.000ns)
  Data Path Delay:        5.083ns  (logic 1.085ns (21.346%)  route 3.998ns (78.654%))
  Logic Levels:           5  (LUT5=3 LUT6=1 RAMD64E=1)
  Clock Path Skew:        -0.039ns (DCD - SCD + CPR)
    Destination Clock Delay (DCD):    0.748ns = ( 7.415 - 6.667 ) 
    Source Clock Delay      (SCD):    0.787ns
    Clock Pessimism Removal (CPR):    0.000ns
  Clock Uncertainty:      0.035ns  ((TSJ^2 + TIJ^2)^1/2 + DJ) / 2 + PE
    Total System Jitter     (TSJ):    0.071ns
    Total Input Jitter      (TIJ):    0.000ns
    Discrete Jitter          (DJ):    0.000ns
    Phase Error              (PE):    0.000ns

    Location             Delay type                Incr(ns)  Path(ns)    Netlist Resource(s)
  -------------------------------------------------------------------    -------------------
                         (clock clk_i rise edge)      0.000     0.000 r  
                                                      0.000     0.000 r  clk_i (IN)
                         net (fo=2875, unset)         0.787     0.787    clk_i
                         FDCE                                         r  uop_p3_q_reg[op_type][2]/C
  -------------------------------------------------------------------    -------------------
                         FDCE (Prop_fdce_C_Q)         0.433     1.220 r  uop_p3_q_reg[op_type][2]/Q
                         net (fo=60, unplaced)        0.686     1.906    i_vrf/FSM_onehot_st_q_reg[6]_72[2]
                         LUT5 (Prop_lut5_I2_O)        0.232     2.138 f  i_vrf/FSM_onehot_st_q[6]_i_2/O
                         net (fo=8, unplaced)         0.976     3.114    i_vrf/FSM_onehot_st_q_reg[7]_rep__4
                         LUT6 (Prop_lut6_I1_O)        0.105     3.219 r  i_vrf/vrf_b3_reg_r2_0_63_0_2_i_12/O
                         net (fo=4, unplaced)         0.371     3.590    i_vrf/vrf_b3_reg_r2_0_63_0_2_i_12_n_0
                         LUT5 (Prop_lut5_I0_O)        0.105     3.695 r  i_vrf/vrf_b0_reg_r2_0_63_0_2_i_5/O
                         net (fo=65, unplaced)        1.027     4.722    i_vrf/vrf_b0_reg_r2_0_63_15_17/ADDRB1
                         RAMD64E (Prop_ramd64e_RADR1_O)
                                                      0.105     4.827 r  i_vrf/vrf_b0_reg_r2_0_63_15_17/RAMB/O
                         net (fo=1, unplaced)         0.938     5.765    i_vrf/vrf_b0_reg_r2_0_63_15_17_n_1
                         LUT5 (Prop_lut5_I4_O)        0.105     5.870 r  i_vrf/bank_ra_data_o[0][16]_i_1/O
                         net (fo=1, unplaced)         0.000     5.870    i_vrf/bank_ra_data_o[0][16]_i_1_n_0
                         FDCE                                         r  i_vrf/bank_ra_data_o_reg[0][16]/D
  -------------------------------------------------------------------    -------------------

                         (clock clk_i rise edge)      6.667     6.667 r  
                                                      0.000     6.667 r  clk_i (IN)
                         net (fo=2875, unset)         0.748     7.415    i_vrf/clk_i
                         FDCE                                         r  i_vrf/bank_ra_data_o_reg[0][16]/C
                         clock pessimism              0.000     7.415    
                         clock uncertainty           -0.035     7.379    
                         FDCE (Setup_fdce_C_D)        0.072     7.451    i_vrf/bank_ra_data_o_reg[0][16]
  -------------------------------------------------------------------
                         required time                          7.451    
                         arrival time                          -5.870    
  -------------------------------------------------------------------
                         slack                                  1.581    

Slack (MET) :             1.581ns  (required time - arrival time)
  Source:                 uop_p3_q_reg[op_type][2]/C
                            (rising edge-triggered cell FDCE clocked by clk_i  {rise@0.000ns fall@3.333ns period=6.667ns})
  Destination:            i_vrf/bank_ra_data_o_reg[0][17]/D
                            (rising edge-triggered cell FDCE clocked by clk_i  {rise@0.000ns fall@3.333ns period=6.667ns})
  Path Group:             clk_i
  Path Type:              Setup (Max at Slow Process Corner)
  Requirement:            6.667ns  (clk_i rise@6.667ns - clk_i rise@0.000ns)
  Data Path Delay:        5.083ns  (logic 1.085ns (21.346%)  route 3.998ns (78.654%))
  Logic Levels:           5  (LUT5=3 LUT6=1 RAMD64E=1)
  Clock Path Skew:        -0.039ns (DCD - SCD + CPR)
    Destination Clock Delay (DCD):    0.748ns = ( 7.415 - 6.667 ) 
    Source Clock Delay      (SCD):    0.787ns
    Clock Pessimism Removal (CPR):    0.000ns
  Clock Uncertainty:      0.035ns  ((TSJ^2 + TIJ^2)^1/2 + DJ) / 2 + PE
    Total System Jitter     (TSJ):    0.071ns
    Total Input Jitter      (TIJ):    0.000ns
    Discrete Jitter          (DJ):    0.000ns
    Phase Error              (PE):    0.000ns

    Location             Delay type                Incr(ns)  Path(ns)    Netlist Resource(s)
  -------------------------------------------------------------------    -------------------
                         (clock clk_i rise edge)      0.000     0.000 r  
                                                      0.000     0.000 r  clk_i (IN)
                         net (fo=2875, unset)         0.787     0.787    clk_i
                         FDCE                                         r  uop_p3_q_reg[op_type][2]/C
  -------------------------------------------------------------------    -------------------
                         FDCE (Prop_fdce_C_Q)         0.433     1.220 r  uop_p3_q_reg[op_type][2]/Q
                         net (fo=60, unplaced)        0.686     1.906    i_vrf/FSM_onehot_st_q_reg[6]_72[2]
                         LUT5 (Prop_lut5_I2_O)        0.232     2.138 f  i_vrf/FSM_onehot_st_q[6]_i_2/O
                         net (fo=8, unplaced)         0.976     3.114    i_vrf/FSM_onehot_st_q_reg[7]_rep__4
                         LUT6 (Prop_lut6_I1_O)        0.105     3.219 r  i_vrf/vrf_b3_reg_r2_0_63_0_2_i_12/O
                         net (fo=4, unplaced)         0.371     3.590    i_vrf/vrf_b3_reg_r2_0_63_0_2_i_12_n_0
                         LUT5 (Prop_lut5_I0_O)        0.105     3.695 r  i_vrf/vrf_b0_reg_r2_0_63_0_2_i_5/O
                         net (fo=65, unplaced)        1.027     4.722    i_vrf/vrf_b0_reg_r2_0_63_15_17/ADDRC1
                         RAMD64E (Prop_ramd64e_RADR1_O)
                                                      0.105     4.827 r  i_vrf/vrf_b0_reg_r2_0_63_15_17/RAMC/O
                         net (fo=1, unplaced)         0.938     5.765    i_vrf/vrf_b0_reg_r2_0_63_15_17_n_2
                         LUT5 (Prop_lut5_I4_O)        0.105     5.870 r  i_vrf/bank_ra_data_o[0][17]_i_1/O
                         net (fo=1, unplaced)         0.000     5.870    i_vrf/bank_ra_data_o[0][17]_i_1_n_0
                         FDCE                                         r  i_vrf/bank_ra_data_o_reg[0][17]/D
  -------------------------------------------------------------------    -------------------

                         (clock clk_i rise edge)      6.667     6.667 r  
                                                      0.000     6.667 r  clk_i (IN)
                         net (fo=2875, unset)         0.748     7.415    i_vrf/clk_i
                         FDCE                                         r  i_vrf/bank_ra_data_o_reg[0][17]/C
                         clock pessimism              0.000     7.415    
                         clock uncertainty           -0.035     7.379    
                         FDCE (Setup_fdce_C_D)        0.072     7.451    i_vrf/bank_ra_data_o_reg[0][17]
  -------------------------------------------------------------------
                         required time                          7.451    
                         arrival time                          -5.870    
  -------------------------------------------------------------------
                         slack                                  1.581    

Slack (MET) :             1.581ns  (required time - arrival time)
  Source:                 uop_p3_q_reg[op_type][2]/C
                            (rising edge-triggered cell FDCE clocked by clk_i  {rise@0.000ns fall@3.333ns period=6.667ns})
  Destination:            i_vrf/bank_ra_data_o_reg[0][18]/D
                            (rising edge-triggered cell FDCE clocked by clk_i  {rise@0.000ns fall@3.333ns period=6.667ns})
  Path Group:             clk_i
  Path Type:              Setup (Max at Slow Process Corner)
  Requirement:            6.667ns  (clk_i rise@6.667ns - clk_i rise@0.000ns)
  Data Path Delay:        5.083ns  (logic 1.085ns (21.346%)  route 3.998ns (78.654%))
  Logic Levels:           5  (LUT5=3 LUT6=1 RAMD64E=1)
  Clock Path Skew:        -0.039ns (DCD - SCD + CPR)
    Destination Clock Delay (DCD):    0.748ns = ( 7.415 - 6.667 ) 
    Source Clock Delay      (SCD):    0.787ns
    Clock Pessimism Removal (CPR):    0.000ns
  Clock Uncertainty:      0.035ns  ((TSJ^2 + TIJ^2)^1/2 + DJ) / 2 + PE
    Total System Jitter     (TSJ):    0.071ns
    Total Input Jitter      (TIJ):    0.000ns
    Discrete Jitter          (DJ):    0.000ns
    Phase Error              (PE):    0.000ns

    Location             Delay type                Incr(ns)  Path(ns)    Netlist Resource(s)
  -------------------------------------------------------------------    -------------------
                         (clock clk_i rise edge)      0.000     0.000 r  
                                                      0.000     0.000 r  clk_i (IN)
                         net (fo=2875, unset)         0.787     0.787    clk_i
                         FDCE                                         r  uop_p3_q_reg[op_type][2]/C
  -------------------------------------------------------------------    -------------------
                         FDCE (Prop_fdce_C_Q)         0.433     1.220 r  uop_p3_q_reg[op_type][2]/Q
                         net (fo=60, unplaced)        0.686     1.906    i_vrf/FSM_onehot_st_q_reg[6]_72[2]
                         LUT5 (Prop_lut5_I2_O)        0.232     2.138 f  i_vrf/FSM_onehot_st_q[6]_i_2/O
                         net (fo=8, unplaced)         0.976     3.114    i_vrf/FSM_onehot_st_q_reg[7]_rep__4
                         LUT6 (Prop_lut6_I1_O)        0.105     3.219 r  i_vrf/vrf_b3_reg_r2_0_63_0_2_i_12/O
                         net (fo=4, unplaced)         0.371     3.590    i_vrf/vrf_b3_reg_r2_0_63_0_2_i_12_n_0
                         LUT5 (Prop_lut5_I0_O)        0.105     3.695 r  i_vrf/vrf_b0_reg_r2_0_63_0_2_i_5/O
                         net (fo=65, unplaced)        1.027     4.722    i_vrf/vrf_b0_reg_r2_0_63_18_20/ADDRA1
                         RAMD64E (Prop_ramd64e_RADR1_O)
                                                      0.105     4.827 r  i_vrf/vrf_b0_reg_r2_0_63_18_20/RAMA/O
                         net (fo=1, unplaced)         0.938     5.765    i_vrf/vrf_b0_reg_r2_0_63_18_20_n_0
                         LUT5 (Prop_lut5_I4_O)        0.105     5.870 r  i_vrf/bank_ra_data_o[0][18]_i_1/O
                         net (fo=1, unplaced)         0.000     5.870    i_vrf/bank_ra_data_o[0][18]_i_1_n_0
                         FDCE                                         r  i_vrf/bank_ra_data_o_reg[0][18]/D
  -------------------------------------------------------------------    -------------------

                         (clock clk_i rise edge)      6.667     6.667 r  
                                                      0.000     6.667 r  clk_i (IN)
                         net (fo=2875, unset)         0.748     7.415    i_vrf/clk_i
                         FDCE                                         r  i_vrf/bank_ra_data_o_reg[0][18]/C
                         clock pessimism              0.000     7.415    
                         clock uncertainty           -0.035     7.379    
                         FDCE (Setup_fdce_C_D)        0.072     7.451    i_vrf/bank_ra_data_o_reg[0][18]
  -------------------------------------------------------------------
                         required time                          7.451    
                         arrival time                          -5.870    
  -------------------------------------------------------------------
                         slack                                  1.581    

Slack (MET) :             1.581ns  (required time - arrival time)
  Source:                 uop_p3_q_reg[op_type][2]/C
                            (rising edge-triggered cell FDCE clocked by clk_i  {rise@0.000ns fall@3.333ns period=6.667ns})
  Destination:            i_vrf/bank_ra_data_o_reg[0][19]/D
                            (rising edge-triggered cell FDCE clocked by clk_i  {rise@0.000ns fall@3.333ns period=6.667ns})
  Path Group:             clk_i
  Path Type:              Setup (Max at Slow Process Corner)
  Requirement:            6.667ns  (clk_i rise@6.667ns - clk_i rise@0.000ns)
  Data Path Delay:        5.083ns  (logic 1.085ns (21.346%)  route 3.998ns (78.654%))
  Logic Levels:           5  (LUT5=3 LUT6=1 RAMD64E=1)
  Clock Path Skew:        -0.039ns (DCD - SCD + CPR)
    Destination Clock Delay (DCD):    0.748ns = ( 7.415 - 6.667 ) 
    Source Clock Delay      (SCD):    0.787ns
    Clock Pessimism Removal (CPR):    0.000ns
  Clock Uncertainty:      0.035ns  ((TSJ^2 + TIJ^2)^1/2 + DJ) / 2 + PE
    Total System Jitter     (TSJ):    0.071ns
    Total Input Jitter      (TIJ):    0.000ns
    Discrete Jitter          (DJ):    0.000ns
    Phase Error              (PE):    0.000ns

    Location             Delay type                Incr(ns)  Path(ns)    Netlist Resource(s)
  -------------------------------------------------------------------    -------------------
                         (clock clk_i rise edge)      0.000     0.000 r  
                                                      0.000     0.000 r  clk_i (IN)
                         net (fo=2875, unset)         0.787     0.787    clk_i
                         FDCE                                         r  uop_p3_q_reg[op_type][2]/C
  -------------------------------------------------------------------    -------------------
                         FDCE (Prop_fdce_C_Q)         0.433     1.220 r  uop_p3_q_reg[op_type][2]/Q
                         net (fo=60, unplaced)        0.686     1.906    i_vrf/FSM_onehot_st_q_reg[6]_72[2]
                         LUT5 (Prop_lut5_I2_O)        0.232     2.138 f  i_vrf/FSM_onehot_st_q[6]_i_2/O
                         net (fo=8, unplaced)         0.976     3.114    i_vrf/FSM_onehot_st_q_reg[7]_rep__4
                         LUT6 (Prop_lut6_I1_O)        0.105     3.219 r  i_vrf/vrf_b3_reg_r2_0_63_0_2_i_12/O
                         net (fo=4, unplaced)         0.371     3.590    i_vrf/vrf_b3_reg_r2_0_63_0_2_i_12_n_0
                         LUT5 (Prop_lut5_I0_O)        0.105     3.695 r  i_vrf/vrf_b0_reg_r2_0_63_0_2_i_5/O
                         net (fo=65, unplaced)        1.027     4.722    i_vrf/vrf_b0_reg_r2_0_63_18_20/ADDRB1
                         RAMD64E (Prop_ramd64e_RADR1_O)
                                                      0.105     4.827 r  i_vrf/vrf_b0_reg_r2_0_63_18_20/RAMB/O
                         net (fo=1, unplaced)         0.938     5.765    i_vrf/vrf_b0_reg_r2_0_63_18_20_n_1
                         LUT5 (Prop_lut5_I4_O)        0.105     5.870 r  i_vrf/bank_ra_data_o[0][19]_i_1/O
                         net (fo=1, unplaced)         0.000     5.870    i_vrf/bank_ra_data_o[0][19]_i_1_n_0
                         FDCE                                         r  i_vrf/bank_ra_data_o_reg[0][19]/D
  -------------------------------------------------------------------    -------------------

                         (clock clk_i rise edge)      6.667     6.667 r  
                                                      0.000     6.667 r  clk_i (IN)
                         net (fo=2875, unset)         0.748     7.415    i_vrf/clk_i
                         FDCE                                         r  i_vrf/bank_ra_data_o_reg[0][19]/C
                         clock pessimism              0.000     7.415    
                         clock uncertainty           -0.035     7.379    
                         FDCE (Setup_fdce_C_D)        0.072     7.451    i_vrf/bank_ra_data_o_reg[0][19]
  -------------------------------------------------------------------
                         required time                          7.451    
                         arrival time                          -5.870    
  -------------------------------------------------------------------
                         slack                                  1.581    

Slack (MET) :             1.581ns  (required time - arrival time)
  Source:                 uop_p3_q_reg[op_type][2]/C
                            (rising edge-triggered cell FDCE clocked by clk_i  {rise@0.000ns fall@3.333ns period=6.667ns})
  Destination:            i_vrf/bank_ra_data_o_reg[0][1]/D
                            (rising edge-triggered cell FDCE clocked by clk_i  {rise@0.000ns fall@3.333ns period=6.667ns})
  Path Group:             clk_i
  Path Type:              Setup (Max at Slow Process Corner)
  Requirement:            6.667ns  (clk_i rise@6.667ns - clk_i rise@0.000ns)
  Data Path Delay:        5.083ns  (logic 1.085ns (21.346%)  route 3.998ns (78.654%))
  Logic Levels:           5  (LUT5=3 LUT6=1 RAMD64E=1)
  Clock Path Skew:        -0.039ns (DCD - SCD + CPR)
    Destination Clock Delay (DCD):    0.748ns = ( 7.415 - 6.667 ) 
    Source Clock Delay      (SCD):    0.787ns
    Clock Pessimism Removal (CPR):    0.000ns
  Clock Uncertainty:      0.035ns  ((TSJ^2 + TIJ^2)^1/2 + DJ) / 2 + PE
    Total System Jitter     (TSJ):    0.071ns
    Total Input Jitter      (TIJ):    0.000ns
    Discrete Jitter          (DJ):    0.000ns
    Phase Error              (PE):    0.000ns

    Location             Delay type                Incr(ns)  Path(ns)    Netlist Resource(s)
  -------------------------------------------------------------------    -------------------
                         (clock clk_i rise edge)      0.000     0.000 r  
                                                      0.000     0.000 r  clk_i (IN)
                         net (fo=2875, unset)         0.787     0.787    clk_i
                         FDCE                                         r  uop_p3_q_reg[op_type][2]/C
  -------------------------------------------------------------------    -------------------
                         FDCE (Prop_fdce_C_Q)         0.433     1.220 r  uop_p3_q_reg[op_type][2]/Q
                         net (fo=60, unplaced)        0.686     1.906    i_vrf/FSM_onehot_st_q_reg[6]_72[2]
                         LUT5 (Prop_lut5_I2_O)        0.232     2.138 f  i_vrf/FSM_onehot_st_q[6]_i_2/O
                         net (fo=8, unplaced)         0.976     3.114    i_vrf/FSM_onehot_st_q_reg[7]_rep__4
                         LUT6 (Prop_lut6_I1_O)        0.105     3.219 r  i_vrf/vrf_b3_reg_r2_0_63_0_2_i_12/O
                         net (fo=4, unplaced)         0.371     3.590    i_vrf/vrf_b3_reg_r2_0_63_0_2_i_12_n_0
                         LUT5 (Prop_lut5_I0_O)        0.105     3.695 r  i_vrf/vrf_b0_reg_r2_0_63_0_2_i_5/O
                         net (fo=65, unplaced)        1.027     4.722    i_vrf/vrf_b0_reg_r2_0_63_0_2/ADDRB1
                         RAMD64E (Prop_ramd64e_RADR1_O)
                                                      0.105     4.827 r  i_vrf/vrf_b0_reg_r2_0_63_0_2/RAMB/O
                         net (fo=1, unplaced)         0.938     5.765    i_vrf/vrf_b0_reg_r2_0_63_0_2_n_1
                         LUT5 (Prop_lut5_I4_O)        0.105     5.870 r  i_vrf/bank_ra_data_o[0][1]_i_1/O
                         net (fo=1, unplaced)         0.000     5.870    i_vrf/bank_ra_data_o[0][1]_i_1_n_0
                         FDCE                                         r  i_vrf/bank_ra_data_o_reg[0][1]/D
  -------------------------------------------------------------------    -------------------

                         (clock clk_i rise edge)      6.667     6.667 r  
                                                      0.000     6.667 r  clk_i (IN)
                         net (fo=2875, unset)         0.748     7.415    i_vrf/clk_i
                         FDCE                                         r  i_vrf/bank_ra_data_o_reg[0][1]/C
                         clock pessimism              0.000     7.415    
                         clock uncertainty           -0.035     7.379    
                         FDCE (Setup_fdce_C_D)        0.072     7.451    i_vrf/bank_ra_data_o_reg[0][1]
  -------------------------------------------------------------------
                         required time                          7.451    
                         arrival time                          -5.870    
  -------------------------------------------------------------------
                         slack                                  1.581    

Slack (MET) :             1.581ns  (required time - arrival time)
  Source:                 uop_p3_q_reg[op_type][2]/C
                            (rising edge-triggered cell FDCE clocked by clk_i  {rise@0.000ns fall@3.333ns period=6.667ns})
  Destination:            i_vrf/bank_ra_data_o_reg[0][20]/D
                            (rising edge-triggered cell FDCE clocked by clk_i  {rise@0.000ns fall@3.333ns period=6.667ns})
  Path Group:             clk_i
  Path Type:              Setup (Max at Slow Process Corner)
  Requirement:            6.667ns  (clk_i rise@6.667ns - clk_i rise@0.000ns)
  Data Path Delay:        5.083ns  (logic 1.085ns (21.346%)  route 3.998ns (78.654%))
  Logic Levels:           5  (LUT5=3 LUT6=1 RAMD64E=1)
  Clock Path Skew:        -0.039ns (DCD - SCD + CPR)
    Destination Clock Delay (DCD):    0.748ns = ( 7.415 - 6.667 ) 
    Source Clock Delay      (SCD):    0.787ns
    Clock Pessimism Removal (CPR):    0.000ns
  Clock Uncertainty:      0.035ns  ((TSJ^2 + TIJ^2)^1/2 + DJ) / 2 + PE
    Total System Jitter     (TSJ):    0.071ns
    Total Input Jitter      (TIJ):    0.000ns
    Discrete Jitter          (DJ):    0.000ns
    Phase Error              (PE):    0.000ns

    Location             Delay type                Incr(ns)  Path(ns)    Netlist Resource(s)
  -------------------------------------------------------------------    -------------------
                         (clock clk_i rise edge)      0.000     0.000 r  
                                                      0.000     0.000 r  clk_i (IN)
                         net (fo=2875, unset)         0.787     0.787    clk_i
                         FDCE                                         r  uop_p3_q_reg[op_type][2]/C
  -------------------------------------------------------------------    -------------------
                         FDCE (Prop_fdce_C_Q)         0.433     1.220 r  uop_p3_q_reg[op_type][2]/Q
                         net (fo=60, unplaced)        0.686     1.906    i_vrf/FSM_onehot_st_q_reg[6]_72[2]
                         LUT5 (Prop_lut5_I2_O)        0.232     2.138 f  i_vrf/FSM_onehot_st_q[6]_i_2/O
                         net (fo=8, unplaced)         0.976     3.114    i_vrf/FSM_onehot_st_q_reg[7]_rep__4
                         LUT6 (Prop_lut6_I1_O)        0.105     3.219 r  i_vrf/vrf_b3_reg_r2_0_63_0_2_i_12/O
                         net (fo=4, unplaced)         0.371     3.590    i_vrf/vrf_b3_reg_r2_0_63_0_2_i_12_n_0
                         LUT5 (Prop_lut5_I0_O)        0.105     3.695 r  i_vrf/vrf_b0_reg_r2_0_63_0_2_i_5/O
                         net (fo=65, unplaced)        1.027     4.722    i_vrf/vrf_b0_reg_r2_0_63_18_20/ADDRC1
                         RAMD64E (Prop_ramd64e_RADR1_O)
                                                      0.105     4.827 r  i_vrf/vrf_b0_reg_r2_0_63_18_20/RAMC/O
                         net (fo=1, unplaced)         0.938     5.765    i_vrf/vrf_b0_reg_r2_0_63_18_20_n_2
                         LUT5 (Prop_lut5_I4_O)        0.105     5.870 r  i_vrf/bank_ra_data_o[0][20]_i_1/O
                         net (fo=1, unplaced)         0.000     5.870    i_vrf/bank_ra_data_o[0][20]_i_1_n_0
                         FDCE                                         r  i_vrf/bank_ra_data_o_reg[0][20]/D
  -------------------------------------------------------------------    -------------------

                         (clock clk_i rise edge)      6.667     6.667 r  
                                                      0.000     6.667 r  clk_i (IN)
                         net (fo=2875, unset)         0.748     7.415    i_vrf/clk_i
                         FDCE                                         r  i_vrf/bank_ra_data_o_reg[0][20]/C
                         clock pessimism              0.000     7.415    
                         clock uncertainty           -0.035     7.379    
                         FDCE (Setup_fdce_C_D)        0.072     7.451    i_vrf/bank_ra_data_o_reg[0][20]
  -------------------------------------------------------------------
                         required time                          7.451    
                         arrival time                          -5.870    
  -------------------------------------------------------------------
                         slack                                  1.581    

Slack (MET) :             1.581ns  (required time - arrival time)
  Source:                 uop_p3_q_reg[op_type][2]/C
                            (rising edge-triggered cell FDCE clocked by clk_i  {rise@0.000ns fall@3.333ns period=6.667ns})
  Destination:            i_vrf/bank_ra_data_o_reg[0][21]/D
                            (rising edge-triggered cell FDCE clocked by clk_i  {rise@0.000ns fall@3.333ns period=6.667ns})
  Path Group:             clk_i
  Path Type:              Setup (Max at Slow Process Corner)
  Requirement:            6.667ns  (clk_i rise@6.667ns - clk_i rise@0.000ns)
  Data Path Delay:        5.083ns  (logic 1.085ns (21.346%)  route 3.998ns (78.654%))
  Logic Levels:           5  (LUT5=3 LUT6=1 RAMD64E=1)
  Clock Path Skew:        -0.039ns (DCD - SCD + CPR)
    Destination Clock Delay (DCD):    0.748ns = ( 7.415 - 6.667 ) 
    Source Clock Delay      (SCD):    0.787ns
    Clock Pessimism Removal (CPR):    0.000ns
  Clock Uncertainty:      0.035ns  ((TSJ^2 + TIJ^2)^1/2 + DJ) / 2 + PE
    Total System Jitter     (TSJ):    0.071ns
    Total Input Jitter      (TIJ):    0.000ns
    Discrete Jitter          (DJ):    0.000ns
    Phase Error              (PE):    0.000ns

    Location             Delay type                Incr(ns)  Path(ns)    Netlist Resource(s)
  -------------------------------------------------------------------    -------------------
                         (clock clk_i rise edge)      0.000     0.000 r  
                                                      0.000     0.000 r  clk_i (IN)
                         net (fo=2875, unset)         0.787     0.787    clk_i
                         FDCE                                         r  uop_p3_q_reg[op_type][2]/C
  -------------------------------------------------------------------    -------------------
                         FDCE (Prop_fdce_C_Q)         0.433     1.220 r  uop_p3_q_reg[op_type][2]/Q
                         net (fo=60, unplaced)        0.686     1.906    i_vrf/FSM_onehot_st_q_reg[6]_72[2]
                         LUT5 (Prop_lut5_I2_O)        0.232     2.138 f  i_vrf/FSM_onehot_st_q[6]_i_2/O
                         net (fo=8, unplaced)         0.976     3.114    i_vrf/FSM_onehot_st_q_reg[7]_rep__4
                         LUT6 (Prop_lut6_I1_O)        0.105     3.219 r  i_vrf/vrf_b3_reg_r2_0_63_0_2_i_12/O
                         net (fo=4, unplaced)         0.371     3.590    i_vrf/vrf_b3_reg_r2_0_63_0_2_i_12_n_0
                         LUT5 (Prop_lut5_I0_O)        0.105     3.695 r  i_vrf/vrf_b0_reg_r2_0_63_0_2_i_5/O
                         net (fo=65, unplaced)        1.027     4.722    i_vrf/vrf_b0_reg_r2_0_63_21_23/ADDRA1
                         RAMD64E (Prop_ramd64e_RADR1_O)
                                                      0.105     4.827 r  i_vrf/vrf_b0_reg_r2_0_63_21_23/RAMA/O
                         net (fo=1, unplaced)         0.938     5.765    i_vrf/vrf_b0_reg_r2_0_63_21_23_n_0
                         LUT5 (Prop_lut5_I4_O)        0.105     5.870 r  i_vrf/bank_ra_data_o[0][21]_i_1/O
                         net (fo=1, unplaced)         0.000     5.870    i_vrf/bank_ra_data_o[0][21]_i_1_n_0
                         FDCE                                         r  i_vrf/bank_ra_data_o_reg[0][21]/D
  -------------------------------------------------------------------    -------------------

                         (clock clk_i rise edge)      6.667     6.667 r  
                                                      0.000     6.667 r  clk_i (IN)
                         net (fo=2875, unset)         0.748     7.415    i_vrf/clk_i
                         FDCE                                         r  i_vrf/bank_ra_data_o_reg[0][21]/C
                         clock pessimism              0.000     7.415    
                         clock uncertainty           -0.035     7.379    
                         FDCE (Setup_fdce_C_D)        0.072     7.451    i_vrf/bank_ra_data_o_reg[0][21]
  -------------------------------------------------------------------
                         required time                          7.451    
                         arrival time                          -5.870    
  -------------------------------------------------------------------
                         slack                                  1.581    

Slack (MET) :             1.581ns  (required time - arrival time)
  Source:                 uop_p3_q_reg[op_type][2]/C
                            (rising edge-triggered cell FDCE clocked by clk_i  {rise@0.000ns fall@3.333ns period=6.667ns})
  Destination:            i_vrf/bank_ra_data_o_reg[0][22]/D
                            (rising edge-triggered cell FDCE clocked by clk_i  {rise@0.000ns fall@3.333ns period=6.667ns})
  Path Group:             clk_i
  Path Type:              Setup (Max at Slow Process Corner)
  Requirement:            6.667ns  (clk_i rise@6.667ns - clk_i rise@0.000ns)
  Data Path Delay:        5.083ns  (logic 1.085ns (21.346%)  route 3.998ns (78.654%))
  Logic Levels:           5  (LUT5=3 LUT6=1 RAMD64E=1)
  Clock Path Skew:        -0.039ns (DCD - SCD + CPR)
    Destination Clock Delay (DCD):    0.748ns = ( 7.415 - 6.667 ) 
    Source Clock Delay      (SCD):    0.787ns
    Clock Pessimism Removal (CPR):    0.000ns
  Clock Uncertainty:      0.035ns  ((TSJ^2 + TIJ^2)^1/2 + DJ) / 2 + PE
    Total System Jitter     (TSJ):    0.071ns
    Total Input Jitter      (TIJ):    0.000ns
    Discrete Jitter          (DJ):    0.000ns
    Phase Error              (PE):    0.000ns

    Location             Delay type                Incr(ns)  Path(ns)    Netlist Resource(s)
  -------------------------------------------------------------------    -------------------
                         (clock clk_i rise edge)      0.000     0.000 r  
                                                      0.000     0.000 r  clk_i (IN)
                         net (fo=2875, unset)         0.787     0.787    clk_i
                         FDCE                                         r  uop_p3_q_reg[op_type][2]/C
  -------------------------------------------------------------------    -------------------
                         FDCE (Prop_fdce_C_Q)         0.433     1.220 r  uop_p3_q_reg[op_type][2]/Q
                         net (fo=60, unplaced)        0.686     1.906    i_vrf/FSM_onehot_st_q_reg[6]_72[2]
                         LUT5 (Prop_lut5_I2_O)        0.232     2.138 f  i_vrf/FSM_onehot_st_q[6]_i_2/O
                         net (fo=8, unplaced)         0.976     3.114    i_vrf/FSM_onehot_st_q_reg[7]_rep__4
                         LUT6 (Prop_lut6_I1_O)        0.105     3.219 r  i_vrf/vrf_b3_reg_r2_0_63_0_2_i_12/O
                         net (fo=4, unplaced)         0.371     3.590    i_vrf/vrf_b3_reg_r2_0_63_0_2_i_12_n_0
                         LUT5 (Prop_lut5_I0_O)        0.105     3.695 r  i_vrf/vrf_b0_reg_r2_0_63_0_2_i_5/O
                         net (fo=65, unplaced)        1.027     4.722    i_vrf/vrf_b0_reg_r2_0_63_21_23/ADDRB1
                         RAMD64E (Prop_ramd64e_RADR1_O)
                                                      0.105     4.827 r  i_vrf/vrf_b0_reg_r2_0_63_21_23/RAMB/O
                         net (fo=1, unplaced)         0.938     5.765    i_vrf/vrf_b0_reg_r2_0_63_21_23_n_1
                         LUT5 (Prop_lut5_I4_O)        0.105     5.870 r  i_vrf/bank_ra_data_o[0][22]_i_1/O
                         net (fo=1, unplaced)         0.000     5.870    i_vrf/bank_ra_data_o[0][22]_i_1_n_0
                         FDCE                                         r  i_vrf/bank_ra_data_o_reg[0][22]/D
  -------------------------------------------------------------------    -------------------

                         (clock clk_i rise edge)      6.667     6.667 r  
                                                      0.000     6.667 r  clk_i (IN)
                         net (fo=2875, unset)         0.748     7.415    i_vrf/clk_i
                         FDCE                                         r  i_vrf/bank_ra_data_o_reg[0][22]/C
                         clock pessimism              0.000     7.415    
                         clock uncertainty           -0.035     7.379    
                         FDCE (Setup_fdce_C_D)        0.072     7.451    i_vrf/bank_ra_data_o_reg[0][22]
  -------------------------------------------------------------------
                         required time                          7.451    
                         arrival time                          -5.870    
  -------------------------------------------------------------------
                         slack                                  1.581    

Slack (MET) :             1.581ns  (required time - arrival time)
  Source:                 uop_p3_q_reg[op_type][2]/C
                            (rising edge-triggered cell FDCE clocked by clk_i  {rise@0.000ns fall@3.333ns period=6.667ns})
  Destination:            i_vrf/bank_ra_data_o_reg[0][23]/D
                            (rising edge-triggered cell FDCE clocked by clk_i  {rise@0.000ns fall@3.333ns period=6.667ns})
  Path Group:             clk_i
  Path Type:              Setup (Max at Slow Process Corner)
  Requirement:            6.667ns  (clk_i rise@6.667ns - clk_i rise@0.000ns)
  Data Path Delay:        5.083ns  (logic 1.085ns (21.346%)  route 3.998ns (78.654%))
  Logic Levels:           5  (LUT5=3 LUT6=1 RAMD64E=1)
  Clock Path Skew:        -0.039ns (DCD - SCD + CPR)
    Destination Clock Delay (DCD):    0.748ns = ( 7.415 - 6.667 ) 
    Source Clock Delay      (SCD):    0.787ns
    Clock Pessimism Removal (CPR):    0.000ns
  Clock Uncertainty:      0.035ns  ((TSJ^2 + TIJ^2)^1/2 + DJ) / 2 + PE
    Total System Jitter     (TSJ):    0.071ns
    Total Input Jitter      (TIJ):    0.000ns
    Discrete Jitter          (DJ):    0.000ns
    Phase Error              (PE):    0.000ns

    Location             Delay type                Incr(ns)  Path(ns)    Netlist Resource(s)
  -------------------------------------------------------------------    -------------------
                         (clock clk_i rise edge)      0.000     0.000 r  
                                                      0.000     0.000 r  clk_i (IN)
                         net (fo=2875, unset)         0.787     0.787    clk_i
                         FDCE                                         r  uop_p3_q_reg[op_type][2]/C
  -------------------------------------------------------------------    -------------------
                         FDCE (Prop_fdce_C_Q)         0.433     1.220 r  uop_p3_q_reg[op_type][2]/Q
                         net (fo=60, unplaced)        0.686     1.906    i_vrf/FSM_onehot_st_q_reg[6]_72[2]
                         LUT5 (Prop_lut5_I2_O)        0.232     2.138 f  i_vrf/FSM_onehot_st_q[6]_i_2/O
                         net (fo=8, unplaced)         0.976     3.114    i_vrf/FSM_onehot_st_q_reg[7]_rep__4
                         LUT6 (Prop_lut6_I1_O)        0.105     3.219 r  i_vrf/vrf_b3_reg_r2_0_63_0_2_i_12/O
                         net (fo=4, unplaced)         0.371     3.590    i_vrf/vrf_b3_reg_r2_0_63_0_2_i_12_n_0
                         LUT5 (Prop_lut5_I0_O)        0.105     3.695 r  i_vrf/vrf_b0_reg_r2_0_63_0_2_i_5/O
                         net (fo=65, unplaced)        1.027     4.722    i_vrf/vrf_b0_reg_r2_0_63_21_23/ADDRC1
                         RAMD64E (Prop_ramd64e_RADR1_O)
                                                      0.105     4.827 r  i_vrf/vrf_b0_reg_r2_0_63_21_23/RAMC/O
                         net (fo=1, unplaced)         0.938     5.765    i_vrf/vrf_b0_reg_r2_0_63_21_23_n_2
                         LUT5 (Prop_lut5_I4_O)        0.105     5.870 r  i_vrf/bank_ra_data_o[0][23]_i_1/O
                         net (fo=1, unplaced)         0.000     5.870    i_vrf/bank_ra_data_o[0][23]_i_1_n_0
                         FDCE                                         r  i_vrf/bank_ra_data_o_reg[0][23]/D
  -------------------------------------------------------------------    -------------------

                         (clock clk_i rise edge)      6.667     6.667 r  
                                                      0.000     6.667 r  clk_i (IN)
                         net (fo=2875, unset)         0.748     7.415    i_vrf/clk_i
                         FDCE                                         r  i_vrf/bank_ra_data_o_reg[0][23]/C
                         clock pessimism              0.000     7.415    
                         clock uncertainty           -0.035     7.379    
                         FDCE (Setup_fdce_C_D)        0.072     7.451    i_vrf/bank_ra_data_o_reg[0][23]
  -------------------------------------------------------------------
                         required time                          7.451    
                         arrival time                          -5.870    
  -------------------------------------------------------------------
                         slack                                  1.581    

Slack (MET) :             1.581ns  (required time - arrival time)
  Source:                 uop_p3_q_reg[op_type][2]/C
                            (rising edge-triggered cell FDCE clocked by clk_i  {rise@0.000ns fall@3.333ns period=6.667ns})
  Destination:            i_vrf/bank_ra_data_o_reg[0][24]/D
                            (rising edge-triggered cell FDCE clocked by clk_i  {rise@0.000ns fall@3.333ns period=6.667ns})
  Path Group:             clk_i
  Path Type:              Setup (Max at Slow Process Corner)
  Requirement:            6.667ns  (clk_i rise@6.667ns - clk_i rise@0.000ns)
  Data Path Delay:        5.083ns  (logic 1.085ns (21.346%)  route 3.998ns (78.654%))
  Logic Levels:           5  (LUT5=3 LUT6=1 RAMD64E=1)
  Clock Path Skew:        -0.039ns (DCD - SCD + CPR)
    Destination Clock Delay (DCD):    0.748ns = ( 7.415 - 6.667 ) 
    Source Clock Delay      (SCD):    0.787ns
    Clock Pessimism Removal (CPR):    0.000ns
  Clock Uncertainty:      0.035ns  ((TSJ^2 + TIJ^2)^1/2 + DJ) / 2 + PE
    Total System Jitter     (TSJ):    0.071ns
    Total Input Jitter      (TIJ):    0.000ns
    Discrete Jitter          (DJ):    0.000ns
    Phase Error              (PE):    0.000ns

    Location             Delay type                Incr(ns)  Path(ns)    Netlist Resource(s)
  -------------------------------------------------------------------    -------------------
                         (clock clk_i rise edge)      0.000     0.000 r  
                                                      0.000     0.000 r  clk_i (IN)
                         net (fo=2875, unset)         0.787     0.787    clk_i
                         FDCE                                         r  uop_p3_q_reg[op_type][2]/C
  -------------------------------------------------------------------    -------------------
                         FDCE (Prop_fdce_C_Q)         0.433     1.220 r  uop_p3_q_reg[op_type][2]/Q
                         net (fo=60, unplaced)        0.686     1.906    i_vrf/FSM_onehot_st_q_reg[6]_72[2]
                         LUT5 (Prop_lut5_I2_O)        0.232     2.138 f  i_vrf/FSM_onehot_st_q[6]_i_2/O
                         net (fo=8, unplaced)         0.976     3.114    i_vrf/FSM_onehot_st_q_reg[7]_rep__4
                         LUT6 (Prop_lut6_I1_O)        0.105     3.219 r  i_vrf/vrf_b3_reg_r2_0_63_0_2_i_12/O
                         net (fo=4, unplaced)         0.371     3.590    i_vrf/vrf_b3_reg_r2_0_63_0_2_i_12_n_0
                         LUT5 (Prop_lut5_I0_O)        0.105     3.695 r  i_vrf/vrf_b0_reg_r2_0_63_0_2_i_5/O
                         net (fo=65, unplaced)        1.027     4.722    i_vrf/vrf_b0_reg_r2_0_63_24_26/ADDRA1
                         RAMD64E (Prop_ramd64e_RADR1_O)
                                                      0.105     4.827 r  i_vrf/vrf_b0_reg_r2_0_63_24_26/RAMA/O
                         net (fo=1, unplaced)         0.938     5.765    i_vrf/vrf_b0_reg_r2_0_63_24_26_n_0
                         LUT5 (Prop_lut5_I4_O)        0.105     5.870 r  i_vrf/bank_ra_data_o[0][24]_i_1/O
                         net (fo=1, unplaced)         0.000     5.870    i_vrf/bank_ra_data_o[0][24]_i_1_n_0
                         FDCE                                         r  i_vrf/bank_ra_data_o_reg[0][24]/D
  -------------------------------------------------------------------    -------------------

                         (clock clk_i rise edge)      6.667     6.667 r  
                                                      0.000     6.667 r  clk_i (IN)
                         net (fo=2875, unset)         0.748     7.415    i_vrf/clk_i
                         FDCE                                         r  i_vrf/bank_ra_data_o_reg[0][24]/C
                         clock pessimism              0.000     7.415    
                         clock uncertainty           -0.035     7.379    
                         FDCE (Setup_fdce_C_D)        0.072     7.451    i_vrf/bank_ra_data_o_reg[0][24]
  -------------------------------------------------------------------
                         required time                          7.451    
                         arrival time                          -5.870    
  -------------------------------------------------------------------
                         slack                                  1.581    

Slack (MET) :             1.581ns  (required time - arrival time)
  Source:                 uop_p3_q_reg[op_type][2]/C
                            (rising edge-triggered cell FDCE clocked by clk_i  {rise@0.000ns fall@3.333ns period=6.667ns})
  Destination:            i_vrf/bank_ra_data_o_reg[0][25]/D
                            (rising edge-triggered cell FDCE clocked by clk_i  {rise@0.000ns fall@3.333ns period=6.667ns})
  Path Group:             clk_i
  Path Type:              Setup (Max at Slow Process Corner)
  Requirement:            6.667ns  (clk_i rise@6.667ns - clk_i rise@0.000ns)
  Data Path Delay:        5.083ns  (logic 1.085ns (21.346%)  route 3.998ns (78.654%))
  Logic Levels:           5  (LUT5=3 LUT6=1 RAMD64E=1)
  Clock Path Skew:        -0.039ns (DCD - SCD + CPR)
    Destination Clock Delay (DCD):    0.748ns = ( 7.415 - 6.667 ) 
    Source Clock Delay      (SCD):    0.787ns
    Clock Pessimism Removal (CPR):    0.000ns
  Clock Uncertainty:      0.035ns  ((TSJ^2 + TIJ^2)^1/2 + DJ) / 2 + PE
    Total System Jitter     (TSJ):    0.071ns
    Total Input Jitter      (TIJ):    0.000ns
    Discrete Jitter          (DJ):    0.000ns
    Phase Error              (PE):    0.000ns

    Location             Delay type                Incr(ns)  Path(ns)    Netlist Resource(s)
  -------------------------------------------------------------------    -------------------
                         (clock clk_i rise edge)      0.000     0.000 r  
                                                      0.000     0.000 r  clk_i (IN)
                         net (fo=2875, unset)         0.787     0.787    clk_i
                         FDCE                                         r  uop_p3_q_reg[op_type][2]/C
  -------------------------------------------------------------------    -------------------
                         FDCE (Prop_fdce_C_Q)         0.433     1.220 r  uop_p3_q_reg[op_type][2]/Q
                         net (fo=60, unplaced)        0.686     1.906    i_vrf/FSM_onehot_st_q_reg[6]_72[2]
                         LUT5 (Prop_lut5_I2_O)        0.232     2.138 f  i_vrf/FSM_onehot_st_q[6]_i_2/O
                         net (fo=8, unplaced)         0.976     3.114    i_vrf/FSM_onehot_st_q_reg[7]_rep__4
                         LUT6 (Prop_lut6_I1_O)        0.105     3.219 r  i_vrf/vrf_b3_reg_r2_0_63_0_2_i_12/O
                         net (fo=4, unplaced)         0.371     3.590    i_vrf/vrf_b3_reg_r2_0_63_0_2_i_12_n_0
                         LUT5 (Prop_lut5_I0_O)        0.105     3.695 r  i_vrf/vrf_b0_reg_r2_0_63_0_2_i_5/O
                         net (fo=65, unplaced)        1.027     4.722    i_vrf/vrf_b0_reg_r2_0_63_24_26/ADDRB1
                         RAMD64E (Prop_ramd64e_RADR1_O)
                                                      0.105     4.827 r  i_vrf/vrf_b0_reg_r2_0_63_24_26/RAMB/O
                         net (fo=1, unplaced)         0.938     5.765    i_vrf/vrf_b0_reg_r2_0_63_24_26_n_1
                         LUT5 (Prop_lut5_I4_O)        0.105     5.870 r  i_vrf/bank_ra_data_o[0][25]_i_1/O
                         net (fo=1, unplaced)         0.000     5.870    i_vrf/bank_ra_data_o[0][25]_i_1_n_0
                         FDCE                                         r  i_vrf/bank_ra_data_o_reg[0][25]/D
  -------------------------------------------------------------------    -------------------

                         (clock clk_i rise edge)      6.667     6.667 r  
                                                      0.000     6.667 r  clk_i (IN)
                         net (fo=2875, unset)         0.748     7.415    i_vrf/clk_i
                         FDCE                                         r  i_vrf/bank_ra_data_o_reg[0][25]/C
                         clock pessimism              0.000     7.415    
                         clock uncertainty           -0.035     7.379    
                         FDCE (Setup_fdce_C_D)        0.072     7.451    i_vrf/bank_ra_data_o_reg[0][25]
  -------------------------------------------------------------------
                         required time                          7.451    
                         arrival time                          -5.870    
  -------------------------------------------------------------------
                         slack                                  1.581    

Slack (MET) :             1.581ns  (required time - arrival time)
  Source:                 uop_p3_q_reg[op_type][2]/C
                            (rising edge-triggered cell FDCE clocked by clk_i  {rise@0.000ns fall@3.333ns period=6.667ns})
  Destination:            i_vrf/bank_ra_data_o_reg[0][26]/D
                            (rising edge-triggered cell FDCE clocked by clk_i  {rise@0.000ns fall@3.333ns period=6.667ns})
  Path Group:             clk_i
  Path Type:              Setup (Max at Slow Process Corner)
  Requirement:            6.667ns  (clk_i rise@6.667ns - clk_i rise@0.000ns)
  Data Path Delay:        5.083ns  (logic 1.085ns (21.346%)  route 3.998ns (78.654%))
  Logic Levels:           5  (LUT5=3 LUT6=1 RAMD64E=1)
  Clock Path Skew:        -0.039ns (DCD - SCD + CPR)
    Destination Clock Delay (DCD):    0.748ns = ( 7.415 - 6.667 ) 
    Source Clock Delay      (SCD):    0.787ns
    Clock Pessimism Removal (CPR):    0.000ns
  Clock Uncertainty:      0.035ns  ((TSJ^2 + TIJ^2)^1/2 + DJ) / 2 + PE
    Total System Jitter     (TSJ):    0.071ns
    Total Input Jitter      (TIJ):    0.000ns
    Discrete Jitter          (DJ):    0.000ns
    Phase Error              (PE):    0.000ns

    Location             Delay type                Incr(ns)  Path(ns)    Netlist Resource(s)
  -------------------------------------------------------------------    -------------------
                         (clock clk_i rise edge)      0.000     0.000 r  
                                                      0.000     0.000 r  clk_i (IN)
                         net (fo=2875, unset)         0.787     0.787    clk_i
                         FDCE                                         r  uop_p3_q_reg[op_type][2]/C
  -------------------------------------------------------------------    -------------------
                         FDCE (Prop_fdce_C_Q)         0.433     1.220 r  uop_p3_q_reg[op_type][2]/Q
                         net (fo=60, unplaced)        0.686     1.906    i_vrf/FSM_onehot_st_q_reg[6]_72[2]
                         LUT5 (Prop_lut5_I2_O)        0.232     2.138 f  i_vrf/FSM_onehot_st_q[6]_i_2/O
                         net (fo=8, unplaced)         0.976     3.114    i_vrf/FSM_onehot_st_q_reg[7]_rep__4
                         LUT6 (Prop_lut6_I1_O)        0.105     3.219 r  i_vrf/vrf_b3_reg_r2_0_63_0_2_i_12/O
                         net (fo=4, unplaced)         0.371     3.590    i_vrf/vrf_b3_reg_r2_0_63_0_2_i_12_n_0
                         LUT5 (Prop_lut5_I0_O)        0.105     3.695 r  i_vrf/vrf_b0_reg_r2_0_63_0_2_i_5/O
                         net (fo=65, unplaced)        1.027     4.722    i_vrf/vrf_b0_reg_r2_0_63_24_26/ADDRC1
                         RAMD64E (Prop_ramd64e_RADR1_O)
                                                      0.105     4.827 r  i_vrf/vrf_b0_reg_r2_0_63_24_26/RAMC/O
                         net (fo=1, unplaced)         0.938     5.765    i_vrf/vrf_b0_reg_r2_0_63_24_26_n_2
                         LUT5 (Prop_lut5_I4_O)        0.105     5.870 r  i_vrf/bank_ra_data_o[0][26]_i_1/O
                         net (fo=1, unplaced)         0.000     5.870    i_vrf/bank_ra_data_o[0][26]_i_1_n_0
                         FDCE                                         r  i_vrf/bank_ra_data_o_reg[0][26]/D
  -------------------------------------------------------------------    -------------------

                         (clock clk_i rise edge)      6.667     6.667 r  
                                                      0.000     6.667 r  clk_i (IN)
                         net (fo=2875, unset)         0.748     7.415    i_vrf/clk_i
                         FDCE                                         r  i_vrf/bank_ra_data_o_reg[0][26]/C
                         clock pessimism              0.000     7.415    
                         clock uncertainty           -0.035     7.379    
                         FDCE (Setup_fdce_C_D)        0.072     7.451    i_vrf/bank_ra_data_o_reg[0][26]
  -------------------------------------------------------------------
                         required time                          7.451    
                         arrival time                          -5.870    
  -------------------------------------------------------------------
                         slack                                  1.581    

Slack (MET) :             1.581ns  (required time - arrival time)
  Source:                 uop_p3_q_reg[op_type][2]/C
                            (rising edge-triggered cell FDCE clocked by clk_i  {rise@0.000ns fall@3.333ns period=6.667ns})
  Destination:            i_vrf/bank_ra_data_o_reg[0][27]/D
                            (rising edge-triggered cell FDCE clocked by clk_i  {rise@0.000ns fall@3.333ns period=6.667ns})
  Path Group:             clk_i
  Path Type:              Setup (Max at Slow Process Corner)
  Requirement:            6.667ns  (clk_i rise@6.667ns - clk_i rise@0.000ns)
  Data Path Delay:        5.083ns  (logic 1.085ns (21.346%)  route 3.998ns (78.654%))
  Logic Levels:           5  (LUT5=3 LUT6=1 RAMD64E=1)
  Clock Path Skew:        -0.039ns (DCD - SCD + CPR)
    Destination Clock Delay (DCD):    0.748ns = ( 7.415 - 6.667 ) 
    Source Clock Delay      (SCD):    0.787ns
    Clock Pessimism Removal (CPR):    0.000ns
  Clock Uncertainty:      0.035ns  ((TSJ^2 + TIJ^2)^1/2 + DJ) / 2 + PE
    Total System Jitter     (TSJ):    0.071ns
    Total Input Jitter      (TIJ):    0.000ns
    Discrete Jitter          (DJ):    0.000ns
    Phase Error              (PE):    0.000ns

    Location             Delay type                Incr(ns)  Path(ns)    Netlist Resource(s)
  -------------------------------------------------------------------    -------------------
                         (clock clk_i rise edge)      0.000     0.000 r  
                                                      0.000     0.000 r  clk_i (IN)
                         net (fo=2875, unset)         0.787     0.787    clk_i
                         FDCE                                         r  uop_p3_q_reg[op_type][2]/C
  -------------------------------------------------------------------    -------------------
                         FDCE (Prop_fdce_C_Q)         0.433     1.220 r  uop_p3_q_reg[op_type][2]/Q
                         net (fo=60, unplaced)        0.686     1.906    i_vrf/FSM_onehot_st_q_reg[6]_72[2]
                         LUT5 (Prop_lut5_I2_O)        0.232     2.138 f  i_vrf/FSM_onehot_st_q[6]_i_2/O
                         net (fo=8, unplaced)         0.976     3.114    i_vrf/FSM_onehot_st_q_reg[7]_rep__4
                         LUT6 (Prop_lut6_I1_O)        0.105     3.219 r  i_vrf/vrf_b3_reg_r2_0_63_0_2_i_12/O
                         net (fo=4, unplaced)         0.371     3.590    i_vrf/vrf_b3_reg_r2_0_63_0_2_i_12_n_0
                         LUT5 (Prop_lut5_I0_O)        0.105     3.695 r  i_vrf/vrf_b0_reg_r2_0_63_0_2_i_5/O
                         net (fo=65, unplaced)        1.027     4.722    i_vrf/vrf_b0_reg_r2_0_63_27_29/ADDRA1
                         RAMD64E (Prop_ramd64e_RADR1_O)
                                                      0.105     4.827 r  i_vrf/vrf_b0_reg_r2_0_63_27_29/RAMA/O
                         net (fo=1, unplaced)         0.938     5.765    i_vrf/vrf_b0_reg_r2_0_63_27_29_n_0
                         LUT5 (Prop_lut5_I4_O)        0.105     5.870 r  i_vrf/bank_ra_data_o[0][27]_i_1/O
                         net (fo=1, unplaced)         0.000     5.870    i_vrf/bank_ra_data_o[0][27]_i_1_n_0
                         FDCE                                         r  i_vrf/bank_ra_data_o_reg[0][27]/D
  -------------------------------------------------------------------    -------------------

                         (clock clk_i rise edge)      6.667     6.667 r  
                                                      0.000     6.667 r  clk_i (IN)
                         net (fo=2875, unset)         0.748     7.415    i_vrf/clk_i
                         FDCE                                         r  i_vrf/bank_ra_data_o_reg[0][27]/C
                         clock pessimism              0.000     7.415    
                         clock uncertainty           -0.035     7.379    
                         FDCE (Setup_fdce_C_D)        0.072     7.451    i_vrf/bank_ra_data_o_reg[0][27]
  -------------------------------------------------------------------
                         required time                          7.451    
                         arrival time                          -5.870    
  -------------------------------------------------------------------
                         slack                                  1.581    




