Copyright 1986-2022 Xilinx, Inc. All Rights Reserved. Copyright 2022-2024 Advanced Micro Devices, Inc. All Rights Reserved.
------------------------------------------------------------------------------------------------------------------------------------------------------------------------------------------------------------------------------------------------------------------------------------------------------------------------------------------------------------
| Tool Version : Vivado v.2024.2 (win64) Build 5239630 Fri Nov 08 22:35:27 MST 2024
| Date         : Sat Jun  6 17:16:26 2026
| Host         : WIN-20240824NZS running 64-bit major release  (build 9200)
| Command      : report_timing -delay_type max -sort_by slack -max_paths 20 -nworst 1 -from [get_pins -quiet -of_objects {i_vrf/lane_result_q[3][62]_i_6/I4} -filter {DIRECTION == OUT}] -to {i_vrf/lane_result_q[3][62]_i_6/I4} -file E:/HDEC/cva6-vhdc-core/reports/vivado/ooc_hdec_timing_atlas_e0925738/150mhz/groups/08_fast_path_to_result_or_vrf.rpt
| Design       : hdec_top
| Device       : 7z020-clg400
| Speed File   : -2  PRODUCTION 1.12 2019-11-22
| Design State : Synthesized
------------------------------------------------------------------------------------------------------------------------------------------------------------------------------------------------------------------------------------------------------------------------------------------------------------------------------------------------------------

Timing Report

Slack (MET) :             1.575ns  (required time - arrival time)
  Source:                 op_q_reg[1]/C
                            (rising edge-triggered cell FDCE clocked by clk_i  {rise@0.000ns fall@3.333ns period=6.667ns})
  Destination:            i_vrf/vrf_b3_reg_r1_0_63_63_63/DP/I
                            (rising edge-triggered cell RAMD64E clocked by clk_i  {rise@0.000ns fall@3.333ns period=6.667ns})
  Path Group:             clk_i
  Path Type:              Setup (Max at Slow Process Corner)
  Requirement:            6.667ns  (clk_i rise@6.667ns - clk_i rise@0.000ns)
  Data Path Delay:        4.742ns  (logic 1.085ns (22.881%)  route 3.657ns (77.119%))
  Logic Levels:           5  (LUT3=2 LUT5=1 LUT6=1 RAMD64E=1)
  Clock Path Skew:        -0.039ns (DCD - SCD + CPR)
    Destination Clock Delay (DCD):    0.748ns = ( 7.415 - 6.667 ) 
    Source Clock Delay      (SCD):    0.787ns
    Clock Pessimism Removal (CPR):    0.000ns
  Clock Uncertainty:      0.035ns  ((TSJ^2 + TIJ^2)^1/2 + DJ) / 2 + PE
    Total System Jitter     (TSJ):    0.071ns
    Total Input Jitter      (TIJ):    0.000ns
    Discrete Jitter          (DJ):    0.000ns
    Phase Error              (PE):    0.000ns

    Location             Delay type                Incr(ns)  Path(ns)    Netlist Resource(s)
  -------------------------------------------------------------------    -------------------
                         (clock clk_i rise edge)      0.000     0.000 r  
                                                      0.000     0.000 r  clk_i (IN)
                         net (fo=2875, unset)         0.787     0.787    clk_i
                         FDCE                                         r  op_q_reg[1]/C
  -------------------------------------------------------------------    -------------------
                         FDCE (Prop_fdce_C_Q)         0.433     1.220 f  op_q_reg[1]/Q
                         net (fo=47, unplaced)        0.738     1.958    i_vrf/res_q_reg[0][1]
                         LUT5 (Prop_lut5_I0_O)        0.232     2.190 f  i_vrf/vrf_b1_reg_r1_0_63_0_2_i_20/O
                         net (fo=10, unplaced)        0.390     2.580    i_vrf/vrf_b1_reg_r1_0_63_0_2_i_20_n_0
                         LUT3 (Prop_lut3_I2_O)        0.105     2.685 r  i_vrf/vrf_b3_reg_r1_0_63_0_2_i_21/O
                         net (fo=71, unplaced)        0.438     3.123    i_vrf/vrf_b3_reg_r1_0_63_0_2_i_21_n_0
                         LUT3 (Prop_lut3_I1_O)        0.105     3.228 r  i_vrf/vrf_b3_reg_r1_0_63_0_2_i_8/O
                         net (fo=66, unplaced)        1.027     4.255    i_vrf/vrf_b3_reg_r1_0_63_63_63/DPRA1
                         RAMD64E (Prop_ramd64e_RADR1_O)
                                                      0.105     4.360 r  i_vrf/vrf_b3_reg_r1_0_63_63_63/DP/O
                         net (fo=1, unplaced)         0.782     5.142    i_vrf/vrf_b3_reg_r1_0_63_63_63_n_0
                         LUT6 (Prop_lut6_I0_O)        0.105     5.247 r  i_vrf/vrf_b3_reg_r1_0_63_63_63_i_1/O
                         net (fo=4, unplaced)         0.282     5.529    i_vrf/vrf_b3_reg_r1_0_63_63_63/D
                         RAMD64E                                      r  i_vrf/vrf_b3_reg_r1_0_63_63_63/DP/I
  -------------------------------------------------------------------    -------------------

                         (clock clk_i rise edge)      6.667     6.667 r  
                                                      0.000     6.667 r  clk_i (IN)
                         net (fo=2875, unset)         0.748     7.415    i_vrf/vrf_b3_reg_r1_0_63_63_63/WCLK
                         RAMD64E                                      r  i_vrf/vrf_b3_reg_r1_0_63_63_63/DP/CLK
                         clock pessimism              0.000     7.415    
                         clock uncertainty           -0.035     7.379    
                         RAMD64E (Setup_ramd64e_CLK_I)
                                                     -0.275     7.104    i_vrf/vrf_b3_reg_r1_0_63_63_63/DP
  -------------------------------------------------------------------
                         required time                          7.104    
                         arrival time                          -5.529    
  -------------------------------------------------------------------
                         slack                                  1.575    

Slack (MET) :             1.575ns  (required time - arrival time)
  Source:                 op_q_reg[1]/C
                            (rising edge-triggered cell FDCE clocked by clk_i  {rise@0.000ns fall@3.333ns period=6.667ns})
  Destination:            i_vrf/vrf_b3_reg_r2_0_63_63_63/DP/I
                            (rising edge-triggered cell RAMD64E clocked by clk_i  {rise@0.000ns fall@3.333ns period=6.667ns})
  Path Group:             clk_i
  Path Type:              Setup (Max at Slow Process Corner)
  Requirement:            6.667ns  (clk_i rise@6.667ns - clk_i rise@0.000ns)
  Data Path Delay:        4.742ns  (logic 1.085ns (22.881%)  route 3.657ns (77.119%))
  Logic Levels:           5  (LUT3=2 LUT5=1 LUT6=1 RAMD64E=1)
  Clock Path Skew:        -0.039ns (DCD - SCD + CPR)
    Destination Clock Delay (DCD):    0.748ns = ( 7.415 - 6.667 ) 
    Source Clock Delay      (SCD):    0.787ns
    Clock Pessimism Removal (CPR):    0.000ns
  Clock Uncertainty:      0.035ns  ((TSJ^2 + TIJ^2)^1/2 + DJ) / 2 + PE
    Total System Jitter     (TSJ):    0.071ns
    Total Input Jitter      (TIJ):    0.000ns
    Discrete Jitter          (DJ):    0.000ns
    Phase Error              (PE):    0.000ns

    Location             Delay type                Incr(ns)  Path(ns)    Netlist Resource(s)
  -------------------------------------------------------------------    -------------------
                         (clock clk_i rise edge)      0.000     0.000 r  
                                                      0.000     0.000 r  clk_i (IN)
                         net (fo=2875, unset)         0.787     0.787    clk_i
                         FDCE                                         r  op_q_reg[1]/C
  -------------------------------------------------------------------    -------------------
                         FDCE (Prop_fdce_C_Q)         0.433     1.220 f  op_q_reg[1]/Q
                         net (fo=47, unplaced)        0.738     1.958    i_vrf/res_q_reg[0][1]
                         LUT5 (Prop_lut5_I0_O)        0.232     2.190 f  i_vrf/vrf_b1_reg_r1_0_63_0_2_i_20/O
                         net (fo=10, unplaced)        0.390     2.580    i_vrf/vrf_b1_reg_r1_0_63_0_2_i_20_n_0
                         LUT3 (Prop_lut3_I2_O)        0.105     2.685 r  i_vrf/vrf_b3_reg_r1_0_63_0_2_i_21/O
                         net (fo=71, unplaced)        0.438     3.123    i_vrf/vrf_b3_reg_r1_0_63_0_2_i_21_n_0
                         LUT3 (Prop_lut3_I1_O)        0.105     3.228 r  i_vrf/vrf_b3_reg_r1_0_63_0_2_i_8/O
                         net (fo=66, unplaced)        1.027     4.255    i_vrf/vrf_b3_reg_r1_0_63_63_63/DPRA1
                         RAMD64E (Prop_ramd64e_RADR1_O)
                                                      0.105     4.360 r  i_vrf/vrf_b3_reg_r1_0_63_63_63/DP/O
                         net (fo=1, unplaced)         0.782     5.142    i_vrf/vrf_b3_reg_r1_0_63_63_63_n_0
                         LUT6 (Prop_lut6_I0_O)        0.105     5.247 r  i_vrf/vrf_b3_reg_r1_0_63_63_63_i_1/O
                         net (fo=4, unplaced)         0.282     5.529    i_vrf/vrf_b3_reg_r2_0_63_63_63/D
                         RAMD64E                                      r  i_vrf/vrf_b3_reg_r2_0_63_63_63/DP/I
  -------------------------------------------------------------------    -------------------

                         (clock clk_i rise edge)      6.667     6.667 r  
                                                      0.000     6.667 r  clk_i (IN)
                         net (fo=2875, unset)         0.748     7.415    i_vrf/vrf_b3_reg_r2_0_63_63_63/WCLK
                         RAMD64E                                      r  i_vrf/vrf_b3_reg_r2_0_63_63_63/DP/CLK
                         clock pessimism              0.000     7.415    
                         clock uncertainty           -0.035     7.379    
                         RAMD64E (Setup_ramd64e_CLK_I)
                                                     -0.275     7.104    i_vrf/vrf_b3_reg_r2_0_63_63_63/DP
  -------------------------------------------------------------------
                         required time                          7.104    
                         arrival time                          -5.529    
  -------------------------------------------------------------------
                         slack                                  1.575    

Slack (MET) :             1.578ns  (required time - arrival time)
  Source:                 op_q_reg[1]/C
                            (rising edge-triggered cell FDCE clocked by clk_i  {rise@0.000ns fall@3.333ns period=6.667ns})
  Destination:            i_vrf/vrf_b0_reg_r1_0_63_63_63/DP/I
                            (rising edge-triggered cell RAMD64E clocked by clk_i  {rise@0.000ns fall@3.333ns period=6.667ns})
  Path Group:             clk_i
  Path Type:              Setup (Max at Slow Process Corner)
  Requirement:            6.667ns  (clk_i rise@6.667ns - clk_i rise@0.000ns)
  Data Path Delay:        4.739ns  (logic 1.085ns (22.895%)  route 3.654ns (77.105%))
  Logic Levels:           5  (LUT3=2 LUT5=1 LUT6=1 RAMD64E=1)
  Clock Path Skew:        -0.039ns (DCD - SCD + CPR)
    Destination Clock Delay (DCD):    0.748ns = ( 7.415 - 6.667 ) 
    Source Clock Delay      (SCD):    0.787ns
    Clock Pessimism Removal (CPR):    0.000ns
  Clock Uncertainty:      0.035ns  ((TSJ^2 + TIJ^2)^1/2 + DJ) / 2 + PE
    Total System Jitter     (TSJ):    0.071ns
    Total Input Jitter      (TIJ):    0.000ns
    Discrete Jitter          (DJ):    0.000ns
    Phase Error              (PE):    0.000ns

    Location             Delay type                Incr(ns)  Path(ns)    Netlist Resource(s)
  -------------------------------------------------------------------    -------------------
                         (clock clk_i rise edge)      0.000     0.000 r  
                                                      0.000     0.000 r  clk_i (IN)
                         net (fo=2875, unset)         0.787     0.787    clk_i
                         FDCE                                         r  op_q_reg[1]/C
  -------------------------------------------------------------------    -------------------
                         FDCE (Prop_fdce_C_Q)         0.433     1.220 f  op_q_reg[1]/Q
                         net (fo=47, unplaced)        0.738     1.958    i_vrf/res_q_reg[0][1]
                         LUT5 (Prop_lut5_I0_O)        0.232     2.190 f  i_vrf/vrf_b1_reg_r1_0_63_0_2_i_20/O
                         net (fo=10, unplaced)        0.390     2.580    i_vrf/vrf_b1_reg_r1_0_63_0_2_i_20_n_0
                         LUT3 (Prop_lut3_I2_O)        0.105     2.685 r  i_vrf/vrf_b0_reg_r1_0_63_0_2_i_20/O
                         net (fo=62, unplaced)        0.435     3.120    i_vrf/vrf_b0_reg_r1_0_63_0_2_i_20_n_0
                         LUT3 (Prop_lut3_I1_O)        0.105     3.225 r  i_vrf/vrf_b0_reg_r1_0_63_0_2_i_8/O
                         net (fo=66, unplaced)        1.027     4.252    i_vrf/vrf_b0_reg_r1_0_63_63_63/DPRA1
                         RAMD64E (Prop_ramd64e_RADR1_O)
                                                      0.105     4.357 r  i_vrf/vrf_b0_reg_r1_0_63_63_63/DP/O
                         net (fo=1, unplaced)         0.782     5.139    i_vrf/vrf_b0_reg_r1_0_63_63_63_n_0
                         LUT6 (Prop_lut6_I0_O)        0.105     5.244 r  i_vrf/vrf_b0_reg_r1_0_63_63_63_i_1/O
                         net (fo=4, unplaced)         0.282     5.526    i_vrf/vrf_b0_reg_r1_0_63_63_63/D
                         RAMD64E                                      r  i_vrf/vrf_b0_reg_r1_0_63_63_63/DP/I
  -------------------------------------------------------------------    -------------------

                         (clock clk_i rise edge)      6.667     6.667 r  
                                                      0.000     6.667 r  clk_i (IN)
                         net (fo=2875, unset)         0.748     7.415    i_vrf/vrf_b0_reg_r1_0_63_63_63/WCLK
                         RAMD64E                                      r  i_vrf/vrf_b0_reg_r1_0_63_63_63/DP/CLK
                         clock pessimism              0.000     7.415    
                         clock uncertainty           -0.035     7.379    
                         RAMD64E (Setup_ramd64e_CLK_I)
                                                     -0.275     7.104    i_vrf/vrf_b0_reg_r1_0_63_63_63/DP
  -------------------------------------------------------------------
                         required time                          7.104    
                         arrival time                          -5.526    
  -------------------------------------------------------------------
                         slack                                  1.578    

Slack (MET) :             1.578ns  (required time - arrival time)
  Source:                 op_q_reg[1]/C
                            (rising edge-triggered cell FDCE clocked by clk_i  {rise@0.000ns fall@3.333ns period=6.667ns})
  Destination:            i_vrf/vrf_b0_reg_r2_0_63_63_63/DP/I
                            (rising edge-triggered cell RAMD64E clocked by clk_i  {rise@0.000ns fall@3.333ns period=6.667ns})
  Path Group:             clk_i
  Path Type:              Setup (Max at Slow Process Corner)
  Requirement:            6.667ns  (clk_i rise@6.667ns - clk_i rise@0.000ns)
  Data Path Delay:        4.739ns  (logic 1.085ns (22.895%)  route 3.654ns (77.105%))
  Logic Levels:           5  (LUT3=2 LUT5=1 LUT6=1 RAMD64E=1)
  Clock Path Skew:        -0.039ns (DCD - SCD + CPR)
    Destination Clock Delay (DCD):    0.748ns = ( 7.415 - 6.667 ) 
    Source Clock Delay      (SCD):    0.787ns
    Clock Pessimism Removal (CPR):    0.000ns
  Clock Uncertainty:      0.035ns  ((TSJ^2 + TIJ^2)^1/2 + DJ) / 2 + PE
    Total System Jitter     (TSJ):    0.071ns
    Total Input Jitter      (TIJ):    0.000ns
    Discrete Jitter          (DJ):    0.000ns
    Phase Error              (PE):    0.000ns

    Location             Delay type                Incr(ns)  Path(ns)    Netlist Resource(s)
  -------------------------------------------------------------------    -------------------
                         (clock clk_i rise edge)      0.000     0.000 r  
                                                      0.000     0.000 r  clk_i (IN)
                         net (fo=2875, unset)         0.787     0.787    clk_i
                         FDCE                                         r  op_q_reg[1]/C
  -------------------------------------------------------------------    -------------------
                         FDCE (Prop_fdce_C_Q)         0.433     1.220 f  op_q_reg[1]/Q
                         net (fo=47, unplaced)        0.738     1.958    i_vrf/res_q_reg[0][1]
                         LUT5 (Prop_lut5_I0_O)        0.232     2.190 f  i_vrf/vrf_b1_reg_r1_0_63_0_2_i_20/O
                         net (fo=10, unplaced)        0.390     2.580    i_vrf/vrf_b1_reg_r1_0_63_0_2_i_20_n_0
                         LUT3 (Prop_lut3_I2_O)        0.105     2.685 r  i_vrf/vrf_b0_reg_r1_0_63_0_2_i_20/O
                         net (fo=62, unplaced)        0.435     3.120    i_vrf/vrf_b0_reg_r1_0_63_0_2_i_20_n_0
                         LUT3 (Prop_lut3_I1_O)        0.105     3.225 r  i_vrf/vrf_b0_reg_r1_0_63_0_2_i_8/O
                         net (fo=66, unplaced)        1.027     4.252    i_vrf/vrf_b0_reg_r1_0_63_63_63/DPRA1
                         RAMD64E (Prop_ramd64e_RADR1_O)
                                                      0.105     4.357 r  i_vrf/vrf_b0_reg_r1_0_63_63_63/DP/O
                         net (fo=1, unplaced)         0.782     5.139    i_vrf/vrf_b0_reg_r1_0_63_63_63_n_0
                         LUT6 (Prop_lut6_I0_O)        0.105     5.244 r  i_vrf/vrf_b0_reg_r1_0_63_63_63_i_1/O
                         net (fo=4, unplaced)         0.282     5.526    i_vrf/vrf_b0_reg_r2_0_63_63_63/D
                         RAMD64E                                      r  i_vrf/vrf_b0_reg_r2_0_63_63_63/DP/I
  -------------------------------------------------------------------    -------------------

                         (clock clk_i rise edge)      6.667     6.667 r  
                                                      0.000     6.667 r  clk_i (IN)
                         net (fo=2875, unset)         0.748     7.415    i_vrf/vrf_b0_reg_r2_0_63_63_63/WCLK
                         RAMD64E                                      r  i_vrf/vrf_b0_reg_r2_0_63_63_63/DP/CLK
                         clock pessimism              0.000     7.415    
                         clock uncertainty           -0.035     7.379    
                         RAMD64E (Setup_ramd64e_CLK_I)
                                                     -0.275     7.104    i_vrf/vrf_b0_reg_r2_0_63_63_63/DP
  -------------------------------------------------------------------
                         required time                          7.104    
                         arrival time                          -5.526    
  -------------------------------------------------------------------
                         slack                                  1.578    

Slack (MET) :             1.578ns  (required time - arrival time)
  Source:                 op_q_reg[1]/C
                            (rising edge-triggered cell FDCE clocked by clk_i  {rise@0.000ns fall@3.333ns period=6.667ns})
  Destination:            i_vrf/vrf_b2_reg_r1_0_63_63_63/DP/I
                            (rising edge-triggered cell RAMD64E clocked by clk_i  {rise@0.000ns fall@3.333ns period=6.667ns})
  Path Group:             clk_i
  Path Type:              Setup (Max at Slow Process Corner)
  Requirement:            6.667ns  (clk_i rise@6.667ns - clk_i rise@0.000ns)
  Data Path Delay:        4.739ns  (logic 1.085ns (22.895%)  route 3.654ns (77.105%))
  Logic Levels:           5  (LUT3=2 LUT5=1 LUT6=1 RAMD64E=1)
  Clock Path Skew:        -0.039ns (DCD - SCD + CPR)
    Destination Clock Delay (DCD):    0.748ns = ( 7.415 - 6.667 ) 
    Source Clock Delay      (SCD):    0.787ns
    Clock Pessimism Removal (CPR):    0.000ns
  Clock Uncertainty:      0.035ns  ((TSJ^2 + TIJ^2)^1/2 + DJ) / 2 + PE
    Total System Jitter     (TSJ):    0.071ns
    Total Input Jitter      (TIJ):    0.000ns
    Discrete Jitter          (DJ):    0.000ns
    Phase Error              (PE):    0.000ns

    Location             Delay type                Incr(ns)  Path(ns)    Netlist Resource(s)
  -------------------------------------------------------------------    -------------------
                         (clock clk_i rise edge)      0.000     0.000 r  
                                                      0.000     0.000 r  clk_i (IN)
                         net (fo=2875, unset)         0.787     0.787    clk_i
                         FDCE                                         r  op_q_reg[1]/C
  -------------------------------------------------------------------    -------------------
                         FDCE (Prop_fdce_C_Q)         0.433     1.220 f  op_q_reg[1]/Q
                         net (fo=47, unplaced)        0.738     1.958    i_vrf/res_q_reg[0][1]
                         LUT5 (Prop_lut5_I0_O)        0.232     2.190 f  i_vrf/vrf_b1_reg_r1_0_63_0_2_i_20/O
                         net (fo=10, unplaced)        0.390     2.580    i_vrf/vrf_b1_reg_r1_0_63_0_2_i_20_n_0
                         LUT3 (Prop_lut3_I2_O)        0.105     2.685 r  i_vrf/vrf_b2_reg_r1_0_63_0_2_i_20/O
                         net (fo=62, unplaced)        0.435     3.120    i_vrf/vrf_b2_reg_r1_0_63_0_2_i_20_n_0
                         LUT3 (Prop_lut3_I1_O)        0.105     3.225 r  i_vrf/vrf_b2_reg_r1_0_63_0_2_i_8/O
                         net (fo=66, unplaced)        1.027     4.252    i_vrf/vrf_b2_reg_r1_0_63_63_63/DPRA1
                         RAMD64E (Prop_ramd64e_RADR1_O)
                                                      0.105     4.357 r  i_vrf/vrf_b2_reg_r1_0_63_63_63/DP/O
                         net (fo=1, unplaced)         0.782     5.139    i_vrf/vrf_b2_reg_r1_0_63_63_63_n_0
                         LUT6 (Prop_lut6_I0_O)        0.105     5.244 r  i_vrf/vrf_b2_reg_r1_0_63_63_63_i_1/O
                         net (fo=4, unplaced)         0.282     5.526    i_vrf/vrf_b2_reg_r1_0_63_63_63/D
                         RAMD64E                                      r  i_vrf/vrf_b2_reg_r1_0_63_63_63/DP/I
  -------------------------------------------------------------------    -------------------

                         (clock clk_i rise edge)      6.667     6.667 r  
                                                      0.000     6.667 r  clk_i (IN)
                         net (fo=2875, unset)         0.748     7.415    i_vrf/vrf_b2_reg_r1_0_63_63_63/WCLK
                         RAMD64E                                      r  i_vrf/vrf_b2_reg_r1_0_63_63_63/DP/CLK
                         clock pessimism              0.000     7.415    
                         clock uncertainty           -0.035     7.379    
                         RAMD64E (Setup_ramd64e_CLK_I)
                                                     -0.275     7.104    i_vrf/vrf_b2_reg_r1_0_63_63_63/DP
  -------------------------------------------------------------------
                         required time                          7.104    
                         arrival time                          -5.526    
  -------------------------------------------------------------------
                         slack                                  1.578    

Slack (MET) :             1.578ns  (required time - arrival time)
  Source:                 op_q_reg[1]/C
                            (rising edge-triggered cell FDCE clocked by clk_i  {rise@0.000ns fall@3.333ns period=6.667ns})
  Destination:            i_vrf/vrf_b2_reg_r2_0_63_63_63/DP/I
                            (rising edge-triggered cell RAMD64E clocked by clk_i  {rise@0.000ns fall@3.333ns period=6.667ns})
  Path Group:             clk_i
  Path Type:              Setup (Max at Slow Process Corner)
  Requirement:            6.667ns  (clk_i rise@6.667ns - clk_i rise@0.000ns)
  Data Path Delay:        4.739ns  (logic 1.085ns (22.895%)  route 3.654ns (77.105%))
  Logic Levels:           5  (LUT3=2 LUT5=1 LUT6=1 RAMD64E=1)
  Clock Path Skew:        -0.039ns (DCD - SCD + CPR)
    Destination Clock Delay (DCD):    0.748ns = ( 7.415 - 6.667 ) 
    Source Clock Delay      (SCD):    0.787ns
    Clock Pessimism Removal (CPR):    0.000ns
  Clock Uncertainty:      0.035ns  ((TSJ^2 + TIJ^2)^1/2 + DJ) / 2 + PE
    Total System Jitter     (TSJ):    0.071ns
    Total Input Jitter      (TIJ):    0.000ns
    Discrete Jitter          (DJ):    0.000ns
    Phase Error              (PE):    0.000ns

    Location             Delay type                Incr(ns)  Path(ns)    Netlist Resource(s)
  -------------------------------------------------------------------    -------------------
                         (clock clk_i rise edge)      0.000     0.000 r  
                                                      0.000     0.000 r  clk_i (IN)
                         net (fo=2875, unset)         0.787     0.787    clk_i
                         FDCE                                         r  op_q_reg[1]/C
  -------------------------------------------------------------------    -------------------
                         FDCE (Prop_fdce_C_Q)         0.433     1.220 f  op_q_reg[1]/Q
                         net (fo=47, unplaced)        0.738     1.958    i_vrf/res_q_reg[0][1]
                         LUT5 (Prop_lut5_I0_O)        0.232     2.190 f  i_vrf/vrf_b1_reg_r1_0_63_0_2_i_20/O
                         net (fo=10, unplaced)        0.390     2.580    i_vrf/vrf_b1_reg_r1_0_63_0_2_i_20_n_0
                         LUT3 (Prop_lut3_I2_O)        0.105     2.685 r  i_vrf/vrf_b2_reg_r1_0_63_0_2_i_20/O
                         net (fo=62, unplaced)        0.435     3.120    i_vrf/vrf_b2_reg_r1_0_63_0_2_i_20_n_0
                         LUT3 (Prop_lut3_I1_O)        0.105     3.225 r  i_vrf/vrf_b2_reg_r1_0_63_0_2_i_8/O
                         net (fo=66, unplaced)        1.027     4.252    i_vrf/vrf_b2_reg_r1_0_63_63_63/DPRA1
                         RAMD64E (Prop_ramd64e_RADR1_O)
                                                      0.105     4.357 r  i_vrf/vrf_b2_reg_r1_0_63_63_63/DP/O
                         net (fo=1, unplaced)         0.782     5.139    i_vrf/vrf_b2_reg_r1_0_63_63_63_n_0
                         LUT6 (Prop_lut6_I0_O)        0.105     5.244 r  i_vrf/vrf_b2_reg_r1_0_63_63_63_i_1/O
                         net (fo=4, unplaced)         0.282     5.526    i_vrf/vrf_b2_reg_r2_0_63_63_63/D
                         RAMD64E                                      r  i_vrf/vrf_b2_reg_r2_0_63_63_63/DP/I
  -------------------------------------------------------------------    -------------------

                         (clock clk_i rise edge)      6.667     6.667 r  
                                                      0.000     6.667 r  clk_i (IN)
                         net (fo=2875, unset)         0.748     7.415    i_vrf/vrf_b2_reg_r2_0_63_63_63/WCLK
                         RAMD64E                                      r  i_vrf/vrf_b2_reg_r2_0_63_63_63/DP/CLK
                         clock pessimism              0.000     7.415    
                         clock uncertainty           -0.035     7.379    
                         RAMD64E (Setup_ramd64e_CLK_I)
                                                     -0.275     7.104    i_vrf/vrf_b2_reg_r2_0_63_63_63/DP
  -------------------------------------------------------------------
                         required time                          7.104    
                         arrival time                          -5.526    
  -------------------------------------------------------------------
                         slack                                  1.578    

Slack (MET) :             1.584ns  (required time - arrival time)
  Source:                 op_q_reg[1]/C
                            (rising edge-triggered cell FDCE clocked by clk_i  {rise@0.000ns fall@3.333ns period=6.667ns})
  Destination:            i_vrf/vrf_b3_reg_r1_0_63_0_2/RAMB/I
                            (rising edge-triggered cell RAMD64E clocked by clk_i  {rise@0.000ns fall@3.333ns period=6.667ns})
  Path Group:             clk_i
  Path Type:              Setup (Max at Slow Process Corner)
  Requirement:            6.667ns  (clk_i rise@6.667ns - clk_i rise@0.000ns)
  Data Path Delay:        4.729ns  (logic 1.085ns (22.944%)  route 3.644ns (77.056%))
  Logic Levels:           5  (LUT3=2 LUT5=1 LUT6=1 RAMD64E=1)
  Clock Path Skew:        -0.039ns (DCD - SCD + CPR)
    Destination Clock Delay (DCD):    0.748ns = ( 7.415 - 6.667 ) 
    Source Clock Delay      (SCD):    0.787ns
    Clock Pessimism Removal (CPR):    0.000ns
  Clock Uncertainty:      0.035ns  ((TSJ^2 + TIJ^2)^1/2 + DJ) / 2 + PE
    Total System Jitter     (TSJ):    0.071ns
    Total Input Jitter      (TIJ):    0.000ns
    Discrete Jitter          (DJ):    0.000ns
    Phase Error              (PE):    0.000ns

    Location             Delay type                Incr(ns)  Path(ns)    Netlist Resource(s)
  -------------------------------------------------------------------    -------------------
                         (clock clk_i rise edge)      0.000     0.000 r  
                                                      0.000     0.000 r  clk_i (IN)
                         net (fo=2875, unset)         0.787     0.787    clk_i
                         FDCE                                         r  op_q_reg[1]/C
  -------------------------------------------------------------------    -------------------
                         FDCE (Prop_fdce_C_Q)         0.433     1.220 f  op_q_reg[1]/Q
                         net (fo=47, unplaced)        0.738     1.958    i_vrf/res_q_reg[0][1]
                         LUT5 (Prop_lut5_I0_O)        0.232     2.190 f  i_vrf/vrf_b1_reg_r1_0_63_0_2_i_20/O
                         net (fo=10, unplaced)        0.390     2.580    i_vrf/vrf_b1_reg_r1_0_63_0_2_i_20_n_0
                         LUT3 (Prop_lut3_I2_O)        0.105     2.685 r  i_vrf/vrf_b3_reg_r1_0_63_0_2_i_21/O
                         net (fo=71, unplaced)        0.438     3.123    i_vrf/vrf_b3_reg_r1_0_63_0_2_i_21_n_0
                         LUT3 (Prop_lut3_I1_O)        0.105     3.228 r  i_vrf/vrf_b3_reg_r1_0_63_0_2_i_8/O
                         net (fo=66, unplaced)        1.027     4.255    i_vrf/vrf_b3_reg_r1_0_63_0_2/ADDRB1
                         RAMD64E (Prop_ramd64e_RADR1_O)
                                                      0.105     4.360 r  i_vrf/vrf_b3_reg_r1_0_63_0_2/RAMB/O
                         net (fo=1, unplaced)         0.782     5.142    i_vrf/vrf_b3_reg_r1_0_63_0_2_n_1
                         LUT6 (Prop_lut6_I0_O)        0.105     5.247 r  i_vrf/vrf_b3_reg_r1_0_63_0_2_i_2/O
                         net (fo=2, unplaced)         0.269     5.516    i_vrf/vrf_b3_reg_r1_0_63_0_2/DIB
                         RAMD64E                                      r  i_vrf/vrf_b3_reg_r1_0_63_0_2/RAMB/I
  -------------------------------------------------------------------    -------------------

                         (clock clk_i rise edge)      6.667     6.667 r  
                                                      0.000     6.667 r  clk_i (IN)
                         net (fo=2875, unset)         0.748     7.415    i_vrf/vrf_b3_reg_r1_0_63_0_2/WCLK
                         RAMD64E                                      r  i_vrf/vrf_b3_reg_r1_0_63_0_2/RAMB/CLK
                         clock pessimism              0.000     7.415    
                         clock uncertainty           -0.035     7.379    
                         RAMD64E (Setup_ramd64e_CLK_I)
                                                     -0.279     7.100    i_vrf/vrf_b3_reg_r1_0_63_0_2/RAMB
  -------------------------------------------------------------------
                         required time                          7.100    
                         arrival time                          -5.516    
  -------------------------------------------------------------------
                         slack                                  1.584    

Slack (MET) :             1.584ns  (required time - arrival time)
  Source:                 op_q_reg[1]/C
                            (rising edge-triggered cell FDCE clocked by clk_i  {rise@0.000ns fall@3.333ns period=6.667ns})
  Destination:            i_vrf/vrf_b3_reg_r1_0_63_12_14/RAMB/I
                            (rising edge-triggered cell RAMD64E clocked by clk_i  {rise@0.000ns fall@3.333ns period=6.667ns})
  Path Group:             clk_i
  Path Type:              Setup (Max at Slow Process Corner)
  Requirement:            6.667ns  (clk_i rise@6.667ns - clk_i rise@0.000ns)
  Data Path Delay:        4.729ns  (logic 1.085ns (22.944%)  route 3.644ns (77.056%))
  Logic Levels:           5  (LUT3=2 LUT5=1 LUT6=1 RAMD64E=1)
  Clock Path Skew:        -0.039ns (DCD - SCD + CPR)
    Destination Clock Delay (DCD):    0.748ns = ( 7.415 - 6.667 ) 
    Source Clock Delay      (SCD):    0.787ns
    Clock Pessimism Removal (CPR):    0.000ns
  Clock Uncertainty:      0.035ns  ((TSJ^2 + TIJ^2)^1/2 + DJ) / 2 + PE
    Total System Jitter     (TSJ):    0.071ns
    Total Input Jitter      (TIJ):    0.000ns
    Discrete Jitter          (DJ):    0.000ns
    Phase Error              (PE):    0.000ns

    Location             Delay type                Incr(ns)  Path(ns)    Netlist Resource(s)
  -------------------------------------------------------------------    -------------------
                         (clock clk_i rise edge)      0.000     0.000 r  
                                                      0.000     0.000 r  clk_i (IN)
                         net (fo=2875, unset)         0.787     0.787    clk_i
                         FDCE                                         r  op_q_reg[1]/C
  -------------------------------------------------------------------    -------------------
                         FDCE (Prop_fdce_C_Q)         0.433     1.220 f  op_q_reg[1]/Q
                         net (fo=47, unplaced)        0.738     1.958    i_vrf/res_q_reg[0][1]
                         LUT5 (Prop_lut5_I0_O)        0.232     2.190 f  i_vrf/vrf_b1_reg_r1_0_63_0_2_i_20/O
                         net (fo=10, unplaced)        0.390     2.580    i_vrf/vrf_b1_reg_r1_0_63_0_2_i_20_n_0
                         LUT3 (Prop_lut3_I2_O)        0.105     2.685 r  i_vrf/vrf_b3_reg_r1_0_63_0_2_i_21/O
                         net (fo=71, unplaced)        0.438     3.123    i_vrf/vrf_b3_reg_r1_0_63_0_2_i_21_n_0
                         LUT3 (Prop_lut3_I1_O)        0.105     3.228 r  i_vrf/vrf_b3_reg_r1_0_63_0_2_i_8/O
                         net (fo=66, unplaced)        1.027     4.255    i_vrf/vrf_b3_reg_r1_0_63_12_14/ADDRB1
                         RAMD64E (Prop_ramd64e_RADR1_O)
                                                      0.105     4.360 r  i_vrf/vrf_b3_reg_r1_0_63_12_14/RAMB/O
                         net (fo=1, unplaced)         0.782     5.142    i_vrf/vrf_b3_reg_r1_0_63_12_14_n_1
                         LUT6 (Prop_lut6_I0_O)        0.105     5.247 r  i_vrf/vrf_b3_reg_r1_0_63_12_14_i_2/O
                         net (fo=2, unplaced)         0.269     5.516    i_vrf/vrf_b3_reg_r1_0_63_12_14/DIB
                         RAMD64E                                      r  i_vrf/vrf_b3_reg_r1_0_63_12_14/RAMB/I
  -------------------------------------------------------------------    -------------------

                         (clock clk_i rise edge)      6.667     6.667 r  
                                                      0.000     6.667 r  clk_i (IN)
                         net (fo=2875, unset)         0.748     7.415    i_vrf/vrf_b3_reg_r1_0_63_12_14/WCLK
                         RAMD64E                                      r  i_vrf/vrf_b3_reg_r1_0_63_12_14/RAMB/CLK
                         clock pessimism              0.000     7.415    
                         clock uncertainty           -0.035     7.379    
                         RAMD64E (Setup_ramd64e_CLK_I)
                                                     -0.279     7.100    i_vrf/vrf_b3_reg_r1_0_63_12_14/RAMB
  -------------------------------------------------------------------
                         required time                          7.100    
                         arrival time                          -5.516    
  -------------------------------------------------------------------
                         slack                                  1.584    

Slack (MET) :             1.584ns  (required time - arrival time)
  Source:                 op_q_reg[1]/C
                            (rising edge-triggered cell FDCE clocked by clk_i  {rise@0.000ns fall@3.333ns period=6.667ns})
  Destination:            i_vrf/vrf_b3_reg_r1_0_63_15_17/RAMB/I
                            (rising edge-triggered cell RAMD64E clocked by clk_i  {rise@0.000ns fall@3.333ns period=6.667ns})
  Path Group:             clk_i
  Path Type:              Setup (Max at Slow Process Corner)
  Requirement:            6.667ns  (clk_i rise@6.667ns - clk_i rise@0.000ns)
  Data Path Delay:        4.729ns  (logic 1.085ns (22.944%)  route 3.644ns (77.056%))
  Logic Levels:           5  (LUT3=2 LUT5=1 LUT6=1 RAMD64E=1)
  Clock Path Skew:        -0.039ns (DCD - SCD + CPR)
    Destination Clock Delay (DCD):    0.748ns = ( 7.415 - 6.667 ) 
    Source Clock Delay      (SCD):    0.787ns
    Clock Pessimism Removal (CPR):    0.000ns
  Clock Uncertainty:      0.035ns  ((TSJ^2 + TIJ^2)^1/2 + DJ) / 2 + PE
    Total System Jitter     (TSJ):    0.071ns
    Total Input Jitter      (TIJ):    0.000ns
    Discrete Jitter          (DJ):    0.000ns
    Phase Error              (PE):    0.000ns

    Location             Delay type                Incr(ns)  Path(ns)    Netlist Resource(s)
  -------------------------------------------------------------------    -------------------
                         (clock clk_i rise edge)      0.000     0.000 r  
                                                      0.000     0.000 r  clk_i (IN)
                         net (fo=2875, unset)         0.787     0.787    clk_i
                         FDCE                                         r  op_q_reg[1]/C
  -------------------------------------------------------------------    -------------------
                         FDCE (Prop_fdce_C_Q)         0.433     1.220 f  op_q_reg[1]/Q
                         net (fo=47, unplaced)        0.738     1.958    i_vrf/res_q_reg[0][1]
                         LUT5 (Prop_lut5_I0_O)        0.232     2.190 f  i_vrf/vrf_b1_reg_r1_0_63_0_2_i_20/O
                         net (fo=10, unplaced)        0.390     2.580    i_vrf/vrf_b1_reg_r1_0_63_0_2_i_20_n_0
                         LUT3 (Prop_lut3_I2_O)        0.105     2.685 r  i_vrf/vrf_b3_reg_r1_0_63_0_2_i_21/O
                         net (fo=71, unplaced)        0.438     3.123    i_vrf/vrf_b3_reg_r1_0_63_0_2_i_21_n_0
                         LUT3 (Prop_lut3_I1_O)        0.105     3.228 r  i_vrf/vrf_b3_reg_r1_0_63_0_2_i_8/O
                         net (fo=66, unplaced)        1.027     4.255    i_vrf/vrf_b3_reg_r1_0_63_15_17/ADDRB1
                         RAMD64E (Prop_ramd64e_RADR1_O)
                                                      0.105     4.360 r  i_vrf/vrf_b3_reg_r1_0_63_15_17/RAMB/O
                         net (fo=1, unplaced)         0.782     5.142    i_vrf/vrf_b3_reg_r1_0_63_15_17_n_1
                         LUT6 (Prop_lut6_I0_O)        0.105     5.247 r  i_vrf/vrf_b3_reg_r1_0_63_15_17_i_2/O
                         net (fo=2, unplaced)         0.269     5.516    i_vrf/vrf_b3_reg_r1_0_63_15_17/DIB
                         RAMD64E                                      r  i_vrf/vrf_b3_reg_r1_0_63_15_17/RAMB/I
  -------------------------------------------------------------------    -------------------

                         (clock clk_i rise edge)      6.667     6.667 r  
                                                      0.000     6.667 r  clk_i (IN)
                         net (fo=2875, unset)         0.748     7.415    i_vrf/vrf_b3_reg_r1_0_63_15_17/WCLK
                         RAMD64E                                      r  i_vrf/vrf_b3_reg_r1_0_63_15_17/RAMB/CLK
                         clock pessimism              0.000     7.415    
                         clock uncertainty           -0.035     7.379    
                         RAMD64E (Setup_ramd64e_CLK_I)
                                                     -0.279     7.100    i_vrf/vrf_b3_reg_r1_0_63_15_17/RAMB
  -------------------------------------------------------------------
                         required time                          7.100    
                         arrival time                          -5.516    
  -------------------------------------------------------------------
                         slack                                  1.584    

Slack (MET) :             1.584ns  (required time - arrival time)
  Source:                 op_q_reg[1]/C
                            (rising edge-triggered cell FDCE clocked by clk_i  {rise@0.000ns fall@3.333ns period=6.667ns})
  Destination:            i_vrf/vrf_b3_reg_r1_0_63_18_20/RAMB/I
                            (rising edge-triggered cell RAMD64E clocked by clk_i  {rise@0.000ns fall@3.333ns period=6.667ns})
  Path Group:             clk_i
  Path Type:              Setup (Max at Slow Process Corner)
  Requirement:            6.667ns  (clk_i rise@6.667ns - clk_i rise@0.000ns)
  Data Path Delay:        4.729ns  (logic 1.085ns (22.944%)  route 3.644ns (77.056%))
  Logic Levels:           5  (LUT3=2 LUT5=1 LUT6=1 RAMD64E=1)
  Clock Path Skew:        -0.039ns (DCD - SCD + CPR)
    Destination Clock Delay (DCD):    0.748ns = ( 7.415 - 6.667 ) 
    Source Clock Delay      (SCD):    0.787ns
    Clock Pessimism Removal (CPR):    0.000ns
  Clock Uncertainty:      0.035ns  ((TSJ^2 + TIJ^2)^1/2 + DJ) / 2 + PE
    Total System Jitter     (TSJ):    0.071ns
    Total Input Jitter      (TIJ):    0.000ns
    Discrete Jitter          (DJ):    0.000ns
    Phase Error              (PE):    0.000ns

    Location             Delay type                Incr(ns)  Path(ns)    Netlist Resource(s)
  -------------------------------------------------------------------    -------------------
                         (clock clk_i rise edge)      0.000     0.000 r  
                                                      0.000     0.000 r  clk_i (IN)
                         net (fo=2875, unset)         0.787     0.787    clk_i
                         FDCE                                         r  op_q_reg[1]/C
  -------------------------------------------------------------------    -------------------
                         FDCE (Prop_fdce_C_Q)         0.433     1.220 f  op_q_reg[1]/Q
                         net (fo=47, unplaced)        0.738     1.958    i_vrf/res_q_reg[0][1]
                         LUT5 (Prop_lut5_I0_O)        0.232     2.190 f  i_vrf/vrf_b1_reg_r1_0_63_0_2_i_20/O
                         net (fo=10, unplaced)        0.390     2.580    i_vrf/vrf_b1_reg_r1_0_63_0_2_i_20_n_0
                         LUT3 (Prop_lut3_I2_O)        0.105     2.685 r  i_vrf/vrf_b3_reg_r1_0_63_0_2_i_21/O
                         net (fo=71, unplaced)        0.438     3.123    i_vrf/vrf_b3_reg_r1_0_63_0_2_i_21_n_0
                         LUT3 (Prop_lut3_I1_O)        0.105     3.228 r  i_vrf/vrf_b3_reg_r1_0_63_0_2_i_8/O
                         net (fo=66, unplaced)        1.027     4.255    i_vrf/vrf_b3_reg_r1_0_63_18_20/ADDRB1
                         RAMD64E (Prop_ramd64e_RADR1_O)
                                                      0.105     4.360 r  i_vrf/vrf_b3_reg_r1_0_63_18_20/RAMB/O
                         net (fo=1, unplaced)         0.782     5.142    i_vrf/vrf_b3_reg_r1_0_63_18_20_n_1
                         LUT6 (Prop_lut6_I0_O)        0.105     5.247 r  i_vrf/vrf_b3_reg_r1_0_63_18_20_i_2/O
                         net (fo=2, unplaced)         0.269     5.516    i_vrf/vrf_b3_reg_r1_0_63_18_20/DIB
                         RAMD64E                                      r  i_vrf/vrf_b3_reg_r1_0_63_18_20/RAMB/I
  -------------------------------------------------------------------    -------------------

                         (clock clk_i rise edge)      6.667     6.667 r  
                                                      0.000     6.667 r  clk_i (IN)
                         net (fo=2875, unset)         0.748     7.415    i_vrf/vrf_b3_reg_r1_0_63_18_20/WCLK
                         RAMD64E                                      r  i_vrf/vrf_b3_reg_r1_0_63_18_20/RAMB/CLK
                         clock pessimism              0.000     7.415    
                         clock uncertainty           -0.035     7.379    
                         RAMD64E (Setup_ramd64e_CLK_I)
                                                     -0.279     7.100    i_vrf/vrf_b3_reg_r1_0_63_18_20/RAMB
  -------------------------------------------------------------------
                         required time                          7.100    
                         arrival time                          -5.516    
  -------------------------------------------------------------------
                         slack                                  1.584    

Slack (MET) :             1.584ns  (required time - arrival time)
  Source:                 op_q_reg[1]/C
                            (rising edge-triggered cell FDCE clocked by clk_i  {rise@0.000ns fall@3.333ns period=6.667ns})
  Destination:            i_vrf/vrf_b3_reg_r1_0_63_21_23/RAMB/I
                            (rising edge-triggered cell RAMD64E clocked by clk_i  {rise@0.000ns fall@3.333ns period=6.667ns})
  Path Group:             clk_i
  Path Type:              Setup (Max at Slow Process Corner)
  Requirement:            6.667ns  (clk_i rise@6.667ns - clk_i rise@0.000ns)
  Data Path Delay:        4.729ns  (logic 1.085ns (22.944%)  route 3.644ns (77.056%))
  Logic Levels:           5  (LUT3=2 LUT5=1 LUT6=1 RAMD64E=1)
  Clock Path Skew:        -0.039ns (DCD - SCD + CPR)
    Destination Clock Delay (DCD):    0.748ns = ( 7.415 - 6.667 ) 
    Source Clock Delay      (SCD):    0.787ns
    Clock Pessimism Removal (CPR):    0.000ns
  Clock Uncertainty:      0.035ns  ((TSJ^2 + TIJ^2)^1/2 + DJ) / 2 + PE
    Total System Jitter     (TSJ):    0.071ns
    Total Input Jitter      (TIJ):    0.000ns
    Discrete Jitter          (DJ):    0.000ns
    Phase Error              (PE):    0.000ns

    Location             Delay type                Incr(ns)  Path(ns)    Netlist Resource(s)
  -------------------------------------------------------------------    -------------------
                         (clock clk_i rise edge)      0.000     0.000 r  
                                                      0.000     0.000 r  clk_i (IN)
                         net (fo=2875, unset)         0.787     0.787    clk_i
                         FDCE                                         r  op_q_reg[1]/C
  -------------------------------------------------------------------    -------------------
                         FDCE (Prop_fdce_C_Q)         0.433     1.220 f  op_q_reg[1]/Q
                         net (fo=47, unplaced)        0.738     1.958    i_vrf/res_q_reg[0][1]
                         LUT5 (Prop_lut5_I0_O)        0.232     2.190 f  i_vrf/vrf_b1_reg_r1_0_63_0_2_i_20/O
                         net (fo=10, unplaced)        0.390     2.580    i_vrf/vrf_b1_reg_r1_0_63_0_2_i_20_n_0
                         LUT3 (Prop_lut3_I2_O)        0.105     2.685 r  i_vrf/vrf_b3_reg_r1_0_63_0_2_i_21/O
                         net (fo=71, unplaced)        0.438     3.123    i_vrf/vrf_b3_reg_r1_0_63_0_2_i_21_n_0
                         LUT3 (Prop_lut3_I1_O)        0.105     3.228 r  i_vrf/vrf_b3_reg_r1_0_63_0_2_i_8/O
                         net (fo=66, unplaced)        1.027     4.255    i_vrf/vrf_b3_reg_r1_0_63_21_23/ADDRB1
                         RAMD64E (Prop_ramd64e_RADR1_O)
                                                      0.105     4.360 r  i_vrf/vrf_b3_reg_r1_0_63_21_23/RAMB/O
                         net (fo=1, unplaced)         0.782     5.142    i_vrf/vrf_b3_reg_r1_0_63_21_23_n_1
                         LUT6 (Prop_lut6_I0_O)        0.105     5.247 r  i_vrf/vrf_b3_reg_r1_0_63_21_23_i_2/O
                         net (fo=2, unplaced)         0.269     5.516    i_vrf/vrf_b3_reg_r1_0_63_21_23/DIB
                         RAMD64E                                      r  i_vrf/vrf_b3_reg_r1_0_63_21_23/RAMB/I
  -------------------------------------------------------------------    -------------------

                         (clock clk_i rise edge)      6.667     6.667 r  
                                                      0.000     6.667 r  clk_i (IN)
                         net (fo=2875, unset)         0.748     7.415    i_vrf/vrf_b3_reg_r1_0_63_21_23/WCLK
                         RAMD64E                                      r  i_vrf/vrf_b3_reg_r1_0_63_21_23/RAMB/CLK
                         clock pessimism              0.000     7.415    
                         clock uncertainty           -0.035     7.379    
                         RAMD64E (Setup_ramd64e_CLK_I)
                                                     -0.279     7.100    i_vrf/vrf_b3_reg_r1_0_63_21_23/RAMB
  -------------------------------------------------------------------
                         required time                          7.100    
                         arrival time                          -5.516    
  -------------------------------------------------------------------
                         slack                                  1.584    

Slack (MET) :             1.584ns  (required time - arrival time)
  Source:                 op_q_reg[1]/C
                            (rising edge-triggered cell FDCE clocked by clk_i  {rise@0.000ns fall@3.333ns period=6.667ns})
  Destination:            i_vrf/vrf_b3_reg_r1_0_63_24_26/RAMB/I
                            (rising edge-triggered cell RAMD64E clocked by clk_i  {rise@0.000ns fall@3.333ns period=6.667ns})
  Path Group:             clk_i
  Path Type:              Setup (Max at Slow Process Corner)
  Requirement:            6.667ns  (clk_i rise@6.667ns - clk_i rise@0.000ns)
  Data Path Delay:        4.729ns  (logic 1.085ns (22.944%)  route 3.644ns (77.056%))
  Logic Levels:           5  (LUT3=2 LUT5=1 LUT6=1 RAMD64E=1)
  Clock Path Skew:        -0.039ns (DCD - SCD + CPR)
    Destination Clock Delay (DCD):    0.748ns = ( 7.415 - 6.667 ) 
    Source Clock Delay      (SCD):    0.787ns
    Clock Pessimism Removal (CPR):    0.000ns
  Clock Uncertainty:      0.035ns  ((TSJ^2 + TIJ^2)^1/2 + DJ) / 2 + PE
    Total System Jitter     (TSJ):    0.071ns
    Total Input Jitter      (TIJ):    0.000ns
    Discrete Jitter          (DJ):    0.000ns
    Phase Error              (PE):    0.000ns

    Location             Delay type                Incr(ns)  Path(ns)    Netlist Resource(s)
  -------------------------------------------------------------------    -------------------
                         (clock clk_i rise edge)      0.000     0.000 r  
                                                      0.000     0.000 r  clk_i (IN)
                         net (fo=2875, unset)         0.787     0.787    clk_i
                         FDCE                                         r  op_q_reg[1]/C
  -------------------------------------------------------------------    -------------------
                         FDCE (Prop_fdce_C_Q)         0.433     1.220 f  op_q_reg[1]/Q
                         net (fo=47, unplaced)        0.738     1.958    i_vrf/res_q_reg[0][1]
                         LUT5 (Prop_lut5_I0_O)        0.232     2.190 f  i_vrf/vrf_b1_reg_r1_0_63_0_2_i_20/O
                         net (fo=10, unplaced)        0.390     2.580    i_vrf/vrf_b1_reg_r1_0_63_0_2_i_20_n_0
                         LUT3 (Prop_lut3_I2_O)        0.105     2.685 r  i_vrf/vrf_b3_reg_r1_0_63_0_2_i_21/O
                         net (fo=71, unplaced)        0.438     3.123    i_vrf/vrf_b3_reg_r1_0_63_0_2_i_21_n_0
                         LUT3 (Prop_lut3_I1_O)        0.105     3.228 r  i_vrf/vrf_b3_reg_r1_0_63_0_2_i_8/O
                         net (fo=66, unplaced)        1.027     4.255    i_vrf/vrf_b3_reg_r1_0_63_24_26/ADDRB1
                         RAMD64E (Prop_ramd64e_RADR1_O)
                                                      0.105     4.360 r  i_vrf/vrf_b3_reg_r1_0_63_24_26/RAMB/O
                         net (fo=1, unplaced)         0.782     5.142    i_vrf/vrf_b3_reg_r1_0_63_24_26_n_1
                         LUT6 (Prop_lut6_I0_O)        0.105     5.247 r  i_vrf/vrf_b3_reg_r1_0_63_24_26_i_2/O
                         net (fo=2, unplaced)         0.269     5.516    i_vrf/vrf_b3_reg_r1_0_63_24_26/DIB
                         RAMD64E                                      r  i_vrf/vrf_b3_reg_r1_0_63_24_26/RAMB/I
  -------------------------------------------------------------------    -------------------

                         (clock clk_i rise edge)      6.667     6.667 r  
                                                      0.000     6.667 r  clk_i (IN)
                         net (fo=2875, unset)         0.748     7.415    i_vrf/vrf_b3_reg_r1_0_63_24_26/WCLK
                         RAMD64E                                      r  i_vrf/vrf_b3_reg_r1_0_63_24_26/RAMB/CLK
                         clock pessimism              0.000     7.415    
                         clock uncertainty           -0.035     7.379    
                         RAMD64E (Setup_ramd64e_CLK_I)
                                                     -0.279     7.100    i_vrf/vrf_b3_reg_r1_0_63_24_26/RAMB
  -------------------------------------------------------------------
                         required time                          7.100    
                         arrival time                          -5.516    
  -------------------------------------------------------------------
                         slack                                  1.584    

Slack (MET) :             1.584ns  (required time - arrival time)
  Source:                 op_q_reg[1]/C
                            (rising edge-triggered cell FDCE clocked by clk_i  {rise@0.000ns fall@3.333ns period=6.667ns})
  Destination:            i_vrf/vrf_b3_reg_r1_0_63_27_29/RAMB/I
                            (rising edge-triggered cell RAMD64E clocked by clk_i  {rise@0.000ns fall@3.333ns period=6.667ns})
  Path Group:             clk_i
  Path Type:              Setup (Max at Slow Process Corner)
  Requirement:            6.667ns  (clk_i rise@6.667ns - clk_i rise@0.000ns)
  Data Path Delay:        4.729ns  (logic 1.085ns (22.944%)  route 3.644ns (77.056%))
  Logic Levels:           5  (LUT3=2 LUT5=1 LUT6=1 RAMD64E=1)
  Clock Path Skew:        -0.039ns (DCD - SCD + CPR)
    Destination Clock Delay (DCD):    0.748ns = ( 7.415 - 6.667 ) 
    Source Clock Delay      (SCD):    0.787ns
    Clock Pessimism Removal (CPR):    0.000ns
  Clock Uncertainty:      0.035ns  ((TSJ^2 + TIJ^2)^1/2 + DJ) / 2 + PE
    Total System Jitter     (TSJ):    0.071ns
    Total Input Jitter      (TIJ):    0.000ns
    Discrete Jitter          (DJ):    0.000ns
    Phase Error              (PE):    0.000ns

    Location             Delay type                Incr(ns)  Path(ns)    Netlist Resource(s)
  -------------------------------------------------------------------    -------------------
                         (clock clk_i rise edge)      0.000     0.000 r  
                                                      0.000     0.000 r  clk_i (IN)
                         net (fo=2875, unset)         0.787     0.787    clk_i
                         FDCE                                         r  op_q_reg[1]/C
  -------------------------------------------------------------------    -------------------
                         FDCE (Prop_fdce_C_Q)         0.433     1.220 f  op_q_reg[1]/Q
                         net (fo=47, unplaced)        0.738     1.958    i_vrf/res_q_reg[0][1]
                         LUT5 (Prop_lut5_I0_O)        0.232     2.190 f  i_vrf/vrf_b1_reg_r1_0_63_0_2_i_20/O
                         net (fo=10, unplaced)        0.390     2.580    i_vrf/vrf_b1_reg_r1_0_63_0_2_i_20_n_0
                         LUT3 (Prop_lut3_I2_O)        0.105     2.685 r  i_vrf/vrf_b3_reg_r1_0_63_0_2_i_21/O
                         net (fo=71, unplaced)        0.438     3.123    i_vrf/vrf_b3_reg_r1_0_63_0_2_i_21_n_0
                         LUT3 (Prop_lut3_I1_O)        0.105     3.228 r  i_vrf/vrf_b3_reg_r1_0_63_0_2_i_8/O
                         net (fo=66, unplaced)        1.027     4.255    i_vrf/vrf_b3_reg_r1_0_63_27_29/ADDRB1
                         RAMD64E (Prop_ramd64e_RADR1_O)
                                                      0.105     4.360 r  i_vrf/vrf_b3_reg_r1_0_63_27_29/RAMB/O
                         net (fo=1, unplaced)         0.782     5.142    i_vrf/vrf_b3_reg_r1_0_63_27_29_n_1
                         LUT6 (Prop_lut6_I0_O)        0.105     5.247 r  i_vrf/vrf_b3_reg_r1_0_63_27_29_i_2/O
                         net (fo=2, unplaced)         0.269     5.516    i_vrf/vrf_b3_reg_r1_0_63_27_29/DIB
                         RAMD64E                                      r  i_vrf/vrf_b3_reg_r1_0_63_27_29/RAMB/I
  -------------------------------------------------------------------    -------------------

                         (clock clk_i rise edge)      6.667     6.667 r  
                                                      0.000     6.667 r  clk_i (IN)
                         net (fo=2875, unset)         0.748     7.415    i_vrf/vrf_b3_reg_r1_0_63_27_29/WCLK
                         RAMD64E                                      r  i_vrf/vrf_b3_reg_r1_0_63_27_29/RAMB/CLK
                         clock pessimism              0.000     7.415    
                         clock uncertainty           -0.035     7.379    
                         RAMD64E (Setup_ramd64e_CLK_I)
                                                     -0.279     7.100    i_vrf/vrf_b3_reg_r1_0_63_27_29/RAMB
  -------------------------------------------------------------------
                         required time                          7.100    
                         arrival time                          -5.516    
  -------------------------------------------------------------------
                         slack                                  1.584    

Slack (MET) :             1.584ns  (required time - arrival time)
  Source:                 op_q_reg[1]/C
                            (rising edge-triggered cell FDCE clocked by clk_i  {rise@0.000ns fall@3.333ns period=6.667ns})
  Destination:            i_vrf/vrf_b3_reg_r1_0_63_30_32/RAMB/I
                            (rising edge-triggered cell RAMD64E clocked by clk_i  {rise@0.000ns fall@3.333ns period=6.667ns})
  Path Group:             clk_i
  Path Type:              Setup (Max at Slow Process Corner)
  Requirement:            6.667ns  (clk_i rise@6.667ns - clk_i rise@0.000ns)
  Data Path Delay:        4.729ns  (logic 1.085ns (22.944%)  route 3.644ns (77.056%))
  Logic Levels:           5  (LUT3=2 LUT5=1 LUT6=1 RAMD64E=1)
  Clock Path Skew:        -0.039ns (DCD - SCD + CPR)
    Destination Clock Delay (DCD):    0.748ns = ( 7.415 - 6.667 ) 
    Source Clock Delay      (SCD):    0.787ns
    Clock Pessimism Removal (CPR):    0.000ns
  Clock Uncertainty:      0.035ns  ((TSJ^2 + TIJ^2)^1/2 + DJ) / 2 + PE
    Total System Jitter     (TSJ):    0.071ns
    Total Input Jitter      (TIJ):    0.000ns
    Discrete Jitter          (DJ):    0.000ns
    Phase Error              (PE):    0.000ns

    Location             Delay type                Incr(ns)  Path(ns)    Netlist Resource(s)
  -------------------------------------------------------------------    -------------------
                         (clock clk_i rise edge)      0.000     0.000 r  
                                                      0.000     0.000 r  clk_i (IN)
                         net (fo=2875, unset)         0.787     0.787    clk_i
                         FDCE                                         r  op_q_reg[1]/C
  -------------------------------------------------------------------    -------------------
                         FDCE (Prop_fdce_C_Q)         0.433     1.220 f  op_q_reg[1]/Q
                         net (fo=47, unplaced)        0.738     1.958    i_vrf/res_q_reg[0][1]
                         LUT5 (Prop_lut5_I0_O)        0.232     2.190 f  i_vrf/vrf_b1_reg_r1_0_63_0_2_i_20/O
                         net (fo=10, unplaced)        0.390     2.580    i_vrf/vrf_b1_reg_r1_0_63_0_2_i_20_n_0
                         LUT3 (Prop_lut3_I2_O)        0.105     2.685 r  i_vrf/vrf_b3_reg_r1_0_63_0_2_i_21/O
                         net (fo=71, unplaced)        0.438     3.123    i_vrf/vrf_b3_reg_r1_0_63_0_2_i_21_n_0
                         LUT3 (Prop_lut3_I1_O)        0.105     3.228 r  i_vrf/vrf_b3_reg_r1_0_63_0_2_i_8/O
                         net (fo=66, unplaced)        1.027     4.255    i_vrf/vrf_b3_reg_r1_0_63_30_32/ADDRB1
                         RAMD64E (Prop_ramd64e_RADR1_O)
                                                      0.105     4.360 r  i_vrf/vrf_b3_reg_r1_0_63_30_32/RAMB/O
                         net (fo=1, unplaced)         0.782     5.142    i_vrf/vrf_b3_reg_r1_0_63_30_32_n_1
                         LUT6 (Prop_lut6_I0_O)        0.105     5.247 r  i_vrf/vrf_b3_reg_r1_0_63_30_32_i_2/O
                         net (fo=2, unplaced)         0.269     5.516    i_vrf/vrf_b3_reg_r1_0_63_30_32/DIB
                         RAMD64E                                      r  i_vrf/vrf_b3_reg_r1_0_63_30_32/RAMB/I
  -------------------------------------------------------------------    -------------------

                         (clock clk_i rise edge)      6.667     6.667 r  
                                                      0.000     6.667 r  clk_i (IN)
                         net (fo=2875, unset)         0.748     7.415    i_vrf/vrf_b3_reg_r1_0_63_30_32/WCLK
                         RAMD64E                                      r  i_vrf/vrf_b3_reg_r1_0_63_30_32/RAMB/CLK
                         clock pessimism              0.000     7.415    
                         clock uncertainty           -0.035     7.379    
                         RAMD64E (Setup_ramd64e_CLK_I)
                                                     -0.279     7.100    i_vrf/vrf_b3_reg_r1_0_63_30_32/RAMB
  -------------------------------------------------------------------
                         required time                          7.100    
                         arrival time                          -5.516    
  -------------------------------------------------------------------
                         slack                                  1.584    

Slack (MET) :             1.584ns  (required time - arrival time)
  Source:                 op_q_reg[1]/C
                            (rising edge-triggered cell FDCE clocked by clk_i  {rise@0.000ns fall@3.333ns period=6.667ns})
  Destination:            i_vrf/vrf_b3_reg_r1_0_63_33_35/RAMB/I
                            (rising edge-triggered cell RAMD64E clocked by clk_i  {rise@0.000ns fall@3.333ns period=6.667ns})
  Path Group:             clk_i
  Path Type:              Setup (Max at Slow Process Corner)
  Requirement:            6.667ns  (clk_i rise@6.667ns - clk_i rise@0.000ns)
  Data Path Delay:        4.729ns  (logic 1.085ns (22.944%)  route 3.644ns (77.056%))
  Logic Levels:           5  (LUT3=2 LUT5=1 LUT6=1 RAMD64E=1)
  Clock Path Skew:        -0.039ns (DCD - SCD + CPR)
    Destination Clock Delay (DCD):    0.748ns = ( 7.415 - 6.667 ) 
    Source Clock Delay      (SCD):    0.787ns
    Clock Pessimism Removal (CPR):    0.000ns
  Clock Uncertainty:      0.035ns  ((TSJ^2 + TIJ^2)^1/2 + DJ) / 2 + PE
    Total System Jitter     (TSJ):    0.071ns
    Total Input Jitter      (TIJ):    0.000ns
    Discrete Jitter          (DJ):    0.000ns
    Phase Error              (PE):    0.000ns

    Location             Delay type                Incr(ns)  Path(ns)    Netlist Resource(s)
  -------------------------------------------------------------------    -------------------
                         (clock clk_i rise edge)      0.000     0.000 r  
                                                      0.000     0.000 r  clk_i (IN)
                         net (fo=2875, unset)         0.787     0.787    clk_i
                         FDCE                                         r  op_q_reg[1]/C
  -------------------------------------------------------------------    -------------------
                         FDCE (Prop_fdce_C_Q)         0.433     1.220 f  op_q_reg[1]/Q
                         net (fo=47, unplaced)        0.738     1.958    i_vrf/res_q_reg[0][1]
                         LUT5 (Prop_lut5_I0_O)        0.232     2.190 f  i_vrf/vrf_b1_reg_r1_0_63_0_2_i_20/O
                         net (fo=10, unplaced)        0.390     2.580    i_vrf/vrf_b1_reg_r1_0_63_0_2_i_20_n_0
                         LUT3 (Prop_lut3_I2_O)        0.105     2.685 r  i_vrf/vrf_b3_reg_r1_0_63_0_2_i_21/O
                         net (fo=71, unplaced)        0.438     3.123    i_vrf/vrf_b3_reg_r1_0_63_0_2_i_21_n_0
                         LUT3 (Prop_lut3_I1_O)        0.105     3.228 r  i_vrf/vrf_b3_reg_r1_0_63_0_2_i_8/O
                         net (fo=66, unplaced)        1.027     4.255    i_vrf/vrf_b3_reg_r1_0_63_33_35/ADDRB1
                         RAMD64E (Prop_ramd64e_RADR1_O)
                                                      0.105     4.360 r  i_vrf/vrf_b3_reg_r1_0_63_33_35/RAMB/O
                         net (fo=1, unplaced)         0.782     5.142    i_vrf/vrf_b3_reg_r1_0_63_33_35_n_1
                         LUT6 (Prop_lut6_I0_O)        0.105     5.247 r  i_vrf/vrf_b3_reg_r1_0_63_33_35_i_2/O
                         net (fo=2, unplaced)         0.269     5.516    i_vrf/vrf_b3_reg_r1_0_63_33_35/DIB
                         RAMD64E                                      r  i_vrf/vrf_b3_reg_r1_0_63_33_35/RAMB/I
  -------------------------------------------------------------------    -------------------

                         (clock clk_i rise edge)      6.667     6.667 r  
                                                      0.000     6.667 r  clk_i (IN)
                         net (fo=2875, unset)         0.748     7.415    i_vrf/vrf_b3_reg_r1_0_63_33_35/WCLK
                         RAMD64E                                      r  i_vrf/vrf_b3_reg_r1_0_63_33_35/RAMB/CLK
                         clock pessimism              0.000     7.415    
                         clock uncertainty           -0.035     7.379    
                         RAMD64E (Setup_ramd64e_CLK_I)
                                                     -0.279     7.100    i_vrf/vrf_b3_reg_r1_0_63_33_35/RAMB
  -------------------------------------------------------------------
                         required time                          7.100    
                         arrival time                          -5.516    
  -------------------------------------------------------------------
                         slack                                  1.584    

Slack (MET) :             1.584ns  (required time - arrival time)
  Source:                 op_q_reg[1]/C
                            (rising edge-triggered cell FDCE clocked by clk_i  {rise@0.000ns fall@3.333ns period=6.667ns})
  Destination:            i_vrf/vrf_b3_reg_r1_0_63_36_38/RAMB/I
                            (rising edge-triggered cell RAMD64E clocked by clk_i  {rise@0.000ns fall@3.333ns period=6.667ns})
  Path Group:             clk_i
  Path Type:              Setup (Max at Slow Process Corner)
  Requirement:            6.667ns  (clk_i rise@6.667ns - clk_i rise@0.000ns)
  Data Path Delay:        4.729ns  (logic 1.085ns (22.944%)  route 3.644ns (77.056%))
  Logic Levels:           5  (LUT3=2 LUT5=1 LUT6=1 RAMD64E=1)
  Clock Path Skew:        -0.039ns (DCD - SCD + CPR)
    Destination Clock Delay (DCD):    0.748ns = ( 7.415 - 6.667 ) 
    Source Clock Delay      (SCD):    0.787ns
    Clock Pessimism Removal (CPR):    0.000ns
  Clock Uncertainty:      0.035ns  ((TSJ^2 + TIJ^2)^1/2 + DJ) / 2 + PE
    Total System Jitter     (TSJ):    0.071ns
    Total Input Jitter      (TIJ):    0.000ns
    Discrete Jitter          (DJ):    0.000ns
    Phase Error              (PE):    0.000ns

    Location             Delay type                Incr(ns)  Path(ns)    Netlist Resource(s)
  -------------------------------------------------------------------    -------------------
                         (clock clk_i rise edge)      0.000     0.000 r  
                                                      0.000     0.000 r  clk_i (IN)
                         net (fo=2875, unset)         0.787     0.787    clk_i
                         FDCE                                         r  op_q_reg[1]/C
  -------------------------------------------------------------------    -------------------
                         FDCE (Prop_fdce_C_Q)         0.433     1.220 f  op_q_reg[1]/Q
                         net (fo=47, unplaced)        0.738     1.958    i_vrf/res_q_reg[0][1]
                         LUT5 (Prop_lut5_I0_O)        0.232     2.190 f  i_vrf/vrf_b1_reg_r1_0_63_0_2_i_20/O
                         net (fo=10, unplaced)        0.390     2.580    i_vrf/vrf_b1_reg_r1_0_63_0_2_i_20_n_0
                         LUT3 (Prop_lut3_I2_O)        0.105     2.685 r  i_vrf/vrf_b3_reg_r1_0_63_0_2_i_21/O
                         net (fo=71, unplaced)        0.438     3.123    i_vrf/vrf_b3_reg_r1_0_63_0_2_i_21_n_0
                         LUT3 (Prop_lut3_I1_O)        0.105     3.228 r  i_vrf/vrf_b3_reg_r1_0_63_0_2_i_8/O
                         net (fo=66, unplaced)        1.027     4.255    i_vrf/vrf_b3_reg_r1_0_63_36_38/ADDRB1
                         RAMD64E (Prop_ramd64e_RADR1_O)
                                                      0.105     4.360 r  i_vrf/vrf_b3_reg_r1_0_63_36_38/RAMB/O
                         net (fo=1, unplaced)         0.782     5.142    i_vrf/vrf_b3_reg_r1_0_63_36_38_n_1
                         LUT6 (Prop_lut6_I0_O)        0.105     5.247 r  i_vrf/vrf_b3_reg_r1_0_63_36_38_i_2/O
                         net (fo=2, unplaced)         0.269     5.516    i_vrf/vrf_b3_reg_r1_0_63_36_38/DIB
                         RAMD64E                                      r  i_vrf/vrf_b3_reg_r1_0_63_36_38/RAMB/I
  -------------------------------------------------------------------    -------------------

                         (clock clk_i rise edge)      6.667     6.667 r  
                                                      0.000     6.667 r  clk_i (IN)
                         net (fo=2875, unset)         0.748     7.415    i_vrf/vrf_b3_reg_r1_0_63_36_38/WCLK
                         RAMD64E                                      r  i_vrf/vrf_b3_reg_r1_0_63_36_38/RAMB/CLK
                         clock pessimism              0.000     7.415    
                         clock uncertainty           -0.035     7.379    
                         RAMD64E (Setup_ramd64e_CLK_I)
                                                     -0.279     7.100    i_vrf/vrf_b3_reg_r1_0_63_36_38/RAMB
  -------------------------------------------------------------------
                         required time                          7.100    
                         arrival time                          -5.516    
  -------------------------------------------------------------------
                         slack                                  1.584    

Slack (MET) :             1.584ns  (required time - arrival time)
  Source:                 op_q_reg[1]/C
                            (rising edge-triggered cell FDCE clocked by clk_i  {rise@0.000ns fall@3.333ns period=6.667ns})
  Destination:            i_vrf/vrf_b3_reg_r1_0_63_39_41/RAMB/I
                            (rising edge-triggered cell RAMD64E clocked by clk_i  {rise@0.000ns fall@3.333ns period=6.667ns})
  Path Group:             clk_i
  Path Type:              Setup (Max at Slow Process Corner)
  Requirement:            6.667ns  (clk_i rise@6.667ns - clk_i rise@0.000ns)
  Data Path Delay:        4.729ns  (logic 1.085ns (22.944%)  route 3.644ns (77.056%))
  Logic Levels:           5  (LUT3=2 LUT5=1 LUT6=1 RAMD64E=1)
  Clock Path Skew:        -0.039ns (DCD - SCD + CPR)
    Destination Clock Delay (DCD):    0.748ns = ( 7.415 - 6.667 ) 
    Source Clock Delay      (SCD):    0.787ns
    Clock Pessimism Removal (CPR):    0.000ns
  Clock Uncertainty:      0.035ns  ((TSJ^2 + TIJ^2)^1/2 + DJ) / 2 + PE
    Total System Jitter     (TSJ):    0.071ns
    Total Input Jitter      (TIJ):    0.000ns
    Discrete Jitter          (DJ):    0.000ns
    Phase Error              (PE):    0.000ns

    Location             Delay type                Incr(ns)  Path(ns)    Netlist Resource(s)
  -------------------------------------------------------------------    -------------------
                         (clock clk_i rise edge)      0.000     0.000 r  
                                                      0.000     0.000 r  clk_i (IN)
                         net (fo=2875, unset)         0.787     0.787    clk_i
                         FDCE                                         r  op_q_reg[1]/C
  -------------------------------------------------------------------    -------------------
                         FDCE (Prop_fdce_C_Q)         0.433     1.220 f  op_q_reg[1]/Q
                         net (fo=47, unplaced)        0.738     1.958    i_vrf/res_q_reg[0][1]
                         LUT5 (Prop_lut5_I0_O)        0.232     2.190 f  i_vrf/vrf_b1_reg_r1_0_63_0_2_i_20/O
                         net (fo=10, unplaced)        0.390     2.580    i_vrf/vrf_b1_reg_r1_0_63_0_2_i_20_n_0
                         LUT3 (Prop_lut3_I2_O)        0.105     2.685 r  i_vrf/vrf_b3_reg_r1_0_63_0_2_i_21/O
                         net (fo=71, unplaced)        0.438     3.123    i_vrf/vrf_b3_reg_r1_0_63_0_2_i_21_n_0
                         LUT3 (Prop_lut3_I1_O)        0.105     3.228 r  i_vrf/vrf_b3_reg_r1_0_63_0_2_i_8/O
                         net (fo=66, unplaced)        1.027     4.255    i_vrf/vrf_b3_reg_r1_0_63_39_41/ADDRB1
                         RAMD64E (Prop_ramd64e_RADR1_O)
                                                      0.105     4.360 r  i_vrf/vrf_b3_reg_r1_0_63_39_41/RAMB/O
                         net (fo=1, unplaced)         0.782     5.142    i_vrf/vrf_b3_reg_r1_0_63_39_41_n_1
                         LUT6 (Prop_lut6_I0_O)        0.105     5.247 r  i_vrf/vrf_b3_reg_r1_0_63_39_41_i_2/O
                         net (fo=2, unplaced)         0.269     5.516    i_vrf/vrf_b3_reg_r1_0_63_39_41/DIB
                         RAMD64E                                      r  i_vrf/vrf_b3_reg_r1_0_63_39_41/RAMB/I
  -------------------------------------------------------------------    -------------------

                         (clock clk_i rise edge)      6.667     6.667 r  
                                                      0.000     6.667 r  clk_i (IN)
                         net (fo=2875, unset)         0.748     7.415    i_vrf/vrf_b3_reg_r1_0_63_39_41/WCLK
                         RAMD64E                                      r  i_vrf/vrf_b3_reg_r1_0_63_39_41/RAMB/CLK
                         clock pessimism              0.000     7.415    
                         clock uncertainty           -0.035     7.379    
                         RAMD64E (Setup_ramd64e_CLK_I)
                                                     -0.279     7.100    i_vrf/vrf_b3_reg_r1_0_63_39_41/RAMB
  -------------------------------------------------------------------
                         required time                          7.100    
                         arrival time                          -5.516    
  -------------------------------------------------------------------
                         slack                                  1.584    

Slack (MET) :             1.584ns  (required time - arrival time)
  Source:                 op_q_reg[1]/C
                            (rising edge-triggered cell FDCE clocked by clk_i  {rise@0.000ns fall@3.333ns period=6.667ns})
  Destination:            i_vrf/vrf_b3_reg_r1_0_63_3_5/RAMB/I
                            (rising edge-triggered cell RAMD64E clocked by clk_i  {rise@0.000ns fall@3.333ns period=6.667ns})
  Path Group:             clk_i
  Path Type:              Setup (Max at Slow Process Corner)
  Requirement:            6.667ns  (clk_i rise@6.667ns - clk_i rise@0.000ns)
  Data Path Delay:        4.729ns  (logic 1.085ns (22.944%)  route 3.644ns (77.056%))
  Logic Levels:           5  (LUT3=2 LUT5=1 LUT6=1 RAMD64E=1)
  Clock Path Skew:        -0.039ns (DCD - SCD + CPR)
    Destination Clock Delay (DCD):    0.748ns = ( 7.415 - 6.667 ) 
    Source Clock Delay      (SCD):    0.787ns
    Clock Pessimism Removal (CPR):    0.000ns
  Clock Uncertainty:      0.035ns  ((TSJ^2 + TIJ^2)^1/2 + DJ) / 2 + PE
    Total System Jitter     (TSJ):    0.071ns
    Total Input Jitter      (TIJ):    0.000ns
    Discrete Jitter          (DJ):    0.000ns
    Phase Error              (PE):    0.000ns

    Location             Delay type                Incr(ns)  Path(ns)    Netlist Resource(s)
  -------------------------------------------------------------------    -------------------
                         (clock clk_i rise edge)      0.000     0.000 r  
                                                      0.000     0.000 r  clk_i (IN)
                         net (fo=2875, unset)         0.787     0.787    clk_i
                         FDCE                                         r  op_q_reg[1]/C
  -------------------------------------------------------------------    -------------------
                         FDCE (Prop_fdce_C_Q)         0.433     1.220 f  op_q_reg[1]/Q
                         net (fo=47, unplaced)        0.738     1.958    i_vrf/res_q_reg[0][1]
                         LUT5 (Prop_lut5_I0_O)        0.232     2.190 f  i_vrf/vrf_b1_reg_r1_0_63_0_2_i_20/O
                         net (fo=10, unplaced)        0.390     2.580    i_vrf/vrf_b1_reg_r1_0_63_0_2_i_20_n_0
                         LUT3 (Prop_lut3_I2_O)        0.105     2.685 r  i_vrf/vrf_b3_reg_r1_0_63_0_2_i_21/O
                         net (fo=71, unplaced)        0.438     3.123    i_vrf/vrf_b3_reg_r1_0_63_0_2_i_21_n_0
                         LUT3 (Prop_lut3_I1_O)        0.105     3.228 r  i_vrf/vrf_b3_reg_r1_0_63_0_2_i_8/O
                         net (fo=66, unplaced)        1.027     4.255    i_vrf/vrf_b3_reg_r1_0_63_3_5/ADDRB1
                         RAMD64E (Prop_ramd64e_RADR1_O)
                                                      0.105     4.360 r  i_vrf/vrf_b3_reg_r1_0_63_3_5/RAMB/O
                         net (fo=1, unplaced)         0.782     5.142    i_vrf/vrf_b3_reg_r1_0_63_3_5_n_1
                         LUT6 (Prop_lut6_I0_O)        0.105     5.247 r  i_vrf/vrf_b3_reg_r1_0_63_3_5_i_2/O
                         net (fo=2, unplaced)         0.269     5.516    i_vrf/vrf_b3_reg_r1_0_63_3_5/DIB
                         RAMD64E                                      r  i_vrf/vrf_b3_reg_r1_0_63_3_5/RAMB/I
  -------------------------------------------------------------------    -------------------

                         (clock clk_i rise edge)      6.667     6.667 r  
                                                      0.000     6.667 r  clk_i (IN)
                         net (fo=2875, unset)         0.748     7.415    i_vrf/vrf_b3_reg_r1_0_63_3_5/WCLK
                         RAMD64E                                      r  i_vrf/vrf_b3_reg_r1_0_63_3_5/RAMB/CLK
                         clock pessimism              0.000     7.415    
                         clock uncertainty           -0.035     7.379    
                         RAMD64E (Setup_ramd64e_CLK_I)
                                                     -0.279     7.100    i_vrf/vrf_b3_reg_r1_0_63_3_5/RAMB
  -------------------------------------------------------------------
                         required time                          7.100    
                         arrival time                          -5.516    
  -------------------------------------------------------------------
                         slack                                  1.584    

Slack (MET) :             1.584ns  (required time - arrival time)
  Source:                 op_q_reg[1]/C
                            (rising edge-triggered cell FDCE clocked by clk_i  {rise@0.000ns fall@3.333ns period=6.667ns})
  Destination:            i_vrf/vrf_b3_reg_r1_0_63_42_44/RAMB/I
                            (rising edge-triggered cell RAMD64E clocked by clk_i  {rise@0.000ns fall@3.333ns period=6.667ns})
  Path Group:             clk_i
  Path Type:              Setup (Max at Slow Process Corner)
  Requirement:            6.667ns  (clk_i rise@6.667ns - clk_i rise@0.000ns)
  Data Path Delay:        4.729ns  (logic 1.085ns (22.944%)  route 3.644ns (77.056%))
  Logic Levels:           5  (LUT3=2 LUT5=1 LUT6=1 RAMD64E=1)
  Clock Path Skew:        -0.039ns (DCD - SCD + CPR)
    Destination Clock Delay (DCD):    0.748ns = ( 7.415 - 6.667 ) 
    Source Clock Delay      (SCD):    0.787ns
    Clock Pessimism Removal (CPR):    0.000ns
  Clock Uncertainty:      0.035ns  ((TSJ^2 + TIJ^2)^1/2 + DJ) / 2 + PE
    Total System Jitter     (TSJ):    0.071ns
    Total Input Jitter      (TIJ):    0.000ns
    Discrete Jitter          (DJ):    0.000ns
    Phase Error              (PE):    0.000ns

    Location             Delay type                Incr(ns)  Path(ns)    Netlist Resource(s)
  -------------------------------------------------------------------    -------------------
                         (clock clk_i rise edge)      0.000     0.000 r  
                                                      0.000     0.000 r  clk_i (IN)
                         net (fo=2875, unset)         0.787     0.787    clk_i
                         FDCE                                         r  op_q_reg[1]/C
  -------------------------------------------------------------------    -------------------
                         FDCE (Prop_fdce_C_Q)         0.433     1.220 f  op_q_reg[1]/Q
                         net (fo=47, unplaced)        0.738     1.958    i_vrf/res_q_reg[0][1]
                         LUT5 (Prop_lut5_I0_O)        0.232     2.190 f  i_vrf/vrf_b1_reg_r1_0_63_0_2_i_20/O
                         net (fo=10, unplaced)        0.390     2.580    i_vrf/vrf_b1_reg_r1_0_63_0_2_i_20_n_0
                         LUT3 (Prop_lut3_I2_O)        0.105     2.685 r  i_vrf/vrf_b3_reg_r1_0_63_0_2_i_21/O
                         net (fo=71, unplaced)        0.438     3.123    i_vrf/vrf_b3_reg_r1_0_63_0_2_i_21_n_0
                         LUT3 (Prop_lut3_I1_O)        0.105     3.228 r  i_vrf/vrf_b3_reg_r1_0_63_0_2_i_8/O
                         net (fo=66, unplaced)        1.027     4.255    i_vrf/vrf_b3_reg_r1_0_63_42_44/ADDRB1
                         RAMD64E (Prop_ramd64e_RADR1_O)
                                                      0.105     4.360 r  i_vrf/vrf_b3_reg_r1_0_63_42_44/RAMB/O
                         net (fo=1, unplaced)         0.782     5.142    i_vrf/vrf_b3_reg_r1_0_63_42_44_n_1
                         LUT6 (Prop_lut6_I0_O)        0.105     5.247 r  i_vrf/vrf_b3_reg_r1_0_63_42_44_i_2/O
                         net (fo=2, unplaced)         0.269     5.516    i_vrf/vrf_b3_reg_r1_0_63_42_44/DIB
                         RAMD64E                                      r  i_vrf/vrf_b3_reg_r1_0_63_42_44/RAMB/I
  -------------------------------------------------------------------    -------------------

                         (clock clk_i rise edge)      6.667     6.667 r  
                                                      0.000     6.667 r  clk_i (IN)
                         net (fo=2875, unset)         0.748     7.415    i_vrf/vrf_b3_reg_r1_0_63_42_44/WCLK
                         RAMD64E                                      r  i_vrf/vrf_b3_reg_r1_0_63_42_44/RAMB/CLK
                         clock pessimism              0.000     7.415    
                         clock uncertainty           -0.035     7.379    
                         RAMD64E (Setup_ramd64e_CLK_I)
                                                     -0.279     7.100    i_vrf/vrf_b3_reg_r1_0_63_42_44/RAMB
  -------------------------------------------------------------------
                         required time                          7.100    
                         arrival time                          -5.516    
  -------------------------------------------------------------------
                         slack                                  1.584    

Slack (MET) :             1.584ns  (required time - arrival time)
  Source:                 op_q_reg[1]/C
                            (rising edge-triggered cell FDCE clocked by clk_i  {rise@0.000ns fall@3.333ns period=6.667ns})
  Destination:            i_vrf/vrf_b3_reg_r1_0_63_45_47/RAMB/I
                            (rising edge-triggered cell RAMD64E clocked by clk_i  {rise@0.000ns fall@3.333ns period=6.667ns})
  Path Group:             clk_i
  Path Type:              Setup (Max at Slow Process Corner)
  Requirement:            6.667ns  (clk_i rise@6.667ns - clk_i rise@0.000ns)
  Data Path Delay:        4.729ns  (logic 1.085ns (22.944%)  route 3.644ns (77.056%))
  Logic Levels:           5  (LUT3=2 LUT5=1 LUT6=1 RAMD64E=1)
  Clock Path Skew:        -0.039ns (DCD - SCD + CPR)
    Destination Clock Delay (DCD):    0.748ns = ( 7.415 - 6.667 ) 
    Source Clock Delay      (SCD):    0.787ns
    Clock Pessimism Removal (CPR):    0.000ns
  Clock Uncertainty:      0.035ns  ((TSJ^2 + TIJ^2)^1/2 + DJ) / 2 + PE
    Total System Jitter     (TSJ):    0.071ns
    Total Input Jitter      (TIJ):    0.000ns
    Discrete Jitter          (DJ):    0.000ns
    Phase Error              (PE):    0.000ns

    Location             Delay type                Incr(ns)  Path(ns)    Netlist Resource(s)
  -------------------------------------------------------------------    -------------------
                         (clock clk_i rise edge)      0.000     0.000 r  
                                                      0.000     0.000 r  clk_i (IN)
                         net (fo=2875, unset)         0.787     0.787    clk_i
                         FDCE                                         r  op_q_reg[1]/C
  -------------------------------------------------------------------    -------------------
                         FDCE (Prop_fdce_C_Q)         0.433     1.220 f  op_q_reg[1]/Q
                         net (fo=47, unplaced)        0.738     1.958    i_vrf/res_q_reg[0][1]
                         LUT5 (Prop_lut5_I0_O)        0.232     2.190 f  i_vrf/vrf_b1_reg_r1_0_63_0_2_i_20/O
                         net (fo=10, unplaced)        0.390     2.580    i_vrf/vrf_b1_reg_r1_0_63_0_2_i_20_n_0
                         LUT3 (Prop_lut3_I2_O)        0.105     2.685 r  i_vrf/vrf_b3_reg_r1_0_63_0_2_i_21/O
                         net (fo=71, unplaced)        0.438     3.123    i_vrf/vrf_b3_reg_r1_0_63_0_2_i_21_n_0
                         LUT3 (Prop_lut3_I1_O)        0.105     3.228 r  i_vrf/vrf_b3_reg_r1_0_63_0_2_i_8/O
                         net (fo=66, unplaced)        1.027     4.255    i_vrf/vrf_b3_reg_r1_0_63_45_47/ADDRB1
                         RAMD64E (Prop_ramd64e_RADR1_O)
                                                      0.105     4.360 r  i_vrf/vrf_b3_reg_r1_0_63_45_47/RAMB/O
                         net (fo=1, unplaced)         0.782     5.142    i_vrf/vrf_b3_reg_r1_0_63_45_47_n_1
                         LUT6 (Prop_lut6_I0_O)        0.105     5.247 r  i_vrf/vrf_b3_reg_r1_0_63_45_47_i_2/O
                         net (fo=2, unplaced)         0.269     5.516    i_vrf/vrf_b3_reg_r1_0_63_45_47/DIB
                         RAMD64E                                      r  i_vrf/vrf_b3_reg_r1_0_63_45_47/RAMB/I
  -------------------------------------------------------------------    -------------------

                         (clock clk_i rise edge)      6.667     6.667 r  
                                                      0.000     6.667 r  clk_i (IN)
                         net (fo=2875, unset)         0.748     7.415    i_vrf/vrf_b3_reg_r1_0_63_45_47/WCLK
                         RAMD64E                                      r  i_vrf/vrf_b3_reg_r1_0_63_45_47/RAMB/CLK
                         clock pessimism              0.000     7.415    
                         clock uncertainty           -0.035     7.379    
                         RAMD64E (Setup_ramd64e_CLK_I)
                                                     -0.279     7.100    i_vrf/vrf_b3_reg_r1_0_63_45_47/RAMB
  -------------------------------------------------------------------
                         required time                          7.100    
                         arrival time                          -5.516    
  -------------------------------------------------------------------
                         slack                                  1.584    




