Copyright 1986-2022 Xilinx, Inc. All Rights Reserved. Copyright 2022-2024 Advanced Micro Devices, Inc. All Rights Reserved.
---------------------------------------------------------------------------------------------------------------------------------------------------------------------------------------------------
| Tool Version : Vivado v.2024.2 (win64) Build 5239630 Fri Nov 08 22:35:27 MST 2024
| Date         : Wed Jun 17 10:26:53 2026
| Host         : WIN-20240824NZS running 64-bit major release  (build 9200)
| Command      : report_high_fanout_nets -max_nets 100 -file E:/HDEC/cva6-vhdc-core/tmp/hdec_v15_pointmul_worktree/reports/hdec/v42_slot1_tag_2026_06_17/ooc_v42_slot1_tag/reports/high_fanout.rpt
| Design       : hdec_top
| Device       : xc7z020
---------------------------------------------------------------------------------------------------------------------------------------------------------------------------------------------------

High Fan-out Nets Information

1. Summary
----------

+---------------------------------------------------------------+--------+-------------+
| Net Name                                                      | Fanout | Driver Type |
+---------------------------------------------------------------+--------+-------------+
| gen_lane[0].i_lane/rst_ni_0                                   |   1756 | LUT1        |
| i_vrf/row_wa_addr_i[3]                                        |    432 | LUT6        |
| i_vrf/row_wa_addr_i[4]                                        |    432 | LUT6        |
| i_vrf/row_wa_addr_i[0]                                        |    432 | LUT5        |
| i_vrf/row_wa_addr_i[1]                                        |    432 | LUT6        |
| i_vrf/row_wa_addr_i[5]                                        |    432 | LUT6        |
| i_vrf/row_wa_addr_i[2]                                        |    432 | LUT6        |
| st_q[5]                                                       |    420 | FDCE        |
| st_q[1]                                                       |    316 | FDCE        |
| op_type[2]                                                    |    283 | FDCE        |
| gen_lane[3].i_lane/i_shift_align/uop_p2_q_reg[perm_nibble][0] |    257 | LUT2        |
| gen_lane[3].i_lane/i_shift_align/hperm_bit_low_q_reg[1]       |    257 | LUT2        |
| vrf_ra_q[5]                                                   |    256 | FDCE        |
| i_vrf/uop_p2_q_reg[op_type][2]                                |    256 | LUT3        |
| vrf_ra_q[0]                                                   |    256 | FDCE        |
| i_vrf/lane_shift_bit[0]                                       |    256 | LUT2        |
| vrf_ra_q[2]                                                   |    256 | FDCE        |
| vrf_ra_q[3]                                                   |    256 | FDCE        |
| lane_result_n                                                 |    256 | LUT4        |
| i_vrf/hdc_src0_q[2][63]_i_9_n_0                               |    256 | LUT4        |
| vrf_ra_q[1]                                                   |    256 | FDCE        |
| vrf_ra_q[4]                                                   |    256 | FDCE        |
| gen_lane[3].i_lane/E[0]                                       |    256 | LUT5        |
| word_idx[2]                                                   |    160 | FDCE        |
| word_idx[1]                                                   |    157 | FDCE        |
| gen_lane[3].i_lane/i_shift_align/p2_lane_compute_q_reg        |    148 | LUT5        |
| gen_lane[0].i_lane/i_shift_align/p2_lane_compute_q_reg        |    146 | LUT5        |
| uop_p2_q_reg[perm_nibble_n_0_][3]                             |    144 | FDCE        |
| uop_p2_q_reg[perm_nibble][3]_rep_n_0                          |    144 | FDCE        |
| i_vrf/st_q_reg[3]_rep__2                                      |    142 | LUT3        |
| uop_p3_q_reg[subgroup_idx][0]_rep_n_0                         |    141 | FDCE        |
| ecc_kpd64_sub_q[1]                                            |    140 | FDCE        |
| i_vrf/st_q_reg[4]_rep__0                                      |    138 | LUT3        |
| ecc_kpd64_sub_q[1]_i_6_n_0                                    |    133 | LUT4        |
| gen_lane[0].i_lane/i_shift_align/uop_p2_q_reg[perm_nibble][1] |    132 | LUT2        |
| gen_lane[0].i_lane/i_shift_align/uop_p2_q_reg[perm_nibble][2] |    132 | LUT2        |
| gen_lane[3].i_lane/i_shift_align/uop_p2_q_reg[perm_nibble][1] |    131 | LUT2        |
| ecc_kpd64_sub_q[0]                                            |    131 | FDCE        |
| gen_lane[3].i_lane/i_shift_align/uop_p2_q_reg[perm_nibble][2] |    131 | LUT2        |
| ecc_kpd64_sub_q[1]_i_1_n_0                                    |    129 | LUT6        |
| ecc_product_pair_reg_0_3_0_0_i_6_n_0                          |    129 | LUT4        |
| ecc_product_pair_reg_0_3_0_0_i_2_n_0                          |    128 | LUT5        |
| i_vrf/hdc_src0_q[2][31]_i_4_n_0                               |    128 | LUT3        |
| i_vrf/hdc_src0_q[2][63]_i_11_n_0                              |    128 | LUT3        |
| i_vrf/ecc_leaf_xor_b_q[31]_i_11_n_0                           |    128 | LUT5        |
| i_vrf/ecc_leaf_xor_b_q[31]_i_12_n_0                           |    128 | LUT4        |
| ecc_pipe0_valid_q                                             |    127 | FDCE        |
| ecc_pipe0_diag_slot_q                                         |    127 | FDCE        |
| ecc_product_pair_reg_0_3_0_0_i_3_n_0                          |    127 | LUT6        |
| i_vrf/hdc_src0_q[2][60]_i_2_n_0                               |    120 | LUT2        |
| i_vrf/st_q_reg[4]_rep                                         |    120 | LUT2        |
| i_vrf/st_q_reg[4]_rep_1                                       |    120 | LUT2        |
| i_vrf/st_q_reg[4]_rep_2                                       |    120 | LUT2        |
| st_q_reg[0]_rep_n_0                                           |    118 | FDCE        |
| st_q_reg[0]_rep__1_n_0                                        |    118 | FDCE        |
| st_q_reg[0]_rep__0_n_0                                        |    118 | FDCE        |
| st_q_reg[2]_rep__0_n_0                                        |    116 | FDCE        |
| st_q_reg[2]_rep__1_n_0                                        |    116 | FDCE        |
| st_q_reg[2]_rep__3_n_0                                        |    116 | FDCE        |
| st_q_reg[2]_rep_n_0                                           |    116 | FDCE        |
| st_q_reg[2]_rep__2_n_0                                        |    116 | FDCE        |
| st_q_reg[2]_rep__4_n_0                                        |    116 | FDCE        |
| st_q_reg[4]_rep_n_0                                           |    113 | FDCE        |
| st_q[3]                                                       |    111 | FDCE        |
| st_q_reg[3]_rep__1_n_0                                        |    110 | FDCE        |
| st_q_reg[3]_rep_n_0                                           |    110 | FDCE        |
| st_q_reg[3]_rep__3_n_0                                        |    110 | FDCE        |
| st_q_reg[3]_rep__4_n_0                                        |    110 | FDCE        |
| st_q_reg[3]_rep__2_n_0                                        |    110 | FDCE        |
| st_q_reg[3]_rep__0_n_0                                        |    110 | FDCE        |
| st_q_reg[4]_rep__1_n_0                                        |    106 | FDCE        |
| st_q_reg[4]_rep__0_n_0                                        |    106 | FDCE        |
| op_type[0]                                                    |     99 | FDCE        |
| uop_p3_q_reg[op_type][0]_rep__0_n_0                           |     97 | FDCE        |
| uop_p3_q_reg[op_type][0]_rep_n_0                              |     97 | FDCE        |
| i_vrf/ecc_kpd64_sub_q_reg[1]                                  |     96 | LUT2        |
| step[2]                                                       |     94 | FDCE        |
| i_vrf/st_q_reg[5]_0                                           |     90 | LUT2        |
| step[0]                                                       |     90 | FDCE        |
| step[1]                                                       |     90 | FDCE        |
| i_vrf/gen_bank[0].vrf_mem_reg_0_63_39_41_i_7_n_0              |     90 | LUT2        |
| i_vrf/st_q_reg[5]                                             |     90 | LUT2        |
| i_vrf/gen_bank[3].vrf_mem_reg_0_63_0_2_i_4_n_0                |     86 | LUT4        |
| i_vrf/gen_bank[0].vrf_mem_reg_0_63_0_2_i_4_n_0                |     86 | LUT4        |
| i_vrf/gen_bank[2].vrf_mem_reg_0_63_0_2_i_4_n_0                |     86 | LUT4        |
| i_vrf/gen_bank[1].vrf_mem_reg_0_63_0_2_i_4_n_0                |     86 | LUT4        |
| uop_p3_q_reg[subgroup_idx_n_0_][0]                            |     81 | FDCE        |
| hperm_lane_base_q_reg[0]_rep__1_n_0                           |     80 | FDCE        |
| hperm_lane_base_q_reg[1]_rep__1_n_0                           |     80 | FDCE        |
| hperm_lane_base_q_reg[0]_rep__3_n_0                           |     80 | FDCE        |
| hperm_lane_base_q_reg[0]_rep_n_0                              |     80 | FDCE        |
| hperm_lane_base_q_reg[1]_rep__5_n_0                           |     80 | FDCE        |
| hperm_lane_base_q_reg[0]_rep__5_n_0                           |     80 | FDCE        |
| hperm_lane_base_q_reg[1]_rep__3_n_0                           |     80 | FDCE        |
| i_vrf/ecc_leaf_xor_b_q[31]_i_8_n_0                            |     80 | LUT6        |
| hperm_lane_base_q_reg[0]_rep__2_n_0                           |     80 | FDCE        |
| hperm_lane_base_q_reg[1]_rep__2_n_0                           |     80 | FDCE        |
| hperm_lane_base_q_reg[1]_rep_n_0                              |     80 | FDCE        |
| hperm_lane_base_q_reg[1]_rep__4_n_0                           |     80 | FDCE        |
| hperm_lane_base_q_reg[0]_rep__4_n_0                           |     80 | FDCE        |
+---------------------------------------------------------------+--------+-------------+


