Targeted timing group: HMATCH targeted
Patterns: hmatch match best dist acc hsim_total lane_popcnt
Matched cells (220):
  gen_lane[0].i_lane/group_dist_q[3]_i_2 LUT5
  gen_lane[0].i_lane/group_dist_q[3]_i_3 LUT5
  gen_lane[0].i_lane/group_dist_q[3]_i_5 LUT6
  gen_lane[0].i_lane/group_dist_q[3]_i_6 LUT6
  gen_lane[0].i_lane/group_dist_q[3]_i_9 LUT3
  gen_lane[0].i_lane/group_dist_q[7]_i_10 LUT3
  gen_lane[0].i_lane/group_dist_q[7]_i_11 LUT3
  gen_lane[0].i_lane/group_dist_q[7]_i_14 LUT3
  gen_lane[0].i_lane/group_dist_q[7]_i_3 LUT5
  gen_lane[0].i_lane/group_dist_q[7]_i_4 LUT5
  gen_lane[0].i_lane/group_dist_q[7]_i_5 LUT5
  gen_lane[0].i_lane/group_dist_q[7]_i_7 LUT6
  gen_lane[0].i_lane/group_dist_q[7]_i_8 LUT6
  gen_lane[0].i_lane/group_dist_q[7]_i_9 LUT6
  gen_lane[0].i_lane/group_dist_q_reg[3]_i_1 CARRY4
  gen_lane[0].i_lane/group_dist_q_reg[7]_i_1 CARRY4
  gen_lane[0].i_lane/group_dist_q_reg[8]_i_2 CARRY4
  gen_lane[2].i_lane/group_dist_q[7]_i_15 LUT3
  gen_lane[2].i_lane/group_dist_q[7]_i_2 LUT5
  gen_lane[2].i_lane/group_dist_q[7]_i_23 LUT3
  gen_lane[2].i_lane/group_dist_q[7]_i_24 LUT3
  gen_lane[2].i_lane/group_dist_q[7]_i_25 LUT3
  gen_lane[2].i_lane/group_dist_q[7]_i_26 LUT6
  gen_lane[2].i_lane/group_dist_q[7]_i_27 LUT6
  gen_lane[2].i_lane/group_dist_q[7]_i_28 LUT6
  gen_lane[2].i_lane/group_dist_q[7]_i_29 LUT3
  gen_lane[2].i_lane/group_dist_q[7]_i_6 LUT5
  gen_lane[2].i_lane/group_dist_q[8]_i_10 LUT6
  gen_lane[2].i_lane/group_dist_q[8]_i_3 LUT2
  gen_lane[2].i_lane/group_dist_q[8]_i_6 LUT3
  gen_lane[2].i_lane/group_dist_q[8]_i_7 LUT3
  gen_lane[2].i_lane/group_dist_q[8]_i_8 LUT3
  gen_lane[2].i_lane/group_dist_q[8]_i_9 LUT6
  gen_lane[2].i_lane/group_dist_q_reg[7]_i_13 CARRY4
  gen_lane[2].i_lane/group_dist_q_reg[8]_i_4 CARRY4
  gen_lane[3].i_lane/group_dist_q[3]_i_4 LUT4
  gen_lane[3].i_lane/group_dist_q[3]_i_7 LUT4
  gen_lane[3].i_lane/group_dist_q[3]_i_8 LUT4
  gen_lane[3].i_lane/group_dist_q[7]_i_16 LUT3
  gen_lane[3].i_lane/group_dist_q[7]_i_17 LUT3
  gen_lane[3].i_lane/group_dist_q[7]_i_18 LUT3
  gen_lane[3].i_lane/group_dist_q[7]_i_19 LUT6
  gen_lane[3].i_lane/group_dist_q[7]_i_20 LUT6
  gen_lane[3].i_lane/group_dist_q[7]_i_21 LUT6
  gen_lane[3].i_lane/group_dist_q[7]_i_22 LUT3
  gen_lane[3].i_lane/group_dist_q[8]_i_11 LUT3
  gen_lane[3].i_lane/group_dist_q[8]_i_12 LUT3
  gen_lane[3].i_lane/group_dist_q[8]_i_13 LUT3
  gen_lane[3].i_lane/group_dist_q[8]_i_14 LUT6
  gen_lane[3].i_lane/group_dist_q[8]_i_15 LUT6
  gen_lane[3].i_lane/group_dist_q_reg[7]_i_12 CARRY4
  gen_lane[3].i_lane/group_dist_q_reg[8]_i_5 CARRY4
  group_dist_q[8]_i_1 LUT6
  group_dist_q_reg[0] FDCE
  group_dist_q_reg[1] FDCE
  group_dist_q_reg[2] FDCE
  group_dist_q_reg[3] FDCE
  group_dist_q_reg[4] FDCE
  group_dist_q_reg[5] FDCE
  group_dist_q_reg[6] FDCE
  group_dist_q_reg[7] FDCE
  group_dist_q_reg[8] FDCE
  hcntclip_acc_sel_q_reg FDCE
  hmatch_best_dist_q[0]_i_1 LUT3
  hmatch_best_dist_q[10]_i_1 LUT6
  hmatch_best_dist_q[10]_i_2 LUT3
  hmatch_best_dist_q[10]_i_3 LUT6
  hmatch_best_dist_q[1]_i_1 LUT3
  hmatch_best_dist_q[2]_i_1 LUT3
  hmatch_best_dist_q[3]_i_1 LUT3
  hmatch_best_dist_q[4]_i_1 LUT3
  hmatch_best_dist_q[5]_i_1 LUT3
  hmatch_best_dist_q[6]_i_1 LUT3
  hmatch_best_dist_q[7]_i_1 LUT3
  hmatch_best_dist_q[8]_i_1 LUT3
  hmatch_best_dist_q[9]_i_1 LUT3
  hmatch_best_dist_q_reg[0] FDCE
  hmatch_best_dist_q_reg[10] FDCE
  hmatch_best_dist_q_reg[1] FDCE
  hmatch_best_dist_q_reg[2] FDCE
  hmatch_best_dist_q_reg[3] FDCE
  hmatch_best_dist_q_reg[4] FDCE
  hmatch_best_dist_q_reg[5] FDCE
  hmatch_best_dist_q_reg[6] FDCE
  hmatch_best_dist_q_reg[7] FDCE
  hmatch_best_dist_q_reg[8] FDCE
  hmatch_best_dist_q_reg[9] FDCE
  hmatch_best_idx_q[0]_i_1 LUT3
  hmatch_best_idx_q[1]_i_1 LUT3
  hmatch_best_idx_q[2]_i_1 LUT3
  hmatch_best_idx_q_reg[0] FDCE
  hmatch_best_idx_q_reg[1] FDCE
  hmatch_best_idx_q_reg[2] FDCE
  hmatch_budget_q[0]_i_1 LUT6
  hmatch_budget_q[10]_i_1 LUT6
  hmatch_budget_q[10]_i_10 LUT2
  hmatch_budget_q[10]_i_2 LUT5
  hmatch_budget_q[10]_i_3 LUT4
  hmatch_budget_q[10]_i_4 LUT3
  hmatch_budget_q[10]_i_6 LUT6
  hmatch_budget_q[10]_i_7 LUT3
  hmatch_budget_q[10]_i_8 LUT1
  hmatch_budget_q[10]_i_9 LUT1
  hmatch_budget_q[11]_inv_i_1 LUT5
  hmatch_budget_q[1]_i_1 LUT5
  hmatch_budget_q[1]_i_2 LUT3
  hmatch_budget_q[1]_i_3 LUT3
  hmatch_budget_q[2]_i_1 LUT5
  hmatch_budget_q[2]_i_2 LUT5
  hmatch_budget_q[2]_i_3 LUT3
  hmatch_budget_q[3]_i_1 LUT5
  hmatch_budget_q[3]_i_3 LUT6
  hmatch_budget_q[3]_i_4 LUT3
  hmatch_budget_q[3]_i_5 LUT2
  hmatch_budget_q[3]_i_6 LUT2
  hmatch_budget_q[3]_i_7 LUT2
  hmatch_budget_q[3]_i_8 LUT2
  hmatch_budget_q[4]_i_1 LUT5
  hmatch_budget_q[4]_i_2 LUT6
  hmatch_budget_q[4]_i_3 LUT3
  hmatch_budget_q[5]_i_1 LUT5
  hmatch_budget_q[5]_i_2 LUT6
  hmatch_budget_q[5]_i_3 LUT3
  hmatch_budget_q[6]_i_1 LUT5
  hmatch_budget_q[6]_i_2 LUT6
  hmatch_budget_q[6]_i_3 LUT3
  hmatch_budget_q[7]_i_1 LUT5
  hmatch_budget_q[7]_i_3 LUT6
  hmatch_budget_q[7]_i_4 LUT3
  hmatch_budget_q[7]_i_5 LUT2
  hmatch_budget_q[7]_i_6 LUT2
  hmatch_budget_q[7]_i_7 LUT2
  hmatch_budget_q[7]_i_8 LUT2
  hmatch_budget_q[8]_i_1 LUT5
  hmatch_budget_q[8]_i_2 LUT6
  hmatch_budget_q[8]_i_3 LUT3
  hmatch_budget_q[9]_i_1 LUT5
  hmatch_budget_q[9]_i_2 LUT6
  hmatch_budget_q[9]_i_3 LUT3
  hmatch_budget_q_reg[0] FDCE
  hmatch_budget_q_reg[10] FDCE
  hmatch_budget_q_reg[10]_i_5 CARRY4
  hmatch_budget_q_reg[11]_inv FDPE
  hmatch_budget_q_reg[1] FDCE
  hmatch_budget_q_reg[2] FDCE
  hmatch_budget_q_reg[3] FDCE
  hmatch_budget_q_reg[3]_i_2 CARRY4
  hmatch_budget_q_reg[4] FDCE
  hmatch_budget_q_reg[5] FDCE
  hmatch_budget_q_reg[6] FDCE
  hmatch_budget_q_reg[7] FDCE
  hmatch_budget_q_reg[7]_i_2 CARRY4
  hmatch_budget_q_reg[8] FDCE
  hmatch_budget_q_reg[9] FDCE
  hmatch_class_slot_q[0]_i_1 LUT3
  hmatch_class_slot_q[1]_i_1 LUT4
  hmatch_class_slot_q[2]_i_1 LUT5
  hmatch_class_slot_q[3]_i_1 LUT6
  hmatch_class_slot_q[3]_i_2 LUT6
  hmatch_class_slot_q[3]_i_3 LUT6
  hmatch_class_slot_q[3]_i_4 LUT3
  hmatch_class_slot_q[3]_i_5 LUT4
  hmatch_class_slot_q_reg[0] FDCE
  hmatch_class_slot_q_reg[1] FDCE
  hmatch_class_slot_q_reg[2] FDCE
  hmatch_class_slot_q_reg[3] FDCE
  hmatch_last_idx_q[0]_i_1 LUT3
  hmatch_last_idx_q[1]_i_1 LUT4
  hmatch_last_idx_q[2]_i_1 LUT5
  hmatch_last_idx_q[2]_i_2 LUT5
  hmatch_last_idx_q_reg[0] FDCE
  hmatch_last_idx_q_reg[1] FDCE
  hmatch_last_idx_q_reg[2] FDCE
  hmatch_update_q_i_1 LUT6
  hmatch_update_q_i_2 LUT6
  hmatch_update_q_i_3 LUT6
  hmatch_update_q_i_4 LUT4
  hmatch_update_q_i_5 LUT3
  hmatch_update_q_i_6 LUT3
  hmatch_update_q_i_7 LUT2
  hmatch_update_q_reg FDCE
  hsim_total_q[0]_i_1 LUT2
  hsim_total_q[10]_i_1 LUT6
  hsim_total_q[10]_i_2 LUT2
  hsim_total_q[10]_i_3 LUT6
  hsim_total_q[10]_i_4 LUT2
  hsim_total_q[10]_i_6 LUT6
  hsim_total_q[10]_i_7 LUT2
  hsim_total_q[1]_i_1 LUT2
  hsim_total_q[2]_i_1 LUT2
  hsim_total_q[3]_i_1 LUT2
  hsim_total_q[3]_i_3 LUT2
  hsim_total_q[3]_i_4 LUT2
  hsim_total_q[3]_i_5 LUT2
  hsim_total_q[3]_i_6 LUT2
  hsim_total_q[4]_i_1 LUT2
  hsim_total_q[5]_i_1 LUT2
  hsim_total_q[6]_i_1 LUT2
  hsim_total_q[7]_i_1 LUT2
  hsim_total_q[7]_i_3 LUT2
  hsim_total_q[7]_i_4 LUT2
Matched nets (366):
  gen_lane[0].i_lane/group_dist_q[3]_i_2_n_0 fanout=2 driver=gen_lane[0].i_lane/group_dist_q[3]_i_2/O
  gen_lane[0].i_lane/group_dist_q[3]_i_3_n_0 fanout=1 driver=gen_lane[0].i_lane/group_dist_q[3]_i_3/O
  gen_lane[0].i_lane/group_dist_q[3]_i_5_n_0 fanout=1 driver=gen_lane[0].i_lane/group_dist_q[3]_i_5/O
  gen_lane[0].i_lane/group_dist_q[3]_i_6_n_0 fanout=1 driver=gen_lane[0].i_lane/group_dist_q[3]_i_6/O
  gen_lane[0].i_lane/group_dist_q[3]_i_9_n_0 fanout=3 driver=gen_lane[0].i_lane/group_dist_q[3]_i_9/O
  gen_lane[0].i_lane/group_dist_q[7]_i_10_n_0 fanout=2 driver=gen_lane[0].i_lane/group_dist_q[7]_i_10/O
  gen_lane[0].i_lane/group_dist_q[7]_i_11_n_0 fanout=2 driver=gen_lane[0].i_lane/group_dist_q[7]_i_11/O
  gen_lane[0].i_lane/group_dist_q[7]_i_14_n_0 fanout=2 driver=gen_lane[0].i_lane/group_dist_q[7]_i_14/O
  gen_lane[0].i_lane/group_dist_q[7]_i_3_n_0 fanout=2 driver=gen_lane[0].i_lane/group_dist_q[7]_i_3/O
  gen_lane[0].i_lane/group_dist_q[7]_i_4_n_0 fanout=2 driver=gen_lane[0].i_lane/group_dist_q[7]_i_4/O
  gen_lane[0].i_lane/group_dist_q[7]_i_5_n_0 fanout=2 driver=gen_lane[0].i_lane/group_dist_q[7]_i_5/O
  gen_lane[0].i_lane/group_dist_q[7]_i_7_n_0 fanout=1 driver=gen_lane[0].i_lane/group_dist_q[7]_i_7/O
  gen_lane[0].i_lane/group_dist_q[7]_i_8_n_0 fanout=1 driver=gen_lane[0].i_lane/group_dist_q[7]_i_8/O
  gen_lane[0].i_lane/group_dist_q[7]_i_9_n_0 fanout=1 driver=gen_lane[0].i_lane/group_dist_q[7]_i_9/O
  gen_lane[0].i_lane/group_dist_q_reg[3]_i_1_n_0 fanout=1 driver=gen_lane[0].i_lane/group_dist_q_reg[3]_i_1/CO[3]
  gen_lane[0].i_lane/group_dist_q_reg[3]_i_1_n_1 fanout=0 driver=gen_lane[0].i_lane/group_dist_q_reg[3]_i_1/CO[2]
  gen_lane[0].i_lane/group_dist_q_reg[3]_i_1_n_2 fanout=0 driver=gen_lane[0].i_lane/group_dist_q_reg[3]_i_1/CO[1]
  gen_lane[0].i_lane/group_dist_q_reg[3]_i_1_n_3 fanout=0 driver=gen_lane[0].i_lane/group_dist_q_reg[3]_i_1/CO[0]
  gen_lane[0].i_lane/group_dist_q_reg[7][0] fanout=4 driver=gen_lane[2].i_lane/group_dist_q_reg[7]_i_13/O[1]
  gen_lane[0].i_lane/group_dist_q_reg[7][1] fanout=3 driver=gen_lane[2].i_lane/group_dist_q_reg[7]_i_13/O[2]
  gen_lane[0].i_lane/group_dist_q_reg[7][2] fanout=3 driver=gen_lane[2].i_lane/group_dist_q_reg[7]_i_13/O[3]
  gen_lane[0].i_lane/group_dist_q_reg[7]_0[0] fanout=3 driver=gen_lane[2].i_lane/group_dist_q_reg[8]_i_4/O[0]
  gen_lane[0].i_lane/group_dist_q_reg[7]_0[1] fanout=4 driver=gen_lane[2].i_lane/group_dist_q_reg[8]_i_4/O[1]
  gen_lane[0].i_lane/group_dist_q_reg[7]_0[2] fanout=3 driver=gen_lane[2].i_lane/group_dist_q_reg[8]_i_4/O[2]
  gen_lane[0].i_lane/group_dist_q_reg[7]_1[0] fanout=3 driver=gen_lane[3].i_lane/group_dist_q_reg[8]_i_5/O[0]
  gen_lane[0].i_lane/group_dist_q_reg[7]_1[1] fanout=4 driver=gen_lane[3].i_lane/group_dist_q_reg[8]_i_5/O[1]
  gen_lane[0].i_lane/group_dist_q_reg[7]_1[2] fanout=3 driver=gen_lane[3].i_lane/group_dist_q_reg[8]_i_5/O[2]
  gen_lane[0].i_lane/group_dist_q_reg[7]_2[0] fanout=1 driver=gen_lane[2].i_lane/group_dist_q[7]_i_2/O
  gen_lane[0].i_lane/group_dist_q_reg[7]_3[0] fanout=1 driver=gen_lane[2].i_lane/group_dist_q[7]_i_6/O
  gen_lane[0].i_lane/group_dist_q_reg[7]_i_1_n_0 fanout=1 driver=gen_lane[0].i_lane/group_dist_q_reg[7]_i_1/CO[3]
  gen_lane[0].i_lane/group_dist_q_reg[7]_i_1_n_1 fanout=0 driver=gen_lane[0].i_lane/group_dist_q_reg[7]_i_1/CO[2]
  gen_lane[0].i_lane/group_dist_q_reg[7]_i_1_n_2 fanout=0 driver=gen_lane[0].i_lane/group_dist_q_reg[7]_i_1/CO[1]
  gen_lane[0].i_lane/group_dist_q_reg[7]_i_1_n_3 fanout=0 driver=gen_lane[0].i_lane/group_dist_q_reg[7]_i_1/CO[0]
  gen_lane[0].i_lane/group_dist_q_reg[8][0] fanout=1 driver=gen_lane[2].i_lane/group_dist_q[8]_i_3/O
  gen_lane[0].i_lane/lane_popcnt_part_q[0][1][2] fanout=3 driver=gen_lane[0].i_lane/popcount_part_q_o_reg[1][2]/Q
  gen_lane[0].i_lane/lane_popcnt_part_q[0][1][3] fanout=3 driver=gen_lane[0].i_lane/popcount_part_q_o_reg[1][3]/Q
  gen_lane[0].i_lane/lane_popcnt_part_q[0][1][4] fanout=3 driver=gen_lane[0].i_lane/popcount_part_q_o_reg[1][4]/Q
  gen_lane[2].i_lane/group_dist_q[7]_i_15_n_0 fanout=1 driver=gen_lane[2].i_lane/group_dist_q[7]_i_15/O
  gen_lane[2].i_lane/group_dist_q[7]_i_23_n_0 fanout=1 driver=gen_lane[2].i_lane/group_dist_q[7]_i_23/O
  gen_lane[2].i_lane/group_dist_q[7]_i_24_n_0 fanout=1 driver=gen_lane[2].i_lane/group_dist_q[7]_i_24/O
  gen_lane[2].i_lane/group_dist_q[7]_i_25_n_0 fanout=1 driver=gen_lane[2].i_lane/group_dist_q[7]_i_25/O
  gen_lane[2].i_lane/group_dist_q[7]_i_26_n_0 fanout=1 driver=gen_lane[2].i_lane/group_dist_q[7]_i_26/O
  gen_lane[2].i_lane/group_dist_q[7]_i_27_n_0 fanout=1 driver=gen_lane[2].i_lane/group_dist_q[7]_i_27/O
  gen_lane[2].i_lane/group_dist_q[7]_i_28_n_0 fanout=1 driver=gen_lane[2].i_lane/group_dist_q[7]_i_28/O
  gen_lane[2].i_lane/group_dist_q[7]_i_29_n_0 fanout=1 driver=gen_lane[2].i_lane/group_dist_q[7]_i_29/O
  gen_lane[2].i_lane/group_dist_q[8]_i_10_n_0 fanout=1 driver=gen_lane[2].i_lane/group_dist_q[8]_i_10/O
  gen_lane[2].i_lane/group_dist_q[8]_i_6_n_0 fanout=1 driver=gen_lane[2].i_lane/group_dist_q[8]_i_6/O
  gen_lane[2].i_lane/group_dist_q[8]_i_7_n_0 fanout=1 driver=gen_lane[2].i_lane/group_dist_q[8]_i_7/O
  gen_lane[2].i_lane/group_dist_q[8]_i_8_n_0 fanout=1 driver=gen_lane[2].i_lane/group_dist_q[8]_i_8/O
  gen_lane[2].i_lane/group_dist_q[8]_i_9_n_0 fanout=1 driver=gen_lane[2].i_lane/group_dist_q[8]_i_9/O
  gen_lane[2].i_lane/group_dist_q_reg[7][0] fanout=4 driver=gen_lane[3].i_lane/group_dist_q_reg[8]_i_5/O[1]
  gen_lane[2].i_lane/group_dist_q_reg[7][1] fanout=3 driver=gen_lane[3].i_lane/group_dist_q_reg[8]_i_5/O[2]
  gen_lane[2].i_lane/group_dist_q_reg[7]_0[0] fanout=4 driver=gen_lane[0].i_lane/popcount_part_q_o_reg[1][5]/Q
  gen_lane[2].i_lane/group_dist_q_reg[7]_i_13_n_0 fanout=1 driver=gen_lane[2].i_lane/group_dist_q_reg[7]_i_13/CO[3]
  gen_lane[2].i_lane/group_dist_q_reg[7]_i_13_n_1 fanout=0 driver=gen_lane[2].i_lane/group_dist_q_reg[7]_i_13/CO[2]
  gen_lane[2].i_lane/group_dist_q_reg[7]_i_13_n_2 fanout=0 driver=gen_lane[2].i_lane/group_dist_q_reg[7]_i_13/CO[1]
  gen_lane[2].i_lane/group_dist_q_reg[7]_i_13_n_3 fanout=0 driver=gen_lane[2].i_lane/group_dist_q_reg[7]_i_13/CO[0]
  gen_lane[2].i_lane/group_dist_q_reg[8]_i_4_0[0] fanout=3 driver=gen_lane[1].i_lane/popcount_part_q_o_reg[1][0]/Q
  gen_lane[2].i_lane/group_dist_q_reg[8]_i_4_0[1] fanout=3 driver=gen_lane[1].i_lane/popcount_part_q_o_reg[1][1]/Q
  gen_lane[2].i_lane/group_dist_q_reg[8]_i_4_0[2] fanout=3 driver=gen_lane[1].i_lane/popcount_part_q_o_reg[1][2]/Q
  gen_lane[2].i_lane/group_dist_q_reg[8]_i_4_0[3] fanout=3 driver=gen_lane[1].i_lane/popcount_part_q_o_reg[1][3]/Q
  gen_lane[2].i_lane/group_dist_q_reg[8]_i_4_0[4] fanout=3 driver=gen_lane[1].i_lane/popcount_part_q_o_reg[1][4]/Q
  gen_lane[2].i_lane/group_dist_q_reg[8]_i_4_0[5] fanout=2 driver=gen_lane[1].i_lane/popcount_part_q_o_reg[1][5]/Q
  gen_lane[2].i_lane/group_dist_q_reg[8]_i_4_n_0 fanout=2 driver=gen_lane[2].i_lane/group_dist_q_reg[8]_i_4/CO[3]
  gen_lane[2].i_lane/group_dist_q_reg[8]_i_4_n_2 fanout=0 driver=gen_lane[2].i_lane/group_dist_q_reg[8]_i_4/CO[1]
  gen_lane[2].i_lane/group_dist_q_reg[8]_i_4_n_3 fanout=0 driver=gen_lane[2].i_lane/group_dist_q_reg[8]_i_4/CO[0]
  gen_lane[2].i_lane/group_dist_q_reg[8]_i_5[0] fanout=1 driver=gen_lane[2].i_lane/group_dist_q[8]_i_3/O
  gen_lane[2].i_lane/lane_popcnt_part_q[2][0][0] fanout=3 driver=gen_lane[2].i_lane/popcount_part_q_o_reg[0][0]/Q
  gen_lane[2].i_lane/lane_popcnt_part_q[2][0][1] fanout=3 driver=gen_lane[2].i_lane/popcount_part_q_o_reg[0][1]/Q
  gen_lane[2].i_lane/lane_popcnt_part_q[2][0][2] fanout=3 driver=gen_lane[2].i_lane/popcount_part_q_o_reg[0][2]/Q
  gen_lane[2].i_lane/lane_popcnt_part_q[2][0][3] fanout=3 driver=gen_lane[2].i_lane/popcount_part_q_o_reg[0][3]/Q
  gen_lane[2].i_lane/lane_popcnt_part_q[2][0][4] fanout=3 driver=gen_lane[2].i_lane/popcount_part_q_o_reg[0][4]/Q
  gen_lane[2].i_lane/lane_popcnt_part_q[2][0][5] fanout=2 driver=gen_lane[2].i_lane/popcount_part_q_o_reg[0][5]/Q
  gen_lane[2].i_lane/lane_popcnt_part_q[2][1][0] fanout=3 driver=gen_lane[2].i_lane/popcount_part_q_o_reg[1][0]/Q
  gen_lane[2].i_lane/lane_popcnt_part_q[2][1][1] fanout=3 driver=gen_lane[2].i_lane/popcount_part_q_o_reg[1][1]/Q
  gen_lane[2].i_lane/lane_popcnt_part_q[2][1][2] fanout=3 driver=gen_lane[2].i_lane/popcount_part_q_o_reg[1][2]/Q
  gen_lane[2].i_lane/lane_popcnt_part_q[2][1][3] fanout=3 driver=gen_lane[2].i_lane/popcount_part_q_o_reg[1][3]/Q
  gen_lane[2].i_lane/lane_popcnt_part_q[2][1][4] fanout=3 driver=gen_lane[2].i_lane/popcount_part_q_o_reg[1][4]/Q
  gen_lane[2].i_lane/lane_popcnt_part_q[2][1][5] fanout=2 driver=gen_lane[2].i_lane/popcount_part_q_o_reg[1][5]/Q
  gen_lane[3].i_lane/group_dist_q[7]_i_16_n_0 fanout=1 driver=gen_lane[3].i_lane/group_dist_q[7]_i_16/O
  gen_lane[3].i_lane/group_dist_q[7]_i_17_n_0 fanout=1 driver=gen_lane[3].i_lane/group_dist_q[7]_i_17/O
  gen_lane[3].i_lane/group_dist_q[7]_i_18_n_0 fanout=1 driver=gen_lane[3].i_lane/group_dist_q[7]_i_18/O
  gen_lane[3].i_lane/group_dist_q[7]_i_19_n_0 fanout=1 driver=gen_lane[3].i_lane/group_dist_q[7]_i_19/O
  gen_lane[3].i_lane/group_dist_q[7]_i_20_n_0 fanout=1 driver=gen_lane[3].i_lane/group_dist_q[7]_i_20/O
  gen_lane[3].i_lane/group_dist_q[7]_i_21_n_0 fanout=1 driver=gen_lane[3].i_lane/group_dist_q[7]_i_21/O
  gen_lane[3].i_lane/group_dist_q[7]_i_22_n_0 fanout=1 driver=gen_lane[3].i_lane/group_dist_q[7]_i_22/O
  gen_lane[3].i_lane/group_dist_q[8]_i_11_n_0 fanout=1 driver=gen_lane[3].i_lane/group_dist_q[8]_i_11/O
  gen_lane[3].i_lane/group_dist_q[8]_i_12_n_0 fanout=1 driver=gen_lane[3].i_lane/group_dist_q[8]_i_12/O
  gen_lane[3].i_lane/group_dist_q[8]_i_13_n_0 fanout=1 driver=gen_lane[3].i_lane/group_dist_q[8]_i_13/O
  gen_lane[3].i_lane/group_dist_q[8]_i_14_n_0 fanout=1 driver=gen_lane[3].i_lane/group_dist_q[8]_i_14/O
  gen_lane[3].i_lane/group_dist_q[8]_i_15_n_0 fanout=1 driver=gen_lane[3].i_lane/group_dist_q[8]_i_15/O
  gen_lane[3].i_lane/group_dist_q_reg[3][0] fanout=2 driver=gen_lane[2].i_lane/group_dist_q_reg[7]_i_13/O[0]
  gen_lane[3].i_lane/group_dist_q_reg[3][1] fanout=4 driver=gen_lane[2].i_lane/group_dist_q_reg[7]_i_13/O[1]
  gen_lane[3].i_lane/group_dist_q_reg[3]_0[0] fanout=2 driver=gen_lane[0].i_lane/popcount_part_q_o_reg[1][0]/Q
  gen_lane[3].i_lane/group_dist_q_reg[3]_0[1] fanout=4 driver=gen_lane[0].i_lane/popcount_part_q_o_reg[1][1]/Q
  gen_lane[3].i_lane/group_dist_q_reg[3]_1[0] fanout=2 driver=gen_lane[1].i_lane/popcount_part_q_o_reg[0][0]/Q
  gen_lane[3].i_lane/group_dist_q_reg[3]_1[1] fanout=2 driver=gen_lane[1].i_lane/popcount_part_q_o_reg[0][1]/Q
  gen_lane[3].i_lane/group_dist_q_reg[7]_i_12_n_0 fanout=1 driver=gen_lane[3].i_lane/group_dist_q_reg[7]_i_12/CO[3]
  gen_lane[3].i_lane/group_dist_q_reg[7]_i_12_n_1 fanout=0 driver=gen_lane[3].i_lane/group_dist_q_reg[7]_i_12/CO[2]
  gen_lane[3].i_lane/group_dist_q_reg[7]_i_12_n_2 fanout=0 driver=gen_lane[3].i_lane/group_dist_q_reg[7]_i_12/CO[1]
  gen_lane[3].i_lane/group_dist_q_reg[7]_i_12_n_3 fanout=0 driver=gen_lane[3].i_lane/group_dist_q_reg[7]_i_12/CO[0]
  gen_lane[3].i_lane/group_dist_q_reg[7]_i_12_n_7 fanout=2 driver=gen_lane[3].i_lane/group_dist_q_reg[7]_i_12/O[0]
  gen_lane[3].i_lane/group_dist_q_reg[8]_i_5_0[0] fanout=3 driver=gen_lane[0].i_lane/popcount_part_q_o_reg[0][0]/Q
  gen_lane[3].i_lane/group_dist_q_reg[8]_i_5_0[1] fanout=3 driver=gen_lane[0].i_lane/popcount_part_q_o_reg[0][1]/Q
  gen_lane[3].i_lane/group_dist_q_reg[8]_i_5_0[2] fanout=3 driver=gen_lane[0].i_lane/popcount_part_q_o_reg[0][2]/Q
  gen_lane[3].i_lane/group_dist_q_reg[8]_i_5_0[3] fanout=3 driver=gen_lane[0].i_lane/popcount_part_q_o_reg[0][3]/Q
  gen_lane[3].i_lane/group_dist_q_reg[8]_i_5_0[4] fanout=3 driver=gen_lane[0].i_lane/popcount_part_q_o_reg[0][4]/Q
  gen_lane[3].i_lane/group_dist_q_reg[8]_i_5_0[5] fanout=2 driver=gen_lane[0].i_lane/popcount_part_q_o_reg[0][5]/Q
  gen_lane[3].i_lane/group_dist_q_reg[8]_i_5_n_2 fanout=0 driver=gen_lane[3].i_lane/group_dist_q_reg[8]_i_5/CO[1]
  gen_lane[3].i_lane/group_dist_q_reg[8]_i_5_n_3 fanout=0 driver=gen_lane[3].i_lane/group_dist_q_reg[8]_i_5/CO[0]
  gen_lane[3].i_lane/lane_popcnt_part_q[3][0][0] fanout=3 driver=gen_lane[3].i_lane/popcount_part_q_o_reg[0][0]/Q
  gen_lane[3].i_lane/lane_popcnt_part_q[3][0][1] fanout=3 driver=gen_lane[3].i_lane/popcount_part_q_o_reg[0][1]/Q
  gen_lane[3].i_lane/lane_popcnt_part_q[3][0][2] fanout=3 driver=gen_lane[3].i_lane/popcount_part_q_o_reg[0][2]/Q
  gen_lane[3].i_lane/lane_popcnt_part_q[3][0][3] fanout=3 driver=gen_lane[3].i_lane/popcount_part_q_o_reg[0][3]/Q
  gen_lane[3].i_lane/lane_popcnt_part_q[3][0][4] fanout=3 driver=gen_lane[3].i_lane/popcount_part_q_o_reg[0][4]/Q
  gen_lane[3].i_lane/lane_popcnt_part_q[3][0][5] fanout=2 driver=gen_lane[3].i_lane/popcount_part_q_o_reg[0][5]/Q
  gen_lane[3].i_lane/lane_popcnt_part_q[3][1][0] fanout=3 driver=gen_lane[3].i_lane/popcount_part_q_o_reg[1][0]/Q
  gen_lane[3].i_lane/lane_popcnt_part_q[3][1][1] fanout=3 driver=gen_lane[3].i_lane/popcount_part_q_o_reg[1][1]/Q
  gen_lane[3].i_lane/lane_popcnt_part_q[3][1][2] fanout=3 driver=gen_lane[3].i_lane/popcount_part_q_o_reg[1][2]/Q
  gen_lane[3].i_lane/lane_popcnt_part_q[3][1][3] fanout=3 driver=gen_lane[3].i_lane/popcount_part_q_o_reg[1][3]/Q
  gen_lane[3].i_lane/lane_popcnt_part_q[3][1][4] fanout=3 driver=gen_lane[3].i_lane/popcount_part_q_o_reg[1][4]/Q
  gen_lane[3].i_lane/lane_popcnt_part_q[3][1][5] fanout=2 driver=gen_lane[3].i_lane/popcount_part_q_o_reg[1][5]/Q
  group_dist_q[0] fanout=2 driver=group_dist_q_reg[0]/Q
  group_dist_q[1] fanout=2 driver=group_dist_q_reg[1]/Q
  group_dist_q[2] fanout=2 driver=group_dist_q_reg[2]/Q
  group_dist_q[3] fanout=2 driver=group_dist_q_reg[3]/Q
  group_dist_q[4] fanout=2 driver=group_dist_q_reg[4]/Q
  group_dist_q[5] fanout=2 driver=group_dist_q_reg[5]/Q
  group_dist_q[6] fanout=2 driver=group_dist_q_reg[6]/Q
  group_dist_q[7] fanout=2 driver=group_dist_q_reg[7]/Q
  group_dist_q[8] fanout=2 driver=group_dist_q_reg[8]/Q
  group_dist_q[8]_i_1_n_0 fanout=9 driver=group_dist_q[8]_i_1/O
  group_dist_sum[0] fanout=1 driver=gen_lane[0].i_lane/group_dist_q_reg[3]_i_1/O[0]
  group_dist_sum[1] fanout=1 driver=gen_lane[0].i_lane/group_dist_q_reg[3]_i_1/O[1]
  group_dist_sum[2] fanout=1 driver=gen_lane[0].i_lane/group_dist_q_reg[3]_i_1/O[2]
  group_dist_sum[3] fanout=1 driver=gen_lane[0].i_lane/group_dist_q_reg[3]_i_1/O[3]
  group_dist_sum[4] fanout=1 driver=gen_lane[0].i_lane/group_dist_q_reg[7]_i_1/O[0]
  group_dist_sum[5] fanout=1 driver=gen_lane[0].i_lane/group_dist_q_reg[7]_i_1/O[1]
  group_dist_sum[6] fanout=1 driver=gen_lane[0].i_lane/group_dist_q_reg[7]_i_1/O[2]
  group_dist_sum[7] fanout=1 driver=gen_lane[0].i_lane/group_dist_q_reg[7]_i_1/O[3]
  group_dist_sum[8] fanout=1 driver=gen_lane[0].i_lane/group_dist_q_reg[8]_i_2/O[0]
  hcntclip_acc_sel_q fanout=8 driver=hcntclip_acc_sel_q_reg/Q
  hmatch_best_dist_q[0] fanout=4 driver=hmatch_best_dist_q_reg[0]/Q
  hmatch_best_dist_q[0]_i_1_n_0 fanout=1 driver=hmatch_best_dist_q[0]_i_1/O
  hmatch_best_dist_q[10] fanout=2 driver=hmatch_best_dist_q_reg[10]/Q
  hmatch_best_dist_q[10]_i_2_n_0 fanout=1 driver=hmatch_best_dist_q[10]_i_2/O
  hmatch_best_dist_q[10]_i_3_n_0 fanout=1 driver=hmatch_best_dist_q[10]_i_3/O
  hmatch_best_dist_q[1] fanout=4 driver=hmatch_best_dist_q_reg[1]/Q
  hmatch_best_dist_q[1]_i_1_n_0 fanout=1 driver=hmatch_best_dist_q[1]_i_1/O
  hmatch_best_dist_q[2] fanout=4 driver=hmatch_best_dist_q_reg[2]/Q
  hmatch_best_dist_q[2]_i_1_n_0 fanout=1 driver=hmatch_best_dist_q[2]_i_1/O
  hmatch_best_dist_q[3] fanout=4 driver=hmatch_best_dist_q_reg[3]/Q
  hmatch_best_dist_q[3]_i_1_n_0 fanout=1 driver=hmatch_best_dist_q[3]_i_1/O
  hmatch_best_dist_q[4] fanout=4 driver=hmatch_best_dist_q_reg[4]/Q
  hmatch_best_dist_q[4]_i_1_n_0 fanout=1 driver=hmatch_best_dist_q[4]_i_1/O
  hmatch_best_dist_q[5] fanout=4 driver=hmatch_best_dist_q_reg[5]/Q
  hmatch_best_dist_q[5]_i_1_n_0 fanout=1 driver=hmatch_best_dist_q[5]_i_1/O
  hmatch_best_dist_q[6] fanout=4 driver=hmatch_best_dist_q_reg[6]/Q
  hmatch_best_dist_q[6]_i_1_n_0 fanout=1 driver=hmatch_best_dist_q[6]_i_1/O
  hmatch_best_dist_q[7] fanout=4 driver=hmatch_best_dist_q_reg[7]/Q
  hmatch_best_dist_q[7]_i_1_n_0 fanout=1 driver=hmatch_best_dist_q[7]_i_1/O
  hmatch_best_dist_q[8] fanout=4 driver=hmatch_best_dist_q_reg[8]/Q
  hmatch_best_dist_q[8]_i_1_n_0 fanout=1 driver=hmatch_best_dist_q[8]_i_1/O
  hmatch_best_dist_q[9] fanout=3 driver=hmatch_best_dist_q_reg[9]/Q
  hmatch_best_dist_q[9]_i_1_n_0 fanout=1 driver=hmatch_best_dist_q[9]_i_1/O
  hmatch_best_idx_n fanout=14 driver=hmatch_best_dist_q[10]_i_1/O
  hmatch_best_idx_q[0] fanout=1 driver=hmatch_best_idx_q_reg[0]/Q
  hmatch_best_idx_q[0]_i_1_n_0 fanout=1 driver=hmatch_best_idx_q[0]_i_1/O
  hmatch_best_idx_q[1] fanout=1 driver=hmatch_best_idx_q_reg[1]/Q
  hmatch_best_idx_q[1]_i_1_n_0 fanout=1 driver=hmatch_best_idx_q[1]_i_1/O
  hmatch_best_idx_q[2] fanout=1 driver=hmatch_best_idx_q_reg[2]/Q
  hmatch_best_idx_q[2]_i_1_n_0 fanout=1 driver=hmatch_best_idx_q[2]_i_1/O
  hmatch_budget_n fanout=12 driver=hmatch_budget_q[10]_i_1/O
  hmatch_budget_q[0] fanout=2 driver=hmatch_budget_q_reg[0]/Q
  hmatch_budget_q[0]_i_1_n_0 fanout=1 driver=hmatch_budget_q[0]_i_1/O
  hmatch_budget_q[10] fanout=2 driver=hmatch_budget_q_reg[10]/Q
  hmatch_budget_q[10]_i_10_n_0 fanout=1 driver=hmatch_budget_q[10]_i_10/O
  hmatch_budget_q[10]_i_2_n_0 fanout=1 driver=hmatch_budget_q[10]_i_2/O
  hmatch_budget_q[10]_i_3_n_0 fanout=1 driver=hmatch_budget_q[10]_i_3/O
  hmatch_budget_q[10]_i_4_n_0 fanout=6 driver=hmatch_budget_q[10]_i_4/O
  hmatch_budget_q[10]_i_6_n_0 fanout=2 driver=hmatch_budget_q[10]_i_6/O
  hmatch_budget_q[10]_i_7_n_0 fanout=2 driver=hmatch_budget_q[10]_i_7/O
  hmatch_budget_q[10]_i_8_n_0 fanout=1 driver=hmatch_budget_q[10]_i_8/O
  hmatch_budget_q[10]_i_9_n_0 fanout=1 driver=hmatch_budget_q[10]_i_9/O
  hmatch_budget_q[11] fanout=1 driver=hmatch_budget_q_reg[11]_inv/Q
  hmatch_budget_q[11]_inv_i_1_n_0 fanout=1 driver=hmatch_budget_q[11]_inv_i_1/O
  hmatch_budget_q[1] fanout=2 driver=hmatch_budget_q_reg[1]/Q
  hmatch_budget_q[1]_i_1_n_0 fanout=1 driver=hmatch_budget_q[1]_i_1/O
  hmatch_budget_q[1]_i_2_n_0 fanout=1 driver=hmatch_budget_q[1]_i_2/O
  hmatch_budget_q[1]_i_3_n_0 fanout=2 driver=hmatch_budget_q[1]_i_3/O
  hmatch_budget_q[2] fanout=2 driver=hmatch_budget_q_reg[2]/Q
  hmatch_budget_q[2]_i_1_n_0 fanout=1 driver=hmatch_budget_q[2]_i_1/O
  hmatch_budget_q[2]_i_2_n_0 fanout=2 driver=hmatch_budget_q[2]_i_2/O
  hmatch_budget_q[2]_i_3_n_0 fanout=1 driver=hmatch_budget_q[2]_i_3/O
  hmatch_budget_q[3] fanout=2 driver=hmatch_budget_q_reg[3]/Q
  hmatch_budget_q[3]_i_1_n_0 fanout=1 driver=hmatch_budget_q[3]_i_1/O
  hmatch_budget_q[3]_i_3_n_0 fanout=2 driver=hmatch_budget_q[3]_i_3/O
  hmatch_budget_q[3]_i_4_n_0 fanout=1 driver=hmatch_budget_q[3]_i_4/O
  hmatch_budget_q[3]_i_5_n_0 fanout=1 driver=hmatch_budget_q[3]_i_5/O
  hmatch_budget_q[3]_i_6_n_0 fanout=1 driver=hmatch_budget_q[3]_i_6/O
  hmatch_budget_q[3]_i_7_n_0 fanout=1 driver=hmatch_budget_q[3]_i_7/O
Copyright 1986-2022 Xilinx, Inc. All Rights Reserved. Copyright 2022-2024 Advanced Micro Devices, Inc. All Rights Reserved.
----------------------------------------------------------------------------------------------------------------------------------------------------------------------------------------------------------------------------------------------------------------------------------------------------------------------------------------
| Tool Version : Vivado v.2024.2 (win64) Build 5239630 Fri Nov 08 22:35:27 MST 2024
| Date         : Wed Jun 17 10:26:52 2026
| Host         : WIN-20240824NZS running 64-bit major release  (build 9200)
| Command      : report_timing -delay_type max -sort_by slack -max_paths 5 -nworst 1 -through [get_pins -quiet -of_objects {hmatch_budget_q[3]_i_7/O}] -input_pins -nets -append -file E:/HDEC/cva6-vhdc-core/tmp/hdec_v15_pointmul_worktree/reports/hdec/v42_slot1_tag_2026_06_17/ooc_v42_slot1_tag/reports/timing_hmatch_targeted.rpt
| Design       : hdec_top
| Device       : 7z020-clg400
| Speed File   : -2  PRODUCTION 1.12 2019-11-22
| Design State : Synthesized
----------------------------------------------------------------------------------------------------------------------------------------------------------------------------------------------------------------------------------------------------------------------------------------------------------------------------------------

Timing Report

Slack (MET) :             0.328ns  (required time - arrival time)
  Source:                 gen_lane[1].i_lane/popcount_part_q_o_reg[1][0]/C
                            (rising edge-triggered cell FDCE clocked by clk_i  {rise@0.000ns fall@2.500ns period=5.000ns})
  Destination:            group_dist_q_reg[8]/D
                            (rising edge-triggered cell FDCE clocked by clk_i  {rise@0.000ns fall@2.500ns period=5.000ns})
  Path Group:             clk_i
  Path Type:              Setup (Max at Slow Process Corner)
  Requirement:            5.000ns  (clk_i rise@5.000ns - clk_i rise@0.000ns)
  Data Path Delay:        4.698ns  (logic 2.324ns (49.468%)  route 2.374ns (50.532%))
  Logic Levels:           8  (CARRY4=4 LUT3=2 LUT5=1 LUT6=1)
  Clock Path Skew:        -0.039ns (DCD - SCD + CPR)
    Destination Clock Delay (DCD):    0.748ns = ( 5.748 - 5.000 ) 
    Source Clock Delay      (SCD):    0.787ns
    Clock Pessimism Removal (CPR):    0.000ns
  Clock Uncertainty:      0.035ns  ((TSJ^2 + TIJ^2)^1/2 + DJ) / 2 + PE
    Total System Jitter     (TSJ):    0.071ns
    Total Input Jitter      (TIJ):    0.000ns
    Discrete Jitter          (DJ):    0.000ns
    Phase Error              (PE):    0.000ns

    Location             Delay type                Incr(ns)  Path(ns)    Netlist Resource(s)
  -------------------------------------------------------------------    -------------------
                         (clock clk_i rise edge)      0.000     0.000 r  
                                                      0.000     0.000 r  clk_i (IN)
                         net (fo=2483, unset)         0.787     0.787    gen_lane[1].i_lane/clk_i
                         FDCE                                         r  gen_lane[1].i_lane/popcount_part_q_o_reg[1][0]/C
  -------------------------------------------------------------------    -------------------
                         FDCE (Prop_fdce_C_Q)         0.433     1.220 r  gen_lane[1].i_lane/popcount_part_q_o_reg[1][0]/Q
                         net (fo=3, unplaced)         0.617     1.837    gen_lane[2].i_lane/group_dist_q_reg[8]_i_4_0[0]
                                                                      r  gen_lane[2].i_lane/group_dist_q[7]_i_25/I0
                         LUT3 (Prop_lut3_I0_O)        0.232     2.069 r  gen_lane[2].i_lane/group_dist_q[7]_i_25/O
                         net (fo=1, unplaced)         0.537     2.606    gen_lane[2].i_lane/group_dist_q[7]_i_25_n_0
                                                                      r  gen_lane[2].i_lane/group_dist_q_reg[7]_i_13/DI[1]
                         CARRY4 (Prop_carry4_DI[1]_CO[3])
                                                      0.430     3.036 r  gen_lane[2].i_lane/group_dist_q_reg[7]_i_13/CO[3]
                         net (fo=1, unplaced)         0.008     3.044    gen_lane[2].i_lane/group_dist_q_reg[7]_i_13_n_0
                                                                      r  gen_lane[2].i_lane/group_dist_q_reg[8]_i_4/CI
                         CARRY4 (Prop_carry4_CI_O[1])
                                                      0.269     3.313 r  gen_lane[2].i_lane/group_dist_q_reg[8]_i_4/O[1]
                         net (fo=4, unplaced)         0.496     3.809    gen_lane[0].i_lane/group_dist_q_reg[7]_0[1]
                                                                      r  gen_lane[0].i_lane/group_dist_q[7]_i_10/I1
                         LUT3 (Prop_lut3_I1_O)        0.245     4.054 r  gen_lane[0].i_lane/group_dist_q[7]_i_10/O
                         net (fo=2, unplaced)         0.358     4.412    gen_lane[0].i_lane/group_dist_q[7]_i_10_n_0
                                                                      r  gen_lane[0].i_lane/group_dist_q[7]_i_3/I1
                         LUT5 (Prop_lut5_I1_O)        0.105     4.517 r  gen_lane[0].i_lane/group_dist_q[7]_i_3/O
                         net (fo=2, unplaced)         0.358     4.875    gen_lane[0].i_lane/group_dist_q[7]_i_3_n_0
                                                                      r  gen_lane[0].i_lane/group_dist_q[7]_i_7/I0
                         LUT6 (Prop_lut6_I0_O)        0.105     4.980 r  gen_lane[0].i_lane/group_dist_q[7]_i_7/O
                         net (fo=1, unplaced)         0.000     4.980    gen_lane[0].i_lane/group_dist_q[7]_i_7_n_0
                                                                      r  gen_lane[0].i_lane/group_dist_q_reg[7]_i_1/S[2]
                         CARRY4 (Prop_carry4_S[2]_CO[3])
                                                      0.316     5.296 r  gen_lane[0].i_lane/group_dist_q_reg[7]_i_1/CO[3]
                         net (fo=1, unplaced)         0.000     5.296    gen_lane[0].i_lane/group_dist_q_reg[7]_i_1_n_0
                                                                      r  gen_lane[0].i_lane/group_dist_q_reg[8]_i_2/CI
                         CARRY4 (Prop_carry4_CI_O[0])
                                                      0.189     5.485 r  gen_lane[0].i_lane/group_dist_q_reg[8]_i_2/O[0]
                         net (fo=1, unplaced)         0.000     5.485    group_dist_sum[8]
                         FDCE                                         r  group_dist_q_reg[8]/D
  -------------------------------------------------------------------    -------------------

                         (clock clk_i rise edge)      5.000     5.000 r  
                                                      0.000     5.000 r  clk_i (IN)
                         net (fo=2483, unset)         0.748     5.748    clk_i
                         FDCE                                         r  group_dist_q_reg[8]/C
                         clock pessimism              0.000     5.748    
                         clock uncertainty           -0.035     5.712    
                         FDCE (Setup_fdce_C_D)        0.101     5.813    group_dist_q_reg[8]
  -------------------------------------------------------------------
                         required time                          5.813    
                         arrival time                          -5.485    
  -------------------------------------------------------------------
                         slack                                  0.328    

Slack (MET) :             0.432ns  (required time - arrival time)
  Source:                 gen_lane[1].i_lane/popcount_part_q_o_reg[1][0]/C
                            (rising edge-triggered cell FDCE clocked by clk_i  {rise@0.000ns fall@2.500ns period=5.000ns})
  Destination:            group_dist_q_reg[7]/D
                            (rising edge-triggered cell FDCE clocked by clk_i  {rise@0.000ns fall@2.500ns period=5.000ns})
  Path Group:             clk_i
  Path Type:              Setup (Max at Slow Process Corner)
  Requirement:            5.000ns  (clk_i rise@5.000ns - clk_i rise@0.000ns)
  Data Path Delay:        4.594ns  (logic 2.146ns (46.713%)  route 2.448ns (53.287%))
  Logic Levels:           6  (CARRY4=3 LUT3=2 LUT5=1)
  Clock Path Skew:        -0.039ns (DCD - SCD + CPR)
    Destination Clock Delay (DCD):    0.748ns = ( 5.748 - 5.000 ) 
    Source Clock Delay      (SCD):    0.787ns
    Clock Pessimism Removal (CPR):    0.000ns
  Clock Uncertainty:      0.035ns  ((TSJ^2 + TIJ^2)^1/2 + DJ) / 2 + PE
    Total System Jitter     (TSJ):    0.071ns
    Total Input Jitter      (TIJ):    0.000ns
    Discrete Jitter          (DJ):    0.000ns
    Phase Error              (PE):    0.000ns

    Location             Delay type                Incr(ns)  Path(ns)    Netlist Resource(s)
  -------------------------------------------------------------------    -------------------
                         (clock clk_i rise edge)      0.000     0.000 r  
                                                      0.000     0.000 r  clk_i (IN)
                         net (fo=2483, unset)         0.787     0.787    gen_lane[1].i_lane/clk_i
                         FDCE                                         r  gen_lane[1].i_lane/popcount_part_q_o_reg[1][0]/C
  -------------------------------------------------------------------    -------------------
                         FDCE (Prop_fdce_C_Q)         0.433     1.220 r  gen_lane[1].i_lane/popcount_part_q_o_reg[1][0]/Q
                         net (fo=3, unplaced)         0.617     1.837    gen_lane[2].i_lane/group_dist_q_reg[8]_i_4_0[0]
                                                                      r  gen_lane[2].i_lane/group_dist_q[7]_i_25/I0
                         LUT3 (Prop_lut3_I0_O)        0.232     2.069 r  gen_lane[2].i_lane/group_dist_q[7]_i_25/O
                         net (fo=1, unplaced)         0.537     2.606    gen_lane[2].i_lane/group_dist_q[7]_i_25_n_0
                                                                      r  gen_lane[2].i_lane/group_dist_q_reg[7]_i_13/DI[1]
                         CARRY4 (Prop_carry4_DI[1]_CO[3])
                                                      0.430     3.036 r  gen_lane[2].i_lane/group_dist_q_reg[7]_i_13/CO[3]
                         net (fo=1, unplaced)         0.008     3.044    gen_lane[2].i_lane/group_dist_q_reg[7]_i_13_n_0
                                                                      r  gen_lane[2].i_lane/group_dist_q_reg[8]_i_4/CI
                         CARRY4 (Prop_carry4_CI_O[0])
                                                      0.189     3.233 r  gen_lane[2].i_lane/group_dist_q_reg[8]_i_4/O[0]
                         net (fo=3, unplaced)         0.380     3.613    gen_lane[0].i_lane/group_dist_q_reg[7]_0[0]
                                                                      r  gen_lane[0].i_lane/group_dist_q[7]_i_11/I1
                         LUT3 (Prop_lut3_I1_O)        0.238     3.851 r  gen_lane[0].i_lane/group_dist_q[7]_i_11/O
                         net (fo=2, unplaced)         0.358     4.209    gen_lane[0].i_lane/group_dist_q[7]_i_11_n_0
                                                                      r  gen_lane[0].i_lane/group_dist_q[7]_i_4/I1
                         LUT5 (Prop_lut5_I1_O)        0.105     4.314 r  gen_lane[0].i_lane/group_dist_q[7]_i_4/O
                         net (fo=2, unplaced)         0.548     4.862    gen_lane[0].i_lane/group_dist_q[7]_i_4_n_0
                                                                      r  gen_lane[0].i_lane/group_dist_q_reg[7]_i_1/DI[1]
                         CARRY4 (Prop_carry4_DI[1]_O[3])
                                                      0.519     5.381 r  gen_lane[0].i_lane/group_dist_q_reg[7]_i_1/O[3]
                         net (fo=1, unplaced)         0.000     5.381    group_dist_sum[7]
                         FDCE                                         r  group_dist_q_reg[7]/D
  -------------------------------------------------------------------    -------------------

                         (clock clk_i rise edge)      5.000     5.000 r  
                                                      0.000     5.000 r  clk_i (IN)
                         net (fo=2483, unset)         0.748     5.748    clk_i
                         FDCE                                         r  group_dist_q_reg[7]/C
                         clock pessimism              0.000     5.748    
                         clock uncertainty           -0.035     5.712    
                         FDCE (Setup_fdce_C_D)        0.101     5.813    group_dist_q_reg[7]
  -------------------------------------------------------------------
                         required time                          5.813    
                         arrival time                          -5.381    
  -------------------------------------------------------------------
                         slack                                  0.432    

Slack (MET) :             0.485ns  (required time - arrival time)
  Source:                 gen_lane[1].i_lane/popcount_part_q_o_reg[1][0]/C
                            (rising edge-triggered cell FDCE clocked by clk_i  {rise@0.000ns fall@2.500ns period=5.000ns})
  Destination:            group_dist_q_reg[6]/D
                            (rising edge-triggered cell FDCE clocked by clk_i  {rise@0.000ns fall@2.500ns period=5.000ns})
  Path Group:             clk_i
  Path Type:              Setup (Max at Slow Process Corner)
  Requirement:            5.000ns  (clk_i rise@5.000ns - clk_i rise@0.000ns)
  Data Path Delay:        4.541ns  (logic 2.093ns (46.091%)  route 2.448ns (53.909%))
  Logic Levels:           6  (CARRY4=3 LUT3=2 LUT5=1)
  Clock Path Skew:        -0.039ns (DCD - SCD + CPR)
    Destination Clock Delay (DCD):    0.748ns = ( 5.748 - 5.000 ) 
    Source Clock Delay      (SCD):    0.787ns
    Clock Pessimism Removal (CPR):    0.000ns
  Clock Uncertainty:      0.035ns  ((TSJ^2 + TIJ^2)^1/2 + DJ) / 2 + PE
    Total System Jitter     (TSJ):    0.071ns
    Total Input Jitter      (TIJ):    0.000ns
    Discrete Jitter          (DJ):    0.000ns
    Phase Error              (PE):    0.000ns

    Location             Delay type                Incr(ns)  Path(ns)    Netlist Resource(s)
  -------------------------------------------------------------------    -------------------
                         (clock clk_i rise edge)      0.000     0.000 r  
                                                      0.000     0.000 r  clk_i (IN)
                         net (fo=2483, unset)         0.787     0.787    gen_lane[1].i_lane/clk_i
                         FDCE                                         r  gen_lane[1].i_lane/popcount_part_q_o_reg[1][0]/C
  -------------------------------------------------------------------    -------------------
                         FDCE (Prop_fdce_C_Q)         0.433     1.220 r  gen_lane[1].i_lane/popcount_part_q_o_reg[1][0]/Q
                         net (fo=3, unplaced)         0.617     1.837    gen_lane[2].i_lane/group_dist_q_reg[8]_i_4_0[0]
                                                                      r  gen_lane[2].i_lane/group_dist_q[7]_i_25/I0
                         LUT3 (Prop_lut3_I0_O)        0.232     2.069 r  gen_lane[2].i_lane/group_dist_q[7]_i_25/O
                         net (fo=1, unplaced)         0.537     2.606    gen_lane[2].i_lane/group_dist_q[7]_i_25_n_0
                                                                      r  gen_lane[2].i_lane/group_dist_q_reg[7]_i_13/DI[1]
                         CARRY4 (Prop_carry4_DI[1]_CO[3])
                                                      0.430     3.036 r  gen_lane[2].i_lane/group_dist_q_reg[7]_i_13/CO[3]
                         net (fo=1, unplaced)         0.008     3.044    gen_lane[2].i_lane/group_dist_q_reg[7]_i_13_n_0
                                                                      r  gen_lane[2].i_lane/group_dist_q_reg[8]_i_4/CI
                         CARRY4 (Prop_carry4_CI_O[0])
                                                      0.189     3.233 r  gen_lane[2].i_lane/group_dist_q_reg[8]_i_4/O[0]
                         net (fo=3, unplaced)         0.380     3.613    gen_lane[0].i_lane/group_dist_q_reg[7]_0[0]
                                                                      r  gen_lane[0].i_lane/group_dist_q[7]_i_11/I1
                         LUT3 (Prop_lut3_I1_O)        0.238     3.851 r  gen_lane[0].i_lane/group_dist_q[7]_i_11/O
                         net (fo=2, unplaced)         0.358     4.209    gen_lane[0].i_lane/group_dist_q[7]_i_11_n_0
                                                                      r  gen_lane[0].i_lane/group_dist_q[7]_i_4/I1
                         LUT5 (Prop_lut5_I1_O)        0.105     4.314 r  gen_lane[0].i_lane/group_dist_q[7]_i_4/O
                         net (fo=2, unplaced)         0.548     4.862    gen_lane[0].i_lane/group_dist_q[7]_i_4_n_0
                                                                      r  gen_lane[0].i_lane/group_dist_q_reg[7]_i_1/DI[1]
                         CARRY4 (Prop_carry4_DI[1]_O[2])
                                                      0.466     5.328 r  gen_lane[0].i_lane/group_dist_q_reg[7]_i_1/O[2]
                         net (fo=1, unplaced)         0.000     5.328    group_dist_sum[6]
                         FDCE                                         r  group_dist_q_reg[6]/D
  -------------------------------------------------------------------    -------------------

                         (clock clk_i rise edge)      5.000     5.000 r  
                                                      0.000     5.000 r  clk_i (IN)
                         net (fo=2483, unset)         0.748     5.748    clk_i
                         FDCE                                         r  group_dist_q_reg[6]/C
                         clock pessimism              0.000     5.748    
                         clock uncertainty           -0.035     5.712    
                         FDCE (Setup_fdce_C_D)        0.101     5.813    group_dist_q_reg[6]
  -------------------------------------------------------------------
                         required time                          5.813    
                         arrival time                          -5.328    
  -------------------------------------------------------------------
                         slack                                  0.485    

Slack (MET) :             0.606ns  (required time - arrival time)
  Source:                 gen_lane[3].i_lane/popcount_part_q_o_reg[0][0]/C
                            (rising edge-triggered cell FDCE clocked by clk_i  {rise@0.000ns fall@2.500ns period=5.000ns})
  Destination:            group_dist_q_reg[5]/D
                            (rising edge-triggered cell FDCE clocked by clk_i  {rise@0.000ns fall@2.500ns period=5.000ns})
  Path Group:             clk_i
  Path Type:              Setup (Max at Slow Process Corner)
  Requirement:            5.000ns  (clk_i rise@5.000ns - clk_i rise@0.000ns)
  Data Path Delay:        4.420ns  (logic 2.168ns (49.050%)  route 2.252ns (50.950%))
  Logic Levels:           7  (CARRY4=3 LUT3=2 LUT5=1 LUT6=1)
  Clock Path Skew:        -0.039ns (DCD - SCD + CPR)
    Destination Clock Delay (DCD):    0.748ns = ( 5.748 - 5.000 ) 
    Source Clock Delay      (SCD):    0.787ns
    Clock Pessimism Removal (CPR):    0.000ns
  Clock Uncertainty:      0.035ns  ((TSJ^2 + TIJ^2)^1/2 + DJ) / 2 + PE
    Total System Jitter     (TSJ):    0.071ns
    Total Input Jitter      (TIJ):    0.000ns
    Discrete Jitter          (DJ):    0.000ns
    Phase Error              (PE):    0.000ns

    Location             Delay type                Incr(ns)  Path(ns)    Netlist Resource(s)
  -------------------------------------------------------------------    -------------------
                         (clock clk_i rise edge)      0.000     0.000 r  
                                                      0.000     0.000 r  clk_i (IN)
                         net (fo=2483, unset)         0.787     0.787    gen_lane[3].i_lane/clk_i
                         FDCE                                         r  gen_lane[3].i_lane/popcount_part_q_o_reg[0][0]/C
  -------------------------------------------------------------------    -------------------
                         FDCE (Prop_fdce_C_Q)         0.433     1.220 r  gen_lane[3].i_lane/popcount_part_q_o_reg[0][0]/Q
                         net (fo=3, unplaced)         0.617     1.837    gen_lane[3].i_lane/lane_popcnt_part_q[3][0][0]
                                                                      r  gen_lane[3].i_lane/group_dist_q[7]_i_18/I0
                         LUT3 (Prop_lut3_I0_O)        0.232     2.069 r  gen_lane[3].i_lane/group_dist_q[7]_i_18/O
                         net (fo=1, unplaced)         0.537     2.606    gen_lane[3].i_lane/group_dist_q[7]_i_18_n_0
                                                                      r  gen_lane[3].i_lane/group_dist_q_reg[7]_i_12/DI[1]
                         CARRY4 (Prop_carry4_DI[1]_O[2])
                                                      0.466     3.072 r  gen_lane[3].i_lane/group_dist_q_reg[7]_i_12/O[2]
                         net (fo=3, unplaced)         0.367     3.439    gen_lane[0].i_lane/O[1]
                                                                      r  gen_lane[0].i_lane/group_dist_q[3]_i_9/I2
                         LUT3 (Prop_lut3_I2_O)        0.244     3.683 r  gen_lane[0].i_lane/group_dist_q[3]_i_9/O
                         net (fo=3, unplaced)         0.365     4.048    gen_lane[0].i_lane/group_dist_q[3]_i_9_n_0
                                                                      r  gen_lane[0].i_lane/group_dist_q[3]_i_2/I1
                         LUT5 (Prop_lut5_I1_O)        0.105     4.153 r  gen_lane[0].i_lane/group_dist_q[3]_i_2/O
                         net (fo=2, unplaced)         0.358     4.511    gen_lane[0].i_lane/group_dist_q[3]_i_2_n_0
                                                                      r  gen_lane[0].i_lane/group_dist_q[3]_i_5/I0
                         LUT6 (Prop_lut6_I0_O)        0.105     4.616 r  gen_lane[0].i_lane/group_dist_q[3]_i_5/O
                         net (fo=1, unplaced)         0.000     4.616    gen_lane[0].i_lane/group_dist_q[3]_i_5_n_0
                                                                      r  gen_lane[0].i_lane/group_dist_q_reg[3]_i_1/S[3]
                         CARRY4 (Prop_carry4_S[3]_CO[3])
                                                      0.314     4.930 r  gen_lane[0].i_lane/group_dist_q_reg[3]_i_1/CO[3]
                         net (fo=1, unplaced)         0.008     4.938    gen_lane[0].i_lane/group_dist_q_reg[3]_i_1_n_0
                                                                      r  gen_lane[0].i_lane/group_dist_q_reg[7]_i_1/CI
                         CARRY4 (Prop_carry4_CI_O[1])
                                                      0.269     5.207 r  gen_lane[0].i_lane/group_dist_q_reg[7]_i_1/O[1]
                         net (fo=1, unplaced)         0.000     5.207    group_dist_sum[5]
                         FDCE                                         r  group_dist_q_reg[5]/D
  -------------------------------------------------------------------    -------------------

                         (clock clk_i rise edge)      5.000     5.000 r  
                                                      0.000     5.000 r  clk_i (IN)
                         net (fo=2483, unset)         0.748     5.748    clk_i
                         FDCE                                         r  group_dist_q_reg[5]/C
                         clock pessimism              0.000     5.748    
                         clock uncertainty           -0.035     5.712    
                         FDCE (Setup_fdce_C_D)        0.101     5.813    group_dist_q_reg[5]
  -------------------------------------------------------------------
                         required time                          5.813    
                         arrival time                          -5.207    
  -------------------------------------------------------------------
                         slack                                  0.606    

Slack (MET) :             0.686ns  (required time - arrival time)
  Source:                 gen_lane[3].i_lane/popcount_part_q_o_reg[0][0]/C
                            (rising edge-triggered cell FDCE clocked by clk_i  {rise@0.000ns fall@2.500ns period=5.000ns})
  Destination:            group_dist_q_reg[4]/D
                            (rising edge-triggered cell FDCE clocked by clk_i  {rise@0.000ns fall@2.500ns period=5.000ns})
  Path Group:             clk_i
  Path Type:              Setup (Max at Slow Process Corner)
  Requirement:            5.000ns  (clk_i rise@5.000ns - clk_i rise@0.000ns)
  Data Path Delay:        4.340ns  (logic 2.088ns (48.111%)  route 2.252ns (51.889%))
  Logic Levels:           7  (CARRY4=3 LUT3=2 LUT5=1 LUT6=1)
  Clock Path Skew:        -0.039ns (DCD - SCD + CPR)
    Destination Clock Delay (DCD):    0.748ns = ( 5.748 - 5.000 ) 
    Source Clock Delay      (SCD):    0.787ns
    Clock Pessimism Removal (CPR):    0.000ns
  Clock Uncertainty:      0.035ns  ((TSJ^2 + TIJ^2)^1/2 + DJ) / 2 + PE
    Total System Jitter     (TSJ):    0.071ns
    Total Input Jitter      (TIJ):    0.000ns
    Discrete Jitter          (DJ):    0.000ns
    Phase Error              (PE):    0.000ns

    Location             Delay type                Incr(ns)  Path(ns)    Netlist Resource(s)
  -------------------------------------------------------------------    -------------------
                         (clock clk_i rise edge)      0.000     0.000 r  
                                                      0.000     0.000 r  clk_i (IN)
                         net (fo=2483, unset)         0.787     0.787    gen_lane[3].i_lane/clk_i
                         FDCE                                         r  gen_lane[3].i_lane/popcount_part_q_o_reg[0][0]/C
  -------------------------------------------------------------------    -------------------
                         FDCE (Prop_fdce_C_Q)         0.433     1.220 r  gen_lane[3].i_lane/popcount_part_q_o_reg[0][0]/Q
                         net (fo=3, unplaced)         0.617     1.837    gen_lane[3].i_lane/lane_popcnt_part_q[3][0][0]
                                                                      r  gen_lane[3].i_lane/group_dist_q[7]_i_18/I0
                         LUT3 (Prop_lut3_I0_O)        0.232     2.069 r  gen_lane[3].i_lane/group_dist_q[7]_i_18/O
                         net (fo=1, unplaced)         0.537     2.606    gen_lane[3].i_lane/group_dist_q[7]_i_18_n_0
                                                                      r  gen_lane[3].i_lane/group_dist_q_reg[7]_i_12/DI[1]
                         CARRY4 (Prop_carry4_DI[1]_O[2])
                                                      0.466     3.072 r  gen_lane[3].i_lane/group_dist_q_reg[7]_i_12/O[2]
                         net (fo=3, unplaced)         0.367     3.439    gen_lane[0].i_lane/O[1]
                                                                      r  gen_lane[0].i_lane/group_dist_q[3]_i_9/I2
                         LUT3 (Prop_lut3_I2_O)        0.244     3.683 r  gen_lane[0].i_lane/group_dist_q[3]_i_9/O
                         net (fo=3, unplaced)         0.365     4.048    gen_lane[0].i_lane/group_dist_q[3]_i_9_n_0
                                                                      r  gen_lane[0].i_lane/group_dist_q[3]_i_2/I1
                         LUT5 (Prop_lut5_I1_O)        0.105     4.153 r  gen_lane[0].i_lane/group_dist_q[3]_i_2/O
                         net (fo=2, unplaced)         0.358     4.511    gen_lane[0].i_lane/group_dist_q[3]_i_2_n_0
                                                                      r  gen_lane[0].i_lane/group_dist_q[3]_i_5/I0
                         LUT6 (Prop_lut6_I0_O)        0.105     4.616 r  gen_lane[0].i_lane/group_dist_q[3]_i_5/O
                         net (fo=1, unplaced)         0.000     4.616    gen_lane[0].i_lane/group_dist_q[3]_i_5_n_0
                                                                      r  gen_lane[0].i_lane/group_dist_q_reg[3]_i_1/S[3]
                         CARRY4 (Prop_carry4_S[3]_CO[3])
                                                      0.314     4.930 r  gen_lane[0].i_lane/group_dist_q_reg[3]_i_1/CO[3]
                         net (fo=1, unplaced)         0.008     4.938    gen_lane[0].i_lane/group_dist_q_reg[3]_i_1_n_0
                                                                      r  gen_lane[0].i_lane/group_dist_q_reg[7]_i_1/CI
                         CARRY4 (Prop_carry4_CI_O[0])
                                                      0.189     5.127 r  gen_lane[0].i_lane/group_dist_q_reg[7]_i_1/O[0]
                         net (fo=1, unplaced)         0.000     5.127    group_dist_sum[4]
                         FDCE                                         r  group_dist_q_reg[4]/D
  -------------------------------------------------------------------    -------------------

                         (clock clk_i rise edge)      5.000     5.000 r  
                                                      0.000     5.000 r  clk_i (IN)
                         net (fo=2483, unset)         0.748     5.748    clk_i
                         FDCE                                         r  group_dist_q_reg[4]/C
                         clock pessimism              0.000     5.748    
                         clock uncertainty           -0.035     5.712    
                         FDCE (Setup_fdce_C_D)        0.101     5.813    group_dist_q_reg[4]
  -------------------------------------------------------------------
                         required time                          5.813    
                         arrival time                          -5.127    
  -------------------------------------------------------------------
                         slack                                  0.686    




