Targeted timing group: HDEC targeted
Patterns: hdec p1_pop_d p1_xor_d pop_q xor_q hmatch hsim res_q result scalar_response lane_popcnt vrf
Matched cells (6131):
  ecc_pmul_result_q[5]_i_1 LUT6
  ecc_pmul_result_q[5]_i_2 LUT2
  ecc_pmul_result_q_reg[0] FDCE
  ecc_pmul_result_q_reg[1] FDCE
  ecc_pmul_result_q_reg[2] FDCE
  ecc_pmul_result_q_reg[3] FDCE
  ecc_pmul_result_q_reg[4] FDCE
  ecc_pmul_result_q_reg[5] FDCE
  gen_lane[0].i_lane/bool_result_q_reg[0] FDCE
  gen_lane[0].i_lane/bool_result_q_reg[10] FDCE
  gen_lane[0].i_lane/bool_result_q_reg[11] FDCE
  gen_lane[0].i_lane/bool_result_q_reg[12] FDCE
  gen_lane[0].i_lane/bool_result_q_reg[13] FDCE
  gen_lane[0].i_lane/bool_result_q_reg[14] FDCE
  gen_lane[0].i_lane/bool_result_q_reg[15] FDCE
  gen_lane[0].i_lane/bool_result_q_reg[16] FDCE
  gen_lane[0].i_lane/bool_result_q_reg[17] FDCE
  gen_lane[0].i_lane/bool_result_q_reg[18] FDCE
  gen_lane[0].i_lane/bool_result_q_reg[19] FDCE
  gen_lane[0].i_lane/bool_result_q_reg[1] FDCE
  gen_lane[0].i_lane/bool_result_q_reg[20] FDCE
  gen_lane[0].i_lane/bool_result_q_reg[21] FDCE
  gen_lane[0].i_lane/bool_result_q_reg[22] FDCE
  gen_lane[0].i_lane/bool_result_q_reg[23] FDCE
  gen_lane[0].i_lane/bool_result_q_reg[24] FDCE
  gen_lane[0].i_lane/bool_result_q_reg[25] FDCE
  gen_lane[0].i_lane/bool_result_q_reg[26] FDCE
  gen_lane[0].i_lane/bool_result_q_reg[27] FDCE
  gen_lane[0].i_lane/bool_result_q_reg[28] FDCE
  gen_lane[0].i_lane/bool_result_q_reg[29] FDCE
  gen_lane[0].i_lane/bool_result_q_reg[2] FDCE
  gen_lane[0].i_lane/bool_result_q_reg[30] FDCE
  gen_lane[0].i_lane/bool_result_q_reg[31] FDCE
  gen_lane[0].i_lane/bool_result_q_reg[32] FDCE
  gen_lane[0].i_lane/bool_result_q_reg[33] FDCE
  gen_lane[0].i_lane/bool_result_q_reg[34] FDCE
  gen_lane[0].i_lane/bool_result_q_reg[35] FDCE
  gen_lane[0].i_lane/bool_result_q_reg[36] FDCE
  gen_lane[0].i_lane/bool_result_q_reg[37] FDCE
  gen_lane[0].i_lane/bool_result_q_reg[38] FDCE
  gen_lane[0].i_lane/bool_result_q_reg[39] FDCE
  gen_lane[0].i_lane/bool_result_q_reg[3] FDCE
  gen_lane[0].i_lane/bool_result_q_reg[40] FDCE
  gen_lane[0].i_lane/bool_result_q_reg[41] FDCE
  gen_lane[0].i_lane/bool_result_q_reg[42] FDCE
  gen_lane[0].i_lane/bool_result_q_reg[43] FDCE
  gen_lane[0].i_lane/bool_result_q_reg[44] FDCE
  gen_lane[0].i_lane/bool_result_q_reg[45] FDCE
  gen_lane[0].i_lane/bool_result_q_reg[46] FDCE
  gen_lane[0].i_lane/bool_result_q_reg[47] FDCE
  gen_lane[0].i_lane/bool_result_q_reg[48] FDCE
  gen_lane[0].i_lane/bool_result_q_reg[49] FDCE
  gen_lane[0].i_lane/bool_result_q_reg[4] FDCE
  gen_lane[0].i_lane/bool_result_q_reg[50] FDCE
  gen_lane[0].i_lane/bool_result_q_reg[51] FDCE
  gen_lane[0].i_lane/bool_result_q_reg[52] FDCE
  gen_lane[0].i_lane/bool_result_q_reg[53] FDCE
  gen_lane[0].i_lane/bool_result_q_reg[54] FDCE
  gen_lane[0].i_lane/bool_result_q_reg[55] FDCE
  gen_lane[0].i_lane/bool_result_q_reg[56] FDCE
  gen_lane[0].i_lane/bool_result_q_reg[57] FDCE
  gen_lane[0].i_lane/bool_result_q_reg[58] FDCE
  gen_lane[0].i_lane/bool_result_q_reg[59] FDCE
  gen_lane[0].i_lane/bool_result_q_reg[5] FDCE
  gen_lane[0].i_lane/bool_result_q_reg[60] FDCE
  gen_lane[0].i_lane/bool_result_q_reg[61] FDCE
  gen_lane[0].i_lane/bool_result_q_reg[62] FDCE
  gen_lane[0].i_lane/bool_result_q_reg[63] FDCE
  gen_lane[0].i_lane/bool_result_q_reg[6] FDCE
  gen_lane[0].i_lane/bool_result_q_reg[7] FDCE
  gen_lane[0].i_lane/bool_result_q_reg[8] FDCE
  gen_lane[0].i_lane/bool_result_q_reg[9] FDCE
  gen_lane[0].i_lane/gen_bank[0].vrf_mem_reg_0_63_0_2_i_1 LUT5
  gen_lane[0].i_lane/gen_bank[0].vrf_mem_reg_0_63_0_2_i_11 LUT6
  gen_lane[0].i_lane/gen_bank[0].vrf_mem_reg_0_63_0_2_i_14 LUT4
  gen_lane[0].i_lane/gen_bank[0].vrf_mem_reg_0_63_0_2_i_17 LUT5
  gen_lane[0].i_lane/gen_bank[0].vrf_mem_reg_0_63_0_2_i_2 LUT6
  gen_lane[0].i_lane/gen_bank[0].vrf_mem_reg_0_63_0_2_i_44 LUT4
  gen_lane[0].i_lane/gen_bank[0].vrf_mem_reg_0_63_12_14_i_10 LUT4
  gen_lane[0].i_lane/gen_bank[0].vrf_mem_reg_0_63_12_14_i_12 LUT4
  gen_lane[0].i_lane/gen_bank[0].vrf_mem_reg_0_63_12_14_i_2 LUT6
  gen_lane[0].i_lane/gen_bank[0].vrf_mem_reg_0_63_12_14_i_5 LUT5
  gen_lane[0].i_lane/gen_bank[0].vrf_mem_reg_0_63_12_14_i_6 LUT4
  gen_lane[0].i_lane/gen_bank[0].vrf_mem_reg_0_63_12_14_i_8 LUT6
  gen_lane[0].i_lane/gen_bank[0].vrf_mem_reg_0_63_15_17_i_1 LUT6
  gen_lane[0].i_lane/gen_bank[0].vrf_mem_reg_0_63_15_17_i_12 LUT4
  gen_lane[0].i_lane/gen_bank[0].vrf_mem_reg_0_63_15_17_i_3 LUT6
  gen_lane[0].i_lane/gen_bank[0].vrf_mem_reg_0_63_15_17_i_4 LUT4
  gen_lane[0].i_lane/gen_bank[0].vrf_mem_reg_0_63_15_17_i_7 LUT5
  gen_lane[0].i_lane/gen_bank[0].vrf_mem_reg_0_63_15_17_i_8 LUT4
  gen_lane[0].i_lane/gen_bank[0].vrf_mem_reg_0_63_18_20_i_13 LUT4
  gen_lane[0].i_lane/gen_bank[0].vrf_mem_reg_0_63_18_20_i_2 LUT6
  gen_lane[0].i_lane/gen_bank[0].vrf_mem_reg_0_63_18_20_i_4 LUT6
  gen_lane[0].i_lane/gen_bank[0].vrf_mem_reg_0_63_18_20_i_5 LUT4
  gen_lane[0].i_lane/gen_bank[0].vrf_mem_reg_0_63_18_20_i_8 LUT5
  gen_lane[0].i_lane/gen_bank[0].vrf_mem_reg_0_63_18_20_i_9 LUT4
  gen_lane[0].i_lane/gen_bank[0].vrf_mem_reg_0_63_21_23_i_1 LUT6
  gen_lane[0].i_lane/gen_bank[0].vrf_mem_reg_0_63_21_23_i_12 LUT4
  gen_lane[0].i_lane/gen_bank[0].vrf_mem_reg_0_63_21_23_i_3 LUT6
  gen_lane[0].i_lane/gen_bank[0].vrf_mem_reg_0_63_21_23_i_4 LUT4
  gen_lane[0].i_lane/gen_bank[0].vrf_mem_reg_0_63_21_23_i_7 LUT5
  gen_lane[0].i_lane/gen_bank[0].vrf_mem_reg_0_63_21_23_i_8 LUT4
  gen_lane[0].i_lane/gen_bank[0].vrf_mem_reg_0_63_24_26_i_11 LUT4
  gen_lane[0].i_lane/gen_bank[0].vrf_mem_reg_0_63_24_26_i_14 LUT4
  gen_lane[0].i_lane/gen_bank[0].vrf_mem_reg_0_63_24_26_i_2 LUT6
  gen_lane[0].i_lane/gen_bank[0].vrf_mem_reg_0_63_24_26_i_5 LUT5
  gen_lane[0].i_lane/gen_bank[0].vrf_mem_reg_0_63_24_26_i_6 LUT4
  gen_lane[0].i_lane/gen_bank[0].vrf_mem_reg_0_63_24_26_i_9 LUT5
  gen_lane[0].i_lane/gen_bank[0].vrf_mem_reg_0_63_27_29_i_1 LUT6
  gen_lane[0].i_lane/gen_bank[0].vrf_mem_reg_0_63_27_29_i_12 LUT4
  gen_lane[0].i_lane/gen_bank[0].vrf_mem_reg_0_63_27_29_i_3 LUT6
  gen_lane[0].i_lane/gen_bank[0].vrf_mem_reg_0_63_27_29_i_4 LUT4
  gen_lane[0].i_lane/gen_bank[0].vrf_mem_reg_0_63_27_29_i_7 LUT5
  gen_lane[0].i_lane/gen_bank[0].vrf_mem_reg_0_63_27_29_i_8 LUT4
  gen_lane[0].i_lane/gen_bank[0].vrf_mem_reg_0_63_30_32_i_10 LUT4
  gen_lane[0].i_lane/gen_bank[0].vrf_mem_reg_0_63_30_32_i_12 LUT4
  gen_lane[0].i_lane/gen_bank[0].vrf_mem_reg_0_63_30_32_i_2 LUT6
  gen_lane[0].i_lane/gen_bank[0].vrf_mem_reg_0_63_30_32_i_5 LUT5
  gen_lane[0].i_lane/gen_bank[0].vrf_mem_reg_0_63_30_32_i_6 LUT4
  gen_lane[0].i_lane/gen_bank[0].vrf_mem_reg_0_63_30_32_i_8 LUT6
  gen_lane[0].i_lane/gen_bank[0].vrf_mem_reg_0_63_33_35_i_1 LUT6
  gen_lane[0].i_lane/gen_bank[0].vrf_mem_reg_0_63_33_35_i_12 LUT4
  gen_lane[0].i_lane/gen_bank[0].vrf_mem_reg_0_63_33_35_i_3 LUT6
  gen_lane[0].i_lane/gen_bank[0].vrf_mem_reg_0_63_33_35_i_4 LUT4
  gen_lane[0].i_lane/gen_bank[0].vrf_mem_reg_0_63_33_35_i_7 LUT5
  gen_lane[0].i_lane/gen_bank[0].vrf_mem_reg_0_63_33_35_i_8 LUT4
  gen_lane[0].i_lane/gen_bank[0].vrf_mem_reg_0_63_36_38_i_11 LUT4
  gen_lane[0].i_lane/gen_bank[0].vrf_mem_reg_0_63_36_38_i_13 LUT4
  gen_lane[0].i_lane/gen_bank[0].vrf_mem_reg_0_63_36_38_i_2 LUT6
  gen_lane[0].i_lane/gen_bank[0].vrf_mem_reg_0_63_36_38_i_5 LUT5
  gen_lane[0].i_lane/gen_bank[0].vrf_mem_reg_0_63_36_38_i_6 LUT4
  gen_lane[0].i_lane/gen_bank[0].vrf_mem_reg_0_63_36_38_i_9 LUT6
  gen_lane[0].i_lane/gen_bank[0].vrf_mem_reg_0_63_39_41_i_1 LUT6
  gen_lane[0].i_lane/gen_bank[0].vrf_mem_reg_0_63_39_41_i_13 LUT4
  gen_lane[0].i_lane/gen_bank[0].vrf_mem_reg_0_63_39_41_i_3 LUT6
  gen_lane[0].i_lane/gen_bank[0].vrf_mem_reg_0_63_39_41_i_4 LUT4
  gen_lane[0].i_lane/gen_bank[0].vrf_mem_reg_0_63_39_41_i_8 LUT5
  gen_lane[0].i_lane/gen_bank[0].vrf_mem_reg_0_63_39_41_i_9 LUT4
  gen_lane[0].i_lane/gen_bank[0].vrf_mem_reg_0_63_3_5_i_1 LUT6
  gen_lane[0].i_lane/gen_bank[0].vrf_mem_reg_0_63_3_5_i_12 LUT4
  gen_lane[0].i_lane/gen_bank[0].vrf_mem_reg_0_63_3_5_i_3 LUT6
  gen_lane[0].i_lane/gen_bank[0].vrf_mem_reg_0_63_3_5_i_4 LUT4
  gen_lane[0].i_lane/gen_bank[0].vrf_mem_reg_0_63_3_5_i_7 LUT5
  gen_lane[0].i_lane/gen_bank[0].vrf_mem_reg_0_63_3_5_i_8 LUT4
  gen_lane[0].i_lane/gen_bank[0].vrf_mem_reg_0_63_42_44_i_11 LUT4
  gen_lane[0].i_lane/gen_bank[0].vrf_mem_reg_0_63_42_44_i_14 LUT4
  gen_lane[0].i_lane/gen_bank[0].vrf_mem_reg_0_63_42_44_i_2 LUT6
  gen_lane[0].i_lane/gen_bank[0].vrf_mem_reg_0_63_42_44_i_5 LUT5
  gen_lane[0].i_lane/gen_bank[0].vrf_mem_reg_0_63_42_44_i_6 LUT4
  gen_lane[0].i_lane/gen_bank[0].vrf_mem_reg_0_63_42_44_i_9 LUT5
  gen_lane[0].i_lane/gen_bank[0].vrf_mem_reg_0_63_45_47_i_1 LUT6
  gen_lane[0].i_lane/gen_bank[0].vrf_mem_reg_0_63_45_47_i_10 LUT4
  gen_lane[0].i_lane/gen_bank[0].vrf_mem_reg_0_63_45_47_i_3 LUT6
  gen_lane[0].i_lane/gen_bank[0].vrf_mem_reg_0_63_45_47_i_4 LUT4
  gen_lane[0].i_lane/gen_bank[0].vrf_mem_reg_0_63_45_47_i_6 LUT6
  gen_lane[0].i_lane/gen_bank[0].vrf_mem_reg_0_63_45_47_i_7 LUT4
  gen_lane[0].i_lane/gen_bank[0].vrf_mem_reg_0_63_48_50_i_13 LUT4
  gen_lane[0].i_lane/gen_bank[0].vrf_mem_reg_0_63_48_50_i_2 LUT6
  gen_lane[0].i_lane/gen_bank[0].vrf_mem_reg_0_63_48_50_i_4 LUT6
  gen_lane[0].i_lane/gen_bank[0].vrf_mem_reg_0_63_48_50_i_5 LUT4
  gen_lane[0].i_lane/gen_bank[0].vrf_mem_reg_0_63_48_50_i_8 LUT5
  gen_lane[0].i_lane/gen_bank[0].vrf_mem_reg_0_63_48_50_i_9 LUT4
  gen_lane[0].i_lane/gen_bank[0].vrf_mem_reg_0_63_51_53_i_1 LUT6
  gen_lane[0].i_lane/gen_bank[0].vrf_mem_reg_0_63_51_53_i_10 LUT4
  gen_lane[0].i_lane/gen_bank[0].vrf_mem_reg_0_63_51_53_i_3 LUT6
  gen_lane[0].i_lane/gen_bank[0].vrf_mem_reg_0_63_51_53_i_4 LUT4
  gen_lane[0].i_lane/gen_bank[0].vrf_mem_reg_0_63_51_53_i_6 LUT6
  gen_lane[0].i_lane/gen_bank[0].vrf_mem_reg_0_63_51_53_i_7 LUT4
  gen_lane[0].i_lane/gen_bank[0].vrf_mem_reg_0_63_54_56_i_11 LUT4
  gen_lane[0].i_lane/gen_bank[0].vrf_mem_reg_0_63_54_56_i_14 LUT4
  gen_lane[0].i_lane/gen_bank[0].vrf_mem_reg_0_63_54_56_i_2 LUT6
  gen_lane[0].i_lane/gen_bank[0].vrf_mem_reg_0_63_54_56_i_5 LUT5
  gen_lane[0].i_lane/gen_bank[0].vrf_mem_reg_0_63_54_56_i_6 LUT4
  gen_lane[0].i_lane/gen_bank[0].vrf_mem_reg_0_63_54_56_i_9 LUT5
  gen_lane[0].i_lane/gen_bank[0].vrf_mem_reg_0_63_57_59_i_1 LUT6
  gen_lane[0].i_lane/gen_bank[0].vrf_mem_reg_0_63_57_59_i_12 LUT4
  gen_lane[0].i_lane/gen_bank[0].vrf_mem_reg_0_63_57_59_i_3 LUT6
  gen_lane[0].i_lane/gen_bank[0].vrf_mem_reg_0_63_57_59_i_4 LUT4
  gen_lane[0].i_lane/gen_bank[0].vrf_mem_reg_0_63_57_59_i_7 LUT5
  gen_lane[0].i_lane/gen_bank[0].vrf_mem_reg_0_63_57_59_i_8 LUT4
  gen_lane[0].i_lane/gen_bank[0].vrf_mem_reg_0_63_60_62_i_11 LUT4
  gen_lane[0].i_lane/gen_bank[0].vrf_mem_reg_0_63_60_62_i_14 LUT4
  gen_lane[0].i_lane/gen_bank[0].vrf_mem_reg_0_63_60_62_i_2 LUT6
  gen_lane[0].i_lane/gen_bank[0].vrf_mem_reg_0_63_60_62_i_5 LUT5
  gen_lane[0].i_lane/gen_bank[0].vrf_mem_reg_0_63_60_62_i_6 LUT4
  gen_lane[0].i_lane/gen_bank[0].vrf_mem_reg_0_63_60_62_i_9 LUT5
  gen_lane[0].i_lane/gen_bank[0].vrf_mem_reg_0_63_63_63_i_1 LUT6
  gen_lane[0].i_lane/gen_bank[0].vrf_mem_reg_0_63_63_63_i_2 LUT4
  gen_lane[0].i_lane/gen_bank[0].vrf_mem_reg_0_63_6_8_i_11 LUT4
  gen_lane[0].i_lane/gen_bank[0].vrf_mem_reg_0_63_6_8_i_2 LUT6
  gen_lane[0].i_lane/gen_bank[0].vrf_mem_reg_0_63_6_8_i_4 LUT6
  gen_lane[0].i_lane/gen_bank[0].vrf_mem_reg_0_63_6_8_i_5 LUT4
  gen_lane[0].i_lane/gen_bank[0].vrf_mem_reg_0_63_6_8_i_7 LUT6
  gen_lane[0].i_lane/gen_bank[0].vrf_mem_reg_0_63_6_8_i_8 LUT4
  gen_lane[0].i_lane/gen_bank[0].vrf_mem_reg_0_63_9_11_i_1 LUT6
  gen_lane[0].i_lane/gen_bank[0].vrf_mem_reg_0_63_9_11_i_12 LUT4
  gen_lane[0].i_lane/gen_bank[0].vrf_mem_reg_0_63_9_11_i_3 LUT6
  gen_lane[0].i_lane/gen_bank[0].vrf_mem_reg_0_63_9_11_i_4 LUT4
  gen_lane[0].i_lane/gen_bank[0].vrf_mem_reg_0_63_9_11_i_7 LUT5
  gen_lane[0].i_lane/gen_bank[0].vrf_mem_reg_0_63_9_11_i_8 LUT4
  gen_lane[0].i_lane/i_shift_align/lane_result_q[0][0]_i_1 LUT6
Matched nets (13037):
  ecc_pmul_result_q[0] fanout=11 driver=ecc_pmul_result_q_reg[0]/Q
  ecc_pmul_result_q[1] fanout=9 driver=ecc_pmul_result_q_reg[1]/Q
  ecc_pmul_result_q[2] fanout=7 driver=ecc_pmul_result_q_reg[2]/Q
  ecc_pmul_result_q[3] fanout=6 driver=ecc_pmul_result_q_reg[3]/Q
  ecc_pmul_result_q[4] fanout=5 driver=ecc_pmul_result_q_reg[4]/Q
  ecc_pmul_result_q[5] fanout=5 driver=ecc_pmul_result_q_reg[5]/Q
  ecc_pmul_result_q[5]_i_2_n_0 fanout=11 driver=ecc_pmul_result_q[5]_i_2/O
  gen_lane[0].i_lane/bool_result_q_reg[63]_0[0] fanout=256 driver=gen_lane[3].i_lane/bool_result_q[63]_i_1__2/O
  gen_lane[0].i_lane/bool_result_q_reg[63]_1[0] fanout=1 driver=i_vrf/bool_result_q[0]_i_1/O
  gen_lane[0].i_lane/bool_result_q_reg[63]_1[10] fanout=1 driver=i_vrf/bool_result_q[10]_i_1/O
  gen_lane[0].i_lane/bool_result_q_reg[63]_1[11] fanout=1 driver=i_vrf/bool_result_q[11]_i_1/O
  gen_lane[0].i_lane/bool_result_q_reg[63]_1[12] fanout=1 driver=i_vrf/bool_result_q[12]_i_1/O
  gen_lane[0].i_lane/bool_result_q_reg[63]_1[13] fanout=1 driver=i_vrf/bool_result_q[13]_i_1/O
  gen_lane[0].i_lane/bool_result_q_reg[63]_1[14] fanout=1 driver=i_vrf/bool_result_q[14]_i_1/O
  gen_lane[0].i_lane/bool_result_q_reg[63]_1[15] fanout=1 driver=i_vrf/bool_result_q[15]_i_1/O
  gen_lane[0].i_lane/bool_result_q_reg[63]_1[16] fanout=1 driver=i_vrf/bool_result_q[16]_i_1/O
  gen_lane[0].i_lane/bool_result_q_reg[63]_1[17] fanout=1 driver=i_vrf/bool_result_q[17]_i_1/O
  gen_lane[0].i_lane/bool_result_q_reg[63]_1[18] fanout=1 driver=i_vrf/bool_result_q[18]_i_1/O
  gen_lane[0].i_lane/bool_result_q_reg[63]_1[19] fanout=1 driver=i_vrf/bool_result_q[19]_i_1/O
  gen_lane[0].i_lane/bool_result_q_reg[63]_1[1] fanout=1 driver=i_vrf/bool_result_q[1]_i_1/O
  gen_lane[0].i_lane/bool_result_q_reg[63]_1[20] fanout=1 driver=i_vrf/bool_result_q[20]_i_1/O
  gen_lane[0].i_lane/bool_result_q_reg[63]_1[21] fanout=1 driver=i_vrf/bool_result_q[21]_i_1/O
  gen_lane[0].i_lane/bool_result_q_reg[63]_1[22] fanout=1 driver=i_vrf/bool_result_q[22]_i_1/O
  gen_lane[0].i_lane/bool_result_q_reg[63]_1[23] fanout=1 driver=i_vrf/bool_result_q[23]_i_1/O
  gen_lane[0].i_lane/bool_result_q_reg[63]_1[24] fanout=1 driver=i_vrf/bool_result_q[24]_i_1/O
  gen_lane[0].i_lane/bool_result_q_reg[63]_1[25] fanout=1 driver=i_vrf/bool_result_q[25]_i_1/O
  gen_lane[0].i_lane/bool_result_q_reg[63]_1[26] fanout=1 driver=i_vrf/bool_result_q[26]_i_1/O
  gen_lane[0].i_lane/bool_result_q_reg[63]_1[27] fanout=1 driver=i_vrf/bool_result_q[27]_i_1/O
  gen_lane[0].i_lane/bool_result_q_reg[63]_1[28] fanout=1 driver=i_vrf/bool_result_q[28]_i_1/O
  gen_lane[0].i_lane/bool_result_q_reg[63]_1[29] fanout=1 driver=i_vrf/bool_result_q[29]_i_1/O
  gen_lane[0].i_lane/bool_result_q_reg[63]_1[2] fanout=1 driver=i_vrf/bool_result_q[2]_i_1/O
  gen_lane[0].i_lane/bool_result_q_reg[63]_1[30] fanout=1 driver=i_vrf/bool_result_q[30]_i_1/O
  gen_lane[0].i_lane/bool_result_q_reg[63]_1[31] fanout=1 driver=i_vrf/bool_result_q[31]_i_1/O
  gen_lane[0].i_lane/bool_result_q_reg[63]_1[32] fanout=1 driver=i_vrf/bool_result_q[32]_i_1/O
  gen_lane[0].i_lane/bool_result_q_reg[63]_1[33] fanout=1 driver=i_vrf/bool_result_q[33]_i_1/O
  gen_lane[0].i_lane/bool_result_q_reg[63]_1[34] fanout=1 driver=i_vrf/bool_result_q[34]_i_1/O
  gen_lane[0].i_lane/bool_result_q_reg[63]_1[35] fanout=1 driver=i_vrf/bool_result_q[35]_i_1/O
  gen_lane[0].i_lane/bool_result_q_reg[63]_1[36] fanout=1 driver=i_vrf/bool_result_q[36]_i_1/O
  gen_lane[0].i_lane/bool_result_q_reg[63]_1[37] fanout=1 driver=i_vrf/bool_result_q[37]_i_1/O
  gen_lane[0].i_lane/bool_result_q_reg[63]_1[38] fanout=1 driver=i_vrf/bool_result_q[38]_i_1/O
  gen_lane[0].i_lane/bool_result_q_reg[63]_1[39] fanout=1 driver=i_vrf/bool_result_q[39]_i_1/O
  gen_lane[0].i_lane/bool_result_q_reg[63]_1[3] fanout=1 driver=i_vrf/bool_result_q[3]_i_1/O
  gen_lane[0].i_lane/bool_result_q_reg[63]_1[40] fanout=1 driver=i_vrf/bool_result_q[40]_i_1/O
  gen_lane[0].i_lane/bool_result_q_reg[63]_1[41] fanout=1 driver=i_vrf/bool_result_q[41]_i_1/O
  gen_lane[0].i_lane/bool_result_q_reg[63]_1[42] fanout=1 driver=i_vrf/bool_result_q[42]_i_1/O
  gen_lane[0].i_lane/bool_result_q_reg[63]_1[43] fanout=1 driver=i_vrf/bool_result_q[43]_i_1/O
  gen_lane[0].i_lane/bool_result_q_reg[63]_1[44] fanout=1 driver=i_vrf/bool_result_q[44]_i_1/O
  gen_lane[0].i_lane/bool_result_q_reg[63]_1[45] fanout=1 driver=i_vrf/bool_result_q[45]_i_1/O
  gen_lane[0].i_lane/bool_result_q_reg[63]_1[46] fanout=1 driver=i_vrf/bool_result_q[46]_i_1/O
  gen_lane[0].i_lane/bool_result_q_reg[63]_1[47] fanout=1 driver=i_vrf/bool_result_q[47]_i_1/O
  gen_lane[0].i_lane/bool_result_q_reg[63]_1[48] fanout=1 driver=i_vrf/bool_result_q[48]_i_1/O
  gen_lane[0].i_lane/bool_result_q_reg[63]_1[49] fanout=1 driver=i_vrf/bool_result_q[49]_i_1/O
  gen_lane[0].i_lane/bool_result_q_reg[63]_1[4] fanout=1 driver=i_vrf/bool_result_q[4]_i_1/O
  gen_lane[0].i_lane/bool_result_q_reg[63]_1[50] fanout=1 driver=i_vrf/bool_result_q[50]_i_1/O
  gen_lane[0].i_lane/bool_result_q_reg[63]_1[51] fanout=1 driver=i_vrf/bool_result_q[51]_i_1/O
  gen_lane[0].i_lane/bool_result_q_reg[63]_1[52] fanout=1 driver=i_vrf/bool_result_q[52]_i_1/O
  gen_lane[0].i_lane/bool_result_q_reg[63]_1[53] fanout=1 driver=i_vrf/bool_result_q[53]_i_1/O
  gen_lane[0].i_lane/bool_result_q_reg[63]_1[54] fanout=1 driver=i_vrf/bool_result_q[54]_i_1/O
  gen_lane[0].i_lane/bool_result_q_reg[63]_1[55] fanout=1 driver=i_vrf/bool_result_q[55]_i_1/O
  gen_lane[0].i_lane/bool_result_q_reg[63]_1[56] fanout=1 driver=i_vrf/bool_result_q[56]_i_1/O
  gen_lane[0].i_lane/bool_result_q_reg[63]_1[57] fanout=1 driver=i_vrf/bool_result_q[57]_i_1/O
  gen_lane[0].i_lane/bool_result_q_reg[63]_1[58] fanout=1 driver=i_vrf/bool_result_q[58]_i_1/O
  gen_lane[0].i_lane/bool_result_q_reg[63]_1[59] fanout=1 driver=i_vrf/bool_result_q[59]_i_1/O
  gen_lane[0].i_lane/bool_result_q_reg[63]_1[5] fanout=1 driver=i_vrf/bool_result_q[5]_i_1/O
  gen_lane[0].i_lane/bool_result_q_reg[63]_1[60] fanout=1 driver=i_vrf/bool_result_q[60]_i_1/O
  gen_lane[0].i_lane/bool_result_q_reg[63]_1[61] fanout=1 driver=i_vrf/bool_result_q[61]_i_1/O
  gen_lane[0].i_lane/bool_result_q_reg[63]_1[62] fanout=1 driver=i_vrf/bool_result_q[62]_i_1/O
  gen_lane[0].i_lane/bool_result_q_reg[63]_1[63] fanout=1 driver=i_vrf/bool_result_q[63]_i_2/O
  gen_lane[0].i_lane/bool_result_q_reg[63]_1[6] fanout=1 driver=i_vrf/bool_result_q[6]_i_1/O
  gen_lane[0].i_lane/bool_result_q_reg[63]_1[7] fanout=1 driver=i_vrf/bool_result_q[7]_i_1/O
  gen_lane[0].i_lane/bool_result_q_reg[63]_1[8] fanout=1 driver=i_vrf/bool_result_q[8]_i_1/O
  gen_lane[0].i_lane/bool_result_q_reg[63]_1[9] fanout=1 driver=i_vrf/bool_result_q[9]_i_1/O
  gen_lane[0].i_lane/bool_result_q_reg_n_0_[0] fanout=4 driver=gen_lane[0].i_lane/bool_result_q_reg[0]/Q
  gen_lane[0].i_lane/bool_result_q_reg_n_0_[10] fanout=4 driver=gen_lane[0].i_lane/bool_result_q_reg[10]/Q
  gen_lane[0].i_lane/bool_result_q_reg_n_0_[11] fanout=4 driver=gen_lane[0].i_lane/bool_result_q_reg[11]/Q
  gen_lane[0].i_lane/bool_result_q_reg_n_0_[12] fanout=4 driver=gen_lane[0].i_lane/bool_result_q_reg[12]/Q
  gen_lane[0].i_lane/bool_result_q_reg_n_0_[13] fanout=4 driver=gen_lane[0].i_lane/bool_result_q_reg[13]/Q
  gen_lane[0].i_lane/bool_result_q_reg_n_0_[14] fanout=4 driver=gen_lane[0].i_lane/bool_result_q_reg[14]/Q
  gen_lane[0].i_lane/bool_result_q_reg_n_0_[15] fanout=4 driver=gen_lane[0].i_lane/bool_result_q_reg[15]/Q
  gen_lane[0].i_lane/bool_result_q_reg_n_0_[16] fanout=3 driver=gen_lane[0].i_lane/bool_result_q_reg[16]/Q
  gen_lane[0].i_lane/bool_result_q_reg_n_0_[17] fanout=3 driver=gen_lane[0].i_lane/bool_result_q_reg[17]/Q
  gen_lane[0].i_lane/bool_result_q_reg_n_0_[18] fanout=3 driver=gen_lane[0].i_lane/bool_result_q_reg[18]/Q
  gen_lane[0].i_lane/bool_result_q_reg_n_0_[19] fanout=5 driver=gen_lane[0].i_lane/bool_result_q_reg[19]/Q
  gen_lane[0].i_lane/bool_result_q_reg_n_0_[1] fanout=5 driver=gen_lane[0].i_lane/bool_result_q_reg[1]/Q
  gen_lane[0].i_lane/bool_result_q_reg_n_0_[20] fanout=5 driver=gen_lane[0].i_lane/bool_result_q_reg[20]/Q
  gen_lane[0].i_lane/bool_result_q_reg_n_0_[21] fanout=5 driver=gen_lane[0].i_lane/bool_result_q_reg[21]/Q
  gen_lane[0].i_lane/bool_result_q_reg_n_0_[22] fanout=4 driver=gen_lane[0].i_lane/bool_result_q_reg[22]/Q
  gen_lane[0].i_lane/bool_result_q_reg_n_0_[23] fanout=4 driver=gen_lane[0].i_lane/bool_result_q_reg[23]/Q
  gen_lane[0].i_lane/bool_result_q_reg_n_0_[24] fanout=4 driver=gen_lane[0].i_lane/bool_result_q_reg[24]/Q
  gen_lane[0].i_lane/bool_result_q_reg_n_0_[25] fanout=3 driver=gen_lane[0].i_lane/bool_result_q_reg[25]/Q
  gen_lane[0].i_lane/bool_result_q_reg_n_0_[26] fanout=3 driver=gen_lane[0].i_lane/bool_result_q_reg[26]/Q
  gen_lane[0].i_lane/bool_result_q_reg_n_0_[27] fanout=3 driver=gen_lane[0].i_lane/bool_result_q_reg[27]/Q
  gen_lane[0].i_lane/bool_result_q_reg_n_0_[28] fanout=5 driver=gen_lane[0].i_lane/bool_result_q_reg[28]/Q
  gen_lane[0].i_lane/bool_result_q_reg_n_0_[29] fanout=5 driver=gen_lane[0].i_lane/bool_result_q_reg[29]/Q
  gen_lane[0].i_lane/bool_result_q_reg_n_0_[2] fanout=5 driver=gen_lane[0].i_lane/bool_result_q_reg[2]/Q
  gen_lane[0].i_lane/bool_result_q_reg_n_0_[30] fanout=5 driver=gen_lane[0].i_lane/bool_result_q_reg[30]/Q
  gen_lane[0].i_lane/bool_result_q_reg_n_0_[31] fanout=4 driver=gen_lane[0].i_lane/bool_result_q_reg[31]/Q
  gen_lane[0].i_lane/bool_result_q_reg_n_0_[32] fanout=4 driver=gen_lane[0].i_lane/bool_result_q_reg[32]/Q
  gen_lane[0].i_lane/bool_result_q_reg_n_0_[33] fanout=5 driver=gen_lane[0].i_lane/bool_result_q_reg[33]/Q
  gen_lane[0].i_lane/bool_result_q_reg_n_0_[34] fanout=5 driver=gen_lane[0].i_lane/bool_result_q_reg[34]/Q
  gen_lane[0].i_lane/bool_result_q_reg_n_0_[35] fanout=5 driver=gen_lane[0].i_lane/bool_result_q_reg[35]/Q
  gen_lane[0].i_lane/bool_result_q_reg_n_0_[36] fanout=4 driver=gen_lane[0].i_lane/bool_result_q_reg[36]/Q
  gen_lane[0].i_lane/bool_result_q_reg_n_0_[37] fanout=4 driver=gen_lane[0].i_lane/bool_result_q_reg[37]/Q
  gen_lane[0].i_lane/bool_result_q_reg_n_0_[38] fanout=4 driver=gen_lane[0].i_lane/bool_result_q_reg[38]/Q
  gen_lane[0].i_lane/bool_result_q_reg_n_0_[39] fanout=3 driver=gen_lane[0].i_lane/bool_result_q_reg[39]/Q
  gen_lane[0].i_lane/bool_result_q_reg_n_0_[3] fanout=5 driver=gen_lane[0].i_lane/bool_result_q_reg[3]/Q
  gen_lane[0].i_lane/bool_result_q_reg_n_0_[40] fanout=3 driver=gen_lane[0].i_lane/bool_result_q_reg[40]/Q
  gen_lane[0].i_lane/bool_result_q_reg_n_0_[41] fanout=3 driver=gen_lane[0].i_lane/bool_result_q_reg[41]/Q
  gen_lane[0].i_lane/bool_result_q_reg_n_0_[42] fanout=4 driver=gen_lane[0].i_lane/bool_result_q_reg[42]/Q
  gen_lane[0].i_lane/bool_result_q_reg_n_0_[43] fanout=4 driver=gen_lane[0].i_lane/bool_result_q_reg[43]/Q
  gen_lane[0].i_lane/bool_result_q_reg_n_0_[44] fanout=4 driver=gen_lane[0].i_lane/bool_result_q_reg[44]/Q
  gen_lane[0].i_lane/bool_result_q_reg_n_0_[45] fanout=4 driver=gen_lane[0].i_lane/bool_result_q_reg[45]/Q
  gen_lane[0].i_lane/bool_result_q_reg_n_0_[46] fanout=4 driver=gen_lane[0].i_lane/bool_result_q_reg[46]/Q
  gen_lane[0].i_lane/bool_result_q_reg_n_0_[47] fanout=4 driver=gen_lane[0].i_lane/bool_result_q_reg[47]/Q
  gen_lane[0].i_lane/bool_result_q_reg_n_0_[48] fanout=3 driver=gen_lane[0].i_lane/bool_result_q_reg[48]/Q
  gen_lane[0].i_lane/bool_result_q_reg_n_0_[49] fanout=3 driver=gen_lane[0].i_lane/bool_result_q_reg[49]/Q
  gen_lane[0].i_lane/bool_result_q_reg_n_0_[4] fanout=4 driver=gen_lane[0].i_lane/bool_result_q_reg[4]/Q
  gen_lane[0].i_lane/bool_result_q_reg_n_0_[50] fanout=3 driver=gen_lane[0].i_lane/bool_result_q_reg[50]/Q
  gen_lane[0].i_lane/bool_result_q_reg_n_0_[51] fanout=5 driver=gen_lane[0].i_lane/bool_result_q_reg[51]/Q
  gen_lane[0].i_lane/bool_result_q_reg_n_0_[52] fanout=5 driver=gen_lane[0].i_lane/bool_result_q_reg[52]/Q
  gen_lane[0].i_lane/bool_result_q_reg_n_0_[53] fanout=5 driver=gen_lane[0].i_lane/bool_result_q_reg[53]/Q
  gen_lane[0].i_lane/bool_result_q_reg_n_0_[54] fanout=4 driver=gen_lane[0].i_lane/bool_result_q_reg[54]/Q
  gen_lane[0].i_lane/bool_result_q_reg_n_0_[55] fanout=4 driver=gen_lane[0].i_lane/bool_result_q_reg[55]/Q
  gen_lane[0].i_lane/bool_result_q_reg_n_0_[56] fanout=4 driver=gen_lane[0].i_lane/bool_result_q_reg[56]/Q
  gen_lane[0].i_lane/bool_result_q_reg_n_0_[57] fanout=3 driver=gen_lane[0].i_lane/bool_result_q_reg[57]/Q
  gen_lane[0].i_lane/bool_result_q_reg_n_0_[58] fanout=3 driver=gen_lane[0].i_lane/bool_result_q_reg[58]/Q
  gen_lane[0].i_lane/bool_result_q_reg_n_0_[59] fanout=3 driver=gen_lane[0].i_lane/bool_result_q_reg[59]/Q
  gen_lane[0].i_lane/bool_result_q_reg_n_0_[5] fanout=4 driver=gen_lane[0].i_lane/bool_result_q_reg[5]/Q
  gen_lane[0].i_lane/bool_result_q_reg_n_0_[60] fanout=5 driver=gen_lane[0].i_lane/bool_result_q_reg[60]/Q
  gen_lane[0].i_lane/bool_result_q_reg_n_0_[61] fanout=5 driver=gen_lane[0].i_lane/bool_result_q_reg[61]/Q
  gen_lane[0].i_lane/bool_result_q_reg_n_0_[62] fanout=5 driver=gen_lane[0].i_lane/bool_result_q_reg[62]/Q
  gen_lane[0].i_lane/bool_result_q_reg_n_0_[63] fanout=4 driver=gen_lane[0].i_lane/bool_result_q_reg[63]/Q
  gen_lane[0].i_lane/bool_result_q_reg_n_0_[6] fanout=4 driver=gen_lane[0].i_lane/bool_result_q_reg[6]/Q
  gen_lane[0].i_lane/bool_result_q_reg_n_0_[7] fanout=3 driver=gen_lane[0].i_lane/bool_result_q_reg[7]/Q
  gen_lane[0].i_lane/bool_result_q_reg_n_0_[8] fanout=3 driver=gen_lane[0].i_lane/bool_result_q_reg[8]/Q
  gen_lane[0].i_lane/bool_result_q_reg_n_0_[9] fanout=3 driver=gen_lane[0].i_lane/bool_result_q_reg[9]/Q
  gen_lane[0].i_lane/gen_bank[0].vrf_mem_reg_0_63_0_2_i_11_n_0 fanout=1 driver=gen_lane[0].i_lane/gen_bank[0].vrf_mem_reg_0_63_0_2_i_11/O
  gen_lane[0].i_lane/gen_bank[0].vrf_mem_reg_0_63_0_2_i_14_n_0 fanout=1 driver=gen_lane[0].i_lane/gen_bank[0].vrf_mem_reg_0_63_0_2_i_14/O
  gen_lane[0].i_lane/gen_bank[0].vrf_mem_reg_0_63_0_2_i_1_0[0] fanout=99 driver=uop_p3_q_reg[op_type][0]/Q
  gen_lane[0].i_lane/gen_bank[0].vrf_mem_reg_0_63_0_2_i_1_0[1] fanout=283 driver=uop_p3_q_reg[op_type][2]/Q
  gen_lane[0].i_lane/gen_bank[0].vrf_mem_reg_0_63_0_2_i_1_1 fanout=1 driver=i_vrf/gen_bank[0].vrf_mem_reg_0_63_0_2_i_40/O
  gen_lane[0].i_lane/gen_bank[0].vrf_mem_reg_0_63_0_2_i_3 fanout=110 driver=st_q_reg[3]_rep__1/Q
  gen_lane[0].i_lane/gen_bank[0].vrf_mem_reg_0_63_0_2_i_44_n_0 fanout=1 driver=gen_lane[0].i_lane/gen_bank[0].vrf_mem_reg_0_63_0_2_i_44/O
  gen_lane[0].i_lane/gen_bank[0].vrf_mem_reg_0_63_12_14_i_10_n_0 fanout=1 driver=gen_lane[0].i_lane/gen_bank[0].vrf_mem_reg_0_63_12_14_i_10/O
  gen_lane[0].i_lane/gen_bank[0].vrf_mem_reg_0_63_12_14_i_12_n_0 fanout=1 driver=gen_lane[0].i_lane/gen_bank[0].vrf_mem_reg_0_63_12_14_i_12/O
  gen_lane[0].i_lane/gen_bank[0].vrf_mem_reg_0_63_12_14_i_3 fanout=1 driver=i_vrf/gen_bank[0].vrf_mem_reg_0_63_12_14_i_13/O
  gen_lane[0].i_lane/gen_bank[0].vrf_mem_reg_0_63_12_14_i_6_n_0 fanout=1 driver=gen_lane[0].i_lane/gen_bank[0].vrf_mem_reg_0_63_12_14_i_6/O
  gen_lane[0].i_lane/gen_bank[0].vrf_mem_reg_0_63_15_17_i_12_n_0 fanout=1 driver=gen_lane[0].i_lane/gen_bank[0].vrf_mem_reg_0_63_15_17_i_12/O
  gen_lane[0].i_lane/gen_bank[0].vrf_mem_reg_0_63_15_17_i_4_n_0 fanout=1 driver=gen_lane[0].i_lane/gen_bank[0].vrf_mem_reg_0_63_15_17_i_4/O
  gen_lane[0].i_lane/gen_bank[0].vrf_mem_reg_0_63_15_17_i_8_n_0 fanout=1 driver=gen_lane[0].i_lane/gen_bank[0].vrf_mem_reg_0_63_15_17_i_8/O
  gen_lane[0].i_lane/gen_bank[0].vrf_mem_reg_0_63_18_20_i_1 fanout=1 driver=i_vrf/gen_bank[0].vrf_mem_reg_0_63_18_20_i_10/O
  gen_lane[0].i_lane/gen_bank[0].vrf_mem_reg_0_63_18_20_i_13_n_0 fanout=1 driver=gen_lane[0].i_lane/gen_bank[0].vrf_mem_reg_0_63_18_20_i_13/O
  gen_lane[0].i_lane/gen_bank[0].vrf_mem_reg_0_63_18_20_i_5_n_0 fanout=1 driver=gen_lane[0].i_lane/gen_bank[0].vrf_mem_reg_0_63_18_20_i_5/O
  gen_lane[0].i_lane/gen_bank[0].vrf_mem_reg_0_63_18_20_i_9_n_0 fanout=1 driver=gen_lane[0].i_lane/gen_bank[0].vrf_mem_reg_0_63_18_20_i_9/O
  gen_lane[0].i_lane/gen_bank[0].vrf_mem_reg_0_63_21_23_i_12_n_0 fanout=1 driver=gen_lane[0].i_lane/gen_bank[0].vrf_mem_reg_0_63_21_23_i_12/O
  gen_lane[0].i_lane/gen_bank[0].vrf_mem_reg_0_63_21_23_i_4_n_0 fanout=1 driver=gen_lane[0].i_lane/gen_bank[0].vrf_mem_reg_0_63_21_23_i_4/O
  gen_lane[0].i_lane/gen_bank[0].vrf_mem_reg_0_63_21_23_i_8_n_0 fanout=1 driver=gen_lane[0].i_lane/gen_bank[0].vrf_mem_reg_0_63_21_23_i_8/O
  gen_lane[0].i_lane/gen_bank[0].vrf_mem_reg_0_63_24_26_i_11_n_0 fanout=1 driver=gen_lane[0].i_lane/gen_bank[0].vrf_mem_reg_0_63_24_26_i_11/O
  gen_lane[0].i_lane/gen_bank[0].vrf_mem_reg_0_63_24_26_i_14_n_0 fanout=1 driver=gen_lane[0].i_lane/gen_bank[0].vrf_mem_reg_0_63_24_26_i_14/O
  gen_lane[0].i_lane/gen_bank[0].vrf_mem_reg_0_63_24_26_i_6_n_0 fanout=1 driver=gen_lane[0].i_lane/gen_bank[0].vrf_mem_reg_0_63_24_26_i_6/O
  gen_lane[0].i_lane/gen_bank[0].vrf_mem_reg_0_63_27_29_i_12_n_0 fanout=1 driver=gen_lane[0].i_lane/gen_bank[0].vrf_mem_reg_0_63_27_29_i_12/O
  gen_lane[0].i_lane/gen_bank[0].vrf_mem_reg_0_63_27_29_i_4_n_0 fanout=1 driver=gen_lane[0].i_lane/gen_bank[0].vrf_mem_reg_0_63_27_29_i_4/O
  gen_lane[0].i_lane/gen_bank[0].vrf_mem_reg_0_63_27_29_i_8_n_0 fanout=1 driver=gen_lane[0].i_lane/gen_bank[0].vrf_mem_reg_0_63_27_29_i_8/O
  gen_lane[0].i_lane/gen_bank[0].vrf_mem_reg_0_63_30_32_i_10_n_0 fanout=1 driver=gen_lane[0].i_lane/gen_bank[0].vrf_mem_reg_0_63_30_32_i_10/O
  gen_lane[0].i_lane/gen_bank[0].vrf_mem_reg_0_63_30_32_i_12_n_0 fanout=1 driver=gen_lane[0].i_lane/gen_bank[0].vrf_mem_reg_0_63_30_32_i_12/O
  gen_lane[0].i_lane/gen_bank[0].vrf_mem_reg_0_63_30_32_i_3 fanout=1 driver=i_vrf/gen_bank[0].vrf_mem_reg_0_63_30_32_i_13/O
  gen_lane[0].i_lane/gen_bank[0].vrf_mem_reg_0_63_30_32_i_6_n_0 fanout=1 driver=gen_lane[0].i_lane/gen_bank[0].vrf_mem_reg_0_63_30_32_i_6/O
  gen_lane[0].i_lane/gen_bank[0].vrf_mem_reg_0_63_33_35_i_12_n_0 fanout=1 driver=gen_lane[0].i_lane/gen_bank[0].vrf_mem_reg_0_63_33_35_i_12/O
  gen_lane[0].i_lane/gen_bank[0].vrf_mem_reg_0_63_33_35_i_4_n_0 fanout=1 driver=gen_lane[0].i_lane/gen_bank[0].vrf_mem_reg_0_63_33_35_i_4/O
  gen_lane[0].i_lane/gen_bank[0].vrf_mem_reg_0_63_33_35_i_8_n_0 fanout=1 driver=gen_lane[0].i_lane/gen_bank[0].vrf_mem_reg_0_63_33_35_i_8/O
  gen_lane[0].i_lane/gen_bank[0].vrf_mem_reg_0_63_36_38_i_11_n_0 fanout=1 driver=gen_lane[0].i_lane/gen_bank[0].vrf_mem_reg_0_63_36_38_i_11/O
  gen_lane[0].i_lane/gen_bank[0].vrf_mem_reg_0_63_36_38_i_13_n_0 fanout=1 driver=gen_lane[0].i_lane/gen_bank[0].vrf_mem_reg_0_63_36_38_i_13/O
  gen_lane[0].i_lane/gen_bank[0].vrf_mem_reg_0_63_36_38_i_3 fanout=1 driver=i_vrf/gen_bank[0].vrf_mem_reg_0_63_36_38_i_14/O
  gen_lane[0].i_lane/gen_bank[0].vrf_mem_reg_0_63_36_38_i_6_n_0 fanout=1 driver=gen_lane[0].i_lane/gen_bank[0].vrf_mem_reg_0_63_36_38_i_6/O
  gen_lane[0].i_lane/gen_bank[0].vrf_mem_reg_0_63_39_41_i_13_n_0 fanout=1 driver=gen_lane[0].i_lane/gen_bank[0].vrf_mem_reg_0_63_39_41_i_13/O
  gen_lane[0].i_lane/gen_bank[0].vrf_mem_reg_0_63_39_41_i_4_n_0 fanout=1 driver=gen_lane[0].i_lane/gen_bank[0].vrf_mem_reg_0_63_39_41_i_4/O
  gen_lane[0].i_lane/gen_bank[0].vrf_mem_reg_0_63_39_41_i_9_n_0 fanout=1 driver=gen_lane[0].i_lane/gen_bank[0].vrf_mem_reg_0_63_39_41_i_9/O
  gen_lane[0].i_lane/gen_bank[0].vrf_mem_reg_0_63_3_5_i_12_n_0 fanout=1 driver=gen_lane[0].i_lane/gen_bank[0].vrf_mem_reg_0_63_3_5_i_12/O
  gen_lane[0].i_lane/gen_bank[0].vrf_mem_reg_0_63_3_5_i_4_n_0 fanout=1 driver=gen_lane[0].i_lane/gen_bank[0].vrf_mem_reg_0_63_3_5_i_4/O
  gen_lane[0].i_lane/gen_bank[0].vrf_mem_reg_0_63_3_5_i_8_n_0 fanout=1 driver=gen_lane[0].i_lane/gen_bank[0].vrf_mem_reg_0_63_3_5_i_8/O
  gen_lane[0].i_lane/gen_bank[0].vrf_mem_reg_0_63_42_44_i_11_n_0 fanout=1 driver=gen_lane[0].i_lane/gen_bank[0].vrf_mem_reg_0_63_42_44_i_11/O
  gen_lane[0].i_lane/gen_bank[0].vrf_mem_reg_0_63_42_44_i_14_n_0 fanout=1 driver=gen_lane[0].i_lane/gen_bank[0].vrf_mem_reg_0_63_42_44_i_14/O
  gen_lane[0].i_lane/gen_bank[0].vrf_mem_reg_0_63_42_44_i_6_n_0 fanout=1 driver=gen_lane[0].i_lane/gen_bank[0].vrf_mem_reg_0_63_42_44_i_6/O
  gen_lane[0].i_lane/gen_bank[0].vrf_mem_reg_0_63_45_47_i_10_n_0 fanout=1 driver=gen_lane[0].i_lane/gen_bank[0].vrf_mem_reg_0_63_45_47_i_10/O
  gen_lane[0].i_lane/gen_bank[0].vrf_mem_reg_0_63_45_47_i_2 fanout=1 driver=i_vrf/gen_bank[0].vrf_mem_reg_0_63_45_47_i_11/O
  gen_lane[0].i_lane/gen_bank[0].vrf_mem_reg_0_63_45_47_i_4_n_0 fanout=1 driver=gen_lane[0].i_lane/gen_bank[0].vrf_mem_reg_0_63_45_47_i_4/O
  gen_lane[0].i_lane/gen_bank[0].vrf_mem_reg_0_63_45_47_i_7_n_0 fanout=1 driver=gen_lane[0].i_lane/gen_bank[0].vrf_mem_reg_0_63_45_47_i_7/O
  gen_lane[0].i_lane/gen_bank[0].vrf_mem_reg_0_63_48_50_i_1 fanout=1 driver=i_vrf/gen_bank[0].vrf_mem_reg_0_63_48_50_i_10/O
  gen_lane[0].i_lane/gen_bank[0].vrf_mem_reg_0_63_48_50_i_13_n_0 fanout=1 driver=gen_lane[0].i_lane/gen_bank[0].vrf_mem_reg_0_63_48_50_i_13/O
  gen_lane[0].i_lane/gen_bank[0].vrf_mem_reg_0_63_48_50_i_5_n_0 fanout=1 driver=gen_lane[0].i_lane/gen_bank[0].vrf_mem_reg_0_63_48_50_i_5/O
  gen_lane[0].i_lane/gen_bank[0].vrf_mem_reg_0_63_48_50_i_9_n_0 fanout=1 driver=gen_lane[0].i_lane/gen_bank[0].vrf_mem_reg_0_63_48_50_i_9/O
  gen_lane[0].i_lane/gen_bank[0].vrf_mem_reg_0_63_51_53_i_10_n_0 fanout=1 driver=gen_lane[0].i_lane/gen_bank[0].vrf_mem_reg_0_63_51_53_i_10/O
  gen_lane[0].i_lane/gen_bank[0].vrf_mem_reg_0_63_51_53_i_2 fanout=110 driver=st_q_reg[3]_rep__2/Q
  gen_lane[0].i_lane/gen_bank[0].vrf_mem_reg_0_63_51_53_i_2_0 fanout=116 driver=st_q_reg[2]_rep__0/Q
  gen_lane[0].i_lane/gen_bank[0].vrf_mem_reg_0_63_51_53_i_2_1 fanout=1 driver=i_vrf/gen_bank[0].vrf_mem_reg_0_63_51_53_i_11/O
  gen_lane[0].i_lane/gen_bank[0].vrf_mem_reg_0_63_51_53_i_4_n_0 fanout=1 driver=gen_lane[0].i_lane/gen_bank[0].vrf_mem_reg_0_63_51_53_i_4/O
  gen_lane[0].i_lane/gen_bank[0].vrf_mem_reg_0_63_51_53_i_7_n_0 fanout=1 driver=gen_lane[0].i_lane/gen_bank[0].vrf_mem_reg_0_63_51_53_i_7/O
  gen_lane[0].i_lane/gen_bank[0].vrf_mem_reg_0_63_54_56_i_11_n_0 fanout=1 driver=gen_lane[0].i_lane/gen_bank[0].vrf_mem_reg_0_63_54_56_i_11/O
  gen_lane[0].i_lane/gen_bank[0].vrf_mem_reg_0_63_54_56_i_14_n_0 fanout=1 driver=gen_lane[0].i_lane/gen_bank[0].vrf_mem_reg_0_63_54_56_i_14/O
  gen_lane[0].i_lane/gen_bank[0].vrf_mem_reg_0_63_54_56_i_6_n_0 fanout=1 driver=gen_lane[0].i_lane/gen_bank[0].vrf_mem_reg_0_63_54_56_i_6/O
  gen_lane[0].i_lane/gen_bank[0].vrf_mem_reg_0_63_57_59_i_12_n_0 fanout=1 driver=gen_lane[0].i_lane/gen_bank[0].vrf_mem_reg_0_63_57_59_i_12/O
Copyright 1986-2022 Xilinx, Inc. All Rights Reserved. Copyright 2022-2024 Advanced Micro Devices, Inc. All Rights Reserved.
--------------------------------------------------------------------------------------------------------------------------------------------------------------------------------------------------------------------------------------------------------------------------------------------------------------------------------------------------------------------------
| Tool Version : Vivado v.2024.2 (win64) Build 5239630 Fri Nov 08 22:35:27 MST 2024
| Date         : Wed Jun 17 10:26:52 2026
| Host         : WIN-20240824NZS running 64-bit major release  (build 9200)
| Command      : report_timing -delay_type max -sort_by slack -max_paths 5 -nworst 1 -through [get_pins -quiet -of_objects {gen_lane[0].i_lane/gen_bank[0].vrf_mem_reg_0_63_57_59_i_12/O}] -input_pins -nets -append -file E:/HDEC/cva6-vhdc-core/tmp/hdec_v15_pointmul_worktree/reports/hdec/v42_slot1_tag_2026_06_17/ooc_v42_slot1_tag/reports/timing_hdec_targeted.rpt
| Design       : hdec_top
| Device       : 7z020-clg400
| Speed File   : -2  PRODUCTION 1.12 2019-11-22
| Design State : Synthesized
--------------------------------------------------------------------------------------------------------------------------------------------------------------------------------------------------------------------------------------------------------------------------------------------------------------------------------------------------------------------------

Timing Report

Slack (MET) :             0.250ns  (required time - arrival time)
  Source:                 p2_lane_compute_q_reg/C
                            (rising edge-triggered cell FDCE clocked by clk_i  {rise@0.000ns fall@2.500ns period=5.000ns})
  Destination:            lane_result_q_reg[0][14]/D
                            (rising edge-triggered cell FDCE clocked by clk_i  {rise@0.000ns fall@2.500ns period=5.000ns})
  Path Group:             clk_i
  Path Type:              Setup (Max at Slow Process Corner)
  Requirement:            5.000ns  (clk_i rise@5.000ns - clk_i rise@0.000ns)
  Data Path Delay:        4.747ns  (logic 1.085ns (22.857%)  route 3.662ns (77.143%))
  Logic Levels:           5  (LUT5=1 LUT6=4)
  Clock Path Skew:        -0.039ns (DCD - SCD + CPR)
    Destination Clock Delay (DCD):    0.748ns = ( 5.748 - 5.000 ) 
    Source Clock Delay      (SCD):    0.787ns
    Clock Pessimism Removal (CPR):    0.000ns
  Clock Uncertainty:      0.035ns  ((TSJ^2 + TIJ^2)^1/2 + DJ) / 2 + PE
    Total System Jitter     (TSJ):    0.071ns
    Total Input Jitter      (TIJ):    0.000ns
    Discrete Jitter          (DJ):    0.000ns
    Phase Error              (PE):    0.000ns

    Location             Delay type                Incr(ns)  Path(ns)    Netlist Resource(s)
  -------------------------------------------------------------------    -------------------
                         (clock clk_i rise edge)      0.000     0.000 r  
                                                      0.000     0.000 r  clk_i (IN)
                         net (fo=2483, unset)         0.787     0.787    clk_i
                         FDCE                                         r  p2_lane_compute_q_reg/C
  -------------------------------------------------------------------    -------------------
                         FDCE (Prop_fdce_C_Q)         0.433     1.220 r  p2_lane_compute_q_reg/Q
                         net (fo=6, unplaced)         0.689     1.909    gen_lane[0].i_lane/i_shift_align/p2_lane_compute_q
                                                                      r  gen_lane[0].i_lane/i_shift_align/lane_result_q[0][63]_i_56/I0
                         LUT5 (Prop_lut5_I0_O)        0.232     2.141 r  gen_lane[0].i_lane/i_shift_align/lane_result_q[0][63]_i_56/O
                         net (fo=146, unplaced)       1.047     3.188    gen_lane[0].i_lane/i_shift_align/p2_lane_compute_q_reg
                                                                      r  gen_lane[0].i_lane/i_shift_align/lane_result_q[0][24]_i_5/I1
                         LUT6 (Prop_lut6_I1_O)        0.105     3.293 r  gen_lane[0].i_lane/i_shift_align/lane_result_q[0][24]_i_5/O
                         net (fo=4, unplaced)         0.962     4.255    gen_lane[0].i_lane/i_shift_align/lane_result_q[0][24]_i_5_n_0
                                                                      r  gen_lane[0].i_lane/i_shift_align/lane_result_q[0][16]_i_4/I1
                         LUT6 (Prop_lut6_I1_O)        0.105     4.360 r  gen_lane[0].i_lane/i_shift_align/lane_result_q[0][16]_i_4/O
                         net (fo=4, unplaced)         0.606     4.966    gen_lane[0].i_lane/i_shift_align/lane_result_q[0][16]_i_4_n_0
                                                                      r  gen_lane[0].i_lane/i_shift_align/lane_result_q[0][14]_i_2/I1
                         LUT6 (Prop_lut6_I1_O)        0.105     5.071 r  gen_lane[0].i_lane/i_shift_align/lane_result_q[0][14]_i_2/O
                         net (fo=2, unplaced)         0.358     5.429    i_vrf/lane_result_q_reg[0][13]
                                                                      r  i_vrf/lane_result_q[0][14]_i_1/I2
                         LUT6 (Prop_lut6_I2_O)        0.105     5.534 r  i_vrf/lane_result_q[0][14]_i_1/O
                         net (fo=1, unplaced)         0.000     5.534    i_vrf_n_49
                         FDCE                                         r  lane_result_q_reg[0][14]/D
  -------------------------------------------------------------------    -------------------

                         (clock clk_i rise edge)      5.000     5.000 r  
                                                      0.000     5.000 r  clk_i (IN)
                         net (fo=2483, unset)         0.748     5.748    clk_i
                         FDCE                                         r  lane_result_q_reg[0][14]/C
                         clock pessimism              0.000     5.748    
                         clock uncertainty           -0.035     5.712    
                         FDCE (Setup_fdce_C_D)        0.072     5.784    lane_result_q_reg[0][14]
  -------------------------------------------------------------------
                         required time                          5.784    
                         arrival time                          -5.534    
  -------------------------------------------------------------------
                         slack                                  0.250    

Slack (MET) :             0.250ns  (required time - arrival time)
  Source:                 p2_lane_compute_q_reg/C
                            (rising edge-triggered cell FDCE clocked by clk_i  {rise@0.000ns fall@2.500ns period=5.000ns})
  Destination:            lane_result_q_reg[0][15]/D
                            (rising edge-triggered cell FDCE clocked by clk_i  {rise@0.000ns fall@2.500ns period=5.000ns})
  Path Group:             clk_i
  Path Type:              Setup (Max at Slow Process Corner)
  Requirement:            5.000ns  (clk_i rise@5.000ns - clk_i rise@0.000ns)
  Data Path Delay:        4.747ns  (logic 1.085ns (22.857%)  route 3.662ns (77.143%))
  Logic Levels:           5  (LUT5=2 LUT6=3)
  Clock Path Skew:        -0.039ns (DCD - SCD + CPR)
    Destination Clock Delay (DCD):    0.748ns = ( 5.748 - 5.000 ) 
    Source Clock Delay      (SCD):    0.787ns
    Clock Pessimism Removal (CPR):    0.000ns
  Clock Uncertainty:      0.035ns  ((TSJ^2 + TIJ^2)^1/2 + DJ) / 2 + PE
    Total System Jitter     (TSJ):    0.071ns
    Total Input Jitter      (TIJ):    0.000ns
    Discrete Jitter          (DJ):    0.000ns
    Phase Error              (PE):    0.000ns

    Location             Delay type                Incr(ns)  Path(ns)    Netlist Resource(s)
  -------------------------------------------------------------------    -------------------
                         (clock clk_i rise edge)      0.000     0.000 r  
                                                      0.000     0.000 r  clk_i (IN)
                         net (fo=2483, unset)         0.787     0.787    clk_i
                         FDCE                                         r  p2_lane_compute_q_reg/C
  -------------------------------------------------------------------    -------------------
                         FDCE (Prop_fdce_C_Q)         0.433     1.220 r  p2_lane_compute_q_reg/Q
                         net (fo=6, unplaced)         0.689     1.909    gen_lane[3].i_lane/i_shift_align/p2_lane_compute_q
                                                                      r  gen_lane[3].i_lane/i_shift_align/lane_result_q[0][63]_i_14/I0
                         LUT5 (Prop_lut5_I0_O)        0.232     2.141 r  gen_lane[3].i_lane/i_shift_align/lane_result_q[0][63]_i_14/O
                         net (fo=148, unplaced)       1.047     3.188    gen_lane[0].i_lane/i_shift_align/lane_result_q[0][5]_i_4_0
                                                                      r  gen_lane[0].i_lane/i_shift_align/lane_result_q[0][25]_i_5/I1
                         LUT6 (Prop_lut6_I1_O)        0.105     3.293 r  gen_lane[0].i_lane/i_shift_align/lane_result_q[0][25]_i_5/O
                         net (fo=4, unplaced)         0.962     4.255    gen_lane[0].i_lane/i_shift_align/lane_result_q[0][25]_i_5_n_0
                                                                      r  gen_lane[0].i_lane/i_shift_align/lane_result_q[0][17]_i_4/I1
                         LUT6 (Prop_lut6_I1_O)        0.105     4.360 r  gen_lane[0].i_lane/i_shift_align/lane_result_q[0][17]_i_4/O
                         net (fo=4, unplaced)         0.606     4.966    gen_lane[0].i_lane/i_shift_align/lane_result_q[0][17]_i_4_n_0
                                                                      r  gen_lane[0].i_lane/i_shift_align/lane_result_q[0][15]_i_2/I1
                         LUT6 (Prop_lut6_I1_O)        0.105     5.071 r  gen_lane[0].i_lane/i_shift_align/lane_result_q[0][15]_i_2/O
                         net (fo=2, unplaced)         0.358     5.429    i_vrf/lane_result_q_reg[0][14]
                                                                      r  i_vrf/lane_result_q[0][15]_i_1/I2
                         LUT5 (Prop_lut5_I2_O)        0.105     5.534 r  i_vrf/lane_result_q[0][15]_i_1/O
                         net (fo=1, unplaced)         0.000     5.534    i_vrf_n_48
                         FDCE                                         r  lane_result_q_reg[0][15]/D
  -------------------------------------------------------------------    -------------------

                         (clock clk_i rise edge)      5.000     5.000 r  
                                                      0.000     5.000 r  clk_i (IN)
                         net (fo=2483, unset)         0.748     5.748    clk_i
                         FDCE                                         r  lane_result_q_reg[0][15]/C
                         clock pessimism              0.000     5.748    
                         clock uncertainty           -0.035     5.712    
                         FDCE (Setup_fdce_C_D)        0.072     5.784    lane_result_q_reg[0][15]
  -------------------------------------------------------------------
                         required time                          5.784    
                         arrival time                          -5.534    
  -------------------------------------------------------------------
                         slack                                  0.250    

Slack (MET) :             0.250ns  (required time - arrival time)
  Source:                 p2_lane_compute_q_reg/C
                            (rising edge-triggered cell FDCE clocked by clk_i  {rise@0.000ns fall@2.500ns period=5.000ns})
  Destination:            lane_result_q_reg[0][16]/D
                            (rising edge-triggered cell FDCE clocked by clk_i  {rise@0.000ns fall@2.500ns period=5.000ns})
  Path Group:             clk_i
  Path Type:              Setup (Max at Slow Process Corner)
  Requirement:            5.000ns  (clk_i rise@5.000ns - clk_i rise@0.000ns)
  Data Path Delay:        4.747ns  (logic 1.085ns (22.857%)  route 3.662ns (77.143%))
  Logic Levels:           5  (LUT5=1 LUT6=4)
  Clock Path Skew:        -0.039ns (DCD - SCD + CPR)
    Destination Clock Delay (DCD):    0.748ns = ( 5.748 - 5.000 ) 
    Source Clock Delay      (SCD):    0.787ns
    Clock Pessimism Removal (CPR):    0.000ns
  Clock Uncertainty:      0.035ns  ((TSJ^2 + TIJ^2)^1/2 + DJ) / 2 + PE
    Total System Jitter     (TSJ):    0.071ns
    Total Input Jitter      (TIJ):    0.000ns
    Discrete Jitter          (DJ):    0.000ns
    Phase Error              (PE):    0.000ns

    Location             Delay type                Incr(ns)  Path(ns)    Netlist Resource(s)
  -------------------------------------------------------------------    -------------------
                         (clock clk_i rise edge)      0.000     0.000 r  
                                                      0.000     0.000 r  clk_i (IN)
                         net (fo=2483, unset)         0.787     0.787    clk_i
                         FDCE                                         r  p2_lane_compute_q_reg/C
  -------------------------------------------------------------------    -------------------
                         FDCE (Prop_fdce_C_Q)         0.433     1.220 r  p2_lane_compute_q_reg/Q
                         net (fo=6, unplaced)         0.689     1.909    gen_lane[0].i_lane/i_shift_align/p2_lane_compute_q
                                                                      r  gen_lane[0].i_lane/i_shift_align/lane_result_q[0][63]_i_56/I0
                         LUT5 (Prop_lut5_I0_O)        0.232     2.141 r  gen_lane[0].i_lane/i_shift_align/lane_result_q[0][63]_i_56/O
                         net (fo=146, unplaced)       1.047     3.188    gen_lane[0].i_lane/i_shift_align/p2_lane_compute_q_reg
                                                                      r  gen_lane[0].i_lane/i_shift_align/lane_result_q[0][26]_i_5/I1
                         LUT6 (Prop_lut6_I1_O)        0.105     3.293 r  gen_lane[0].i_lane/i_shift_align/lane_result_q[0][26]_i_5/O
                         net (fo=4, unplaced)         0.962     4.255    gen_lane[0].i_lane/i_shift_align/lane_result_q[0][26]_i_5_n_0
                                                                      r  gen_lane[0].i_lane/i_shift_align/lane_result_q[0][18]_i_4/I1
                         LUT6 (Prop_lut6_I1_O)        0.105     4.360 r  gen_lane[0].i_lane/i_shift_align/lane_result_q[0][18]_i_4/O
                         net (fo=4, unplaced)         0.606     4.966    gen_lane[0].i_lane/i_shift_align/lane_result_q[0][18]_i_4_n_0
                                                                      r  gen_lane[0].i_lane/i_shift_align/lane_result_q[0][16]_i_2/I1
                         LUT6 (Prop_lut6_I1_O)        0.105     5.071 r  gen_lane[0].i_lane/i_shift_align/lane_result_q[0][16]_i_2/O
                         net (fo=2, unplaced)         0.358     5.429    i_vrf/lane_result_q_reg[0][15]
                                                                      r  i_vrf/lane_result_q[0][16]_i_1/I2
                         LUT6 (Prop_lut6_I2_O)        0.105     5.534 r  i_vrf/lane_result_q[0][16]_i_1/O
                         net (fo=1, unplaced)         0.000     5.534    i_vrf_n_47
                         FDCE                                         r  lane_result_q_reg[0][16]/D
  -------------------------------------------------------------------    -------------------

                         (clock clk_i rise edge)      5.000     5.000 r  
                                                      0.000     5.000 r  clk_i (IN)
                         net (fo=2483, unset)         0.748     5.748    clk_i
                         FDCE                                         r  lane_result_q_reg[0][16]/C
                         clock pessimism              0.000     5.748    
                         clock uncertainty           -0.035     5.712    
                         FDCE (Setup_fdce_C_D)        0.072     5.784    lane_result_q_reg[0][16]
  -------------------------------------------------------------------
                         required time                          5.784    
                         arrival time                          -5.534    
  -------------------------------------------------------------------
                         slack                                  0.250    

Slack (MET) :             0.250ns  (required time - arrival time)
  Source:                 p2_lane_compute_q_reg/C
                            (rising edge-triggered cell FDCE clocked by clk_i  {rise@0.000ns fall@2.500ns period=5.000ns})
  Destination:            lane_result_q_reg[0][17]/D
                            (rising edge-triggered cell FDCE clocked by clk_i  {rise@0.000ns fall@2.500ns period=5.000ns})
  Path Group:             clk_i
  Path Type:              Setup (Max at Slow Process Corner)
  Requirement:            5.000ns  (clk_i rise@5.000ns - clk_i rise@0.000ns)
  Data Path Delay:        4.747ns  (logic 1.085ns (22.857%)  route 3.662ns (77.143%))
  Logic Levels:           5  (LUT5=1 LUT6=4)
  Clock Path Skew:        -0.039ns (DCD - SCD + CPR)
    Destination Clock Delay (DCD):    0.748ns = ( 5.748 - 5.000 ) 
    Source Clock Delay      (SCD):    0.787ns
    Clock Pessimism Removal (CPR):    0.000ns
  Clock Uncertainty:      0.035ns  ((TSJ^2 + TIJ^2)^1/2 + DJ) / 2 + PE
    Total System Jitter     (TSJ):    0.071ns
    Total Input Jitter      (TIJ):    0.000ns
    Discrete Jitter          (DJ):    0.000ns
    Phase Error              (PE):    0.000ns

    Location             Delay type                Incr(ns)  Path(ns)    Netlist Resource(s)
  -------------------------------------------------------------------    -------------------
                         (clock clk_i rise edge)      0.000     0.000 r  
                                                      0.000     0.000 r  clk_i (IN)
                         net (fo=2483, unset)         0.787     0.787    clk_i
                         FDCE                                         r  p2_lane_compute_q_reg/C
  -------------------------------------------------------------------    -------------------
                         FDCE (Prop_fdce_C_Q)         0.433     1.220 r  p2_lane_compute_q_reg/Q
                         net (fo=6, unplaced)         0.689     1.909    gen_lane[3].i_lane/i_shift_align/p2_lane_compute_q
                                                                      r  gen_lane[3].i_lane/i_shift_align/lane_result_q[0][63]_i_14/I0
                         LUT5 (Prop_lut5_I0_O)        0.232     2.141 r  gen_lane[3].i_lane/i_shift_align/lane_result_q[0][63]_i_14/O
                         net (fo=148, unplaced)       1.047     3.188    gen_lane[0].i_lane/i_shift_align/lane_result_q[0][5]_i_4_0
                                                                      r  gen_lane[0].i_lane/i_shift_align/lane_result_q[0][27]_i_6/I1
                         LUT6 (Prop_lut6_I1_O)        0.105     3.293 r  gen_lane[0].i_lane/i_shift_align/lane_result_q[0][27]_i_6/O
                         net (fo=4, unplaced)         0.962     4.255    gen_lane[0].i_lane/i_shift_align/lane_result_q[0][27]_i_6_n_0
                                                                      r  gen_lane[0].i_lane/i_shift_align/lane_result_q[0][19]_i_4/I1
                         LUT6 (Prop_lut6_I1_O)        0.105     4.360 r  gen_lane[0].i_lane/i_shift_align/lane_result_q[0][19]_i_4/O
                         net (fo=4, unplaced)         0.606     4.966    gen_lane[0].i_lane/i_shift_align/lane_result_q[0][19]_i_4_n_0
                                                                      r  gen_lane[0].i_lane/i_shift_align/lane_result_q[0][17]_i_2/I1
                         LUT6 (Prop_lut6_I1_O)        0.105     5.071 r  gen_lane[0].i_lane/i_shift_align/lane_result_q[0][17]_i_2/O
                         net (fo=2, unplaced)         0.358     5.429    i_vrf/lane_result_q_reg[0][16]
                                                                      r  i_vrf/lane_result_q[0][17]_i_1/I2
                         LUT6 (Prop_lut6_I2_O)        0.105     5.534 r  i_vrf/lane_result_q[0][17]_i_1/O
                         net (fo=1, unplaced)         0.000     5.534    i_vrf_n_46
                         FDCE                                         r  lane_result_q_reg[0][17]/D
  -------------------------------------------------------------------    -------------------

                         (clock clk_i rise edge)      5.000     5.000 r  
                                                      0.000     5.000 r  clk_i (IN)
                         net (fo=2483, unset)         0.748     5.748    clk_i
                         FDCE                                         r  lane_result_q_reg[0][17]/C
                         clock pessimism              0.000     5.748    
                         clock uncertainty           -0.035     5.712    
                         FDCE (Setup_fdce_C_D)        0.072     5.784    lane_result_q_reg[0][17]
  -------------------------------------------------------------------
                         required time                          5.784    
                         arrival time                          -5.534    
  -------------------------------------------------------------------
                         slack                                  0.250    

Slack (MET) :             0.250ns  (required time - arrival time)
  Source:                 p2_lane_compute_q_reg/C
                            (rising edge-triggered cell FDCE clocked by clk_i  {rise@0.000ns fall@2.500ns period=5.000ns})
  Destination:            lane_result_q_reg[0][18]/D
                            (rising edge-triggered cell FDCE clocked by clk_i  {rise@0.000ns fall@2.500ns period=5.000ns})
  Path Group:             clk_i
  Path Type:              Setup (Max at Slow Process Corner)
  Requirement:            5.000ns  (clk_i rise@5.000ns - clk_i rise@0.000ns)
  Data Path Delay:        4.747ns  (logic 1.085ns (22.857%)  route 3.662ns (77.143%))
  Logic Levels:           5  (LUT5=1 LUT6=4)
  Clock Path Skew:        -0.039ns (DCD - SCD + CPR)
    Destination Clock Delay (DCD):    0.748ns = ( 5.748 - 5.000 ) 
    Source Clock Delay      (SCD):    0.787ns
    Clock Pessimism Removal (CPR):    0.000ns
  Clock Uncertainty:      0.035ns  ((TSJ^2 + TIJ^2)^1/2 + DJ) / 2 + PE
    Total System Jitter     (TSJ):    0.071ns
    Total Input Jitter      (TIJ):    0.000ns
    Discrete Jitter          (DJ):    0.000ns
    Phase Error              (PE):    0.000ns

    Location             Delay type                Incr(ns)  Path(ns)    Netlist Resource(s)
  -------------------------------------------------------------------    -------------------
                         (clock clk_i rise edge)      0.000     0.000 r  
                                                      0.000     0.000 r  clk_i (IN)
                         net (fo=2483, unset)         0.787     0.787    clk_i
                         FDCE                                         r  p2_lane_compute_q_reg/C
  -------------------------------------------------------------------    -------------------
                         FDCE (Prop_fdce_C_Q)         0.433     1.220 r  p2_lane_compute_q_reg/Q
                         net (fo=6, unplaced)         0.689     1.909    gen_lane[0].i_lane/i_shift_align/p2_lane_compute_q
                                                                      r  gen_lane[0].i_lane/i_shift_align/lane_result_q[0][63]_i_56/I0
                         LUT5 (Prop_lut5_I0_O)        0.232     2.141 r  gen_lane[0].i_lane/i_shift_align/lane_result_q[0][63]_i_56/O
                         net (fo=146, unplaced)       1.047     3.188    gen_lane[0].i_lane/i_shift_align/p2_lane_compute_q_reg
                                                                      r  gen_lane[0].i_lane/i_shift_align/lane_result_q[0][28]_i_5/I1
                         LUT6 (Prop_lut6_I1_O)        0.105     3.293 r  gen_lane[0].i_lane/i_shift_align/lane_result_q[0][28]_i_5/O
                         net (fo=4, unplaced)         0.962     4.255    gen_lane[0].i_lane/i_shift_align/lane_result_q[0][28]_i_5_n_0
                                                                      r  gen_lane[0].i_lane/i_shift_align/lane_result_q[0][20]_i_4/I1
                         LUT6 (Prop_lut6_I1_O)        0.105     4.360 r  gen_lane[0].i_lane/i_shift_align/lane_result_q[0][20]_i_4/O
                         net (fo=4, unplaced)         0.606     4.966    gen_lane[0].i_lane/i_shift_align/lane_result_q[0][20]_i_4_n_0
                                                                      r  gen_lane[0].i_lane/i_shift_align/lane_result_q[0][18]_i_2/I1
                         LUT6 (Prop_lut6_I1_O)        0.105     5.071 r  gen_lane[0].i_lane/i_shift_align/lane_result_q[0][18]_i_2/O
                         net (fo=2, unplaced)         0.358     5.429    i_vrf/lane_result_q_reg[0][17]
                                                                      r  i_vrf/lane_result_q[0][18]_i_1/I2
                         LUT6 (Prop_lut6_I2_O)        0.105     5.534 r  i_vrf/lane_result_q[0][18]_i_1/O
                         net (fo=1, unplaced)         0.000     5.534    i_vrf_n_45
                         FDCE                                         r  lane_result_q_reg[0][18]/D
  -------------------------------------------------------------------    -------------------

                         (clock clk_i rise edge)      5.000     5.000 r  
                                                      0.000     5.000 r  clk_i (IN)
                         net (fo=2483, unset)         0.748     5.748    clk_i
                         FDCE                                         r  lane_result_q_reg[0][18]/C
                         clock pessimism              0.000     5.748    
                         clock uncertainty           -0.035     5.712    
                         FDCE (Setup_fdce_C_D)        0.072     5.784    lane_result_q_reg[0][18]
  -------------------------------------------------------------------
                         required time                          5.784    
                         arrival time                          -5.534    
  -------------------------------------------------------------------
                         slack                                  0.250    




