Targeted timing group: P2 targeted
Patterns: p1_pop_d p1_xor_d pop_q xor_q hdec_p2_pop_slice i_p2_pop_slice lane_popcnt popcount lane_bool lane_valid use_popcount use_xor uop_lane_bool_valid lane_popcnt_n
Matched cells (402):
  gen_lane[0].i_lane/pop_q_i_1 LUT4
  gen_lane[0].i_lane/pop_q_reg FDCE
  gen_lane[0].i_lane/popcount_part_q_o[0][0]_i_1 LUT6
  gen_lane[0].i_lane/popcount_part_q_o[0][0]_i_2 LUT3
  gen_lane[0].i_lane/popcount_part_q_o[0][0]_i_3 LUT3
  gen_lane[0].i_lane/popcount_part_q_o[0][0]_i_4 LUT3
  gen_lane[0].i_lane/popcount_part_q_o[0][1]_i_1 LUT3
  gen_lane[0].i_lane/popcount_part_q_o[0][2]_i_1 LUT6
  gen_lane[0].i_lane/popcount_part_q_o[0][2]_i_10 LUT5
  gen_lane[0].i_lane/popcount_part_q_o[0][2]_i_11 LUT5
  gen_lane[0].i_lane/popcount_part_q_o[0][2]_i_12 LUT5
  gen_lane[0].i_lane/popcount_part_q_o[0][2]_i_13 LUT6
  gen_lane[0].i_lane/popcount_part_q_o[0][2]_i_14 LUT3
  gen_lane[0].i_lane/popcount_part_q_o[0][2]_i_15 LUT3
  gen_lane[0].i_lane/popcount_part_q_o[0][2]_i_16 LUT3
  gen_lane[0].i_lane/popcount_part_q_o[0][2]_i_17 LUT3
  gen_lane[0].i_lane/popcount_part_q_o[0][2]_i_2 LUT6
  gen_lane[0].i_lane/popcount_part_q_o[0][2]_i_3 LUT3
  gen_lane[0].i_lane/popcount_part_q_o[0][2]_i_4 LUT5
  gen_lane[0].i_lane/popcount_part_q_o[0][2]_i_5 LUT5
  gen_lane[0].i_lane/popcount_part_q_o[0][2]_i_6 LUT5
  gen_lane[0].i_lane/popcount_part_q_o[0][2]_i_7 LUT5
  gen_lane[0].i_lane/popcount_part_q_o[0][2]_i_8 LUT5
  gen_lane[0].i_lane/popcount_part_q_o[0][2]_i_9 LUT5
  gen_lane[0].i_lane/popcount_part_q_o[0][3]_i_1 LUT5
  gen_lane[0].i_lane/popcount_part_q_o[0][4]_i_1 LUT5
  gen_lane[0].i_lane/popcount_part_q_o[0][5]_i_1 LUT5
  gen_lane[0].i_lane/popcount_part_q_o[0][5]_i_10 LUT5
  gen_lane[0].i_lane/popcount_part_q_o[0][5]_i_11 LUT5
  gen_lane[0].i_lane/popcount_part_q_o[0][5]_i_12 LUT3
  gen_lane[0].i_lane/popcount_part_q_o[0][5]_i_13 LUT6
  gen_lane[0].i_lane/popcount_part_q_o[0][5]_i_14 LUT3
  gen_lane[0].i_lane/popcount_part_q_o[0][5]_i_15 LUT3
  gen_lane[0].i_lane/popcount_part_q_o[0][5]_i_16 LUT3
  gen_lane[0].i_lane/popcount_part_q_o[0][5]_i_17 LUT3
  gen_lane[0].i_lane/popcount_part_q_o[0][5]_i_18 LUT3
  gen_lane[0].i_lane/popcount_part_q_o[0][5]_i_19 LUT3
  gen_lane[0].i_lane/popcount_part_q_o[0][5]_i_2 LUT5
  gen_lane[0].i_lane/popcount_part_q_o[0][5]_i_20 LUT5
  gen_lane[0].i_lane/popcount_part_q_o[0][5]_i_3 LUT5
  gen_lane[0].i_lane/popcount_part_q_o[0][5]_i_4 LUT3
  gen_lane[0].i_lane/popcount_part_q_o[0][5]_i_5 LUT5
  gen_lane[0].i_lane/popcount_part_q_o[0][5]_i_6 LUT6
  gen_lane[0].i_lane/popcount_part_q_o[0][5]_i_7 LUT5
  gen_lane[0].i_lane/popcount_part_q_o[0][5]_i_8 LUT5
  gen_lane[0].i_lane/popcount_part_q_o[0][5]_i_9 LUT5
  gen_lane[0].i_lane/popcount_part_q_o[1][0]_i_1 LUT6
  gen_lane[0].i_lane/popcount_part_q_o[1][0]_i_2 LUT3
  gen_lane[0].i_lane/popcount_part_q_o[1][0]_i_3 LUT3
  gen_lane[0].i_lane/popcount_part_q_o[1][0]_i_4 LUT3
  gen_lane[0].i_lane/popcount_part_q_o[1][1]_i_1 LUT3
  gen_lane[0].i_lane/popcount_part_q_o[1][2]_i_1 LUT6
  gen_lane[0].i_lane/popcount_part_q_o[1][2]_i_10 LUT5
  gen_lane[0].i_lane/popcount_part_q_o[1][2]_i_11 LUT5
  gen_lane[0].i_lane/popcount_part_q_o[1][2]_i_12 LUT5
  gen_lane[0].i_lane/popcount_part_q_o[1][2]_i_13 LUT6
  gen_lane[0].i_lane/popcount_part_q_o[1][2]_i_14 LUT3
  gen_lane[0].i_lane/popcount_part_q_o[1][2]_i_15 LUT3
  gen_lane[0].i_lane/popcount_part_q_o[1][2]_i_16 LUT3
  gen_lane[0].i_lane/popcount_part_q_o[1][2]_i_17 LUT3
  gen_lane[0].i_lane/popcount_part_q_o[1][2]_i_2 LUT6
  gen_lane[0].i_lane/popcount_part_q_o[1][2]_i_3 LUT3
  gen_lane[0].i_lane/popcount_part_q_o[1][2]_i_4 LUT5
  gen_lane[0].i_lane/popcount_part_q_o[1][2]_i_5 LUT5
  gen_lane[0].i_lane/popcount_part_q_o[1][2]_i_6 LUT5
  gen_lane[0].i_lane/popcount_part_q_o[1][2]_i_7 LUT5
  gen_lane[0].i_lane/popcount_part_q_o[1][2]_i_8 LUT5
  gen_lane[0].i_lane/popcount_part_q_o[1][2]_i_9 LUT5
  gen_lane[0].i_lane/popcount_part_q_o[1][3]_i_1 LUT5
  gen_lane[0].i_lane/popcount_part_q_o[1][4]_i_1 LUT5
  gen_lane[0].i_lane/popcount_part_q_o[1][5]_i_1 LUT5
  gen_lane[0].i_lane/popcount_part_q_o[1][5]_i_10 LUT5
  gen_lane[0].i_lane/popcount_part_q_o[1][5]_i_11 LUT5
  gen_lane[0].i_lane/popcount_part_q_o[1][5]_i_12 LUT3
  gen_lane[0].i_lane/popcount_part_q_o[1][5]_i_13 LUT6
  gen_lane[0].i_lane/popcount_part_q_o[1][5]_i_14 LUT3
  gen_lane[0].i_lane/popcount_part_q_o[1][5]_i_15 LUT3
  gen_lane[0].i_lane/popcount_part_q_o[1][5]_i_16 LUT3
  gen_lane[0].i_lane/popcount_part_q_o[1][5]_i_17 LUT3
  gen_lane[0].i_lane/popcount_part_q_o[1][5]_i_18 LUT3
  gen_lane[0].i_lane/popcount_part_q_o[1][5]_i_19 LUT3
  gen_lane[0].i_lane/popcount_part_q_o[1][5]_i_2 LUT5
  gen_lane[0].i_lane/popcount_part_q_o[1][5]_i_20 LUT5
  gen_lane[0].i_lane/popcount_part_q_o[1][5]_i_3 LUT5
  gen_lane[0].i_lane/popcount_part_q_o[1][5]_i_4 LUT3
  gen_lane[0].i_lane/popcount_part_q_o[1][5]_i_5 LUT5
  gen_lane[0].i_lane/popcount_part_q_o[1][5]_i_6 LUT6
  gen_lane[0].i_lane/popcount_part_q_o[1][5]_i_7 LUT5
  gen_lane[0].i_lane/popcount_part_q_o[1][5]_i_8 LUT5
  gen_lane[0].i_lane/popcount_part_q_o[1][5]_i_9 LUT5
  gen_lane[0].i_lane/popcount_part_q_o_reg[0][0] FDCE
  gen_lane[0].i_lane/popcount_part_q_o_reg[0][1] FDCE
  gen_lane[0].i_lane/popcount_part_q_o_reg[0][2] FDCE
  gen_lane[0].i_lane/popcount_part_q_o_reg[0][3] FDCE
  gen_lane[0].i_lane/popcount_part_q_o_reg[0][4] FDCE
  gen_lane[0].i_lane/popcount_part_q_o_reg[0][5] FDCE
  gen_lane[0].i_lane/popcount_part_q_o_reg[1][0] FDCE
  gen_lane[0].i_lane/popcount_part_q_o_reg[1][1] FDCE
  gen_lane[0].i_lane/popcount_part_q_o_reg[1][2] FDCE
  gen_lane[0].i_lane/popcount_part_q_o_reg[1][3] FDCE
  gen_lane[0].i_lane/popcount_part_q_o_reg[1][4] FDCE
  gen_lane[0].i_lane/popcount_part_q_o_reg[1][5] FDCE
  gen_lane[1].i_lane/popcount_part_q_o[0][0]_i_1 LUT6
  gen_lane[1].i_lane/popcount_part_q_o[0][0]_i_2 LUT3
  gen_lane[1].i_lane/popcount_part_q_o[0][0]_i_3 LUT3
  gen_lane[1].i_lane/popcount_part_q_o[0][0]_i_4 LUT3
  gen_lane[1].i_lane/popcount_part_q_o[0][1]_i_1 LUT3
  gen_lane[1].i_lane/popcount_part_q_o[0][2]_i_10 LUT5
  gen_lane[1].i_lane/popcount_part_q_o[0][2]_i_11 LUT5
  gen_lane[1].i_lane/popcount_part_q_o[0][2]_i_12 LUT5
  gen_lane[1].i_lane/popcount_part_q_o[0][2]_i_13 LUT6
  gen_lane[1].i_lane/popcount_part_q_o[0][2]_i_14 LUT3
  gen_lane[1].i_lane/popcount_part_q_o[0][2]_i_15 LUT3
  gen_lane[1].i_lane/popcount_part_q_o[0][2]_i_16 LUT3
  gen_lane[1].i_lane/popcount_part_q_o[0][2]_i_17 LUT3
  gen_lane[1].i_lane/popcount_part_q_o[0][2]_i_1__0 LUT6
  gen_lane[1].i_lane/popcount_part_q_o[0][2]_i_2 LUT6
  gen_lane[1].i_lane/popcount_part_q_o[0][2]_i_3 LUT3
  gen_lane[1].i_lane/popcount_part_q_o[0][2]_i_4__0 LUT5
  gen_lane[1].i_lane/popcount_part_q_o[0][2]_i_5__0 LUT5
  gen_lane[1].i_lane/popcount_part_q_o[0][2]_i_6 LUT5
  gen_lane[1].i_lane/popcount_part_q_o[0][2]_i_7 LUT5
  gen_lane[1].i_lane/popcount_part_q_o[0][2]_i_8 LUT5
  gen_lane[1].i_lane/popcount_part_q_o[0][2]_i_9 LUT5
  gen_lane[1].i_lane/popcount_part_q_o[0][3]_i_1__0 LUT5
  gen_lane[1].i_lane/popcount_part_q_o[0][4]_i_1__0 LUT5
  gen_lane[1].i_lane/popcount_part_q_o[0][5]_i_10 LUT5
  gen_lane[1].i_lane/popcount_part_q_o[0][5]_i_11 LUT5
  gen_lane[1].i_lane/popcount_part_q_o[0][5]_i_12 LUT3
  gen_lane[1].i_lane/popcount_part_q_o[0][5]_i_13 LUT6
  gen_lane[1].i_lane/popcount_part_q_o[0][5]_i_14 LUT3
  gen_lane[1].i_lane/popcount_part_q_o[0][5]_i_15 LUT3
  gen_lane[1].i_lane/popcount_part_q_o[0][5]_i_16 LUT3
  gen_lane[1].i_lane/popcount_part_q_o[0][5]_i_17 LUT3
  gen_lane[1].i_lane/popcount_part_q_o[0][5]_i_18 LUT3
  gen_lane[1].i_lane/popcount_part_q_o[0][5]_i_19 LUT3
  gen_lane[1].i_lane/popcount_part_q_o[0][5]_i_1__0 LUT5
  gen_lane[1].i_lane/popcount_part_q_o[0][5]_i_2 LUT5
  gen_lane[1].i_lane/popcount_part_q_o[0][5]_i_20 LUT5
  gen_lane[1].i_lane/popcount_part_q_o[0][5]_i_3__0 LUT5
  gen_lane[1].i_lane/popcount_part_q_o[0][5]_i_4 LUT3
  gen_lane[1].i_lane/popcount_part_q_o[0][5]_i_5__0 LUT5
  gen_lane[1].i_lane/popcount_part_q_o[0][5]_i_6 LUT6
  gen_lane[1].i_lane/popcount_part_q_o[0][5]_i_7 LUT5
  gen_lane[1].i_lane/popcount_part_q_o[0][5]_i_8 LUT5
  gen_lane[1].i_lane/popcount_part_q_o[0][5]_i_9 LUT5
  gen_lane[1].i_lane/popcount_part_q_o[1][0]_i_1 LUT6
  gen_lane[1].i_lane/popcount_part_q_o[1][0]_i_2 LUT3
  gen_lane[1].i_lane/popcount_part_q_o[1][0]_i_3 LUT3
  gen_lane[1].i_lane/popcount_part_q_o[1][0]_i_4 LUT3
  gen_lane[1].i_lane/popcount_part_q_o[1][1]_i_1 LUT3
  gen_lane[1].i_lane/popcount_part_q_o[1][2]_i_10 LUT5
  gen_lane[1].i_lane/popcount_part_q_o[1][2]_i_11 LUT5
  gen_lane[1].i_lane/popcount_part_q_o[1][2]_i_12 LUT5
  gen_lane[1].i_lane/popcount_part_q_o[1][2]_i_13 LUT6
  gen_lane[1].i_lane/popcount_part_q_o[1][2]_i_14 LUT3
  gen_lane[1].i_lane/popcount_part_q_o[1][2]_i_15 LUT3
  gen_lane[1].i_lane/popcount_part_q_o[1][2]_i_16 LUT3
  gen_lane[1].i_lane/popcount_part_q_o[1][2]_i_17 LUT3
  gen_lane[1].i_lane/popcount_part_q_o[1][2]_i_1__0 LUT6
  gen_lane[1].i_lane/popcount_part_q_o[1][2]_i_2 LUT6
  gen_lane[1].i_lane/popcount_part_q_o[1][2]_i_3 LUT3
  gen_lane[1].i_lane/popcount_part_q_o[1][2]_i_4__0 LUT5
  gen_lane[1].i_lane/popcount_part_q_o[1][2]_i_5__0 LUT5
  gen_lane[1].i_lane/popcount_part_q_o[1][2]_i_6 LUT5
  gen_lane[1].i_lane/popcount_part_q_o[1][2]_i_7 LUT5
  gen_lane[1].i_lane/popcount_part_q_o[1][2]_i_8 LUT5
  gen_lane[1].i_lane/popcount_part_q_o[1][2]_i_9 LUT5
  gen_lane[1].i_lane/popcount_part_q_o[1][3]_i_1__0 LUT5
  gen_lane[1].i_lane/popcount_part_q_o[1][4]_i_1__0 LUT5
  gen_lane[1].i_lane/popcount_part_q_o[1][5]_i_10 LUT5
  gen_lane[1].i_lane/popcount_part_q_o[1][5]_i_11 LUT5
  gen_lane[1].i_lane/popcount_part_q_o[1][5]_i_12 LUT3
  gen_lane[1].i_lane/popcount_part_q_o[1][5]_i_13 LUT6
  gen_lane[1].i_lane/popcount_part_q_o[1][5]_i_14 LUT3
  gen_lane[1].i_lane/popcount_part_q_o[1][5]_i_15 LUT3
  gen_lane[1].i_lane/popcount_part_q_o[1][5]_i_16 LUT3
  gen_lane[1].i_lane/popcount_part_q_o[1][5]_i_17 LUT3
  gen_lane[1].i_lane/popcount_part_q_o[1][5]_i_18 LUT3
  gen_lane[1].i_lane/popcount_part_q_o[1][5]_i_19 LUT3
  gen_lane[1].i_lane/popcount_part_q_o[1][5]_i_1__0 LUT5
  gen_lane[1].i_lane/popcount_part_q_o[1][5]_i_2 LUT5
  gen_lane[1].i_lane/popcount_part_q_o[1][5]_i_20 LUT5
  gen_lane[1].i_lane/popcount_part_q_o[1][5]_i_3__0 LUT5
  gen_lane[1].i_lane/popcount_part_q_o[1][5]_i_4 LUT3
  gen_lane[1].i_lane/popcount_part_q_o[1][5]_i_5__0 LUT5
  gen_lane[1].i_lane/popcount_part_q_o[1][5]_i_6 LUT6
  gen_lane[1].i_lane/popcount_part_q_o[1][5]_i_7 LUT5
  gen_lane[1].i_lane/popcount_part_q_o[1][5]_i_8 LUT5
  gen_lane[1].i_lane/popcount_part_q_o[1][5]_i_9 LUT5
  gen_lane[1].i_lane/popcount_part_q_o_reg[0][0] FDCE
  gen_lane[1].i_lane/popcount_part_q_o_reg[0][1] FDCE
  gen_lane[1].i_lane/popcount_part_q_o_reg[0][2] FDCE
  gen_lane[1].i_lane/popcount_part_q_o_reg[0][3] FDCE
  gen_lane[1].i_lane/popcount_part_q_o_reg[0][4] FDCE
  gen_lane[1].i_lane/popcount_part_q_o_reg[0][5] FDCE
  gen_lane[1].i_lane/popcount_part_q_o_reg[1][0] FDCE
  gen_lane[1].i_lane/popcount_part_q_o_reg[1][1] FDCE
  gen_lane[1].i_lane/popcount_part_q_o_reg[1][2] FDCE
  gen_lane[1].i_lane/popcount_part_q_o_reg[1][3] FDCE
  gen_lane[1].i_lane/popcount_part_q_o_reg[1][4] FDCE
Matched nets (439):
  gen_lane[0].i_lane/lane_popcnt_part_q[0][1][2] fanout=3 driver=gen_lane[0].i_lane/popcount_part_q_o_reg[1][2]/Q
  gen_lane[0].i_lane/lane_popcnt_part_q[0][1][3] fanout=3 driver=gen_lane[0].i_lane/popcount_part_q_o_reg[1][3]/Q
  gen_lane[0].i_lane/lane_popcnt_part_q[0][1][4] fanout=3 driver=gen_lane[0].i_lane/popcount_part_q_o_reg[1][4]/Q
  gen_lane[0].i_lane/pop_q_reg_0[0] fanout=9 driver=uop_p2_q_reg[op_type][0]/Q
  gen_lane[0].i_lane/pop_q_reg_0[1] fanout=7 driver=uop_p2_q_reg[op_type][1]/Q
  gen_lane[0].i_lane/pop_q_reg_0[2] fanout=8 driver=uop_p2_q_reg[op_type][2]/Q
  gen_lane[0].i_lane/popcount_part_count[0]_1[0] fanout=1 driver=gen_lane[0].i_lane/popcount_part_q_o[0][0]_i_1/O
  gen_lane[0].i_lane/popcount_part_count[0]_1[1] fanout=1 driver=gen_lane[0].i_lane/popcount_part_q_o[0][1]_i_1/O
  gen_lane[0].i_lane/popcount_part_count[0]_1[2] fanout=1 driver=gen_lane[0].i_lane/popcount_part_q_o[0][2]_i_1/O
  gen_lane[0].i_lane/popcount_part_count[0]_1[3] fanout=1 driver=gen_lane[0].i_lane/popcount_part_q_o[0][3]_i_1/O
  gen_lane[0].i_lane/popcount_part_count[0]_1[4] fanout=1 driver=gen_lane[0].i_lane/popcount_part_q_o[0][4]_i_1/O
  gen_lane[0].i_lane/popcount_part_count[0]_1[5] fanout=1 driver=gen_lane[0].i_lane/popcount_part_q_o[0][5]_i_1/O
  gen_lane[0].i_lane/popcount_part_count[1]_0[0] fanout=1 driver=gen_lane[0].i_lane/popcount_part_q_o[1][0]_i_1/O
  gen_lane[0].i_lane/popcount_part_count[1]_0[1] fanout=1 driver=gen_lane[0].i_lane/popcount_part_q_o[1][1]_i_1/O
  gen_lane[0].i_lane/popcount_part_count[1]_0[2] fanout=1 driver=gen_lane[0].i_lane/popcount_part_q_o[1][2]_i_1/O
  gen_lane[0].i_lane/popcount_part_count[1]_0[3] fanout=1 driver=gen_lane[0].i_lane/popcount_part_q_o[1][3]_i_1/O
  gen_lane[0].i_lane/popcount_part_count[1]_0[4] fanout=1 driver=gen_lane[0].i_lane/popcount_part_q_o[1][4]_i_1/O
  gen_lane[0].i_lane/popcount_part_count[1]_0[5] fanout=1 driver=gen_lane[0].i_lane/popcount_part_q_o[1][5]_i_1/O
  gen_lane[0].i_lane/popcount_part_q_o[0][0]_i_2_n_0 fanout=2 driver=gen_lane[0].i_lane/popcount_part_q_o[0][0]_i_2/O
  gen_lane[0].i_lane/popcount_part_q_o[0][0]_i_3_n_0 fanout=3 driver=gen_lane[0].i_lane/popcount_part_q_o[0][0]_i_3/O
  gen_lane[0].i_lane/popcount_part_q_o[0][0]_i_4_n_0 fanout=3 driver=gen_lane[0].i_lane/popcount_part_q_o[0][0]_i_4/O
  gen_lane[0].i_lane/popcount_part_q_o[0][2]_i_10_n_0 fanout=3 driver=gen_lane[0].i_lane/popcount_part_q_o[0][2]_i_10/O
  gen_lane[0].i_lane/popcount_part_q_o[0][2]_i_11_n_0 fanout=3 driver=gen_lane[0].i_lane/popcount_part_q_o[0][2]_i_11/O
  gen_lane[0].i_lane/popcount_part_q_o[0][2]_i_12_n_0 fanout=2 driver=gen_lane[0].i_lane/popcount_part_q_o[0][2]_i_12/O
  gen_lane[0].i_lane/popcount_part_q_o[0][2]_i_13_n_0 fanout=2 driver=gen_lane[0].i_lane/popcount_part_q_o[0][2]_i_13/O
  gen_lane[0].i_lane/popcount_part_q_o[0][2]_i_14_n_0 fanout=2 driver=gen_lane[0].i_lane/popcount_part_q_o[0][2]_i_14/O
  gen_lane[0].i_lane/popcount_part_q_o[0][2]_i_15_n_0 fanout=2 driver=gen_lane[0].i_lane/popcount_part_q_o[0][2]_i_15/O
  gen_lane[0].i_lane/popcount_part_q_o[0][2]_i_16_n_0 fanout=2 driver=gen_lane[0].i_lane/popcount_part_q_o[0][2]_i_16/O
  gen_lane[0].i_lane/popcount_part_q_o[0][2]_i_17_n_0 fanout=2 driver=gen_lane[0].i_lane/popcount_part_q_o[0][2]_i_17/O
  gen_lane[0].i_lane/popcount_part_q_o[0][2]_i_2_n_0 fanout=3 driver=gen_lane[0].i_lane/popcount_part_q_o[0][2]_i_2/O
  gen_lane[0].i_lane/popcount_part_q_o[0][2]_i_3_n_0 fanout=3 driver=gen_lane[0].i_lane/popcount_part_q_o[0][2]_i_3/O
  gen_lane[0].i_lane/popcount_part_q_o[0][2]_i_4_n_0 fanout=3 driver=gen_lane[0].i_lane/popcount_part_q_o[0][2]_i_4/O
  gen_lane[0].i_lane/popcount_part_q_o[0][2]_i_5_n_0 fanout=2 driver=gen_lane[0].i_lane/popcount_part_q_o[0][2]_i_5/O
  gen_lane[0].i_lane/popcount_part_q_o[0][2]_i_6_n_0 fanout=2 driver=gen_lane[0].i_lane/popcount_part_q_o[0][2]_i_6/O
  gen_lane[0].i_lane/popcount_part_q_o[0][2]_i_7_n_0 fanout=2 driver=gen_lane[0].i_lane/popcount_part_q_o[0][2]_i_7/O
  gen_lane[0].i_lane/popcount_part_q_o[0][2]_i_8_n_0 fanout=2 driver=gen_lane[0].i_lane/popcount_part_q_o[0][2]_i_8/O
  gen_lane[0].i_lane/popcount_part_q_o[0][2]_i_9_n_0 fanout=3 driver=gen_lane[0].i_lane/popcount_part_q_o[0][2]_i_9/O
  gen_lane[0].i_lane/popcount_part_q_o[0][5]_i_10_n_0 fanout=3 driver=gen_lane[0].i_lane/popcount_part_q_o[0][5]_i_10/O
  gen_lane[0].i_lane/popcount_part_q_o[0][5]_i_11_n_0 fanout=3 driver=gen_lane[0].i_lane/popcount_part_q_o[0][5]_i_11/O
  gen_lane[0].i_lane/popcount_part_q_o[0][5]_i_12_n_0 fanout=2 driver=gen_lane[0].i_lane/popcount_part_q_o[0][5]_i_12/O
  gen_lane[0].i_lane/popcount_part_q_o[0][5]_i_13_n_0 fanout=2 driver=gen_lane[0].i_lane/popcount_part_q_o[0][5]_i_13/O
  gen_lane[0].i_lane/popcount_part_q_o[0][5]_i_14_n_0 fanout=2 driver=gen_lane[0].i_lane/popcount_part_q_o[0][5]_i_14/O
  gen_lane[0].i_lane/popcount_part_q_o[0][5]_i_15_n_0 fanout=2 driver=gen_lane[0].i_lane/popcount_part_q_o[0][5]_i_15/O
  gen_lane[0].i_lane/popcount_part_q_o[0][5]_i_16_n_0 fanout=2 driver=gen_lane[0].i_lane/popcount_part_q_o[0][5]_i_16/O
  gen_lane[0].i_lane/popcount_part_q_o[0][5]_i_17_n_0 fanout=2 driver=gen_lane[0].i_lane/popcount_part_q_o[0][5]_i_17/O
  gen_lane[0].i_lane/popcount_part_q_o[0][5]_i_18_n_0 fanout=2 driver=gen_lane[0].i_lane/popcount_part_q_o[0][5]_i_18/O
  gen_lane[0].i_lane/popcount_part_q_o[0][5]_i_19_n_0 fanout=2 driver=gen_lane[0].i_lane/popcount_part_q_o[0][5]_i_19/O
  gen_lane[0].i_lane/popcount_part_q_o[0][5]_i_20_n_0 fanout=2 driver=gen_lane[0].i_lane/popcount_part_q_o[0][5]_i_20/O
  gen_lane[0].i_lane/popcount_part_q_o[0][5]_i_2_n_0 fanout=5 driver=gen_lane[0].i_lane/popcount_part_q_o[0][5]_i_2/O
  gen_lane[0].i_lane/popcount_part_q_o[0][5]_i_3_n_0 fanout=5 driver=gen_lane[0].i_lane/popcount_part_q_o[0][5]_i_3/O
  gen_lane[0].i_lane/popcount_part_q_o[0][5]_i_4_n_0 fanout=3 driver=gen_lane[0].i_lane/popcount_part_q_o[0][5]_i_4/O
  gen_lane[0].i_lane/popcount_part_q_o[0][5]_i_5_n_0 fanout=3 driver=gen_lane[0].i_lane/popcount_part_q_o[0][5]_i_5/O
  gen_lane[0].i_lane/popcount_part_q_o[0][5]_i_6_n_0 fanout=3 driver=gen_lane[0].i_lane/popcount_part_q_o[0][5]_i_6/O
  gen_lane[0].i_lane/popcount_part_q_o[0][5]_i_7_n_0 fanout=2 driver=gen_lane[0].i_lane/popcount_part_q_o[0][5]_i_7/O
  gen_lane[0].i_lane/popcount_part_q_o[0][5]_i_8_n_0 fanout=2 driver=gen_lane[0].i_lane/popcount_part_q_o[0][5]_i_8/O
  gen_lane[0].i_lane/popcount_part_q_o[0][5]_i_9_n_0 fanout=3 driver=gen_lane[0].i_lane/popcount_part_q_o[0][5]_i_9/O
  gen_lane[0].i_lane/popcount_part_q_o[1][0]_i_2_n_0 fanout=2 driver=gen_lane[0].i_lane/popcount_part_q_o[1][0]_i_2/O
  gen_lane[0].i_lane/popcount_part_q_o[1][0]_i_3_n_0 fanout=3 driver=gen_lane[0].i_lane/popcount_part_q_o[1][0]_i_3/O
  gen_lane[0].i_lane/popcount_part_q_o[1][0]_i_4_n_0 fanout=3 driver=gen_lane[0].i_lane/popcount_part_q_o[1][0]_i_4/O
  gen_lane[0].i_lane/popcount_part_q_o[1][2]_i_10_n_0 fanout=3 driver=gen_lane[0].i_lane/popcount_part_q_o[1][2]_i_10/O
  gen_lane[0].i_lane/popcount_part_q_o[1][2]_i_11_n_0 fanout=3 driver=gen_lane[0].i_lane/popcount_part_q_o[1][2]_i_11/O
  gen_lane[0].i_lane/popcount_part_q_o[1][2]_i_12_n_0 fanout=2 driver=gen_lane[0].i_lane/popcount_part_q_o[1][2]_i_12/O
  gen_lane[0].i_lane/popcount_part_q_o[1][2]_i_13_n_0 fanout=2 driver=gen_lane[0].i_lane/popcount_part_q_o[1][2]_i_13/O
  gen_lane[0].i_lane/popcount_part_q_o[1][2]_i_14_n_0 fanout=2 driver=gen_lane[0].i_lane/popcount_part_q_o[1][2]_i_14/O
  gen_lane[0].i_lane/popcount_part_q_o[1][2]_i_15_n_0 fanout=2 driver=gen_lane[0].i_lane/popcount_part_q_o[1][2]_i_15/O
  gen_lane[0].i_lane/popcount_part_q_o[1][2]_i_16_n_0 fanout=2 driver=gen_lane[0].i_lane/popcount_part_q_o[1][2]_i_16/O
  gen_lane[0].i_lane/popcount_part_q_o[1][2]_i_17_n_0 fanout=2 driver=gen_lane[0].i_lane/popcount_part_q_o[1][2]_i_17/O
  gen_lane[0].i_lane/popcount_part_q_o[1][2]_i_2_n_0 fanout=3 driver=gen_lane[0].i_lane/popcount_part_q_o[1][2]_i_2/O
  gen_lane[0].i_lane/popcount_part_q_o[1][2]_i_3_n_0 fanout=3 driver=gen_lane[0].i_lane/popcount_part_q_o[1][2]_i_3/O
  gen_lane[0].i_lane/popcount_part_q_o[1][2]_i_4_n_0 fanout=3 driver=gen_lane[0].i_lane/popcount_part_q_o[1][2]_i_4/O
  gen_lane[0].i_lane/popcount_part_q_o[1][2]_i_5_n_0 fanout=2 driver=gen_lane[0].i_lane/popcount_part_q_o[1][2]_i_5/O
  gen_lane[0].i_lane/popcount_part_q_o[1][2]_i_6_n_0 fanout=2 driver=gen_lane[0].i_lane/popcount_part_q_o[1][2]_i_6/O
  gen_lane[0].i_lane/popcount_part_q_o[1][2]_i_7_n_0 fanout=2 driver=gen_lane[0].i_lane/popcount_part_q_o[1][2]_i_7/O
  gen_lane[0].i_lane/popcount_part_q_o[1][2]_i_8_n_0 fanout=2 driver=gen_lane[0].i_lane/popcount_part_q_o[1][2]_i_8/O
  gen_lane[0].i_lane/popcount_part_q_o[1][2]_i_9_n_0 fanout=3 driver=gen_lane[0].i_lane/popcount_part_q_o[1][2]_i_9/O
  gen_lane[0].i_lane/popcount_part_q_o[1][5]_i_10_n_0 fanout=3 driver=gen_lane[0].i_lane/popcount_part_q_o[1][5]_i_10/O
  gen_lane[0].i_lane/popcount_part_q_o[1][5]_i_11_n_0 fanout=3 driver=gen_lane[0].i_lane/popcount_part_q_o[1][5]_i_11/O
  gen_lane[0].i_lane/popcount_part_q_o[1][5]_i_12_n_0 fanout=2 driver=gen_lane[0].i_lane/popcount_part_q_o[1][5]_i_12/O
  gen_lane[0].i_lane/popcount_part_q_o[1][5]_i_13_n_0 fanout=2 driver=gen_lane[0].i_lane/popcount_part_q_o[1][5]_i_13/O
  gen_lane[0].i_lane/popcount_part_q_o[1][5]_i_14_n_0 fanout=2 driver=gen_lane[0].i_lane/popcount_part_q_o[1][5]_i_14/O
  gen_lane[0].i_lane/popcount_part_q_o[1][5]_i_15_n_0 fanout=2 driver=gen_lane[0].i_lane/popcount_part_q_o[1][5]_i_15/O
  gen_lane[0].i_lane/popcount_part_q_o[1][5]_i_16_n_0 fanout=2 driver=gen_lane[0].i_lane/popcount_part_q_o[1][5]_i_16/O
  gen_lane[0].i_lane/popcount_part_q_o[1][5]_i_17_n_0 fanout=2 driver=gen_lane[0].i_lane/popcount_part_q_o[1][5]_i_17/O
  gen_lane[0].i_lane/popcount_part_q_o[1][5]_i_18_n_0 fanout=2 driver=gen_lane[0].i_lane/popcount_part_q_o[1][5]_i_18/O
  gen_lane[0].i_lane/popcount_part_q_o[1][5]_i_19_n_0 fanout=2 driver=gen_lane[0].i_lane/popcount_part_q_o[1][5]_i_19/O
  gen_lane[0].i_lane/popcount_part_q_o[1][5]_i_20_n_0 fanout=2 driver=gen_lane[0].i_lane/popcount_part_q_o[1][5]_i_20/O
  gen_lane[0].i_lane/popcount_part_q_o[1][5]_i_2_n_0 fanout=5 driver=gen_lane[0].i_lane/popcount_part_q_o[1][5]_i_2/O
  gen_lane[0].i_lane/popcount_part_q_o[1][5]_i_3_n_0 fanout=5 driver=gen_lane[0].i_lane/popcount_part_q_o[1][5]_i_3/O
  gen_lane[0].i_lane/popcount_part_q_o[1][5]_i_4_n_0 fanout=3 driver=gen_lane[0].i_lane/popcount_part_q_o[1][5]_i_4/O
  gen_lane[0].i_lane/popcount_part_q_o[1][5]_i_5_n_0 fanout=3 driver=gen_lane[0].i_lane/popcount_part_q_o[1][5]_i_5/O
  gen_lane[0].i_lane/popcount_part_q_o[1][5]_i_6_n_0 fanout=3 driver=gen_lane[0].i_lane/popcount_part_q_o[1][5]_i_6/O
  gen_lane[0].i_lane/popcount_part_q_o[1][5]_i_7_n_0 fanout=2 driver=gen_lane[0].i_lane/popcount_part_q_o[1][5]_i_7/O
  gen_lane[0].i_lane/popcount_part_q_o[1][5]_i_8_n_0 fanout=2 driver=gen_lane[0].i_lane/popcount_part_q_o[1][5]_i_8/O
  gen_lane[0].i_lane/popcount_part_q_o[1][5]_i_9_n_0 fanout=3 driver=gen_lane[0].i_lane/popcount_part_q_o[1][5]_i_9/O
  gen_lane[0].i_lane/popcount_part_q_o_reg[0][5]_0[0] fanout=3 driver=gen_lane[0].i_lane/popcount_part_q_o_reg[0][0]/Q
  gen_lane[0].i_lane/popcount_part_q_o_reg[0][5]_0[1] fanout=3 driver=gen_lane[0].i_lane/popcount_part_q_o_reg[0][1]/Q
  gen_lane[0].i_lane/popcount_part_q_o_reg[0][5]_0[2] fanout=3 driver=gen_lane[0].i_lane/popcount_part_q_o_reg[0][2]/Q
  gen_lane[0].i_lane/popcount_part_q_o_reg[0][5]_0[3] fanout=3 driver=gen_lane[0].i_lane/popcount_part_q_o_reg[0][3]/Q
  gen_lane[0].i_lane/popcount_part_q_o_reg[0][5]_0[4] fanout=3 driver=gen_lane[0].i_lane/popcount_part_q_o_reg[0][4]/Q
  gen_lane[0].i_lane/popcount_part_q_o_reg[0][5]_0[5] fanout=2 driver=gen_lane[0].i_lane/popcount_part_q_o_reg[0][5]/Q
  gen_lane[0].i_lane/popcount_part_q_o_reg[1][5]_0[0] fanout=2 driver=gen_lane[0].i_lane/popcount_part_q_o_reg[1][0]/Q
  gen_lane[0].i_lane/popcount_part_q_o_reg[1][5]_0[1] fanout=4 driver=gen_lane[0].i_lane/popcount_part_q_o_reg[1][1]/Q
  gen_lane[0].i_lane/popcount_part_q_o_reg[1][5]_0[2] fanout=4 driver=gen_lane[0].i_lane/popcount_part_q_o_reg[1][5]/Q
  gen_lane[1].i_lane/popcount_part_count[0]_1[0] fanout=1 driver=gen_lane[1].i_lane/popcount_part_q_o[0][0]_i_1/O
  gen_lane[1].i_lane/popcount_part_count[0]_1[1] fanout=1 driver=gen_lane[1].i_lane/popcount_part_q_o[0][1]_i_1/O
  gen_lane[1].i_lane/popcount_part_count[0]_1[2] fanout=1 driver=gen_lane[1].i_lane/popcount_part_q_o[0][2]_i_1__0/O
  gen_lane[1].i_lane/popcount_part_count[0]_1[3] fanout=1 driver=gen_lane[1].i_lane/popcount_part_q_o[0][3]_i_1__0/O
  gen_lane[1].i_lane/popcount_part_count[0]_1[4] fanout=1 driver=gen_lane[1].i_lane/popcount_part_q_o[0][4]_i_1__0/O
  gen_lane[1].i_lane/popcount_part_count[0]_1[5] fanout=1 driver=gen_lane[1].i_lane/popcount_part_q_o[0][5]_i_1__0/O
  gen_lane[1].i_lane/popcount_part_count[1]_0[0] fanout=1 driver=gen_lane[1].i_lane/popcount_part_q_o[1][0]_i_1/O
  gen_lane[1].i_lane/popcount_part_count[1]_0[1] fanout=1 driver=gen_lane[1].i_lane/popcount_part_q_o[1][1]_i_1/O
  gen_lane[1].i_lane/popcount_part_count[1]_0[2] fanout=1 driver=gen_lane[1].i_lane/popcount_part_q_o[1][2]_i_1__0/O
  gen_lane[1].i_lane/popcount_part_count[1]_0[3] fanout=1 driver=gen_lane[1].i_lane/popcount_part_q_o[1][3]_i_1__0/O
  gen_lane[1].i_lane/popcount_part_count[1]_0[4] fanout=1 driver=gen_lane[1].i_lane/popcount_part_q_o[1][4]_i_1__0/O
  gen_lane[1].i_lane/popcount_part_count[1]_0[5] fanout=1 driver=gen_lane[1].i_lane/popcount_part_q_o[1][5]_i_1__0/O
  gen_lane[1].i_lane/popcount_part_q_o[0][0]_i_2_n_0 fanout=2 driver=gen_lane[1].i_lane/popcount_part_q_o[0][0]_i_2/O
  gen_lane[1].i_lane/popcount_part_q_o[0][0]_i_3_n_0 fanout=3 driver=gen_lane[1].i_lane/popcount_part_q_o[0][0]_i_3/O
  gen_lane[1].i_lane/popcount_part_q_o[0][0]_i_4_n_0 fanout=3 driver=gen_lane[1].i_lane/popcount_part_q_o[0][0]_i_4/O
  gen_lane[1].i_lane/popcount_part_q_o[0][2]_i_10_n_0 fanout=3 driver=gen_lane[1].i_lane/popcount_part_q_o[0][2]_i_10/O
  gen_lane[1].i_lane/popcount_part_q_o[0][2]_i_11_n_0 fanout=3 driver=gen_lane[1].i_lane/popcount_part_q_o[0][2]_i_11/O
  gen_lane[1].i_lane/popcount_part_q_o[0][2]_i_12_n_0 fanout=2 driver=gen_lane[1].i_lane/popcount_part_q_o[0][2]_i_12/O
  gen_lane[1].i_lane/popcount_part_q_o[0][2]_i_13_n_0 fanout=2 driver=gen_lane[1].i_lane/popcount_part_q_o[0][2]_i_13/O
  gen_lane[1].i_lane/popcount_part_q_o[0][2]_i_14_n_0 fanout=2 driver=gen_lane[1].i_lane/popcount_part_q_o[0][2]_i_14/O
  gen_lane[1].i_lane/popcount_part_q_o[0][2]_i_15_n_0 fanout=2 driver=gen_lane[1].i_lane/popcount_part_q_o[0][2]_i_15/O
  gen_lane[1].i_lane/popcount_part_q_o[0][2]_i_16_n_0 fanout=2 driver=gen_lane[1].i_lane/popcount_part_q_o[0][2]_i_16/O
  gen_lane[1].i_lane/popcount_part_q_o[0][2]_i_17_n_0 fanout=2 driver=gen_lane[1].i_lane/popcount_part_q_o[0][2]_i_17/O
  gen_lane[1].i_lane/popcount_part_q_o[0][2]_i_2_n_0 fanout=3 driver=gen_lane[1].i_lane/popcount_part_q_o[0][2]_i_2/O
  gen_lane[1].i_lane/popcount_part_q_o[0][2]_i_3_n_0 fanout=3 driver=gen_lane[1].i_lane/popcount_part_q_o[0][2]_i_3/O
  gen_lane[1].i_lane/popcount_part_q_o[0][2]_i_4__0_n_0 fanout=3 driver=gen_lane[1].i_lane/popcount_part_q_o[0][2]_i_4__0/O
  gen_lane[1].i_lane/popcount_part_q_o[0][2]_i_5__0_n_0 fanout=2 driver=gen_lane[1].i_lane/popcount_part_q_o[0][2]_i_5__0/O
  gen_lane[1].i_lane/popcount_part_q_o[0][2]_i_6_n_0 fanout=2 driver=gen_lane[1].i_lane/popcount_part_q_o[0][2]_i_6/O
  gen_lane[1].i_lane/popcount_part_q_o[0][2]_i_7_n_0 fanout=2 driver=gen_lane[1].i_lane/popcount_part_q_o[0][2]_i_7/O
  gen_lane[1].i_lane/popcount_part_q_o[0][2]_i_8_n_0 fanout=2 driver=gen_lane[1].i_lane/popcount_part_q_o[0][2]_i_8/O
  gen_lane[1].i_lane/popcount_part_q_o[0][2]_i_9_n_0 fanout=3 driver=gen_lane[1].i_lane/popcount_part_q_o[0][2]_i_9/O
  gen_lane[1].i_lane/popcount_part_q_o[0][5]_i_10_n_0 fanout=3 driver=gen_lane[1].i_lane/popcount_part_q_o[0][5]_i_10/O
  gen_lane[1].i_lane/popcount_part_q_o[0][5]_i_11_n_0 fanout=3 driver=gen_lane[1].i_lane/popcount_part_q_o[0][5]_i_11/O
  gen_lane[1].i_lane/popcount_part_q_o[0][5]_i_12_n_0 fanout=2 driver=gen_lane[1].i_lane/popcount_part_q_o[0][5]_i_12/O
  gen_lane[1].i_lane/popcount_part_q_o[0][5]_i_13_n_0 fanout=2 driver=gen_lane[1].i_lane/popcount_part_q_o[0][5]_i_13/O
  gen_lane[1].i_lane/popcount_part_q_o[0][5]_i_14_n_0 fanout=2 driver=gen_lane[1].i_lane/popcount_part_q_o[0][5]_i_14/O
  gen_lane[1].i_lane/popcount_part_q_o[0][5]_i_15_n_0 fanout=2 driver=gen_lane[1].i_lane/popcount_part_q_o[0][5]_i_15/O
  gen_lane[1].i_lane/popcount_part_q_o[0][5]_i_16_n_0 fanout=2 driver=gen_lane[1].i_lane/popcount_part_q_o[0][5]_i_16/O
  gen_lane[1].i_lane/popcount_part_q_o[0][5]_i_17_n_0 fanout=2 driver=gen_lane[1].i_lane/popcount_part_q_o[0][5]_i_17/O
  gen_lane[1].i_lane/popcount_part_q_o[0][5]_i_18_n_0 fanout=2 driver=gen_lane[1].i_lane/popcount_part_q_o[0][5]_i_18/O
  gen_lane[1].i_lane/popcount_part_q_o[0][5]_i_19_n_0 fanout=2 driver=gen_lane[1].i_lane/popcount_part_q_o[0][5]_i_19/O
  gen_lane[1].i_lane/popcount_part_q_o[0][5]_i_20_n_0 fanout=2 driver=gen_lane[1].i_lane/popcount_part_q_o[0][5]_i_20/O
  gen_lane[1].i_lane/popcount_part_q_o[0][5]_i_2_n_0 fanout=5 driver=gen_lane[1].i_lane/popcount_part_q_o[0][5]_i_2/O
  gen_lane[1].i_lane/popcount_part_q_o[0][5]_i_3__0_n_0 fanout=5 driver=gen_lane[1].i_lane/popcount_part_q_o[0][5]_i_3__0/O
  gen_lane[1].i_lane/popcount_part_q_o[0][5]_i_4_n_0 fanout=3 driver=gen_lane[1].i_lane/popcount_part_q_o[0][5]_i_4/O
  gen_lane[1].i_lane/popcount_part_q_o[0][5]_i_5__0_n_0 fanout=3 driver=gen_lane[1].i_lane/popcount_part_q_o[0][5]_i_5__0/O
  gen_lane[1].i_lane/popcount_part_q_o[0][5]_i_6_n_0 fanout=3 driver=gen_lane[1].i_lane/popcount_part_q_o[0][5]_i_6/O
  gen_lane[1].i_lane/popcount_part_q_o[0][5]_i_7_n_0 fanout=2 driver=gen_lane[1].i_lane/popcount_part_q_o[0][5]_i_7/O
  gen_lane[1].i_lane/popcount_part_q_o[0][5]_i_8_n_0 fanout=2 driver=gen_lane[1].i_lane/popcount_part_q_o[0][5]_i_8/O
  gen_lane[1].i_lane/popcount_part_q_o[0][5]_i_9_n_0 fanout=3 driver=gen_lane[1].i_lane/popcount_part_q_o[0][5]_i_9/O
  gen_lane[1].i_lane/popcount_part_q_o[1][0]_i_2_n_0 fanout=2 driver=gen_lane[1].i_lane/popcount_part_q_o[1][0]_i_2/O
  gen_lane[1].i_lane/popcount_part_q_o[1][0]_i_3_n_0 fanout=3 driver=gen_lane[1].i_lane/popcount_part_q_o[1][0]_i_3/O
  gen_lane[1].i_lane/popcount_part_q_o[1][0]_i_4_n_0 fanout=3 driver=gen_lane[1].i_lane/popcount_part_q_o[1][0]_i_4/O
  gen_lane[1].i_lane/popcount_part_q_o[1][2]_i_10_n_0 fanout=3 driver=gen_lane[1].i_lane/popcount_part_q_o[1][2]_i_10/O
  gen_lane[1].i_lane/popcount_part_q_o[1][2]_i_11_n_0 fanout=3 driver=gen_lane[1].i_lane/popcount_part_q_o[1][2]_i_11/O
  gen_lane[1].i_lane/popcount_part_q_o[1][2]_i_12_n_0 fanout=2 driver=gen_lane[1].i_lane/popcount_part_q_o[1][2]_i_12/O
  gen_lane[1].i_lane/popcount_part_q_o[1][2]_i_13_n_0 fanout=2 driver=gen_lane[1].i_lane/popcount_part_q_o[1][2]_i_13/O
  gen_lane[1].i_lane/popcount_part_q_o[1][2]_i_14_n_0 fanout=2 driver=gen_lane[1].i_lane/popcount_part_q_o[1][2]_i_14/O
  gen_lane[1].i_lane/popcount_part_q_o[1][2]_i_15_n_0 fanout=2 driver=gen_lane[1].i_lane/popcount_part_q_o[1][2]_i_15/O
  gen_lane[1].i_lane/popcount_part_q_o[1][2]_i_16_n_0 fanout=2 driver=gen_lane[1].i_lane/popcount_part_q_o[1][2]_i_16/O
  gen_lane[1].i_lane/popcount_part_q_o[1][2]_i_17_n_0 fanout=2 driver=gen_lane[1].i_lane/popcount_part_q_o[1][2]_i_17/O
  gen_lane[1].i_lane/popcount_part_q_o[1][2]_i_2_n_0 fanout=3 driver=gen_lane[1].i_lane/popcount_part_q_o[1][2]_i_2/O
  gen_lane[1].i_lane/popcount_part_q_o[1][2]_i_3_n_0 fanout=3 driver=gen_lane[1].i_lane/popcount_part_q_o[1][2]_i_3/O
  gen_lane[1].i_lane/popcount_part_q_o[1][2]_i_4__0_n_0 fanout=3 driver=gen_lane[1].i_lane/popcount_part_q_o[1][2]_i_4__0/O
  gen_lane[1].i_lane/popcount_part_q_o[1][2]_i_5__0_n_0 fanout=2 driver=gen_lane[1].i_lane/popcount_part_q_o[1][2]_i_5__0/O
  gen_lane[1].i_lane/popcount_part_q_o[1][2]_i_6_n_0 fanout=2 driver=gen_lane[1].i_lane/popcount_part_q_o[1][2]_i_6/O
  gen_lane[1].i_lane/popcount_part_q_o[1][2]_i_7_n_0 fanout=2 driver=gen_lane[1].i_lane/popcount_part_q_o[1][2]_i_7/O
  gen_lane[1].i_lane/popcount_part_q_o[1][2]_i_8_n_0 fanout=2 driver=gen_lane[1].i_lane/popcount_part_q_o[1][2]_i_8/O
  gen_lane[1].i_lane/popcount_part_q_o[1][2]_i_9_n_0 fanout=3 driver=gen_lane[1].i_lane/popcount_part_q_o[1][2]_i_9/O
  gen_lane[1].i_lane/popcount_part_q_o[1][5]_i_10_n_0 fanout=3 driver=gen_lane[1].i_lane/popcount_part_q_o[1][5]_i_10/O
  gen_lane[1].i_lane/popcount_part_q_o[1][5]_i_11_n_0 fanout=3 driver=gen_lane[1].i_lane/popcount_part_q_o[1][5]_i_11/O
  gen_lane[1].i_lane/popcount_part_q_o[1][5]_i_12_n_0 fanout=2 driver=gen_lane[1].i_lane/popcount_part_q_o[1][5]_i_12/O
  gen_lane[1].i_lane/popcount_part_q_o[1][5]_i_13_n_0 fanout=2 driver=gen_lane[1].i_lane/popcount_part_q_o[1][5]_i_13/O
  gen_lane[1].i_lane/popcount_part_q_o[1][5]_i_14_n_0 fanout=2 driver=gen_lane[1].i_lane/popcount_part_q_o[1][5]_i_14/O
  gen_lane[1].i_lane/popcount_part_q_o[1][5]_i_15_n_0 fanout=2 driver=gen_lane[1].i_lane/popcount_part_q_o[1][5]_i_15/O
  gen_lane[1].i_lane/popcount_part_q_o[1][5]_i_16_n_0 fanout=2 driver=gen_lane[1].i_lane/popcount_part_q_o[1][5]_i_16/O
  gen_lane[1].i_lane/popcount_part_q_o[1][5]_i_17_n_0 fanout=2 driver=gen_lane[1].i_lane/popcount_part_q_o[1][5]_i_17/O
  gen_lane[1].i_lane/popcount_part_q_o[1][5]_i_18_n_0 fanout=2 driver=gen_lane[1].i_lane/popcount_part_q_o[1][5]_i_18/O
  gen_lane[1].i_lane/popcount_part_q_o[1][5]_i_19_n_0 fanout=2 driver=gen_lane[1].i_lane/popcount_part_q_o[1][5]_i_19/O
  gen_lane[1].i_lane/popcount_part_q_o[1][5]_i_20_n_0 fanout=2 driver=gen_lane[1].i_lane/popcount_part_q_o[1][5]_i_20/O
  gen_lane[1].i_lane/popcount_part_q_o[1][5]_i_2_n_0 fanout=5 driver=gen_lane[1].i_lane/popcount_part_q_o[1][5]_i_2/O
  gen_lane[1].i_lane/popcount_part_q_o[1][5]_i_3__0_n_0 fanout=5 driver=gen_lane[1].i_lane/popcount_part_q_o[1][5]_i_3__0/O
  gen_lane[1].i_lane/popcount_part_q_o[1][5]_i_4_n_0 fanout=3 driver=gen_lane[1].i_lane/popcount_part_q_o[1][5]_i_4/O
  gen_lane[1].i_lane/popcount_part_q_o[1][5]_i_5__0_n_0 fanout=3 driver=gen_lane[1].i_lane/popcount_part_q_o[1][5]_i_5__0/O
  gen_lane[1].i_lane/popcount_part_q_o[1][5]_i_6_n_0 fanout=3 driver=gen_lane[1].i_lane/popcount_part_q_o[1][5]_i_6/O
  gen_lane[1].i_lane/popcount_part_q_o[1][5]_i_7_n_0 fanout=2 driver=gen_lane[1].i_lane/popcount_part_q_o[1][5]_i_7/O
  gen_lane[1].i_lane/popcount_part_q_o[1][5]_i_8_n_0 fanout=2 driver=gen_lane[1].i_lane/popcount_part_q_o[1][5]_i_8/O
  gen_lane[1].i_lane/popcount_part_q_o[1][5]_i_9_n_0 fanout=3 driver=gen_lane[1].i_lane/popcount_part_q_o[1][5]_i_9/O
  gen_lane[1].i_lane/popcount_part_q_o_reg[0][0]_0[0] fanout=48 driver=gen_lane[0].i_lane/pop_q_reg/Q
  gen_lane[1].i_lane/popcount_part_q_o_reg[0][5]_0[0] fanout=2 driver=gen_lane[1].i_lane/popcount_part_q_o_reg[0][0]/Q
  gen_lane[1].i_lane/popcount_part_q_o_reg[0][5]_0[1] fanout=2 driver=gen_lane[1].i_lane/popcount_part_q_o_reg[0][1]/Q
  gen_lane[1].i_lane/popcount_part_q_o_reg[0][5]_0[2] fanout=3 driver=gen_lane[1].i_lane/popcount_part_q_o_reg[0][2]/Q
  gen_lane[1].i_lane/popcount_part_q_o_reg[0][5]_0[3] fanout=2 driver=gen_lane[1].i_lane/popcount_part_q_o_reg[0][3]/Q
  gen_lane[1].i_lane/popcount_part_q_o_reg[0][5]_0[4] fanout=2 driver=gen_lane[1].i_lane/popcount_part_q_o_reg[0][4]/Q
  gen_lane[1].i_lane/popcount_part_q_o_reg[0][5]_0[5] fanout=2 driver=gen_lane[1].i_lane/popcount_part_q_o_reg[0][5]/Q
  gen_lane[1].i_lane/popcount_part_q_o_reg[0][5]_1 fanout=1756 driver=gen_lane[0].i_lane/res_q[63]_i_2/O
  gen_lane[1].i_lane/popcount_part_q_o_reg[1][5]_0[0] fanout=3 driver=gen_lane[1].i_lane/popcount_part_q_o_reg[1][0]/Q
  gen_lane[1].i_lane/popcount_part_q_o_reg[1][5]_0[1] fanout=3 driver=gen_lane[1].i_lane/popcount_part_q_o_reg[1][1]/Q
Copyright 1986-2022 Xilinx, Inc. All Rights Reserved. Copyright 2022-2024 Advanced Micro Devices, Inc. All Rights Reserved.
------------------------------------------------------------------------------------------------------------------------------------------------------------------------------------------------------------------------------------------------------------------------------------------------------------------------------------------------------------
| Tool Version : Vivado v.2024.2 (win64) Build 5239630 Fri Nov 08 22:35:27 MST 2024
| Date         : Wed Jun 17 10:26:51 2026
| Host         : WIN-20240824NZS running 64-bit major release  (build 9200)
| Command      : report_timing -delay_type max -sort_by slack -max_paths 5 -nworst 1 -through [get_pins -quiet -of_objects {gen_lane[1].i_lane/popcount_part_q_o_reg[1][1]/Q}] -input_pins -nets -append -file E:/HDEC/cva6-vhdc-core/tmp/hdec_v15_pointmul_worktree/reports/hdec/v42_slot1_tag_2026_06_17/ooc_v42_slot1_tag/reports/timing_p2_targeted.rpt
| Design       : hdec_top
| Device       : 7z020-clg400
| Speed File   : -2  PRODUCTION 1.12 2019-11-22
| Design State : Synthesized
------------------------------------------------------------------------------------------------------------------------------------------------------------------------------------------------------------------------------------------------------------------------------------------------------------------------------------------------------------

Timing Report

Slack (MET) :             0.328ns  (required time - arrival time)
  Source:                 gen_lane[1].i_lane/popcount_part_q_o_reg[1][0]/C
                            (rising edge-triggered cell FDCE clocked by clk_i  {rise@0.000ns fall@2.500ns period=5.000ns})
  Destination:            group_dist_q_reg[8]/D
                            (rising edge-triggered cell FDCE clocked by clk_i  {rise@0.000ns fall@2.500ns period=5.000ns})
  Path Group:             clk_i
  Path Type:              Setup (Max at Slow Process Corner)
  Requirement:            5.000ns  (clk_i rise@5.000ns - clk_i rise@0.000ns)
  Data Path Delay:        4.698ns  (logic 2.324ns (49.468%)  route 2.374ns (50.532%))
  Logic Levels:           8  (CARRY4=4 LUT3=2 LUT5=1 LUT6=1)
  Clock Path Skew:        -0.039ns (DCD - SCD + CPR)
    Destination Clock Delay (DCD):    0.748ns = ( 5.748 - 5.000 ) 
    Source Clock Delay      (SCD):    0.787ns
    Clock Pessimism Removal (CPR):    0.000ns
  Clock Uncertainty:      0.035ns  ((TSJ^2 + TIJ^2)^1/2 + DJ) / 2 + PE
    Total System Jitter     (TSJ):    0.071ns
    Total Input Jitter      (TIJ):    0.000ns
    Discrete Jitter          (DJ):    0.000ns
    Phase Error              (PE):    0.000ns

    Location             Delay type                Incr(ns)  Path(ns)    Netlist Resource(s)
  -------------------------------------------------------------------    -------------------
                         (clock clk_i rise edge)      0.000     0.000 r  
                                                      0.000     0.000 r  clk_i (IN)
                         net (fo=2483, unset)         0.787     0.787    gen_lane[1].i_lane/clk_i
                         FDCE                                         r  gen_lane[1].i_lane/popcount_part_q_o_reg[1][0]/C
  -------------------------------------------------------------------    -------------------
                         FDCE (Prop_fdce_C_Q)         0.433     1.220 r  gen_lane[1].i_lane/popcount_part_q_o_reg[1][0]/Q
                         net (fo=3, unplaced)         0.617     1.837    gen_lane[2].i_lane/group_dist_q_reg[8]_i_4_0[0]
                                                                      r  gen_lane[2].i_lane/group_dist_q[7]_i_25/I0
                         LUT3 (Prop_lut3_I0_O)        0.232     2.069 r  gen_lane[2].i_lane/group_dist_q[7]_i_25/O
                         net (fo=1, unplaced)         0.537     2.606    gen_lane[2].i_lane/group_dist_q[7]_i_25_n_0
                                                                      r  gen_lane[2].i_lane/group_dist_q_reg[7]_i_13/DI[1]
                         CARRY4 (Prop_carry4_DI[1]_CO[3])
                                                      0.430     3.036 r  gen_lane[2].i_lane/group_dist_q_reg[7]_i_13/CO[3]
                         net (fo=1, unplaced)         0.008     3.044    gen_lane[2].i_lane/group_dist_q_reg[7]_i_13_n_0
                                                                      r  gen_lane[2].i_lane/group_dist_q_reg[8]_i_4/CI
                         CARRY4 (Prop_carry4_CI_O[1])
                                                      0.269     3.313 r  gen_lane[2].i_lane/group_dist_q_reg[8]_i_4/O[1]
                         net (fo=4, unplaced)         0.496     3.809    gen_lane[0].i_lane/group_dist_q_reg[7]_0[1]
                                                                      r  gen_lane[0].i_lane/group_dist_q[7]_i_10/I1
                         LUT3 (Prop_lut3_I1_O)        0.245     4.054 r  gen_lane[0].i_lane/group_dist_q[7]_i_10/O
                         net (fo=2, unplaced)         0.358     4.412    gen_lane[0].i_lane/group_dist_q[7]_i_10_n_0
                                                                      r  gen_lane[0].i_lane/group_dist_q[7]_i_3/I1
                         LUT5 (Prop_lut5_I1_O)        0.105     4.517 r  gen_lane[0].i_lane/group_dist_q[7]_i_3/O
                         net (fo=2, unplaced)         0.358     4.875    gen_lane[0].i_lane/group_dist_q[7]_i_3_n_0
                                                                      r  gen_lane[0].i_lane/group_dist_q[7]_i_7/I0
                         LUT6 (Prop_lut6_I0_O)        0.105     4.980 r  gen_lane[0].i_lane/group_dist_q[7]_i_7/O
                         net (fo=1, unplaced)         0.000     4.980    gen_lane[0].i_lane/group_dist_q[7]_i_7_n_0
                                                                      r  gen_lane[0].i_lane/group_dist_q_reg[7]_i_1/S[2]
                         CARRY4 (Prop_carry4_S[2]_CO[3])
                                                      0.316     5.296 r  gen_lane[0].i_lane/group_dist_q_reg[7]_i_1/CO[3]
                         net (fo=1, unplaced)         0.000     5.296    gen_lane[0].i_lane/group_dist_q_reg[7]_i_1_n_0
                                                                      r  gen_lane[0].i_lane/group_dist_q_reg[8]_i_2/CI
                         CARRY4 (Prop_carry4_CI_O[0])
                                                      0.189     5.485 r  gen_lane[0].i_lane/group_dist_q_reg[8]_i_2/O[0]
                         net (fo=1, unplaced)         0.000     5.485    group_dist_sum[8]
                         FDCE                                         r  group_dist_q_reg[8]/D
  -------------------------------------------------------------------    -------------------

                         (clock clk_i rise edge)      5.000     5.000 r  
                                                      0.000     5.000 r  clk_i (IN)
                         net (fo=2483, unset)         0.748     5.748    clk_i
                         FDCE                                         r  group_dist_q_reg[8]/C
                         clock pessimism              0.000     5.748    
                         clock uncertainty           -0.035     5.712    
                         FDCE (Setup_fdce_C_D)        0.101     5.813    group_dist_q_reg[8]
  -------------------------------------------------------------------
                         required time                          5.813    
                         arrival time                          -5.485    
  -------------------------------------------------------------------
                         slack                                  0.328    

Slack (MET) :             0.432ns  (required time - arrival time)
  Source:                 gen_lane[1].i_lane/popcount_part_q_o_reg[1][0]/C
                            (rising edge-triggered cell FDCE clocked by clk_i  {rise@0.000ns fall@2.500ns period=5.000ns})
  Destination:            group_dist_q_reg[7]/D
                            (rising edge-triggered cell FDCE clocked by clk_i  {rise@0.000ns fall@2.500ns period=5.000ns})
  Path Group:             clk_i
  Path Type:              Setup (Max at Slow Process Corner)
  Requirement:            5.000ns  (clk_i rise@5.000ns - clk_i rise@0.000ns)
  Data Path Delay:        4.594ns  (logic 2.146ns (46.713%)  route 2.448ns (53.287%))
  Logic Levels:           6  (CARRY4=3 LUT3=2 LUT5=1)
  Clock Path Skew:        -0.039ns (DCD - SCD + CPR)
    Destination Clock Delay (DCD):    0.748ns = ( 5.748 - 5.000 ) 
    Source Clock Delay      (SCD):    0.787ns
    Clock Pessimism Removal (CPR):    0.000ns
  Clock Uncertainty:      0.035ns  ((TSJ^2 + TIJ^2)^1/2 + DJ) / 2 + PE
    Total System Jitter     (TSJ):    0.071ns
    Total Input Jitter      (TIJ):    0.000ns
    Discrete Jitter          (DJ):    0.000ns
    Phase Error              (PE):    0.000ns

    Location             Delay type                Incr(ns)  Path(ns)    Netlist Resource(s)
  -------------------------------------------------------------------    -------------------
                         (clock clk_i rise edge)      0.000     0.000 r  
                                                      0.000     0.000 r  clk_i (IN)
                         net (fo=2483, unset)         0.787     0.787    gen_lane[1].i_lane/clk_i
                         FDCE                                         r  gen_lane[1].i_lane/popcount_part_q_o_reg[1][0]/C
  -------------------------------------------------------------------    -------------------
                         FDCE (Prop_fdce_C_Q)         0.433     1.220 r  gen_lane[1].i_lane/popcount_part_q_o_reg[1][0]/Q
                         net (fo=3, unplaced)         0.617     1.837    gen_lane[2].i_lane/group_dist_q_reg[8]_i_4_0[0]
                                                                      r  gen_lane[2].i_lane/group_dist_q[7]_i_25/I0
                         LUT3 (Prop_lut3_I0_O)        0.232     2.069 r  gen_lane[2].i_lane/group_dist_q[7]_i_25/O
                         net (fo=1, unplaced)         0.537     2.606    gen_lane[2].i_lane/group_dist_q[7]_i_25_n_0
                                                                      r  gen_lane[2].i_lane/group_dist_q_reg[7]_i_13/DI[1]
                         CARRY4 (Prop_carry4_DI[1]_CO[3])
                                                      0.430     3.036 r  gen_lane[2].i_lane/group_dist_q_reg[7]_i_13/CO[3]
                         net (fo=1, unplaced)         0.008     3.044    gen_lane[2].i_lane/group_dist_q_reg[7]_i_13_n_0
                                                                      r  gen_lane[2].i_lane/group_dist_q_reg[8]_i_4/CI
                         CARRY4 (Prop_carry4_CI_O[0])
                                                      0.189     3.233 r  gen_lane[2].i_lane/group_dist_q_reg[8]_i_4/O[0]
                         net (fo=3, unplaced)         0.380     3.613    gen_lane[0].i_lane/group_dist_q_reg[7]_0[0]
                                                                      r  gen_lane[0].i_lane/group_dist_q[7]_i_11/I1
                         LUT3 (Prop_lut3_I1_O)        0.238     3.851 r  gen_lane[0].i_lane/group_dist_q[7]_i_11/O
                         net (fo=2, unplaced)         0.358     4.209    gen_lane[0].i_lane/group_dist_q[7]_i_11_n_0
                                                                      r  gen_lane[0].i_lane/group_dist_q[7]_i_4/I1
                         LUT5 (Prop_lut5_I1_O)        0.105     4.314 r  gen_lane[0].i_lane/group_dist_q[7]_i_4/O
                         net (fo=2, unplaced)         0.548     4.862    gen_lane[0].i_lane/group_dist_q[7]_i_4_n_0
                                                                      r  gen_lane[0].i_lane/group_dist_q_reg[7]_i_1/DI[1]
                         CARRY4 (Prop_carry4_DI[1]_O[3])
                                                      0.519     5.381 r  gen_lane[0].i_lane/group_dist_q_reg[7]_i_1/O[3]
                         net (fo=1, unplaced)         0.000     5.381    group_dist_sum[7]
                         FDCE                                         r  group_dist_q_reg[7]/D
  -------------------------------------------------------------------    -------------------

                         (clock clk_i rise edge)      5.000     5.000 r  
                                                      0.000     5.000 r  clk_i (IN)
                         net (fo=2483, unset)         0.748     5.748    clk_i
                         FDCE                                         r  group_dist_q_reg[7]/C
                         clock pessimism              0.000     5.748    
                         clock uncertainty           -0.035     5.712    
                         FDCE (Setup_fdce_C_D)        0.101     5.813    group_dist_q_reg[7]
  -------------------------------------------------------------------
                         required time                          5.813    
                         arrival time                          -5.381    
  -------------------------------------------------------------------
                         slack                                  0.432    

Slack (MET) :             0.485ns  (required time - arrival time)
  Source:                 gen_lane[1].i_lane/popcount_part_q_o_reg[1][0]/C
                            (rising edge-triggered cell FDCE clocked by clk_i  {rise@0.000ns fall@2.500ns period=5.000ns})
  Destination:            group_dist_q_reg[6]/D
                            (rising edge-triggered cell FDCE clocked by clk_i  {rise@0.000ns fall@2.500ns period=5.000ns})
  Path Group:             clk_i
  Path Type:              Setup (Max at Slow Process Corner)
  Requirement:            5.000ns  (clk_i rise@5.000ns - clk_i rise@0.000ns)
  Data Path Delay:        4.541ns  (logic 2.093ns (46.091%)  route 2.448ns (53.909%))
  Logic Levels:           6  (CARRY4=3 LUT3=2 LUT5=1)
  Clock Path Skew:        -0.039ns (DCD - SCD + CPR)
    Destination Clock Delay (DCD):    0.748ns = ( 5.748 - 5.000 ) 
    Source Clock Delay      (SCD):    0.787ns
    Clock Pessimism Removal (CPR):    0.000ns
  Clock Uncertainty:      0.035ns  ((TSJ^2 + TIJ^2)^1/2 + DJ) / 2 + PE
    Total System Jitter     (TSJ):    0.071ns
    Total Input Jitter      (TIJ):    0.000ns
    Discrete Jitter          (DJ):    0.000ns
    Phase Error              (PE):    0.000ns

    Location             Delay type                Incr(ns)  Path(ns)    Netlist Resource(s)
  -------------------------------------------------------------------    -------------------
                         (clock clk_i rise edge)      0.000     0.000 r  
                                                      0.000     0.000 r  clk_i (IN)
                         net (fo=2483, unset)         0.787     0.787    gen_lane[1].i_lane/clk_i
                         FDCE                                         r  gen_lane[1].i_lane/popcount_part_q_o_reg[1][0]/C
  -------------------------------------------------------------------    -------------------
                         FDCE (Prop_fdce_C_Q)         0.433     1.220 r  gen_lane[1].i_lane/popcount_part_q_o_reg[1][0]/Q
                         net (fo=3, unplaced)         0.617     1.837    gen_lane[2].i_lane/group_dist_q_reg[8]_i_4_0[0]
                                                                      r  gen_lane[2].i_lane/group_dist_q[7]_i_25/I0
                         LUT3 (Prop_lut3_I0_O)        0.232     2.069 r  gen_lane[2].i_lane/group_dist_q[7]_i_25/O
                         net (fo=1, unplaced)         0.537     2.606    gen_lane[2].i_lane/group_dist_q[7]_i_25_n_0
                                                                      r  gen_lane[2].i_lane/group_dist_q_reg[7]_i_13/DI[1]
                         CARRY4 (Prop_carry4_DI[1]_CO[3])
                                                      0.430     3.036 r  gen_lane[2].i_lane/group_dist_q_reg[7]_i_13/CO[3]
                         net (fo=1, unplaced)         0.008     3.044    gen_lane[2].i_lane/group_dist_q_reg[7]_i_13_n_0
                                                                      r  gen_lane[2].i_lane/group_dist_q_reg[8]_i_4/CI
                         CARRY4 (Prop_carry4_CI_O[0])
                                                      0.189     3.233 r  gen_lane[2].i_lane/group_dist_q_reg[8]_i_4/O[0]
                         net (fo=3, unplaced)         0.380     3.613    gen_lane[0].i_lane/group_dist_q_reg[7]_0[0]
                                                                      r  gen_lane[0].i_lane/group_dist_q[7]_i_11/I1
                         LUT3 (Prop_lut3_I1_O)        0.238     3.851 r  gen_lane[0].i_lane/group_dist_q[7]_i_11/O
                         net (fo=2, unplaced)         0.358     4.209    gen_lane[0].i_lane/group_dist_q[7]_i_11_n_0
                                                                      r  gen_lane[0].i_lane/group_dist_q[7]_i_4/I1
                         LUT5 (Prop_lut5_I1_O)        0.105     4.314 r  gen_lane[0].i_lane/group_dist_q[7]_i_4/O
                         net (fo=2, unplaced)         0.548     4.862    gen_lane[0].i_lane/group_dist_q[7]_i_4_n_0
                                                                      r  gen_lane[0].i_lane/group_dist_q_reg[7]_i_1/DI[1]
                         CARRY4 (Prop_carry4_DI[1]_O[2])
                                                      0.466     5.328 r  gen_lane[0].i_lane/group_dist_q_reg[7]_i_1/O[2]
                         net (fo=1, unplaced)         0.000     5.328    group_dist_sum[6]
                         FDCE                                         r  group_dist_q_reg[6]/D
  -------------------------------------------------------------------    -------------------

                         (clock clk_i rise edge)      5.000     5.000 r  
                                                      0.000     5.000 r  clk_i (IN)
                         net (fo=2483, unset)         0.748     5.748    clk_i
                         FDCE                                         r  group_dist_q_reg[6]/C
                         clock pessimism              0.000     5.748    
                         clock uncertainty           -0.035     5.712    
                         FDCE (Setup_fdce_C_D)        0.101     5.813    group_dist_q_reg[6]
  -------------------------------------------------------------------
                         required time                          5.813    
                         arrival time                          -5.328    
  -------------------------------------------------------------------
                         slack                                  0.485    

Slack (MET) :             0.606ns  (required time - arrival time)
  Source:                 gen_lane[3].i_lane/popcount_part_q_o_reg[0][0]/C
                            (rising edge-triggered cell FDCE clocked by clk_i  {rise@0.000ns fall@2.500ns period=5.000ns})
  Destination:            group_dist_q_reg[5]/D
                            (rising edge-triggered cell FDCE clocked by clk_i  {rise@0.000ns fall@2.500ns period=5.000ns})
  Path Group:             clk_i
  Path Type:              Setup (Max at Slow Process Corner)
  Requirement:            5.000ns  (clk_i rise@5.000ns - clk_i rise@0.000ns)
  Data Path Delay:        4.420ns  (logic 2.168ns (49.050%)  route 2.252ns (50.950%))
  Logic Levels:           7  (CARRY4=3 LUT3=2 LUT5=1 LUT6=1)
  Clock Path Skew:        -0.039ns (DCD - SCD + CPR)
    Destination Clock Delay (DCD):    0.748ns = ( 5.748 - 5.000 ) 
    Source Clock Delay      (SCD):    0.787ns
    Clock Pessimism Removal (CPR):    0.000ns
  Clock Uncertainty:      0.035ns  ((TSJ^2 + TIJ^2)^1/2 + DJ) / 2 + PE
    Total System Jitter     (TSJ):    0.071ns
    Total Input Jitter      (TIJ):    0.000ns
    Discrete Jitter          (DJ):    0.000ns
    Phase Error              (PE):    0.000ns

    Location             Delay type                Incr(ns)  Path(ns)    Netlist Resource(s)
  -------------------------------------------------------------------    -------------------
                         (clock clk_i rise edge)      0.000     0.000 r  
                                                      0.000     0.000 r  clk_i (IN)
                         net (fo=2483, unset)         0.787     0.787    gen_lane[3].i_lane/clk_i
                         FDCE                                         r  gen_lane[3].i_lane/popcount_part_q_o_reg[0][0]/C
  -------------------------------------------------------------------    -------------------
                         FDCE (Prop_fdce_C_Q)         0.433     1.220 r  gen_lane[3].i_lane/popcount_part_q_o_reg[0][0]/Q
                         net (fo=3, unplaced)         0.617     1.837    gen_lane[3].i_lane/lane_popcnt_part_q[3][0][0]
                                                                      r  gen_lane[3].i_lane/group_dist_q[7]_i_18/I0
                         LUT3 (Prop_lut3_I0_O)        0.232     2.069 r  gen_lane[3].i_lane/group_dist_q[7]_i_18/O
                         net (fo=1, unplaced)         0.537     2.606    gen_lane[3].i_lane/group_dist_q[7]_i_18_n_0
                                                                      r  gen_lane[3].i_lane/group_dist_q_reg[7]_i_12/DI[1]
                         CARRY4 (Prop_carry4_DI[1]_O[2])
                                                      0.466     3.072 r  gen_lane[3].i_lane/group_dist_q_reg[7]_i_12/O[2]
                         net (fo=3, unplaced)         0.367     3.439    gen_lane[0].i_lane/O[1]
                                                                      r  gen_lane[0].i_lane/group_dist_q[3]_i_9/I2
                         LUT3 (Prop_lut3_I2_O)        0.244     3.683 r  gen_lane[0].i_lane/group_dist_q[3]_i_9/O
                         net (fo=3, unplaced)         0.365     4.048    gen_lane[0].i_lane/group_dist_q[3]_i_9_n_0
                                                                      r  gen_lane[0].i_lane/group_dist_q[3]_i_2/I1
                         LUT5 (Prop_lut5_I1_O)        0.105     4.153 r  gen_lane[0].i_lane/group_dist_q[3]_i_2/O
                         net (fo=2, unplaced)         0.358     4.511    gen_lane[0].i_lane/group_dist_q[3]_i_2_n_0
                                                                      r  gen_lane[0].i_lane/group_dist_q[3]_i_5/I0
                         LUT6 (Prop_lut6_I0_O)        0.105     4.616 r  gen_lane[0].i_lane/group_dist_q[3]_i_5/O
                         net (fo=1, unplaced)         0.000     4.616    gen_lane[0].i_lane/group_dist_q[3]_i_5_n_0
                                                                      r  gen_lane[0].i_lane/group_dist_q_reg[3]_i_1/S[3]
                         CARRY4 (Prop_carry4_S[3]_CO[3])
                                                      0.314     4.930 r  gen_lane[0].i_lane/group_dist_q_reg[3]_i_1/CO[3]
                         net (fo=1, unplaced)         0.008     4.938    gen_lane[0].i_lane/group_dist_q_reg[3]_i_1_n_0
                                                                      r  gen_lane[0].i_lane/group_dist_q_reg[7]_i_1/CI
                         CARRY4 (Prop_carry4_CI_O[1])
                                                      0.269     5.207 r  gen_lane[0].i_lane/group_dist_q_reg[7]_i_1/O[1]
                         net (fo=1, unplaced)         0.000     5.207    group_dist_sum[5]
                         FDCE                                         r  group_dist_q_reg[5]/D
  -------------------------------------------------------------------    -------------------

                         (clock clk_i rise edge)      5.000     5.000 r  
                                                      0.000     5.000 r  clk_i (IN)
                         net (fo=2483, unset)         0.748     5.748    clk_i
                         FDCE                                         r  group_dist_q_reg[5]/C
                         clock pessimism              0.000     5.748    
                         clock uncertainty           -0.035     5.712    
                         FDCE (Setup_fdce_C_D)        0.101     5.813    group_dist_q_reg[5]
  -------------------------------------------------------------------
                         required time                          5.813    
                         arrival time                          -5.207    
  -------------------------------------------------------------------
                         slack                                  0.606    

Slack (MET) :             0.686ns  (required time - arrival time)
  Source:                 gen_lane[3].i_lane/popcount_part_q_o_reg[0][0]/C
                            (rising edge-triggered cell FDCE clocked by clk_i  {rise@0.000ns fall@2.500ns period=5.000ns})
  Destination:            group_dist_q_reg[4]/D
                            (rising edge-triggered cell FDCE clocked by clk_i  {rise@0.000ns fall@2.500ns period=5.000ns})
  Path Group:             clk_i
  Path Type:              Setup (Max at Slow Process Corner)
  Requirement:            5.000ns  (clk_i rise@5.000ns - clk_i rise@0.000ns)
  Data Path Delay:        4.340ns  (logic 2.088ns (48.111%)  route 2.252ns (51.889%))
  Logic Levels:           7  (CARRY4=3 LUT3=2 LUT5=1 LUT6=1)
  Clock Path Skew:        -0.039ns (DCD - SCD + CPR)
    Destination Clock Delay (DCD):    0.748ns = ( 5.748 - 5.000 ) 
    Source Clock Delay      (SCD):    0.787ns
    Clock Pessimism Removal (CPR):    0.000ns
  Clock Uncertainty:      0.035ns  ((TSJ^2 + TIJ^2)^1/2 + DJ) / 2 + PE
    Total System Jitter     (TSJ):    0.071ns
    Total Input Jitter      (TIJ):    0.000ns
    Discrete Jitter          (DJ):    0.000ns
    Phase Error              (PE):    0.000ns

    Location             Delay type                Incr(ns)  Path(ns)    Netlist Resource(s)
  -------------------------------------------------------------------    -------------------
                         (clock clk_i rise edge)      0.000     0.000 r  
                                                      0.000     0.000 r  clk_i (IN)
                         net (fo=2483, unset)         0.787     0.787    gen_lane[3].i_lane/clk_i
                         FDCE                                         r  gen_lane[3].i_lane/popcount_part_q_o_reg[0][0]/C
  -------------------------------------------------------------------    -------------------
                         FDCE (Prop_fdce_C_Q)         0.433     1.220 r  gen_lane[3].i_lane/popcount_part_q_o_reg[0][0]/Q
                         net (fo=3, unplaced)         0.617     1.837    gen_lane[3].i_lane/lane_popcnt_part_q[3][0][0]
                                                                      r  gen_lane[3].i_lane/group_dist_q[7]_i_18/I0
                         LUT3 (Prop_lut3_I0_O)        0.232     2.069 r  gen_lane[3].i_lane/group_dist_q[7]_i_18/O
                         net (fo=1, unplaced)         0.537     2.606    gen_lane[3].i_lane/group_dist_q[7]_i_18_n_0
                                                                      r  gen_lane[3].i_lane/group_dist_q_reg[7]_i_12/DI[1]
                         CARRY4 (Prop_carry4_DI[1]_O[2])
                                                      0.466     3.072 r  gen_lane[3].i_lane/group_dist_q_reg[7]_i_12/O[2]
                         net (fo=3, unplaced)         0.367     3.439    gen_lane[0].i_lane/O[1]
                                                                      r  gen_lane[0].i_lane/group_dist_q[3]_i_9/I2
                         LUT3 (Prop_lut3_I2_O)        0.244     3.683 r  gen_lane[0].i_lane/group_dist_q[3]_i_9/O
                         net (fo=3, unplaced)         0.365     4.048    gen_lane[0].i_lane/group_dist_q[3]_i_9_n_0
                                                                      r  gen_lane[0].i_lane/group_dist_q[3]_i_2/I1
                         LUT5 (Prop_lut5_I1_O)        0.105     4.153 r  gen_lane[0].i_lane/group_dist_q[3]_i_2/O
                         net (fo=2, unplaced)         0.358     4.511    gen_lane[0].i_lane/group_dist_q[3]_i_2_n_0
                                                                      r  gen_lane[0].i_lane/group_dist_q[3]_i_5/I0
                         LUT6 (Prop_lut6_I0_O)        0.105     4.616 r  gen_lane[0].i_lane/group_dist_q[3]_i_5/O
                         net (fo=1, unplaced)         0.000     4.616    gen_lane[0].i_lane/group_dist_q[3]_i_5_n_0
                                                                      r  gen_lane[0].i_lane/group_dist_q_reg[3]_i_1/S[3]
                         CARRY4 (Prop_carry4_S[3]_CO[3])
                                                      0.314     4.930 r  gen_lane[0].i_lane/group_dist_q_reg[3]_i_1/CO[3]
                         net (fo=1, unplaced)         0.008     4.938    gen_lane[0].i_lane/group_dist_q_reg[3]_i_1_n_0
                                                                      r  gen_lane[0].i_lane/group_dist_q_reg[7]_i_1/CI
                         CARRY4 (Prop_carry4_CI_O[0])
                                                      0.189     5.127 r  gen_lane[0].i_lane/group_dist_q_reg[7]_i_1/O[0]
                         net (fo=1, unplaced)         0.000     5.127    group_dist_sum[4]
                         FDCE                                         r  group_dist_q_reg[4]/D
  -------------------------------------------------------------------    -------------------

                         (clock clk_i rise edge)      5.000     5.000 r  
                                                      0.000     5.000 r  clk_i (IN)
                         net (fo=2483, unset)         0.748     5.748    clk_i
                         FDCE                                         r  group_dist_q_reg[4]/C
                         clock pessimism              0.000     5.748    
                         clock uncertainty           -0.035     5.712    
                         FDCE (Setup_fdce_C_D)        0.101     5.813    group_dist_q_reg[4]
  -------------------------------------------------------------------
                         required time                          5.813    
                         arrival time                          -5.127    
  -------------------------------------------------------------------
                         slack                                  0.686    




