Copyright 1986-2022 Xilinx, Inc. All Rights Reserved. Copyright 2022-2024 Advanced Micro Devices, Inc. All Rights Reserved.
--------------------------------------------------------------------------------------------------------------------------------------------------------------------------------
| Tool Version : Vivado v.2024.2 (win64) Build 5239630 Fri Nov 08 22:35:27 MST 2024
| Date         : Fri Jun 12 10:37:37 2026
| Host         : WIN-20240824NZS running 64-bit major release  (build 9200)
| Command      : report_utilization -hierarchical -file E:/HDEC/cva6-vhdc-core/tmp/hdec_v15_pointmul_worktree/tmp/hdec_v24_hdc_only_strict_ooc_200/reports/utilization_hier.rpt
| Design       : hdec_top
| Device       : xc7z020clg400-2
| Speed File   : -2
| Design State : Synthesized
--------------------------------------------------------------------------------------------------------------------------------------------------------------------------------

Utilization Design Information

Table of Contents
-----------------
1. Utilization by Hierarchy

1. Utilization by Hierarchy
---------------------------

+------------------------------+-------------------------+------------+------------+---------+------+------+--------+--------+------------+
|           Instance           |          Module         | Total LUTs | Logic LUTs | LUTRAMs | SRLs |  FFs | RAMB36 | RAMB18 | DSP Blocks |
+------------------------------+-------------------------+------------+------------+---------+------+------+--------+--------+------------+
| hdec_top                     |                   (top) |       4090 |       3746 |     344 |    0 | 1846 |      0 |      0 |          0 |
|   (hdec_top)                 |                   (top) |        401 |        401 |       0 |    0 | 1282 |      0 |      0 |          0 |
|   gen_lane[0].i_lane         |          hdec_lane_4x64 |        294 |        294 |       0 |    0 |    0 |      0 |      0 |          0 |
|     i_shift_align            | hdec_lane_shift_align_8 |        294 |        294 |       0 |    0 |    0 |      0 |      0 |          0 |
|   gen_lane[0].i_p2_pop_slice |       hdec_p2_pop_slice |        272 |        272 |       0 |    0 |   77 |      0 |      0 |          0 |
|   gen_lane[1].i_lane         |        hdec_lane_4x64_0 |        184 |        184 |       0 |    0 |    0 |      0 |      0 |          0 |
|     i_shift_align            | hdec_lane_shift_align_7 |        184 |        184 |       0 |    0 |    0 |      0 |      0 |          0 |
|   gen_lane[1].i_p2_pop_slice |     hdec_p2_pop_slice_1 |        254 |        254 |       0 |    0 |   77 |      0 |      0 |          0 |
|   gen_lane[2].i_lane         |        hdec_lane_4x64_2 |        152 |        152 |       0 |    0 |    0 |      0 |      0 |          0 |
|     i_shift_align            | hdec_lane_shift_align_6 |        152 |        152 |       0 |    0 |    0 |      0 |      0 |          0 |
|   gen_lane[2].i_p2_pop_slice |     hdec_p2_pop_slice_3 |        269 |        269 |       0 |    0 |   77 |      0 |      0 |          0 |
|   gen_lane[3].i_lane         |        hdec_lane_4x64_4 |        133 |        133 |       0 |    0 |    0 |      0 |      0 |          0 |
|     i_shift_align            |   hdec_lane_shift_align |        133 |        133 |       0 |    0 |    0 |      0 |      0 |          0 |
|   gen_lane[3].i_p2_pop_slice |     hdec_p2_pop_slice_5 |        335 |        335 |       0 |    0 |   77 |      0 |      0 |          0 |
|   i_vrf                      |         hdec_vrf_64x256 |       1796 |       1452 |     344 |    0 |  256 |      0 |      0 |          0 |
+------------------------------+-------------------------+------------+------------+---------+------+------+--------+--------+------------+


