Copyright 1986-2022 Xilinx, Inc. All Rights Reserved.
-----------------------------------------------------------------------------------------------------------------------------------------------------
| Tool Version : Vivado v.2022.2 (win64) Build 3671981 Fri Oct 14 05:00:03 MDT 2022
| Date         : Thu May 28 17:26:14 2026
| Host         : DESKTOP-RSKE6BB running 64-bit major release  (build 9200)
| Command      : report_timing_summary -file H:/CVA6-HDEC/cva6-vhdc-core/reports/vivado/gf2_256_diag_mul_raw_ooc/timing_gf2_256_diag_mul_raw_ooc.rpt
| Design       : gf2_256_diag_mul_raw
| Device       : 7z020-clg400
| Speed File   : -2  PRODUCTION 1.12 2019-11-22
-----------------------------------------------------------------------------------------------------------------------------------------------------

Timing Summary Report

------------------------------------------------------------------------------------------------
| Timer Settings
| --------------
------------------------------------------------------------------------------------------------

  Enable Multi Corner Analysis               :  Yes
  Enable Pessimism Removal                   :  Yes
  Pessimism Removal Resolution               :  Nearest Common Node
  Enable Input Delay Default Clock           :  No
  Enable Preset / Clear Arcs                 :  No
  Disable Flight Delays                      :  No
  Ignore I/O Paths                           :  No
  Timing Early Launch at Borrowing Latches   :  No
  Borrow Time for Max Delay Exceptions       :  Yes
  Merge Timing Exceptions                    :  Yes

  Corner  Analyze    Analyze    
  Name    Max Paths  Min Paths  
  ------  ---------  ---------  
  Slow    Yes        Yes        
  Fast    Yes        Yes        


------------------------------------------------------------------------------------------------
| Report Methodology
| ------------------
------------------------------------------------------------------------------------------------

No report available as report_methodology has not been run prior. Run report_methodology on the current design for the summary of methodology violations.



check_timing report

Table of Contents
-----------------
1. checking no_clock (0)
2. checking constant_clock (0)
3. checking pulse_width_clock (0)
4. checking unconstrained_internal_endpoints (0)
5. checking no_input_delay (514)
6. checking no_output_delay (513)
7. checking multiple_clock (0)
8. checking generated_clocks (0)
9. checking loops (0)
10. checking partial_input_delay (0)
11. checking partial_output_delay (0)
12. checking latch_loops (0)

1. checking no_clock (0)
------------------------
 There are 0 register/latch pins with no clock.


2. checking constant_clock (0)
------------------------------
 There are 0 register/latch pins with constant_clock.


3. checking pulse_width_clock (0)
---------------------------------
 There are 0 register/latch pins which need pulse_width check


4. checking unconstrained_internal_endpoints (0)
------------------------------------------------
 There are 0 pins that are not constrained for maximum delay.

 There are 0 pins that are not constrained for maximum delay due to constant clock.


5. checking no_input_delay (514)
--------------------------------
 There are 514 input ports with no input delay specified. (HIGH)

 There are 0 input ports with no input delay but user has a false path constraint.


6. checking no_output_delay (513)
---------------------------------
 There are 513 ports with no output delay specified. (HIGH)

 There are 0 ports with no output delay but user has a false path constraint

 There are 0 ports with no output delay but with a timing clock defined on it or propagating through it


7. checking multiple_clock (0)
------------------------------
 There are 0 register/latch pins with multiple clocks.


8. checking generated_clocks (0)
--------------------------------
 There are 0 generated clocks that are not connected to a clock source.


9. checking loops (0)
---------------------
 There are 0 combinational loops in the design.


10. checking partial_input_delay (0)
------------------------------------
 There are 0 input ports with partial input delay specified.


11. checking partial_output_delay (0)
-------------------------------------
 There are 0 ports with partial output delay specified.


12. checking latch_loops (0)
----------------------------
 There are 0 combinational latch loops in the design through latch input



------------------------------------------------------------------------------------------------
| Design Timing Summary
| ---------------------
------------------------------------------------------------------------------------------------

    WNS(ns)      TNS(ns)  TNS Failing Endpoints  TNS Total Endpoints      WHS(ns)      THS(ns)  THS Failing Endpoints  THS Total Endpoints     WPWS(ns)     TPWS(ns)  TPWS Failing Endpoints  TPWS Total Endpoints  
    -------      -------  ---------------------  -------------------      -------      -------  ---------------------  -------------------     --------     --------  ----------------------  --------------------  
      1.975        0.000                      0                 1134        0.287        0.000                      0                 1134        4.500        0.000                       0                  1082  


All user specified timing constraints are met.


------------------------------------------------------------------------------------------------
| Clock Summary
| -------------
------------------------------------------------------------------------------------------------

Clock  Waveform(ns)       Period(ns)      Frequency(MHz)
-----  ------------       ----------      --------------
clk_i  {0.000 5.000}      10.000          100.000         


------------------------------------------------------------------------------------------------
| Intra Clock Table
| -----------------
------------------------------------------------------------------------------------------------

Clock             WNS(ns)      TNS(ns)  TNS Failing Endpoints  TNS Total Endpoints      WHS(ns)      THS(ns)  THS Failing Endpoints  THS Total Endpoints     WPWS(ns)     TPWS(ns)  TPWS Failing Endpoints  TPWS Total Endpoints  
-----             -------      -------  ---------------------  -------------------      -------      -------  ---------------------  -------------------     --------     --------  ----------------------  --------------------  
clk_i               1.975        0.000                      0                 1134        0.287        0.000                      0                 1134        4.500        0.000                       0                  1082  


------------------------------------------------------------------------------------------------
| Inter Clock Table
| -----------------
------------------------------------------------------------------------------------------------

From Clock    To Clock          WNS(ns)      TNS(ns)  TNS Failing Endpoints  TNS Total Endpoints      WHS(ns)      THS(ns)  THS Failing Endpoints  THS Total Endpoints  
----------    --------          -------      -------  ---------------------  -------------------      -------      -------  ---------------------  -------------------  


------------------------------------------------------------------------------------------------
| Other Path Groups Table
| -----------------------
------------------------------------------------------------------------------------------------

Path Group    From Clock    To Clock          WNS(ns)      TNS(ns)  TNS Failing Endpoints  TNS Total Endpoints      WHS(ns)      THS(ns)  THS Failing Endpoints  THS Total Endpoints  
----------    ----------    --------          -------      -------  ---------------------  -------------------      -------      -------  ---------------------  -------------------  


------------------------------------------------------------------------------------------------
| Timing Details
| --------------
------------------------------------------------------------------------------------------------


---------------------------------------------------------------------------------------------------
From Clock:  clk_i
  To Clock:  clk_i

Setup :            0  Failing Endpoints,  Worst Slack        1.975ns,  Total Violation        0.000ns
Hold  :            0  Failing Endpoints,  Worst Slack        0.287ns,  Total Violation        0.000ns
PW    :            0  Failing Endpoints,  Worst Slack        4.500ns,  Total Violation        0.000ns
---------------------------------------------------------------------------------------------------


Max Delay Paths
--------------------------------------------------------------------------------------
Slack (MET) :             1.975ns  (required time - arrival time)
  Source:                 b_reg_reg[224]/C
                            (rising edge-triggered cell FDCE clocked by clk_i  {rise@0.000ns fall@5.000ns period=10.000ns})
  Destination:            prod_q_reg[0]/D
                            (rising edge-triggered cell FDCE clocked by clk_i  {rise@0.000ns fall@5.000ns period=10.000ns})
  Path Group:             clk_i
  Path Type:              Setup (Max at Slow Process Corner)
  Requirement:            10.000ns  (clk_i rise@10.000ns - clk_i rise@0.000ns)
  Data Path Delay:        8.022ns  (logic 1.610ns (20.070%)  route 6.412ns (79.930%))
  Logic Levels:           10  (LUT3=1 LUT5=1 LUT6=8)
  Clock Path Skew:        -0.039ns (DCD - SCD + CPR)
    Destination Clock Delay (DCD):    0.748ns = ( 10.748 - 10.000 ) 
    Source Clock Delay      (SCD):    0.787ns
    Clock Pessimism Removal (CPR):    0.000ns
  Clock Uncertainty:      0.035ns  ((TSJ^2 + TIJ^2)^1/2 + DJ) / 2 + PE
    Total System Jitter     (TSJ):    0.071ns
    Total Input Jitter      (TIJ):    0.000ns
    Discrete Jitter          (DJ):    0.000ns
    Phase Error              (PE):    0.000ns

    Location             Delay type                Incr(ns)  Path(ns)    Netlist Resource(s)
  -------------------------------------------------------------------    -------------------
                         (clock clk_i rise edge)      0.000     0.000 r  
                                                      0.000     0.000 r  clk_i (IN)
                         net (fo=1081, unset)         0.787     0.787    clk_i
                         FDCE                                         r  b_reg_reg[224]/C
  -------------------------------------------------------------------    -------------------
                         FDCE (Prop_fdce_C_Q)         0.433     1.220 r  b_reg_reg[224]/Q
                         net (fo=8, unplaced)         0.637     1.857    b[224]
                         LUT3 (Prop_lut3_I0_O)        0.232     2.089 r  prod_q[510]_i_2592/O
                         net (fo=4, unplaced)         0.962     3.051    prod_q[510]_i_2592_n_0
                         LUT6 (Prop_lut6_I1_O)        0.105     3.156 r  prod_q[510]_i_2060/O
                         net (fo=3, unplaced)         0.600     3.756    prod_q[510]_i_2060_n_0
                         LUT6 (Prop_lut6_I1_O)        0.105     3.861 r  prod_q[510]_i_1062/O
                         net (fo=2, unplaced)         0.593     4.454    prod_q[510]_i_1062_n_0
                         LUT6 (Prop_lut6_I1_O)        0.105     4.559 r  prod_q[510]_i_739/O
                         net (fo=1, unplaced)         0.347     4.906    prod_q[510]_i_739_n_0
                         LUT6 (Prop_lut6_I4_O)        0.105     5.011 r  prod_q[510]_i_251/O
                         net (fo=1, unplaced)         0.582     5.593    v890_out
                         LUT5 (Prop_lut5_I1_O)        0.105     5.698 r  prod_q[510]_i_63/O
                         net (fo=1, unplaced)         0.938     6.636    prod_q[510]_i_63_n_0
                         LUT6 (Prop_lut6_I0_O)        0.105     6.741 r  prod_q[510]_i_16/O
                         net (fo=1, unplaced)         0.328     7.069    prod_q[510]_i_16_n_0
                         LUT6 (Prop_lut6_I4_O)        0.105     7.174 r  prod_q[510]_i_6/O
                         net (fo=1, unplaced)         0.938     8.112    lane_diag_parity0_return
                         LUT6 (Prop_lut6_I1_O)        0.105     8.217 r  prod_q[510]_i_2/O
                         net (fo=511, unplaced)       0.487     8.704    prod_q[510]_i_2_n_0
                         LUT6 (Prop_lut6_I0_O)        0.105     8.809 r  prod_q[0]_i_1/O
                         net (fo=1, unplaced)         0.000     8.809    prod_q[0]_i_1_n_0
                         FDCE                                         r  prod_q_reg[0]/D
  -------------------------------------------------------------------    -------------------

                         (clock clk_i rise edge)     10.000    10.000 r  
                                                      0.000    10.000 r  clk_i (IN)
                         net (fo=1081, unset)         0.748    10.748    clk_i
                         FDCE                                         r  prod_q_reg[0]/C
                         clock pessimism              0.000    10.748    
                         clock uncertainty           -0.035    10.712    
                         FDCE (Setup_fdce_C_D)        0.072    10.784    prod_q_reg[0]
  -------------------------------------------------------------------
                         required time                         10.784    
                         arrival time                          -8.809    
  -------------------------------------------------------------------
                         slack                                  1.975    





Min Delay Paths
--------------------------------------------------------------------------------------
Slack (MET) :             0.287ns  (arrival time - required time)
  Source:                 k_q_reg[0]_rep__0/C
                            (rising edge-triggered cell FDCE clocked by clk_i  {rise@0.000ns fall@5.000ns period=10.000ns})
  Destination:            k_q_reg[0]/D
                            (rising edge-triggered cell FDCE clocked by clk_i  {rise@0.000ns fall@5.000ns period=10.000ns})
  Path Group:             clk_i
  Path Type:              Hold (Min at Fast Process Corner)
  Requirement:            0.000ns  (clk_i rise@0.000ns - clk_i rise@0.000ns)
  Data Path Delay:        0.427ns  (logic 0.262ns (61.339%)  route 0.165ns (38.661%))
  Logic Levels:           1  (LUT2=1)
  Clock Path Skew:        0.021ns (DCD - SCD - CPR)
    Destination Clock Delay (DCD):    0.411ns
    Source Clock Delay      (SCD):    0.390ns
    Clock Pessimism Removal (CPR):    -0.000ns

    Location             Delay type                Incr(ns)  Path(ns)    Netlist Resource(s)
  -------------------------------------------------------------------    -------------------
                         (clock clk_i rise edge)      0.000     0.000 r  
                                                      0.000     0.000 r  clk_i (IN)
                         net (fo=1081, unset)         0.390     0.390    clk_i
                         FDCE                                         r  k_q_reg[0]_rep__0/C
  -------------------------------------------------------------------    -------------------
                         FDCE (Prop_fdce_C_Q)         0.164     0.554 f  k_q_reg[0]_rep__0/Q
                         net (fo=76, unplaced)        0.165     0.719    k_q_reg[0]_rep__0_n_0
                         LUT2 (Prop_lut2_I1_O)        0.098     0.817 r  k_q[0]_i_1/O
                         net (fo=1, unplaced)         0.000     0.817    k_q[0]_i_1_n_0
                         FDCE                                         r  k_q_reg[0]/D
  -------------------------------------------------------------------    -------------------

                         (clock clk_i rise edge)      0.000     0.000 r  
                                                      0.000     0.000 r  clk_i (IN)
                         net (fo=1081, unset)         0.411     0.411    clk_i
                         FDCE                                         r  k_q_reg[0]/C
                         clock pessimism              0.000     0.411    
                         FDCE (Hold_fdce_C_D)         0.120     0.531    k_q_reg[0]
  -------------------------------------------------------------------
                         required time                         -0.531    
                         arrival time                           0.817    
  -------------------------------------------------------------------
                         slack                                  0.287    





Pulse Width Checks
--------------------------------------------------------------------------------------
Clock Name:         clk_i
Waveform(ns):       { 0.000 5.000 }
Period(ns):         10.000
Sources:            { clk_i }

Check Type        Corner  Lib Pin  Reference Pin  Required(ns)  Actual(ns)  Slack(ns)  Location  Pin
Min Period        n/a     FDPE/C   n/a            1.000         10.000      9.000                FSM_onehot_state_q_reg[0]/C
Low Pulse Width   Slow    FDPE/C   n/a            0.500         5.000       4.500                FSM_onehot_state_q_reg[0]/C
High Pulse Width  Slow    FDPE/C   n/a            0.500         5.000       4.500                FSM_onehot_state_q_reg[0]/C



