Copyright 1986-2022 Xilinx, Inc. All Rights Reserved. Copyright 2022-2024 Advanced Micro Devices, Inc. All Rights Reserved.
---------------------------------------------------------------------------------------------------------------------------------------------------
| Tool Version : Vivado v.2024.2 (win64) Build 5239630 Fri Nov 08 22:35:27 MST 2024
| Date         : Fri Jun  5 19:24:15 2026
| Host         : WIN-20240824NZS running 64-bit major release  (build 9200)
| Command      : report_timing_summary -file E:/HDEC/cva6-vhdc-core/reports/vivado/ooc_hdc_hdcu_p2_lane_local_control_v1/125mhz/timing_summary.rpt
| Design       : hdec_top
| Device       : 7z020-clg400
| Speed File   : -2  PRODUCTION 1.12 2019-11-22
| Design State : Synthesized
---------------------------------------------------------------------------------------------------------------------------------------------------

Timing Summary Report

------------------------------------------------------------------------------------------------
| Timer Settings
| --------------
------------------------------------------------------------------------------------------------

  Enable Multi Corner Analysis               :  Yes
  Enable Pessimism Removal                   :  Yes
  Pessimism Removal Resolution               :  Nearest Common Node
  Enable Input Delay Default Clock           :  No
  Enable Preset / Clear Arcs                 :  No
  Disable Flight Delays                      :  No
  Ignore I/O Paths                           :  No
  Timing Early Launch at Borrowing Latches   :  No
  Borrow Time for Max Delay Exceptions       :  Yes
  Merge Timing Exceptions                    :  Yes
  Inter-SLR Compensation                     :  Conservative

  Corner  Analyze    Analyze    
  Name    Max Paths  Min Paths  
  ------  ---------  ---------  
  Slow    Yes        Yes        
  Fast    Yes        Yes        


------------------------------------------------------------------------------------------------
| Report Methodology
| ------------------
------------------------------------------------------------------------------------------------

No report available as report_methodology has not been run prior. Run report_methodology on the current design for the summary of methodology violations.



check_timing report

Table of Contents
-----------------
1. checking no_clock (0)
2. checking constant_clock (0)
3. checking pulse_width_clock (0)
4. checking unconstrained_internal_endpoints (0)
5. checking no_input_delay (70)
6. checking no_output_delay (66)
7. checking multiple_clock (0)
8. checking generated_clocks (0)
9. checking loops (0)
10. checking partial_input_delay (0)
11. checking partial_output_delay (0)
12. checking latch_loops (0)

1. checking no_clock (0)
------------------------
 There are 0 register/latch pins with no clock.


2. checking constant_clock (0)
------------------------------
 There are 0 register/latch pins with constant_clock.


3. checking pulse_width_clock (0)
---------------------------------
 There are 0 register/latch pins which need pulse_width check


4. checking unconstrained_internal_endpoints (0)
------------------------------------------------
 There are 0 pins that are not constrained for maximum delay.

 There are 0 pins that are not constrained for maximum delay due to constant clock.


5. checking no_input_delay (70)
-------------------------------
 There are 70 input ports with no input delay specified. (HIGH)

 There are 0 input ports with no input delay but user has a false path constraint.


6. checking no_output_delay (66)
--------------------------------
 There are 66 ports with no output delay specified. (HIGH)

 There are 0 ports with no output delay but user has a false path constraint

 There are 0 ports with no output delay but with a timing clock defined on it or propagating through it


7. checking multiple_clock (0)
------------------------------
 There are 0 register/latch pins with multiple clocks.


8. checking generated_clocks (0)
--------------------------------
 There are 0 generated clocks that are not connected to a clock source.


9. checking loops (0)
---------------------
 There are 0 combinational loops in the design.


10. checking partial_input_delay (0)
------------------------------------
 There are 0 input ports with partial input delay specified.


11. checking partial_output_delay (0)
-------------------------------------
 There are 0 ports with partial output delay specified.


12. checking latch_loops (0)
----------------------------
 There are 0 combinational latch loops in the design through latch input



------------------------------------------------------------------------------------------------
| Design Timing Summary
| ---------------------
------------------------------------------------------------------------------------------------

    WNS(ns)      TNS(ns)  TNS Failing Endpoints  TNS Total Endpoints      WHS(ns)      THS(ns)  THS Failing Endpoints  THS Total Endpoints     WPWS(ns)     TPWS(ns)  TPWS Failing Endpoints  TPWS Total Endpoints  
    -------      -------  ---------------------  -------------------      -------      -------  ---------------------  -------------------     --------     --------  ----------------------  --------------------  
      0.968        0.000                      0                 8713        0.240        0.000                      0                 8713        2.870        0.000                       0                  2891  


All user specified timing constraints are met.


------------------------------------------------------------------------------------------------
| Clock Summary
| -------------
------------------------------------------------------------------------------------------------

Clock  Waveform(ns)         Period(ns)      Frequency(MHz)
-----  ------------         ----------      --------------
clk_i  {0.000 4.000}        8.000           125.000         


------------------------------------------------------------------------------------------------
| Intra Clock Table
| -----------------
------------------------------------------------------------------------------------------------

Clock             WNS(ns)      TNS(ns)  TNS Failing Endpoints  TNS Total Endpoints      WHS(ns)      THS(ns)  THS Failing Endpoints  THS Total Endpoints     WPWS(ns)     TPWS(ns)  TPWS Failing Endpoints  TPWS Total Endpoints  
-----             -------      -------  ---------------------  -------------------      -------      -------  ---------------------  -------------------     --------     --------  ----------------------  --------------------  
clk_i               0.968        0.000                      0                 8713        0.240        0.000                      0                 8713        2.870        0.000                       0                  2891  


------------------------------------------------------------------------------------------------
| Inter Clock Table
| -----------------
------------------------------------------------------------------------------------------------

From Clock    To Clock          WNS(ns)      TNS(ns)  TNS Failing Endpoints  TNS Total Endpoints      WHS(ns)      THS(ns)  THS Failing Endpoints  THS Total Endpoints  
----------    --------          -------      -------  ---------------------  -------------------      -------      -------  ---------------------  -------------------  


------------------------------------------------------------------------------------------------
| Other Path Groups Table
| -----------------------
------------------------------------------------------------------------------------------------

Path Group    From Clock    To Clock          WNS(ns)      TNS(ns)  TNS Failing Endpoints  TNS Total Endpoints      WHS(ns)      THS(ns)  THS Failing Endpoints  THS Total Endpoints  
----------    ----------    --------          -------      -------  ---------------------  -------------------      -------      -------  ---------------------  -------------------  


------------------------------------------------------------------------------------------------
| Timing Details
| --------------
------------------------------------------------------------------------------------------------


---------------------------------------------------------------------------------------------------
From Clock:  clk_i
  To Clock:  clk_i

Setup :            0  Failing Endpoints,  Worst Slack        0.968ns,  Total Violation        0.000ns
Hold  :            0  Failing Endpoints,  Worst Slack        0.240ns,  Total Violation        0.000ns
PW    :            0  Failing Endpoints,  Worst Slack        2.870ns,  Total Violation        0.000ns
---------------------------------------------------------------------------------------------------


Max Delay Paths
--------------------------------------------------------------------------------------
Slack (MET) :             0.968ns  (required time - arrival time)
  Source:                 uop_p2_q_reg[lane_ctrl][op][1]/C
                            (rising edge-triggered cell FDCE clocked by clk_i  {rise@0.000ns fall@4.000ns period=8.000ns})
  Destination:            lane_popcnt_q_reg[1][4]/D
                            (rising edge-triggered cell FDCE clocked by clk_i  {rise@0.000ns fall@4.000ns period=8.000ns})
  Path Group:             clk_i
  Path Type:              Setup (Max at Slow Process Corner)
  Requirement:            8.000ns  (clk_i rise@8.000ns - clk_i rise@0.000ns)
  Data Path Delay:        7.029ns  (logic 1.440ns (20.487%)  route 5.589ns (79.513%))
  Logic Levels:           8  (LUT2=1 LUT3=1 LUT4=1 LUT5=2 LUT6=3)
  Clock Path Skew:        -0.039ns (DCD - SCD + CPR)
    Destination Clock Delay (DCD):    0.748ns = ( 8.748 - 8.000 ) 
    Source Clock Delay      (SCD):    0.787ns
    Clock Pessimism Removal (CPR):    0.000ns
  Clock Uncertainty:      0.035ns  ((TSJ^2 + TIJ^2)^1/2 + DJ) / 2 + PE
    Total System Jitter     (TSJ):    0.071ns
    Total Input Jitter      (TIJ):    0.000ns
    Discrete Jitter          (DJ):    0.000ns
    Phase Error              (PE):    0.000ns

    Location             Delay type                Incr(ns)  Path(ns)    Netlist Resource(s)
  -------------------------------------------------------------------    -------------------
                         (clock clk_i rise edge)      0.000     0.000 r  
                                                      0.000     0.000 r  clk_i (IN)
                         net (fo=2890, unset)         0.787     0.787    clk_i
                         FDCE                                         r  uop_p2_q_reg[lane_ctrl][op][1]/C
  -------------------------------------------------------------------    -------------------
                         FDCE (Prop_fdce_C_Q)         0.433     1.220 r  uop_p2_q_reg[lane_ctrl][op][1]/Q
                         net (fo=161, unplaced)       0.711     1.931    i_vrf/lane_result_q_reg[0][60][1]
                         LUT4 (Prop_lut4_I1_O)        0.232     2.163 f  i_vrf/lane_result_q[1][47]_i_6/O
                         net (fo=82, unplaced)        0.442     2.605    i_vrf/lane_result_q[1][47]_i_6_n_0
                         LUT2 (Prop_lut2_I1_O)        0.105     2.710 r  i_vrf/lane_result_q[1][63]_i_9/O
                         net (fo=3, unplaced)         0.956     3.666    i_vrf/gen_lane[1].i_lane_p2_local/i_lane/bool_src_a[63]
                         LUT6 (Prop_lut6_I1_O)        0.105     3.771 r  i_vrf/lane_popcnt_q[1][1]_i_27/O
                         net (fo=2, unplaced)         0.358     4.129    i_vrf/lane_popcnt_q[1][1]_i_27_n_0
                         LUT6 (Prop_lut6_I3_O)        0.105     4.234 r  i_vrf/lane_popcnt_q[1][1]_i_12/O
                         net (fo=3, unplaced)         0.956     5.190    i_vrf/lane_popcnt_q[1][1]_i_12_n_0
                         LUT5 (Prop_lut5_I0_O)        0.105     5.295 r  i_vrf/lane_popcnt_q[1][1]_i_3/O
                         net (fo=3, unplaced)         0.600     5.895    i_vrf/lane_popcnt_q[1][1]_i_3_n_0
                         LUT5 (Prop_lut5_I2_O)        0.125     6.020 r  i_vrf/lane_popcnt_q[1][2]_i_2/O
                         net (fo=5, unplaced)         0.610     6.630    i_vrf/lane_popcnt_q[1][2]_i_2_n_0
                         LUT3 (Prop_lut3_I0_O)        0.125     6.755 r  i_vrf/lane_popcnt_q[1][6]_i_8/O
                         net (fo=3, unplaced)         0.956     7.711    i_vrf/lane_popcnt_q[1][6]_i_8_n_0
                         LUT6 (Prop_lut6_I0_O)        0.105     7.816 r  i_vrf/lane_popcnt_q[1][4]_i_1/O
                         net (fo=1, unplaced)         0.000     7.816    local_pop7_result[1][4]
                         FDCE                                         r  lane_popcnt_q_reg[1][4]/D
  -------------------------------------------------------------------    -------------------

                         (clock clk_i rise edge)      8.000     8.000 r  
                                                      0.000     8.000 r  clk_i (IN)
                         net (fo=2890, unset)         0.748     8.748    clk_i
                         FDCE                                         r  lane_popcnt_q_reg[1][4]/C
                         clock pessimism              0.000     8.748    
                         clock uncertainty           -0.035     8.712    
                         FDCE (Setup_fdce_C_D)        0.072     8.784    lane_popcnt_q_reg[1][4]
  -------------------------------------------------------------------
                         required time                          8.784    
                         arrival time                          -7.816    
  -------------------------------------------------------------------
                         slack                                  0.968    





Min Delay Paths
--------------------------------------------------------------------------------------
Slack (MET) :             0.240ns  (arrival time - required time)
  Source:                 hmatch_best_idx_q_reg[0]/C
                            (rising edge-triggered cell FDCE clocked by clk_i  {rise@0.000ns fall@4.000ns period=8.000ns})
  Destination:            scalar_response_q_reg[11]/D
                            (rising edge-triggered cell FDCE clocked by clk_i  {rise@0.000ns fall@4.000ns period=8.000ns})
  Path Group:             clk_i
  Path Type:              Hold (Min at Fast Process Corner)
  Requirement:            0.000ns  (clk_i rise@0.000ns - clk_i rise@0.000ns)
  Data Path Delay:        0.381ns  (logic 0.262ns (68.763%)  route 0.119ns (31.237%))
  Logic Levels:           1  (LUT5=1)
  Clock Path Skew:        0.021ns (DCD - SCD - CPR)
    Destination Clock Delay (DCD):    0.411ns
    Source Clock Delay      (SCD):    0.390ns
    Clock Pessimism Removal (CPR):    -0.000ns

    Location             Delay type                Incr(ns)  Path(ns)    Netlist Resource(s)
  -------------------------------------------------------------------    -------------------
                         (clock clk_i rise edge)      0.000     0.000 r  
                                                      0.000     0.000 r  clk_i (IN)
                         net (fo=2890, unset)         0.390     0.390    clk_i
                         FDCE                                         r  hmatch_best_idx_q_reg[0]/C
  -------------------------------------------------------------------    -------------------
                         FDCE (Prop_fdce_C_Q)         0.164     0.554 r  hmatch_best_idx_q_reg[0]/Q
                         net (fo=1, unplaced)         0.119     0.673    hmatch_best_idx_q[0]
                         LUT5 (Prop_lut5_I4_O)        0.098     0.771 r  scalar_response_q[11]_i_1/O
                         net (fo=1, unplaced)         0.000     0.771    scalar_response_n0_in[11]
                         FDCE                                         r  scalar_response_q_reg[11]/D
  -------------------------------------------------------------------    -------------------

                         (clock clk_i rise edge)      0.000     0.000 r  
                                                      0.000     0.000 r  clk_i (IN)
                         net (fo=2890, unset)         0.411     0.411    clk_i
                         FDCE                                         r  scalar_response_q_reg[11]/C
                         clock pessimism              0.000     0.411    
                         FDCE (Hold_fdce_C_D)         0.120     0.531    scalar_response_q_reg[11]
  -------------------------------------------------------------------
                         required time                         -0.531    
                         arrival time                           0.771    
  -------------------------------------------------------------------
                         slack                                  0.240    





Pulse Width Checks
--------------------------------------------------------------------------------------
Clock Name:         clk_i
Waveform(ns):       { 0.000 4.000 }
Period(ns):         8.000
Sources:            { clk_i }

Check Type        Corner  Lib Pin      Reference Pin  Required(ns)  Actual(ns)  Slack(ns)  Location  Pin
Min Period        n/a     FDPE/C       n/a            1.000         8.000       7.000                FSM_onehot_st_q_reg[0]/C
Low Pulse Width   Slow    RAMD64E/CLK  n/a            1.130         4.000       2.870                i_vrf/vrf_b0_reg_r1_0_63_0_2/RAMA/CLK
High Pulse Width  Slow    RAMD64E/CLK  n/a            1.130         4.000       2.870                i_vrf/vrf_b0_reg_r1_0_63_0_2/RAMA/CLK



