Copyright 1986-2022 Xilinx, Inc. All Rights Reserved. Copyright 2022-2024 Advanced Micro Devices, Inc. All Rights Reserved.
---------------------------------------------------------------------------------------------------------------------------------------------------------------------------------------
| Tool Version : Vivado v.2024.2 (win64) Build 5239630 Fri Nov 08 22:35:27 MST 2024
| Date         : Sat Jun  6 17:16:22 2026
| Host         : WIN-20240824NZS running 64-bit major release  (build 9200)
| Command      : report_utilization -hierarchical -hierarchical_depth 2 -file E:/HDEC/cva6-vhdc-core/reports/vivado/ooc_hdec_timing_atlas_e0925738/150mhz/utilization_hierarchical.rpt
| Design       : hdec_top
| Device       : xc7z020clg400-2
| Speed File   : -2
| Design State : Synthesized
---------------------------------------------------------------------------------------------------------------------------------------------------------------------------------------

Utilization Design Information

Table of Contents
-----------------
1. Utilization by Hierarchy

1. Utilization by Hierarchy
---------------------------

+----------------------+------------------+------------+------------+---------+------+------+--------+--------+------------+
|       Instance       |      Module      | Total LUTs | Logic LUTs | LUTRAMs | SRLs |  FFs | RAMB36 | RAMB18 | DSP Blocks |
+----------------------+------------------+------------+------------+---------+------+------+--------+--------+------------+
| hdec_top             |            (top) |       5004 |       4316 |     688 |    0 | 2188 |      0 |      0 |          0 |
|   (hdec_top)         |            (top) |        559 |        559 |       0 |    0 | 1920 |      0 |      0 |          0 |
|   gen_lane[0].i_lane |   hdec_lane_4x64 |         64 |         64 |       0 |    0 |    0 |      0 |      0 |          0 |
|   gen_lane[1].i_lane | hdec_lane_4x64_0 |         64 |         64 |       0 |    0 |    0 |      0 |      0 |          0 |
|   gen_lane[2].i_lane | hdec_lane_4x64_1 |         65 |         65 |       0 |    0 |    0 |      0 |      0 |          0 |
|   gen_lane[3].i_lane | hdec_lane_4x64_2 |         65 |         65 |       0 |    0 |    0 |      0 |      0 |          0 |
|   i_vrf              |  hdec_vrf_64x256 |       4187 |       3499 |     688 |    0 |  268 |      0 |      0 |          0 |
+----------------------+------------------+------------+------------+---------+------+------+--------+--------+------------+


