Copyright 1986-2022 Xilinx, Inc. All Rights Reserved. Copyright 2022-2024 Advanced Micro Devices, Inc. All Rights Reserved.
----------------------------------------------------------------------------------------------------------------------------------------------------------------------------------------
| Tool Version : Vivado v.2024.2 (win64) Build 5239630 Fri Nov 08 22:35:27 MST 2024
| Date         : Fri Jun  5 19:22:56 2026
| Host         : WIN-20240824NZS running 64-bit major release  (build 9200)
| Command      : report_timing -max_paths 10 -delay_type max -sort_by slack -file E:/HDEC/cva6-vhdc-core/reports/vivado/ooc_hdc_hdcu_p2_lane_local_control_v1/100mhz/critical_paths.rpt
| Design       : hdec_top
| Device       : 7z020-clg400
| Speed File   : -2  PRODUCTION 1.12 2019-11-22
| Design State : Synthesized
----------------------------------------------------------------------------------------------------------------------------------------------------------------------------------------

Timing Report

Slack (MET) :             2.968ns  (required time - arrival time)
  Source:                 uop_p2_q_reg[lane_ctrl][op][1]/C
                            (rising edge-triggered cell FDCE clocked by clk_i  {rise@0.000ns fall@5.000ns period=10.000ns})
  Destination:            lane_popcnt_q_reg[1][4]/D
                            (rising edge-triggered cell FDCE clocked by clk_i  {rise@0.000ns fall@5.000ns period=10.000ns})
  Path Group:             clk_i
  Path Type:              Setup (Max at Slow Process Corner)
  Requirement:            10.000ns  (clk_i rise@10.000ns - clk_i rise@0.000ns)
  Data Path Delay:        7.029ns  (logic 1.440ns (20.487%)  route 5.589ns (79.513%))
  Logic Levels:           8  (LUT2=1 LUT3=1 LUT4=1 LUT5=2 LUT6=3)
  Clock Path Skew:        -0.039ns (DCD - SCD + CPR)
    Destination Clock Delay (DCD):    0.748ns = ( 10.748 - 10.000 ) 
    Source Clock Delay      (SCD):    0.787ns
    Clock Pessimism Removal (CPR):    0.000ns
  Clock Uncertainty:      0.035ns  ((TSJ^2 + TIJ^2)^1/2 + DJ) / 2 + PE
    Total System Jitter     (TSJ):    0.071ns
    Total Input Jitter      (TIJ):    0.000ns
    Discrete Jitter          (DJ):    0.000ns
    Phase Error              (PE):    0.000ns

    Location             Delay type                Incr(ns)  Path(ns)    Netlist Resource(s)
  -------------------------------------------------------------------    -------------------
                         (clock clk_i rise edge)      0.000     0.000 r  
                                                      0.000     0.000 r  clk_i (IN)
                         net (fo=2890, unset)         0.787     0.787    clk_i
                         FDCE                                         r  uop_p2_q_reg[lane_ctrl][op][1]/C
  -------------------------------------------------------------------    -------------------
                         FDCE (Prop_fdce_C_Q)         0.433     1.220 r  uop_p2_q_reg[lane_ctrl][op][1]/Q
                         net (fo=161, unplaced)       0.711     1.931    i_vrf/lane_result_q_reg[0][60][1]
                         LUT4 (Prop_lut4_I1_O)        0.232     2.163 f  i_vrf/lane_result_q[1][47]_i_6/O
                         net (fo=82, unplaced)        0.442     2.605    i_vrf/lane_result_q[1][47]_i_6_n_0
                         LUT2 (Prop_lut2_I1_O)        0.105     2.710 r  i_vrf/lane_result_q[1][63]_i_9/O
                         net (fo=3, unplaced)         0.956     3.666    i_vrf/gen_lane[1].i_lane_p2_local/i_lane/bool_src_a[63]
                         LUT6 (Prop_lut6_I1_O)        0.105     3.771 r  i_vrf/lane_popcnt_q[1][1]_i_27/O
                         net (fo=2, unplaced)         0.358     4.129    i_vrf/lane_popcnt_q[1][1]_i_27_n_0
                         LUT6 (Prop_lut6_I3_O)        0.105     4.234 r  i_vrf/lane_popcnt_q[1][1]_i_12/O
                         net (fo=3, unplaced)         0.956     5.190    i_vrf/lane_popcnt_q[1][1]_i_12_n_0
                         LUT5 (Prop_lut5_I0_O)        0.105     5.295 r  i_vrf/lane_popcnt_q[1][1]_i_3/O
                         net (fo=3, unplaced)         0.600     5.895    i_vrf/lane_popcnt_q[1][1]_i_3_n_0
                         LUT5 (Prop_lut5_I2_O)        0.125     6.020 r  i_vrf/lane_popcnt_q[1][2]_i_2/O
                         net (fo=5, unplaced)         0.610     6.630    i_vrf/lane_popcnt_q[1][2]_i_2_n_0
                         LUT3 (Prop_lut3_I0_O)        0.125     6.755 r  i_vrf/lane_popcnt_q[1][6]_i_8/O
                         net (fo=3, unplaced)         0.956     7.711    i_vrf/lane_popcnt_q[1][6]_i_8_n_0
                         LUT6 (Prop_lut6_I0_O)        0.105     7.816 r  i_vrf/lane_popcnt_q[1][4]_i_1/O
                         net (fo=1, unplaced)         0.000     7.816    local_pop7_result[1][4]
                         FDCE                                         r  lane_popcnt_q_reg[1][4]/D
  -------------------------------------------------------------------    -------------------

                         (clock clk_i rise edge)     10.000    10.000 r  
                                                      0.000    10.000 r  clk_i (IN)
                         net (fo=2890, unset)         0.748    10.748    clk_i
                         FDCE                                         r  lane_popcnt_q_reg[1][4]/C
                         clock pessimism              0.000    10.748    
                         clock uncertainty           -0.035    10.712    
                         FDCE (Setup_fdce_C_D)        0.072    10.784    lane_popcnt_q_reg[1][4]
  -------------------------------------------------------------------
                         required time                         10.784    
                         arrival time                          -7.816    
  -------------------------------------------------------------------
                         slack                                  2.968    

Slack (MET) :             2.968ns  (required time - arrival time)
  Source:                 uop_p2_q_reg[lane_ctrl][op][1]/C
                            (rising edge-triggered cell FDCE clocked by clk_i  {rise@0.000ns fall@5.000ns period=10.000ns})
  Destination:            lane_popcnt_q_reg[2][4]/D
                            (rising edge-triggered cell FDCE clocked by clk_i  {rise@0.000ns fall@5.000ns period=10.000ns})
  Path Group:             clk_i
  Path Type:              Setup (Max at Slow Process Corner)
  Requirement:            10.000ns  (clk_i rise@10.000ns - clk_i rise@0.000ns)
  Data Path Delay:        7.029ns  (logic 1.440ns (20.487%)  route 5.589ns (79.513%))
  Logic Levels:           8  (LUT2=1 LUT3=1 LUT4=1 LUT5=2 LUT6=3)
  Clock Path Skew:        -0.039ns (DCD - SCD + CPR)
    Destination Clock Delay (DCD):    0.748ns = ( 10.748 - 10.000 ) 
    Source Clock Delay      (SCD):    0.787ns
    Clock Pessimism Removal (CPR):    0.000ns
  Clock Uncertainty:      0.035ns  ((TSJ^2 + TIJ^2)^1/2 + DJ) / 2 + PE
    Total System Jitter     (TSJ):    0.071ns
    Total Input Jitter      (TIJ):    0.000ns
    Discrete Jitter          (DJ):    0.000ns
    Phase Error              (PE):    0.000ns

    Location             Delay type                Incr(ns)  Path(ns)    Netlist Resource(s)
  -------------------------------------------------------------------    -------------------
                         (clock clk_i rise edge)      0.000     0.000 r  
                                                      0.000     0.000 r  clk_i (IN)
                         net (fo=2890, unset)         0.787     0.787    clk_i
                         FDCE                                         r  uop_p2_q_reg[lane_ctrl][op][1]/C
  -------------------------------------------------------------------    -------------------
                         FDCE (Prop_fdce_C_Q)         0.433     1.220 r  uop_p2_q_reg[lane_ctrl][op][1]/Q
                         net (fo=161, unplaced)       0.711     1.931    i_vrf/lane_result_q_reg[0][60][1]
                         LUT4 (Prop_lut4_I1_O)        0.232     2.163 f  i_vrf/lane_result_q[2][47]_i_6/O
                         net (fo=82, unplaced)        0.442     2.605    i_vrf/lane_result_q[2][47]_i_6_n_0
                         LUT2 (Prop_lut2_I1_O)        0.105     2.710 r  i_vrf/lane_result_q[2][63]_i_9/O
                         net (fo=3, unplaced)         0.956     3.666    i_vrf/gen_lane[2].i_lane_p2_local/i_lane/bool_src_a[63]
                         LUT6 (Prop_lut6_I1_O)        0.105     3.771 r  i_vrf/lane_popcnt_q[2][1]_i_27/O
                         net (fo=2, unplaced)         0.358     4.129    i_vrf/lane_popcnt_q[2][1]_i_27_n_0
                         LUT6 (Prop_lut6_I3_O)        0.105     4.234 r  i_vrf/lane_popcnt_q[2][1]_i_12/O
                         net (fo=3, unplaced)         0.956     5.190    i_vrf/lane_popcnt_q[2][1]_i_12_n_0
                         LUT5 (Prop_lut5_I0_O)        0.105     5.295 r  i_vrf/lane_popcnt_q[2][1]_i_3/O
                         net (fo=3, unplaced)         0.600     5.895    i_vrf/lane_popcnt_q[2][1]_i_3_n_0
                         LUT5 (Prop_lut5_I2_O)        0.125     6.020 r  i_vrf/lane_popcnt_q[2][2]_i_2/O
                         net (fo=5, unplaced)         0.610     6.630    i_vrf/lane_popcnt_q[2][2]_i_2_n_0
                         LUT3 (Prop_lut3_I0_O)        0.125     6.755 r  i_vrf/lane_popcnt_q[2][6]_i_7/O
                         net (fo=3, unplaced)         0.956     7.711    i_vrf/lane_popcnt_q[2][6]_i_7_n_0
                         LUT6 (Prop_lut6_I0_O)        0.105     7.816 r  i_vrf/lane_popcnt_q[2][4]_i_1/O
                         net (fo=1, unplaced)         0.000     7.816    local_pop7_result[2][4]
                         FDCE                                         r  lane_popcnt_q_reg[2][4]/D
  -------------------------------------------------------------------    -------------------

                         (clock clk_i rise edge)     10.000    10.000 r  
                                                      0.000    10.000 r  clk_i (IN)
                         net (fo=2890, unset)         0.748    10.748    clk_i
                         FDCE                                         r  lane_popcnt_q_reg[2][4]/C
                         clock pessimism              0.000    10.748    
                         clock uncertainty           -0.035    10.712    
                         FDCE (Setup_fdce_C_D)        0.072    10.784    lane_popcnt_q_reg[2][4]
  -------------------------------------------------------------------
                         required time                         10.784    
                         arrival time                          -7.816    
  -------------------------------------------------------------------
                         slack                                  2.968    

Slack (MET) :             2.968ns  (required time - arrival time)
  Source:                 uop_p2_q_reg[lane_ctrl][op][1]/C
                            (rising edge-triggered cell FDCE clocked by clk_i  {rise@0.000ns fall@5.000ns period=10.000ns})
  Destination:            lane_popcnt_q_reg[3][4]/D
                            (rising edge-triggered cell FDCE clocked by clk_i  {rise@0.000ns fall@5.000ns period=10.000ns})
  Path Group:             clk_i
  Path Type:              Setup (Max at Slow Process Corner)
  Requirement:            10.000ns  (clk_i rise@10.000ns - clk_i rise@0.000ns)
  Data Path Delay:        7.029ns  (logic 1.440ns (20.487%)  route 5.589ns (79.513%))
  Logic Levels:           8  (LUT2=1 LUT3=1 LUT4=1 LUT5=2 LUT6=3)
  Clock Path Skew:        -0.039ns (DCD - SCD + CPR)
    Destination Clock Delay (DCD):    0.748ns = ( 10.748 - 10.000 ) 
    Source Clock Delay      (SCD):    0.787ns
    Clock Pessimism Removal (CPR):    0.000ns
  Clock Uncertainty:      0.035ns  ((TSJ^2 + TIJ^2)^1/2 + DJ) / 2 + PE
    Total System Jitter     (TSJ):    0.071ns
    Total Input Jitter      (TIJ):    0.000ns
    Discrete Jitter          (DJ):    0.000ns
    Phase Error              (PE):    0.000ns

    Location             Delay type                Incr(ns)  Path(ns)    Netlist Resource(s)
  -------------------------------------------------------------------    -------------------
                         (clock clk_i rise edge)      0.000     0.000 r  
                                                      0.000     0.000 r  clk_i (IN)
                         net (fo=2890, unset)         0.787     0.787    clk_i
                         FDCE                                         r  uop_p2_q_reg[lane_ctrl][op][1]/C
  -------------------------------------------------------------------    -------------------
                         FDCE (Prop_fdce_C_Q)         0.433     1.220 r  uop_p2_q_reg[lane_ctrl][op][1]/Q
                         net (fo=161, unplaced)       0.711     1.931    i_vrf/lane_result_q_reg[0][60][1]
                         LUT4 (Prop_lut4_I1_O)        0.232     2.163 f  i_vrf/lane_result_q[3][47]_i_6/O
                         net (fo=82, unplaced)        0.442     2.605    i_vrf/lane_result_q[3][47]_i_6_n_0
                         LUT2 (Prop_lut2_I1_O)        0.105     2.710 r  i_vrf/lane_result_q[3][63]_i_12/O
                         net (fo=3, unplaced)         0.956     3.666    i_vrf/gen_lane[3].i_lane_p2_local/i_lane/bool_src_a[63]
                         LUT6 (Prop_lut6_I1_O)        0.105     3.771 r  i_vrf/lane_popcnt_q[3][1]_i_27/O
                         net (fo=2, unplaced)         0.358     4.129    i_vrf/lane_popcnt_q[3][1]_i_27_n_0
                         LUT6 (Prop_lut6_I3_O)        0.105     4.234 r  i_vrf/lane_popcnt_q[3][1]_i_12/O
                         net (fo=3, unplaced)         0.956     5.190    i_vrf/lane_popcnt_q[3][1]_i_12_n_0
                         LUT5 (Prop_lut5_I0_O)        0.105     5.295 r  i_vrf/lane_popcnt_q[3][1]_i_3/O
                         net (fo=3, unplaced)         0.600     5.895    i_vrf/lane_popcnt_q[3][1]_i_3_n_0
                         LUT5 (Prop_lut5_I2_O)        0.125     6.020 r  i_vrf/lane_popcnt_q[3][2]_i_2/O
                         net (fo=5, unplaced)         0.610     6.630    i_vrf/lane_popcnt_q[3][2]_i_2_n_0
                         LUT3 (Prop_lut3_I0_O)        0.125     6.755 r  i_vrf/lane_popcnt_q[3][6]_i_7/O
                         net (fo=3, unplaced)         0.956     7.711    i_vrf/lane_popcnt_q[3][6]_i_7_n_0
                         LUT6 (Prop_lut6_I0_O)        0.105     7.816 r  i_vrf/lane_popcnt_q[3][4]_i_1/O
                         net (fo=1, unplaced)         0.000     7.816    local_pop7_result[3][4]
                         FDCE                                         r  lane_popcnt_q_reg[3][4]/D
  -------------------------------------------------------------------    -------------------

                         (clock clk_i rise edge)     10.000    10.000 r  
                                                      0.000    10.000 r  clk_i (IN)
                         net (fo=2890, unset)         0.748    10.748    clk_i
                         FDCE                                         r  lane_popcnt_q_reg[3][4]/C
                         clock pessimism              0.000    10.748    
                         clock uncertainty           -0.035    10.712    
                         FDCE (Setup_fdce_C_D)        0.072    10.784    lane_popcnt_q_reg[3][4]
  -------------------------------------------------------------------
                         required time                         10.784    
                         arrival time                          -7.816    
  -------------------------------------------------------------------
                         slack                                  2.968    

Slack (MET) :             2.969ns  (required time - arrival time)
  Source:                 uop_p2_q_reg[lane_ctrl][op][1]/C
                            (rising edge-triggered cell FDCE clocked by clk_i  {rise@0.000ns fall@5.000ns period=10.000ns})
  Destination:            lane_popcnt_q_reg[0][4]/D
                            (rising edge-triggered cell FDCE clocked by clk_i  {rise@0.000ns fall@5.000ns period=10.000ns})
  Path Group:             clk_i
  Path Type:              Setup (Max at Slow Process Corner)
  Requirement:            10.000ns  (clk_i rise@10.000ns - clk_i rise@0.000ns)
  Data Path Delay:        7.028ns  (logic 1.440ns (20.489%)  route 5.588ns (79.511%))
  Logic Levels:           8  (LUT2=1 LUT3=1 LUT4=1 LUT5=2 LUT6=3)
  Clock Path Skew:        -0.039ns (DCD - SCD + CPR)
    Destination Clock Delay (DCD):    0.748ns = ( 10.748 - 10.000 ) 
    Source Clock Delay      (SCD):    0.787ns
    Clock Pessimism Removal (CPR):    0.000ns
  Clock Uncertainty:      0.035ns  ((TSJ^2 + TIJ^2)^1/2 + DJ) / 2 + PE
    Total System Jitter     (TSJ):    0.071ns
    Total Input Jitter      (TIJ):    0.000ns
    Discrete Jitter          (DJ):    0.000ns
    Phase Error              (PE):    0.000ns

    Location             Delay type                Incr(ns)  Path(ns)    Netlist Resource(s)
  -------------------------------------------------------------------    -------------------
                         (clock clk_i rise edge)      0.000     0.000 r  
                                                      0.000     0.000 r  clk_i (IN)
                         net (fo=2890, unset)         0.787     0.787    clk_i
                         FDCE                                         r  uop_p2_q_reg[lane_ctrl][op][1]/C
  -------------------------------------------------------------------    -------------------
                         FDCE (Prop_fdce_C_Q)         0.433     1.220 r  uop_p2_q_reg[lane_ctrl][op][1]/Q
                         net (fo=161, unplaced)       0.711     1.931    i_vrf/lane_result_q_reg[0][60][1]
                         LUT4 (Prop_lut4_I1_O)        0.232     2.163 f  i_vrf/lane_result_q[0][47]_i_6/O
                         net (fo=80, unplaced)        0.441     2.604    i_vrf/lane_result_q[0][47]_i_6_n_0
                         LUT2 (Prop_lut2_I1_O)        0.105     2.709 r  i_vrf/lane_result_q[0][63]_i_9/O
                         net (fo=3, unplaced)         0.956     3.665    i_vrf/gen_lane[0].i_lane_p2_local/i_lane/bool_src_a[63]
                         LUT6 (Prop_lut6_I1_O)        0.105     3.770 r  i_vrf/lane_popcnt_q[0][1]_i_27/O
                         net (fo=2, unplaced)         0.358     4.128    i_vrf/lane_popcnt_q[0][1]_i_27_n_0
                         LUT6 (Prop_lut6_I3_O)        0.105     4.233 r  i_vrf/lane_popcnt_q[0][1]_i_12/O
                         net (fo=3, unplaced)         0.956     5.189    i_vrf/lane_popcnt_q[0][1]_i_12_n_0
                         LUT5 (Prop_lut5_I0_O)        0.105     5.294 r  i_vrf/lane_popcnt_q[0][1]_i_3/O
                         net (fo=3, unplaced)         0.600     5.894    i_vrf/lane_popcnt_q[0][1]_i_3_n_0
                         LUT5 (Prop_lut5_I2_O)        0.125     6.019 r  i_vrf/lane_popcnt_q[0][2]_i_2/O
                         net (fo=5, unplaced)         0.610     6.629    i_vrf/lane_popcnt_q[0][2]_i_2_n_0
                         LUT3 (Prop_lut3_I0_O)        0.125     6.754 r  i_vrf/lane_popcnt_q[0][6]_i_7/O
                         net (fo=3, unplaced)         0.956     7.710    i_vrf/lane_popcnt_q[0][6]_i_7_n_0
                         LUT6 (Prop_lut6_I0_O)        0.105     7.815 r  i_vrf/lane_popcnt_q[0][4]_i_1/O
                         net (fo=1, unplaced)         0.000     7.815    local_pop7_result[0][4]
                         FDCE                                         r  lane_popcnt_q_reg[0][4]/D
  -------------------------------------------------------------------    -------------------

                         (clock clk_i rise edge)     10.000    10.000 r  
                                                      0.000    10.000 r  clk_i (IN)
                         net (fo=2890, unset)         0.748    10.748    clk_i
                         FDCE                                         r  lane_popcnt_q_reg[0][4]/C
                         clock pessimism              0.000    10.748    
                         clock uncertainty           -0.035    10.712    
                         FDCE (Setup_fdce_C_D)        0.072    10.784    lane_popcnt_q_reg[0][4]
  -------------------------------------------------------------------
                         required time                         10.784    
                         arrival time                          -7.815    
  -------------------------------------------------------------------
                         slack                                  2.969    

Slack (MET) :             3.260ns  (required time - arrival time)
  Source:                 uop_p2_q_reg[lane_ctrl][op][1]/C
                            (rising edge-triggered cell FDCE clocked by clk_i  {rise@0.000ns fall@5.000ns period=10.000ns})
  Destination:            lane_popcnt_q_reg[1][5]/D
                            (rising edge-triggered cell FDCE clocked by clk_i  {rise@0.000ns fall@5.000ns period=10.000ns})
  Path Group:             clk_i
  Path Type:              Setup (Max at Slow Process Corner)
  Requirement:            10.000ns  (clk_i rise@10.000ns - clk_i rise@0.000ns)
  Data Path Delay:        6.737ns  (logic 1.420ns (21.078%)  route 5.317ns (78.922%))
  Logic Levels:           8  (LUT2=1 LUT4=1 LUT5=2 LUT6=4)
  Clock Path Skew:        -0.039ns (DCD - SCD + CPR)
    Destination Clock Delay (DCD):    0.748ns = ( 10.748 - 10.000 ) 
    Source Clock Delay      (SCD):    0.787ns
    Clock Pessimism Removal (CPR):    0.000ns
  Clock Uncertainty:      0.035ns  ((TSJ^2 + TIJ^2)^1/2 + DJ) / 2 + PE
    Total System Jitter     (TSJ):    0.071ns
    Total Input Jitter      (TIJ):    0.000ns
    Discrete Jitter          (DJ):    0.000ns
    Phase Error              (PE):    0.000ns

    Location             Delay type                Incr(ns)  Path(ns)    Netlist Resource(s)
  -------------------------------------------------------------------    -------------------
                         (clock clk_i rise edge)      0.000     0.000 r  
                                                      0.000     0.000 r  clk_i (IN)
                         net (fo=2890, unset)         0.787     0.787    clk_i
                         FDCE                                         r  uop_p2_q_reg[lane_ctrl][op][1]/C
  -------------------------------------------------------------------    -------------------
                         FDCE (Prop_fdce_C_Q)         0.433     1.220 r  uop_p2_q_reg[lane_ctrl][op][1]/Q
                         net (fo=161, unplaced)       0.711     1.931    i_vrf/lane_result_q_reg[0][60][1]
                         LUT4 (Prop_lut4_I1_O)        0.232     2.163 f  i_vrf/lane_result_q[1][47]_i_6/O
                         net (fo=82, unplaced)        0.442     2.605    i_vrf/lane_result_q[1][47]_i_6_n_0
                         LUT2 (Prop_lut2_I1_O)        0.105     2.710 r  i_vrf/lane_result_q[1][63]_i_9/O
                         net (fo=3, unplaced)         0.956     3.666    i_vrf/gen_lane[1].i_lane_p2_local/i_lane/bool_src_a[63]
                         LUT6 (Prop_lut6_I1_O)        0.105     3.771 r  i_vrf/lane_popcnt_q[1][1]_i_27/O
                         net (fo=2, unplaced)         0.358     4.129    i_vrf/lane_popcnt_q[1][1]_i_27_n_0
                         LUT6 (Prop_lut6_I3_O)        0.105     4.234 r  i_vrf/lane_popcnt_q[1][1]_i_12/O
                         net (fo=3, unplaced)         0.956     5.190    i_vrf/lane_popcnt_q[1][1]_i_12_n_0
                         LUT5 (Prop_lut5_I0_O)        0.105     5.295 r  i_vrf/lane_popcnt_q[1][1]_i_3/O
                         net (fo=3, unplaced)         0.600     5.895    i_vrf/lane_popcnt_q[1][1]_i_3_n_0
                         LUT5 (Prop_lut5_I2_O)        0.125     6.020 r  i_vrf/lane_popcnt_q[1][2]_i_2/O
                         net (fo=5, unplaced)         0.966     6.986    i_vrf/lane_popcnt_q[1][2]_i_2_n_0
                         LUT6 (Prop_lut6_I0_O)        0.105     7.091 r  i_vrf/lane_popcnt_q[1][5]_i_4/O
                         net (fo=1, unplaced)         0.328     7.419    i_vrf/lane_popcnt_q[1][5]_i_4_n_0
                         LUT6 (Prop_lut6_I3_O)        0.105     7.524 r  i_vrf/lane_popcnt_q[1][5]_i_1/O
                         net (fo=1, unplaced)         0.000     7.524    local_pop7_result[1][5]
                         FDCE                                         r  lane_popcnt_q_reg[1][5]/D
  -------------------------------------------------------------------    -------------------

                         (clock clk_i rise edge)     10.000    10.000 r  
                                                      0.000    10.000 r  clk_i (IN)
                         net (fo=2890, unset)         0.748    10.748    clk_i
                         FDCE                                         r  lane_popcnt_q_reg[1][5]/C
                         clock pessimism              0.000    10.748    
                         clock uncertainty           -0.035    10.712    
                         FDCE (Setup_fdce_C_D)        0.072    10.784    lane_popcnt_q_reg[1][5]
  -------------------------------------------------------------------
                         required time                         10.784    
                         arrival time                          -7.524    
  -------------------------------------------------------------------
                         slack                                  3.260    

Slack (MET) :             3.260ns  (required time - arrival time)
  Source:                 uop_p2_q_reg[lane_ctrl][op][1]/C
                            (rising edge-triggered cell FDCE clocked by clk_i  {rise@0.000ns fall@5.000ns period=10.000ns})
  Destination:            lane_popcnt_q_reg[2][5]/D
                            (rising edge-triggered cell FDCE clocked by clk_i  {rise@0.000ns fall@5.000ns period=10.000ns})
  Path Group:             clk_i
  Path Type:              Setup (Max at Slow Process Corner)
  Requirement:            10.000ns  (clk_i rise@10.000ns - clk_i rise@0.000ns)
  Data Path Delay:        6.737ns  (logic 1.420ns (21.078%)  route 5.317ns (78.922%))
  Logic Levels:           8  (LUT2=1 LUT4=1 LUT5=2 LUT6=4)
  Clock Path Skew:        -0.039ns (DCD - SCD + CPR)
    Destination Clock Delay (DCD):    0.748ns = ( 10.748 - 10.000 ) 
    Source Clock Delay      (SCD):    0.787ns
    Clock Pessimism Removal (CPR):    0.000ns
  Clock Uncertainty:      0.035ns  ((TSJ^2 + TIJ^2)^1/2 + DJ) / 2 + PE
    Total System Jitter     (TSJ):    0.071ns
    Total Input Jitter      (TIJ):    0.000ns
    Discrete Jitter          (DJ):    0.000ns
    Phase Error              (PE):    0.000ns

    Location             Delay type                Incr(ns)  Path(ns)    Netlist Resource(s)
  -------------------------------------------------------------------    -------------------
                         (clock clk_i rise edge)      0.000     0.000 r  
                                                      0.000     0.000 r  clk_i (IN)
                         net (fo=2890, unset)         0.787     0.787    clk_i
                         FDCE                                         r  uop_p2_q_reg[lane_ctrl][op][1]/C
  -------------------------------------------------------------------    -------------------
                         FDCE (Prop_fdce_C_Q)         0.433     1.220 r  uop_p2_q_reg[lane_ctrl][op][1]/Q
                         net (fo=161, unplaced)       0.711     1.931    i_vrf/lane_result_q_reg[0][60][1]
                         LUT4 (Prop_lut4_I1_O)        0.232     2.163 f  i_vrf/lane_result_q[2][47]_i_6/O
                         net (fo=82, unplaced)        0.442     2.605    i_vrf/lane_result_q[2][47]_i_6_n_0
                         LUT2 (Prop_lut2_I1_O)        0.105     2.710 r  i_vrf/lane_result_q[2][63]_i_9/O
                         net (fo=3, unplaced)         0.956     3.666    i_vrf/gen_lane[2].i_lane_p2_local/i_lane/bool_src_a[63]
                         LUT6 (Prop_lut6_I1_O)        0.105     3.771 r  i_vrf/lane_popcnt_q[2][1]_i_27/O
                         net (fo=2, unplaced)         0.358     4.129    i_vrf/lane_popcnt_q[2][1]_i_27_n_0
                         LUT6 (Prop_lut6_I3_O)        0.105     4.234 r  i_vrf/lane_popcnt_q[2][1]_i_12/O
                         net (fo=3, unplaced)         0.956     5.190    i_vrf/lane_popcnt_q[2][1]_i_12_n_0
                         LUT5 (Prop_lut5_I0_O)        0.105     5.295 r  i_vrf/lane_popcnt_q[2][1]_i_3/O
                         net (fo=3, unplaced)         0.600     5.895    i_vrf/lane_popcnt_q[2][1]_i_3_n_0
                         LUT5 (Prop_lut5_I2_O)        0.125     6.020 r  i_vrf/lane_popcnt_q[2][2]_i_2/O
                         net (fo=5, unplaced)         0.966     6.986    i_vrf/lane_popcnt_q[2][2]_i_2_n_0
                         LUT6 (Prop_lut6_I0_O)        0.105     7.091 r  i_vrf/lane_popcnt_q[2][5]_i_4/O
                         net (fo=1, unplaced)         0.328     7.419    i_vrf/lane_popcnt_q[2][5]_i_4_n_0
                         LUT6 (Prop_lut6_I3_O)        0.105     7.524 r  i_vrf/lane_popcnt_q[2][5]_i_1/O
                         net (fo=1, unplaced)         0.000     7.524    local_pop7_result[2][5]
                         FDCE                                         r  lane_popcnt_q_reg[2][5]/D
  -------------------------------------------------------------------    -------------------

                         (clock clk_i rise edge)     10.000    10.000 r  
                                                      0.000    10.000 r  clk_i (IN)
                         net (fo=2890, unset)         0.748    10.748    clk_i
                         FDCE                                         r  lane_popcnt_q_reg[2][5]/C
                         clock pessimism              0.000    10.748    
                         clock uncertainty           -0.035    10.712    
                         FDCE (Setup_fdce_C_D)        0.072    10.784    lane_popcnt_q_reg[2][5]
  -------------------------------------------------------------------
                         required time                         10.784    
                         arrival time                          -7.524    
  -------------------------------------------------------------------
                         slack                                  3.260    

Slack (MET) :             3.260ns  (required time - arrival time)
  Source:                 uop_p2_q_reg[lane_ctrl][op][1]/C
                            (rising edge-triggered cell FDCE clocked by clk_i  {rise@0.000ns fall@5.000ns period=10.000ns})
  Destination:            lane_popcnt_q_reg[3][5]/D
                            (rising edge-triggered cell FDCE clocked by clk_i  {rise@0.000ns fall@5.000ns period=10.000ns})
  Path Group:             clk_i
  Path Type:              Setup (Max at Slow Process Corner)
  Requirement:            10.000ns  (clk_i rise@10.000ns - clk_i rise@0.000ns)
  Data Path Delay:        6.737ns  (logic 1.420ns (21.078%)  route 5.317ns (78.922%))
  Logic Levels:           8  (LUT2=1 LUT4=1 LUT5=2 LUT6=4)
  Clock Path Skew:        -0.039ns (DCD - SCD + CPR)
    Destination Clock Delay (DCD):    0.748ns = ( 10.748 - 10.000 ) 
    Source Clock Delay      (SCD):    0.787ns
    Clock Pessimism Removal (CPR):    0.000ns
  Clock Uncertainty:      0.035ns  ((TSJ^2 + TIJ^2)^1/2 + DJ) / 2 + PE
    Total System Jitter     (TSJ):    0.071ns
    Total Input Jitter      (TIJ):    0.000ns
    Discrete Jitter          (DJ):    0.000ns
    Phase Error              (PE):    0.000ns

    Location             Delay type                Incr(ns)  Path(ns)    Netlist Resource(s)
  -------------------------------------------------------------------    -------------------
                         (clock clk_i rise edge)      0.000     0.000 r  
                                                      0.000     0.000 r  clk_i (IN)
                         net (fo=2890, unset)         0.787     0.787    clk_i
                         FDCE                                         r  uop_p2_q_reg[lane_ctrl][op][1]/C
  -------------------------------------------------------------------    -------------------
                         FDCE (Prop_fdce_C_Q)         0.433     1.220 r  uop_p2_q_reg[lane_ctrl][op][1]/Q
                         net (fo=161, unplaced)       0.711     1.931    i_vrf/lane_result_q_reg[0][60][1]
                         LUT4 (Prop_lut4_I1_O)        0.232     2.163 f  i_vrf/lane_result_q[3][47]_i_6/O
                         net (fo=82, unplaced)        0.442     2.605    i_vrf/lane_result_q[3][47]_i_6_n_0
                         LUT2 (Prop_lut2_I1_O)        0.105     2.710 r  i_vrf/lane_result_q[3][63]_i_12/O
                         net (fo=3, unplaced)         0.956     3.666    i_vrf/gen_lane[3].i_lane_p2_local/i_lane/bool_src_a[63]
                         LUT6 (Prop_lut6_I1_O)        0.105     3.771 r  i_vrf/lane_popcnt_q[3][1]_i_27/O
                         net (fo=2, unplaced)         0.358     4.129    i_vrf/lane_popcnt_q[3][1]_i_27_n_0
                         LUT6 (Prop_lut6_I3_O)        0.105     4.234 r  i_vrf/lane_popcnt_q[3][1]_i_12/O
                         net (fo=3, unplaced)         0.956     5.190    i_vrf/lane_popcnt_q[3][1]_i_12_n_0
                         LUT5 (Prop_lut5_I0_O)        0.105     5.295 r  i_vrf/lane_popcnt_q[3][1]_i_3/O
                         net (fo=3, unplaced)         0.600     5.895    i_vrf/lane_popcnt_q[3][1]_i_3_n_0
                         LUT5 (Prop_lut5_I2_O)        0.125     6.020 r  i_vrf/lane_popcnt_q[3][2]_i_2/O
                         net (fo=5, unplaced)         0.966     6.986    i_vrf/lane_popcnt_q[3][2]_i_2_n_0
                         LUT6 (Prop_lut6_I0_O)        0.105     7.091 r  i_vrf/lane_popcnt_q[3][5]_i_4/O
                         net (fo=1, unplaced)         0.328     7.419    i_vrf/lane_popcnt_q[3][5]_i_4_n_0
                         LUT6 (Prop_lut6_I3_O)        0.105     7.524 r  i_vrf/lane_popcnt_q[3][5]_i_1/O
                         net (fo=1, unplaced)         0.000     7.524    local_pop7_result[3][5]
                         FDCE                                         r  lane_popcnt_q_reg[3][5]/D
  -------------------------------------------------------------------    -------------------

                         (clock clk_i rise edge)     10.000    10.000 r  
                                                      0.000    10.000 r  clk_i (IN)
                         net (fo=2890, unset)         0.748    10.748    clk_i
                         FDCE                                         r  lane_popcnt_q_reg[3][5]/C
                         clock pessimism              0.000    10.748    
                         clock uncertainty           -0.035    10.712    
                         FDCE (Setup_fdce_C_D)        0.072    10.784    lane_popcnt_q_reg[3][5]
  -------------------------------------------------------------------
                         required time                         10.784    
                         arrival time                          -7.524    
  -------------------------------------------------------------------
                         slack                                  3.260    

Slack (MET) :             3.261ns  (required time - arrival time)
  Source:                 uop_p2_q_reg[lane_ctrl][op][1]/C
                            (rising edge-triggered cell FDCE clocked by clk_i  {rise@0.000ns fall@5.000ns period=10.000ns})
  Destination:            lane_popcnt_q_reg[0][5]/D
                            (rising edge-triggered cell FDCE clocked by clk_i  {rise@0.000ns fall@5.000ns period=10.000ns})
  Path Group:             clk_i
  Path Type:              Setup (Max at Slow Process Corner)
  Requirement:            10.000ns  (clk_i rise@10.000ns - clk_i rise@0.000ns)
  Data Path Delay:        6.736ns  (logic 1.420ns (21.081%)  route 5.316ns (78.919%))
  Logic Levels:           8  (LUT2=1 LUT4=1 LUT5=2 LUT6=4)
  Clock Path Skew:        -0.039ns (DCD - SCD + CPR)
    Destination Clock Delay (DCD):    0.748ns = ( 10.748 - 10.000 ) 
    Source Clock Delay      (SCD):    0.787ns
    Clock Pessimism Removal (CPR):    0.000ns
  Clock Uncertainty:      0.035ns  ((TSJ^2 + TIJ^2)^1/2 + DJ) / 2 + PE
    Total System Jitter     (TSJ):    0.071ns
    Total Input Jitter      (TIJ):    0.000ns
    Discrete Jitter          (DJ):    0.000ns
    Phase Error              (PE):    0.000ns

    Location             Delay type                Incr(ns)  Path(ns)    Netlist Resource(s)
  -------------------------------------------------------------------    -------------------
                         (clock clk_i rise edge)      0.000     0.000 r  
                                                      0.000     0.000 r  clk_i (IN)
                         net (fo=2890, unset)         0.787     0.787    clk_i
                         FDCE                                         r  uop_p2_q_reg[lane_ctrl][op][1]/C
  -------------------------------------------------------------------    -------------------
                         FDCE (Prop_fdce_C_Q)         0.433     1.220 r  uop_p2_q_reg[lane_ctrl][op][1]/Q
                         net (fo=161, unplaced)       0.711     1.931    i_vrf/lane_result_q_reg[0][60][1]
                         LUT4 (Prop_lut4_I1_O)        0.232     2.163 f  i_vrf/lane_result_q[0][47]_i_6/O
                         net (fo=80, unplaced)        0.441     2.604    i_vrf/lane_result_q[0][47]_i_6_n_0
                         LUT2 (Prop_lut2_I1_O)        0.105     2.709 r  i_vrf/lane_result_q[0][63]_i_9/O
                         net (fo=3, unplaced)         0.956     3.665    i_vrf/gen_lane[0].i_lane_p2_local/i_lane/bool_src_a[63]
                         LUT6 (Prop_lut6_I1_O)        0.105     3.770 r  i_vrf/lane_popcnt_q[0][1]_i_27/O
                         net (fo=2, unplaced)         0.358     4.128    i_vrf/lane_popcnt_q[0][1]_i_27_n_0
                         LUT6 (Prop_lut6_I3_O)        0.105     4.233 r  i_vrf/lane_popcnt_q[0][1]_i_12/O
                         net (fo=3, unplaced)         0.956     5.189    i_vrf/lane_popcnt_q[0][1]_i_12_n_0
                         LUT5 (Prop_lut5_I0_O)        0.105     5.294 r  i_vrf/lane_popcnt_q[0][1]_i_3/O
                         net (fo=3, unplaced)         0.600     5.894    i_vrf/lane_popcnt_q[0][1]_i_3_n_0
                         LUT5 (Prop_lut5_I2_O)        0.125     6.019 r  i_vrf/lane_popcnt_q[0][2]_i_2/O
                         net (fo=5, unplaced)         0.966     6.985    i_vrf/lane_popcnt_q[0][2]_i_2_n_0
                         LUT6 (Prop_lut6_I0_O)        0.105     7.090 r  i_vrf/lane_popcnt_q[0][5]_i_4/O
                         net (fo=1, unplaced)         0.328     7.418    i_vrf/lane_popcnt_q[0][5]_i_4_n_0
                         LUT6 (Prop_lut6_I3_O)        0.105     7.523 r  i_vrf/lane_popcnt_q[0][5]_i_1/O
                         net (fo=1, unplaced)         0.000     7.523    local_pop7_result[0][5]
                         FDCE                                         r  lane_popcnt_q_reg[0][5]/D
  -------------------------------------------------------------------    -------------------

                         (clock clk_i rise edge)     10.000    10.000 r  
                                                      0.000    10.000 r  clk_i (IN)
                         net (fo=2890, unset)         0.748    10.748    clk_i
                         FDCE                                         r  lane_popcnt_q_reg[0][5]/C
                         clock pessimism              0.000    10.748    
                         clock uncertainty           -0.035    10.712    
                         FDCE (Setup_fdce_C_D)        0.072    10.784    lane_popcnt_q_reg[0][5]
  -------------------------------------------------------------------
                         required time                         10.784    
                         arrival time                          -7.523    
  -------------------------------------------------------------------
                         slack                                  3.261    

Slack (MET) :             3.359ns  (required time - arrival time)
  Source:                 hsim_total_q_reg[0]/C
                            (rising edge-triggered cell FDCE clocked by clk_i  {rise@0.000ns fall@5.000ns period=10.000ns})
  Destination:            hmatch_best_dist_q_reg[0]/CE
                            (rising edge-triggered cell FDCE clocked by clk_i  {rise@0.000ns fall@5.000ns period=10.000ns})
  Path Group:             clk_i
  Path Type:              Setup (Max at Slow Process Corner)
  Requirement:            10.000ns  (clk_i rise@10.000ns - clk_i rise@0.000ns)
  Data Path Delay:        6.430ns  (logic 3.216ns (50.016%)  route 3.214ns (49.984%))
  Logic Levels:           9  (CARRY4=4 LUT3=3 LUT4=2)
  Clock Path Skew:        -0.039ns (DCD - SCD + CPR)
    Destination Clock Delay (DCD):    0.748ns = ( 10.748 - 10.000 ) 
    Source Clock Delay      (SCD):    0.787ns
    Clock Pessimism Removal (CPR):    0.000ns
  Clock Uncertainty:      0.035ns  ((TSJ^2 + TIJ^2)^1/2 + DJ) / 2 + PE
    Total System Jitter     (TSJ):    0.071ns
    Total Input Jitter      (TIJ):    0.000ns
    Discrete Jitter          (DJ):    0.000ns
    Phase Error              (PE):    0.000ns

    Location             Delay type                Incr(ns)  Path(ns)    Netlist Resource(s)
  -------------------------------------------------------------------    -------------------
                         (clock clk_i rise edge)      0.000     0.000 r  
                                                      0.000     0.000 r  clk_i (IN)
                         net (fo=2890, unset)         0.787     0.787    clk_i
                         FDCE                                         r  hsim_total_q_reg[0]/C
  -------------------------------------------------------------------    -------------------
                         FDCE (Prop_fdce_C_Q)         0.433     1.220 r  hsim_total_q_reg[0]/Q
                         net (fo=3, unplaced)         0.617     1.837    hsim_total_q[0]
                         LUT3 (Prop_lut3_I0_O)        0.232     2.069 r  hsim_total_q[7]_i_21/O
                         net (fo=2, unplaced)         0.548     2.617    hsim_total_q[7]_i_21_n_0
                         CARRY4 (Prop_carry4_DI[1]_O[3])
                                                      0.519     3.136 r  hsim_total_q_reg[7]_i_11/O[3]
                         net (fo=2, unplaced)         0.530     3.666    hsim_total_q_reg[7]_i_11_n_4
                         LUT3 (Prop_lut3_I2_O)        0.250     3.916 r  hsim_total_q[7]_i_6/O
                         net (fo=2, unplaced)         0.358     4.274    hsim_total_q[7]_i_6_n_0
                         LUT4 (Prop_lut4_I3_O)        0.105     4.379 r  hsim_total_q[7]_i_10/O
                         net (fo=1, unplaced)         0.000     4.379    hsim_total_q[7]_i_10_n_0
                         CARRY4 (Prop_carry4_S[0]_CO[3])
                                                      0.423     4.802 r  hsim_total_q_reg[7]_i_2/CO[3]
                         net (fo=1, unplaced)         0.000     4.802    hsim_total_q_reg[7]_i_2_n_0
                         CARRY4 (Prop_carry4_CI_O[1])
                                                      0.269     5.071 f  hsim_total_q_reg[10]_i_4/O[1]
                         net (fo=4, unplaced)         0.496     5.567    in165[9]
                         LUT4 (Prop_lut4_I0_O)        0.265     5.832 r  hmatch_best_dist_q[10]_i_6/O
                         net (fo=1, unplaced)         0.000     5.832    hmatch_best_dist_q[10]_i_6_n_0
                         CARRY4 (Prop_carry4_DI[0]_CO[1])
                                                      0.443     6.275 r  hmatch_best_dist_q_reg[10]_i_3/CO[1]
                         net (fo=1, unplaced)         0.240     6.515    hmatch_best_dist_q_reg[10]_i_3_n_2
                         LUT3 (Prop_lut3_I1_O)        0.277     6.792 r  hmatch_best_dist_q[10]_i_1/O
                         net (fo=19, unplaced)        0.425     7.217    hmatch_best_dist_q[10]_i_1_n_0
                         FDCE                                         r  hmatch_best_dist_q_reg[0]/CE
  -------------------------------------------------------------------    -------------------

                         (clock clk_i rise edge)     10.000    10.000 r  
                                                      0.000    10.000 r  clk_i (IN)
                         net (fo=2890, unset)         0.748    10.748    clk_i
                         FDCE                                         r  hmatch_best_dist_q_reg[0]/C
                         clock pessimism              0.000    10.748    
                         clock uncertainty           -0.035    10.712    
                         FDCE (Setup_fdce_C_CE)      -0.136    10.576    hmatch_best_dist_q_reg[0]
  -------------------------------------------------------------------
                         required time                         10.576    
                         arrival time                          -7.217    
  -------------------------------------------------------------------
                         slack                                  3.359    

Slack (MET) :             3.359ns  (required time - arrival time)
  Source:                 hsim_total_q_reg[0]/C
                            (rising edge-triggered cell FDCE clocked by clk_i  {rise@0.000ns fall@5.000ns period=10.000ns})
  Destination:            hmatch_best_dist_q_reg[10]/CE
                            (rising edge-triggered cell FDCE clocked by clk_i  {rise@0.000ns fall@5.000ns period=10.000ns})
  Path Group:             clk_i
  Path Type:              Setup (Max at Slow Process Corner)
  Requirement:            10.000ns  (clk_i rise@10.000ns - clk_i rise@0.000ns)
  Data Path Delay:        6.430ns  (logic 3.216ns (50.016%)  route 3.214ns (49.984%))
  Logic Levels:           9  (CARRY4=4 LUT3=3 LUT4=2)
  Clock Path Skew:        -0.039ns (DCD - SCD + CPR)
    Destination Clock Delay (DCD):    0.748ns = ( 10.748 - 10.000 ) 
    Source Clock Delay      (SCD):    0.787ns
    Clock Pessimism Removal (CPR):    0.000ns
  Clock Uncertainty:      0.035ns  ((TSJ^2 + TIJ^2)^1/2 + DJ) / 2 + PE
    Total System Jitter     (TSJ):    0.071ns
    Total Input Jitter      (TIJ):    0.000ns
    Discrete Jitter          (DJ):    0.000ns
    Phase Error              (PE):    0.000ns

    Location             Delay type                Incr(ns)  Path(ns)    Netlist Resource(s)
  -------------------------------------------------------------------    -------------------
                         (clock clk_i rise edge)      0.000     0.000 r  
                                                      0.000     0.000 r  clk_i (IN)
                         net (fo=2890, unset)         0.787     0.787    clk_i
                         FDCE                                         r  hsim_total_q_reg[0]/C
  -------------------------------------------------------------------    -------------------
                         FDCE (Prop_fdce_C_Q)         0.433     1.220 r  hsim_total_q_reg[0]/Q
                         net (fo=3, unplaced)         0.617     1.837    hsim_total_q[0]
                         LUT3 (Prop_lut3_I0_O)        0.232     2.069 r  hsim_total_q[7]_i_21/O
                         net (fo=2, unplaced)         0.548     2.617    hsim_total_q[7]_i_21_n_0
                         CARRY4 (Prop_carry4_DI[1]_O[3])
                                                      0.519     3.136 r  hsim_total_q_reg[7]_i_11/O[3]
                         net (fo=2, unplaced)         0.530     3.666    hsim_total_q_reg[7]_i_11_n_4
                         LUT3 (Prop_lut3_I2_O)        0.250     3.916 r  hsim_total_q[7]_i_6/O
                         net (fo=2, unplaced)         0.358     4.274    hsim_total_q[7]_i_6_n_0
                         LUT4 (Prop_lut4_I3_O)        0.105     4.379 r  hsim_total_q[7]_i_10/O
                         net (fo=1, unplaced)         0.000     4.379    hsim_total_q[7]_i_10_n_0
                         CARRY4 (Prop_carry4_S[0]_CO[3])
                                                      0.423     4.802 r  hsim_total_q_reg[7]_i_2/CO[3]
                         net (fo=1, unplaced)         0.000     4.802    hsim_total_q_reg[7]_i_2_n_0
                         CARRY4 (Prop_carry4_CI_O[1])
                                                      0.269     5.071 f  hsim_total_q_reg[10]_i_4/O[1]
                         net (fo=4, unplaced)         0.496     5.567    in165[9]
                         LUT4 (Prop_lut4_I0_O)        0.265     5.832 r  hmatch_best_dist_q[10]_i_6/O
                         net (fo=1, unplaced)         0.000     5.832    hmatch_best_dist_q[10]_i_6_n_0
                         CARRY4 (Prop_carry4_DI[0]_CO[1])
                                                      0.443     6.275 r  hmatch_best_dist_q_reg[10]_i_3/CO[1]
                         net (fo=1, unplaced)         0.240     6.515    hmatch_best_dist_q_reg[10]_i_3_n_2
                         LUT3 (Prop_lut3_I1_O)        0.277     6.792 r  hmatch_best_dist_q[10]_i_1/O
                         net (fo=19, unplaced)        0.425     7.217    hmatch_best_dist_q[10]_i_1_n_0
                         FDCE                                         r  hmatch_best_dist_q_reg[10]/CE
  -------------------------------------------------------------------    -------------------

                         (clock clk_i rise edge)     10.000    10.000 r  
                                                      0.000    10.000 r  clk_i (IN)
                         net (fo=2890, unset)         0.748    10.748    clk_i
                         FDCE                                         r  hmatch_best_dist_q_reg[10]/C
                         clock pessimism              0.000    10.748    
                         clock uncertainty           -0.035    10.712    
                         FDCE (Setup_fdce_C_CE)      -0.136    10.576    hmatch_best_dist_q_reg[10]
  -------------------------------------------------------------------
                         required time                         10.576    
                         arrival time                          -7.217    
  -------------------------------------------------------------------
                         slack                                  3.359    




