Copyright 1986-2022 Xilinx, Inc. All Rights Reserved. Copyright 2022-2024 Advanced Micro Devices, Inc. All Rights Reserved.
--------------------------------------------------------------------------------------------------------------------------------------------------------------------------------------------------
| Tool Version : Vivado v.2024.2 (win64) Build 5239630 Fri Nov 08 22:35:27 MST 2024
| Date         : Tue Jun  9 23:54:22 2026
| Host         : WIN-20240824NZS running 64-bit major release  (build 9200)
| Command      : report_utilization -hierarchical -file E:/HDEC/cva6-vhdc-core/tmp/hdec_ooc_p1_keep_trial/worktree/docs/hdec/ooc/hdc_only_vs_ecc_v9/hdc_only_ooc_200/reports/utilization_hier.rpt
| Design       : hdec_top
| Device       : xc7z020clg400-2
| Speed File   : -2
| Design State : Synthesized
--------------------------------------------------------------------------------------------------------------------------------------------------------------------------------------------------

Utilization Design Information

Table of Contents
-----------------
1. Utilization by Hierarchy

1. Utilization by Hierarchy
---------------------------

+------------------------------+-------------------------+------------+------------+---------+------+------+--------+--------+------------+
|           Instance           |          Module         | Total LUTs | Logic LUTs | LUTRAMs | SRLs |  FFs | RAMB36 | RAMB18 | DSP Blocks |
+------------------------------+-------------------------+------------+------------+---------+------+------+--------+--------+------------+
| hdec_top                     |                   (top) |       3687 |       3343 |     344 |    0 | 1863 |      0 |      0 |          0 |
|   (hdec_top)                 |                   (top) |        303 |        303 |       0 |    0 | 1295 |      0 |      0 |          0 |
|   gen_lane[0].i_lane         |          hdec_lane_4x64 |        257 |        257 |       0 |    0 |    0 |      0 |      0 |          0 |
|     i_shift_align            | hdec_lane_shift_align_8 |        257 |        257 |       0 |    0 |    0 |      0 |      0 |          0 |
|   gen_lane[0].i_p2_pop_slice |       hdec_p2_pop_slice |        279 |        279 |       0 |    0 |   78 |      0 |      0 |          0 |
|   gen_lane[1].i_lane         |        hdec_lane_4x64_0 |        144 |        144 |       0 |    0 |    0 |      0 |      0 |          0 |
|     i_shift_align            | hdec_lane_shift_align_7 |        144 |        144 |       0 |    0 |    0 |      0 |      0 |          0 |
|   gen_lane[1].i_p2_pop_slice |     hdec_p2_pop_slice_1 |        264 |        264 |       0 |    0 |   78 |      0 |      0 |          0 |
|   gen_lane[2].i_lane         |        hdec_lane_4x64_2 |        125 |        125 |       0 |    0 |    0 |      0 |      0 |          0 |
|     i_shift_align            | hdec_lane_shift_align_6 |        125 |        125 |       0 |    0 |    0 |      0 |      0 |          0 |
|   gen_lane[2].i_p2_pop_slice |     hdec_p2_pop_slice_3 |        279 |        279 |       0 |    0 |   78 |      0 |      0 |          0 |
|   gen_lane[3].i_lane         |        hdec_lane_4x64_4 |        150 |        150 |       0 |    0 |    0 |      0 |      0 |          0 |
|     i_shift_align            |   hdec_lane_shift_align |        150 |        150 |       0 |    0 |    0 |      0 |      0 |          0 |
|   gen_lane[3].i_p2_pop_slice |     hdec_p2_pop_slice_5 |        280 |        280 |       0 |    0 |   78 |      0 |      0 |          0 |
|   i_vrf                      |         hdec_vrf_64x256 |       1606 |       1262 |     344 |    0 |  256 |      0 |      0 |          0 |
+------------------------------+-------------------------+------------+------------+---------+------+------+--------+--------+------------+


