Copyright 1986-2022 Xilinx, Inc. All Rights Reserved. Copyright 2022-2024 Advanced Micro Devices, Inc. All Rights Reserved.
-------------------------------------------------------------------------------------------------------------------------------------------------------------------------------------------------------
| Tool Version : Vivado v.2024.2 (win64) Build 5239630 Fri Nov 08 22:35:27 MST 2024
| Date         : Wed Jun 17 18:02:44 2026
| Host         : WIN-20240824NZS running 64-bit major release  (build 9200)
| Command      : report_utilization -hierarchical -file E:/HDEC/cva6-vhdc-core/tmp/hdec_v15_pointmul_worktree/reports/hdec/v45_p1_reg_remove_2026_06_17/ooc_p1_reg_remove/reports/utilization_hier.rpt
| Design       : hdec_top
| Device       : xc7z020clg400-2
| Speed File   : -2
| Design State : Synthesized
-------------------------------------------------------------------------------------------------------------------------------------------------------------------------------------------------------

Utilization Design Information

Table of Contents
-----------------
1. Utilization by Hierarchy

1. Utilization by Hierarchy
---------------------------

+----------------------+--------------------------------+------------+------------+---------+------+------+--------+--------+------------+
|       Instance       |             Module             | Total LUTs | Logic LUTs | LUTRAMs | SRLs |  FFs | RAMB36 | RAMB18 | DSP Blocks |
+----------------------+--------------------------------+------------+------------+---------+------+------+--------+--------+------------+
| hdec_top             |                          (top) |       6037 |       5565 |     472 |    0 | 1968 |      0 |      0 |          0 |
|   (hdec_top)         |                          (top) |       1792 |       1664 |     128 |    0 | 1407 |      0 |      0 |          0 |
|   gen_lane[0].i_lane |                 hdec_lane_4x64 |        191 |        191 |       0 |    0 |   77 |      0 |      0 |          0 |
|   gen_lane[1].i_lane | hdec_lane_4x64__parameterized0 |        176 |        176 |       0 |    0 |   76 |      0 |      0 |          0 |
|   gen_lane[2].i_lane | hdec_lane_4x64__parameterized1 |        201 |        201 |       0 |    0 |   76 |      0 |      0 |          0 |
|   gen_lane[3].i_lane | hdec_lane_4x64__parameterized2 |        191 |        191 |       0 |    0 |   76 |      0 |      0 |          0 |
|   i_vrf              |                hdec_vrf_64x256 |       3486 |       3142 |     344 |    0 |  256 |      0 |      0 |          0 |
+----------------------+--------------------------------+------------+------------+---------+------+------+--------+--------+------------+


