Copyright 1986-2022 Xilinx, Inc. All Rights Reserved. Copyright 2022-2024 Advanced Micro Devices, Inc. All Rights Reserved.
---------------------------------------------------------------------------------------------------------------------------------------------------------------------------
| Tool Version : Vivado v.2024.2 (win64) Build 5239630 Fri Nov 08 22:35:27 MST 2024
| Date         : Wed Aug  5 10:39:24 2026
| Host         : WIN-20240824NZS running 64-bit major release  (build 9200)
| Command      : report_drc -file E:/HDEC/cva6-vhdc-core/tmp/hdec_vv35_ecc_area_worktree/tmp/hdec_logs/vv35_dual_independent_impl_timing_20260805/reports/04_route_drc.rpt
| Design       : vv35_dual_accel_core_top
| Device       : xc7z020clg400-2
| Speed File   : -2
| Design State : Fully Routed
---------------------------------------------------------------------------------------------------------------------------------------------------------------------------

Report DRC

Table of Contents
-----------------
1. REPORT SUMMARY
2. REPORT DETAILS

1. REPORT SUMMARY
-----------------
            Netlist: netlist
          Floorplan: checkpoint_vv35_dual_independent_synth
      Design limits: <entire design considered>
           Ruledeck: default
             Max checks: <unlimited>
             Checks found: 22
+-----------+----------+----------------------------+--------+
| Rule      | Severity | Description                | Checks |
+-----------+----------+----------------------------+--------+
| CHECK-3   | Warning  | Report rule limit reached  | 1      |
| REQP-1839 | Warning  | RAMB36 async control check | 20     |
| ZPS7-1    | Warning  | PS7 block required         | 1      |
+-----------+----------+----------------------------+--------+

2. REPORT DETAILS
-----------------
CHECK-3#1 Warning
Report rule limit reached  
REQP-1839 rule limit reached: 20 violations have been found.
Related violations: <none>

REQP-1839#1 Warning
RAMB36 async control check  
The RAMB36E1 u_hdc/u_core/i_vrf/gen_bank[0].vrf_mem_reg has an input control pin u_hdc/u_core/i_vrf/gen_bank[0].vrf_mem_reg/ADDRARDADDR[10] (net: u_hdc/u_core/i_vrf/bank_ra_addr_i[0][4]) which is driven by a register (u_hdc/u_core/vrf_ra_q_reg[4]) that has an active asychronous set or reset. This may cause corruption of the memory contents and/or read values when the set/reset is asserted and is not analyzed by the default static timing analysis. It is suggested to eliminate the use of a set/reset to registers driving this RAMB pin or else use a synchronous reset in which the assertion of the reset is timed by default.
Related violations: <none>

REQP-1839#2 Warning
RAMB36 async control check  
The RAMB36E1 u_hdc/u_core/i_vrf/gen_bank[0].vrf_mem_reg has an input control pin u_hdc/u_core/i_vrf/gen_bank[0].vrf_mem_reg/ADDRARDADDR[11] (net: u_hdc/u_core/i_vrf/bank_ra_addr_i[0][5]) which is driven by a register (u_hdc/u_core/vrf_ra_q_reg[5]) that has an active asychronous set or reset. This may cause corruption of the memory contents and/or read values when the set/reset is asserted and is not analyzed by the default static timing analysis. It is suggested to eliminate the use of a set/reset to registers driving this RAMB pin or else use a synchronous reset in which the assertion of the reset is timed by default.
Related violations: <none>

REQP-1839#3 Warning
RAMB36 async control check  
The RAMB36E1 u_hdc/u_core/i_vrf/gen_bank[0].vrf_mem_reg has an input control pin u_hdc/u_core/i_vrf/gen_bank[0].vrf_mem_reg/ADDRARDADDR[6] (net: u_hdc/u_core/i_vrf/bank_ra_addr_i[0][0]) which is driven by a register (u_hdc/u_core/vrf_ra_q_reg[0]) that has an active asychronous set or reset. This may cause corruption of the memory contents and/or read values when the set/reset is asserted and is not analyzed by the default static timing analysis. It is suggested to eliminate the use of a set/reset to registers driving this RAMB pin or else use a synchronous reset in which the assertion of the reset is timed by default.
Related violations: <none>

REQP-1839#4 Warning
RAMB36 async control check  
The RAMB36E1 u_hdc/u_core/i_vrf/gen_bank[0].vrf_mem_reg has an input control pin u_hdc/u_core/i_vrf/gen_bank[0].vrf_mem_reg/ADDRARDADDR[7] (net: u_hdc/u_core/i_vrf/bank_ra_addr_i[0][1]) which is driven by a register (u_hdc/u_core/vrf_ra_q_reg[1]) that has an active asychronous set or reset. This may cause corruption of the memory contents and/or read values when the set/reset is asserted and is not analyzed by the default static timing analysis. It is suggested to eliminate the use of a set/reset to registers driving this RAMB pin or else use a synchronous reset in which the assertion of the reset is timed by default.
Related violations: <none>

REQP-1839#5 Warning
RAMB36 async control check  
The RAMB36E1 u_hdc/u_core/i_vrf/gen_bank[0].vrf_mem_reg has an input control pin u_hdc/u_core/i_vrf/gen_bank[0].vrf_mem_reg/ADDRARDADDR[8] (net: u_hdc/u_core/i_vrf/bank_ra_addr_i[0][2]) which is driven by a register (u_hdc/u_core/vrf_ra_q_reg[2]) that has an active asychronous set or reset. This may cause corruption of the memory contents and/or read values when the set/reset is asserted and is not analyzed by the default static timing analysis. It is suggested to eliminate the use of a set/reset to registers driving this RAMB pin or else use a synchronous reset in which the assertion of the reset is timed by default.
Related violations: <none>

REQP-1839#6 Warning
RAMB36 async control check  
The RAMB36E1 u_hdc/u_core/i_vrf/gen_bank[0].vrf_mem_reg has an input control pin u_hdc/u_core/i_vrf/gen_bank[0].vrf_mem_reg/ADDRARDADDR[9] (net: u_hdc/u_core/i_vrf/bank_ra_addr_i[0][3]) which is driven by a register (u_hdc/u_core/vrf_ra_q_reg[3]) that has an active asychronous set or reset. This may cause corruption of the memory contents and/or read values when the set/reset is asserted and is not analyzed by the default static timing analysis. It is suggested to eliminate the use of a set/reset to registers driving this RAMB pin or else use a synchronous reset in which the assertion of the reset is timed by default.
Related violations: <none>

REQP-1839#7 Warning
RAMB36 async control check  
The RAMB36E1 u_hdc/u_core/i_vrf/gen_bank[0].vrf_mem_reg has an input control pin u_hdc/u_core/i_vrf/gen_bank[0].vrf_mem_reg/ADDRBWRADDR[10] (net: u_hdc/u_core/i_vrf/row_wa_addr_i[4]) which is driven by a register (u_hdc/u_core/clr_base_q_reg[2]) that has an active asychronous set or reset. This may cause corruption of the memory contents and/or read values when the set/reset is asserted and is not analyzed by the default static timing analysis. It is suggested to eliminate the use of a set/reset to registers driving this RAMB pin or else use a synchronous reset in which the assertion of the reset is timed by default.
Related violations: <none>

REQP-1839#8 Warning
RAMB36 async control check  
The RAMB36E1 u_hdc/u_core/i_vrf/gen_bank[0].vrf_mem_reg has an input control pin u_hdc/u_core/i_vrf/gen_bank[0].vrf_mem_reg/ADDRBWRADDR[10] (net: u_hdc/u_core/i_vrf/row_wa_addr_i[4]) which is driven by a register (u_hdc/u_core/uop_p3_q_reg[dst_addr][4]) that has an active asychronous set or reset. This may cause corruption of the memory contents and/or read values when the set/reset is asserted and is not analyzed by the default static timing analysis. It is suggested to eliminate the use of a set/reset to registers driving this RAMB pin or else use a synchronous reset in which the assertion of the reset is timed by default.
Related violations: <none>

REQP-1839#9 Warning
RAMB36 async control check  
The RAMB36E1 u_hdc/u_core/i_vrf/gen_bank[0].vrf_mem_reg has an input control pin u_hdc/u_core/i_vrf/gen_bank[0].vrf_mem_reg/ADDRBWRADDR[10] (net: u_hdc/u_core/i_vrf/row_wa_addr_i[4]) which is driven by a register (u_hdc/u_core/vaddr_idx_q_reg[4]) that has an active asychronous set or reset. This may cause corruption of the memory contents and/or read values when the set/reset is asserted and is not analyzed by the default static timing analysis. It is suggested to eliminate the use of a set/reset to registers driving this RAMB pin or else use a synchronous reset in which the assertion of the reset is timed by default.
Related violations: <none>

REQP-1839#10 Warning
RAMB36 async control check  
The RAMB36E1 u_hdc/u_core/i_vrf/gen_bank[0].vrf_mem_reg has an input control pin u_hdc/u_core/i_vrf/gen_bank[0].vrf_mem_reg/ADDRBWRADDR[11] (net: u_hdc/u_core/i_vrf/row_wa_addr_i[5]) which is driven by a register (u_hdc/u_core/FSM_onehot_st_q_reg[36]_rep) that has an active asychronous set or reset. This may cause corruption of the memory contents and/or read values when the set/reset is asserted and is not analyzed by the default static timing analysis. It is suggested to eliminate the use of a set/reset to registers driving this RAMB pin or else use a synchronous reset in which the assertion of the reset is timed by default.
Related violations: <none>

REQP-1839#11 Warning
RAMB36 async control check  
The RAMB36E1 u_hdc/u_core/i_vrf/gen_bank[0].vrf_mem_reg has an input control pin u_hdc/u_core/i_vrf/gen_bank[0].vrf_mem_reg/ADDRBWRADDR[11] (net: u_hdc/u_core/i_vrf/row_wa_addr_i[5]) which is driven by a register (u_hdc/u_core/FSM_onehot_st_q_reg[37]) that has an active asychronous set or reset. This may cause corruption of the memory contents and/or read values when the set/reset is asserted and is not analyzed by the default static timing analysis. It is suggested to eliminate the use of a set/reset to registers driving this RAMB pin or else use a synchronous reset in which the assertion of the reset is timed by default.
Related violations: <none>

REQP-1839#12 Warning
RAMB36 async control check  
The RAMB36E1 u_hdc/u_core/i_vrf/gen_bank[0].vrf_mem_reg has an input control pin u_hdc/u_core/i_vrf/gen_bank[0].vrf_mem_reg/ADDRBWRADDR[11] (net: u_hdc/u_core/i_vrf/row_wa_addr_i[5]) which is driven by a register (u_hdc/u_core/FSM_onehot_st_q_reg[51]_rep__0) that has an active asychronous set or reset. This may cause corruption of the memory contents and/or read values when the set/reset is asserted and is not analyzed by the default static timing analysis. It is suggested to eliminate the use of a set/reset to registers driving this RAMB pin or else use a synchronous reset in which the assertion of the reset is timed by default.
Related violations: <none>

REQP-1839#13 Warning
RAMB36 async control check  
The RAMB36E1 u_hdc/u_core/i_vrf/gen_bank[0].vrf_mem_reg has an input control pin u_hdc/u_core/i_vrf/gen_bank[0].vrf_mem_reg/ADDRBWRADDR[11] (net: u_hdc/u_core/i_vrf/row_wa_addr_i[5]) which is driven by a register (u_hdc/u_core/clr_base_q_reg[2]) that has an active asychronous set or reset. This may cause corruption of the memory contents and/or read values when the set/reset is asserted and is not analyzed by the default static timing analysis. It is suggested to eliminate the use of a set/reset to registers driving this RAMB pin or else use a synchronous reset in which the assertion of the reset is timed by default.
Related violations: <none>

REQP-1839#14 Warning
RAMB36 async control check  
The RAMB36E1 u_hdc/u_core/i_vrf/gen_bank[0].vrf_mem_reg has an input control pin u_hdc/u_core/i_vrf/gen_bank[0].vrf_mem_reg/ADDRBWRADDR[11] (net: u_hdc/u_core/i_vrf/row_wa_addr_i[5]) which is driven by a register (u_hdc/u_core/clr_base_q_reg[3]) that has an active asychronous set or reset. This may cause corruption of the memory contents and/or read values when the set/reset is asserted and is not analyzed by the default static timing analysis. It is suggested to eliminate the use of a set/reset to registers driving this RAMB pin or else use a synchronous reset in which the assertion of the reset is timed by default.
Related violations: <none>

REQP-1839#15 Warning
RAMB36 async control check  
The RAMB36E1 u_hdc/u_core/i_vrf/gen_bank[0].vrf_mem_reg has an input control pin u_hdc/u_core/i_vrf/gen_bank[0].vrf_mem_reg/ADDRBWRADDR[11] (net: u_hdc/u_core/i_vrf/row_wa_addr_i[5]) which is driven by a register (u_hdc/u_core/clr_base_q_reg[4]) that has an active asychronous set or reset. This may cause corruption of the memory contents and/or read values when the set/reset is asserted and is not analyzed by the default static timing analysis. It is suggested to eliminate the use of a set/reset to registers driving this RAMB pin or else use a synchronous reset in which the assertion of the reset is timed by default.
Related violations: <none>

REQP-1839#16 Warning
RAMB36 async control check  
The RAMB36E1 u_hdc/u_core/i_vrf/gen_bank[0].vrf_mem_reg has an input control pin u_hdc/u_core/i_vrf/gen_bank[0].vrf_mem_reg/ADDRBWRADDR[11] (net: u_hdc/u_core/i_vrf/row_wa_addr_i[5]) which is driven by a register (u_hdc/u_core/clr_base_q_reg[5]) that has an active asychronous set or reset. This may cause corruption of the memory contents and/or read values when the set/reset is asserted and is not analyzed by the default static timing analysis. It is suggested to eliminate the use of a set/reset to registers driving this RAMB pin or else use a synchronous reset in which the assertion of the reset is timed by default.
Related violations: <none>

REQP-1839#17 Warning
RAMB36 async control check  
The RAMB36E1 u_hdc/u_core/i_vrf/gen_bank[0].vrf_mem_reg has an input control pin u_hdc/u_core/i_vrf/gen_bank[0].vrf_mem_reg/ADDRBWRADDR[11] (net: u_hdc/u_core/i_vrf/row_wa_addr_i[5]) which is driven by a register (u_hdc/u_core/clr_cnt_q_reg[2]) that has an active asychronous set or reset. This may cause corruption of the memory contents and/or read values when the set/reset is asserted and is not analyzed by the default static timing analysis. It is suggested to eliminate the use of a set/reset to registers driving this RAMB pin or else use a synchronous reset in which the assertion of the reset is timed by default.
Related violations: <none>

REQP-1839#18 Warning
RAMB36 async control check  
The RAMB36E1 u_hdc/u_core/i_vrf/gen_bank[0].vrf_mem_reg has an input control pin u_hdc/u_core/i_vrf/gen_bank[0].vrf_mem_reg/ADDRBWRADDR[11] (net: u_hdc/u_core/i_vrf/row_wa_addr_i[5]) which is driven by a register (u_hdc/u_core/clr_cnt_q_reg[3]) that has an active asychronous set or reset. This may cause corruption of the memory contents and/or read values when the set/reset is asserted and is not analyzed by the default static timing analysis. It is suggested to eliminate the use of a set/reset to registers driving this RAMB pin or else use a synchronous reset in which the assertion of the reset is timed by default.
Related violations: <none>

REQP-1839#19 Warning
RAMB36 async control check  
The RAMB36E1 u_hdc/u_core/i_vrf/gen_bank[0].vrf_mem_reg has an input control pin u_hdc/u_core/i_vrf/gen_bank[0].vrf_mem_reg/ADDRBWRADDR[11] (net: u_hdc/u_core/i_vrf/row_wa_addr_i[5]) which is driven by a register (u_hdc/u_core/uop_p3_q_reg[dst_addr][5]) that has an active asychronous set or reset. This may cause corruption of the memory contents and/or read values when the set/reset is asserted and is not analyzed by the default static timing analysis. It is suggested to eliminate the use of a set/reset to registers driving this RAMB pin or else use a synchronous reset in which the assertion of the reset is timed by default.
Related violations: <none>

REQP-1839#20 Warning
RAMB36 async control check  
The RAMB36E1 u_hdc/u_core/i_vrf/gen_bank[0].vrf_mem_reg has an input control pin u_hdc/u_core/i_vrf/gen_bank[0].vrf_mem_reg/ADDRBWRADDR[11] (net: u_hdc/u_core/i_vrf/row_wa_addr_i[5]) which is driven by a register (u_hdc/u_core/vaddr_idx_q_reg[5]) that has an active asychronous set or reset. This may cause corruption of the memory contents and/or read values when the set/reset is asserted and is not analyzed by the default static timing analysis. It is suggested to eliminate the use of a set/reset to registers driving this RAMB pin or else use a synchronous reset in which the assertion of the reset is timed by default.
Related violations: <none>

ZPS7-1#1 Warning
PS7 block required  
The PS7 cell must be used in this Zynq design in order to enable correct default configuration.
Related violations: <none>


