 
****************************************
Report : power
        -hier
        -analysis_effort high
        -verbose
Design : hdec_top
Version: T-2022.03-SP5-2
Date   : Wed Aug  5 02:59:47 2026
****************************************


Library(s) Used:

    CORE65LPSVT (File: /data/65nmlib/CORE65LPSVT_SNPS-AVT-CDS_4.1/CORE65LPSVT_SNPS-AVT-CDS_4.1/CORE65LPSVT_SNPS-AVT-CDS_4.1/libs/CORE65LPSVT_wc_1.00V_125C.db)


Operating Conditions: wc_1.00V_125C   Library: CORE65LPSVT
Wire Load Model Mode: enclosed

Design        Wire Load Model            Library
------------------------------------------------
hdec_top               area_234Kto312K   CORE65LPSVT
hdec_vrf_64x256        area_234Kto312K   CORE65LPSVT
hdec_vector_payload_4x64_1
                       area_12Kto18K     CORE65LPSVT
hdec_cnt_array_3       area_0Kto1K       CORE65LPSVT
hdec_lane_clip_3       area_0Kto1K       CORE65LPSVT
hdec_cnt_array_2       area_0Kto1K       CORE65LPSVT
hdec_lane_clip_2       area_0Kto1K       CORE65LPSVT
hdec_cnt_array_1       area_0Kto1K       CORE65LPSVT
hdec_lane_clip_1       area_0Kto1K       CORE65LPSVT
hdec_cnt_array_0       area_0Kto1K       CORE65LPSVT
hdec_lane_clip_0       area_0Kto1K       CORE65LPSVT
hdec_gf2_contribution_row_tile_8x32
                       area_4Kto5K       CORE65LPSVT
hdec_xor1_shared_8x32  area_0Kto1K       CORE65LPSVT


Global Operating Voltage = 1    
Power-specific unit information :
    Voltage Units = 1V
    Capacitance Units = 1.000000pf
    Time Units = 1ns
    Dynamic Power Units = 1mW    (derived from V,C,T units)
    Leakage Power Units = 1mW


--------------------------------------------------------------------------------
                                       Switch   Int      Leak     Total
Hierarchy                              Power    Power    Power    Power    %
--------------------------------------------------------------------------------
hdec_top                                  2.206   26.204    0.177   28.587 100.0
  i_vec (hdec_vector_payload_4x64_1)      0.391    0.857 7.00e-03    1.254   4.4
    i_gf2_contribution_row_tile (hdec_gf2_contribution_row_tile_8x32)
                                       7.51e-02 9.97e-02 1.67e-03    0.176   0.6
      i_xor1 (hdec_xor1_shared_8x32)   7.23e-03 9.85e-03 3.04e-04 1.74e-02   0.1
    gen_payload_slice_3__i_clip (hdec_lane_clip_0)
                                       2.79e-04 6.80e-04 3.71e-05 9.96e-04   0.0
    gen_payload_slice_3__i_cnt_array (hdec_cnt_array_0)
                                       6.80e-03 6.60e-03 1.89e-04 1.36e-02   0.0
    gen_payload_slice_2__i_clip (hdec_lane_clip_1)
                                       7.72e-05 1.86e-04 2.58e-05 2.89e-04   0.0
    gen_payload_slice_2__i_cnt_array (hdec_cnt_array_1)
                                       7.45e-03 7.75e-03 1.91e-04 1.54e-02   0.1
    gen_payload_slice_1__i_clip (hdec_lane_clip_2)
                                       9.71e-05 2.31e-04 2.50e-05 3.54e-04   0.0
    gen_payload_slice_1__i_cnt_array (hdec_cnt_array_2)
                                       7.50e-03 7.82e-03 1.89e-04 1.55e-02   0.1
    gen_payload_slice_0__i_clip (hdec_lane_clip_3)
                                       1.01e-04 2.44e-04 2.31e-05 3.68e-04   0.0
    gen_payload_slice_0__i_cnt_array (hdec_cnt_array_3)
                                       8.46e-03 8.81e-03 1.89e-04 1.75e-02   0.1
  i_vrf (hdec_vrf_64x256)                 0.912   23.668    0.154   24.733  86.5
1
