Copyright 1986-2022 Xilinx, Inc. All Rights Reserved. Copyright 2022-2024 Advanced Micro Devices, Inc. All Rights Reserved.
-----------------------------------------------------------------------------------------------------------------------------------------------------------------------------------------------------------------------------------
| Tool Version : Vivado v.2024.2 (win64) Build 5239630 Fri Nov 08 22:35:27 MST 2024
| Date         : Thu Jun 18 13:35:41 2026
| Host         : WIN-20240824NZS running 64-bit major release  (build 9200)
| Command      : report_utilization -hierarchical -file E:/HDEC/cva6-vhdc-core/tmp/hdec_v15_pointmul_worktree/reports/hdec/v48_and_overlap_shared_ecc_product_2026_06_18/ooc_hmatch_overlap_hardwired/reports/utilization_hier.rpt
| Design       : hdec_top
| Device       : xc7z020clg400-2
| Speed File   : -2
| Design State : Synthesized
-----------------------------------------------------------------------------------------------------------------------------------------------------------------------------------------------------------------------------------

Utilization Design Information

Table of Contents
-----------------
1. Utilization by Hierarchy

1. Utilization by Hierarchy
---------------------------

+----------------------+--------------------------------+------------+------------+---------+------+------+--------+--------+------------+
|       Instance       |             Module             | Total LUTs | Logic LUTs | LUTRAMs | SRLs |  FFs | RAMB36 | RAMB18 | DSP Blocks |
+----------------------+--------------------------------+------------+------------+---------+------+------+--------+--------+------------+
| hdec_top             |                          (top) |       6802 |       6674 |     128 |    0 | 1723 |      4 |      0 |          0 |
|   (hdec_top)         |                          (top) |       1872 |       1744 |     128 |    0 | 1418 |      0 |      0 |          0 |
|   gen_lane[0].i_lane |                 hdec_lane_4x64 |        176 |        176 |       0 |    0 |   77 |      0 |      0 |          0 |
|   gen_lane[1].i_lane | hdec_lane_4x64__parameterized0 |        158 |        158 |       0 |    0 |   76 |      0 |      0 |          0 |
|   gen_lane[2].i_lane | hdec_lane_4x64__parameterized1 |        175 |        175 |       0 |    0 |   76 |      0 |      0 |          0 |
|   gen_lane[3].i_lane | hdec_lane_4x64__parameterized2 |        187 |        187 |       0 |    0 |   76 |      0 |      0 |          0 |
|   i_vrf              |                hdec_vrf_64x256 |       4234 |       4234 |       0 |    0 |    0 |      4 |      0 |          0 |
+----------------------+--------------------------------+------------+------------+---------+------+------+--------+--------+------------+


