=== PATTERN pop_q ===
Cells (5):
  gen_lane[0].i_p2_pop_slice/pop_q_reg ref=FDCE
  gen_lane[1].i_p2_pop_slice/pop_q_reg ref=FDCE
  gen_lane[2].i_p2_pop_slice/pop_q_reg ref=FDCE
  gen_lane[3].i_p2_pop_slice/pop_q_i_1 ref=LUT3
  gen_lane[3].i_p2_pop_slice/pop_q_reg ref=FDCE
Nets (10):
  gen_lane[0].i_p2_pop_slice/pop_q fanout=8 driver=gen_lane[0].i_p2_pop_slice/pop_q_reg/Q load_cells=8 lanes=0 cross_multiple_lanes=0
  gen_lane[1].i_p2_pop_slice/pop_q fanout=8 driver=gen_lane[1].i_p2_pop_slice/pop_q_reg/Q load_cells=8 lanes=1 cross_multiple_lanes=0
  gen_lane[1].i_p2_pop_slice/pop_q_reg_0 fanout=2160 driver=i_vrf/FSM_onehot_st_q[0]_i_3/O load_cells=2160 lanes=0,1,2,3 cross_multiple_lanes=1
  gen_lane[2].i_p2_pop_slice/pop_q fanout=8 driver=gen_lane[2].i_p2_pop_slice/pop_q_reg/Q load_cells=8 lanes=2 cross_multiple_lanes=0
  gen_lane[2].i_p2_pop_slice/pop_q_reg_0 fanout=2160 driver=i_vrf/FSM_onehot_st_q[0]_i_3/O load_cells=2160 lanes=0,1,2,3 cross_multiple_lanes=1
  gen_lane[3].i_p2_pop_slice/pop_q fanout=8 driver=gen_lane[3].i_p2_pop_slice/pop_q_reg/Q load_cells=8 lanes=3 cross_multiple_lanes=0
  gen_lane[3].i_p2_pop_slice/pop_q_reg_0 fanout=2160 driver=i_vrf/FSM_onehot_st_q[0]_i_3/O load_cells=2160 lanes=0,1,2,3 cross_multiple_lanes=1
  gen_lane[3].i_p2_pop_slice/pop_q_reg_1[0] fanout=5 driver=uop_p1_q_reg[op_type][0]/Q load_cells=5 lanes=3 cross_multiple_lanes=0
  gen_lane[3].i_p2_pop_slice/pop_q_reg_1[1] fanout=6 driver=uop_p1_q_reg[op_type][1]/Q load_cells=6 lanes=3 cross_multiple_lanes=0
  gen_lane[3].i_p2_pop_slice/pop_q_reg_1[2] fanout=6 driver=uop_p1_q_reg[op_type][2]/Q load_cells=6 lanes=3 cross_multiple_lanes=0

=== PATTERN xor_q ===
Cells (5):
  gen_lane[0].i_p2_pop_slice/xor_q_reg ref=FDCE
  gen_lane[1].i_p2_pop_slice/xor_q_reg ref=FDCE
  gen_lane[2].i_p2_pop_slice/xor_q_reg ref=FDCE
  gen_lane[3].i_p2_pop_slice/xor_q_i_1 ref=LUT4
  gen_lane[3].i_p2_pop_slice/xor_q_reg ref=FDCE
Nets (4):
  gen_lane[0].i_p2_pop_slice/xor_q fanout=1 driver=gen_lane[0].i_p2_pop_slice/xor_q_reg/Q load_cells=1 lanes=0 cross_multiple_lanes=0
  gen_lane[1].i_p2_pop_slice/xor_q fanout=1 driver=gen_lane[1].i_p2_pop_slice/xor_q_reg/Q load_cells=1 lanes=1 cross_multiple_lanes=0
  gen_lane[2].i_p2_pop_slice/xor_q fanout=1 driver=gen_lane[2].i_p2_pop_slice/xor_q_reg/Q load_cells=1 lanes=2 cross_multiple_lanes=0
  gen_lane[3].i_p2_pop_slice/xor_q fanout=1 driver=gen_lane[3].i_p2_pop_slice/xor_q_reg/Q load_cells=1 lanes=3 cross_multiple_lanes=0

=== PATTERN p1_pop_d ===
Cells (0):
Nets (1):
  p1_pop_d fanout=4 driver=gen_lane[3].i_p2_pop_slice/pop_q_i_1/O load_cells=4 lanes=0,1,2,3 cross_multiple_lanes=1

=== PATTERN p1_xor_d ===
Cells (0):
Nets (1):
  p1_xor_d fanout=4 driver=gen_lane[3].i_p2_pop_slice/xor_q_i_1/O load_cells=4 lanes=0,1,2,3 cross_multiple_lanes=1

=== PATTERN hdec_p2_pop_slice ===
Cells (0):
Nets (0):
  pattern not found: hdec_p2_pop_slice

=== PATTERN i_p2_pop_slice ===
Cells (171):
  gen_lane[0].i_p2_pop_slice ref=hdec_p2_pop_slice
  gen_lane[0].i_p2_pop_slice/VCC ref=VCC
  gen_lane[0].i_p2_pop_slice/hsim_total_q[3]_i_12 ref=LUT6
  gen_lane[0].i_p2_pop_slice/lane_result_q[0][63]_i_1 ref=LUT6
  gen_lane[0].i_p2_pop_slice/pop_q_reg ref=FDCE
  gen_lane[0].i_p2_pop_slice/popcount_q_o_reg[0] ref=FDCE
  gen_lane[0].i_p2_pop_slice/popcount_q_o_reg[1] ref=FDCE
  gen_lane[0].i_p2_pop_slice/popcount_q_o_reg[2] ref=FDCE
  gen_lane[0].i_p2_pop_slice/popcount_q_o_reg[3] ref=FDCE
  gen_lane[0].i_p2_pop_slice/popcount_q_o_reg[4] ref=FDCE
  gen_lane[0].i_p2_pop_slice/popcount_q_o_reg[5] ref=FDCE
  gen_lane[0].i_p2_pop_slice/popcount_q_o_reg[6] ref=FDCE
  gen_lane[0].i_p2_pop_slice/xor_q_reg ref=FDCE
  gen_lane[1].i_p2_pop_slice ref=hdec_p2_pop_slice_0
  gen_lane[1].i_p2_pop_slice/VCC ref=VCC
  gen_lane[1].i_p2_pop_slice/lane_result_q[1][63]_i_1 ref=LUT6
  gen_lane[1].i_p2_pop_slice/pop_q_reg ref=FDCE
  gen_lane[1].i_p2_pop_slice/popcount_q_o_reg[0] ref=FDCE
  gen_lane[1].i_p2_pop_slice/popcount_q_o_reg[1] ref=FDCE
  gen_lane[1].i_p2_pop_slice/popcount_q_o_reg[2] ref=FDCE
  gen_lane[1].i_p2_pop_slice/popcount_q_o_reg[3] ref=FDCE
  gen_lane[1].i_p2_pop_slice/popcount_q_o_reg[4] ref=FDCE
  gen_lane[1].i_p2_pop_slice/popcount_q_o_reg[5] ref=FDCE
  gen_lane[1].i_p2_pop_slice/popcount_q_o_reg[6] ref=FDCE
  gen_lane[1].i_p2_pop_slice/xor_q_reg ref=FDCE
  gen_lane[2].i_p2_pop_slice ref=hdec_p2_pop_slice_1
  gen_lane[2].i_p2_pop_slice/GND ref=GND
  gen_lane[2].i_p2_pop_slice/VCC ref=VCC
  gen_lane[2].i_p2_pop_slice/hmatch_best_dist_q[10]_i_1 ref=LUT6
  gen_lane[2].i_p2_pop_slice/hmatch_best_dist_q[10]_i_3 ref=LUT6
  gen_lane[2].i_p2_pop_slice/hmatch_best_dist_q[10]_i_4 ref=LUT6
  gen_lane[2].i_p2_pop_slice/hmatch_best_dist_q[10]_i_5 ref=LUT2
  gen_lane[2].i_p2_pop_slice/hmatch_best_dist_q[10]_i_6 ref=LUT5
  gen_lane[2].i_p2_pop_slice/hmatch_best_dist_q[10]_i_7 ref=LUT6
  gen_lane[2].i_p2_pop_slice/hmatch_best_dist_q[10]_i_8 ref=LUT6
  gen_lane[2].i_p2_pop_slice/hmatch_budget_q[0]_i_1 ref=LUT6
  gen_lane[2].i_p2_pop_slice/hmatch_budget_q[0]_i_2 ref=LUT3
  gen_lane[2].i_p2_pop_slice/hmatch_budget_q[10]_i_10 ref=LUT6
  gen_lane[2].i_p2_pop_slice/hmatch_budget_q[10]_i_11 ref=LUT1
  gen_lane[2].i_p2_pop_slice/hmatch_budget_q[10]_i_12 ref=LUT6
  gen_lane[2].i_p2_pop_slice/hmatch_budget_q[10]_i_13 ref=LUT5
  gen_lane[2].i_p2_pop_slice/hmatch_budget_q[10]_i_14 ref=LUT5
  gen_lane[2].i_p2_pop_slice/hmatch_budget_q[10]_i_15 ref=LUT5
  gen_lane[2].i_p2_pop_slice/hmatch_budget_q[10]_i_16 ref=LUT5
  gen_lane[2].i_p2_pop_slice/hmatch_budget_q[10]_i_17 ref=LUT5
  gen_lane[2].i_p2_pop_slice/hmatch_budget_q[10]_i_18 ref=LUT5
  gen_lane[2].i_p2_pop_slice/hmatch_budget_q[10]_i_19 ref=LUT5
  gen_lane[2].i_p2_pop_slice/hmatch_budget_q[10]_i_2 ref=LUT6
  gen_lane[2].i_p2_pop_slice/hmatch_budget_q[10]_i_20 ref=LUT5
  gen_lane[2].i_p2_pop_slice/hmatch_budget_q[10]_i_3 ref=LUT3
  gen_lane[2].i_p2_pop_slice/hmatch_budget_q[10]_i_6 ref=LUT1
  gen_lane[2].i_p2_pop_slice/hmatch_budget_q[10]_i_7 ref=LUT1
  gen_lane[2].i_p2_pop_slice/hmatch_budget_q[10]_i_8 ref=LUT5
  gen_lane[2].i_p2_pop_slice/hmatch_budget_q[1]_i_1 ref=LUT6
  gen_lane[2].i_p2_pop_slice/hmatch_budget_q[2]_i_1 ref=LUT6
  gen_lane[2].i_p2_pop_slice/hmatch_budget_q[3]_i_1 ref=LUT6
  gen_lane[2].i_p2_pop_slice/hmatch_budget_q[3]_i_3 ref=LUT5
  gen_lane[2].i_p2_pop_slice/hmatch_budget_q[3]_i_4 ref=LUT5
  gen_lane[2].i_p2_pop_slice/hmatch_budget_q[3]_i_5 ref=LUT5
  gen_lane[2].i_p2_pop_slice/hmatch_budget_q[3]_i_6 ref=LUT5
  gen_lane[2].i_p2_pop_slice/hmatch_budget_q[4]_i_1 ref=LUT6
  gen_lane[2].i_p2_pop_slice/hmatch_budget_q[5]_i_1 ref=LUT6
  gen_lane[2].i_p2_pop_slice/hmatch_budget_q[6]_i_1 ref=LUT6
  gen_lane[2].i_p2_pop_slice/hmatch_budget_q[7]_i_1 ref=LUT6
  gen_lane[2].i_p2_pop_slice/hmatch_budget_q[7]_i_3 ref=LUT5
  gen_lane[2].i_p2_pop_slice/hmatch_budget_q[7]_i_4 ref=LUT5
  gen_lane[2].i_p2_pop_slice/hmatch_budget_q[7]_i_5 ref=LUT5
  gen_lane[2].i_p2_pop_slice/hmatch_budget_q[7]_i_6 ref=LUT5
  gen_lane[2].i_p2_pop_slice/hmatch_budget_q[8]_i_1 ref=LUT6
  gen_lane[2].i_p2_pop_slice/hmatch_budget_q[9]_i_1 ref=LUT6
  gen_lane[2].i_p2_pop_slice/hmatch_budget_q[9]_i_2 ref=LUT2
  gen_lane[2].i_p2_pop_slice/hmatch_budget_q_reg[10]_i_4 ref=CARRY4
  gen_lane[2].i_p2_pop_slice/hmatch_budget_q_reg[10]_i_5 ref=CARRY4
  gen_lane[2].i_p2_pop_slice/hmatch_budget_q_reg[10]_i_9 ref=CARRY4
  gen_lane[2].i_p2_pop_slice/hmatch_budget_q_reg[3]_i_2 ref=CARRY4
  gen_lane[2].i_p2_pop_slice/hmatch_budget_q_reg[7]_i_2 ref=CARRY4
  gen_lane[2].i_p2_pop_slice/hmatch_update_q_i_1 ref=LUT6
  gen_lane[2].i_p2_pop_slice/hmatch_update_q_i_2 ref=LUT4
  gen_lane[2].i_p2_pop_slice/hsim_total_q[0]_i_1 ref=LUT2
  gen_lane[2].i_p2_pop_slice/hsim_total_q[10]_i_2 ref=LUT2
  gen_lane[2].i_p2_pop_slice/hsim_total_q[10]_i_4 ref=LUT3
  gen_lane[2].i_p2_pop_slice/hsim_total_q[10]_i_6 ref=LUT2
  gen_lane[2].i_p2_pop_slice/hsim_total_q[1]_i_1 ref=LUT2
  gen_lane[2].i_p2_pop_slice/hsim_total_q[2]_i_1 ref=LUT2
  gen_lane[2].i_p2_pop_slice/hsim_total_q[3]_i_1 ref=LUT2
  gen_lane[2].i_p2_pop_slice/hsim_total_q[3]_i_11 ref=LUT6
  gen_lane[2].i_p2_pop_slice/hsim_total_q[3]_i_14 ref=LUT4
  gen_lane[2].i_p2_pop_slice/hsim_total_q[3]_i_15 ref=LUT3
  gen_lane[2].i_p2_pop_slice/hsim_total_q[3]_i_3 ref=LUT2
  gen_lane[2].i_p2_pop_slice/hsim_total_q[3]_i_4 ref=LUT2
  gen_lane[2].i_p2_pop_slice/hsim_total_q[3]_i_5 ref=LUT2
  gen_lane[2].i_p2_pop_slice/hsim_total_q[3]_i_6 ref=LUT2
  gen_lane[2].i_p2_pop_slice/hsim_total_q[3]_i_8 ref=LUT5
  gen_lane[2].i_p2_pop_slice/hsim_total_q[3]_i_9 ref=LUT5
  gen_lane[2].i_p2_pop_slice/hsim_total_q[4]_i_1 ref=LUT2
  gen_lane[2].i_p2_pop_slice/hsim_total_q[5]_i_1 ref=LUT2
  gen_lane[2].i_p2_pop_slice/hsim_total_q[6]_i_1 ref=LUT2
  gen_lane[2].i_p2_pop_slice/hsim_total_q[7]_i_1 ref=LUT2
  gen_lane[2].i_p2_pop_slice/hsim_total_q[7]_i_10 ref=LUT5
  gen_lane[2].i_p2_pop_slice/hsim_total_q[7]_i_11 ref=LUT5
  gen_lane[2].i_p2_pop_slice/hsim_total_q[7]_i_12 ref=LUT5
  gen_lane[2].i_p2_pop_slice/hsim_total_q[7]_i_13 ref=LUT6
  gen_lane[2].i_p2_pop_slice/hsim_total_q[7]_i_14 ref=LUT6
  gen_lane[2].i_p2_pop_slice/hsim_total_q[7]_i_15 ref=LUT6
  gen_lane[2].i_p2_pop_slice/hsim_total_q[7]_i_17 ref=LUT3
  gen_lane[2].i_p2_pop_slice/hsim_total_q[7]_i_18 ref=LUT3
  gen_lane[2].i_p2_pop_slice/hsim_total_q[7]_i_19 ref=LUT3
  gen_lane[2].i_p2_pop_slice/hsim_total_q[7]_i_20 ref=LUT3
  gen_lane[2].i_p2_pop_slice/hsim_total_q[7]_i_3 ref=LUT2
  gen_lane[2].i_p2_pop_slice/hsim_total_q[7]_i_4 ref=LUT2
  gen_lane[2].i_p2_pop_slice/hsim_total_q[7]_i_5 ref=LUT2
  gen_lane[2].i_p2_pop_slice/hsim_total_q[7]_i_6 ref=LUT2
  gen_lane[2].i_p2_pop_slice/hsim_total_q[7]_i_9 ref=LUT5
  gen_lane[2].i_p2_pop_slice/hsim_total_q[8]_i_1 ref=LUT2
  gen_lane[2].i_p2_pop_slice/hsim_total_q[9]_i_1 ref=LUT2
  gen_lane[2].i_p2_pop_slice/hsim_total_q_reg[10]_i_5 ref=CARRY4
  gen_lane[2].i_p2_pop_slice/hsim_total_q_reg[10]_i_7 ref=CARRY4
  gen_lane[2].i_p2_pop_slice/hsim_total_q_reg[3]_i_2 ref=CARRY4
  gen_lane[2].i_p2_pop_slice/hsim_total_q_reg[3]_i_7 ref=CARRY4
  gen_lane[2].i_p2_pop_slice/hsim_total_q_reg[7]_i_2 ref=CARRY4
  gen_lane[2].i_p2_pop_slice/hsim_total_q_reg[7]_i_7 ref=CARRY4
  gen_lane[2].i_p2_pop_slice/lane_result_q[2][63]_i_1 ref=LUT6
  gen_lane[2].i_p2_pop_slice/pop_q_reg ref=FDCE
  gen_lane[2].i_p2_pop_slice/popcount_q_o_reg[0] ref=FDCE
  gen_lane[2].i_p2_pop_slice/popcount_q_o_reg[1] ref=FDCE
  gen_lane[2].i_p2_pop_slice/popcount_q_o_reg[2] ref=FDCE
  gen_lane[2].i_p2_pop_slice/popcount_q_o_reg[3] ref=FDCE
  gen_lane[2].i_p2_pop_slice/popcount_q_o_reg[4] ref=FDCE
  gen_lane[2].i_p2_pop_slice/popcount_q_o_reg[5] ref=FDCE
  gen_lane[2].i_p2_pop_slice/popcount_q_o_reg[6] ref=FDCE
  gen_lane[2].i_p2_pop_slice/uop_p0_q[is_last_class]_i_2 ref=LUT6
  gen_lane[2].i_p2_pop_slice/uop_p0_q[src0_addr][3]_i_2 ref=LUT3
  gen_lane[2].i_p2_pop_slice/uop_p0_q[src0_addr][5]_i_15 ref=LUT1
  gen_lane[2].i_p2_pop_slice/uop_p0_q[src0_addr][5]_i_16 ref=LUT1
  gen_lane[2].i_p2_pop_slice/uop_p0_q[src0_addr][5]_i_17 ref=LUT2
  gen_lane[2].i_p2_pop_slice/uop_p0_q[src0_addr][5]_i_18 ref=LUT2
  gen_lane[2].i_p2_pop_slice/uop_p0_q[src0_addr][5]_i_19 ref=LUT2
  gen_lane[2].i_p2_pop_slice/uop_p0_q[src0_addr][5]_i_20 ref=LUT3
  gen_lane[2].i_p2_pop_slice/uop_p0_q[src0_addr][5]_i_21 ref=LUT2
  gen_lane[2].i_p2_pop_slice/uop_p0_q[src0_addr][5]_i_22 ref=LUT2
  gen_lane[2].i_p2_pop_slice/uop_p0_q[src0_addr][5]_i_23 ref=LUT2
  gen_lane[2].i_p2_pop_slice/uop_p0_q[src0_addr][5]_i_24 ref=LUT2
  gen_lane[2].i_p2_pop_slice/uop_p0_q[src0_addr][5]_i_25 ref=LUT4
  gen_lane[2].i_p2_pop_slice/uop_p0_q[src0_addr][5]_i_26 ref=LUT4
  gen_lane[2].i_p2_pop_slice/uop_p0_q[src0_addr][5]_i_27 ref=LUT4
  gen_lane[2].i_p2_pop_slice/uop_p0_q[src0_addr][5]_i_28 ref=LUT2
  gen_lane[2].i_p2_pop_slice/uop_p0_q[src0_addr][5]_i_6 ref=LUT4
  gen_lane[2].i_p2_pop_slice/uop_p0_q[src0_addr][5]_i_9 ref=LUT6
  gen_lane[2].i_p2_pop_slice/uop_p0_q_reg[src0_addr][5]_i_12 ref=CARRY4
  gen_lane[2].i_p2_pop_slice/uop_p0_q_reg[src0_addr][5]_i_13 ref=CARRY4
  gen_lane[2].i_p2_pop_slice/uop_p0_q_reg[src0_addr][5]_i_14 ref=CARRY4
  gen_lane[2].i_p2_pop_slice/xor_q_reg ref=FDCE
  gen_lane[3].i_p2_pop_slice ref=hdec_p2_pop_slice_2
  gen_lane[3].i_p2_pop_slice/VCC ref=VCC
  gen_lane[3].i_p2_pop_slice/hsim_total_q[3]_i_10 ref=LUT4
  gen_lane[3].i_p2_pop_slice/hsim_total_q[3]_i_13 ref=LUT4
  gen_lane[3].i_p2_pop_slice/hsim_total_q[7]_i_16 ref=LUT3
  gen_lane[3].i_p2_pop_slice/hsim_total_q[7]_i_8 ref=LUT5
  gen_lane[3].i_p2_pop_slice/lane_result_q[3][63]_i_1 ref=LUT6
  gen_lane[3].i_p2_pop_slice/lane_result_q[3][63]_i_3 ref=LUT2
  gen_lane[3].i_p2_pop_slice/pop_q_i_1 ref=LUT3
  gen_lane[3].i_p2_pop_slice/pop_q_reg ref=FDCE
  gen_lane[3].i_p2_pop_slice/popcount_q_o_reg[0] ref=FDCE
  gen_lane[3].i_p2_pop_slice/popcount_q_o_reg[1] ref=FDCE
  gen_lane[3].i_p2_pop_slice/popcount_q_o_reg[2] ref=FDCE
  gen_lane[3].i_p2_pop_slice/popcount_q_o_reg[3] ref=FDCE
  gen_lane[3].i_p2_pop_slice/popcount_q_o_reg[4] ref=FDCE
  gen_lane[3].i_p2_pop_slice/popcount_q_o_reg[5] ref=FDCE
  gen_lane[3].i_p2_pop_slice/popcount_q_o_reg[6] ref=FDCE
  gen_lane[3].i_p2_pop_slice/xor_q_i_1 ref=LUT4
  gen_lane[3].i_p2_pop_slice/xor_q_reg ref=FDCE
Nets (459):
  gen_lane[0].i_p2_pop_slice/<const1> fanout=2 driver=gen_lane[0].i_p2_pop_slice/VCC/P load_cells=2 lanes=0 cross_multiple_lanes=0
  gen_lane[0].i_p2_pop_slice/D[0] fanout=1 driver=i_vrf/popcount_q_o[0]_i_1/O load_cells=1 lanes=0 cross_multiple_lanes=0
  gen_lane[0].i_p2_pop_slice/D[1] fanout=1 driver=i_vrf/popcount_q_o[1]_i_1/O load_cells=1 lanes=0 cross_multiple_lanes=0
  gen_lane[0].i_p2_pop_slice/D[2] fanout=1 driver=i_vrf/popcount_q_o[2]_i_1/O load_cells=1 lanes=0 cross_multiple_lanes=0
  gen_lane[0].i_p2_pop_slice/D[3] fanout=1 driver=i_vrf/popcount_q_o[3]_i_1/O load_cells=1 lanes=0 cross_multiple_lanes=0
  gen_lane[0].i_p2_pop_slice/D[4] fanout=1 driver=i_vrf/popcount_q_o[4]_i_1/O load_cells=1 lanes=0 cross_multiple_lanes=0
  gen_lane[0].i_p2_pop_slice/D[5] fanout=1 driver=i_vrf/popcount_q_o[5]_i_1/O load_cells=1 lanes=0 cross_multiple_lanes=0
  gen_lane[0].i_p2_pop_slice/D[6] fanout=1 driver=i_vrf/popcount_q_o[6]_i_1/O load_cells=1 lanes=0 cross_multiple_lanes=0
  gen_lane[0].i_p2_pop_slice/E[0] fanout=64 driver=gen_lane[0].i_p2_pop_slice/lane_result_q[0][63]_i_1/O load_cells=64 lanes= cross_multiple_lanes=0
  gen_lane[0].i_p2_pop_slice/Q[0] fanout=89 driver=FSM_onehot_st_q_reg[6]/Q load_cells=89 lanes=0,1,2,3 cross_multiple_lanes=1
  gen_lane[0].i_p2_pop_slice/S[0] fanout=1 driver=gen_lane[0].i_p2_pop_slice/hsim_total_q[3]_i_12/O load_cells=1 lanes=2 cross_multiple_lanes=0
  gen_lane[0].i_p2_pop_slice/clk_i fanout=2848 driver= load_cells=2848 lanes=0,1,2,3 cross_multiple_lanes=1
  gen_lane[0].i_p2_pop_slice/hsim_total_q_reg[3]_i_7 fanout=3 driver=gen_lane[2].i_p2_pop_slice/hsim_total_q[3]_i_15/O load_cells=3 lanes=0,2 cross_multiple_lanes=1
  gen_lane[0].i_p2_pop_slice/hsim_total_q_reg[3]_i_7_0[0] fanout=4 driver=gen_lane[2].i_p2_pop_slice/popcount_q_o_reg[1]/Q load_cells=4 lanes=0,2,3 cross_multiple_lanes=1
  gen_lane[0].i_p2_pop_slice/hsim_total_q_reg[3]_i_7_1[0] fanout=4 driver=gen_lane[1].i_p2_pop_slice/popcount_q_o_reg[1]/Q load_cells=4 lanes=0,2,3 cross_multiple_lanes=1
  gen_lane[0].i_p2_pop_slice/hsim_total_q_reg[3]_i_7_2[0] fanout=4 driver=gen_lane[3].i_p2_pop_slice/popcount_q_o_reg[1]/Q load_cells=4 lanes=0,2,3 cross_multiple_lanes=1
  gen_lane[0].i_p2_pop_slice/lane_result_q_reg[0][0] fanout=4 driver=gen_lane[3].i_p2_pop_slice/lane_result_q[3][63]_i_3/O load_cells=4 lanes=0,1,2,3 cross_multiple_lanes=1
  gen_lane[0].i_p2_pop_slice/lane_result_q_reg[0][0]_0 fanout=66 driver=i_vrf/lane_clip_q[3][15]_i_3/O load_cells=66 lanes=0 cross_multiple_lanes=0
  gen_lane[0].i_p2_pop_slice/lane_result_q_reg[0][0]_1 fanout=65 driver=i_vrf/lane_result_q[0][63]_i_3/O load_cells=65 lanes=0 cross_multiple_lanes=0
  gen_lane[0].i_p2_pop_slice/pop_d_i fanout=4 driver=gen_lane[3].i_p2_pop_slice/pop_q_i_1/O load_cells=4 lanes=0,1,2,3 cross_multiple_lanes=1
  gen_lane[0].i_p2_pop_slice/pop_q fanout=8 driver=gen_lane[0].i_p2_pop_slice/pop_q_reg/Q load_cells=8 lanes=0 cross_multiple_lanes=0
  gen_lane[0].i_p2_pop_slice/popcount_q_o_reg[6]_0[0] fanout=2 driver=gen_lane[0].i_p2_pop_slice/popcount_q_o_reg[0]/Q load_cells=2 lanes=2 cross_multiple_lanes=0
  gen_lane[0].i_p2_pop_slice/popcount_q_o_reg[6]_0[1] fanout=2 driver=gen_lane[0].i_p2_pop_slice/popcount_q_o_reg[1]/Q load_cells=2 lanes=0,3 cross_multiple_lanes=1
  gen_lane[0].i_p2_pop_slice/popcount_q_o_reg[6]_0[2] fanout=3 driver=gen_lane[0].i_p2_pop_slice/popcount_q_o_reg[2]/Q load_cells=3 lanes=0,2 cross_multiple_lanes=1
  gen_lane[0].i_p2_pop_slice/popcount_q_o_reg[6]_0[3] fanout=2 driver=gen_lane[0].i_p2_pop_slice/popcount_q_o_reg[3]/Q load_cells=2 lanes=2 cross_multiple_lanes=0
  gen_lane[0].i_p2_pop_slice/popcount_q_o_reg[6]_0[4] fanout=2 driver=gen_lane[0].i_p2_pop_slice/popcount_q_o_reg[4]/Q load_cells=2 lanes=2 cross_multiple_lanes=0
  gen_lane[0].i_p2_pop_slice/popcount_q_o_reg[6]_0[5] fanout=2 driver=gen_lane[0].i_p2_pop_slice/popcount_q_o_reg[5]/Q load_cells=2 lanes=2 cross_multiple_lanes=0
  gen_lane[0].i_p2_pop_slice/popcount_q_o_reg[6]_0[6] fanout=3 driver=gen_lane[0].i_p2_pop_slice/popcount_q_o_reg[6]/Q load_cells=3 lanes=2,3 cross_multiple_lanes=1
  gen_lane[0].i_p2_pop_slice/popcount_q_o_reg[6]_1 fanout=2160 driver=i_vrf/FSM_onehot_st_q[0]_i_3/O load_cells=2160 lanes=0,1,2,3 cross_multiple_lanes=1
  gen_lane[0].i_p2_pop_slice/xor_d_i fanout=4 driver=gen_lane[3].i_p2_pop_slice/xor_q_i_1/O load_cells=4 lanes=0,1,2,3 cross_multiple_lanes=1
  gen_lane[0].i_p2_pop_slice/xor_q fanout=1 driver=gen_lane[0].i_p2_pop_slice/xor_q_reg/Q load_cells=1 lanes=0 cross_multiple_lanes=0
  gen_lane[0].i_p2_pop_slice_n_0 fanout=64 driver=gen_lane[0].i_p2_pop_slice/lane_result_q[0][63]_i_1/O load_cells=64 lanes= cross_multiple_lanes=0
  gen_lane[0].i_p2_pop_slice_n_1 fanout=1 driver=gen_lane[0].i_p2_pop_slice/hsim_total_q[3]_i_12/O load_cells=1 lanes=2 cross_multiple_lanes=0
  gen_lane[1].i_p2_pop_slice/<const1> fanout=2 driver=gen_lane[1].i_p2_pop_slice/VCC/P load_cells=2 lanes=1 cross_multiple_lanes=0
  gen_lane[1].i_p2_pop_slice/D[0] fanout=1 driver=i_vrf/popcount_q_o[0]_i_1__0/O load_cells=1 lanes=1 cross_multiple_lanes=0
  gen_lane[1].i_p2_pop_slice/D[1] fanout=1 driver=i_vrf/popcount_q_o[1]_i_1__0/O load_cells=1 lanes=1 cross_multiple_lanes=0
  gen_lane[1].i_p2_pop_slice/D[2] fanout=1 driver=i_vrf/popcount_q_o[2]_i_1__0/O load_cells=1 lanes=1 cross_multiple_lanes=0
  gen_lane[1].i_p2_pop_slice/D[3] fanout=1 driver=i_vrf/popcount_q_o[3]_i_1__0/O load_cells=1 lanes=1 cross_multiple_lanes=0
  gen_lane[1].i_p2_pop_slice/D[4] fanout=1 driver=i_vrf/popcount_q_o[4]_i_1__0/O load_cells=1 lanes=1 cross_multiple_lanes=0
  gen_lane[1].i_p2_pop_slice/D[5] fanout=1 driver=i_vrf/popcount_q_o[5]_i_1__0/O load_cells=1 lanes=1 cross_multiple_lanes=0
  gen_lane[1].i_p2_pop_slice/D[6] fanout=1 driver=i_vrf/popcount_q_o[6]_i_1__0/O load_cells=1 lanes=1 cross_multiple_lanes=0
  gen_lane[1].i_p2_pop_slice/E[0] fanout=64 driver=gen_lane[1].i_p2_pop_slice/lane_result_q[1][63]_i_1/O load_cells=64 lanes= cross_multiple_lanes=0
  gen_lane[1].i_p2_pop_slice/Q[0] fanout=89 driver=FSM_onehot_st_q_reg[6]/Q load_cells=89 lanes=0,1,2,3 cross_multiple_lanes=1
  gen_lane[1].i_p2_pop_slice/clk_i fanout=2848 driver= load_cells=2848 lanes=0,1,2,3 cross_multiple_lanes=1
  gen_lane[1].i_p2_pop_slice/lane_result_q_reg[1][0] fanout=4 driver=gen_lane[3].i_p2_pop_slice/lane_result_q[3][63]_i_3/O load_cells=4 lanes=0,1,2,3 cross_multiple_lanes=1
  gen_lane[1].i_p2_pop_slice/lane_result_q_reg[1][0]_0 fanout=65 driver=i_vrf/lane_result_q[1][63]_i_3/O load_cells=65 lanes=1 cross_multiple_lanes=0
  gen_lane[1].i_p2_pop_slice/lane_result_q_reg[1][0]_1 fanout=65 driver=i_vrf/lane_result_q[1][63]_i_4/O load_cells=65 lanes=1 cross_multiple_lanes=0
  gen_lane[1].i_p2_pop_slice/pop_d_i fanout=4 driver=gen_lane[3].i_p2_pop_slice/pop_q_i_1/O load_cells=4 lanes=0,1,2,3 cross_multiple_lanes=1
  gen_lane[1].i_p2_pop_slice/pop_q fanout=8 driver=gen_lane[1].i_p2_pop_slice/pop_q_reg/Q load_cells=8 lanes=1 cross_multiple_lanes=0
  gen_lane[1].i_p2_pop_slice/pop_q_reg_0 fanout=2160 driver=i_vrf/FSM_onehot_st_q[0]_i_3/O load_cells=2160 lanes=0,1,2,3 cross_multiple_lanes=1
  gen_lane[1].i_p2_pop_slice/popcount_q_o_reg[6]_0[0] fanout=2 driver=gen_lane[1].i_p2_pop_slice/popcount_q_o_reg[0]/Q load_cells=2 lanes=2,3 cross_multiple_lanes=1
  gen_lane[1].i_p2_pop_slice/popcount_q_o_reg[6]_0[1] fanout=4 driver=gen_lane[1].i_p2_pop_slice/popcount_q_o_reg[1]/Q load_cells=4 lanes=0,2,3 cross_multiple_lanes=1
  gen_lane[1].i_p2_pop_slice/popcount_q_o_reg[6]_0[2] fanout=3 driver=gen_lane[1].i_p2_pop_slice/popcount_q_o_reg[2]/Q load_cells=3 lanes=2 cross_multiple_lanes=0
  gen_lane[1].i_p2_pop_slice/popcount_q_o_reg[6]_0[3] fanout=3 driver=gen_lane[1].i_p2_pop_slice/popcount_q_o_reg[3]/Q load_cells=3 lanes=2 cross_multiple_lanes=0
  gen_lane[1].i_p2_pop_slice/popcount_q_o_reg[6]_0[4] fanout=3 driver=gen_lane[1].i_p2_pop_slice/popcount_q_o_reg[4]/Q load_cells=3 lanes=2 cross_multiple_lanes=0
  gen_lane[1].i_p2_pop_slice/popcount_q_o_reg[6]_0[5] fanout=4 driver=gen_lane[1].i_p2_pop_slice/popcount_q_o_reg[5]/Q load_cells=4 lanes=2,3 cross_multiple_lanes=1
  gen_lane[1].i_p2_pop_slice/popcount_q_o_reg[6]_0[6] fanout=2 driver=gen_lane[1].i_p2_pop_slice/popcount_q_o_reg[6]/Q load_cells=2 lanes=2,3 cross_multiple_lanes=1
  gen_lane[1].i_p2_pop_slice/xor_d_i fanout=4 driver=gen_lane[3].i_p2_pop_slice/xor_q_i_1/O load_cells=4 lanes=0,1,2,3 cross_multiple_lanes=1
  gen_lane[1].i_p2_pop_slice/xor_q fanout=1 driver=gen_lane[1].i_p2_pop_slice/xor_q_reg/Q load_cells=1 lanes=1 cross_multiple_lanes=0
  gen_lane[1].i_p2_pop_slice_n_0 fanout=64 driver=gen_lane[1].i_p2_pop_slice/lane_result_q[1][63]_i_1/O load_cells=64 lanes= cross_multiple_lanes=0
  gen_lane[2].i_p2_pop_slice/<const0> fanout=42 driver=gen_lane[2].i_p2_pop_slice/GND/G load_cells=14 lanes=2 cross_multiple_lanes=0
  gen_lane[2].i_p2_pop_slice/<const1> fanout=5 driver=gen_lane[2].i_p2_pop_slice/VCC/P load_cells=5 lanes=2 cross_multiple_lanes=0
  gen_lane[2].i_p2_pop_slice/DI[0] fanout=2 driver=gen_lane[0].i_p2_pop_slice/popcount_q_o_reg[0]/Q load_cells=2 lanes=2 cross_multiple_lanes=0
  gen_lane[2].i_p2_pop_slice/DI[1] fanout=2 driver=gen_lane[3].i_p2_pop_slice/hsim_total_q[3]_i_10/O load_cells=2 lanes=2,3 cross_multiple_lanes=1
  gen_lane[2].i_p2_pop_slice/D[0] fanout=1 driver=gen_lane[2].i_p2_pop_slice/hmatch_budget_q[0]_i_1/O load_cells=1 lanes= cross_multiple_lanes=0
  gen_lane[2].i_p2_pop_slice/D[10] fanout=1 driver=gen_lane[2].i_p2_pop_slice/hmatch_budget_q[10]_i_2/O load_cells=1 lanes= cross_multiple_lanes=0
  gen_lane[2].i_p2_pop_slice/D[1] fanout=1 driver=gen_lane[2].i_p2_pop_slice/hmatch_budget_q[1]_i_1/O load_cells=1 lanes= cross_multiple_lanes=0
  gen_lane[2].i_p2_pop_slice/D[2] fanout=1 driver=gen_lane[2].i_p2_pop_slice/hmatch_budget_q[2]_i_1/O load_cells=1 lanes= cross_multiple_lanes=0
  gen_lane[2].i_p2_pop_slice/D[3] fanout=1 driver=gen_lane[2].i_p2_pop_slice/hmatch_budget_q[3]_i_1/O load_cells=1 lanes= cross_multiple_lanes=0
  gen_lane[2].i_p2_pop_slice/D[4] fanout=1 driver=gen_lane[2].i_p2_pop_slice/hmatch_budget_q[4]_i_1/O load_cells=1 lanes= cross_multiple_lanes=0
  gen_lane[2].i_p2_pop_slice/D[5] fanout=1 driver=gen_lane[2].i_p2_pop_slice/hmatch_budget_q[5]_i_1/O load_cells=1 lanes= cross_multiple_lanes=0
  gen_lane[2].i_p2_pop_slice/D[6] fanout=1 driver=gen_lane[2].i_p2_pop_slice/hmatch_budget_q[6]_i_1/O load_cells=1 lanes= cross_multiple_lanes=0
  gen_lane[2].i_p2_pop_slice/D[7] fanout=1 driver=gen_lane[2].i_p2_pop_slice/hmatch_budget_q[7]_i_1/O load_cells=1 lanes= cross_multiple_lanes=0
  gen_lane[2].i_p2_pop_slice/D[8] fanout=1 driver=gen_lane[2].i_p2_pop_slice/hmatch_budget_q[8]_i_1/O load_cells=1 lanes= cross_multiple_lanes=0
  gen_lane[2].i_p2_pop_slice/D[9] fanout=1 driver=gen_lane[2].i_p2_pop_slice/hmatch_budget_q[9]_i_1/O load_cells=1 lanes= cross_multiple_lanes=0
  gen_lane[2].i_p2_pop_slice/E[0] fanout=64 driver=gen_lane[2].i_p2_pop_slice/lane_result_q[2][63]_i_1/O load_cells=64 lanes= cross_multiple_lanes=0
  gen_lane[2].i_p2_pop_slice/FSM_onehot_st_q_reg[1] fanout=4 driver=gen_lane[2].i_p2_pop_slice/uop_p0_q[src0_addr][3]_i_2/O load_cells=4 lanes=2 cross_multiple_lanes=0
  gen_lane[2].i_p2_pop_slice/FSM_onehot_st_q_reg[4] fanout=2 driver=gen_lane[2].i_p2_pop_slice/hmatch_best_dist_q[10]_i_4/O load_cells=2 lanes=2 cross_multiple_lanes=0
  gen_lane[2].i_p2_pop_slice/FSM_onehot_st_q_reg[7]_rep fanout=9 driver=gen_lane[2].i_p2_pop_slice/hsim_total_q[10]_i_4/O load_cells=9 lanes=2 cross_multiple_lanes=0
  gen_lane[2].i_p2_pop_slice/FSM_onehot_st_q_reg[7]_rep_0[0] fanout=1 driver=gen_lane[2].i_p2_pop_slice/hsim_total_q[0]_i_1/O load_cells=1 lanes= cross_multiple_lanes=0
  gen_lane[2].i_p2_pop_slice/FSM_onehot_st_q_reg[7]_rep_0[10] fanout=1 driver=gen_lane[2].i_p2_pop_slice/hsim_total_q[10]_i_2/O load_cells=1 lanes= cross_multiple_lanes=0
  gen_lane[2].i_p2_pop_slice/FSM_onehot_st_q_reg[7]_rep_0[1] fanout=1 driver=gen_lane[2].i_p2_pop_slice/hsim_total_q[1]_i_1/O load_cells=1 lanes= cross_multiple_lanes=0
  gen_lane[2].i_p2_pop_slice/FSM_onehot_st_q_reg[7]_rep_0[2] fanout=1 driver=gen_lane[2].i_p2_pop_slice/hsim_total_q[2]_i_1/O load_cells=1 lanes= cross_multiple_lanes=0
  gen_lane[2].i_p2_pop_slice/FSM_onehot_st_q_reg[7]_rep_0[3] fanout=1 driver=gen_lane[2].i_p2_pop_slice/hsim_total_q[3]_i_1/O load_cells=1 lanes= cross_multiple_lanes=0
  gen_lane[2].i_p2_pop_slice/FSM_onehot_st_q_reg[7]_rep_0[4] fanout=1 driver=gen_lane[2].i_p2_pop_slice/hsim_total_q[4]_i_1/O load_cells=1 lanes= cross_multiple_lanes=0
  gen_lane[2].i_p2_pop_slice/FSM_onehot_st_q_reg[7]_rep_0[5] fanout=1 driver=gen_lane[2].i_p2_pop_slice/hsim_total_q[5]_i_1/O load_cells=1 lanes= cross_multiple_lanes=0
  gen_lane[2].i_p2_pop_slice/FSM_onehot_st_q_reg[7]_rep_0[6] fanout=1 driver=gen_lane[2].i_p2_pop_slice/hsim_total_q[6]_i_1/O load_cells=1 lanes= cross_multiple_lanes=0
  gen_lane[2].i_p2_pop_slice/FSM_onehot_st_q_reg[7]_rep_0[7] fanout=1 driver=gen_lane[2].i_p2_pop_slice/hsim_total_q[7]_i_1/O load_cells=1 lanes= cross_multiple_lanes=0
  gen_lane[2].i_p2_pop_slice/FSM_onehot_st_q_reg[7]_rep_0[8] fanout=1 driver=gen_lane[2].i_p2_pop_slice/hsim_total_q[8]_i_1/O load_cells=1 lanes= cross_multiple_lanes=0
  gen_lane[2].i_p2_pop_slice/FSM_onehot_st_q_reg[7]_rep_0[9] fanout=1 driver=gen_lane[2].i_p2_pop_slice/hsim_total_q[9]_i_1/O load_cells=1 lanes= cross_multiple_lanes=0
  gen_lane[2].i_p2_pop_slice/Q[0] fanout=24 driver=a_q_reg[4]/Q load_cells=24 lanes=2 cross_multiple_lanes=0
  gen_lane[2].i_p2_pop_slice/Q[10] fanout=13 driver=a_q_reg[14]/Q load_cells=13 lanes=2 cross_multiple_lanes=0
  gen_lane[2].i_p2_pop_slice/Q[11] fanout=12 driver=a_q_reg[15]/Q load_cells=12 lanes=2 cross_multiple_lanes=0
  gen_lane[2].i_p2_pop_slice/Q[1] fanout=19 driver=a_q_reg[5]/Q load_cells=19 lanes=2 cross_multiple_lanes=0
  gen_lane[2].i_p2_pop_slice/Q[2] fanout=20 driver=a_q_reg[6]/Q load_cells=20 lanes=2 cross_multiple_lanes=0
  gen_lane[2].i_p2_pop_slice/Q[3] fanout=17 driver=a_q_reg[7]/Q load_cells=17 lanes=2 cross_multiple_lanes=0
  gen_lane[2].i_p2_pop_slice/Q[4] fanout=13 driver=a_q_reg[8]/Q load_cells=13 lanes=2 cross_multiple_lanes=0
  gen_lane[2].i_p2_pop_slice/Q[5] fanout=11 driver=a_q_reg[9]/Q load_cells=11 lanes=2 cross_multiple_lanes=0
  gen_lane[2].i_p2_pop_slice/Q[6] fanout=14 driver=a_q_reg[10]/Q load_cells=14 lanes=2 cross_multiple_lanes=0
  gen_lane[2].i_p2_pop_slice/Q[7] fanout=12 driver=a_q_reg[11]/Q load_cells=12 lanes=2 cross_multiple_lanes=0
  gen_lane[2].i_p2_pop_slice/Q[8] fanout=12 driver=a_q_reg[12]/Q load_cells=12 lanes=2 cross_multiple_lanes=0
  gen_lane[2].i_p2_pop_slice/Q[9] fanout=11 driver=a_q_reg[13]/Q load_cells=11 lanes=2 cross_multiple_lanes=0
  gen_lane[2].i_p2_pop_slice/S[0] fanout=1 driver=gen_lane[3].i_p2_pop_slice/hsim_total_q[3]_i_13/O load_cells=1 lanes=2 cross_multiple_lanes=0
  gen_lane[2].i_p2_pop_slice/S[1] fanout=1 driver=gen_lane[0].i_p2_pop_slice/hsim_total_q[3]_i_12/O load_cells=1 lanes=2 cross_multiple_lanes=0
  gen_lane[2].i_p2_pop_slice/a_q_reg[14] fanout=2 driver=gen_lane[2].i_p2_pop_slice/uop_p0_q[is_last_class]_i_2/O load_cells=2 lanes=2 cross_multiple_lanes=0
  gen_lane[2].i_p2_pop_slice/a_q_reg[9] fanout=20 driver=gen_lane[2].i_p2_pop_slice/uop_p0_q[src0_addr][5]_i_6/O load_cells=20 lanes=2 cross_multiple_lanes=0
  gen_lane[2].i_p2_pop_slice/clk_i fanout=2848 driver= load_cells=2848 lanes=0,1,2,3 cross_multiple_lanes=1
  gen_lane[2].i_p2_pop_slice/hmatch_best_dist_q[10]_i_6_n_0 fanout=1 driver=gen_lane[2].i_p2_pop_slice/hmatch_best_dist_q[10]_i_6/O load_cells=1 lanes=2 cross_multiple_lanes=0
  gen_lane[2].i_p2_pop_slice/hmatch_best_dist_q[10]_i_7_n_0 fanout=1 driver=gen_lane[2].i_p2_pop_slice/hmatch_best_dist_q[10]_i_7/O load_cells=1 lanes=2 cross_multiple_lanes=0
  gen_lane[2].i_p2_pop_slice/hmatch_best_dist_q[10]_i_8_n_0 fanout=1 driver=gen_lane[2].i_p2_pop_slice/hmatch_best_dist_q[10]_i_8/O load_cells=1 lanes=2 cross_multiple_lanes=0
  gen_lane[2].i_p2_pop_slice/hmatch_best_dist_q_reg[0][0] fanout=78 driver=FSM_onehot_st_q_reg[1]/Q load_cells=78 lanes=2 cross_multiple_lanes=0
  gen_lane[2].i_p2_pop_slice/hmatch_best_dist_q_reg[0][1] fanout=112 driver=FSM_onehot_st_q_reg[4]/Q load_cells=112 lanes=2 cross_multiple_lanes=0
  gen_lane[2].i_p2_pop_slice/hmatch_best_dist_q_reg[0][2] fanout=89 driver=FSM_onehot_st_q_reg[6]/Q load_cells=89 lanes=0,1,2,3 cross_multiple_lanes=1
  gen_lane[2].i_p2_pop_slice/hmatch_best_dist_q_reg[0][3] fanout=45 driver=FSM_onehot_st_q_reg[9]/Q load_cells=45 lanes=2 cross_multiple_lanes=0
  gen_lane[2].i_p2_pop_slice/hmatch_best_dist_q_reg[0]_0[0] fanout=57 driver=op_q_reg[0]/Q load_cells=57 lanes=2 cross_multiple_lanes=0
  gen_lane[2].i_p2_pop_slice/hmatch_best_dist_q_reg[0]_0[1] fanout=53 driver=op_q_reg[1]/Q load_cells=53 lanes=2 cross_multiple_lanes=0
  gen_lane[2].i_p2_pop_slice/hmatch_best_dist_q_reg[0]_0[2] fanout=53 driver=op_q_reg[2]/Q load_cells=53 lanes=2 cross_multiple_lanes=0
  gen_lane[2].i_p2_pop_slice/hmatch_best_dist_q_reg[0]_0[3] fanout=47 driver=op_q_reg[3]/Q load_cells=47 lanes=2 cross_multiple_lanes=0
  gen_lane[2].i_p2_pop_slice/hmatch_best_dist_q_reg[0]_1[0] fanout=2 driver=uop_p0_q_reg[op_type][0]/Q load_cells=2 lanes=2 cross_multiple_lanes=0
  gen_lane[2].i_p2_pop_slice/hmatch_best_dist_q_reg[0]_1[1] fanout=2 driver=uop_p0_q_reg[op_type][1]/Q load_cells=2 lanes=2 cross_multiple_lanes=0
  gen_lane[2].i_p2_pop_slice/hmatch_best_dist_q_reg[0]_1[2] fanout=2 driver=uop_p0_q_reg[op_type][2]/Q load_cells=2 lanes=2 cross_multiple_lanes=0
  gen_lane[2].i_p2_pop_slice/hmatch_best_dist_q_reg[0]_2[0] fanout=2 driver=uop_p0_q_reg[chunk_idx][0]/Q load_cells=2 lanes=2 cross_multiple_lanes=0
  gen_lane[2].i_p2_pop_slice/hmatch_best_dist_q_reg[0]_2[1] fanout=2 driver=uop_p0_q_reg[chunk_idx][1]/Q load_cells=2 lanes=2 cross_multiple_lanes=0
  gen_lane[2].i_p2_pop_slice/hmatch_best_dist_q_reg[0]_3[0] fanout=15 driver=uop_p3_q_reg[class_idx][0]/Q load_cells=15 lanes=2 cross_multiple_lanes=0
  gen_lane[2].i_p2_pop_slice/hmatch_best_dist_q_reg[0]_3[1] fanout=14 driver=uop_p3_q_reg[class_idx][1]/Q load_cells=14 lanes=2 cross_multiple_lanes=0
  gen_lane[2].i_p2_pop_slice/hmatch_best_dist_q_reg[0]_3[2] fanout=13 driver=uop_p3_q_reg[class_idx][2]/Q load_cells=13 lanes=2 cross_multiple_lanes=0
  gen_lane[2].i_p2_pop_slice/hmatch_best_dist_q_reg[0]_3[3] fanout=11 driver=uop_p3_q_reg[class_idx][3]/Q load_cells=11 lanes=2 cross_multiple_lanes=0
  gen_lane[2].i_p2_pop_slice/hmatch_best_dist_q_reg[0]_3[4] fanout=9 driver=uop_p3_q_reg[class_idx][4]/Q load_cells=9 lanes=2 cross_multiple_lanes=0
  gen_lane[2].i_p2_pop_slice/hmatch_best_dist_q_reg[0]_3[5] fanout=8 driver=uop_p3_q_reg[class_idx][5]/Q load_cells=8 lanes=2 cross_multiple_lanes=0
  gen_lane[2].i_p2_pop_slice/hmatch_best_dist_q_reg[0]_3[6] fanout=8 driver=uop_p3_q_reg[class_idx][6]/Q load_cells=8 lanes=2 cross_multiple_lanes=0
  gen_lane[2].i_p2_pop_slice/hmatch_best_dist_q_reg[0]_3[7] fanout=6 driver=uop_p3_q_reg[class_idx][7]/Q load_cells=6 lanes=2 cross_multiple_lanes=0
  gen_lane[2].i_p2_pop_slice/hmatch_best_dist_q_reg[0]_4[0] fanout=2 driver=uop_p0_q_reg[class_idx][0]/Q load_cells=2 lanes=2 cross_multiple_lanes=0
  gen_lane[2].i_p2_pop_slice/hmatch_best_dist_q_reg[0]_4[1] fanout=2 driver=uop_p0_q_reg[class_idx][1]/Q load_cells=2 lanes=2 cross_multiple_lanes=0
  gen_lane[2].i_p2_pop_slice/hmatch_best_dist_q_reg[0]_4[2] fanout=2 driver=uop_p0_q_reg[class_idx][2]/Q load_cells=2 lanes=2 cross_multiple_lanes=0
  gen_lane[2].i_p2_pop_slice/hmatch_best_dist_q_reg[0]_4[3] fanout=2 driver=uop_p0_q_reg[class_idx][3]/Q load_cells=2 lanes=2 cross_multiple_lanes=0
  gen_lane[2].i_p2_pop_slice/hmatch_best_dist_q_reg[0]_4[4] fanout=2 driver=uop_p0_q_reg[class_idx][4]/Q load_cells=2 lanes=2 cross_multiple_lanes=0
  gen_lane[2].i_p2_pop_slice/hmatch_best_dist_q_reg[0]_4[5] fanout=2 driver=uop_p0_q_reg[class_idx][5]/Q load_cells=2 lanes=2 cross_multiple_lanes=0
  gen_lane[2].i_p2_pop_slice/hmatch_best_dist_q_reg[0]_4[6] fanout=2 driver=uop_p0_q_reg[class_idx][6]/Q load_cells=2 lanes=2 cross_multiple_lanes=0
  gen_lane[2].i_p2_pop_slice/hmatch_best_dist_q_reg[0]_4[7] fanout=2 driver=uop_p0_q_reg[class_idx][7]/Q load_cells=2 lanes=2 cross_multiple_lanes=0
  gen_lane[2].i_p2_pop_slice/hmatch_best_dist_q_reg[0]_5[0] fanout=3 driver=p4_arch_op_q_reg[0]/Q load_cells=3 lanes=2 cross_multiple_lanes=0
  gen_lane[2].i_p2_pop_slice/hmatch_best_dist_q_reg[0]_5[1] fanout=3 driver=p4_arch_op_q_reg[1]/Q load_cells=3 lanes=2 cross_multiple_lanes=0
  gen_lane[2].i_p2_pop_slice/hmatch_best_dist_q_reg[0]_5[2] fanout=3 driver=p4_arch_op_q_reg[2]/Q load_cells=3 lanes=2 cross_multiple_lanes=0
  gen_lane[2].i_p2_pop_slice/hmatch_best_dist_q_reg[0]_5[3] fanout=3 driver=p4_arch_op_q_reg[3]/Q load_cells=3 lanes=2 cross_multiple_lanes=0
  gen_lane[2].i_p2_pop_slice/hmatch_budget_diff[0] fanout=1 driver=gen_lane[2].i_p2_pop_slice/hmatch_budget_q_reg[3]_i_2/O[0] load_cells=1 lanes=2 cross_multiple_lanes=0
  gen_lane[2].i_p2_pop_slice/hmatch_budget_diff[10] fanout=1 driver=gen_lane[2].i_p2_pop_slice/hmatch_budget_q_reg[10]_i_4/O[2] load_cells=1 lanes=2 cross_multiple_lanes=0
  gen_lane[2].i_p2_pop_slice/hmatch_budget_diff[1] fanout=1 driver=gen_lane[2].i_p2_pop_slice/hmatch_budget_q_reg[3]_i_2/O[1] load_cells=1 lanes=2 cross_multiple_lanes=0
  gen_lane[2].i_p2_pop_slice/hmatch_budget_diff[2] fanout=1 driver=gen_lane[2].i_p2_pop_slice/hmatch_budget_q_reg[3]_i_2/O[2] load_cells=1 lanes=2 cross_multiple_lanes=0
  gen_lane[2].i_p2_pop_slice/hmatch_budget_diff[3] fanout=1 driver=gen_lane[2].i_p2_pop_slice/hmatch_budget_q_reg[3]_i_2/O[3] load_cells=1 lanes=2 cross_multiple_lanes=0
  gen_lane[2].i_p2_pop_slice/hmatch_budget_diff[4] fanout=1 driver=gen_lane[2].i_p2_pop_slice/hmatch_budget_q_reg[7]_i_2/O[0] load_cells=1 lanes=2 cross_multiple_lanes=0
  gen_lane[2].i_p2_pop_slice/hmatch_budget_diff[5] fanout=1 driver=gen_lane[2].i_p2_pop_slice/hmatch_budget_q_reg[7]_i_2/O[1] load_cells=1 lanes=2 cross_multiple_lanes=0
  gen_lane[2].i_p2_pop_slice/hmatch_budget_diff[6] fanout=1 driver=gen_lane[2].i_p2_pop_slice/hmatch_budget_q_reg[7]_i_2/O[2] load_cells=1 lanes=2 cross_multiple_lanes=0
  gen_lane[2].i_p2_pop_slice/hmatch_budget_diff[7] fanout=1 driver=gen_lane[2].i_p2_pop_slice/hmatch_budget_q_reg[7]_i_2/O[3] load_cells=1 lanes=2 cross_multiple_lanes=0
  gen_lane[2].i_p2_pop_slice/hmatch_budget_diff[8] fanout=1 driver=gen_lane[2].i_p2_pop_slice/hmatch_budget_q_reg[10]_i_4/O[0] load_cells=1 lanes=2 cross_multiple_lanes=0
  gen_lane[2].i_p2_pop_slice/hmatch_budget_diff[9] fanout=1 driver=gen_lane[2].i_p2_pop_slice/hmatch_budget_q_reg[10]_i_4/O[1] load_cells=1 lanes=2 cross_multiple_lanes=0
  gen_lane[2].i_p2_pop_slice/hmatch_budget_gt_group fanout=3 driver=gen_lane[2].i_p2_pop_slice/hmatch_budget_q_reg[10]_i_5/CO[1] load_cells=3 lanes=2 cross_multiple_lanes=0
  gen_lane[2].i_p2_pop_slice/hmatch_budget_q[0]_i_2_n_0 fanout=1 driver=gen_lane[2].i_p2_pop_slice/hmatch_budget_q[0]_i_2/O load_cells=1 lanes=2 cross_multiple_lanes=0
  gen_lane[2].i_p2_pop_slice/hmatch_budget_q[10]_i_10_n_0 fanout=1 driver=gen_lane[2].i_p2_pop_slice/hmatch_budget_q[10]_i_10/O load_cells=1 lanes=2 cross_multiple_lanes=0
  gen_lane[2].i_p2_pop_slice/hmatch_budget_q[10]_i_11_n_0 fanout=1 driver=gen_lane[2].i_p2_pop_slice/hmatch_budget_q[10]_i_11/O load_cells=1 lanes=2 cross_multiple_lanes=0
  gen_lane[2].i_p2_pop_slice/hmatch_budget_q[10]_i_12_n_0 fanout=1 driver=gen_lane[2].i_p2_pop_slice/hmatch_budget_q[10]_i_12/O load_cells=1 lanes=2 cross_multiple_lanes=0
  gen_lane[2].i_p2_pop_slice/hmatch_budget_q[10]_i_13_n_0 fanout=1 driver=gen_lane[2].i_p2_pop_slice/hmatch_budget_q[10]_i_13/O load_cells=1 lanes=2 cross_multiple_lanes=0
  gen_lane[2].i_p2_pop_slice/hmatch_budget_q[10]_i_14_n_0 fanout=1 driver=gen_lane[2].i_p2_pop_slice/hmatch_budget_q[10]_i_14/O load_cells=1 lanes=2 cross_multiple_lanes=0
  gen_lane[2].i_p2_pop_slice/hmatch_budget_q[10]_i_15_n_0 fanout=1 driver=gen_lane[2].i_p2_pop_slice/hmatch_budget_q[10]_i_15/O load_cells=1 lanes=2 cross_multiple_lanes=0
  gen_lane[2].i_p2_pop_slice/hmatch_budget_q[10]_i_16_n_0 fanout=1 driver=gen_lane[2].i_p2_pop_slice/hmatch_budget_q[10]_i_16/O load_cells=1 lanes=2 cross_multiple_lanes=0
  gen_lane[2].i_p2_pop_slice/hmatch_budget_q[10]_i_17_n_0 fanout=1 driver=gen_lane[2].i_p2_pop_slice/hmatch_budget_q[10]_i_17/O load_cells=1 lanes=2 cross_multiple_lanes=0
  gen_lane[2].i_p2_pop_slice/hmatch_budget_q[10]_i_18_n_0 fanout=1 driver=gen_lane[2].i_p2_pop_slice/hmatch_budget_q[10]_i_18/O load_cells=1 lanes=2 cross_multiple_lanes=0
  gen_lane[2].i_p2_pop_slice/hmatch_budget_q[10]_i_19_n_0 fanout=1 driver=gen_lane[2].i_p2_pop_slice/hmatch_budget_q[10]_i_19/O load_cells=1 lanes=2 cross_multiple_lanes=0
  gen_lane[2].i_p2_pop_slice/hmatch_budget_q[10]_i_20_n_0 fanout=1 driver=gen_lane[2].i_p2_pop_slice/hmatch_budget_q[10]_i_20/O load_cells=1 lanes=2 cross_multiple_lanes=0
  gen_lane[2].i_p2_pop_slice/hmatch_budget_q[10]_i_3_n_0 fanout=1 driver=gen_lane[2].i_p2_pop_slice/hmatch_budget_q[10]_i_3/O load_cells=1 lanes=2 cross_multiple_lanes=0
  gen_lane[2].i_p2_pop_slice/hmatch_budget_q[10]_i_6_n_0 fanout=1 driver=gen_lane[2].i_p2_pop_slice/hmatch_budget_q[10]_i_6/O load_cells=1 lanes=2 cross_multiple_lanes=0
  gen_lane[2].i_p2_pop_slice/hmatch_budget_q[10]_i_7_n_0 fanout=1 driver=gen_lane[2].i_p2_pop_slice/hmatch_budget_q[10]_i_7/O load_cells=1 lanes=2 cross_multiple_lanes=0
  gen_lane[2].i_p2_pop_slice/hmatch_budget_q[10]_i_8_n_0 fanout=1 driver=gen_lane[2].i_p2_pop_slice/hmatch_budget_q[10]_i_8/O load_cells=1 lanes=2 cross_multiple_lanes=0
  gen_lane[2].i_p2_pop_slice/hmatch_budget_q[3]_i_3_n_0 fanout=1 driver=gen_lane[2].i_p2_pop_slice/hmatch_budget_q[3]_i_3/O load_cells=1 lanes=2 cross_multiple_lanes=0
  gen_lane[2].i_p2_pop_slice/hmatch_budget_q[3]_i_4_n_0 fanout=1 driver=gen_lane[2].i_p2_pop_slice/hmatch_budget_q[3]_i_4/O load_cells=1 lanes=2 cross_multiple_lanes=0
  gen_lane[2].i_p2_pop_slice/hmatch_budget_q[3]_i_5_n_0 fanout=1 driver=gen_lane[2].i_p2_pop_slice/hmatch_budget_q[3]_i_5/O load_cells=1 lanes=2 cross_multiple_lanes=0
  gen_lane[2].i_p2_pop_slice/hmatch_budget_q[3]_i_6_n_0 fanout=1 driver=gen_lane[2].i_p2_pop_slice/hmatch_budget_q[3]_i_6/O load_cells=1 lanes=2 cross_multiple_lanes=0
  gen_lane[2].i_p2_pop_slice/hmatch_budget_q[7]_i_3_n_0 fanout=1 driver=gen_lane[2].i_p2_pop_slice/hmatch_budget_q[7]_i_3/O load_cells=1 lanes=2 cross_multiple_lanes=0
  gen_lane[2].i_p2_pop_slice/hmatch_budget_q[7]_i_4_n_0 fanout=1 driver=gen_lane[2].i_p2_pop_slice/hmatch_budget_q[7]_i_4/O load_cells=1 lanes=2 cross_multiple_lanes=0
  gen_lane[2].i_p2_pop_slice/hmatch_budget_q[7]_i_5_n_0 fanout=1 driver=gen_lane[2].i_p2_pop_slice/hmatch_budget_q[7]_i_5/O load_cells=1 lanes=2 cross_multiple_lanes=0
  gen_lane[2].i_p2_pop_slice/hmatch_budget_q[7]_i_6_n_0 fanout=1 driver=gen_lane[2].i_p2_pop_slice/hmatch_budget_q[7]_i_6/O load_cells=1 lanes=2 cross_multiple_lanes=0
  gen_lane[2].i_p2_pop_slice/hmatch_budget_q_reg[0][0] fanout=4 driver=hmatch_budget_q_reg[0]/Q load_cells=4 lanes=2 cross_multiple_lanes=0
  gen_lane[2].i_p2_pop_slice/hmatch_budget_q_reg[0][10] fanout=3 driver=hmatch_budget_q_reg[10]/Q load_cells=3 lanes=2 cross_multiple_lanes=0
  gen_lane[2].i_p2_pop_slice/hmatch_budget_q_reg[0][1] fanout=4 driver=hmatch_budget_q_reg[1]/Q load_cells=4 lanes=2 cross_multiple_lanes=0
  gen_lane[2].i_p2_pop_slice/hmatch_budget_q_reg[0][2] fanout=4 driver=hmatch_budget_q_reg[2]/Q load_cells=4 lanes=2 cross_multiple_lanes=0
  gen_lane[2].i_p2_pop_slice/hmatch_budget_q_reg[0][3] fanout=4 driver=hmatch_budget_q_reg[3]/Q load_cells=4 lanes=2 cross_multiple_lanes=0
  gen_lane[2].i_p2_pop_slice/hmatch_budget_q_reg[0][4] fanout=4 driver=hmatch_budget_q_reg[4]/Q load_cells=4 lanes=2 cross_multiple_lanes=0
  gen_lane[2].i_p2_pop_slice/hmatch_budget_q_reg[0][5] fanout=4 driver=hmatch_budget_q_reg[5]/Q load_cells=4 lanes=2 cross_multiple_lanes=0
  gen_lane[2].i_p2_pop_slice/hmatch_budget_q_reg[0][6] fanout=4 driver=hmatch_budget_q_reg[6]/Q load_cells=4 lanes=2 cross_multiple_lanes=0
  gen_lane[2].i_p2_pop_slice/hmatch_budget_q_reg[0][7] fanout=4 driver=hmatch_budget_q_reg[7]/Q load_cells=4 lanes=2 cross_multiple_lanes=0
  gen_lane[2].i_p2_pop_slice/hmatch_budget_q_reg[0][8] fanout=4 driver=hmatch_budget_q_reg[8]/Q load_cells=4 lanes=2 cross_multiple_lanes=0
  gen_lane[2].i_p2_pop_slice/hmatch_budget_q_reg[0][9] fanout=4 driver=hmatch_budget_q_reg[9]/Q load_cells=4 lanes=2 cross_multiple_lanes=0
  gen_lane[2].i_p2_pop_slice/hmatch_budget_q_reg[10][0] fanout=3 driver=hmatch_best_dist_q_reg[0]/Q load_cells=3 lanes=2 cross_multiple_lanes=0
  gen_lane[2].i_p2_pop_slice/hmatch_budget_q_reg[10][10] fanout=3 driver=hmatch_best_dist_q_reg[10]/Q load_cells=3 lanes=2 cross_multiple_lanes=0
  gen_lane[2].i_p2_pop_slice/hmatch_budget_q_reg[10][1] fanout=3 driver=hmatch_best_dist_q_reg[1]/Q load_cells=3 lanes=2 cross_multiple_lanes=0
  gen_lane[2].i_p2_pop_slice/hmatch_budget_q_reg[10][2] fanout=3 driver=hmatch_best_dist_q_reg[2]/Q load_cells=3 lanes=2 cross_multiple_lanes=0
  gen_lane[2].i_p2_pop_slice/hmatch_budget_q_reg[10][3] fanout=3 driver=hmatch_best_dist_q_reg[3]/Q load_cells=3 lanes=2 cross_multiple_lanes=0
  gen_lane[2].i_p2_pop_slice/hmatch_budget_q_reg[10][4] fanout=3 driver=hmatch_best_dist_q_reg[4]/Q load_cells=3 lanes=2 cross_multiple_lanes=0
  gen_lane[2].i_p2_pop_slice/hmatch_budget_q_reg[10][5] fanout=3 driver=hmatch_best_dist_q_reg[5]/Q load_cells=3 lanes=2 cross_multiple_lanes=0
  gen_lane[2].i_p2_pop_slice/hmatch_budget_q_reg[10][6] fanout=3 driver=hmatch_best_dist_q_reg[6]/Q load_cells=3 lanes=2 cross_multiple_lanes=0
  gen_lane[2].i_p2_pop_slice/hmatch_budget_q_reg[10][7] fanout=3 driver=hmatch_best_dist_q_reg[7]/Q load_cells=3 lanes=2 cross_multiple_lanes=0
  gen_lane[2].i_p2_pop_slice/hmatch_budget_q_reg[10][8] fanout=3 driver=hmatch_best_dist_q_reg[8]/Q load_cells=3 lanes=2 cross_multiple_lanes=0
  gen_lane[2].i_p2_pop_slice/hmatch_budget_q_reg[10][9] fanout=3 driver=hmatch_best_dist_q_reg[9]/Q load_cells=3 lanes=2 cross_multiple_lanes=0
  gen_lane[2].i_p2_pop_slice/hmatch_budget_q_reg[10]_i_4_n_2 fanout=0 driver=gen_lane[2].i_p2_pop_slice/hmatch_budget_q_reg[10]_i_4/CO[1] load_cells=0 lanes= cross_multiple_lanes=0
  gen_lane[2].i_p2_pop_slice/hmatch_budget_q_reg[10]_i_4_n_3 fanout=0 driver=gen_lane[2].i_p2_pop_slice/hmatch_budget_q_reg[10]_i_4/CO[0] load_cells=0 lanes= cross_multiple_lanes=0
  gen_lane[2].i_p2_pop_slice/hmatch_budget_q_reg[10]_i_5_n_3 fanout=0 driver=gen_lane[2].i_p2_pop_slice/hmatch_budget_q_reg[10]_i_5/CO[0] load_cells=0 lanes= cross_multiple_lanes=0
  gen_lane[2].i_p2_pop_slice/hmatch_budget_q_reg[10]_i_9_n_0 fanout=1 driver=gen_lane[2].i_p2_pop_slice/hmatch_budget_q_reg[10]_i_9/CO[3] load_cells=1 lanes=2 cross_multiple_lanes=0
  gen_lane[2].i_p2_pop_slice/hmatch_budget_q_reg[10]_i_9_n_1 fanout=0 driver=gen_lane[2].i_p2_pop_slice/hmatch_budget_q_reg[10]_i_9/CO[2] load_cells=0 lanes= cross_multiple_lanes=0
  gen_lane[2].i_p2_pop_slice/hmatch_budget_q_reg[10]_i_9_n_2 fanout=0 driver=gen_lane[2].i_p2_pop_slice/hmatch_budget_q_reg[10]_i_9/CO[1] load_cells=0 lanes= cross_multiple_lanes=0
  gen_lane[2].i_p2_pop_slice/hmatch_budget_q_reg[10]_i_9_n_3 fanout=0 driver=gen_lane[2].i_p2_pop_slice/hmatch_budget_q_reg[10]_i_9/CO[0] load_cells=0 lanes= cross_multiple_lanes=0
  gen_lane[2].i_p2_pop_slice/hmatch_budget_q_reg[3]_i_2_n_0 fanout=1 driver=gen_lane[2].i_p2_pop_slice/hmatch_budget_q_reg[3]_i_2/CO[3] load_cells=1 lanes=2 cross_multiple_lanes=0
  gen_lane[2].i_p2_pop_slice/hmatch_budget_q_reg[3]_i_2_n_1 fanout=0 driver=gen_lane[2].i_p2_pop_slice/hmatch_budget_q_reg[3]_i_2/CO[2] load_cells=0 lanes= cross_multiple_lanes=0
  gen_lane[2].i_p2_pop_slice/hmatch_budget_q_reg[3]_i_2_n_2 fanout=0 driver=gen_lane[2].i_p2_pop_slice/hmatch_budget_q_reg[3]_i_2/CO[1] load_cells=0 lanes= cross_multiple_lanes=0
  gen_lane[2].i_p2_pop_slice/hmatch_budget_q_reg[3]_i_2_n_3 fanout=0 driver=gen_lane[2].i_p2_pop_slice/hmatch_budget_q_reg[3]_i_2/CO[0] load_cells=0 lanes= cross_multiple_lanes=0
  gen_lane[2].i_p2_pop_slice/hmatch_budget_q_reg[7]_i_2_n_0 fanout=1 driver=gen_lane[2].i_p2_pop_slice/hmatch_budget_q_reg[7]_i_2/CO[3] load_cells=1 lanes=2 cross_multiple_lanes=0
  gen_lane[2].i_p2_pop_slice/hmatch_budget_q_reg[7]_i_2_n_1 fanout=0 driver=gen_lane[2].i_p2_pop_slice/hmatch_budget_q_reg[7]_i_2/CO[2] load_cells=0 lanes= cross_multiple_lanes=0
  gen_lane[2].i_p2_pop_slice/hmatch_budget_q_reg[7]_i_2_n_2 fanout=0 driver=gen_lane[2].i_p2_pop_slice/hmatch_budget_q_reg[7]_i_2/CO[1] load_cells=0 lanes= cross_multiple_lanes=0
  gen_lane[2].i_p2_pop_slice/hmatch_budget_q_reg[7]_i_2_n_3 fanout=0 driver=gen_lane[2].i_p2_pop_slice/hmatch_budget_q_reg[7]_i_2/CO[0] load_cells=0 lanes= cross_multiple_lanes=0
  gen_lane[2].i_p2_pop_slice/hmatch_update_n fanout=10 driver=gen_lane[2].i_p2_pop_slice/hmatch_budget_q[9]_i_2/O load_cells=10 lanes=2 cross_multiple_lanes=0
  gen_lane[2].i_p2_pop_slice/hmatch_update_q fanout=43 driver=hmatch_update_q_reg/Q load_cells=43 lanes=2 cross_multiple_lanes=0
  gen_lane[2].i_p2_pop_slice/hmatch_update_q_i_2_n_0 fanout=1 driver=gen_lane[2].i_p2_pop_slice/hmatch_update_q_i_2/O load_cells=1 lanes=2 cross_multiple_lanes=0
  gen_lane[2].i_p2_pop_slice/hmatch_update_q_reg[0] fanout=27 driver=uop_p3_q_reg[op_type][0]/Q load_cells=27 lanes=2 cross_multiple_lanes=0
  gen_lane[2].i_p2_pop_slice/hmatch_update_q_reg[1] fanout=70 driver=uop_p3_q_reg[op_type][1]/Q load_cells=70 lanes=2 cross_multiple_lanes=0
  gen_lane[2].i_p2_pop_slice/hmatch_update_q_reg[2] fanout=67 driver=uop_p3_q_reg[op_type][2]/Q load_cells=67 lanes=2 cross_multiple_lanes=0
  gen_lane[2].i_p2_pop_slice/hmatch_update_q_reg_0[0] fanout=44 driver=uop_p3_q_reg[chunk_idx][0]/Q load_cells=44 lanes=2 cross_multiple_lanes=0
  gen_lane[2].i_p2_pop_slice/hmatch_update_q_reg_0[1] fanout=39 driver=uop_p3_q_reg[chunk_idx][1]/Q load_cells=39 lanes=2 cross_multiple_lanes=0
  gen_lane[2].i_p2_pop_slice/hsim_total_q[10]_i_6_n_0 fanout=1 driver=gen_lane[2].i_p2_pop_slice/hsim_total_q[10]_i_6/O load_cells=1 lanes=2 cross_multiple_lanes=0
  gen_lane[2].i_p2_pop_slice/hsim_total_q[3]_i_11_n_0 fanout=1 driver=gen_lane[2].i_p2_pop_slice/hsim_total_q[3]_i_11/O load_cells=1 lanes=2 cross_multiple_lanes=0
  gen_lane[2].i_p2_pop_slice/hsim_total_q[3]_i_14_n_0 fanout=1 driver=gen_lane[2].i_p2_pop_slice/hsim_total_q[3]_i_14/O load_cells=1 lanes=2 cross_multiple_lanes=0
  gen_lane[2].i_p2_pop_slice/hsim_total_q[3]_i_3_n_0 fanout=1 driver=gen_lane[2].i_p2_pop_slice/hsim_total_q[3]_i_3/O load_cells=1 lanes=2 cross_multiple_lanes=0
  gen_lane[2].i_p2_pop_slice/hsim_total_q[3]_i_4_n_0 fanout=1 driver=gen_lane[2].i_p2_pop_slice/hsim_total_q[3]_i_4/O load_cells=1 lanes=2 cross_multiple_lanes=0
  gen_lane[2].i_p2_pop_slice/hsim_total_q[3]_i_5_n_0 fanout=1 driver=gen_lane[2].i_p2_pop_slice/hsim_total_q[3]_i_5/O load_cells=1 lanes=2 cross_multiple_lanes=0
  gen_lane[2].i_p2_pop_slice/hsim_total_q[3]_i_6_n_0 fanout=1 driver=gen_lane[2].i_p2_pop_slice/hsim_total_q[3]_i_6/O load_cells=1 lanes=2 cross_multiple_lanes=0
  gen_lane[2].i_p2_pop_slice/hsim_total_q[3]_i_8_n_0 fanout=2 driver=gen_lane[2].i_p2_pop_slice/hsim_total_q[3]_i_8/O load_cells=2 lanes=2 cross_multiple_lanes=0
  gen_lane[2].i_p2_pop_slice/hsim_total_q[3]_i_9_n_0 fanout=1 driver=gen_lane[2].i_p2_pop_slice/hsim_total_q[3]_i_9/O load_cells=1 lanes=2 cross_multiple_lanes=0
  gen_lane[2].i_p2_pop_slice/hsim_total_q[7]_i_10_n_0 fanout=2 driver=gen_lane[2].i_p2_pop_slice/hsim_total_q[7]_i_10/O load_cells=2 lanes=2 cross_multiple_lanes=0
  gen_lane[2].i_p2_pop_slice/hsim_total_q[7]_i_11_n_0 fanout=2 driver=gen_lane[2].i_p2_pop_slice/hsim_total_q[7]_i_11/O load_cells=2 lanes=2 cross_multiple_lanes=0
  gen_lane[2].i_p2_pop_slice/hsim_total_q[7]_i_12_n_0 fanout=1 driver=gen_lane[2].i_p2_pop_slice/hsim_total_q[7]_i_12/O load_cells=1 lanes=2 cross_multiple_lanes=0
  gen_lane[2].i_p2_pop_slice/hsim_total_q[7]_i_13_n_0 fanout=1 driver=gen_lane[2].i_p2_pop_slice/hsim_total_q[7]_i_13/O load_cells=1 lanes=2 cross_multiple_lanes=0
  gen_lane[2].i_p2_pop_slice/hsim_total_q[7]_i_14_n_0 fanout=1 driver=gen_lane[2].i_p2_pop_slice/hsim_total_q[7]_i_14/O load_cells=1 lanes=2 cross_multiple_lanes=0
  gen_lane[2].i_p2_pop_slice/hsim_total_q[7]_i_15_n_0 fanout=1 driver=gen_lane[2].i_p2_pop_slice/hsim_total_q[7]_i_15/O load_cells=1 lanes=2 cross_multiple_lanes=0
  gen_lane[2].i_p2_pop_slice/hsim_total_q[7]_i_17_n_0 fanout=2 driver=gen_lane[2].i_p2_pop_slice/hsim_total_q[7]_i_17/O load_cells=2 lanes=2 cross_multiple_lanes=0
  gen_lane[2].i_p2_pop_slice/hsim_total_q[7]_i_18_n_0 fanout=2 driver=gen_lane[2].i_p2_pop_slice/hsim_total_q[7]_i_18/O load_cells=2 lanes=2 cross_multiple_lanes=0
  gen_lane[2].i_p2_pop_slice/hsim_total_q[7]_i_19_n_0 fanout=2 driver=gen_lane[2].i_p2_pop_slice/hsim_total_q[7]_i_19/O load_cells=2 lanes=2 cross_multiple_lanes=0
  gen_lane[2].i_p2_pop_slice/hsim_total_q[7]_i_20_n_0 fanout=1 driver=gen_lane[2].i_p2_pop_slice/hsim_total_q[7]_i_20/O load_cells=1 lanes=2 cross_multiple_lanes=0
  gen_lane[2].i_p2_pop_slice/hsim_total_q[7]_i_3_n_0 fanout=1 driver=gen_lane[2].i_p2_pop_slice/hsim_total_q[7]_i_3/O load_cells=1 lanes=2 cross_multiple_lanes=0
  gen_lane[2].i_p2_pop_slice/hsim_total_q[7]_i_4_n_0 fanout=1 driver=gen_lane[2].i_p2_pop_slice/hsim_total_q[7]_i_4/O load_cells=1 lanes=2 cross_multiple_lanes=0
  gen_lane[2].i_p2_pop_slice/hsim_total_q[7]_i_5_n_0 fanout=1 driver=gen_lane[2].i_p2_pop_slice/hsim_total_q[7]_i_5/O load_cells=1 lanes=2 cross_multiple_lanes=0
  gen_lane[2].i_p2_pop_slice/hsim_total_q[7]_i_6_0[0] fanout=1 driver=gen_lane[3].i_p2_pop_slice/hsim_total_q[7]_i_8/O load_cells=1 lanes=2 cross_multiple_lanes=0
  gen_lane[2].i_p2_pop_slice/hsim_total_q[7]_i_6_n_0 fanout=1 driver=gen_lane[2].i_p2_pop_slice/hsim_total_q[7]_i_6/O load_cells=1 lanes=2 cross_multiple_lanes=0
  gen_lane[2].i_p2_pop_slice/hsim_total_q[7]_i_9_n_0 fanout=2 driver=gen_lane[2].i_p2_pop_slice/hsim_total_q[7]_i_9/O load_cells=2 lanes=2 cross_multiple_lanes=0
  gen_lane[2].i_p2_pop_slice/hsim_total_q_reg[10][0] fanout=5 driver=hsim_total_q_reg[0]/Q load_cells=5 lanes=2 cross_multiple_lanes=0
  gen_lane[2].i_p2_pop_slice/hsim_total_q_reg[10][10] fanout=4 driver=hsim_total_q_reg[10]/Q load_cells=4 lanes=2 cross_multiple_lanes=0
  gen_lane[2].i_p2_pop_slice/hsim_total_q_reg[10][1] fanout=5 driver=hsim_total_q_reg[1]/Q load_cells=5 lanes=2 cross_multiple_lanes=0
  gen_lane[2].i_p2_pop_slice/hsim_total_q_reg[10][2] fanout=5 driver=hsim_total_q_reg[2]/Q load_cells=5 lanes=2 cross_multiple_lanes=0
  gen_lane[2].i_p2_pop_slice/hsim_total_q_reg[10][3] fanout=5 driver=hsim_total_q_reg[3]/Q load_cells=5 lanes=2 cross_multiple_lanes=0
  gen_lane[2].i_p2_pop_slice/hsim_total_q_reg[10][4] fanout=5 driver=hsim_total_q_reg[4]/Q load_cells=5 lanes=2 cross_multiple_lanes=0
  gen_lane[2].i_p2_pop_slice/hsim_total_q_reg[10][5] fanout=5 driver=hsim_total_q_reg[5]/Q load_cells=5 lanes=2 cross_multiple_lanes=0
  gen_lane[2].i_p2_pop_slice/hsim_total_q_reg[10][6] fanout=5 driver=hsim_total_q_reg[6]/Q load_cells=5 lanes=2 cross_multiple_lanes=0
  gen_lane[2].i_p2_pop_slice/hsim_total_q_reg[10][7] fanout=5 driver=hsim_total_q_reg[7]/Q load_cells=5 lanes=2 cross_multiple_lanes=0
  gen_lane[2].i_p2_pop_slice/hsim_total_q_reg[10][8] fanout=5 driver=hsim_total_q_reg[8]/Q load_cells=5 lanes=2 cross_multiple_lanes=0
  gen_lane[2].i_p2_pop_slice/hsim_total_q_reg[10][9] fanout=4 driver=hsim_total_q_reg[9]/Q load_cells=4 lanes=2 cross_multiple_lanes=0
  gen_lane[2].i_p2_pop_slice/hsim_total_q_reg[10]_0 fanout=38 driver=FSM_onehot_st_q_reg[7]_rep/Q load_cells=38 lanes=2 cross_multiple_lanes=0
  gen_lane[2].i_p2_pop_slice/hsim_total_q_reg[10]_i_5_n_2 fanout=0 driver=gen_lane[2].i_p2_pop_slice/hsim_total_q_reg[10]_i_5/CO[1] load_cells=0 lanes= cross_multiple_lanes=0
  gen_lane[2].i_p2_pop_slice/hsim_total_q_reg[10]_i_5_n_3 fanout=0 driver=gen_lane[2].i_p2_pop_slice/hsim_total_q_reg[10]_i_5/CO[0] load_cells=0 lanes= cross_multiple_lanes=0
  gen_lane[2].i_p2_pop_slice/hsim_total_q_reg[10]_i_7_n_3 fanout=4 driver=gen_lane[2].i_p2_pop_slice/hsim_total_q_reg[10]_i_7/CO[0] load_cells=4 lanes=2 cross_multiple_lanes=0
  gen_lane[2].i_p2_pop_slice/hsim_total_q_reg[3]_i_2_n_0 fanout=1 driver=gen_lane[2].i_p2_pop_slice/hsim_total_q_reg[3]_i_2/CO[3] load_cells=1 lanes=2 cross_multiple_lanes=0
  gen_lane[2].i_p2_pop_slice/hsim_total_q_reg[3]_i_2_n_1 fanout=0 driver=gen_lane[2].i_p2_pop_slice/hsim_total_q_reg[3]_i_2/CO[2] load_cells=0 lanes= cross_multiple_lanes=0
  gen_lane[2].i_p2_pop_slice/hsim_total_q_reg[3]_i_2_n_2 fanout=0 driver=gen_lane[2].i_p2_pop_slice/hsim_total_q_reg[3]_i_2/CO[1] load_cells=0 lanes= cross_multiple_lanes=0
  gen_lane[2].i_p2_pop_slice/hsim_total_q_reg[3]_i_2_n_3 fanout=0 driver=gen_lane[2].i_p2_pop_slice/hsim_total_q_reg[3]_i_2/CO[0] load_cells=0 lanes= cross_multiple_lanes=0
  gen_lane[2].i_p2_pop_slice/hsim_total_q_reg[3]_i_7_n_0 fanout=1 driver=gen_lane[2].i_p2_pop_slice/hsim_total_q_reg[3]_i_7/CO[3] load_cells=1 lanes=2 cross_multiple_lanes=0
  gen_lane[2].i_p2_pop_slice/hsim_total_q_reg[3]_i_7_n_1 fanout=0 driver=gen_lane[2].i_p2_pop_slice/hsim_total_q_reg[3]_i_7/CO[2] load_cells=0 lanes= cross_multiple_lanes=0
  gen_lane[2].i_p2_pop_slice/hsim_total_q_reg[3]_i_7_n_2 fanout=0 driver=gen_lane[2].i_p2_pop_slice/hsim_total_q_reg[3]_i_7/CO[1] load_cells=0 lanes= cross_multiple_lanes=0
  gen_lane[2].i_p2_pop_slice/hsim_total_q_reg[3]_i_7_n_3 fanout=0 driver=gen_lane[2].i_p2_pop_slice/hsim_total_q_reg[3]_i_7/CO[0] load_cells=0 lanes= cross_multiple_lanes=0
  gen_lane[2].i_p2_pop_slice/hsim_total_q_reg[3]_i_7_n_4 fanout=4 driver=gen_lane[2].i_p2_pop_slice/hsim_total_q_reg[3]_i_7/O[3] load_cells=4 lanes=2 cross_multiple_lanes=0
  gen_lane[2].i_p2_pop_slice/hsim_total_q_reg[3]_i_7_n_5 fanout=4 driver=gen_lane[2].i_p2_pop_slice/hsim_total_q_reg[3]_i_7/O[2] load_cells=4 lanes=2 cross_multiple_lanes=0
  gen_lane[2].i_p2_pop_slice/hsim_total_q_reg[3]_i_7_n_6 fanout=4 driver=gen_lane[2].i_p2_pop_slice/hsim_total_q_reg[3]_i_7/O[1] load_cells=4 lanes=2 cross_multiple_lanes=0
  gen_lane[2].i_p2_pop_slice/hsim_total_q_reg[3]_i_7_n_7 fanout=4 driver=gen_lane[2].i_p2_pop_slice/hsim_total_q_reg[3]_i_7/O[0] load_cells=4 lanes=2 cross_multiple_lanes=0
  gen_lane[2].i_p2_pop_slice/hsim_total_q_reg[7]_i_2_n_0 fanout=1 driver=gen_lane[2].i_p2_pop_slice/hsim_total_q_reg[7]_i_2/CO[3] load_cells=1 lanes=2 cross_multiple_lanes=0
  gen_lane[2].i_p2_pop_slice/hsim_total_q_reg[7]_i_2_n_1 fanout=0 driver=gen_lane[2].i_p2_pop_slice/hsim_total_q_reg[7]_i_2/CO[2] load_cells=0 lanes= cross_multiple_lanes=0
  gen_lane[2].i_p2_pop_slice/hsim_total_q_reg[7]_i_2_n_2 fanout=0 driver=gen_lane[2].i_p2_pop_slice/hsim_total_q_reg[7]_i_2/CO[1] load_cells=0 lanes= cross_multiple_lanes=0
  gen_lane[2].i_p2_pop_slice/hsim_total_q_reg[7]_i_2_n_3 fanout=0 driver=gen_lane[2].i_p2_pop_slice/hsim_total_q_reg[7]_i_2/CO[0] load_cells=0 lanes= cross_multiple_lanes=0
  gen_lane[2].i_p2_pop_slice/hsim_total_q_reg[7]_i_7_0[0] fanout=2 driver=gen_lane[3].i_p2_pop_slice/popcount_q_o_reg[0]/Q load_cells=2 lanes=2,3 cross_multiple_lanes=1
  gen_lane[2].i_p2_pop_slice/hsim_total_q_reg[7]_i_7_0[1] fanout=4 driver=gen_lane[3].i_p2_pop_slice/popcount_q_o_reg[1]/Q load_cells=4 lanes=0,2,3 cross_multiple_lanes=1
  gen_lane[2].i_p2_pop_slice/hsim_total_q_reg[7]_i_7_0[2] fanout=3 driver=gen_lane[3].i_p2_pop_slice/popcount_q_o_reg[2]/Q load_cells=3 lanes=2 cross_multiple_lanes=0
  gen_lane[2].i_p2_pop_slice/hsim_total_q_reg[7]_i_7_0[3] fanout=3 driver=gen_lane[3].i_p2_pop_slice/popcount_q_o_reg[3]/Q load_cells=3 lanes=2 cross_multiple_lanes=0
  gen_lane[2].i_p2_pop_slice/hsim_total_q_reg[7]_i_7_0[4] fanout=3 driver=gen_lane[3].i_p2_pop_slice/popcount_q_o_reg[4]/Q load_cells=3 lanes=2 cross_multiple_lanes=0
  gen_lane[2].i_p2_pop_slice/hsim_total_q_reg[7]_i_7_0[5] fanout=4 driver=gen_lane[3].i_p2_pop_slice/popcount_q_o_reg[5]/Q load_cells=4 lanes=2,3 cross_multiple_lanes=1
  gen_lane[2].i_p2_pop_slice/hsim_total_q_reg[7]_i_7_0[6] fanout=2 driver=gen_lane[3].i_p2_pop_slice/popcount_q_o_reg[6]/Q load_cells=2 lanes=2,3 cross_multiple_lanes=1
  gen_lane[2].i_p2_pop_slice/hsim_total_q_reg[7]_i_7_1[0] fanout=2 driver=gen_lane[1].i_p2_pop_slice/popcount_q_o_reg[0]/Q load_cells=2 lanes=2,3 cross_multiple_lanes=1
  gen_lane[2].i_p2_pop_slice/hsim_total_q_reg[7]_i_7_1[1] fanout=4 driver=gen_lane[1].i_p2_pop_slice/popcount_q_o_reg[1]/Q load_cells=4 lanes=0,2,3 cross_multiple_lanes=1
  gen_lane[2].i_p2_pop_slice/hsim_total_q_reg[7]_i_7_1[2] fanout=3 driver=gen_lane[1].i_p2_pop_slice/popcount_q_o_reg[2]/Q load_cells=3 lanes=2 cross_multiple_lanes=0
  gen_lane[2].i_p2_pop_slice/hsim_total_q_reg[7]_i_7_1[3] fanout=3 driver=gen_lane[1].i_p2_pop_slice/popcount_q_o_reg[3]/Q load_cells=3 lanes=2 cross_multiple_lanes=0
  gen_lane[2].i_p2_pop_slice/hsim_total_q_reg[7]_i_7_1[4] fanout=3 driver=gen_lane[1].i_p2_pop_slice/popcount_q_o_reg[4]/Q load_cells=3 lanes=2 cross_multiple_lanes=0
  gen_lane[2].i_p2_pop_slice/hsim_total_q_reg[7]_i_7_1[5] fanout=4 driver=gen_lane[1].i_p2_pop_slice/popcount_q_o_reg[5]/Q load_cells=4 lanes=2,3 cross_multiple_lanes=1
  gen_lane[2].i_p2_pop_slice/hsim_total_q_reg[7]_i_7_1[6] fanout=2 driver=gen_lane[1].i_p2_pop_slice/popcount_q_o_reg[6]/Q load_cells=2 lanes=2,3 cross_multiple_lanes=1
  gen_lane[2].i_p2_pop_slice/hsim_total_q_reg[7]_i_7_2[0] fanout=3 driver=gen_lane[0].i_p2_pop_slice/popcount_q_o_reg[2]/Q load_cells=3 lanes=0,2 cross_multiple_lanes=1
  gen_lane[2].i_p2_pop_slice/hsim_total_q_reg[7]_i_7_2[1] fanout=2 driver=gen_lane[0].i_p2_pop_slice/popcount_q_o_reg[3]/Q load_cells=2 lanes=2 cross_multiple_lanes=0
  gen_lane[2].i_p2_pop_slice/hsim_total_q_reg[7]_i_7_2[2] fanout=2 driver=gen_lane[0].i_p2_pop_slice/popcount_q_o_reg[4]/Q load_cells=2 lanes=2 cross_multiple_lanes=0
  gen_lane[2].i_p2_pop_slice/hsim_total_q_reg[7]_i_7_2[3] fanout=2 driver=gen_lane[0].i_p2_pop_slice/popcount_q_o_reg[5]/Q load_cells=2 lanes=2 cross_multiple_lanes=0
  gen_lane[2].i_p2_pop_slice/hsim_total_q_reg[7]_i_7_2[4] fanout=3 driver=gen_lane[0].i_p2_pop_slice/popcount_q_o_reg[6]/Q load_cells=3 lanes=2,3 cross_multiple_lanes=1
  gen_lane[2].i_p2_pop_slice/hsim_total_q_reg[7]_i_7_3 fanout=2 driver=gen_lane[3].i_p2_pop_slice/hsim_total_q[7]_i_16/O load_cells=2 lanes=2,3 cross_multiple_lanes=1
  gen_lane[2].i_p2_pop_slice/hsim_total_q_reg[7]_i_7_n_0 fanout=1 driver=gen_lane[2].i_p2_pop_slice/hsim_total_q_reg[7]_i_7/CO[3] load_cells=1 lanes=2 cross_multiple_lanes=0
  gen_lane[2].i_p2_pop_slice/hsim_total_q_reg[7]_i_7_n_1 fanout=0 driver=gen_lane[2].i_p2_pop_slice/hsim_total_q_reg[7]_i_7/CO[2] load_cells=0 lanes= cross_multiple_lanes=0
  gen_lane[2].i_p2_pop_slice/hsim_total_q_reg[7]_i_7_n_2 fanout=0 driver=gen_lane[2].i_p2_pop_slice/hsim_total_q_reg[7]_i_7/CO[1] load_cells=0 lanes= cross_multiple_lanes=0
  gen_lane[2].i_p2_pop_slice/hsim_total_q_reg[7]_i_7_n_3 fanout=0 driver=gen_lane[2].i_p2_pop_slice/hsim_total_q_reg[7]_i_7/CO[0] load_cells=0 lanes= cross_multiple_lanes=0
  gen_lane[2].i_p2_pop_slice/hsim_total_q_reg[7]_i_7_n_4 fanout=4 driver=gen_lane[2].i_p2_pop_slice/hsim_total_q_reg[7]_i_7/O[3] load_cells=4 lanes=2 cross_multiple_lanes=0
  gen_lane[2].i_p2_pop_slice/hsim_total_q_reg[7]_i_7_n_5 fanout=4 driver=gen_lane[2].i_p2_pop_slice/hsim_total_q_reg[7]_i_7/O[2] load_cells=4 lanes=2 cross_multiple_lanes=0
  gen_lane[2].i_p2_pop_slice/hsim_total_q_reg[7]_i_7_n_6 fanout=4 driver=gen_lane[2].i_p2_pop_slice/hsim_total_q_reg[7]_i_7/O[1] load_cells=4 lanes=2 cross_multiple_lanes=0
  gen_lane[2].i_p2_pop_slice/hsim_total_q_reg[7]_i_7_n_7 fanout=4 driver=gen_lane[2].i_p2_pop_slice/hsim_total_q_reg[7]_i_7/O[0] load_cells=4 lanes=2 cross_multiple_lanes=0
  gen_lane[2].i_p2_pop_slice/in147[0] fanout=1 driver=gen_lane[2].i_p2_pop_slice/hsim_total_q_reg[3]_i_2/O[0] load_cells=1 lanes=2 cross_multiple_lanes=0
  gen_lane[2].i_p2_pop_slice/in147[10] fanout=1 driver=gen_lane[2].i_p2_pop_slice/hsim_total_q_reg[10]_i_5/O[2] load_cells=1 lanes=2 cross_multiple_lanes=0
  gen_lane[2].i_p2_pop_slice/in147[1] fanout=1 driver=gen_lane[2].i_p2_pop_slice/hsim_total_q_reg[3]_i_2/O[1] load_cells=1 lanes=2 cross_multiple_lanes=0
  gen_lane[2].i_p2_pop_slice/in147[2] fanout=1 driver=gen_lane[2].i_p2_pop_slice/hsim_total_q_reg[3]_i_2/O[2] load_cells=1 lanes=2 cross_multiple_lanes=0
  gen_lane[2].i_p2_pop_slice/in147[3] fanout=1 driver=gen_lane[2].i_p2_pop_slice/hsim_total_q_reg[3]_i_2/O[3] load_cells=1 lanes=2 cross_multiple_lanes=0
  gen_lane[2].i_p2_pop_slice/in147[4] fanout=1 driver=gen_lane[2].i_p2_pop_slice/hsim_total_q_reg[7]_i_2/O[0] load_cells=1 lanes=2 cross_multiple_lanes=0
  gen_lane[2].i_p2_pop_slice/in147[5] fanout=1 driver=gen_lane[2].i_p2_pop_slice/hsim_total_q_reg[7]_i_2/O[1] load_cells=1 lanes=2 cross_multiple_lanes=0
  gen_lane[2].i_p2_pop_slice/in147[6] fanout=1 driver=gen_lane[2].i_p2_pop_slice/hsim_total_q_reg[7]_i_2/O[2] load_cells=1 lanes=2 cross_multiple_lanes=0
  gen_lane[2].i_p2_pop_slice/in147[7] fanout=1 driver=gen_lane[2].i_p2_pop_slice/hsim_total_q_reg[7]_i_2/O[3] load_cells=1 lanes=2 cross_multiple_lanes=0
  gen_lane[2].i_p2_pop_slice/in147[8] fanout=1 driver=gen_lane[2].i_p2_pop_slice/hsim_total_q_reg[10]_i_5/O[0] load_cells=1 lanes=2 cross_multiple_lanes=0
  gen_lane[2].i_p2_pop_slice/in147[9] fanout=1 driver=gen_lane[2].i_p2_pop_slice/hsim_total_q_reg[10]_i_5/O[1] load_cells=1 lanes=2 cross_multiple_lanes=0
  gen_lane[2].i_p2_pop_slice/lane_popcnt_q[2][2] fanout=3 driver=gen_lane[2].i_p2_pop_slice/popcount_q_o_reg[2]/Q load_cells=3 lanes=2 cross_multiple_lanes=0
  gen_lane[2].i_p2_pop_slice/lane_popcnt_q[2][3] fanout=3 driver=gen_lane[2].i_p2_pop_slice/popcount_q_o_reg[3]/Q load_cells=3 lanes=2 cross_multiple_lanes=0
  gen_lane[2].i_p2_pop_slice/lane_popcnt_q[2][4] fanout=3 driver=gen_lane[2].i_p2_pop_slice/popcount_q_o_reg[4]/Q load_cells=3 lanes=2 cross_multiple_lanes=0
  gen_lane[2].i_p2_pop_slice/lane_result_q_reg[2][0] fanout=4 driver=gen_lane[3].i_p2_pop_slice/lane_result_q[3][63]_i_3/O load_cells=4 lanes=0,1,2,3 cross_multiple_lanes=1
  gen_lane[2].i_p2_pop_slice/lane_result_q_reg[2][0]_0 fanout=65 driver=i_vrf/lane_result_q[2][63]_i_3/O load_cells=65 lanes=2 cross_multiple_lanes=0
  gen_lane[2].i_p2_pop_slice/lane_result_q_reg[2][0]_1 fanout=65 driver=i_vrf/lane_result_q[2][63]_i_4/O load_cells=65 lanes=2 cross_multiple_lanes=0
  gen_lane[2].i_p2_pop_slice/op_q_reg[2] fanout=3 driver=gen_lane[2].i_p2_pop_slice/hmatch_best_dist_q[10]_i_5/O load_cells=3 lanes=2 cross_multiple_lanes=0
  gen_lane[2].i_p2_pop_slice/pop_d_i fanout=4 driver=gen_lane[3].i_p2_pop_slice/pop_q_i_1/O load_cells=4 lanes=0,1,2,3 cross_multiple_lanes=1
  gen_lane[2].i_p2_pop_slice/pop_q fanout=8 driver=gen_lane[2].i_p2_pop_slice/pop_q_reg/Q load_cells=8 lanes=2 cross_multiple_lanes=0
  gen_lane[2].i_p2_pop_slice/pop_q_reg_0 fanout=2160 driver=i_vrf/FSM_onehot_st_q[0]_i_3/O load_cells=2160 lanes=0,1,2,3 cross_multiple_lanes=1
  gen_lane[2].i_p2_pop_slice/popcount_q_o_reg[2]_0 fanout=3 driver=gen_lane[2].i_p2_pop_slice/hsim_total_q[3]_i_15/O load_cells=3 lanes=0,2 cross_multiple_lanes=1
  gen_lane[2].i_p2_pop_slice/popcount_q_o_reg[6]_0[0] fanout=2 driver=gen_lane[2].i_p2_pop_slice/popcount_q_o_reg[0]/Q load_cells=2 lanes=2,3 cross_multiple_lanes=1
  gen_lane[2].i_p2_pop_slice/popcount_q_o_reg[6]_0[1] fanout=4 driver=gen_lane[2].i_p2_pop_slice/popcount_q_o_reg[1]/Q load_cells=4 lanes=0,2,3 cross_multiple_lanes=1
  gen_lane[2].i_p2_pop_slice/popcount_q_o_reg[6]_0[2] fanout=4 driver=gen_lane[2].i_p2_pop_slice/popcount_q_o_reg[5]/Q load_cells=4 lanes=2,3 cross_multiple_lanes=1
  gen_lane[2].i_p2_pop_slice/popcount_q_o_reg[6]_0[3] fanout=2 driver=gen_lane[2].i_p2_pop_slice/popcount_q_o_reg[6]/Q load_cells=2 lanes=2,3 cross_multiple_lanes=1
  gen_lane[2].i_p2_pop_slice/popcount_q_o_reg[6]_1[0] fanout=1 driver=i_vrf/popcount_q_o[0]_i_1__1/O load_cells=1 lanes=2 cross_multiple_lanes=0
  gen_lane[2].i_p2_pop_slice/popcount_q_o_reg[6]_1[1] fanout=1 driver=i_vrf/popcount_q_o[1]_i_1__1/O load_cells=1 lanes=2 cross_multiple_lanes=0
  gen_lane[2].i_p2_pop_slice/popcount_q_o_reg[6]_1[2] fanout=1 driver=i_vrf/popcount_q_o[2]_i_1__1/O load_cells=1 lanes=2 cross_multiple_lanes=0
  gen_lane[2].i_p2_pop_slice/popcount_q_o_reg[6]_1[3] fanout=1 driver=i_vrf/popcount_q_o[3]_i_1__1/O load_cells=1 lanes=2 cross_multiple_lanes=0
  gen_lane[2].i_p2_pop_slice/popcount_q_o_reg[6]_1[4] fanout=1 driver=i_vrf/popcount_q_o[4]_i_1__1/O load_cells=1 lanes=2 cross_multiple_lanes=0
  gen_lane[2].i_p2_pop_slice/popcount_q_o_reg[6]_1[5] fanout=1 driver=i_vrf/popcount_q_o[5]_i_1__1/O load_cells=1 lanes=2 cross_multiple_lanes=0
  gen_lane[2].i_p2_pop_slice/popcount_q_o_reg[6]_1[6] fanout=1 driver=i_vrf/popcount_q_o[6]_i_1__1/O load_cells=1 lanes=2 cross_multiple_lanes=0
  gen_lane[2].i_p2_pop_slice/uop_p0_q[src0_addr][5]_i_15_n_0 fanout=1 driver=gen_lane[2].i_p2_pop_slice/uop_p0_q[src0_addr][5]_i_15/O load_cells=1 lanes=2 cross_multiple_lanes=0
  gen_lane[2].i_p2_pop_slice/uop_p0_q[src0_addr][5]_i_16_n_0 fanout=1 driver=gen_lane[2].i_p2_pop_slice/uop_p0_q[src0_addr][5]_i_16/O load_cells=1 lanes=2 cross_multiple_lanes=0
  gen_lane[2].i_p2_pop_slice/uop_p0_q[src0_addr][5]_i_17_n_0 fanout=1 driver=gen_lane[2].i_p2_pop_slice/uop_p0_q[src0_addr][5]_i_17/O load_cells=1 lanes=2 cross_multiple_lanes=0
  gen_lane[2].i_p2_pop_slice/uop_p0_q[src0_addr][5]_i_18_n_0 fanout=1 driver=gen_lane[2].i_p2_pop_slice/uop_p0_q[src0_addr][5]_i_18/O load_cells=1 lanes=2 cross_multiple_lanes=0
  gen_lane[2].i_p2_pop_slice/uop_p0_q[src0_addr][5]_i_19_n_0 fanout=1 driver=gen_lane[2].i_p2_pop_slice/uop_p0_q[src0_addr][5]_i_19/O load_cells=1 lanes=2 cross_multiple_lanes=0
  gen_lane[2].i_p2_pop_slice/uop_p0_q[src0_addr][5]_i_20_n_0 fanout=1 driver=gen_lane[2].i_p2_pop_slice/uop_p0_q[src0_addr][5]_i_20/O load_cells=1 lanes=2 cross_multiple_lanes=0
  gen_lane[2].i_p2_pop_slice/uop_p0_q[src0_addr][5]_i_21_n_0 fanout=1 driver=gen_lane[2].i_p2_pop_slice/uop_p0_q[src0_addr][5]_i_21/O load_cells=1 lanes=2 cross_multiple_lanes=0
  gen_lane[2].i_p2_pop_slice/uop_p0_q[src0_addr][5]_i_22_n_0 fanout=1 driver=gen_lane[2].i_p2_pop_slice/uop_p0_q[src0_addr][5]_i_22/O load_cells=1 lanes=2 cross_multiple_lanes=0
  gen_lane[2].i_p2_pop_slice/uop_p0_q[src0_addr][5]_i_23_n_0 fanout=1 driver=gen_lane[2].i_p2_pop_slice/uop_p0_q[src0_addr][5]_i_23/O load_cells=1 lanes=2 cross_multiple_lanes=0
  gen_lane[2].i_p2_pop_slice/uop_p0_q[src0_addr][5]_i_24_n_0 fanout=1 driver=gen_lane[2].i_p2_pop_slice/uop_p0_q[src0_addr][5]_i_24/O load_cells=1 lanes=2 cross_multiple_lanes=0
  gen_lane[2].i_p2_pop_slice/uop_p0_q[src0_addr][5]_i_25_n_0 fanout=1 driver=gen_lane[2].i_p2_pop_slice/uop_p0_q[src0_addr][5]_i_25/O load_cells=1 lanes=2 cross_multiple_lanes=0
  gen_lane[2].i_p2_pop_slice/uop_p0_q[src0_addr][5]_i_26_n_0 fanout=1 driver=gen_lane[2].i_p2_pop_slice/uop_p0_q[src0_addr][5]_i_26/O load_cells=1 lanes=2 cross_multiple_lanes=0
  gen_lane[2].i_p2_pop_slice/uop_p0_q[src0_addr][5]_i_27_n_0 fanout=1 driver=gen_lane[2].i_p2_pop_slice/uop_p0_q[src0_addr][5]_i_27/O load_cells=1 lanes=2 cross_multiple_lanes=0
  gen_lane[2].i_p2_pop_slice/uop_p0_q[src0_addr][5]_i_28_n_0 fanout=1 driver=gen_lane[2].i_p2_pop_slice/uop_p0_q[src0_addr][5]_i_28/O load_cells=1 lanes=2 cross_multiple_lanes=0
  gen_lane[2].i_p2_pop_slice/uop_p0_q[src0_addr][5]_i_9_n_0 fanout=1 driver=gen_lane[2].i_p2_pop_slice/uop_p0_q[src0_addr][5]_i_9/O load_cells=1 lanes=2 cross_multiple_lanes=0
  gen_lane[2].i_p2_pop_slice/uop_p0_q_reg[src0_addr][5]_i_12_n_7 fanout=1 driver=gen_lane[2].i_p2_pop_slice/uop_p0_q_reg[src0_addr][5]_i_12/O[0] load_cells=1 lanes=2 cross_multiple_lanes=0
  gen_lane[2].i_p2_pop_slice/uop_p0_q_reg[src0_addr][5]_i_13_n_0 fanout=1 driver=gen_lane[2].i_p2_pop_slice/uop_p0_q_reg[src0_addr][5]_i_13/CO[3] load_cells=1 lanes=2 cross_multiple_lanes=0
  gen_lane[2].i_p2_pop_slice/uop_p0_q_reg[src0_addr][5]_i_13_n_1 fanout=0 driver=gen_lane[2].i_p2_pop_slice/uop_p0_q_reg[src0_addr][5]_i_13/CO[2] load_cells=0 lanes= cross_multiple_lanes=0
  gen_lane[2].i_p2_pop_slice/uop_p0_q_reg[src0_addr][5]_i_13_n_2 fanout=0 driver=gen_lane[2].i_p2_pop_slice/uop_p0_q_reg[src0_addr][5]_i_13/CO[1] load_cells=0 lanes= cross_multiple_lanes=0
  gen_lane[2].i_p2_pop_slice/uop_p0_q_reg[src0_addr][5]_i_13_n_3 fanout=0 driver=gen_lane[2].i_p2_pop_slice/uop_p0_q_reg[src0_addr][5]_i_13/CO[0] load_cells=0 lanes= cross_multiple_lanes=0
  gen_lane[2].i_p2_pop_slice/uop_p0_q_reg[src0_addr][5]_i_13_n_4 fanout=1 driver=gen_lane[2].i_p2_pop_slice/uop_p0_q_reg[src0_addr][5]_i_13/O[3] load_cells=1 lanes=2 cross_multiple_lanes=0
  gen_lane[2].i_p2_pop_slice/uop_p0_q_reg[src0_addr][5]_i_13_n_5 fanout=1 driver=gen_lane[2].i_p2_pop_slice/uop_p0_q_reg[src0_addr][5]_i_13/O[2] load_cells=1 lanes=2 cross_multiple_lanes=0
  gen_lane[2].i_p2_pop_slice/uop_p0_q_reg[src0_addr][5]_i_13_n_6 fanout=1 driver=gen_lane[2].i_p2_pop_slice/uop_p0_q_reg[src0_addr][5]_i_13/O[1] load_cells=1 lanes=2 cross_multiple_lanes=0
  gen_lane[2].i_p2_pop_slice/uop_p0_q_reg[src0_addr][5]_i_13_n_7 fanout=1 driver=gen_lane[2].i_p2_pop_slice/uop_p0_q_reg[src0_addr][5]_i_13/O[0] load_cells=1 lanes=2 cross_multiple_lanes=0
  gen_lane[2].i_p2_pop_slice/uop_p0_q_reg[src0_addr][5]_i_14_n_0 fanout=1 driver=gen_lane[2].i_p2_pop_slice/uop_p0_q_reg[src0_addr][5]_i_14/CO[3] load_cells=1 lanes=2 cross_multiple_lanes=0
  gen_lane[2].i_p2_pop_slice/uop_p0_q_reg[src0_addr][5]_i_14_n_1 fanout=0 driver=gen_lane[2].i_p2_pop_slice/uop_p0_q_reg[src0_addr][5]_i_14/CO[2] load_cells=0 lanes= cross_multiple_lanes=0
  gen_lane[2].i_p2_pop_slice/uop_p0_q_reg[src0_addr][5]_i_14_n_2 fanout=0 driver=gen_lane[2].i_p2_pop_slice/uop_p0_q_reg[src0_addr][5]_i_14/CO[1] load_cells=0 lanes= cross_multiple_lanes=0
  gen_lane[2].i_p2_pop_slice/uop_p0_q_reg[src0_addr][5]_i_14_n_3 fanout=0 driver=gen_lane[2].i_p2_pop_slice/uop_p0_q_reg[src0_addr][5]_i_14/CO[0] load_cells=0 lanes= cross_multiple_lanes=0
  gen_lane[2].i_p2_pop_slice/uop_p0_q_reg[src0_addr][5]_i_14_n_4 fanout=1 driver=gen_lane[2].i_p2_pop_slice/uop_p0_q_reg[src0_addr][5]_i_14/O[3] load_cells=1 lanes=2 cross_multiple_lanes=0
  gen_lane[2].i_p2_pop_slice/uop_p3_q_reg[chunk_idx][1] fanout=1 driver=gen_lane[2].i_p2_pop_slice/hmatch_update_q_i_1/O load_cells=1 lanes= cross_multiple_lanes=0
  gen_lane[2].i_p2_pop_slice/uop_p3_q_reg[class_idx][6][0] fanout=13 driver=gen_lane[2].i_p2_pop_slice/hmatch_best_dist_q[10]_i_1/O load_cells=13 lanes=2 cross_multiple_lanes=0
  gen_lane[2].i_p2_pop_slice/uop_p3_q_reg[class_idx][6]_0 fanout=2 driver=gen_lane[2].i_p2_pop_slice/hmatch_best_dist_q[10]_i_3/O load_cells=2 lanes=2 cross_multiple_lanes=0
  gen_lane[2].i_p2_pop_slice/xor_d_i fanout=4 driver=gen_lane[3].i_p2_pop_slice/xor_q_i_1/O load_cells=4 lanes=0,1,2,3 cross_multiple_lanes=1
  gen_lane[2].i_p2_pop_slice/xor_q fanout=1 driver=gen_lane[2].i_p2_pop_slice/xor_q_reg/Q load_cells=1 lanes=2 cross_multiple_lanes=0
  gen_lane[2].i_p2_pop_slice_n_0 fanout=64 driver=gen_lane[2].i_p2_pop_slice/lane_result_q[2][63]_i_1/O load_cells=64 lanes= cross_multiple_lanes=0
  gen_lane[2].i_p2_pop_slice_n_1 fanout=13 driver=gen_lane[2].i_p2_pop_slice/hmatch_best_dist_q[10]_i_1/O load_cells=13 lanes=2 cross_multiple_lanes=0
  gen_lane[2].i_p2_pop_slice_n_10 fanout=1 driver=gen_lane[2].i_p2_pop_slice/hmatch_budget_q[7]_i_1/O load_cells=1 lanes= cross_multiple_lanes=0
  gen_lane[2].i_p2_pop_slice_n_11 fanout=1 driver=gen_lane[2].i_p2_pop_slice/hmatch_budget_q[6]_i_1/O load_cells=1 lanes= cross_multiple_lanes=0
  gen_lane[2].i_p2_pop_slice_n_12 fanout=1 driver=gen_lane[2].i_p2_pop_slice/hmatch_budget_q[5]_i_1/O load_cells=1 lanes= cross_multiple_lanes=0
  gen_lane[2].i_p2_pop_slice_n_13 fanout=1 driver=gen_lane[2].i_p2_pop_slice/hmatch_budget_q[4]_i_1/O load_cells=1 lanes= cross_multiple_lanes=0
  gen_lane[2].i_p2_pop_slice_n_14 fanout=1 driver=gen_lane[2].i_p2_pop_slice/hmatch_budget_q[3]_i_1/O load_cells=1 lanes= cross_multiple_lanes=0
  gen_lane[2].i_p2_pop_slice_n_15 fanout=1 driver=gen_lane[2].i_p2_pop_slice/hmatch_budget_q[2]_i_1/O load_cells=1 lanes= cross_multiple_lanes=0
  gen_lane[2].i_p2_pop_slice_n_16 fanout=1 driver=gen_lane[2].i_p2_pop_slice/hmatch_budget_q[1]_i_1/O load_cells=1 lanes= cross_multiple_lanes=0
  gen_lane[2].i_p2_pop_slice_n_17 fanout=1 driver=gen_lane[2].i_p2_pop_slice/hmatch_budget_q[0]_i_1/O load_cells=1 lanes= cross_multiple_lanes=0
  gen_lane[2].i_p2_pop_slice_n_18 fanout=2 driver=gen_lane[2].i_p2_pop_slice/uop_p0_q[is_last_class]_i_2/O load_cells=2 lanes=2 cross_multiple_lanes=0
  gen_lane[2].i_p2_pop_slice_n_2 fanout=2 driver=gen_lane[2].i_p2_pop_slice/hmatch_best_dist_q[10]_i_3/O load_cells=2 lanes=2 cross_multiple_lanes=0
  gen_lane[2].i_p2_pop_slice_n_23 fanout=3 driver=gen_lane[2].i_p2_pop_slice/hsim_total_q[3]_i_15/O load_cells=3 lanes=0,2 cross_multiple_lanes=1
  gen_lane[2].i_p2_pop_slice_n_24 fanout=9 driver=gen_lane[2].i_p2_pop_slice/hsim_total_q[10]_i_4/O load_cells=9 lanes=2 cross_multiple_lanes=0
  gen_lane[2].i_p2_pop_slice_n_25 fanout=1 driver=gen_lane[2].i_p2_pop_slice/hsim_total_q[10]_i_2/O load_cells=1 lanes= cross_multiple_lanes=0
  gen_lane[2].i_p2_pop_slice_n_26 fanout=1 driver=gen_lane[2].i_p2_pop_slice/hsim_total_q[9]_i_1/O load_cells=1 lanes= cross_multiple_lanes=0
  gen_lane[2].i_p2_pop_slice_n_27 fanout=1 driver=gen_lane[2].i_p2_pop_slice/hsim_total_q[8]_i_1/O load_cells=1 lanes= cross_multiple_lanes=0
  gen_lane[2].i_p2_pop_slice_n_28 fanout=1 driver=gen_lane[2].i_p2_pop_slice/hsim_total_q[7]_i_1/O load_cells=1 lanes= cross_multiple_lanes=0
  gen_lane[2].i_p2_pop_slice_n_29 fanout=1 driver=gen_lane[2].i_p2_pop_slice/hsim_total_q[6]_i_1/O load_cells=1 lanes= cross_multiple_lanes=0
  gen_lane[2].i_p2_pop_slice_n_3 fanout=2 driver=gen_lane[2].i_p2_pop_slice/hmatch_best_dist_q[10]_i_4/O load_cells=2 lanes=2 cross_multiple_lanes=0
  gen_lane[2].i_p2_pop_slice_n_30 fanout=1 driver=gen_lane[2].i_p2_pop_slice/hsim_total_q[5]_i_1/O load_cells=1 lanes= cross_multiple_lanes=0
  gen_lane[2].i_p2_pop_slice_n_31 fanout=1 driver=gen_lane[2].i_p2_pop_slice/hsim_total_q[4]_i_1/O load_cells=1 lanes= cross_multiple_lanes=0
  gen_lane[2].i_p2_pop_slice_n_32 fanout=1 driver=gen_lane[2].i_p2_pop_slice/hsim_total_q[3]_i_1/O load_cells=1 lanes= cross_multiple_lanes=0
  gen_lane[2].i_p2_pop_slice_n_33 fanout=1 driver=gen_lane[2].i_p2_pop_slice/hsim_total_q[2]_i_1/O load_cells=1 lanes= cross_multiple_lanes=0
  gen_lane[2].i_p2_pop_slice_n_34 fanout=1 driver=gen_lane[2].i_p2_pop_slice/hsim_total_q[1]_i_1/O load_cells=1 lanes= cross_multiple_lanes=0
  gen_lane[2].i_p2_pop_slice_n_35 fanout=1 driver=gen_lane[2].i_p2_pop_slice/hsim_total_q[0]_i_1/O load_cells=1 lanes= cross_multiple_lanes=0
  gen_lane[2].i_p2_pop_slice_n_36 fanout=1 driver=gen_lane[2].i_p2_pop_slice/hmatch_update_q_i_1/O load_cells=1 lanes= cross_multiple_lanes=0
  gen_lane[2].i_p2_pop_slice_n_4 fanout=4 driver=gen_lane[2].i_p2_pop_slice/uop_p0_q[src0_addr][3]_i_2/O load_cells=4 lanes=2 cross_multiple_lanes=0
  gen_lane[2].i_p2_pop_slice_n_5 fanout=20 driver=gen_lane[2].i_p2_pop_slice/uop_p0_q[src0_addr][5]_i_6/O load_cells=20 lanes=2 cross_multiple_lanes=0
  gen_lane[2].i_p2_pop_slice_n_6 fanout=3 driver=gen_lane[2].i_p2_pop_slice/hmatch_best_dist_q[10]_i_5/O load_cells=3 lanes=2 cross_multiple_lanes=0
  gen_lane[2].i_p2_pop_slice_n_7 fanout=1 driver=gen_lane[2].i_p2_pop_slice/hmatch_budget_q[10]_i_2/O load_cells=1 lanes= cross_multiple_lanes=0
  gen_lane[2].i_p2_pop_slice_n_8 fanout=1 driver=gen_lane[2].i_p2_pop_slice/hmatch_budget_q[9]_i_1/O load_cells=1 lanes= cross_multiple_lanes=0
  gen_lane[2].i_p2_pop_slice_n_9 fanout=1 driver=gen_lane[2].i_p2_pop_slice/hmatch_budget_q[8]_i_1/O load_cells=1 lanes= cross_multiple_lanes=0
  gen_lane[3].i_p2_pop_slice/<const1> fanout=2 driver=gen_lane[3].i_p2_pop_slice/VCC/P load_cells=2 lanes=3 cross_multiple_lanes=0
  gen_lane[3].i_p2_pop_slice/DI[0] fanout=2 driver=gen_lane[3].i_p2_pop_slice/hsim_total_q[3]_i_10/O load_cells=2 lanes=2,3 cross_multiple_lanes=1
  gen_lane[3].i_p2_pop_slice/D[0] fanout=1 driver=i_vrf/popcount_q_o[0]_i_1__2/O load_cells=1 lanes=3 cross_multiple_lanes=0
  gen_lane[3].i_p2_pop_slice/D[1] fanout=1 driver=i_vrf/popcount_q_o[1]_i_1__2/O load_cells=1 lanes=3 cross_multiple_lanes=0
  gen_lane[3].i_p2_pop_slice/D[2] fanout=1 driver=i_vrf/popcount_q_o[2]_i_1__2/O load_cells=1 lanes=3 cross_multiple_lanes=0
  gen_lane[3].i_p2_pop_slice/D[3] fanout=1 driver=i_vrf/popcount_q_o[3]_i_1__2/O load_cells=1 lanes=3 cross_multiple_lanes=0
  gen_lane[3].i_p2_pop_slice/D[4] fanout=1 driver=i_vrf/popcount_q_o[4]_i_1__2/O load_cells=1 lanes=3 cross_multiple_lanes=0
  gen_lane[3].i_p2_pop_slice/D[5] fanout=1 driver=i_vrf/popcount_q_o[5]_i_1__2/O load_cells=1 lanes=3 cross_multiple_lanes=0
  gen_lane[3].i_p2_pop_slice/D[6] fanout=1 driver=i_vrf/popcount_q_o[6]_i_1__2/O load_cells=1 lanes=3 cross_multiple_lanes=0
  gen_lane[3].i_p2_pop_slice/E[0] fanout=64 driver=gen_lane[3].i_p2_pop_slice/lane_result_q[3][63]_i_1/O load_cells=64 lanes= cross_multiple_lanes=0
  gen_lane[3].i_p2_pop_slice/Q[0] fanout=89 driver=FSM_onehot_st_q_reg[6]/Q load_cells=89 lanes=0,1,2,3 cross_multiple_lanes=1
  gen_lane[3].i_p2_pop_slice/S[0] fanout=1 driver=gen_lane[3].i_p2_pop_slice/hsim_total_q[3]_i_13/O load_cells=1 lanes=2 cross_multiple_lanes=0
  gen_lane[3].i_p2_pop_slice/clk_i fanout=2848 driver= load_cells=2848 lanes=0,1,2,3 cross_multiple_lanes=1
  gen_lane[3].i_p2_pop_slice/hsim_total_q[7]_i_13[0] fanout=2 driver=gen_lane[2].i_p2_pop_slice/popcount_q_o_reg[0]/Q load_cells=2 lanes=2,3 cross_multiple_lanes=1
  gen_lane[3].i_p2_pop_slice/hsim_total_q[7]_i_13[1] fanout=4 driver=gen_lane[2].i_p2_pop_slice/popcount_q_o_reg[1]/Q load_cells=4 lanes=0,2,3 cross_multiple_lanes=1
  gen_lane[3].i_p2_pop_slice/hsim_total_q[7]_i_13[2] fanout=4 driver=gen_lane[2].i_p2_pop_slice/popcount_q_o_reg[5]/Q load_cells=4 lanes=2,3 cross_multiple_lanes=1
  gen_lane[3].i_p2_pop_slice/hsim_total_q[7]_i_13[3] fanout=2 driver=gen_lane[2].i_p2_pop_slice/popcount_q_o_reg[6]/Q load_cells=2 lanes=2,3 cross_multiple_lanes=1
  gen_lane[3].i_p2_pop_slice/hsim_total_q[7]_i_13_0[0] fanout=2 driver=gen_lane[1].i_p2_pop_slice/popcount_q_o_reg[0]/Q load_cells=2 lanes=2,3 cross_multiple_lanes=1
  gen_lane[3].i_p2_pop_slice/hsim_total_q[7]_i_13_0[1] fanout=4 driver=gen_lane[1].i_p2_pop_slice/popcount_q_o_reg[1]/Q load_cells=4 lanes=0,2,3 cross_multiple_lanes=1
  gen_lane[3].i_p2_pop_slice/hsim_total_q[7]_i_13_0[2] fanout=4 driver=gen_lane[1].i_p2_pop_slice/popcount_q_o_reg[5]/Q load_cells=4 lanes=2,3 cross_multiple_lanes=1
  gen_lane[3].i_p2_pop_slice/hsim_total_q[7]_i_13_0[3] fanout=2 driver=gen_lane[1].i_p2_pop_slice/popcount_q_o_reg[6]/Q load_cells=2 lanes=2,3 cross_multiple_lanes=1
  gen_lane[3].i_p2_pop_slice/hsim_total_q_reg[7]_i_7[0] fanout=2 driver=gen_lane[0].i_p2_pop_slice/popcount_q_o_reg[1]/Q load_cells=2 lanes=0,3 cross_multiple_lanes=1
  gen_lane[3].i_p2_pop_slice/hsim_total_q_reg[7]_i_7[1] fanout=3 driver=gen_lane[0].i_p2_pop_slice/popcount_q_o_reg[6]/Q load_cells=3 lanes=2,3 cross_multiple_lanes=1
  gen_lane[3].i_p2_pop_slice/lane_result_q_reg[3][0] fanout=65 driver=i_vrf/lane_result_q[3][63]_i_4/O load_cells=65 lanes=3 cross_multiple_lanes=0
  gen_lane[3].i_p2_pop_slice/lane_result_q_reg[3][0]_0 fanout=65 driver=i_vrf/lane_result_q[3][63]_i_5/O load_cells=65 lanes=3 cross_multiple_lanes=0
  gen_lane[3].i_p2_pop_slice/pop_d_i fanout=4 driver=gen_lane[3].i_p2_pop_slice/pop_q_i_1/O load_cells=4 lanes=0,1,2,3 cross_multiple_lanes=1
  gen_lane[3].i_p2_pop_slice/pop_q fanout=8 driver=gen_lane[3].i_p2_pop_slice/pop_q_reg/Q load_cells=8 lanes=3 cross_multiple_lanes=0
  gen_lane[3].i_p2_pop_slice/pop_q_reg_0 fanout=2160 driver=i_vrf/FSM_onehot_st_q[0]_i_3/O load_cells=2160 lanes=0,1,2,3 cross_multiple_lanes=1
  gen_lane[3].i_p2_pop_slice/pop_q_reg_1[0] fanout=5 driver=uop_p1_q_reg[op_type][0]/Q load_cells=5 lanes=3 cross_multiple_lanes=0
  gen_lane[3].i_p2_pop_slice/pop_q_reg_1[1] fanout=6 driver=uop_p1_q_reg[op_type][1]/Q load_cells=6 lanes=3 cross_multiple_lanes=0
  gen_lane[3].i_p2_pop_slice/pop_q_reg_1[2] fanout=6 driver=uop_p1_q_reg[op_type][2]/Q load_cells=6 lanes=3 cross_multiple_lanes=0
  gen_lane[3].i_p2_pop_slice/popcount_q_o_reg[6]_0[0] fanout=1 driver=gen_lane[3].i_p2_pop_slice/hsim_total_q[7]_i_8/O load_cells=1 lanes=2 cross_multiple_lanes=0
  gen_lane[3].i_p2_pop_slice/popcount_q_o_reg[6]_1 fanout=2 driver=gen_lane[3].i_p2_pop_slice/hsim_total_q[7]_i_16/O load_cells=2 lanes=2,3 cross_multiple_lanes=1
  gen_lane[3].i_p2_pop_slice/popcount_q_o_reg[6]_2[0] fanout=2 driver=gen_lane[3].i_p2_pop_slice/popcount_q_o_reg[0]/Q load_cells=2 lanes=2,3 cross_multiple_lanes=1
  gen_lane[3].i_p2_pop_slice/popcount_q_o_reg[6]_2[1] fanout=4 driver=gen_lane[3].i_p2_pop_slice/popcount_q_o_reg[1]/Q load_cells=4 lanes=0,2,3 cross_multiple_lanes=1
  gen_lane[3].i_p2_pop_slice/popcount_q_o_reg[6]_2[2] fanout=3 driver=gen_lane[3].i_p2_pop_slice/popcount_q_o_reg[2]/Q load_cells=3 lanes=2 cross_multiple_lanes=0
  gen_lane[3].i_p2_pop_slice/popcount_q_o_reg[6]_2[3] fanout=3 driver=gen_lane[3].i_p2_pop_slice/popcount_q_o_reg[3]/Q load_cells=3 lanes=2 cross_multiple_lanes=0
  gen_lane[3].i_p2_pop_slice/popcount_q_o_reg[6]_2[4] fanout=3 driver=gen_lane[3].i_p2_pop_slice/popcount_q_o_reg[4]/Q load_cells=3 lanes=2 cross_multiple_lanes=0
  gen_lane[3].i_p2_pop_slice/popcount_q_o_reg[6]_2[5] fanout=4 driver=gen_lane[3].i_p2_pop_slice/popcount_q_o_reg[5]/Q load_cells=4 lanes=2,3 cross_multiple_lanes=1
  gen_lane[3].i_p2_pop_slice/popcount_q_o_reg[6]_2[6] fanout=2 driver=gen_lane[3].i_p2_pop_slice/popcount_q_o_reg[6]/Q load_cells=2 lanes=2,3 cross_multiple_lanes=1
  gen_lane[3].i_p2_pop_slice/uop_p1_q_reg[valid]__0 fanout=4 driver=uop_p1_q_reg[valid]/Q load_cells=4 lanes=3 cross_multiple_lanes=0
  gen_lane[3].i_p2_pop_slice/uop_p2_q_reg[use_clip] fanout=4 driver=gen_lane[3].i_p2_pop_slice/lane_result_q[3][63]_i_3/O load_cells=4 lanes=0,1,2,3 cross_multiple_lanes=1
  gen_lane[3].i_p2_pop_slice/uop_p2_q_reg[use_clip]__0 fanout=4 driver=uop_p2_q_reg[use_clip]/Q load_cells=4 lanes=3 cross_multiple_lanes=0
  gen_lane[3].i_p2_pop_slice/uop_p2_q_reg[valid]__0 fanout=11 driver=uop_p2_q_reg[valid]/Q load_cells=11 lanes=3 cross_multiple_lanes=0
  gen_lane[3].i_p2_pop_slice/xor_d_i fanout=4 driver=gen_lane[3].i_p2_pop_slice/xor_q_i_1/O load_cells=4 lanes=0,1,2,3 cross_multiple_lanes=1
  gen_lane[3].i_p2_pop_slice/xor_q fanout=1 driver=gen_lane[3].i_p2_pop_slice/xor_q_reg/Q load_cells=1 lanes=3 cross_multiple_lanes=0
  gen_lane[3].i_p2_pop_slice_n_13 fanout=1 driver=gen_lane[3].i_p2_pop_slice/hsim_total_q[3]_i_13/O load_cells=1 lanes=2 cross_multiple_lanes=0
  gen_lane[3].i_p2_pop_slice_n_14 fanout=2 driver=gen_lane[3].i_p2_pop_slice/hsim_total_q[3]_i_10/O load_cells=2 lanes=2,3 cross_multiple_lanes=1
  gen_lane[3].i_p2_pop_slice_n_3 fanout=4 driver=gen_lane[3].i_p2_pop_slice/lane_result_q[3][63]_i_3/O load_cells=4 lanes=0,1,2,3 cross_multiple_lanes=1
  gen_lane[3].i_p2_pop_slice_n_4 fanout=1 driver=gen_lane[3].i_p2_pop_slice/hsim_total_q[7]_i_8/O load_cells=1 lanes=2 cross_multiple_lanes=0
  gen_lane[3].i_p2_pop_slice_n_5 fanout=2 driver=gen_lane[3].i_p2_pop_slice/hsim_total_q[7]_i_16/O load_cells=2 lanes=2,3 cross_multiple_lanes=1

